## SLURM PROLOG ###############################################################
##    Job ID : 4093803
##  Job Name : 20260718_1833_ablation_horse_circle_full
##  Nodelist : gpu2506
##      CPUs : 
##  Mem/Node : 128000 MB
## Directory : /oscar/home/cjmok/automated-perspective-sculptor
##   Job Started : Sat Jul 18 06:33:14 PM EDT 2026
###############################################################################
[Swept volume] building (resolution=256)...
[Run] mode=full, trials=3, seeds=[0, 1, 2], steps=2000, srd=True, ablation_flags={'disable_swept_volume_adds': False, 'loss_only_deletion': False, 'disable_splitting': False}
[Trial 1/3] seed=0
[Patch] mapbox-earcut is not installed; falling back to fan fill, so non-convex pieces will render incorrectly. Install it with: pip install mapbox-earcut
[SRD rewrite] added patch=20, position=(0.704, 0.339, 0.537), improvement=0.032491
[SRD rewrite] added patch=21, position=(0.554, 0.303, 1.017), improvement=0.032391
[SRD rewrite] added patch=22, position=(-0.851, 0.066, -0.096), improvement=0.031858
SRD step 50: evaluated 27 candidates, 27 promising, accepted 3
  Accepted AddPatch at patch 20, improvement=0.032491
  Accepted AddPatch at patch 21, improvement=0.032391
  Accepted AddPatch at patch 22, improvement=0.031858
  Total patches: 23, total adds: 3, total deletes: 0
  step 50/2000: loss=0.676119, patches=20
[SRD rewrite] added patch=23, position=(0.215, 0.080, -1.457), improvement=0.017245
[SRD rewrite] added patch=24, position=(0.821, 0.925, -0.969), improvement=0.017162
[SRD rewrite] added patch=25, position=(-0.670, 0.349, 0.570), improvement=0.017136
SRD step 100: evaluated 27 candidates, 21 promising, accepted 3
  Accepted AddPatch at patch 23, improvement=0.017245
  Accepted AddPatch at patch 24, improvement=0.017162
  Accepted AddPatch at patch 25, improvement=0.017136
  Total patches: 26, total adds: 6, total deletes: 0
  step 100/2000: loss=0.449793, patches=23
[SRD rewrite] deleted patch=24, position=(0.841, 0.900, -0.924), reason=Area 0.002727 below minimum 0.01
[SRD rewrite] deleted patch=23, position=(0.233, 0.120, -1.444), reason=Area 0.001823 below minimum 0.01
[SRD rewrite] deleted patch=21, position=(0.764, 0.522, 0.888), reason=Area 0.002736 below minimum 0.01
[SRD rewrite] deleted patch=4, position=(-2.084, -0.292, -1.492), reason=delete has no image effect
[SRD rewrite] added patch=22, position=(1.212, 0.342, -1.243), improvement=0.005557
[SRD rewrite] added patch=23, position=(-1.581, 0.360, -1.781), improvement=0.004913
[SRD rewrite] restored patch=24, position=(-2.084, -0.292, -1.492), improvement=0.004824
SRD step 150: evaluated 27 candidates, 26 promising, accepted 7
  Accepted AddPatch at patch 22, improvement=0.005557
  Accepted AddPatch at patch 23, improvement=0.004913
  Accepted RestorePatch(3) at patch 24, improvement=0.004824
  Mandatory DeletePatch(21) at patch 21, reason=Area 0.002736 below minimum 0.01
  Mandatory DeletePatch(23) at patch 23, reason=Area 0.001823 below minimum 0.01
  Mandatory DeletePatch(24) at patch 24, reason=Area 0.002727 below minimum 0.01
  Mandatory DeletePatch(4) at patch 4, reason=delete has no image effect
  Total patches: 25, total adds: 9, total deletes: 4
  step 150/2000: loss=0.353381, patches=26
[SRD rewrite] deleted patch=23, position=(-1.649, 0.419, -1.703), reason=Area 0.003315 below minimum 0.01
[SRD rewrite] deleted patch=23, position=(-1.989, -0.196, -1.615), reason=delete has no image effect
[SRD rewrite] deleted patch=2, position=(0.493, -0.269, -1.336), reason=delete has no image effect
[SRD rewrite] added patch=22, position=(1.204, -0.151, 0.250), improvement=0.003168
[SRD rewrite] added patch=23, position=(-0.195, 0.312, 0.790), improvement=0.002960
SRD step 200: evaluated 27 candidates, 24 promising, accepted 6
  Accepted AddPatch at patch 22, improvement=0.003168
  Accepted AddPatch at patch 23, improvement=0.002960
  Accepted SplitPatch(15) at patch 15, improvement=0.002573
  Mandatory DeletePatch(23) at patch 23, reason=Area 0.003315 below minimum 0.01
  Mandatory DeletePatch(2) at patch 2, reason=delete has no image effect
  Mandatory DeletePatch(23) at patch 23, reason=delete has no image effect
  Total patches: 24, total adds: 11, total deletes: 7
  step 200/2000: loss=0.310213, patches=25
[SRD rewrite] deleted patch=23, position=(-0.342, 0.454, 0.751), reason=Area 0.000395 below minimum 0.01
[SRD rewrite] deleted patch=19, position=(-0.805, 0.527, -0.242), reason=Area 0.000793 below minimum 0.01
[SRD rewrite] deleted patch=14, position=(-1.302, 0.041, -1.706), reason=delete has no image effect
[SRD rewrite] added patch=21, position=(1.597, 1.146, 0.219), improvement=0.003208
[SRD rewrite] added patch=22, position=(0.855, 0.367, -1.277), improvement=0.002851
[SRD rewrite] added patch=23, position=(1.524, 0.970, 0.776), improvement=0.002779
SRD step 250: evaluated 27 candidates, 27 promising, accepted 6
  Accepted AddPatch at patch 21, improvement=0.003208
  Accepted AddPatch at patch 22, improvement=0.002851
  Accepted AddPatch at patch 23, improvement=0.002779
  Mandatory DeletePatch(19) at patch 19, reason=Area 0.000793 below minimum 0.01
  Mandatory DeletePatch(23) at patch 23, reason=Area 0.000395 below minimum 0.01
  Mandatory DeletePatch(14) at patch 14, reason=delete has no image effect
  Total patches: 24, total adds: 14, total deletes: 10
  step 250/2000: loss=0.278501, patches=24
[SRD rewrite] deleted patch=22, position=(0.783, 0.401, -1.229), reason=Area 0.009716 below minimum 0.01
[SRD rewrite] deleted patch=17, position=(1.057, 0.618, 0.772), reason=Area 0.009109 below minimum 0.01
[SRD rewrite] added patch=22, position=(1.720, 1.031, 0.415), improvement=0.000438
[SRD rewrite] added patch=23, position=(-2.495, 0.450, -1.969), improvement=0.000343
[SRD rewrite] added patch=24, position=(0.531, 0.281, -1.423), improvement=0.000049
SRD step 300: evaluated 27 candidates, 3 promising, accepted 5
  Accepted AddPatch at patch 22, improvement=0.000438
  Accepted AddPatch at patch 23, improvement=0.000343
  Accepted AddPatch at patch 24, improvement=0.000049
  Mandatory DeletePatch(17) at patch 17, reason=Area 0.009109 below minimum 0.01
  Mandatory DeletePatch(22) at patch 22, reason=Area 0.009716 below minimum 0.01
  Total patches: 25, total adds: 17, total deletes: 12
  step 300/2000: loss=0.250968, patches=24
[SRD rewrite] deleted patch=24, position=(0.531, 0.281, -1.423), reason=Area 0.009291 below minimum 0.01
[SRD rewrite] added patch=24, position=(-0.698, -0.383, 1.250), improvement=0.000290
[SRD rewrite] added patch=25, position=(-1.701, 0.326, -1.692), improvement=0.000198
SRD step 350: evaluated 27 candidates, 2 promising, accepted 3
  Accepted AddPatch at patch 24, improvement=0.000290
  Accepted AddPatch at patch 25, improvement=0.000198
  Mandatory DeletePatch(24) at patch 24, reason=Area 0.009291 below minimum 0.01
  Total patches: 26, total adds: 19, total deletes: 13
  step 350/2000: loss=0.229365, patches=25
[SRD rewrite] deleted patch=25, position=(-1.687, 0.330, -1.685), reason=Area 0.001079 below minimum 0.01
[SRD rewrite] added patch=25, position=(-0.571, -1.479, -0.361), improvement=0.001975
[SRD rewrite] added patch=26, position=(-1.407, -0.264, -1.337), improvement=0.001451
[SRD rewrite] added patch=27, position=(-1.714, 0.160, 1.006), improvement=0.001413
SRD step 400: evaluated 27 candidates, 27 promising, accepted 4
  Accepted AddPatch at patch 25, improvement=0.001975
  Accepted AddPatch at patch 26, improvement=0.001451
  Accepted AddPatch at patch 27, improvement=0.001413
  Mandatory DeletePatch(25) at patch 25, reason=Area 0.001079 below minimum 0.01
  Total patches: 28, total adds: 22, total deletes: 14
  step 400/2000: loss=0.203423, patches=26
[SRD rewrite] deleted patch=27, position=(-1.675, 0.205, 1.096), reason=Area 0.008558 below minimum 0.01
[SRD rewrite] deleted patch=26, position=(-1.475, -0.316, -1.460), reason=Area 0.000222 below minimum 0.01
SRD step 450: evaluated 27 candidates, 0 promising, accepted 2
  Mandatory DeletePatch(26) at patch 26, reason=Area 0.000222 below minimum 0.01
  Mandatory DeletePatch(27) at patch 27, reason=Area 0.008558 below minimum 0.01
  Total patches: 26, total adds: 22, total deletes: 16
  step 450/2000: loss=0.177841, patches=28
SRD step 500: evaluated 27 candidates, 0 promising, accepted 0
  Total patches: 26, total adds: 22, total deletes: 16
  step 500/2000: loss=0.172277, patches=26
[SRD rewrite] deleted patch=5, position=(0.821, 1.100, 0.853), reason=Area 0.005043 below minimum 0.01
SRD step 550: evaluated 27 candidates, 0 promising, accepted 1
  Mandatory DeletePatch(5) at patch 5, reason=Area 0.005043 below minimum 0.01
  Total patches: 25, total adds: 22, total deletes: 17
  step 550/2000: loss=0.157423, patches=26
[SRD rewrite] deleted patch=13, position=(-0.608, 0.814, -1.437), reason=Area 0.009980 below minimum 0.01
[SRD rewrite] added patch=24, position=(-0.743, -0.844, 1.198), improvement=0.002209
[SRD rewrite] added patch=25, position=(-1.022, -1.169, -1.271), improvement=0.001164
[SRD rewrite] restored patch=26, position=(0.821, 1.100, 0.853), improvement=0.000770
SRD step 600: evaluated 27 candidates, 23 promising, accepted 4
  Accepted AddPatch at patch 24, improvement=0.002209
  Accepted AddPatch at patch 25, improvement=0.001164
  Accepted RestorePatch(15) at patch 26, improvement=0.000770
  Mandatory DeletePatch(13) at patch 13, reason=Area 0.009980 below minimum 0.01
  Total patches: 27, total adds: 25, total deletes: 18
  step 600/2000: loss=0.148050, patches=25
[SRD rewrite] deleted patch=26, position=(0.898, 1.176, 0.775), reason=Area 0.001407 below minimum 0.01
SRD step 650: evaluated 27 candidates, 0 promising, accepted 1
  Mandatory DeletePatch(26) at patch 26, reason=Area 0.001407 below minimum 0.01
  Total patches: 26, total adds: 25, total deletes: 19
  step 650/2000: loss=0.132833, patches=27
[SRD rewrite] deleted patch=25, position=(-0.938, -1.180, -1.193), reason=Area 0.002476 below minimum 0.01
SRD step 700: evaluated 27 candidates, 0 promising, accepted 1
  Mandatory DeletePatch(25) at patch 25, reason=Area 0.002476 below minimum 0.01
  Total patches: 25, total adds: 25, total deletes: 20
  step 700/2000: loss=0.127111, patches=26
[SRD rewrite] added patch=25, position=(-1.969, 0.136, -0.126), improvement=0.000037
SRD step 750: evaluated 27 candidates, 1 promising, accepted 1
  Accepted AddPatch at patch 25, improvement=0.000037
  Total patches: 26, total adds: 26, total deletes: 20
  step 750/2000: loss=0.125377, patches=25
[SRD rewrite] deleted patch=25, position=(-1.969, 0.263, -0.267), reason=Area 0.006234 below minimum 0.01
[SRD rewrite] deleted patch=9, position=(2.449, 0.903, -0.170), reason=Area 0.006621 below minimum 0.01
SRD step 800: evaluated 27 candidates, 0 promising, accepted 2
  Mandatory DeletePatch(9) at patch 9, reason=Area 0.006621 below minimum 0.01
  Mandatory DeletePatch(25) at patch 25, reason=Area 0.006234 below minimum 0.01
  Total patches: 24, total adds: 26, total deletes: 22
  step 800/2000: loss=0.119664, patches=26
SRD step 850: evaluated 27 candidates, 0 promising, accepted 0
  Total patches: 24, total adds: 26, total deletes: 22
  step 850/2000: loss=0.118539, patches=24
SRD step 900: evaluated 27 candidates, 0 promising, accepted 0
  Total patches: 24, total adds: 26, total deletes: 22
  step 900/2000: loss=0.116327, patches=24
SRD step 950: evaluated 27 candidates, 0 promising, accepted 0
  Total patches: 24, total adds: 26, total deletes: 22
  step 950/2000: loss=0.118002, patches=24
SRD step 1000: evaluated 27 candidates, 0 promising, accepted 0
  Total patches: 24, total adds: 26, total deletes: 22
  step 1000/2000: loss=0.117216, patches=24
SRD step 1050: evaluated 27 candidates, 0 promising, accepted 0
  Total patches: 24, total adds: 26, total deletes: 22
  step 1050/2000: loss=0.115628, patches=24
SRD step 1100: evaluated 27 candidates, 0 promising, accepted 0
  Total patches: 24, total adds: 26, total deletes: 22
  step 1100/2000: loss=0.114081, patches=24
SRD step 1150: evaluated 27 candidates, 0 promising, accepted 0
  Total patches: 24, total adds: 26, total deletes: 22
  step 1150/2000: loss=0.113456, patches=24
SRD step 1200: evaluated 27 candidates, 0 promising, accepted 0
  Total patches: 24, total adds: 26, total deletes: 22
  step 1200/2000: loss=0.113492, patches=24
SRD step 1250: evaluated 27 candidates, 0 promising, accepted 0
  Total patches: 24, total adds: 26, total deletes: 22
  step 1250/2000: loss=0.116843, patches=24
[SRD rewrite] deleted patch=22, position=(-1.113, -2.636, -1.571), reason=Area 0.007437 below minimum 0.01
SRD step 1300: evaluated 27 candidates, 0 promising, accepted 1
  Mandatory DeletePatch(22) at patch 22, reason=Area 0.007437 below minimum 0.01
  Total patches: 23, total adds: 26, total deletes: 23
  step 1300/2000: loss=0.117202, patches=24
SRD step 1350: evaluated 27 candidates, 0 promising, accepted 0
  Total patches: 23, total adds: 26, total deletes: 23
  step 1350/2000: loss=0.119636, patches=23
[SRD rewrite] deleted patch=4, position=(-0.280, 0.724, -0.295), reason=Area 0.008475 below minimum 0.01
SRD step 1400: evaluated 27 candidates, 0 promising, accepted 1
  Mandatory DeletePatch(4) at patch 4, reason=Area 0.008475 below minimum 0.01
  Total patches: 22, total adds: 26, total deletes: 24
  step 1400/2000: loss=0.117503, patches=23
[SRD rewrite] deleted patch=12, position=(1.285, 0.394, -0.679), reason=Area 0.007369 below minimum 0.01
SRD step 1450: evaluated 27 candidates, 0 promising, accepted 1
  Mandatory DeletePatch(12) at patch 12, reason=Area 0.007369 below minimum 0.01
  Total patches: 21, total adds: 26, total deletes: 25
  step 1450/2000: loss=0.120050, patches=22
SRD step 1500: evaluated 27 candidates, 0 promising, accepted 0
  Total patches: 21, total adds: 26, total deletes: 25
  step 1500/2000: loss=0.126824, patches=21
[SRD rewrite] deleted patch=6, position=(-2.242, 1.181, 0.432), reason=Area 0.009904 below minimum 0.01
SRD step 1550: evaluated 27 candidates, 0 promising, accepted 1
  Mandatory DeletePatch(6) at patch 6, reason=Area 0.009904 below minimum 0.01
  Total patches: 20, total adds: 26, total deletes: 26
  step 1550/2000: loss=0.127108, patches=21
[SRD rewrite] deleted patch=16, position=(1.889, 0.911, -0.235), reason=Area 0.005957 below minimum 0.01
SRD step 1600: evaluated 27 candidates, 0 promising, accepted 1
  Mandatory DeletePatch(16) at patch 16, reason=Area 0.005957 below minimum 0.01
  Total patches: 19, total adds: 26, total deletes: 27
  step 1600/2000: loss=0.127900, patches=20
SRD step 1650: evaluated 27 candidates, 0 promising, accepted 0
  Total patches: 19, total adds: 26, total deletes: 27
  step 1650/2000: loss=0.130828, patches=19
[SRD rewrite] deleted patch=3, position=(0.784, 1.339, -0.278), reason=Area 0.009816 below minimum 0.01
SRD step 1700: evaluated 27 candidates, 0 promising, accepted 1
  Mandatory DeletePatch(3) at patch 3, reason=Area 0.009816 below minimum 0.01
  Total patches: 18, total adds: 26, total deletes: 28
  step 1700/2000: loss=0.132945, patches=19
SRD step 1750: evaluated 27 candidates, 0 promising, accepted 0
  Total patches: 18, total adds: 26, total deletes: 28
  step 1750/2000: loss=0.132421, patches=18
SRD step 1800: evaluated 27 candidates, 0 promising, accepted 0
  Total patches: 18, total adds: 26, total deletes: 28
  step 1800/2000: loss=0.135577, patches=18
SRD step 1850: evaluated 27 candidates, 0 promising, accepted 0
  Total patches: 18, total adds: 26, total deletes: 28
  step 1850/2000: loss=0.135771, patches=18
SRD step 1900: evaluated 27 candidates, 0 promising, accepted 0
  Total patches: 18, total adds: 26, total deletes: 28
  step 1900/2000: loss=0.132762, patches=18
SRD step 1950: evaluated 27 candidates, 0 promising, accepted 0
  Total patches: 18, total adds: 26, total deletes: 28
  step 1950/2000: loss=0.135025, patches=18
[SRD rewrite] deleted patch=13, position=(1.207, 1.210, -0.381), reason=Area 0.005136 below minimum 0.01
SRD step 2000: evaluated 27 candidates, 0 promising, accepted 1
  Mandatory DeletePatch(13) at patch 13, reason=Area 0.005136 below minimum 0.01
  Total patches: 17, total adds: 26, total deletes: 29
  step 2000/2000: loss=0.137358, patches=18
[SRD rewrite] deleted patch=3, position=(0.970, 0.289, -2.044), reason=final deletion pass improved loss
[Trial 1] done: loss=0.141511, time=9407.1s
[Trial 2/3] seed=1
[SRD rewrite] deleted patch=9, position=(-0.548, -0.322, -2.149), reason=delete has no image effect
[SRD rewrite] split patch=11, children=18,19, improvement=0.031773
[SRD rewrite] split patch=8, children=19,20, improvement=0.032645
[SRD rewrite] added patch=21, position=(0.896, 0.575, -0.658), improvement=0.028626
SRD step 50: evaluated 27 candidates, 25 promising, accepted 4
  Accepted SplitPatch(8) at patch 8, improvement=0.032645
  Accepted SplitPatch(11) at patch 11, improvement=0.031773
  Accepted AddPatch at patch 21, improvement=0.028626
  Mandatory DeletePatch(9) at patch 9, reason=delete has no image effect
  Total patches: 22, total adds: 3, total deletes: 1
  step 50/2000: loss=0.703933, patches=20
[SRD rewrite] deleted patch=20, position=(-0.278, -0.186, -2.017), reason=Area 0.001086 below minimum 0.01
[SRD rewrite] deleted patch=19, position=(-0.257, -0.317, -2.097), reason=Area 0.001467 below minimum 0.01
[SRD rewrite] deleted patch=18, position=(-1.345, -1.235, -0.227), reason=Area 0.003705 below minimum 0.01
[SRD rewrite] deleted patch=17, position=(-1.312, -1.469, -0.224), reason=Area 0.000704 below minimum 0.01
[SRD rewrite] added patch=18, position=(1.035, 1.070, 0.596), improvement=0.017878
[SRD rewrite] added patch=19, position=(1.016, 1.158, -0.553), improvement=0.017610
[SRD rewrite] added patch=20, position=(1.072, 1.135, -0.248), improvement=0.017264
SRD step 100: evaluated 27 candidates, 24 promising, accepted 7
  Accepted AddPatch at patch 18, improvement=0.017878
  Accepted AddPatch at patch 19, improvement=0.017610
  Accepted AddPatch at patch 20, improvement=0.017264
  Mandatory DeletePatch(17) at patch 17, reason=Area 0.000704 below minimum 0.01
  Mandatory DeletePatch(18) at patch 18, reason=Area 0.003705 below minimum 0.01
  Mandatory DeletePatch(19) at patch 19, reason=Area 0.001467 below minimum 0.01
  Mandatory DeletePatch(20) at patch 20, reason=Area 0.001086 below minimum 0.01
  Total patches: 21, total adds: 6, total deletes: 5
  step 100/2000: loss=0.432462, patches=22
[SRD rewrite] deleted patch=5, position=(-1.496, 0.530, 1.543), reason=Area 0.009114 below minimum 0.01
[SRD rewrite] split patch=7, children=19,20, improvement=0.008566
[SRD rewrite] added patch=21, position=(0.750, 0.996, -0.907), improvement=0.004841
[SRD rewrite] added patch=22, position=(-1.129, -0.089, 0.578), improvement=0.004382
SRD step 150: evaluated 27 candidates, 19 promising, accepted 4
  Accepted SplitPatch(7) at patch 7, improvement=0.008566
  Accepted AddPatch at patch 21, improvement=0.004841
  Accepted AddPatch at patch 22, improvement=0.004382
  Mandatory DeletePatch(5) at patch 5, reason=Area 0.009114 below minimum 0.01
  Total patches: 23, total adds: 9, total deletes: 6
  step 150/2000: loss=0.338519, patches=21
[SRD rewrite] deleted patch=21, position=(0.644, 1.135, -0.835), reason=Area 0.000648 below minimum 0.01
[SRD rewrite] deleted patch=20, position=(-1.099, 0.012, -2.250), reason=Area 0.000823 below minimum 0.01
[SRD rewrite] deleted patch=19, position=(-0.956, 0.034, -2.318), reason=Area 0.008649 below minimum 0.01
[SRD rewrite] deleted patch=17, position=(0.794, 1.323, -0.532), reason=Area 0.001240 below minimum 0.01
[SRD rewrite] added patch=19, position=(1.444, 1.145, 0.111), improvement=0.004826
[SRD rewrite] added patch=20, position=(-0.239, 0.083, 0.182), improvement=0.004387
[SRD rewrite] added patch=21, position=(-0.375, 0.060, -1.470), improvement=0.004311
SRD step 200: evaluated 27 candidates, 24 promising, accepted 7
  Accepted AddPatch at patch 19, improvement=0.004826
  Accepted AddPatch at patch 20, improvement=0.004387
  Accepted AddPatch at patch 21, improvement=0.004311
  Mandatory DeletePatch(17) at patch 17, reason=Area 0.001240 below minimum 0.01
  Mandatory DeletePatch(19) at patch 19, reason=Area 0.008649 below minimum 0.01
  Mandatory DeletePatch(20) at patch 20, reason=Area 0.000823 below minimum 0.01
  Mandatory DeletePatch(21) at patch 21, reason=Area 0.000648 below minimum 0.01
  Total patches: 22, total adds: 12, total deletes: 10
  step 200/2000: loss=0.300192, patches=23
[SRD rewrite] deleted patch=20, position=(-0.204, 0.201, 0.081), reason=Area 0.000356 below minimum 0.01
[SRD rewrite] deleted patch=17, position=(1.100, 1.332, -0.094), reason=Area 0.003224 below minimum 0.01
[SRD rewrite] deleted patch=16, position=(1.237, 1.313, 0.369), reason=Area 0.002590 below minimum 0.01
[SRD rewrite] added patch=19, position=(1.734, 0.984, 0.131), improvement=0.001762
[SRD rewrite] added patch=20, position=(1.695, 0.911, 0.536), improvement=0.001130
[SRD rewrite] added patch=21, position=(-0.116, -0.071, 0.107), improvement=0.001087
SRD step 250: evaluated 27 candidates, 16 promising, accepted 6
  Accepted AddPatch at patch 19, improvement=0.001762
  Accepted AddPatch at patch 20, improvement=0.001130
  Accepted AddPatch at patch 21, improvement=0.001087
  Mandatory DeletePatch(16) at patch 16, reason=Area 0.002590 below minimum 0.01
  Mandatory DeletePatch(17) at patch 17, reason=Area 0.003224 below minimum 0.01
  Mandatory DeletePatch(20) at patch 20, reason=Area 0.000356 below minimum 0.01
  Total patches: 22, total adds: 15, total deletes: 13
  step 250/2000: loss=0.280674, patches=22
[SRD rewrite] deleted patch=21, position=(-0.150, 0.061, -0.020), reason=Area 0.000293 below minimum 0.01
[SRD rewrite] deleted patch=20, position=(1.726, 0.979, 0.520), reason=Area 0.003569 below minimum 0.01
[SRD rewrite] deleted patch=0, position=(-0.737, 0.461, -1.441), reason=delete has no image effect
[SRD rewrite] added patch=19, position=(-0.683, -0.128, 1.032), improvement=0.002575
[SRD rewrite] added patch=20, position=(-0.542, 0.219, 1.634), improvement=0.002179
[SRD rewrite] restored patch=21, position=(-0.204, 0.201, 0.081), improvement=0.002127
SRD step 300: evaluated 27 candidates, 19 promising, accepted 6
  Accepted AddPatch at patch 19, improvement=0.002575
  Accepted AddPatch at patch 20, improvement=0.002179
  Accepted RestorePatch(13) at patch 21, improvement=0.002127
  Mandatory DeletePatch(20) at patch 20, reason=Area 0.003569 below minimum 0.01
  Mandatory DeletePatch(21) at patch 21, reason=Area 0.000293 below minimum 0.01
  Mandatory DeletePatch(0) at patch 0, reason=delete has no image effect
  Total patches: 22, total adds: 18, total deletes: 16
  step 300/2000: loss=0.266072, patches=22
[SRD rewrite] deleted patch=21, position=(-0.204, 0.201, 0.081), reason=Area 0.000356 below minimum 0.01
[SRD rewrite] deleted patch=20, position=(-0.598, 0.167, 1.676), reason=Area 0.000266 below minimum 0.01
[SRD rewrite] deleted patch=17, position=(-0.212, 0.074, -1.755), reason=Area 0.005929 below minimum 0.01
SRD step 350: evaluated 27 candidates, 0 promising, accepted 3
  Mandatory DeletePatch(17) at patch 17, reason=Area 0.005929 below minimum 0.01
  Mandatory DeletePatch(20) at patch 20, reason=Area 0.000266 below minimum 0.01
  Mandatory DeletePatch(21) at patch 21, reason=Area 0.000356 below minimum 0.01
  Total patches: 19, total adds: 18, total deletes: 19
  step 350/2000: loss=0.254871, patches=22
[SRD rewrite] restored patch=19, position=(1.726, 0.979, 0.520), improvement=0.001748
[SRD rewrite] added patch=20, position=(-1.178, 0.247, -1.347), improvement=0.001518
[SRD rewrite] added patch=21, position=(-1.343, -0.195, -0.912), improvement=0.001441
SRD step 400: evaluated 27 candidates, 16 promising, accepted 3
  Accepted RestorePatch(16) at patch 19, improvement=0.001748
  Accepted AddPatch at patch 20, improvement=0.001518
  Accepted AddPatch at patch 21, improvement=0.001441
  Total patches: 22, total adds: 21, total deletes: 19
  step 400/2000: loss=0.244356, patches=19
[SRD rewrite] deleted patch=19, position=(1.775, 1.017, 0.489), reason=Area 0.004068 below minimum 0.01
[SRD rewrite] added patch=21, position=(-1.525, 0.261, -1.854), improvement=0.000195
SRD step 450: evaluated 27 candidates, 1 promising, accepted 2
  Accepted AddPatch at patch 21, improvement=0.000195
  Mandatory DeletePatch(19) at patch 19, reason=Area 0.004068 below minimum 0.01
  Total patches: 22, total adds: 22, total deletes: 20
  step 450/2000: loss=0.225505, patches=22
[SRD rewrite] deleted patch=21, position=(-1.525, 0.261, -1.854), reason=Area 0.009291 below minimum 0.01
[SRD rewrite] added patch=21, position=(1.719, 1.070, 0.311), improvement=0.000331
SRD step 500: evaluated 27 candidates, 1 promising, accepted 2
  Accepted AddPatch at patch 21, improvement=0.000331
  Mandatory DeletePatch(21) at patch 21, reason=Area 0.009291 below minimum 0.01
  Total patches: 22, total adds: 23, total deletes: 21
  step 500/2000: loss=0.208990, patches=22
[SRD rewrite] added patch=22, position=(1.251, 0.102, -0.252), improvement=0.001925
[SRD rewrite] added patch=23, position=(1.855, 0.975, -0.234), improvement=0.001700
[SRD rewrite] added patch=24, position=(-1.508, 0.560, -1.492), improvement=0.001588
SRD step 550: evaluated 27 candidates, 17 promising, accepted 3
  Accepted AddPatch at patch 22, improvement=0.001925
  Accepted AddPatch at patch 23, improvement=0.001700
  Accepted AddPatch at patch 24, improvement=0.001588
  Total patches: 25, total adds: 26, total deletes: 21
  step 550/2000: loss=0.197584, patches=22
[SRD rewrite] deleted patch=24, position=(-1.450, 0.513, -1.589), reason=Area 0.000947 below minimum 0.01
[SRD rewrite] deleted patch=22, position=(1.238, 0.146, -0.237), reason=Area 0.005724 below minimum 0.01
SRD step 600: evaluated 27 candidates, 0 promising, accepted 2
  Mandatory DeletePatch(22) at patch 22, reason=Area 0.005724 below minimum 0.01
  Mandatory DeletePatch(24) at patch 24, reason=Area 0.000947 below minimum 0.01
  Total patches: 23, total adds: 26, total deletes: 23
  step 600/2000: loss=0.188774, patches=25
[SRD rewrite] deleted patch=22, position=(1.927, 1.033, -0.349), reason=Area 0.001769 below minimum 0.01
SRD step 650: evaluated 27 candidates, 0 promising, accepted 1
  Mandatory DeletePatch(22) at patch 22, reason=Area 0.001769 below minimum 0.01
  Total patches: 22, total adds: 26, total deletes: 24
  step 650/2000: loss=0.185209, patches=23
[SRD rewrite] added patch=22, position=(-1.951, 0.512, -0.437), improvement=0.001402
[SRD rewrite] added patch=23, position=(1.779, 1.010, 0.284), improvement=0.001386
[SRD rewrite] added patch=24, position=(-2.454, 0.289, -2.016), improvement=0.001349
SRD step 700: evaluated 27 candidates, 17 promising, accepted 3
  Accepted AddPatch at patch 22, improvement=0.001402
  Accepted AddPatch at patch 23, improvement=0.001386
  Accepted AddPatch at patch 24, improvement=0.001349
  Total patches: 25, total adds: 29, total deletes: 24
  step 700/2000: loss=0.188850, patches=22
[SRD rewrite] deleted patch=22, position=(-1.951, 0.512, -0.437), reason=Area 0.009291 below minimum 0.01
SRD step 750: evaluated 27 candidates, 0 promising, accepted 1
  Mandatory DeletePatch(22) at patch 22, reason=Area 0.009291 below minimum 0.01
  Total patches: 24, total adds: 29, total deletes: 25
  step 750/2000: loss=0.177080, patches=25
SRD step 800: evaluated 27 candidates, 0 promising, accepted 0
  Total patches: 24, total adds: 29, total deletes: 25
  step 800/2000: loss=0.176592, patches=24
SRD step 850: evaluated 27 candidates, 0 promising, accepted 0
  Total patches: 24, total adds: 29, total deletes: 25
  step 850/2000: loss=0.178931, patches=24
SRD step 900: evaluated 27 candidates, 0 promising, accepted 0
  Total patches: 24, total adds: 29, total deletes: 25
  step 900/2000: loss=0.185332, patches=24
[SRD rewrite] deleted patch=17, position=(1.033, 1.489, -0.373), reason=Area 0.005131 below minimum 0.01
SRD step 950: evaluated 27 candidates, 0 promising, accepted 1
  Mandatory DeletePatch(17) at patch 17, reason=Area 0.005131 below minimum 0.01
  Total patches: 23, total adds: 29, total deletes: 26
  step 950/2000: loss=0.186755, patches=24
SRD step 1000: evaluated 27 candidates, 0 promising, accepted 0
  Total patches: 23, total adds: 29, total deletes: 26
  step 1000/2000: loss=0.183323, patches=23
SRD step 1050: evaluated 27 candidates, 0 promising, accepted 0
  Total patches: 23, total adds: 29, total deletes: 26
  step 1050/2000: loss=0.182419, patches=23
SRD step 1100: evaluated 27 candidates, 0 promising, accepted 0
  Total patches: 23, total adds: 29, total deletes: 26
  step 1100/2000: loss=0.180148, patches=23
SRD step 1150: evaluated 27 candidates, 0 promising, accepted 0
  Total patches: 23, total adds: 29, total deletes: 26
  step 1150/2000: loss=0.181317, patches=23
[SRD rewrite] deleted patch=20, position=(1.099, 1.514, -0.553), reason=Area 0.007578 below minimum 0.01
SRD step 1200: evaluated 27 candidates, 0 promising, accepted 1
  Mandatory DeletePatch(20) at patch 20, reason=Area 0.007578 below minimum 0.01
  Total patches: 22, total adds: 29, total deletes: 27
  step 1200/2000: loss=0.181673, patches=23
SRD step 1250: evaluated 27 candidates, 0 promising, accepted 0
  Total patches: 22, total adds: 29, total deletes: 27
  step 1250/2000: loss=0.185208, patches=22
SRD step 1300: evaluated 27 candidates, 0 promising, accepted 0
  Total patches: 22, total adds: 29, total deletes: 27
  step 1300/2000: loss=0.189660, patches=22
SRD step 1350: evaluated 27 candidates, 0 promising, accepted 0
  Total patches: 22, total adds: 29, total deletes: 27
  step 1350/2000: loss=0.186950, patches=22
SRD step 1400: evaluated 27 candidates, 0 promising, accepted 0
  Total patches: 22, total adds: 29, total deletes: 27
  step 1400/2000: loss=0.186233, patches=22
SRD step 1450: evaluated 27 candidates, 0 promising, accepted 0
  Total patches: 22, total adds: 29, total deletes: 27
  step 1450/2000: loss=0.187868, patches=22
SRD step 1500: evaluated 27 candidates, 0 promising, accepted 0
  Total patches: 22, total adds: 29, total deletes: 27
  step 1500/2000: loss=0.191102, patches=22
SRD step 1550: evaluated 27 candidates, 0 promising, accepted 0
  Total patches: 22, total adds: 29, total deletes: 27
  step 1550/2000: loss=0.192718, patches=22
SRD step 1600: evaluated 27 candidates, 0 promising, accepted 0
  Total patches: 22, total adds: 29, total deletes: 27
  step 1600/2000: loss=0.193889, patches=22
SRD step 1650: evaluated 27 candidates, 0 promising, accepted 0
  Total patches: 22, total adds: 29, total deletes: 27
  step 1650/2000: loss=0.193871, patches=22
[SRD rewrite] added patch=22, position=(-1.021, -0.389, 2.279), improvement=0.001413
SRD step 1700: evaluated 27 candidates, 13 promising, accepted 3
  Accepted AddPatch at patch 22, improvement=0.001413
  Accepted SplitPatch(7) at patch 7, improvement=0.000619
  Accepted SplitPatch(19) at patch 19, improvement=0.000619
  Total patches: 23, total adds: 30, total deletes: 27
  step 1700/2000: loss=0.203699, patches=22
[SRD rewrite] deleted patch=22, position=(-0.996, -0.432, 2.187), reason=Area 0.006443 below minimum 0.01
SRD step 1750: evaluated 27 candidates, 0 promising, accepted 1
  Mandatory DeletePatch(22) at patch 22, reason=Area 0.006443 below minimum 0.01
  Total patches: 22, total adds: 30, total deletes: 28
  step 1750/2000: loss=0.202758, patches=23
SRD step 1800: evaluated 27 candidates, 0 promising, accepted 0
  Total patches: 22, total adds: 30, total deletes: 28
  step 1800/2000: loss=0.201439, patches=22
[SRD rewrite] deleted patch=20, position=(1.209, 1.533, -0.087), reason=Area 0.006868 below minimum 0.01
[SRD rewrite] added patch=21, position=(-0.565, -1.340, 0.324), improvement=0.000139
SRD step 1850: evaluated 27 candidates, 1 promising, accepted 2
  Accepted AddPatch at patch 21, improvement=0.000139
  Mandatory DeletePatch(20) at patch 20, reason=Area 0.006868 below minimum 0.01
  Total patches: 22, total adds: 31, total deletes: 29
  step 1850/2000: loss=0.197930, patches=22
SRD step 1900: evaluated 27 candidates, 0 promising, accepted 0
  Total patches: 22, total adds: 31, total deletes: 29
  step 1900/2000: loss=0.190854, patches=22
[SRD rewrite] deleted patch=2, position=(1.465, -1.803, 2.316), reason=no image contribution, delete has no image effect
SRD step 1950: evaluated 27 candidates, 0 promising, accepted 1
  Mandatory DeletePatch(2) at patch 2, reason=no image contribution, delete has no image effect
  Total patches: 21, total adds: 31, total deletes: 30
  step 1950/2000: loss=0.184296, patches=22
SRD step 2000: evaluated 27 candidates, 0 promising, accepted 0
  Total patches: 21, total adds: 31, total deletes: 30
  step 2000/2000: loss=0.183098, patches=21
[SRD rewrite] deleted patch=19, position=(-1.824, 0.200, -2.124), reason=final deletion pass improved loss
[Trial 2] done: loss=0.176167, time=9096.2s
[Trial 3/3] seed=2
[SRD rewrite] split patch=9, children=19,20, improvement=0.034885
[SRD rewrite] split patch=5, children=20,21, improvement=0.034628
[SRD rewrite] added patch=22, position=(0.716, 0.283, 0.848), improvement=0.034430
SRD step 50: evaluated 27 candidates, 27 promising, accepted 3
  Accepted SplitPatch(9) at patch 9, improvement=0.034885
  Accepted SplitPatch(5) at patch 5, improvement=0.034628
  Accepted AddPatch at patch 22, improvement=0.034430
  Total patches: 23, total adds: 3, total deletes: 0
  step 50/2000: loss=0.697012, patches=20
[SRD rewrite] deleted patch=21, position=(-1.012, -0.559, -2.021), reason=Area 0.000471 below minimum 0.01
[SRD rewrite] deleted patch=20, position=(-0.883, -0.582, -1.876), reason=Area 0.003293 below minimum 0.01
[SRD rewrite] deleted patch=19, position=(1.319, -0.027, -1.915), reason=Area 0.009985 below minimum 0.01
[SRD rewrite] deleted patch=18, position=(1.429, -0.137, -1.839), reason=Area 0.003396 below minimum 0.01
[SRD rewrite] added patch=19, position=(0.907, 0.743, -0.662), improvement=0.015911
[SRD rewrite] added patch=20, position=(1.115, 1.063, -0.496), improvement=0.015709
[SRD rewrite] added patch=21, position=(0.923, 0.879, -0.152), improvement=0.015510
SRD step 100: evaluated 27 candidates, 23 promising, accepted 7
  Accepted AddPatch at patch 19, improvement=0.015911
  Accepted AddPatch at patch 20, improvement=0.015709
  Accepted AddPatch at patch 21, improvement=0.015510
  Mandatory DeletePatch(18) at patch 18, reason=Area 0.003396 below minimum 0.01
  Mandatory DeletePatch(19) at patch 19, reason=Area 0.009985 below minimum 0.01
  Mandatory DeletePatch(20) at patch 20, reason=Area 0.003293 below minimum 0.01
  Mandatory DeletePatch(21) at patch 21, reason=Area 0.000471 below minimum 0.01
  Total patches: 22, total adds: 6, total deletes: 4
  step 100/2000: loss=0.494291, patches=23
[SRD rewrite] deleted patch=21, position=(1.126, 0.936, -0.134), reason=Area 0.001763 below minimum 0.01
[SRD rewrite] deleted patch=13, position=(-2.090, 0.267, -1.861), reason=delete has no image effect
[SRD rewrite] added patch=20, position=(1.075, 0.677, -0.808), improvement=0.006507
[SRD rewrite] added patch=21, position=(1.008, 0.734, -0.894), improvement=0.006470
[SRD rewrite] added patch=22, position=(1.062, 0.758, -1.090), improvement=0.006301
SRD step 150: evaluated 27 candidates, 22 promising, accepted 5
  Accepted AddPatch at patch 20, improvement=0.006507
  Accepted AddPatch at patch 21, improvement=0.006470
  Accepted AddPatch at patch 22, improvement=0.006301
  Mandatory DeletePatch(21) at patch 21, reason=Area 0.001763 below minimum 0.01
  Mandatory DeletePatch(13) at patch 13, reason=delete has no image effect
  Total patches: 23, total adds: 9, total deletes: 6
  step 150/2000: loss=0.396067, patches=22
[SRD rewrite] split patch=6, children=22,23, improvement=0.009047
[SRD rewrite] added patch=24, position=(0.846, 0.519, -0.616), improvement=0.001069
[SRD rewrite] added patch=25, position=(1.502, 1.144, -0.330), improvement=0.000738
SRD step 200: evaluated 27 candidates, 8 promising, accepted 3
  Accepted SplitPatch(6) at patch 6, improvement=0.009047
  Accepted AddPatch at patch 24, improvement=0.001069
  Accepted AddPatch at patch 25, improvement=0.000738
  Total patches: 26, total adds: 12, total deletes: 6
  step 200/2000: loss=0.343045, patches=23
[SRD rewrite] deleted patch=24, position=(0.897, 0.426, -0.609), reason=Area 0.000317 below minimum 0.01
[SRD rewrite] deleted patch=23, position=(-2.078, -0.037, 1.057), reason=Area 0.001340 below minimum 0.01
[SRD rewrite] deleted patch=22, position=(-2.072, -0.125, 1.040), reason=Area 0.001052 below minimum 0.01
[SRD rewrite] deleted patch=20, position=(1.017, 0.654, -0.651), reason=Area 0.000945 below minimum 0.01
SRD step 250: evaluated 27 candidates, 0 promising, accepted 4
  Mandatory DeletePatch(20) at patch 20, reason=Area 0.000945 below minimum 0.01
  Mandatory DeletePatch(22) at patch 22, reason=Area 0.001052 below minimum 0.01
  Mandatory DeletePatch(23) at patch 23, reason=Area 0.001340 below minimum 0.01
  Mandatory DeletePatch(24) at patch 24, reason=Area 0.000317 below minimum 0.01
  Total patches: 22, total adds: 12, total deletes: 10
  step 250/2000: loss=0.302055, patches=26
SRD step 300: evaluated 27 candidates, 0 promising, accepted 0
  Total patches: 22, total adds: 12, total deletes: 10
  step 300/2000: loss=0.289464, patches=22
[SRD rewrite] added patch=22, position=(1.826, 0.985, 0.004), improvement=0.000666
[SRD rewrite] added patch=23, position=(0.032, 0.002, -0.842), improvement=0.000576
[SRD rewrite] added patch=24, position=(-0.861, -0.417, -1.416), improvement=0.000481
SRD step 350: evaluated 27 candidates, 5 promising, accepted 3
  Accepted AddPatch at patch 22, improvement=0.000666
  Accepted AddPatch at patch 23, improvement=0.000576
  Accepted AddPatch at patch 24, improvement=0.000481
  Total patches: 25, total adds: 15, total deletes: 10
  step 350/2000: loss=0.291557, patches=22
[SRD rewrite] deleted patch=24, position=(-0.827, -0.545, -1.425), reason=Area 0.000266 below minimum 0.01
[SRD rewrite] deleted patch=23, position=(0.123, 0.138, -0.988), reason=Area 0.000279 below minimum 0.01
[SRD rewrite] deleted patch=10, position=(1.351, -1.987, 1.594), reason=no image contribution, delete has no image effect
SRD step 400: evaluated 27 candidates, 0 promising, accepted 3
  Mandatory DeletePatch(23) at patch 23, reason=Area 0.000279 below minimum 0.01
  Mandatory DeletePatch(24) at patch 24, reason=Area 0.000266 below minimum 0.01
  Mandatory DeletePatch(10) at patch 10, reason=no image contribution, delete has no image effect
  Total patches: 22, total adds: 15, total deletes: 13
  step 400/2000: loss=0.286272, patches=25
[SRD rewrite] added patch=22, position=(0.116, -0.009, -0.892), improvement=0.001369
[SRD rewrite] added patch=23, position=(0.109, 0.128, -0.557), improvement=0.000867
[SRD rewrite] added patch=24, position=(0.358, 0.383, 0.504), improvement=0.000548
SRD step 450: evaluated 27 candidates, 9 promising, accepted 3
  Accepted AddPatch at patch 22, improvement=0.001369
  Accepted AddPatch at patch 23, improvement=0.000867
  Accepted AddPatch at patch 24, improvement=0.000548
  Total patches: 25, total adds: 18, total deletes: 13
  step 450/2000: loss=0.291882, patches=22
[SRD rewrite] deleted patch=24, position=(0.370, 0.511, 0.569), reason=Area 0.000382 below minimum 0.01
[SRD rewrite] deleted patch=23, position=(0.178, 0.248, -0.690), reason=Area 0.001325 below minimum 0.01
[SRD rewrite] added patch=23, position=(0.125, 0.194, -0.218), improvement=0.003544
[SRD rewrite] added patch=24, position=(-2.201, 0.199, -1.041), improvement=0.002895
[SRD rewrite] added patch=25, position=(-2.399, 0.167, -1.747), improvement=0.002427
SRD step 500: evaluated 27 candidates, 15 promising, accepted 5
  Accepted AddPatch at patch 23, improvement=0.003544
  Accepted AddPatch at patch 24, improvement=0.002895
  Accepted AddPatch at patch 25, improvement=0.002427
  Mandatory DeletePatch(23) at patch 23, reason=Area 0.001325 below minimum 0.01
  Mandatory DeletePatch(24) at patch 24, reason=Area 0.000382 below minimum 0.01
  Total patches: 26, total adds: 21, total deletes: 15
  step 500/2000: loss=0.278539, patches=25
[SRD rewrite] deleted patch=25, position=(-2.351, 0.137, -1.794), reason=Area 0.008047 below minimum 0.01
[SRD rewrite] deleted patch=23, position=(0.258, 0.289, -0.359), reason=Area 0.000196 below minimum 0.01
SRD step 550: evaluated 27 candidates, 0 promising, accepted 2
  Mandatory DeletePatch(23) at patch 23, reason=Area 0.000196 below minimum 0.01
  Mandatory DeletePatch(25) at patch 25, reason=Area 0.008047 below minimum 0.01
  Total patches: 24, total adds: 21, total deletes: 17
  step 550/2000: loss=0.249107, patches=26
SRD step 600: evaluated 27 candidates, 0 promising, accepted 0
  Total patches: 24, total adds: 21, total deletes: 17
  step 600/2000: loss=0.248931, patches=24
SRD step 650: evaluated 27 candidates, 0 promising, accepted 0
  Total patches: 24, total adds: 21, total deletes: 17
  step 650/2000: loss=0.251373, patches=24
[SRD rewrite] added patch=24, position=(-0.013, -0.200, 1.527), improvement=0.000019
SRD step 700: evaluated 27 candidates, 1 promising, accepted 1
  Accepted AddPatch at patch 24, improvement=0.000019
  Total patches: 25, total adds: 22, total deletes: 17
  step 700/2000: loss=0.243976, patches=24
[SRD rewrite] added patch=25, position=(-0.550, -0.351, 1.599), improvement=0.000030
SRD step 750: evaluated 27 candidates, 1 promising, accepted 1
  Accepted AddPatch at patch 25, improvement=0.000030
  Total patches: 26, total adds: 23, total deletes: 17
  step 750/2000: loss=0.238406, patches=25
[SRD rewrite] deleted patch=25, position=(-0.564, -0.317, 1.604), reason=Area 0.005851 below minimum 0.01
SRD step 800: evaluated 27 candidates, 0 promising, accepted 1
  Mandatory DeletePatch(25) at patch 25, reason=Area 0.005851 below minimum 0.01
  Total patches: 25, total adds: 23, total deletes: 18
  step 800/2000: loss=0.227515, patches=26
[SRD rewrite] deleted patch=8, position=(-1.623, -0.926, 0.132), reason=delete has no image effect
SRD step 850: evaluated 27 candidates, 0 promising, accepted 1
  Mandatory DeletePatch(8) at patch 8, reason=delete has no image effect
  Total patches: 24, total adds: 23, total deletes: 19
  step 850/2000: loss=0.228584, patches=25
[SRD rewrite] deleted patch=21, position=(0.082, 0.079, 0.165), reason=delete has no image effect
[SRD rewrite] added patch=23, position=(-1.013, -0.973, -1.145), improvement=0.000120
SRD step 900: evaluated 27 candidates, 1 promising, accepted 2
  Accepted AddPatch at patch 23, improvement=0.000120
  Mandatory DeletePatch(21) at patch 21, reason=delete has no image effect
  Total patches: 24, total adds: 24, total deletes: 20
  step 900/2000: loss=0.217459, patches=24
[SRD rewrite] deleted patch=23, position=(-0.955, -0.895, -1.062), reason=Area 0.000523 below minimum 0.01
SRD step 950: evaluated 27 candidates, 0 promising, accepted 1
  Mandatory DeletePatch(23) at patch 23, reason=Area 0.000523 below minimum 0.01
  Total patches: 23, total adds: 24, total deletes: 21
  step 950/2000: loss=0.210512, patches=24
[SRD rewrite] added patch=23, position=(-0.237, 0.364, 0.631), improvement=0.000715
SRD step 1000: evaluated 27 candidates, 1 promising, accepted 1
  Accepted AddPatch at patch 23, improvement=0.000715
  Total patches: 24, total adds: 25, total deletes: 21
  step 1000/2000: loss=0.211078, patches=23
SRD step 1050: evaluated 27 candidates, 0 promising, accepted 0
  Total patches: 24, total adds: 25, total deletes: 21
  step 1050/2000: loss=0.212446, patches=24
SRD step 1100: evaluated 27 candidates, 0 promising, accepted 0
  Total patches: 24, total adds: 25, total deletes: 21
  step 1100/2000: loss=0.211077, patches=24
[SRD rewrite] deleted patch=16, position=(1.154, 1.296, 0.308), reason=Area 0.001817 below minimum 0.01
SRD step 1150: evaluated 27 candidates, 0 promising, accepted 1
  Mandatory DeletePatch(16) at patch 16, reason=Area 0.001817 below minimum 0.01
  Total patches: 23, total adds: 25, total deletes: 22
  step 1150/2000: loss=0.209456, patches=24
[SRD rewrite] deleted patch=16, position=(1.190, 0.546, -0.154), reason=Area 0.001482 below minimum 0.01
SRD step 1200: evaluated 27 candidates, 0 promising, accepted 1
  Mandatory DeletePatch(16) at patch 16, reason=Area 0.001482 below minimum 0.01
  Total patches: 22, total adds: 25, total deletes: 23
  step 1200/2000: loss=0.207896, patches=23
[SRD rewrite] deleted patch=8, position=(-1.440, -2.851, 0.118), reason=no image contribution, delete has no image effect
SRD step 1250: evaluated 27 candidates, 0 promising, accepted 1
  Mandatory DeletePatch(8) at patch 8, reason=no image contribution, delete has no image effect
  Total patches: 21, total adds: 25, total deletes: 24
  step 1250/2000: loss=0.207153, patches=22
SRD step 1300: evaluated 27 candidates, 0 promising, accepted 0
  Total patches: 21, total adds: 25, total deletes: 24
  step 1300/2000: loss=0.206060, patches=21
SRD step 1350: evaluated 27 candidates, 0 promising, accepted 0
  Total patches: 21, total adds: 25, total deletes: 24
  step 1350/2000: loss=0.210898, patches=21
SRD step 1400: evaluated 27 candidates, 0 promising, accepted 0
  Total patches: 21, total adds: 25, total deletes: 24
  step 1400/2000: loss=0.219130, patches=21
SRD step 1450: evaluated 27 candidates, 0 promising, accepted 0
  Total patches: 21, total adds: 25, total deletes: 24
  step 1450/2000: loss=0.216688, patches=21
SRD step 1500: evaluated 27 candidates, 0 promising, accepted 0
  Total patches: 21, total adds: 25, total deletes: 24
  step 1500/2000: loss=0.211781, patches=21
SRD step 1550: evaluated 27 candidates, 0 promising, accepted 0
  Total patches: 21, total adds: 25, total deletes: 24
  step 1550/2000: loss=0.207253, patches=21
SRD step 1600: evaluated 27 candidates, 0 promising, accepted 0
  Total patches: 21, total adds: 25, total deletes: 24
  step 1600/2000: loss=0.207548, patches=21
SRD step 1650: evaluated 27 candidates, 0 promising, accepted 0
  Total patches: 21, total adds: 25, total deletes: 24
  step 1650/2000: loss=0.205645, patches=21
[SRD rewrite] deleted patch=17, position=(0.879, 1.330, 1.331), reason=Area 0.009147 below minimum 0.01
[SRD rewrite] added patch=20, position=(1.364, 1.086, 0.085), improvement=0.002916
[SRD rewrite] added patch=21, position=(1.583, 0.940, 0.766), improvement=0.002915
[SRD rewrite] added patch=22, position=(1.276, 1.063, -0.103), improvement=0.002487
SRD step 1700: evaluated 27 candidates, 15 promising, accepted 4
  Accepted AddPatch at patch 20, improvement=0.002916
  Accepted AddPatch at patch 21, improvement=0.002915
  Accepted AddPatch at patch 22, improvement=0.002487
  Mandatory DeletePatch(17) at patch 17, reason=Area 0.009147 below minimum 0.01
  Total patches: 23, total adds: 28, total deletes: 25
  step 1700/2000: loss=0.203829, patches=21
SRD step 1750: evaluated 27 candidates, 0 promising, accepted 0
  Total patches: 23, total adds: 28, total deletes: 25
  step 1750/2000: loss=0.189659, patches=23
[SRD rewrite] deleted patch=22, position=(1.409, 1.254, -0.485), reason=Area 0.008188 below minimum 0.01
SRD step 1800: evaluated 27 candidates, 0 promising, accepted 1
  Mandatory DeletePatch(22) at patch 22, reason=Area 0.008188 below minimum 0.01
  Total patches: 22, total adds: 28, total deletes: 26
  step 1800/2000: loss=0.188029, patches=23
SRD step 1850: evaluated 27 candidates, 0 promising, accepted 0
  Total patches: 22, total adds: 28, total deletes: 26
  step 1850/2000: loss=0.182475, patches=22
SRD step 1900: evaluated 27 candidates, 0 promising, accepted 0
  Total patches: 22, total adds: 28, total deletes: 26
  step 1900/2000: loss=0.175480, patches=22
[SRD rewrite] deleted patch=20, position=(1.247, 1.300, -0.041), reason=Area 0.000191 below minimum 0.01
SRD step 1950: evaluated 27 candidates, 0 promising, accepted 1
  Mandatory DeletePatch(20) at patch 20, reason=Area 0.000191 below minimum 0.01
  Total patches: 21, total adds: 28, total deletes: 27
  step 1950/2000: loss=0.174320, patches=22
SRD step 2000: evaluated 27 candidates, 0 promising, accepted 0
  Total patches: 21, total adds: 28, total deletes: 27
  step 2000/2000: loss=0.175443, patches=21
[Trial 3] done: loss=0.175158, time=9372.9s
[Run] report written to results/slurm/20260718_1833/ablation_horse_circle_full/output.txt
