## SLURM PROLOG ###############################################################
##    Job ID : 4080012
##  Job Name : 20260718_0340_patchsize_sun_moon_10
##  Nodelist : gpu2252
##      CPUs : 
##  Mem/Node : 128000 MB
## Directory : /oscar/home/cjmok/automated-perspective-sculptor
##   Job Started : Sat Jul 18 04:47:25 AM EDT 2026
###############################################################################
[Swept volume] building (resolution=256)...
[Run] mode=full, trials=3, seeds=[0, 1, 2], steps=1000, srd=True, ablation_flags={'disable_swept_volume_adds': False, 'loss_only_deletion': False, 'disable_splitting': False}
[Trial 1/3] seed=0
[Patch] mapbox-earcut is not installed; falling back to fan fill, so non-convex pieces will render incorrectly. Install it with: pip install mapbox-earcut
[SRD rewrite] split patch=4, children=9,10, improvement=0.023304
[SRD rewrite] added patch=11, position=(-0.393, -0.094, 1.385), improvement=0.014821
[SRD rewrite] added patch=12, position=(-0.329, -0.234, 1.262), improvement=0.014049
SRD step 50: evaluated 27 candidates, 19 promising, accepted 3
  Accepted SplitPatch(4) at patch 4, improvement=0.023304
  Accepted AddPatch at patch 11, improvement=0.014821
  Accepted AddPatch at patch 12, improvement=0.014049
  Total patches: 13, total adds: 3, total deletes: 0
  step 50/1000: loss=0.520624, patches=10
[SRD rewrite] deleted patch=10, position=(-1.732, 0.705, 0.763), reason=Area 0.004895 below minimum 0.01
[SRD rewrite] deleted patch=9, position=(-1.622, 0.640, 0.522), reason=Area 0.000844 below minimum 0.01
[SRD rewrite] added patch=11, position=(-0.037, 1.500, -0.581), improvement=0.008899
[SRD rewrite] added patch=12, position=(-0.190, -0.300, 1.150), improvement=0.007617
[SRD rewrite] added patch=13, position=(0.655, 0.328, 1.028), improvement=0.007530
SRD step 100: evaluated 27 candidates, 18 promising, accepted 5
  Accepted AddPatch at patch 11, improvement=0.008899
  Accepted AddPatch at patch 12, improvement=0.007617
  Accepted AddPatch at patch 13, improvement=0.007530
  Mandatory DeletePatch(9) at patch 9, reason=Area 0.000844 below minimum 0.01
  Mandatory DeletePatch(10) at patch 10, reason=Area 0.004895 below minimum 0.01
  Total patches: 14, total adds: 6, total deletes: 2
  step 100/1000: loss=0.394271, patches=13
[SRD rewrite] deleted patch=13, position=(0.661, 0.348, 0.940), reason=Area 0.001610 below minimum 0.01
[SRD rewrite] deleted patch=12, position=(-0.253, -0.215, 1.317), reason=Area 0.000621 below minimum 0.01
[SRD rewrite] added patch=12, position=(-0.463, -0.448, 0.881), improvement=0.000875
[SRD rewrite] added patch=13, position=(-0.693, -0.876, 0.651), improvement=0.000787
[SRD rewrite] added patch=14, position=(-0.246, -0.277, 1.349), improvement=0.000549
SRD step 150: evaluated 27 candidates, 5 promising, accepted 5
  Accepted AddPatch at patch 12, improvement=0.000875
  Accepted AddPatch at patch 13, improvement=0.000787
  Accepted AddPatch at patch 14, improvement=0.000549
  Mandatory DeletePatch(12) at patch 12, reason=Area 0.000621 below minimum 0.01
  Mandatory DeletePatch(13) at patch 13, reason=Area 0.001610 below minimum 0.01
  Total patches: 15, total adds: 9, total deletes: 4
  step 150/1000: loss=0.337545, patches=14
[SRD rewrite] deleted patch=12, position=(-0.596, -0.438, 0.749), reason=Area 0.000514 below minimum 0.01
SRD step 200: evaluated 27 candidates, 0 promising, accepted 1
  Mandatory DeletePatch(12) at patch 12, reason=Area 0.000514 below minimum 0.01
  Total patches: 14, total adds: 9, total deletes: 5
  step 200/1000: loss=0.307040, patches=15
[SRD rewrite] deleted patch=13, position=(-0.406, -0.073, 1.493), reason=Area 0.001815 below minimum 0.01
[SRD rewrite] added patch=13, position=(0.045, 1.067, 0.090), improvement=0.003111
[SRD rewrite] added patch=14, position=(0.671, -0.910, 0.248), improvement=0.002023
[SRD rewrite] added patch=15, position=(0.520, -0.006, 1.306), improvement=0.001570
SRD step 250: evaluated 27 candidates, 10 promising, accepted 4
  Accepted AddPatch at patch 13, improvement=0.003111
  Accepted AddPatch at patch 14, improvement=0.002023
  Accepted AddPatch at patch 15, improvement=0.001570
  Mandatory DeletePatch(13) at patch 13, reason=Area 0.001815 below minimum 0.01
  Total patches: 16, total adds: 12, total deletes: 6
  step 250/1000: loss=0.304315, patches=14
[SRD rewrite] deleted patch=15, position=(0.621, 0.102, 1.320), reason=Area 0.000274 below minimum 0.01
[SRD rewrite] deleted patch=14, position=(0.718, -0.864, 0.112), reason=Area 0.001515 below minimum 0.01
[SRD rewrite] deleted patch=3, position=(-2.257, 0.362, 1.839), reason=delete has no image effect
[SRD rewrite] added patch=13, position=(-0.013, 1.229, 0.522), improvement=0.001421
[SRD rewrite] added patch=14, position=(-0.601, -0.242, 1.076), improvement=0.001125
[SRD rewrite] added patch=15, position=(-0.746, 0.112, 0.841), improvement=0.000708
SRD step 300: evaluated 27 candidates, 7 promising, accepted 6
  Accepted AddPatch at patch 13, improvement=0.001421
  Accepted AddPatch at patch 14, improvement=0.001125
  Accepted AddPatch at patch 15, improvement=0.000708
  Mandatory DeletePatch(14) at patch 14, reason=Area 0.001515 below minimum 0.01
  Mandatory DeletePatch(15) at patch 15, reason=Area 0.000274 below minimum 0.01
  Mandatory DeletePatch(3) at patch 3, reason=delete has no image effect
  Total patches: 16, total adds: 15, total deletes: 9
  step 300/1000: loss=0.267749, patches=16
[SRD rewrite] deleted patch=15, position=(-0.740, 0.087, 0.785), reason=Area 0.000713 below minimum 0.01
[SRD rewrite] deleted patch=14, position=(-0.733, -0.098, 1.223), reason=Area 0.000349 below minimum 0.01
SRD step 350: evaluated 27 candidates, 0 promising, accepted 2
  Mandatory DeletePatch(14) at patch 14, reason=Area 0.000349 below minimum 0.01
  Mandatory DeletePatch(15) at patch 15, reason=Area 0.000713 below minimum 0.01
  Total patches: 14, total adds: 15, total deletes: 11
  step 350/1000: loss=0.256506, patches=16
[SRD rewrite] added patch=14, position=(1.340, 0.003, 0.856), improvement=0.000374
SRD step 400: evaluated 27 candidates, 1 promising, accepted 1
  Accepted AddPatch at patch 14, improvement=0.000374
  Total patches: 15, total adds: 16, total deletes: 11
  step 400/1000: loss=0.251059, patches=14
[SRD rewrite] added patch=15, position=(0.683, -0.042, 0.906), improvement=0.004206
[SRD rewrite] added patch=16, position=(0.690, -0.105, 1.217), improvement=0.004022
[SRD rewrite] added patch=17, position=(0.640, -0.229, 1.198), improvement=0.003963
SRD step 450: evaluated 27 candidates, 22 promising, accepted 3
  Accepted AddPatch at patch 15, improvement=0.004206
  Accepted AddPatch at patch 16, improvement=0.004022
  Accepted AddPatch at patch 17, improvement=0.003963
  Total patches: 18, total adds: 19, total deletes: 11
  step 450/1000: loss=0.233882, patches=15
[SRD rewrite] deleted patch=17, position=(0.679, -0.128, 1.295), reason=Area 0.004690 below minimum 0.01
[SRD rewrite] deleted patch=16, position=(0.693, -0.019, 1.300), reason=Area 0.000453 below minimum 0.01
[SRD rewrite] deleted patch=15, position=(0.726, 0.060, 0.940), reason=Area 0.002721 below minimum 0.01
[SRD rewrite] deleted patch=13, position=(-0.011, 1.352, 0.745), reason=Area 0.004940 below minimum 0.01
[SRD rewrite] deleted patch=9, position=(-0.663, 0.117, 1.519), reason=Area 0.005690 below minimum 0.01
SRD step 500: evaluated 27 candidates, 0 promising, accepted 5
  Mandatory DeletePatch(9) at patch 9, reason=Area 0.005690 below minimum 0.01
  Mandatory DeletePatch(13) at patch 13, reason=Area 0.004940 below minimum 0.01
  Mandatory DeletePatch(15) at patch 15, reason=Area 0.002721 below minimum 0.01
  Mandatory DeletePatch(16) at patch 16, reason=Area 0.000453 below minimum 0.01
  Mandatory DeletePatch(17) at patch 17, reason=Area 0.004690 below minimum 0.01
  Total patches: 13, total adds: 19, total deletes: 16
  step 500/1000: loss=0.214766, patches=18
SRD step 550: evaluated 27 candidates, 0 promising, accepted 0
  Total patches: 13, total adds: 19, total deletes: 16
  step 550/1000: loss=0.216595, patches=13
[SRD rewrite] deleted patch=8, position=(-0.578, 0.338, 1.487), reason=Area 0.004725 below minimum 0.01
[SRD rewrite] added patch=12, position=(-0.575, 0.935, 0.927), improvement=0.001998
[SRD rewrite] added patch=13, position=(0.691, -0.149, 0.729), improvement=0.000106
SRD step 600: evaluated 27 candidates, 2 promising, accepted 3
  Accepted AddPatch at patch 12, improvement=0.001998
  Accepted AddPatch at patch 13, improvement=0.000106
  Mandatory DeletePatch(8) at patch 8, reason=Area 0.004725 below minimum 0.01
  Total patches: 14, total adds: 21, total deletes: 17
  step 600/1000: loss=0.220045, patches=13
[SRD rewrite] deleted patch=13, position=(0.777, -0.118, 0.565), reason=Area 0.000338 below minimum 0.01
SRD step 650: evaluated 27 candidates, 0 promising, accepted 1
  Mandatory DeletePatch(13) at patch 13, reason=Area 0.000338 below minimum 0.01
  Total patches: 13, total adds: 21, total deletes: 18
  step 650/1000: loss=0.204630, patches=14
[SRD rewrite] added patch=13, position=(0.724, -1.009, 0.210), improvement=0.001395
[SRD rewrite] added patch=14, position=(-0.662, 0.947, 0.558), improvement=0.001038
[SRD rewrite] added patch=15, position=(0.650, 0.920, 0.595), improvement=0.000696
SRD step 700: evaluated 27 candidates, 6 promising, accepted 3
  Accepted AddPatch at patch 13, improvement=0.001395
  Accepted AddPatch at patch 14, improvement=0.001038
  Accepted AddPatch at patch 15, improvement=0.000696
  Total patches: 16, total adds: 24, total deletes: 18
  step 700/1000: loss=0.201612, patches=13
[SRD rewrite] added patch=16, position=(-0.787, 0.064, 1.365), improvement=0.000416
[SRD rewrite] added patch=17, position=(0.845, -1.220, -1.008), improvement=0.000100
SRD step 750: evaluated 27 candidates, 2 promising, accepted 2
  Accepted AddPatch at patch 16, improvement=0.000416
  Accepted AddPatch at patch 17, improvement=0.000100
  Total patches: 18, total adds: 26, total deletes: 18
  step 750/1000: loss=0.175142, patches=16
[SRD rewrite] deleted patch=2, position=(0.648, 0.445, 0.409), reason=Area 0.004891 below minimum 0.01
SRD step 800: evaluated 27 candidates, 0 promising, accepted 1
  Mandatory DeletePatch(2) at patch 2, reason=Area 0.004891 below minimum 0.01
  Total patches: 17, total adds: 26, total deletes: 19
  step 800/1000: loss=0.154330, patches=18
[SRD rewrite] deleted patch=7, position=(-0.124, 1.545, -0.710), reason=delete has no image effect
SRD step 850: evaluated 27 candidates, 0 promising, accepted 1
  Mandatory DeletePatch(7) at patch 7, reason=delete has no image effect
  Total patches: 16, total adds: 26, total deletes: 20
  step 850/1000: loss=0.159812, patches=17
[SRD rewrite] deleted patch=13, position=(0.685, 0.959, 0.908), reason=Area 0.004274 below minimum 0.01
SRD step 900: evaluated 27 candidates, 0 promising, accepted 1
  Mandatory DeletePatch(13) at patch 13, reason=Area 0.004274 below minimum 0.01
  Total patches: 15, total adds: 26, total deletes: 21
  step 900/1000: loss=0.152100, patches=16
SRD step 950: evaluated 27 candidates, 0 promising, accepted 0
  Total patches: 15, total adds: 26, total deletes: 21
  step 950/1000: loss=0.151878, patches=15
SRD step 1000: evaluated 27 candidates, 0 promising, accepted 0
  Total patches: 15, total adds: 26, total deletes: 21
  step 1000/1000: loss=0.151652, patches=15
[Trial 1] done: loss=0.151816, time=2759.7s
[Trial 2/3] seed=1
[SRD rewrite] split patch=0, children=9,10, improvement=0.027166
[SRD rewrite] added patch=11, position=(0.244, -0.400, 0.945), improvement=0.015402
[SRD rewrite] added patch=12, position=(0.204, -0.346, 1.013), improvement=0.014654
SRD step 50: evaluated 27 candidates, 16 promising, accepted 3
  Accepted SplitPatch(0) at patch 0, improvement=0.027166
  Accepted AddPatch at patch 11, improvement=0.015402
  Accepted AddPatch at patch 12, improvement=0.014654
  Total patches: 13, total adds: 3, total deletes: 0
  step 50/1000: loss=0.581377, patches=10
[SRD rewrite] deleted patch=10, position=(-0.016, -1.426, 0.832), reason=Area 0.000815 below minimum 0.01
[SRD rewrite] deleted patch=9, position=(0.040, -1.573, 0.902), reason=Area 0.003765 below minimum 0.01
[SRD rewrite] split patch=2, children=10,11, improvement=0.018204
[SRD rewrite] added patch=12, position=(0.645, -0.028, 0.963), improvement=0.012647
[SRD rewrite] added patch=13, position=(0.573, -0.171, 0.947), improvement=0.011668
SRD step 100: evaluated 27 candidates, 17 promising, accepted 5
  Accepted SplitPatch(2) at patch 2, improvement=0.018204
  Accepted AddPatch at patch 12, improvement=0.012647
  Accepted AddPatch at patch 13, improvement=0.011668
  Mandatory DeletePatch(9) at patch 9, reason=Area 0.003765 below minimum 0.01
  Mandatory DeletePatch(10) at patch 10, reason=Area 0.000815 below minimum 0.01
  Total patches: 14, total adds: 6, total deletes: 2
  step 100/1000: loss=0.436365, patches=13
[SRD rewrite] deleted patch=11, position=(-0.281, 0.822, -1.263), reason=Area 0.001024 below minimum 0.01
[SRD rewrite] deleted patch=10, position=(-0.077, 0.995, -1.293), reason=Area 0.000841 below minimum 0.01
[SRD rewrite] deleted patch=9, position=(0.338, -0.555, 1.284), reason=Area 0.000561 below minimum 0.01
[SRD rewrite] added patch=11, position=(-1.229, 0.025, 1.629), improvement=0.004979
[SRD rewrite] added patch=12, position=(0.128, -0.590, 0.728), improvement=0.004780
[SRD rewrite] added patch=13, position=(1.093, -0.508, 1.147), improvement=0.004662
SRD step 150: evaluated 27 candidates, 17 promising, accepted 6
  Accepted AddPatch at patch 11, improvement=0.004979
  Accepted AddPatch at patch 12, improvement=0.004780
  Accepted AddPatch at patch 13, improvement=0.004662
  Mandatory DeletePatch(9) at patch 9, reason=Area 0.000561 below minimum 0.01
  Mandatory DeletePatch(10) at patch 10, reason=Area 0.000841 below minimum 0.01
  Mandatory DeletePatch(11) at patch 11, reason=Area 0.001024 below minimum 0.01
  Total patches: 14, total adds: 9, total deletes: 5
  step 150/1000: loss=0.349690, patches=14
[SRD rewrite] deleted patch=12, position=(0.244, -0.747, 0.712), reason=Area 0.000273 below minimum 0.01
[SRD rewrite] deleted patch=10, position=(0.784, -0.209, 0.579), reason=Area 0.000262 below minimum 0.01
[SRD rewrite] deleted patch=9, position=(0.768, 0.197, 0.585), reason=Area 0.004967 below minimum 0.01
[SRD rewrite] deleted patch=8, position=(0.500, -0.535, 1.243), reason=Area 0.006906 below minimum 0.01
[SRD rewrite] added patch=10, position=(-0.616, -0.925, 0.849), improvement=0.007098
[SRD rewrite] added patch=11, position=(-0.646, 0.837, 1.159), improvement=0.006260
[SRD rewrite] added patch=12, position=(0.684, -0.969, 0.903), improvement=0.005980
SRD step 200: evaluated 27 candidates, 17 promising, accepted 7
  Accepted AddPatch at patch 10, improvement=0.007098
  Accepted AddPatch at patch 11, improvement=0.006260
  Accepted AddPatch at patch 12, improvement=0.005980
  Mandatory DeletePatch(8) at patch 8, reason=Area 0.006906 below minimum 0.01
  Mandatory DeletePatch(9) at patch 9, reason=Area 0.004967 below minimum 0.01
  Mandatory DeletePatch(10) at patch 10, reason=Area 0.000262 below minimum 0.01
  Mandatory DeletePatch(12) at patch 12, reason=Area 0.000273 below minimum 0.01
  Total patches: 13, total adds: 12, total deletes: 9
  step 200/1000: loss=0.293353, patches=14
[SRD rewrite] added patch=13, position=(-0.968, 0.469, 1.796), improvement=0.004377
[SRD rewrite] added patch=14, position=(1.318, -0.051, 0.590), improvement=0.004352
[SRD rewrite] added patch=15, position=(1.261, -0.049, 0.989), improvement=0.004150
SRD step 250: evaluated 27 candidates, 15 promising, accepted 3
  Accepted AddPatch at patch 13, improvement=0.004377
  Accepted AddPatch at patch 14, improvement=0.004352
  Accepted AddPatch at patch 15, improvement=0.004150
  Total patches: 16, total adds: 15, total deletes: 9
  step 250/1000: loss=0.226477, patches=13
[SRD rewrite] added patch=16, position=(-1.045, -0.523, 1.048), improvement=0.000892
SRD step 300: evaluated 27 candidates, 1 promising, accepted 1
  Accepted AddPatch at patch 16, improvement=0.000892
  Total patches: 17, total adds: 16, total deletes: 9
  step 300/1000: loss=0.188136, patches=16
[SRD rewrite] added patch=17, position=(1.185, -0.599, 0.663), improvement=0.002221
[SRD rewrite] restored patch=18, position=(0.784, -0.209, 0.579), improvement=0.001391
[SRD rewrite] added patch=19, position=(-0.113, -0.660, 0.545), improvement=0.000951
SRD step 350: evaluated 27 candidates, 18 promising, accepted 3
  Accepted AddPatch at patch 17, improvement=0.002221
  Accepted RestorePatch(8) at patch 18, improvement=0.001391
  Accepted AddPatch at patch 19, improvement=0.000951
  Total patches: 20, total adds: 19, total deletes: 9
  step 350/1000: loss=0.159637, patches=17
[SRD rewrite] deleted patch=19, position=(-0.285, -0.779, 0.632), reason=Area 0.000251 below minimum 0.01
[SRD rewrite] deleted patch=18, position=(0.888, -0.298, 0.434), reason=Area 0.000262 below minimum 0.01
SRD step 400: evaluated 27 candidates, 0 promising, accepted 2
  Mandatory DeletePatch(18) at patch 18, reason=Area 0.000262 below minimum 0.01
  Mandatory DeletePatch(19) at patch 19, reason=Area 0.000251 below minimum 0.01
  Total patches: 18, total adds: 19, total deletes: 11
  step 400/1000: loss=0.148424, patches=20
SRD step 450: evaluated 27 candidates, 0 promising, accepted 0
  Total patches: 18, total adds: 19, total deletes: 11
  step 450/1000: loss=0.142461, patches=18
[SRD rewrite] deleted patch=2, position=(0.097, -2.667, -1.233), reason=no image contribution, delete has no image effect
SRD step 500: evaluated 27 candidates, 0 promising, accepted 1
  Mandatory DeletePatch(2) at patch 2, reason=no image contribution, delete has no image effect
  Total patches: 17, total adds: 19, total deletes: 12
  step 500/1000: loss=0.128801, patches=18
SRD step 550: evaluated 27 candidates, 0 promising, accepted 0
  Total patches: 17, total adds: 19, total deletes: 12
  step 550/1000: loss=0.128307, patches=17
SRD step 600: evaluated 27 candidates, 0 promising, accepted 0
  Total patches: 17, total adds: 19, total deletes: 12
  step 600/1000: loss=0.124924, patches=17
SRD step 650: evaluated 27 candidates, 0 promising, accepted 0
  Total patches: 17, total adds: 19, total deletes: 12
  step 650/1000: loss=0.129174, patches=17
SRD step 700: evaluated 27 candidates, 0 promising, accepted 0
  Total patches: 17, total adds: 19, total deletes: 12
  step 700/1000: loss=0.136253, patches=17
SRD step 750: evaluated 27 candidates, 0 promising, accepted 0
  Total patches: 17, total adds: 19, total deletes: 12
  step 750/1000: loss=0.141862, patches=17
SRD step 800: evaluated 27 candidates, 0 promising, accepted 0
  Total patches: 17, total adds: 19, total deletes: 12
  step 800/1000: loss=0.123785, patches=17
SRD step 850: evaluated 27 candidates, 0 promising, accepted 0
  Total patches: 17, total adds: 19, total deletes: 12
  step 850/1000: loss=0.119224, patches=17
SRD step 900: evaluated 27 candidates, 0 promising, accepted 0
  Total patches: 17, total adds: 19, total deletes: 12
  step 900/1000: loss=0.114040, patches=17
SRD step 950: evaluated 27 candidates, 0 promising, accepted 0
  Total patches: 17, total adds: 19, total deletes: 12
  step 950/1000: loss=0.113542, patches=17
SRD step 1000: evaluated 27 candidates, 0 promising, accepted 0
  Total patches: 17, total adds: 19, total deletes: 12
  step 1000/1000: loss=0.106959, patches=17
[SRD rewrite] deleted patch=1, position=(0.725, 0.356, -1.466), reason=final deletion pass improved loss
[Trial 2] done: loss=0.101301, time=3078.7s
[Trial 3/3] seed=2
[SRD rewrite] added patch=10, position=(-0.015, -0.113, 1.367), improvement=0.022895
[SRD rewrite] added patch=11, position=(-0.032, -0.104, 1.282), improvement=0.022633
[SRD rewrite] added patch=12, position=(-0.034, 0.286, 1.209), improvement=0.022267
SRD step 50: evaluated 27 candidates, 27 promising, accepted 3
  Accepted AddPatch at patch 10, improvement=0.022895
  Accepted AddPatch at patch 11, improvement=0.022633
  Accepted AddPatch at patch 12, improvement=0.022267
  Total patches: 13, total adds: 3, total deletes: 0
  step 50/1000: loss=0.489395, patches=10
[SRD rewrite] deleted patch=10, position=(0.030, -0.169, 1.410), reason=Area 0.001324 below minimum 0.01
[SRD rewrite] added patch=12, position=(0.243, -0.492, 1.055), improvement=0.007690
[SRD rewrite] added patch=13, position=(-0.237, -0.401, 1.182), improvement=0.006459
[SRD rewrite] added patch=14, position=(-0.541, -0.350, 1.447), improvement=0.006050
SRD step 100: evaluated 27 candidates, 15 promising, accepted 4
  Accepted AddPatch at patch 12, improvement=0.007690
  Accepted AddPatch at patch 13, improvement=0.006459
  Accepted AddPatch at patch 14, improvement=0.006050
  Mandatory DeletePatch(10) at patch 10, reason=Area 0.001324 below minimum 0.01
  Total patches: 15, total adds: 6, total deletes: 1
  step 100/1000: loss=0.344216, patches=13
[SRD rewrite] deleted patch=14, position=(-0.524, -0.386, 1.463), reason=Area 0.005361 below minimum 0.01
[SRD rewrite] deleted patch=10, position=(0.207, -0.051, 1.402), reason=Area 0.000378 below minimum 0.01
[SRD rewrite] added patch=13, position=(-0.012, -0.443, 1.344), improvement=0.001300
[SRD rewrite] restored patch=14, position=(-0.524, -0.386, 1.463), improvement=0.000819
[SRD rewrite] added patch=15, position=(0.772, -0.041, 1.240), improvement=0.000818
SRD step 150: evaluated 27 candidates, 7 promising, accepted 5
  Accepted AddPatch at patch 13, improvement=0.001300
  Accepted RestorePatch(1) at patch 14, improvement=0.000819
  Accepted AddPatch at patch 15, improvement=0.000818
  Mandatory DeletePatch(10) at patch 10, reason=Area 0.000378 below minimum 0.01
  Mandatory DeletePatch(14) at patch 14, reason=Area 0.005361 below minimum 0.01
  Total patches: 16, total adds: 9, total deletes: 3
  step 150/1000: loss=0.271165, patches=15
[SRD rewrite] deleted patch=14, position=(-0.496, -0.467, 1.456), reason=Area 0.001288 below minimum 0.01
[SRD rewrite] deleted patch=13, position=(0.007, -0.460, 1.357), reason=Area 0.000717 below minimum 0.01
SRD step 200: evaluated 27 candidates, 0 promising, accepted 2
  Mandatory DeletePatch(13) at patch 13, reason=Area 0.000717 below minimum 0.01
  Mandatory DeletePatch(14) at patch 14, reason=Area 0.001288 below minimum 0.01
  Total patches: 14, total adds: 9, total deletes: 5
  step 200/1000: loss=0.229545, patches=16
SRD step 250: evaluated 27 candidates, 0 promising, accepted 0
  Total patches: 14, total adds: 9, total deletes: 5
  step 250/1000: loss=0.210320, patches=14
[SRD rewrite] deleted patch=10, position=(0.097, 0.692, 1.249), reason=Area 0.009693 below minimum 0.01
SRD step 300: evaluated 27 candidates, 0 promising, accepted 1
  Mandatory DeletePatch(10) at patch 10, reason=Area 0.009693 below minimum 0.01
  Total patches: 13, total adds: 9, total deletes: 6
  step 300/1000: loss=0.205991, patches=14
[SRD rewrite] added patch=13, position=(-0.611, -0.875, 1.185), improvement=0.000148
SRD step 350: evaluated 27 candidates, 1 promising, accepted 1
  Accepted AddPatch at patch 13, improvement=0.000148
  Total patches: 14, total adds: 10, total deletes: 6
  step 350/1000: loss=0.204786, patches=13
[SRD rewrite] added patch=14, position=(-0.614, -0.909, 0.938), improvement=0.001727
[SRD rewrite] added patch=15, position=(-0.023, 2.243, 0.170), improvement=0.001159
[SRD rewrite] added patch=16, position=(0.056, -0.602, 0.879), improvement=0.001003
SRD step 400: evaluated 27 candidates, 10 promising, accepted 3
  Accepted AddPatch at patch 14, improvement=0.001727
  Accepted AddPatch at patch 15, improvement=0.001159
  Accepted AddPatch at patch 16, improvement=0.001003
  Total patches: 17, total adds: 13, total deletes: 6
  step 400/1000: loss=0.193364, patches=14
[SRD rewrite] deleted patch=16, position=(0.133, -0.672, 0.987), reason=Area 0.000257 below minimum 0.01
[SRD rewrite] deleted patch=15, position=(-0.023, 2.243, 0.170), reason=Area 0.009291 below minimum 0.01
[SRD rewrite] added patch=15, position=(0.640, -0.914, 0.769), improvement=0.001045
[SRD rewrite] added patch=16, position=(0.749, -1.152, -0.227), improvement=0.000309
SRD step 450: evaluated 27 candidates, 2 promising, accepted 4
  Accepted AddPatch at patch 15, improvement=0.001045
  Accepted AddPatch at patch 16, improvement=0.000309
  Mandatory DeletePatch(15) at patch 15, reason=Area 0.009291 below minimum 0.01
  Mandatory DeletePatch(16) at patch 16, reason=Area 0.000257 below minimum 0.01
  Total patches: 17, total adds: 15, total deletes: 8
  step 450/1000: loss=0.179439, patches=17
[SRD rewrite] deleted patch=11, position=(-0.199, -0.663, 1.324), reason=Area 0.009943 below minimum 0.01
SRD step 500: evaluated 27 candidates, 0 promising, accepted 1
  Mandatory DeletePatch(11) at patch 11, reason=Area 0.009943 below minimum 0.01
  Total patches: 16, total adds: 15, total deletes: 9
  step 500/1000: loss=0.166106, patches=17
SRD step 550: evaluated 27 candidates, 0 promising, accepted 0
  Total patches: 16, total adds: 15, total deletes: 9
  step 550/1000: loss=0.157598, patches=16
SRD step 600: evaluated 27 candidates, 0 promising, accepted 0
  Total patches: 16, total adds: 15, total deletes: 9
  step 600/1000: loss=0.156945, patches=16
SRD step 650: evaluated 27 candidates, 0 promising, accepted 0
  Total patches: 16, total adds: 15, total deletes: 9
  step 650/1000: loss=0.151032, patches=16
SRD step 700: evaluated 27 candidates, 0 promising, accepted 0
  Total patches: 16, total adds: 15, total deletes: 9
  step 700/1000: loss=0.148029, patches=16
[SRD rewrite] added patch=16, position=(-1.133, 0.606, 0.983), improvement=0.000134
SRD step 750: evaluated 27 candidates, 1 promising, accepted 1
  Accepted AddPatch at patch 16, improvement=0.000134
  Total patches: 17, total adds: 16, total deletes: 9
  step 750/1000: loss=0.145643, patches=16
[SRD rewrite] added patch=17, position=(0.033, -1.376, -0.879), improvement=0.000687
[SRD rewrite] restored patch=18, position=(0.097, 0.692, 1.249), improvement=0.000541
SRD step 800: evaluated 27 candidates, 3 promising, accepted 2
  Accepted AddPatch at patch 17, improvement=0.000687
  Accepted RestorePatch(4) at patch 18, improvement=0.000541
  Total patches: 19, total adds: 18, total deletes: 9
  step 800/1000: loss=0.132800, patches=17
[SRD rewrite] deleted patch=18, position=(0.114, 0.745, 1.239), reason=Area 0.000453 below minimum 0.01
[SRD rewrite] deleted patch=10, position=(0.600, -0.512, 1.266), reason=Area 0.008944 below minimum 0.01
SRD step 850: evaluated 27 candidates, 0 promising, accepted 2
  Mandatory DeletePatch(10) at patch 10, reason=Area 0.008944 below minimum 0.01
  Mandatory DeletePatch(18) at patch 18, reason=Area 0.000453 below minimum 0.01
  Total patches: 17, total adds: 18, total deletes: 11
  step 850/1000: loss=0.117899, patches=19
[SRD rewrite] deleted patch=11, position=(-0.468, -0.659, 1.373), reason=Area 0.005891 below minimum 0.01
[SRD rewrite] deleted patch=3, position=(0.973, -0.028, 0.345), reason=Area 0.003180 below minimum 0.01
SRD step 900: evaluated 27 candidates, 0 promising, accepted 2
  Mandatory DeletePatch(3) at patch 3, reason=Area 0.003180 below minimum 0.01
  Mandatory DeletePatch(11) at patch 11, reason=Area 0.005891 below minimum 0.01
  Total patches: 15, total adds: 18, total deletes: 13
  step 900/1000: loss=0.113816, patches=17
[SRD rewrite] deleted patch=14, position=(-0.056, -1.429, -0.598), reason=delete has no image effect
SRD step 950: evaluated 27 candidates, 0 promising, accepted 1
  Mandatory DeletePatch(14) at patch 14, reason=delete has no image effect
  Total patches: 14, total adds: 18, total deletes: 14
  step 950/1000: loss=0.111902, patches=15
SRD step 1000: evaluated 27 candidates, 0 promising, accepted 0
  Total patches: 14, total adds: 18, total deletes: 14
  step 1000/1000: loss=0.111249, patches=14
[Trial 3] done: loss=0.111044, time=2918.8s
[Run] report written to results/slurm/20260718_0340/patchsize_sun_moon_10/patches_10/with_srd/with_srd.txt
[Swept volume] building (resolution=256)...
[Run] mode=full, trials=3, seeds=[0, 1, 2], steps=1000, srd=False, ablation_flags={'disable_swept_volume_adds': True, 'loss_only_deletion': True, 'disable_splitting': False}
[Trial 1/3] seed=0
[Patch] mapbox-earcut is not installed; falling back to fan fill, so non-convex pieces will render incorrectly. Install it with: pip install mapbox-earcut
  step 50/1000: loss=0.520624, patches=10
  step 100/1000: loss=0.431047, patches=10
  step 150/1000: loss=0.368848, patches=10
  step 200/1000: loss=0.346945, patches=10
  step 250/1000: loss=0.341188, patches=10
  step 300/1000: loss=0.315396, patches=10
  step 350/1000: loss=0.309372, patches=10
  step 400/1000: loss=0.315179, patches=10
  step 450/1000: loss=0.310858, patches=10
  step 500/1000: loss=0.310319, patches=10
  step 550/1000: loss=0.310068, patches=10
  step 600/1000: loss=0.319034, patches=10
  step 650/1000: loss=0.329989, patches=10
  step 700/1000: loss=0.326291, patches=10
  step 750/1000: loss=0.321234, patches=10
  step 800/1000: loss=0.316944, patches=10
  step 850/1000: loss=0.314696, patches=10
  step 900/1000: loss=0.311119, patches=10
  step 950/1000: loss=0.311667, patches=10
  step 1000/1000: loss=0.310712, patches=10
[Trial 1] done: loss=0.310897, time=506.0s
[Trial 2/3] seed=1
  step 50/1000: loss=0.581377, patches=10
  step 100/1000: loss=0.464567, patches=10
  step 150/1000: loss=0.359568, patches=10
  step 200/1000: loss=0.336212, patches=10
  step 250/1000: loss=0.320555, patches=10
  step 300/1000: loss=0.306661, patches=10
  step 350/1000: loss=0.289462, patches=10
  step 400/1000: loss=0.289510, patches=10
  step 450/1000: loss=0.286510, patches=10
  step 500/1000: loss=0.280245, patches=10
  step 550/1000: loss=0.277166, patches=10
  step 600/1000: loss=0.268928, patches=10
  step 650/1000: loss=0.264246, patches=10
  step 700/1000: loss=0.265522, patches=10
  step 750/1000: loss=0.267530, patches=10
  step 800/1000: loss=0.267858, patches=10
  step 850/1000: loss=0.265807, patches=10
  step 900/1000: loss=0.264784, patches=10
  step 950/1000: loss=0.262614, patches=10
  step 1000/1000: loss=0.260811, patches=10
[Trial 2] done: loss=0.260284, time=507.1s
[Trial 3/3] seed=2
  step 50/1000: loss=0.489395, patches=10
  step 100/1000: loss=0.363075, patches=10
  step 150/1000: loss=0.317429, patches=10
  step 200/1000: loss=0.288294, patches=10
  step 250/1000: loss=0.268141, patches=10
  step 300/1000: loss=0.249314, patches=10
  step 350/1000: loss=0.240118, patches=10
  step 400/1000: loss=0.236998, patches=10
  step 450/1000: loss=0.232252, patches=10
  step 500/1000: loss=0.227981, patches=10
  step 550/1000: loss=0.233178, patches=10
  step 600/1000: loss=0.238569, patches=10
  step 650/1000: loss=0.236769, patches=10
  step 700/1000: loss=0.239055, patches=10
  step 750/1000: loss=0.232860, patches=10
  step 800/1000: loss=0.234830, patches=10
  step 850/1000: loss=0.232893, patches=10
  step 900/1000: loss=0.234071, patches=10
  step 950/1000: loss=0.232806, patches=10
  step 1000/1000: loss=0.229547, patches=10
[Trial 3] done: loss=0.229270, time=523.4s
[Run] report written to results/slurm/20260718_0340/patchsize_sun_moon_10/patches_10/without_srd/without_srd.txt

======================================================================
Running 3 trials WITH SRD
======================================================================


======================================================================
Running 3 trials WITHOUT SRD
======================================================================


[Comparison] report written to results/slurm/20260718_0340/patchsize_sun_moon_10/patches_10/comparison.txt

======================================================================
SRD Patch Size Comparison
======================================================================
Started: 2026-07-18T04:47:27
Patch sizes: [10]
Trials per size: 3
Steps per trial: 1000
Output directory: results/slurm/20260718_0340/patchsize_sun_moon_10
======================================================================


======================================================================
Running comparison with 10 initial patches
  Target 1: images/sun.png
  Target 2: images/moon.png
  Trials: 3, Steps: 1000
======================================================================

[OK] Comparison with 10 patches completed successfully

======================================================================
Comparison Summary
======================================================================
Successful: 1/1
Total time: 10877.1 seconds (3.02 hours)
Summary report: results/slurm/20260718_0340/patchsize_sun_moon_10/SUMMARY.txt
======================================================================

