## SLURM PROLOG ###############################################################
##    Job ID : 4093802
##  Job Name : 20260718_1833_ablation_horse_circle_ablation
##  Nodelist : gpu2506
##      CPUs : 
##  Mem/Node : 128000 MB
## Directory : /oscar/home/cjmok/automated-perspective-sculptor
##   Job Started : Sat Jul 18 06:33:14 PM EDT 2026
###############################################################################
[Swept volume] building (resolution=256)...
[Run] mode=ablation, trials=3, seeds=[0, 1, 2], steps=2000, srd=True, ablation_flags={'disable_swept_volume_adds': True, 'loss_only_deletion': True, 'disable_splitting': True}
[Trial 1/3] seed=0
[Patch] mapbox-earcut is not installed; falling back to fan fill, so non-convex pieces will render incorrectly. Install it with: pip install mapbox-earcut
[SRD rewrite] deleted patch=12, position=(2.225, 0.683, -0.990), reason=accepted rewrite
[SRD rewrite] deleted patch=4, position=(-2.174, -0.514, -1.512), reason=accepted rewrite
[SRD rewrite] deleted patch=3, position=(-2.458, -0.823, -1.709), reason=accepted rewrite
[SRD rewrite] added patch=17, position=(0.381, 0.460, 0.361), improvement=0.031102
[SRD rewrite] added patch=18, position=(-1.234, -0.168, -1.278), improvement=0.030928
[SRD rewrite] added patch=19, position=(-0.427, -1.177, 1.371), improvement=0.030509
SRD step 50: evaluated 32 candidates, 30 promising, accepted 6
  Accepted DeletePatch(12) at patch 12, improvement=0.032911
  Accepted AddPatch at patch 17, improvement=0.031102
  Accepted AddPatch at patch 18, improvement=0.030928
  Accepted AddPatch at patch 19, improvement=0.030509
  Accepted DeletePatch(3) at patch 3, improvement=0.011144
  Accepted DeletePatch(4) at patch 4, improvement=0.008768
  Total patches: 20, total adds: 3, total deletes: 3
  step 50/2000: loss=0.676119, patches=20
[SRD rewrite] deleted patch=17, position=(0.458, 0.462, 0.474), reason=accepted rewrite
[SRD rewrite] restored patch=19, position=(-2.458, -0.823, -1.709), improvement=0.017359
[SRD rewrite] added patch=20, position=(-0.662, -0.321, 1.960), improvement=0.017001
[SRD rewrite] added patch=21, position=(1.773, 1.219, -0.107), improvement=0.016613
SRD step 100: evaluated 32 candidates, 26 promising, accepted 4
  Accepted RestorePatch(2) at patch 19, improvement=0.017359
  Accepted AddPatch at patch 20, improvement=0.017001
  Accepted AddPatch at patch 21, improvement=0.016613
  Accepted DeletePatch(17) at patch 17, improvement=0.005258
  Total patches: 22, total adds: 6, total deletes: 4
  step 100/2000: loss=0.449743, patches=20
[SRD rewrite] added patch=22, position=(-0.503, -0.991, 1.376), improvement=0.003365
[SRD rewrite] restored patch=23, position=(-2.174, -0.514, -1.512), improvement=0.003097
[SRD rewrite] added patch=24, position=(2.371, 1.812, 1.402), improvement=0.002879
SRD step 150: evaluated 32 candidates, 23 promising, accepted 3
  Accepted AddPatch at patch 22, improvement=0.003365
  Accepted RestorePatch(1) at patch 23, improvement=0.003097
  Accepted AddPatch at patch 24, improvement=0.002879
  Total patches: 25, total adds: 9, total deletes: 4
  step 150/2000: loss=0.350623, patches=22
[SRD rewrite] added patch=25, position=(-1.895, -1.292, -1.359), improvement=0.003703
[SRD rewrite] restored patch=26, position=(0.458, 0.462, 0.474), improvement=0.002960
[SRD rewrite] added patch=27, position=(-1.277, -0.628, -2.272), improvement=0.002819
SRD step 200: evaluated 32 candidates, 24 promising, accepted 3
  Accepted AddPatch at patch 25, improvement=0.003703
  Accepted RestorePatch(1) at patch 26, improvement=0.002960
  Accepted AddPatch at patch 27, improvement=0.002819
  Total patches: 28, total adds: 12, total deletes: 4
  step 200/2000: loss=0.293576, patches=25
SRD step 250: evaluated 32 candidates, 0 promising, accepted 0
  Total patches: 28, total adds: 12, total deletes: 4
  step 250/2000: loss=0.264468, patches=28
[SRD rewrite] added patch=28, position=(1.199, 1.990, 0.863), improvement=0.000411
[SRD rewrite] added patch=29, position=(-0.978, 2.490, -0.689), improvement=0.000411
[SRD rewrite] added patch=30, position=(-2.207, -0.147, -1.921), improvement=0.000411
SRD step 300: evaluated 32 candidates, 3 promising, accepted 3
  Accepted AddPatch at patch 28, improvement=0.000411
  Accepted AddPatch at patch 29, improvement=0.000411
  Accepted AddPatch at patch 30, improvement=0.000411
  Total patches: 31, total adds: 15, total deletes: 4
  step 300/2000: loss=0.245888, patches=28
SRD step 350: evaluated 32 candidates, 0 promising, accepted 0
  Total patches: 31, total adds: 15, total deletes: 4
  step 350/2000: loss=0.228201, patches=31
SRD step 400: evaluated 32 candidates, 0 promising, accepted 0
  Total patches: 31, total adds: 15, total deletes: 4
  step 400/2000: loss=0.220191, patches=31
[SRD rewrite] added patch=31, position=(-1.310, 0.722, -0.801), improvement=0.000064
SRD step 450: evaluated 32 candidates, 1 promising, accepted 1
  Accepted AddPatch at patch 31, improvement=0.000064
  Total patches: 32, total adds: 16, total deletes: 4
  step 450/2000: loss=0.210156, patches=31
[SRD rewrite] added patch=32, position=(1.044, -2.280, 1.898), improvement=0.001054
[SRD rewrite] added patch=33, position=(-1.321, 0.602, 0.698), improvement=0.000911
[SRD rewrite] added patch=34, position=(-2.347, -1.378, 2.268), improvement=0.000407
SRD step 500: evaluated 32 candidates, 7 promising, accepted 3
  Accepted AddPatch at patch 32, improvement=0.001054
  Accepted AddPatch at patch 33, improvement=0.000911
  Accepted AddPatch at patch 34, improvement=0.000407
  Total patches: 35, total adds: 19, total deletes: 4
  step 500/2000: loss=0.194245, patches=32
SRD step 550: evaluated 32 candidates, 0 promising, accepted 0
  Total patches: 35, total adds: 19, total deletes: 4
  step 550/2000: loss=0.189473, patches=35
SRD step 600: evaluated 32 candidates, 0 promising, accepted 0
  Total patches: 35, total adds: 19, total deletes: 4
  step 600/2000: loss=0.181023, patches=35
SRD step 650: evaluated 32 candidates, 0 promising, accepted 0
  Total patches: 35, total adds: 19, total deletes: 4
  step 650/2000: loss=0.169306, patches=35
SRD step 700: evaluated 32 candidates, 0 promising, accepted 0
  Total patches: 35, total adds: 19, total deletes: 4
  step 700/2000: loss=0.162807, patches=35
[SRD rewrite] added patch=35, position=(-2.044, 0.007, -1.901), improvement=0.001374
[SRD rewrite] added patch=36, position=(1.357, -2.138, 0.852), improvement=0.001333
[SRD rewrite] added patch=37, position=(-0.017, -2.399, -0.091), improvement=0.001333
SRD step 750: evaluated 32 candidates, 7 promising, accepted 3
  Accepted AddPatch at patch 35, improvement=0.001374
  Accepted AddPatch at patch 36, improvement=0.001333
  Accepted AddPatch at patch 37, improvement=0.001333
  Total patches: 38, total adds: 22, total deletes: 4
  step 750/2000: loss=0.159357, patches=35
SRD step 800: evaluated 32 candidates, 0 promising, accepted 0
  Total patches: 38, total adds: 22, total deletes: 4
  step 800/2000: loss=0.155778, patches=38
SRD step 850: evaluated 32 candidates, 0 promising, accepted 0
  Total patches: 38, total adds: 22, total deletes: 4
  step 850/2000: loss=0.154298, patches=38
[SRD rewrite] added patch=38, position=(1.457, 0.932, 0.438), improvement=0.000204
SRD step 900: evaluated 32 candidates, 1 promising, accepted 1
  Accepted AddPatch at patch 38, improvement=0.000204
  Total patches: 39, total adds: 23, total deletes: 4
  step 900/2000: loss=0.152526, patches=38
SRD step 950: evaluated 32 candidates, 0 promising, accepted 0
  Total patches: 39, total adds: 23, total deletes: 4
  step 950/2000: loss=0.144378, patches=39
SRD step 1000: evaluated 32 candidates, 0 promising, accepted 0
  Total patches: 39, total adds: 23, total deletes: 4
  step 1000/2000: loss=0.142335, patches=39
SRD step 1050: evaluated 32 candidates, 0 promising, accepted 0
  Total patches: 39, total adds: 23, total deletes: 4
  step 1050/2000: loss=0.143052, patches=39
SRD step 1100: evaluated 32 candidates, 0 promising, accepted 0
  Total patches: 39, total adds: 23, total deletes: 4
  step 1100/2000: loss=0.139202, patches=39
SRD step 1150: evaluated 32 candidates, 0 promising, accepted 0
  Total patches: 39, total adds: 23, total deletes: 4
  step 1150/2000: loss=0.146126, patches=39
SRD step 1200: evaluated 32 candidates, 0 promising, accepted 0
  Total patches: 39, total adds: 23, total deletes: 4
  step 1200/2000: loss=0.144671, patches=39
SRD step 1250: evaluated 32 candidates, 0 promising, accepted 0
  Total patches: 39, total adds: 23, total deletes: 4
  step 1250/2000: loss=0.137816, patches=39
[SRD rewrite] deleted patch=21, position=(2.376, 0.142, -1.493), reason=accepted rewrite
SRD step 1300: evaluated 32 candidates, 1 promising, accepted 1
  Accepted DeletePatch(21) at patch 21, improvement=0.001127
  Total patches: 38, total adds: 23, total deletes: 5
  step 1300/2000: loss=0.138313, patches=39
SRD step 1350: evaluated 32 candidates, 0 promising, accepted 0
  Total patches: 38, total adds: 23, total deletes: 5
  step 1350/2000: loss=0.128277, patches=38
[SRD rewrite] added patch=38, position=(-1.861, 0.595, -1.759), improvement=0.000781
[SRD rewrite] added patch=39, position=(0.986, -0.337, -0.594), improvement=0.000692
[SRD rewrite] added patch=40, position=(0.483, 2.201, 1.472), improvement=0.000537
SRD step 1400: evaluated 32 candidates, 9 promising, accepted 3
  Accepted AddPatch at patch 38, improvement=0.000781
  Accepted AddPatch at patch 39, improvement=0.000692
  Accepted AddPatch at patch 40, improvement=0.000537
  Total patches: 41, total adds: 26, total deletes: 5
  step 1400/2000: loss=0.127667, patches=38
SRD step 1450: evaluated 32 candidates, 0 promising, accepted 0
  Total patches: 41, total adds: 26, total deletes: 5
  step 1450/2000: loss=0.121925, patches=41
SRD step 1500: evaluated 32 candidates, 0 promising, accepted 0
  Total patches: 41, total adds: 26, total deletes: 5
  step 1500/2000: loss=0.119222, patches=41
SRD step 1550: evaluated 32 candidates, 0 promising, accepted 0
  Total patches: 41, total adds: 26, total deletes: 5
  step 1550/2000: loss=0.124464, patches=41
SRD step 1600: evaluated 32 candidates, 0 promising, accepted 0
  Total patches: 41, total adds: 26, total deletes: 5
  step 1600/2000: loss=0.123866, patches=41
SRD step 1650: evaluated 32 candidates, 0 promising, accepted 0
  Total patches: 41, total adds: 26, total deletes: 5
  step 1650/2000: loss=0.121589, patches=41
[SRD rewrite] added patch=41, position=(2.323, 1.385, -2.230), improvement=0.000967
[SRD rewrite] added patch=42, position=(-2.016, -2.104, 2.187), improvement=0.000461
[SRD rewrite] added patch=43, position=(-2.405, 2.320, 0.095), improvement=0.000144
SRD step 1700: evaluated 32 candidates, 4 promising, accepted 3
  Accepted AddPatch at patch 41, improvement=0.000967
  Accepted AddPatch at patch 42, improvement=0.000461
  Accepted AddPatch at patch 43, improvement=0.000144
  Total patches: 44, total adds: 29, total deletes: 5
  step 1700/2000: loss=0.127063, patches=41
SRD step 1750: evaluated 32 candidates, 0 promising, accepted 0
  Total patches: 44, total adds: 29, total deletes: 5
  step 1750/2000: loss=0.129727, patches=44
SRD step 1800: evaluated 32 candidates, 0 promising, accepted 0
  Total patches: 44, total adds: 29, total deletes: 5
  step 1800/2000: loss=0.126779, patches=44
SRD step 1850: evaluated 32 candidates, 0 promising, accepted 0
  Total patches: 44, total adds: 29, total deletes: 5
  step 1850/2000: loss=0.129121, patches=44
SRD step 1900: evaluated 32 candidates, 0 promising, accepted 0
  Total patches: 44, total adds: 29, total deletes: 5
  step 1900/2000: loss=0.137506, patches=44
SRD step 1950: evaluated 32 candidates, 0 promising, accepted 0
  Total patches: 44, total adds: 29, total deletes: 5
  step 1950/2000: loss=0.141389, patches=44
SRD step 2000: evaluated 32 candidates, 0 promising, accepted 0
  Total patches: 44, total adds: 29, total deletes: 5
  step 2000/2000: loss=0.145601, patches=44
[SRD rewrite] deleted patch=5, position=(0.119, 1.563, 0.525), reason=final deletion pass improved loss
[SRD rewrite] deleted patch=5, position=(1.004, 0.459, -2.098), reason=final deletion pass improved loss
[SRD rewrite] deleted patch=12, position=(-0.622, 0.957, -1.483), reason=final deletion pass improved loss
[SRD rewrite] deleted patch=15, position=(-0.080, -2.107, 0.801), reason=final deletion pass improved loss
[SRD rewrite] deleted patch=16, position=(-0.908, -0.436, 2.469), reason=final deletion pass improved loss
[SRD rewrite] deleted patch=18, position=(2.371, 1.812, 1.402), reason=final deletion pass improved loss
[SRD rewrite] deleted patch=20, position=(-1.119, -0.670, -2.427), reason=final deletion pass improved loss
[SRD rewrite] deleted patch=30, position=(1.563, 1.263, -0.689), reason=final deletion pass improved loss
[SRD rewrite] deleted patch=34, position=(-2.462, -2.233, 1.722), reason=final deletion pass improved loss
[SRD rewrite] deleted patch=34, position=(-2.405, 2.320, 0.095), reason=final deletion pass improved loss
[Trial 1] done: loss=0.134257, time=15587.4s
[Trial 2/3] seed=1
[SRD rewrite] deleted patch=19, position=(-0.831, -1.076, -1.210), reason=accepted rewrite
[SRD rewrite] deleted patch=14, position=(0.775, 0.018, 1.595), reason=accepted rewrite
[SRD rewrite] deleted patch=0, position=(-0.610, 0.295, -1.391), reason=accepted rewrite
[SRD rewrite] added patch=17, position=(1.891, -2.363, 0.852), improvement=0.033157
[SRD rewrite] added patch=18, position=(1.102, -2.499, -0.988), improvement=0.033157
[SRD rewrite] added patch=19, position=(0.617, -2.421, 2.147), improvement=0.033157
SRD step 50: evaluated 32 candidates, 30 promising, accepted 6
  Accepted AddPatch at patch 17, improvement=0.033157
  Accepted AddPatch at patch 18, improvement=0.033157
  Accepted AddPatch at patch 19, improvement=0.033157
  Accepted DeletePatch(14) at patch 14, improvement=0.011314
  Accepted DeletePatch(0) at patch 0, improvement=0.003170
  Accepted DeletePatch(19) at patch 19, improvement=0.001158
  Total patches: 20, total adds: 3, total deletes: 3
  step 50/2000: loss=0.703933, patches=20
[SRD rewrite] deleted patch=18, position=(1.102, -2.499, -0.988), reason=accepted rewrite
[SRD rewrite] deleted patch=11, position=(-1.450, -1.487, -0.132), reason=accepted rewrite
[SRD rewrite] deleted patch=7, position=(-0.124, -0.427, -2.015), reason=accepted rewrite
[SRD rewrite] restored patch=17, position=(-0.831, -1.076, -1.210), improvement=0.019612
[SRD rewrite] added patch=18, position=(1.698, 0.616, -0.877), improvement=0.015467
[SRD rewrite] added patch=19, position=(0.582, -2.320, 0.772), improvement=0.014979
SRD step 100: evaluated 32 candidates, 30 promising, accepted 6
  Accepted RestorePatch(0) at patch 17, improvement=0.019612
  Accepted AddPatch at patch 18, improvement=0.015467
  Accepted AddPatch at patch 19, improvement=0.014979
  Accepted DeletePatch(11) at patch 11, improvement=0.013937
  Accepted DeletePatch(7) at patch 7, improvement=0.011222
  Accepted DeletePatch(18) at patch 18, improvement=0.005272
  Total patches: 20, total adds: 6, total deletes: 6
  step 100/2000: loss=0.465328, patches=20
[SRD rewrite] deleted patch=16, position=(0.617, -2.421, 2.147), reason=accepted rewrite
[SRD rewrite] added patch=19, position=(-0.349, 2.369, 0.889), improvement=0.011782
[SRD rewrite] added patch=20, position=(-1.804, 0.202, -0.165), improvement=0.011782
[SRD rewrite] restored patch=21, position=(1.102, -2.499, -0.988), improvement=0.011782
SRD step 150: evaluated 32 candidates, 26 promising, accepted 4
  Accepted AddPatch at patch 19, improvement=0.011782
  Accepted AddPatch at patch 20, improvement=0.011782
  Accepted RestorePatch(2) at patch 21, improvement=0.011782
  Accepted DeletePatch(16) at patch 16, improvement=0.000742
  Total patches: 22, total adds: 9, total deletes: 7
  step 150/2000: loss=0.323178, patches=20
[SRD rewrite] added patch=22, position=(1.526, -0.100, -0.062), improvement=0.002083
[SRD rewrite] restored patch=23, position=(-0.610, 0.295, -1.391), improvement=0.001684
[SRD rewrite] restored patch=24, position=(0.617, -2.421, 2.147), improvement=0.001413
SRD step 200: evaluated 32 candidates, 14 promising, accepted 3
  Accepted AddPatch at patch 22, improvement=0.002083
  Accepted RestorePatch(1) at patch 23, improvement=0.001684
  Accepted RestorePatch(4) at patch 24, improvement=0.001413
  Total patches: 25, total adds: 12, total deletes: 7
  step 200/2000: loss=0.271299, patches=22
SRD step 250: evaluated 32 candidates, 0 promising, accepted 0
  Total patches: 25, total adds: 12, total deletes: 7
  step 250/2000: loss=0.257368, patches=25
SRD step 300: evaluated 32 candidates, 0 promising, accepted 0
  Total patches: 25, total adds: 12, total deletes: 7
  step 300/2000: loss=0.257069, patches=25
SRD step 350: evaluated 32 candidates, 0 promising, accepted 0
  Total patches: 25, total adds: 12, total deletes: 7
  step 350/2000: loss=0.250761, patches=25
[SRD rewrite] added patch=25, position=(-1.024, 0.221, -0.060), improvement=0.001120
[SRD rewrite] added patch=26, position=(0.542, -2.494, -0.145), improvement=0.001080
[SRD rewrite] added patch=27, position=(0.307, 2.111, 0.755), improvement=0.000935
SRD step 400: evaluated 32 candidates, 5 promising, accepted 3
  Accepted AddPatch at patch 25, improvement=0.001120
  Accepted AddPatch at patch 26, improvement=0.001080
  Accepted AddPatch at patch 27, improvement=0.000935
  Total patches: 28, total adds: 15, total deletes: 7
  step 400/2000: loss=0.244300, patches=25
SRD step 450: evaluated 32 candidates, 0 promising, accepted 0
  Total patches: 28, total adds: 15, total deletes: 7
  step 450/2000: loss=0.234316, patches=28
SRD step 500: evaluated 32 candidates, 0 promising, accepted 0
  Total patches: 28, total adds: 15, total deletes: 7
  step 500/2000: loss=0.228108, patches=28
SRD step 550: evaluated 32 candidates, 0 promising, accepted 0
  Total patches: 28, total adds: 15, total deletes: 7
  step 550/2000: loss=0.228276, patches=28
SRD step 600: evaluated 32 candidates, 0 promising, accepted 0
  Total patches: 28, total adds: 15, total deletes: 7
  step 600/2000: loss=0.225271, patches=28
SRD step 650: evaluated 32 candidates, 0 promising, accepted 0
  Total patches: 28, total adds: 15, total deletes: 7
  step 650/2000: loss=0.221810, patches=28
SRD step 700: evaluated 32 candidates, 0 promising, accepted 0
  Total patches: 28, total adds: 15, total deletes: 7
  step 700/2000: loss=0.222028, patches=28
SRD step 750: evaluated 32 candidates, 0 promising, accepted 0
  Total patches: 28, total adds: 15, total deletes: 7
  step 750/2000: loss=0.223039, patches=28
SRD step 800: evaluated 32 candidates, 0 promising, accepted 0
  Total patches: 28, total adds: 15, total deletes: 7
  step 800/2000: loss=0.221027, patches=28
SRD step 850: evaluated 32 candidates, 0 promising, accepted 0
  Total patches: 28, total adds: 15, total deletes: 7
  step 850/2000: loss=0.213940, patches=28
SRD step 900: evaluated 32 candidates, 0 promising, accepted 0
  Total patches: 28, total adds: 15, total deletes: 7
  step 900/2000: loss=0.206723, patches=28
SRD step 950: evaluated 32 candidates, 0 promising, accepted 0
  Total patches: 28, total adds: 15, total deletes: 7
  step 950/2000: loss=0.202959, patches=28
SRD step 1000: evaluated 32 candidates, 0 promising, accepted 0
  Total patches: 28, total adds: 15, total deletes: 7
  step 1000/2000: loss=0.206501, patches=28
SRD step 1050: evaluated 32 candidates, 0 promising, accepted 0
  Total patches: 28, total adds: 15, total deletes: 7
  step 1050/2000: loss=0.204895, patches=28
SRD step 1100: evaluated 32 candidates, 0 promising, accepted 0
  Total patches: 28, total adds: 15, total deletes: 7
  step 1100/2000: loss=0.201407, patches=28
SRD step 1150: evaluated 32 candidates, 0 promising, accepted 0
  Total patches: 28, total adds: 15, total deletes: 7
  step 1150/2000: loss=0.201584, patches=28
SRD step 1200: evaluated 32 candidates, 0 promising, accepted 0
  Total patches: 28, total adds: 15, total deletes: 7
  step 1200/2000: loss=0.201698, patches=28
SRD step 1250: evaluated 32 candidates, 0 promising, accepted 0
  Total patches: 28, total adds: 15, total deletes: 7
  step 1250/2000: loss=0.202636, patches=28
SRD step 1300: evaluated 32 candidates, 0 promising, accepted 0
  Total patches: 28, total adds: 15, total deletes: 7
  step 1300/2000: loss=0.202146, patches=28
[SRD rewrite] added patch=28, position=(-1.315, -0.598, 0.454), improvement=0.000209
SRD step 1350: evaluated 32 candidates, 1 promising, accepted 1
  Accepted AddPatch at patch 28, improvement=0.000209
  Total patches: 29, total adds: 16, total deletes: 7
  step 1350/2000: loss=0.202242, patches=28
SRD step 1400: evaluated 32 candidates, 0 promising, accepted 0
  Total patches: 29, total adds: 16, total deletes: 7
  step 1400/2000: loss=0.196512, patches=29
SRD step 1450: evaluated 32 candidates, 0 promising, accepted 0
  Total patches: 29, total adds: 16, total deletes: 7
  step 1450/2000: loss=0.196312, patches=29
[SRD rewrite] added patch=29, position=(-0.509, -1.347, -0.090), improvement=0.001307
SRD step 1500: evaluated 32 candidates, 1 promising, accepted 1
  Accepted AddPatch at patch 29, improvement=0.001307
  Total patches: 30, total adds: 17, total deletes: 7
  step 1500/2000: loss=0.199068, patches=29
SRD step 1550: evaluated 32 candidates, 0 promising, accepted 0
  Total patches: 30, total adds: 17, total deletes: 7
  step 1550/2000: loss=0.192520, patches=30
SRD step 1600: evaluated 32 candidates, 0 promising, accepted 0
  Total patches: 30, total adds: 17, total deletes: 7
  step 1600/2000: loss=0.189665, patches=30
SRD step 1650: evaluated 32 candidates, 0 promising, accepted 0
  Total patches: 30, total adds: 17, total deletes: 7
  step 1650/2000: loss=0.188483, patches=30
SRD step 1700: evaluated 32 candidates, 0 promising, accepted 0
  Total patches: 30, total adds: 17, total deletes: 7
  step 1700/2000: loss=0.184639, patches=30
SRD step 1750: evaluated 32 candidates, 0 promising, accepted 0
  Total patches: 30, total adds: 17, total deletes: 7
  step 1750/2000: loss=0.183626, patches=30
SRD step 1800: evaluated 32 candidates, 0 promising, accepted 0
  Total patches: 30, total adds: 17, total deletes: 7
  step 1800/2000: loss=0.180885, patches=30
SRD step 1850: evaluated 32 candidates, 0 promising, accepted 0
  Total patches: 30, total adds: 17, total deletes: 7
  step 1850/2000: loss=0.182399, patches=30
SRD step 1900: evaluated 32 candidates, 0 promising, accepted 0
  Total patches: 30, total adds: 17, total deletes: 7
  step 1900/2000: loss=0.184535, patches=30
SRD step 1950: evaluated 32 candidates, 0 promising, accepted 0
  Total patches: 30, total adds: 17, total deletes: 7
  step 1950/2000: loss=0.185390, patches=30
SRD step 2000: evaluated 32 candidates, 0 promising, accepted 0
  Total patches: 30, total adds: 17, total deletes: 7
  step 2000/2000: loss=0.187750, patches=30
[SRD rewrite] deleted patch=4, position=(-1.679, 0.716, 1.726), reason=final deletion pass improved loss
[Trial 2] done: loss=0.188156, time=11700.3s
[Trial 3/3] seed=2
[SRD rewrite] deleted patch=9, position=(1.330, -0.107, -1.823), reason=accepted rewrite
[SRD rewrite] deleted patch=7, position=(-2.020, -0.027, 1.225), reason=accepted rewrite
[SRD rewrite] deleted patch=5, position=(-0.907, -0.709, -1.980), reason=accepted rewrite
[SRD rewrite] added patch=17, position=(-1.166, 0.606, 0.146), improvement=0.033495
[SRD rewrite] added patch=18, position=(-0.085, 0.026, -0.566), improvement=0.033355
[SRD rewrite] added patch=19, position=(-0.362, -0.316, 1.383), improvement=0.033355
SRD step 50: evaluated 32 candidates, 31 promising, accepted 6
  Accepted AddPatch at patch 17, improvement=0.033495
  Accepted AddPatch at patch 18, improvement=0.033355
  Accepted AddPatch at patch 19, improvement=0.033355
  Accepted DeletePatch(7) at patch 7, improvement=0.029775
  Accepted DeletePatch(9) at patch 9, improvement=0.020398
  Accepted DeletePatch(5) at patch 5, improvement=0.018195
  Total patches: 20, total adds: 3, total deletes: 3
  step 50/2000: loss=0.697012, patches=20
[SRD rewrite] deleted patch=12, position=(-2.025, 0.265, -1.853), reason=accepted rewrite
[SRD rewrite] added patch=19, position=(0.837, 0.963, -0.781), improvement=0.015856
[SRD rewrite] added patch=20, position=(0.675, 1.349, -0.293), improvement=0.014912
[SRD rewrite] added patch=21, position=(-0.592, 2.324, 1.402), improvement=0.014344
SRD step 100: evaluated 32 candidates, 25 promising, accepted 4
  Accepted AddPatch at patch 19, improvement=0.015856
  Accepted AddPatch at patch 20, improvement=0.014912
  Accepted AddPatch at patch 21, improvement=0.014344
  Accepted DeletePatch(12) at patch 12, improvement=0.004722
  Total patches: 22, total adds: 6, total deletes: 4
  step 100/2000: loss=0.462783, patches=20
[SRD rewrite] deleted patch=15, position=(-2.133, -0.529, 0.692), reason=accepted rewrite
[SRD rewrite] restored patch=21, position=(-2.025, 0.265, -1.853), improvement=0.008696
[SRD rewrite] added patch=22, position=(0.445, -0.147, -0.671), improvement=0.008651
[SRD rewrite] added patch=23, position=(-0.435, -2.351, 1.752), improvement=0.008651
SRD step 150: evaluated 32 candidates, 20 promising, accepted 4
  Accepted RestorePatch(3) at patch 21, improvement=0.008696
  Accepted AddPatch at patch 22, improvement=0.008651
  Accepted AddPatch at patch 23, improvement=0.008651
  Accepted DeletePatch(15) at patch 15, improvement=0.002768
  Total patches: 24, total adds: 9, total deletes: 5
  step 150/2000: loss=0.363361, patches=22
[SRD rewrite] added patch=24, position=(-0.996, 0.057, 1.431), improvement=0.001567
[SRD rewrite] added patch=25, position=(-2.488, -0.039, 2.190), improvement=0.001288
[SRD rewrite] added patch=26, position=(-0.907, 0.757, -2.000), improvement=0.001285
SRD step 200: evaluated 32 candidates, 12 promising, accepted 3
  Accepted AddPatch at patch 24, improvement=0.001567
  Accepted AddPatch at patch 25, improvement=0.001288
  Accepted AddPatch at patch 26, improvement=0.001285
  Total patches: 27, total adds: 12, total deletes: 5
  step 200/2000: loss=0.323216, patches=24
[SRD rewrite] deleted patch=10, position=(1.198, -1.805, 1.376), reason=accepted rewrite
[SRD rewrite] deleted patch=0, position=(0.896, -1.437, -0.043), reason=accepted rewrite
[SRD rewrite] added patch=25, position=(0.739, -2.180, 1.563), improvement=0.002681
[SRD rewrite] added patch=26, position=(2.120, 2.393, -0.428), improvement=0.002681
[SRD rewrite] added patch=27, position=(0.778, -0.212, 0.953), improvement=0.002669
SRD step 250: evaluated 32 candidates, 23 promising, accepted 5
  Accepted DeletePatch(10) at patch 10, improvement=0.009610
  Accepted AddPatch at patch 25, improvement=0.002681
  Accepted AddPatch at patch 26, improvement=0.002681
  Accepted AddPatch at patch 27, improvement=0.002669
  Accepted DeletePatch(0) at patch 0, improvement=0.002166
  Total patches: 28, total adds: 15, total deletes: 7
  step 250/2000: loss=0.284498, patches=27
SRD step 300: evaluated 32 candidates, 0 promising, accepted 0
  Total patches: 28, total adds: 15, total deletes: 7
  step 300/2000: loss=0.252084, patches=28
SRD step 350: evaluated 32 candidates, 0 promising, accepted 0
  Total patches: 28, total adds: 15, total deletes: 7
  step 350/2000: loss=0.257231, patches=28
SRD step 400: evaluated 32 candidates, 0 promising, accepted 0
  Total patches: 28, total adds: 15, total deletes: 7
  step 400/2000: loss=0.261357, patches=28
SRD step 450: evaluated 32 candidates, 0 promising, accepted 0
  Total patches: 28, total adds: 15, total deletes: 7
  step 450/2000: loss=0.250058, patches=28
[SRD rewrite] added patch=28, position=(-0.664, 2.398, 0.383), improvement=0.000144
[SRD rewrite] added patch=29, position=(0.934, -0.059, 1.250), improvement=0.000144
[SRD rewrite] added patch=30, position=(0.474, 0.113, 1.065), improvement=0.000061
SRD step 500: evaluated 32 candidates, 3 promising, accepted 3
  Accepted AddPatch at patch 28, improvement=0.000144
  Accepted AddPatch at patch 29, improvement=0.000144
  Accepted AddPatch at patch 30, improvement=0.000061
  Total patches: 31, total adds: 18, total deletes: 7
  step 500/2000: loss=0.246500, patches=28
SRD step 550: evaluated 32 candidates, 0 promising, accepted 0
  Total patches: 31, total adds: 18, total deletes: 7
  step 550/2000: loss=0.242657, patches=31
SRD step 600: evaluated 32 candidates, 0 promising, accepted 0
  Total patches: 31, total adds: 18, total deletes: 7
  step 600/2000: loss=0.239526, patches=31
SRD step 650: evaluated 32 candidates, 0 promising, accepted 0
  Total patches: 31, total adds: 18, total deletes: 7
  step 650/2000: loss=0.235960, patches=31
SRD step 700: evaluated 32 candidates, 0 promising, accepted 0
  Total patches: 31, total adds: 18, total deletes: 7
  step 700/2000: loss=0.235909, patches=31
SRD step 750: evaluated 32 candidates, 0 promising, accepted 0
  Total patches: 31, total adds: 18, total deletes: 7
  step 750/2000: loss=0.234617, patches=31
SRD step 800: evaluated 32 candidates, 0 promising, accepted 0
  Total patches: 31, total adds: 18, total deletes: 7
  step 800/2000: loss=0.234223, patches=31
SRD step 850: evaluated 32 candidates, 0 promising, accepted 0
  Total patches: 31, total adds: 18, total deletes: 7
  step 850/2000: loss=0.233518, patches=31
SRD step 900: evaluated 32 candidates, 0 promising, accepted 0
  Total patches: 31, total adds: 18, total deletes: 7
  step 900/2000: loss=0.235723, patches=31
SRD step 950: evaluated 32 candidates, 0 promising, accepted 0
  Total patches: 31, total adds: 18, total deletes: 7
  step 950/2000: loss=0.235679, patches=31
SRD step 1000: evaluated 32 candidates, 0 promising, accepted 0
  Total patches: 31, total adds: 18, total deletes: 7
  step 1000/2000: loss=0.233637, patches=31
SRD step 1050: evaluated 32 candidates, 0 promising, accepted 0
  Total patches: 31, total adds: 18, total deletes: 7
  step 1050/2000: loss=0.234389, patches=31
SRD step 1100: evaluated 32 candidates, 0 promising, accepted 0
  Total patches: 31, total adds: 18, total deletes: 7
  step 1100/2000: loss=0.232250, patches=31
SRD step 1150: evaluated 32 candidates, 0 promising, accepted 0
  Total patches: 31, total adds: 18, total deletes: 7
  step 1150/2000: loss=0.231016, patches=31
SRD step 1200: evaluated 32 candidates, 0 promising, accepted 0
  Total patches: 31, total adds: 18, total deletes: 7
  step 1200/2000: loss=0.231711, patches=31
SRD step 1250: evaluated 32 candidates, 0 promising, accepted 0
  Total patches: 31, total adds: 18, total deletes: 7
  step 1250/2000: loss=0.228662, patches=31
SRD step 1300: evaluated 32 candidates, 0 promising, accepted 0
  Total patches: 31, total adds: 18, total deletes: 7
  step 1300/2000: loss=0.227187, patches=31
SRD step 1350: evaluated 32 candidates, 0 promising, accepted 0
  Total patches: 31, total adds: 18, total deletes: 7
  step 1350/2000: loss=0.226955, patches=31
SRD step 1400: evaluated 32 candidates, 0 promising, accepted 0
  Total patches: 31, total adds: 18, total deletes: 7
  step 1400/2000: loss=0.227041, patches=31
[SRD rewrite] added patch=31, position=(2.456, -2.349, 2.016), improvement=0.000093
[SRD rewrite] added patch=32, position=(1.891, -2.066, 1.418), improvement=0.000093
[SRD rewrite] added patch=33, position=(1.404, -2.232, 1.227), improvement=0.000093
SRD step 1450: evaluated 32 candidates, 4 promising, accepted 3
  Accepted AddPatch at patch 31, improvement=0.000093
  Accepted AddPatch at patch 32, improvement=0.000093
  Accepted AddPatch at patch 33, improvement=0.000093
  Total patches: 34, total adds: 21, total deletes: 7
  step 1450/2000: loss=0.226669, patches=31
SRD step 1500: evaluated 32 candidates, 0 promising, accepted 0
  Total patches: 34, total adds: 21, total deletes: 7
  step 1500/2000: loss=0.223719, patches=34
SRD step 1550: evaluated 32 candidates, 0 promising, accepted 0
  Total patches: 34, total adds: 21, total deletes: 7
  step 1550/2000: loss=0.219910, patches=34
SRD step 1600: evaluated 32 candidates, 0 promising, accepted 0
  Total patches: 34, total adds: 21, total deletes: 7
  step 1600/2000: loss=0.216197, patches=34
SRD step 1650: evaluated 32 candidates, 0 promising, accepted 0
  Total patches: 34, total adds: 21, total deletes: 7
  step 1650/2000: loss=0.215846, patches=34
SRD step 1700: evaluated 32 candidates, 0 promising, accepted 0
  Total patches: 34, total adds: 21, total deletes: 7
  step 1700/2000: loss=0.213954, patches=34
SRD step 1750: evaluated 32 candidates, 0 promising, accepted 0
  Total patches: 34, total adds: 21, total deletes: 7
  step 1750/2000: loss=0.214240, patches=34
[SRD rewrite] added patch=34, position=(1.493, -0.518, 1.100), improvement=0.003134
[SRD rewrite] added patch=35, position=(0.858, -1.302, 0.354), improvement=0.002284
[SRD rewrite] added patch=36, position=(-2.000, -0.300, -1.164), improvement=0.000901
SRD step 1800: evaluated 32 candidates, 7 promising, accepted 3
  Accepted AddPatch at patch 34, improvement=0.003134
  Accepted AddPatch at patch 35, improvement=0.002284
  Accepted AddPatch at patch 36, improvement=0.000901
  Total patches: 37, total adds: 24, total deletes: 7
  step 1800/2000: loss=0.213341, patches=34
SRD step 1850: evaluated 32 candidates, 0 promising, accepted 0
  Total patches: 37, total adds: 24, total deletes: 7
  step 1850/2000: loss=0.207538, patches=37
SRD step 1900: evaluated 32 candidates, 0 promising, accepted 0
  Total patches: 37, total adds: 24, total deletes: 7
  step 1900/2000: loss=0.203384, patches=37
SRD step 1950: evaluated 32 candidates, 0 promising, accepted 0
  Total patches: 37, total adds: 24, total deletes: 7
  step 1950/2000: loss=0.198065, patches=37
SRD step 2000: evaluated 32 candidates, 0 promising, accepted 0
  Total patches: 37, total adds: 24, total deletes: 7
  step 2000/2000: loss=0.197112, patches=37
[SRD rewrite] deleted patch=18, position=(-0.592, 2.324, 1.402), reason=final deletion pass improved loss
[SRD rewrite] deleted patch=22, position=(-2.451, 0.078, 2.073), reason=final deletion pass improved loss
[SRD rewrite] deleted patch=22, position=(-0.606, 0.780, -2.298), reason=final deletion pass improved loss
[Trial 3] done: loss=0.196117, time=13148.1s
[Run] report written to results/slurm/20260718_1833/ablation_horse_circle_ablation/output.txt
