## SLURM PROLOG ###############################################################
##    Job ID : 4080002
##  Job Name : 20260718_0340_patchsize_acm_scf_30
##  Nodelist : gpu2602
##      CPUs : 
##  Mem/Node : 128000 MB
## Directory : /oscar/home/cjmok/automated-perspective-sculptor
##   Job Started : Sat Jul 18 03:46:19 AM EDT 2026
###############################################################################
[Swept volume] building (resolution=256)...
[Run] mode=full, trials=3, seeds=[0, 1, 2], steps=1000, srd=True, ablation_flags={'disable_swept_volume_adds': False, 'loss_only_deletion': False, 'disable_splitting': False}
[Trial 1/3] seed=0
[Patch] mapbox-earcut is not installed; falling back to fan fill, so non-convex pieces will render incorrectly. Install it with: pip install mapbox-earcut
[SRD rewrite] split patch=2, children=29,30, improvement=0.017769
[SRD rewrite] added patch=31, position=(-0.443, -1.010, 1.037), improvement=0.014719
[SRD rewrite] added patch=32, position=(-0.694, -0.473, -1.087), improvement=0.014214
SRD step 50: evaluated 27 candidates, 25 promising, accepted 3
  Accepted SplitPatch(2) at patch 2, improvement=0.017769
  Accepted AddPatch at patch 31, improvement=0.014719
  Accepted AddPatch at patch 32, improvement=0.014214
  Total patches: 33, total adds: 3, total deletes: 0
  step 50/1000: loss=0.569101, patches=30
[SRD rewrite] deleted patch=32, position=(-0.680, -0.488, -1.017), reason=Area 0.003228 below minimum 0.01
[SRD rewrite] deleted patch=30, position=(0.370, -0.905, 1.411), reason=Area 0.002765 below minimum 0.01
[SRD rewrite] deleted patch=29, position=(0.502, -0.990, 1.416), reason=Area 0.003796 below minimum 0.01
[SRD rewrite] split patch=11, children=29,30, improvement=0.015214
[SRD rewrite] added patch=31, position=(1.256, 0.125, -0.831), improvement=0.013284
[SRD rewrite] added patch=32, position=(1.266, -0.821, 0.758), improvement=0.013116
SRD step 100: evaluated 27 candidates, 27 promising, accepted 6
  Accepted SplitPatch(11) at patch 11, improvement=0.015214
  Accepted AddPatch at patch 31, improvement=0.013284
  Accepted AddPatch at patch 32, improvement=0.013116
  Mandatory DeletePatch(29) at patch 29, reason=Area 0.003796 below minimum 0.01
  Mandatory DeletePatch(30) at patch 30, reason=Area 0.002765 below minimum 0.01
  Mandatory DeletePatch(32) at patch 32, reason=Area 0.003228 below minimum 0.01
  Total patches: 33, total adds: 6, total deletes: 3
  step 100/1000: loss=0.459269, patches=33
[SRD rewrite] deleted patch=30, position=(2.303, 0.174, -0.909), reason=Area 0.001202 below minimum 0.01
[SRD rewrite] deleted patch=29, position=(2.395, 0.022, -0.813), reason=Area 0.002185 below minimum 0.01
[SRD rewrite] added patch=31, position=(0.036, 1.093, 0.367), improvement=0.008001
[SRD rewrite] restored patch=32, position=(-0.680, -0.488, -1.017), improvement=0.006700
[SRD rewrite] restored patch=33, position=(0.370, -0.905, 1.411), improvement=0.006680
SRD step 150: evaluated 27 candidates, 20 promising, accepted 5
  Accepted AddPatch at patch 31, improvement=0.008001
  Accepted RestorePatch(1) at patch 32, improvement=0.006700
  Accepted RestorePatch(2) at patch 33, improvement=0.006680
  Mandatory DeletePatch(29) at patch 29, reason=Area 0.002185 below minimum 0.01
  Mandatory DeletePatch(30) at patch 30, reason=Area 0.001202 below minimum 0.01
  Total patches: 34, total adds: 9, total deletes: 5
  step 150/1000: loss=0.372691, patches=33
[SRD rewrite] deleted patch=33, position=(0.311, -0.835, 1.449), reason=Area 0.000713 below minimum 0.01
[SRD rewrite] deleted patch=32, position=(-0.710, -0.563, -0.901), reason=Area 0.007421 below minimum 0.01
[SRD rewrite] deleted patch=11, position=(-1.897, 0.784, 0.996), reason=Area 0.009267 below minimum 0.01
[SRD rewrite] added patch=31, position=(0.148, 1.088, -0.711), improvement=0.004057
[SRD rewrite] added patch=32, position=(0.844, 1.087, -0.484), improvement=0.003692
[SRD rewrite] added patch=33, position=(0.891, 0.144, 1.175), improvement=0.003306
SRD step 200: evaluated 27 candidates, 20 promising, accepted 6
  Accepted AddPatch at patch 31, improvement=0.004057
  Accepted AddPatch at patch 32, improvement=0.003692
  Accepted AddPatch at patch 33, improvement=0.003306
  Mandatory DeletePatch(11) at patch 11, reason=Area 0.009267 below minimum 0.01
  Mandatory DeletePatch(32) at patch 32, reason=Area 0.007421 below minimum 0.01
  Mandatory DeletePatch(33) at patch 33, reason=Area 0.000713 below minimum 0.01
  Total patches: 34, total adds: 12, total deletes: 8
  step 200/1000: loss=0.338249, patches=34
[SRD rewrite] added patch=34, position=(-0.423, -0.422, 1.715), improvement=0.004596
[SRD rewrite] added patch=35, position=(0.142, 0.927, 0.067), improvement=0.004585
[SRD rewrite] added patch=36, position=(-1.614, 0.330, -1.567), improvement=0.004513
SRD step 250: evaluated 27 candidates, 15 promising, accepted 3
  Accepted AddPatch at patch 34, improvement=0.004596
  Accepted AddPatch at patch 35, improvement=0.004585
  Accepted AddPatch at patch 36, improvement=0.004513
  Total patches: 37, total adds: 15, total deletes: 8
  step 250/1000: loss=0.300716, patches=34
[SRD rewrite] deleted patch=36, position=(-1.638, 0.436, -1.500), reason=Area 0.007268 below minimum 0.01
[SRD rewrite] deleted patch=34, position=(-0.451, -0.355, 1.581), reason=Area 0.003139 below minimum 0.01
[SRD rewrite] deleted patch=24, position=(-0.717, 0.046, -1.437), reason=Area 0.008919 below minimum 0.01
SRD step 300: evaluated 27 candidates, 0 promising, accepted 3
  Mandatory DeletePatch(24) at patch 24, reason=Area 0.008919 below minimum 0.01
  Mandatory DeletePatch(34) at patch 34, reason=Area 0.003139 below minimum 0.01
  Mandatory DeletePatch(36) at patch 36, reason=Area 0.007268 below minimum 0.01
  Total patches: 34, total adds: 15, total deletes: 11
  step 300/1000: loss=0.268437, patches=37
SRD step 350: evaluated 27 candidates, 0 promising, accepted 0
  Total patches: 34, total adds: 15, total deletes: 11
  step 350/1000: loss=0.262758, patches=34
[SRD rewrite] added patch=34, position=(1.399, 0.185, 1.030), improvement=0.000618
[SRD rewrite] added patch=35, position=(1.503, -0.503, -0.297), improvement=0.000202
SRD step 400: evaluated 27 candidates, 2 promising, accepted 2
  Accepted AddPatch at patch 34, improvement=0.000618
  Accepted AddPatch at patch 35, improvement=0.000202
  Total patches: 36, total adds: 17, total deletes: 11
  step 400/1000: loss=0.260766, patches=34
SRD step 450: evaluated 27 candidates, 0 promising, accepted 0
  Total patches: 36, total adds: 17, total deletes: 11
  step 450/1000: loss=0.243704, patches=36
SRD step 500: evaluated 27 candidates, 0 promising, accepted 0
  Total patches: 36, total adds: 17, total deletes: 11
  step 500/1000: loss=0.236668, patches=36
SRD step 550: evaluated 27 candidates, 0 promising, accepted 0
  Total patches: 36, total adds: 17, total deletes: 11
  step 550/1000: loss=0.224633, patches=36
SRD step 600: evaluated 27 candidates, 0 promising, accepted 0
  Total patches: 36, total adds: 17, total deletes: 11
  step 600/1000: loss=0.238229, patches=36
SRD step 650: evaluated 27 candidates, 0 promising, accepted 0
  Total patches: 36, total adds: 17, total deletes: 11
  step 650/1000: loss=0.250002, patches=36
SRD step 700: evaluated 27 candidates, 0 promising, accepted 0
  Total patches: 36, total adds: 17, total deletes: 11
  step 700/1000: loss=0.258245, patches=36
SRD step 750: evaluated 27 candidates, 0 promising, accepted 0
  Total patches: 36, total adds: 17, total deletes: 11
  step 750/1000: loss=0.264186, patches=36
SRD step 800: evaluated 27 candidates, 0 promising, accepted 0
  Total patches: 36, total adds: 17, total deletes: 11
  step 800/1000: loss=0.264688, patches=36
SRD step 850: evaluated 27 candidates, 0 promising, accepted 0
  Total patches: 36, total adds: 17, total deletes: 11
  step 850/1000: loss=0.267875, patches=36
SRD step 900: evaluated 27 candidates, 0 promising, accepted 0
  Total patches: 36, total adds: 17, total deletes: 11
  step 900/1000: loss=0.270515, patches=36
SRD step 950: evaluated 27 candidates, 0 promising, accepted 0
  Total patches: 36, total adds: 17, total deletes: 11
  step 950/1000: loss=0.279652, patches=36
[SRD rewrite] split patch=14, children=35,36, improvement=0.005114
SRD step 1000: evaluated 27 candidates, 1 promising, accepted 1
  Accepted SplitPatch(14) at patch 14, improvement=0.005114
  Total patches: 37, total adds: 18, total deletes: 11
  step 1000/1000: loss=0.284227, patches=36
[SRD rewrite] deleted patch=2, position=(-2.330, -0.807, -0.538), reason=final deletion pass improved loss
[SRD rewrite] deleted patch=2, position=(-1.670, -1.961, -0.811), reason=final deletion pass improved loss
[SRD rewrite] deleted patch=7, position=(-1.612, -1.104, 2.061), reason=final deletion pass improved loss
[SRD rewrite] deleted patch=17, position=(-1.645, -2.082, -2.049), reason=final deletion pass improved loss
[SRD rewrite] deleted patch=31, position=(0.206, -0.780, 2.215), reason=final deletion pass improved loss
[SRD rewrite] deleted patch=31, position=(0.206, -0.780, 2.215), reason=final deletion pass improved loss
[Trial 1] done: loss=0.231563, time=7090.0s
[Trial 2/3] seed=1
[SRD rewrite] added patch=30, position=(0.795, 1.004, -0.596), improvement=0.018704
[SRD rewrite] added patch=31, position=(1.468, -0.512, -0.421), improvement=0.017933
[SRD rewrite] added patch=32, position=(1.214, -0.789, 0.938), improvement=0.017473
SRD step 50: evaluated 27 candidates, 27 promising, accepted 3
  Accepted AddPatch at patch 30, improvement=0.018704
  Accepted AddPatch at patch 31, improvement=0.017933
  Accepted AddPatch at patch 32, improvement=0.017473
  Total patches: 33, total adds: 3, total deletes: 0
  step 50/1000: loss=0.651937, patches=30
[SRD rewrite] split patch=13, children=32,33, improvement=0.014488
[SRD rewrite] added patch=34, position=(0.859, 0.539, 0.422), improvement=0.012262
[SRD rewrite] added patch=35, position=(1.879, 0.741, -0.832), improvement=0.011998
SRD step 100: evaluated 27 candidates, 27 promising, accepted 3
  Accepted SplitPatch(13) at patch 13, improvement=0.014488
  Accepted AddPatch at patch 34, improvement=0.012262
  Accepted AddPatch at patch 35, improvement=0.011998
  Total patches: 36, total adds: 6, total deletes: 0
  step 100/1000: loss=0.499278, patches=33
[SRD rewrite] deleted patch=34, position=(0.830, 0.559, 0.546), reason=Area 0.009069 below minimum 0.01
[SRD rewrite] deleted patch=33, position=(0.648, -0.188, 1.645), reason=Area 0.005296 below minimum 0.01
[SRD rewrite] deleted patch=32, position=(0.639, -0.099, 1.629), reason=Area 0.002832 below minimum 0.01
[SRD rewrite] added patch=33, position=(1.535, 0.525, 0.563), improvement=0.002014
[SRD rewrite] restored patch=34, position=(0.648, -0.188, 1.645), improvement=0.001770
[SRD rewrite] added patch=35, position=(-0.463, 0.776, 0.689), improvement=0.001489
SRD step 150: evaluated 27 candidates, 21 promising, accepted 6
  Accepted AddPatch at patch 33, improvement=0.002014
  Accepted RestorePatch(2) at patch 34, improvement=0.001770
  Accepted AddPatch at patch 35, improvement=0.001489
  Mandatory DeletePatch(32) at patch 32, reason=Area 0.002832 below minimum 0.01
  Mandatory DeletePatch(33) at patch 33, reason=Area 0.005296 below minimum 0.01
  Mandatory DeletePatch(34) at patch 34, reason=Area 0.009069 below minimum 0.01
  Total patches: 36, total adds: 9, total deletes: 3
  step 150/1000: loss=0.433009, patches=36
[SRD rewrite] deleted patch=34, position=(0.635, -0.274, 1.720), reason=Area 0.005545 below minimum 0.01
[SRD rewrite] deleted patch=32, position=(1.954, 0.628, -0.992), reason=Area 0.006080 below minimum 0.01
[SRD rewrite] added patch=34, position=(1.418, -0.292, -0.954), improvement=0.004532
[SRD rewrite] added patch=35, position=(-0.067, -1.036, 0.860), improvement=0.003937
[SRD rewrite] added patch=36, position=(-0.657, 0.129, -1.163), improvement=0.003695
SRD step 200: evaluated 27 candidates, 24 promising, accepted 5
  Accepted AddPatch at patch 34, improvement=0.004532
  Accepted AddPatch at patch 35, improvement=0.003937
  Accepted AddPatch at patch 36, improvement=0.003695
  Mandatory DeletePatch(32) at patch 32, reason=Area 0.006080 below minimum 0.01
  Mandatory DeletePatch(34) at patch 34, reason=Area 0.005545 below minimum 0.01
  Total patches: 37, total adds: 12, total deletes: 5
  step 200/1000: loss=0.390418, patches=36
[SRD rewrite] deleted patch=36, position=(-0.650, 0.220, -0.997), reason=Area 0.002591 below minimum 0.01
[SRD rewrite] deleted patch=34, position=(1.413, -0.302, -1.038), reason=Area 0.008539 below minimum 0.01
[SRD rewrite] deleted patch=2, position=(1.358, -0.422, 1.559), reason=Area 0.007021 below minimum 0.01
SRD step 250: evaluated 27 candidates, 0 promising, accepted 3
  Mandatory DeletePatch(2) at patch 2, reason=Area 0.007021 below minimum 0.01
  Mandatory DeletePatch(34) at patch 34, reason=Area 0.008539 below minimum 0.01
  Mandatory DeletePatch(36) at patch 36, reason=Area 0.002591 below minimum 0.01
  Total patches: 34, total adds: 12, total deletes: 8
  step 250/1000: loss=0.349497, patches=37
[SRD rewrite] deleted patch=22, position=(0.035, -0.552, 1.536), reason=Area 0.003676 below minimum 0.01
[SRD rewrite] deleted patch=25, position=(-1.179, 0.305, -1.361), reason=delete has no image effect
SRD step 300: evaluated 27 candidates, 0 promising, accepted 2
  Mandatory DeletePatch(22) at patch 22, reason=Area 0.003676 below minimum 0.01
  Mandatory DeletePatch(25) at patch 25, reason=delete has no image effect
  Total patches: 32, total adds: 12, total deletes: 10
  step 300/1000: loss=0.336731, patches=34
[SRD rewrite] deleted patch=0, position=(0.353, -1.247, -1.695), reason=Area 0.006791 below minimum 0.01
[SRD rewrite] deleted patch=19, position=(-1.495, 0.649, 0.029), reason=delete has no image effect
SRD step 350: evaluated 27 candidates, 0 promising, accepted 2
  Mandatory DeletePatch(0) at patch 0, reason=Area 0.006791 below minimum 0.01
  Mandatory DeletePatch(19) at patch 19, reason=delete has no image effect
  Total patches: 30, total adds: 12, total deletes: 12
  step 350/1000: loss=0.323580, patches=32
[SRD rewrite] deleted patch=28, position=(-0.485, 0.909, 1.001), reason=Area 0.009106 below minimum 0.01
SRD step 400: evaluated 27 candidates, 0 promising, accepted 1
  Mandatory DeletePatch(28) at patch 28, reason=Area 0.009106 below minimum 0.01
  Total patches: 29, total adds: 12, total deletes: 13
  step 400/1000: loss=0.291336, patches=30
[SRD rewrite] added patch=29, position=(1.261, -0.604, -0.350), improvement=0.000430
[SRD rewrite] restored patch=30, position=(-0.485, 0.909, 1.001), improvement=0.000339
SRD step 450: evaluated 27 candidates, 2 promising, accepted 2
  Accepted AddPatch at patch 29, improvement=0.000430
  Accepted RestorePatch(12) at patch 30, improvement=0.000339
  Total patches: 31, total adds: 14, total deletes: 13
  step 450/1000: loss=0.270518, patches=29
[SRD rewrite] deleted patch=29, position=(1.167, -0.509, -0.432), reason=Area 0.007929 below minimum 0.01
SRD step 500: evaluated 27 candidates, 0 promising, accepted 1
  Mandatory DeletePatch(29) at patch 29, reason=Area 0.007929 below minimum 0.01
  Total patches: 30, total adds: 14, total deletes: 14
  step 500/1000: loss=0.261616, patches=31
SRD step 550: evaluated 27 candidates, 0 promising, accepted 0
  Total patches: 30, total adds: 14, total deletes: 14
  step 550/1000: loss=0.257527, patches=30
[SRD rewrite] deleted patch=6, position=(0.117, 0.869, 1.132), reason=Area 0.009012 below minimum 0.01
SRD step 600: evaluated 27 candidates, 0 promising, accepted 1
  Mandatory DeletePatch(6) at patch 6, reason=Area 0.009012 below minimum 0.01
  Total patches: 29, total adds: 14, total deletes: 15
  step 600/1000: loss=0.248887, patches=30
[SRD rewrite] deleted patch=11, position=(-0.676, -0.376, -0.793), reason=Area 0.007900 below minimum 0.01
SRD step 650: evaluated 27 candidates, 0 promising, accepted 1
  Mandatory DeletePatch(11) at patch 11, reason=Area 0.007900 below minimum 0.01
  Total patches: 28, total adds: 14, total deletes: 16
  step 650/1000: loss=0.258868, patches=29
[SRD rewrite] deleted patch=7, position=(-0.819, 0.342, 2.247), reason=Area 0.006958 below minimum 0.01
SRD step 700: evaluated 27 candidates, 0 promising, accepted 1
  Mandatory DeletePatch(7) at patch 7, reason=Area 0.006958 below minimum 0.01
  Total patches: 27, total adds: 14, total deletes: 17
  step 700/1000: loss=0.249297, patches=28
SRD step 750: evaluated 27 candidates, 0 promising, accepted 0
  Total patches: 27, total adds: 14, total deletes: 17
  step 750/1000: loss=0.242161, patches=27
SRD step 800: evaluated 27 candidates, 0 promising, accepted 0
  Total patches: 27, total adds: 14, total deletes: 17
  step 800/1000: loss=0.234870, patches=27
[SRD rewrite] deleted patch=26, position=(-0.355, 1.113, 0.993), reason=Area 0.008353 below minimum 0.01
SRD step 850: evaluated 27 candidates, 0 promising, accepted 1
  Mandatory DeletePatch(26) at patch 26, reason=Area 0.008353 below minimum 0.01
  Total patches: 26, total adds: 14, total deletes: 18
  step 850/1000: loss=0.232894, patches=27
SRD step 900: evaluated 27 candidates, 0 promising, accepted 0
  Total patches: 26, total adds: 14, total deletes: 18
  step 900/1000: loss=0.231189, patches=26
SRD step 950: evaluated 27 candidates, 0 promising, accepted 0
  Total patches: 26, total adds: 14, total deletes: 18
  step 950/1000: loss=0.238714, patches=26
SRD step 1000: evaluated 27 candidates, 0 promising, accepted 0
  Total patches: 26, total adds: 14, total deletes: 18
  step 1000/1000: loss=0.244831, patches=26
[SRD rewrite] deleted patch=11, position=(-2.269, -0.424, 1.850), reason=final deletion pass improved loss
[Trial 2] done: loss=0.243938, time=5993.2s
[Trial 3/3] seed=2
[SRD rewrite] split patch=27, children=29,30, improvement=0.024516
[SRD rewrite] added patch=31, position=(1.283, -0.055, -0.611), improvement=0.020988
[SRD rewrite] added patch=32, position=(1.440, 0.057, 0.890), improvement=0.020658
SRD step 50: evaluated 27 candidates, 27 promising, accepted 3
  Accepted SplitPatch(27) at patch 27, improvement=0.024516
  Accepted AddPatch at patch 31, improvement=0.020988
  Accepted AddPatch at patch 32, improvement=0.020658
  Total patches: 33, total adds: 3, total deletes: 0
  step 50/1000: loss=0.669958, patches=30
[SRD rewrite] deleted patch=30, position=(2.033, -0.074, -0.876), reason=Area 0.001495 below minimum 0.01
[SRD rewrite] deleted patch=29, position=(2.127, 0.167, -0.774), reason=Area 0.002403 below minimum 0.01
[SRD rewrite] added patch=31, position=(0.113, 0.604, -0.270), improvement=0.007097
[SRD rewrite] added patch=32, position=(0.523, -0.890, 1.019), improvement=0.006676
[SRD rewrite] added patch=33, position=(1.551, -0.329, -0.811), improvement=0.006563
SRD step 100: evaluated 27 candidates, 25 promising, accepted 5
  Accepted AddPatch at patch 31, improvement=0.007097
  Accepted AddPatch at patch 32, improvement=0.006676
  Accepted AddPatch at patch 33, improvement=0.006563
  Mandatory DeletePatch(29) at patch 29, reason=Area 0.002403 below minimum 0.01
  Mandatory DeletePatch(30) at patch 30, reason=Area 0.001495 below minimum 0.01
  Total patches: 34, total adds: 6, total deletes: 2
  step 100/1000: loss=0.532542, patches=33
[SRD rewrite] deleted patch=33, position=(1.602, -0.371, -0.777), reason=Area 0.001221 below minimum 0.01
[SRD rewrite] added patch=33, position=(-0.597, -0.538, -0.457), improvement=0.005985
[SRD rewrite] added patch=34, position=(-0.354, -1.147, -0.445), improvement=0.005815
[SRD rewrite] restored patch=35, position=(1.602, -0.371, -0.777), improvement=0.005638
SRD step 150: evaluated 27 candidates, 23 promising, accepted 4
  Accepted AddPatch at patch 33, improvement=0.005985
  Accepted AddPatch at patch 34, improvement=0.005815
  Accepted RestorePatch(3) at patch 35, improvement=0.005638
  Mandatory DeletePatch(33) at patch 33, reason=Area 0.001221 below minimum 0.01
  Total patches: 36, total adds: 9, total deletes: 3
  step 150/1000: loss=0.459390, patches=34
[SRD rewrite] deleted patch=35, position=(1.651, -0.352, -0.785), reason=Area 0.000841 below minimum 0.01
SRD step 200: evaluated 27 candidates, 25 promising, accepted 4
  Accepted SplitPatch(23) at patch 23, improvement=0.004383
  Accepted SplitPatch(8) at patch 8, improvement=0.004383
  Accepted SplitPatch(17) at patch 17, improvement=0.004383
  Mandatory DeletePatch(35) at patch 35, reason=Area 0.000841 below minimum 0.01
  Total patches: 35, total adds: 9, total deletes: 4
  step 200/1000: loss=0.396995, patches=36
[SRD rewrite] deleted patch=29, position=(1.521, 0.127, -0.542), reason=Area 0.007006 below minimum 0.01
[SRD rewrite] added patch=34, position=(0.760, 0.457, -0.139), improvement=0.002700
[SRD rewrite] added patch=35, position=(0.797, 0.930, -0.759), improvement=0.002568
[SRD rewrite] added patch=36, position=(-0.193, -0.998, 1.042), improvement=0.002525
SRD step 250: evaluated 27 candidates, 23 promising, accepted 4
  Accepted AddPatch at patch 34, improvement=0.002700
  Accepted AddPatch at patch 35, improvement=0.002568
  Accepted AddPatch at patch 36, improvement=0.002525
  Mandatory DeletePatch(29) at patch 29, reason=Area 0.007006 below minimum 0.01
  Total patches: 37, total adds: 12, total deletes: 5
  step 250/1000: loss=0.342122, patches=35
[SRD rewrite] deleted patch=35, position=(0.753, 0.930, -0.720), reason=delete has no image effect
[SRD rewrite] deleted patch=22, position=(1.426, -0.703, -0.335), reason=delete has no image effect
[SRD rewrite] added patch=35, position=(0.617, 1.256, 0.112), improvement=0.002062
[SRD rewrite] added patch=36, position=(0.790, 1.189, -0.307), improvement=0.001456
[SRD rewrite] added patch=37, position=(0.829, 0.513, 0.239), improvement=0.001196
SRD step 300: evaluated 27 candidates, 19 promising, accepted 5
  Accepted AddPatch at patch 35, improvement=0.002062
  Accepted AddPatch at patch 36, improvement=0.001456
  Accepted AddPatch at patch 37, improvement=0.001196
  Mandatory DeletePatch(22) at patch 22, reason=delete has no image effect
  Mandatory DeletePatch(35) at patch 35, reason=delete has no image effect
  Total patches: 38, total adds: 15, total deletes: 7
  step 300/1000: loss=0.296650, patches=37
[SRD rewrite] added patch=38, position=(-0.633, -0.898, 1.184), improvement=0.006093
[SRD rewrite] added patch=39, position=(0.610, 0.998, 0.368), improvement=0.005595
[SRD rewrite] restored patch=40, position=(1.521, 0.127, -0.542), improvement=0.005166
SRD step 350: evaluated 27 candidates, 24 promising, accepted 3
  Accepted AddPatch at patch 38, improvement=0.006093
  Accepted AddPatch at patch 39, improvement=0.005595
  Accepted RestorePatch(4) at patch 40, improvement=0.005166
  Total patches: 41, total adds: 18, total deletes: 7
  step 350/1000: loss=0.269604, patches=38
[SRD rewrite] deleted patch=40, position=(1.566, 0.129, -0.540), reason=Area 0.001334 below minimum 0.01
[SRD rewrite] deleted patch=39, position=(0.646, 1.006, 0.400), reason=Area 0.004576 below minimum 0.01
[SRD rewrite] split patch=2, children=38,39, improvement=0.010574
SRD step 400: evaluated 27 candidates, 1 promising, accepted 3
  Accepted SplitPatch(2) at patch 2, improvement=0.010574
  Mandatory DeletePatch(39) at patch 39, reason=Area 0.004576 below minimum 0.01
  Mandatory DeletePatch(40) at patch 40, reason=Area 0.001334 below minimum 0.01
  Total patches: 40, total adds: 19, total deletes: 9
  step 400/1000: loss=0.225761, patches=41
[SRD rewrite] deleted patch=39, position=(-1.594, -0.806, 2.453), reason=Area 0.002050 below minimum 0.01
[SRD rewrite] deleted patch=38, position=(-1.540, -0.915, 2.424), reason=Area 0.001578 below minimum 0.01
[SRD rewrite] deleted patch=26, position=(-2.356, -0.770, -0.752), reason=Area 0.007836 below minimum 0.01
[SRD rewrite] deleted patch=15, position=(-1.917, -1.113, 1.406), reason=Area 0.006622 below minimum 0.01
SRD step 450: evaluated 27 candidates, 19 promising, accepted 7
  Accepted SplitPatch(23) at patch 23, improvement=0.001307
  Accepted SplitPatch(20) at patch 20, improvement=0.001307
  Accepted SplitPatch(0) at patch 0, improvement=0.001307
  Mandatory DeletePatch(15) at patch 15, reason=Area 0.006622 below minimum 0.01
  Mandatory DeletePatch(26) at patch 26, reason=Area 0.007836 below minimum 0.01
  Mandatory DeletePatch(38) at patch 38, reason=Area 0.001578 below minimum 0.01
  Mandatory DeletePatch(39) at patch 39, reason=Area 0.002050 below minimum 0.01
  Total patches: 36, total adds: 19, total deletes: 13
  step 450/1000: loss=0.197126, patches=40
SRD step 500: evaluated 27 candidates, 0 promising, accepted 0
  Total patches: 36, total adds: 19, total deletes: 13
  step 500/1000: loss=0.181894, patches=36
SRD step 550: evaluated 27 candidates, 0 promising, accepted 0
  Total patches: 36, total adds: 19, total deletes: 13
  step 550/1000: loss=0.186661, patches=36
SRD step 600: evaluated 27 candidates, 0 promising, accepted 0
  Total patches: 36, total adds: 19, total deletes: 13
  step 600/1000: loss=0.194344, patches=36
SRD step 650: evaluated 27 candidates, 0 promising, accepted 0
  Total patches: 36, total adds: 19, total deletes: 13
  step 650/1000: loss=0.188610, patches=36
SRD step 700: evaluated 27 candidates, 0 promising, accepted 0
  Total patches: 36, total adds: 19, total deletes: 13
  step 700/1000: loss=0.197210, patches=36
SRD step 750: evaluated 27 candidates, 0 promising, accepted 0
  Total patches: 36, total adds: 19, total deletes: 13
  step 750/1000: loss=0.200290, patches=36
SRD step 800: evaluated 27 candidates, 0 promising, accepted 0
  Total patches: 36, total adds: 19, total deletes: 13
  step 800/1000: loss=0.198834, patches=36
SRD step 850: evaluated 27 candidates, 0 promising, accepted 0
  Total patches: 36, total adds: 19, total deletes: 13
  step 850/1000: loss=0.203151, patches=36
SRD step 900: evaluated 27 candidates, 0 promising, accepted 0
  Total patches: 36, total adds: 19, total deletes: 13
  step 900/1000: loss=0.204634, patches=36
SRD step 950: evaluated 27 candidates, 0 promising, accepted 0
  Total patches: 36, total adds: 19, total deletes: 13
  step 950/1000: loss=0.201328, patches=36
SRD step 1000: evaluated 27 candidates, 0 promising, accepted 0
  Total patches: 36, total adds: 19, total deletes: 13
  step 1000/1000: loss=0.198276, patches=36
[SRD rewrite] deleted patch=14, position=(-2.374, 1.440, 0.354), reason=final deletion pass improved loss
[SRD rewrite] deleted patch=20, position=(2.039, 0.032, 0.779), reason=final deletion pass improved loss
[SRD rewrite] deleted patch=20, position=(-1.281, 1.067, -2.459), reason=final deletion pass improved loss
[SRD rewrite] deleted patch=22, position=(0.880, -0.745, 0.417), reason=final deletion pass improved loss
[Trial 3] done: loss=0.189789, time=7317.2s
[Run] report written to results/slurm/20260718_0340/patchsize_acm_scf_30/patches_30/with_srd/with_srd.txt
[Swept volume] building (resolution=256)...
[Run] mode=full, trials=3, seeds=[0, 1, 2], steps=1000, srd=False, ablation_flags={'disable_swept_volume_adds': True, 'loss_only_deletion': True, 'disable_splitting': False}
[Trial 1/3] seed=0
[Patch] mapbox-earcut is not installed; falling back to fan fill, so non-convex pieces will render incorrectly. Install it with: pip install mapbox-earcut
  step 50/1000: loss=0.569101, patches=30
  step 100/1000: loss=0.482530, patches=30
  step 150/1000: loss=0.418850, patches=30
  step 200/1000: loss=0.383842, patches=30
  step 250/1000: loss=0.372726, patches=30
  step 300/1000: loss=0.357552, patches=30
  step 350/1000: loss=0.350118, patches=30
  step 400/1000: loss=0.334344, patches=30
  step 450/1000: loss=0.320279, patches=30
  step 500/1000: loss=0.310543, patches=30
  step 550/1000: loss=0.305215, patches=30
  step 600/1000: loss=0.296104, patches=30
  step 650/1000: loss=0.291561, patches=30
  step 700/1000: loss=0.293948, patches=30
  step 750/1000: loss=0.292376, patches=30
  step 800/1000: loss=0.292348, patches=30
  step 850/1000: loss=0.275160, patches=30
  step 900/1000: loss=0.269041, patches=30
  step 950/1000: loss=0.266381, patches=30
  step 1000/1000: loss=0.265721, patches=30
[Trial 1] done: loss=0.266054, time=1551.6s
[Trial 2/3] seed=1
  step 50/1000: loss=0.651937, patches=30
  step 100/1000: loss=0.536272, patches=30
  step 150/1000: loss=0.438526, patches=30
  step 200/1000: loss=0.411141, patches=30
  step 250/1000: loss=0.400982, patches=30
  step 300/1000: loss=0.383283, patches=30
  step 350/1000: loss=0.370058, patches=30
  step 400/1000: loss=0.343456, patches=30
  step 450/1000: loss=0.334232, patches=30
  step 500/1000: loss=0.330881, patches=30
  step 550/1000: loss=0.319063, patches=30
  step 600/1000: loss=0.307239, patches=30
  step 650/1000: loss=0.291378, patches=30
  step 700/1000: loss=0.283603, patches=30
  step 750/1000: loss=0.278178, patches=30
  step 800/1000: loss=0.272180, patches=30
  step 850/1000: loss=0.273843, patches=30
  step 900/1000: loss=0.270158, patches=30
  step 950/1000: loss=0.260578, patches=30
  step 1000/1000: loss=0.263901, patches=30
[Trial 2] done: loss=0.258843, time=1577.3s
[Trial 3/3] seed=2
  step 50/1000: loss=0.669958, patches=30
  step 100/1000: loss=0.560757, patches=30
  step 150/1000: loss=0.491974, patches=30
  step 200/1000: loss=0.441607, patches=30
  step 250/1000: loss=0.420641, patches=30
  step 300/1000: loss=0.399805, patches=30
  step 350/1000: loss=0.386672, patches=30
  step 400/1000: loss=0.384114, patches=30
  step 450/1000: loss=0.372522, patches=30
  step 500/1000: loss=0.359394, patches=30
  step 550/1000: loss=0.336941, patches=30
  step 600/1000: loss=0.317827, patches=30
  step 650/1000: loss=0.307938, patches=30
  step 700/1000: loss=0.295470, patches=30
  step 750/1000: loss=0.296466, patches=30
  step 800/1000: loss=0.286047, patches=30
  step 850/1000: loss=0.294025, patches=30
  step 900/1000: loss=0.297556, patches=30
  step 950/1000: loss=0.294854, patches=30
  step 1000/1000: loss=0.306186, patches=30
[Trial 3] done: loss=0.306017, time=1566.9s
[Run] report written to results/slurm/20260718_0340/patchsize_acm_scf_30/patches_30/without_srd/without_srd.txt

======================================================================
Running 3 trials WITH SRD
======================================================================


======================================================================
Running 3 trials WITHOUT SRD
======================================================================


[Comparison] report written to results/slurm/20260718_0340/patchsize_acm_scf_30/patches_30/comparison.txt

======================================================================
SRD Patch Size Comparison
======================================================================
Started: 2026-07-18T03:46:23
Patch sizes: [30]
Trials per size: 3
Steps per trial: 1000
Output directory: results/slurm/20260718_0340/patchsize_acm_scf_30
======================================================================


======================================================================
Running comparison with 30 initial patches
  Target 1: images/acm.png
  Target 2: images/scf.png
  Trials: 3, Steps: 1000
======================================================================

[OK] Comparison with 30 patches completed successfully

======================================================================
Comparison Summary
======================================================================
Successful: 1/1
Total time: 26050.0 seconds (7.24 hours)
Summary report: results/slurm/20260718_0340/patchsize_acm_scf_30/SUMMARY.txt
======================================================================

