## SLURM PROLOG ###############################################################
##    Job ID : 4093828
##  Job Name : 20260718_1833_patchsize_cat_face_bass_20
##  Nodelist : gpu2254
##      CPUs : 
##  Mem/Node : 128000 MB
## Directory : /oscar/home/cjmok/automated-perspective-sculptor
##   Job Started : Sat Jul 18 09:07:08 PM EDT 2026
###############################################################################
[Swept volume] building (resolution=256)...
[Run] mode=full, trials=3, seeds=[0, 1, 2], steps=1000, srd=True, ablation_flags={'disable_swept_volume_adds': False, 'loss_only_deletion': False, 'disable_splitting': False}
[Trial 1/3] seed=0
[Patch] mapbox-earcut is not installed; falling back to fan fill, so non-convex pieces will render incorrectly. Install it with: pip install mapbox-earcut
[SRD rewrite] added patch=20, position=(0.755, 0.339, -1.332), improvement=0.026731
[SRD rewrite] added patch=21, position=(0.767, 0.328, -1.342), improvement=0.026720
[SRD rewrite] added patch=22, position=(0.721, 0.332, -1.336), improvement=0.026616
SRD step 50: evaluated 27 candidates, 27 promising, accepted 3
  Accepted AddPatch at patch 20, improvement=0.026731
  Accepted AddPatch at patch 21, improvement=0.026720
  Accepted AddPatch at patch 22, improvement=0.026616
  Total patches: 23, total adds: 3, total deletes: 0
  step 50/1000: loss=0.603188, patches=20
[SRD rewrite] deleted patch=22, position=(0.638, 0.251, -1.291), reason=Area 0.000529 below minimum 0.01
[SRD rewrite] deleted patch=21, position=(0.775, 0.282, -1.298), reason=Area 0.003260 below minimum 0.01
[SRD rewrite] deleted patch=20, position=(0.734, 0.417, -1.290), reason=Area 0.000368 below minimum 0.01
[SRD rewrite] deleted patch=15, position=(0.371, 0.407, 1.964), reason=Area 0.008506 below minimum 0.01
[SRD rewrite] added patch=19, position=(0.665, -0.748, 1.363), improvement=0.013741
[SRD rewrite] added patch=20, position=(-1.474, 0.161, -1.664), improvement=0.011699
[SRD rewrite] added patch=21, position=(-1.105, 0.349, -1.410), improvement=0.011435
SRD step 100: evaluated 27 candidates, 24 promising, accepted 7
  Accepted AddPatch at patch 19, improvement=0.013741
  Accepted AddPatch at patch 20, improvement=0.011699
  Accepted AddPatch at patch 21, improvement=0.011435
  Mandatory DeletePatch(15) at patch 15, reason=Area 0.008506 below minimum 0.01
  Mandatory DeletePatch(20) at patch 20, reason=Area 0.000368 below minimum 0.01
  Mandatory DeletePatch(21) at patch 21, reason=Area 0.003260 below minimum 0.01
  Mandatory DeletePatch(22) at patch 22, reason=Area 0.000529 below minimum 0.01
  Total patches: 22, total adds: 6, total deletes: 4
  step 100/1000: loss=0.410098, patches=23
[SRD rewrite] deleted patch=20, position=(-1.474, 0.161, -1.664), reason=Area 0.009291 below minimum 0.01
[SRD rewrite] added patch=21, position=(-1.376, 0.147, -1.703), improvement=0.005108
[SRD rewrite] added patch=22, position=(-1.374, 0.172, -1.582), improvement=0.005066
[SRD rewrite] added patch=23, position=(-0.322, 0.367, 1.577), improvement=0.004958
SRD step 150: evaluated 27 candidates, 26 promising, accepted 4
  Accepted AddPatch at patch 21, improvement=0.005108
  Accepted AddPatch at patch 22, improvement=0.005066
  Accepted AddPatch at patch 23, improvement=0.004958
  Mandatory DeletePatch(20) at patch 20, reason=Area 0.009291 below minimum 0.01
  Total patches: 24, total adds: 9, total deletes: 5
  step 150/1000: loss=0.311431, patches=22
[SRD rewrite] deleted patch=12, position=(1.556, 0.171, -1.298), reason=Area 0.005228 below minimum 0.01
[SRD rewrite] added patch=23, position=(-0.990, -0.239, 1.611), improvement=0.004033
[SRD rewrite] added patch=24, position=(-0.753, 0.122, 1.365), improvement=0.003407
[SRD rewrite] added patch=25, position=(-0.717, 0.070, -1.474), improvement=0.002955
SRD step 200: evaluated 27 candidates, 20 promising, accepted 4
  Accepted AddPatch at patch 23, improvement=0.004033
  Accepted AddPatch at patch 24, improvement=0.003407
  Accepted AddPatch at patch 25, improvement=0.002955
  Mandatory DeletePatch(12) at patch 12, reason=Area 0.005228 below minimum 0.01
  Total patches: 26, total adds: 12, total deletes: 6
  step 200/1000: loss=0.250250, patches=24
[SRD rewrite] deleted patch=25, position=(-0.733, -0.005, -1.607), reason=Area 0.002670 below minimum 0.01
[SRD rewrite] deleted patch=19, position=(-1.131, 0.443, -1.631), reason=Area 0.009518 below minimum 0.01
[SRD rewrite] deleted patch=5, position=(0.652, -0.574, 1.596), reason=Area 0.007411 below minimum 0.01
[SRD rewrite] deleted patch=2, position=(0.231, -0.472, 1.738), reason=Area 0.008567 below minimum 0.01
[SRD rewrite] split patch=3, children=21,22, improvement=0.007403
[SRD rewrite] added patch=23, position=(-0.827, 0.124, -0.219), improvement=0.004072
[SRD rewrite] added patch=24, position=(-0.736, -0.476, 1.855), improvement=0.004002
SRD step 250: evaluated 27 candidates, 23 promising, accepted 7
  Accepted SplitPatch(3) at patch 3, improvement=0.007403
  Accepted AddPatch at patch 23, improvement=0.004072
  Accepted AddPatch at patch 24, improvement=0.004002
  Mandatory DeletePatch(2) at patch 2, reason=Area 0.008567 below minimum 0.01
  Mandatory DeletePatch(5) at patch 5, reason=Area 0.007411 below minimum 0.01
  Mandatory DeletePatch(19) at patch 19, reason=Area 0.009518 below minimum 0.01
  Mandatory DeletePatch(25) at patch 25, reason=Area 0.002670 below minimum 0.01
  Total patches: 25, total adds: 15, total deletes: 10
  step 250/1000: loss=0.203731, patches=26
[SRD rewrite] deleted patch=22, position=(-2.290, -0.193, -1.547), reason=Area 0.004655 below minimum 0.01
[SRD rewrite] deleted patch=21, position=(-2.371, -0.215, -1.419), reason=Area 0.000565 below minimum 0.01
SRD step 300: evaluated 27 candidates, 0 promising, accepted 2
  Mandatory DeletePatch(21) at patch 21, reason=Area 0.000565 below minimum 0.01
  Mandatory DeletePatch(22) at patch 22, reason=Area 0.004655 below minimum 0.01
  Total patches: 23, total adds: 15, total deletes: 12
  step 300/1000: loss=0.174831, patches=25
[SRD rewrite] deleted patch=10, position=(-0.507, 0.244, -1.795), reason=Area 0.009081 below minimum 0.01
[SRD rewrite] added patch=22, position=(-0.982, 0.166, -1.368), improvement=0.001053
[SRD rewrite] added patch=23, position=(0.730, 0.175, 1.407), improvement=0.000926
[SRD rewrite] restored patch=24, position=(-1.131, 0.443, -1.631), improvement=0.000921
SRD step 350: evaluated 27 candidates, 6 promising, accepted 4
  Accepted AddPatch at patch 22, improvement=0.001053
  Accepted AddPatch at patch 23, improvement=0.000926
  Accepted RestorePatch(7) at patch 24, improvement=0.000921
  Mandatory DeletePatch(10) at patch 10, reason=Area 0.009081 below minimum 0.01
  Total patches: 25, total adds: 18, total deletes: 13
  step 350/1000: loss=0.172056, patches=23
[SRD rewrite] deleted patch=24, position=(-1.091, 0.368, -1.712), reason=Area 0.002160 below minimum 0.01
[SRD rewrite] deleted patch=23, position=(0.837, 0.291, 1.432), reason=Area 0.000122 below minimum 0.01
[SRD rewrite] deleted patch=22, position=(-1.059, 0.047, -1.496), reason=Area 0.000396 below minimum 0.01
SRD step 400: evaluated 27 candidates, 0 promising, accepted 3
  Mandatory DeletePatch(22) at patch 22, reason=Area 0.000396 below minimum 0.01
  Mandatory DeletePatch(23) at patch 23, reason=Area 0.000122 below minimum 0.01
  Mandatory DeletePatch(24) at patch 24, reason=Area 0.002160 below minimum 0.01
  Total patches: 22, total adds: 18, total deletes: 16
  step 400/1000: loss=0.153065, patches=25
[SRD rewrite] added patch=22, position=(0.722, 0.915, -0.558), improvement=0.000598
[SRD rewrite] added patch=23, position=(-0.831, 1.053, 0.316), improvement=0.000584
[SRD rewrite] added patch=24, position=(-0.780, 0.260, 1.744), improvement=0.000143
SRD step 450: evaluated 27 candidates, 3 promising, accepted 3
  Accepted AddPatch at patch 22, improvement=0.000598
  Accepted AddPatch at patch 23, improvement=0.000584
  Accepted AddPatch at patch 24, improvement=0.000143
  Total patches: 25, total adds: 21, total deletes: 16
  step 450/1000: loss=0.151852, patches=22
[SRD rewrite] deleted patch=24, position=(-0.780, 0.260, 1.744), reason=Area 0.009291 below minimum 0.01
SRD step 500: evaluated 27 candidates, 0 promising, accepted 1
  Mandatory DeletePatch(24) at patch 24, reason=Area 0.009291 below minimum 0.01
  Total patches: 24, total adds: 21, total deletes: 17
  step 500/1000: loss=0.128660, patches=25
[SRD rewrite] deleted patch=21, position=(-0.901, -0.504, 1.589), reason=Area 0.006459 below minimum 0.01
SRD step 550: evaluated 27 candidates, 0 promising, accepted 1
  Mandatory DeletePatch(21) at patch 21, reason=Area 0.006459 below minimum 0.01
  Total patches: 23, total adds: 21, total deletes: 18
  step 550/1000: loss=0.121031, patches=24
SRD step 600: evaluated 27 candidates, 0 promising, accepted 0
  Total patches: 23, total adds: 21, total deletes: 18
  step 600/1000: loss=0.122443, patches=23
SRD step 650: evaluated 27 candidates, 0 promising, accepted 0
  Total patches: 23, total adds: 21, total deletes: 18
  step 650/1000: loss=0.120081, patches=23
SRD step 700: evaluated 27 candidates, 0 promising, accepted 0
  Total patches: 23, total adds: 21, total deletes: 18
  step 700/1000: loss=0.127447, patches=23
[SRD rewrite] deleted patch=13, position=(1.297, 1.189, -0.619), reason=Area 0.008485 below minimum 0.01
SRD step 750: evaluated 27 candidates, 0 promising, accepted 1
  Mandatory DeletePatch(13) at patch 13, reason=Area 0.008485 below minimum 0.01
  Total patches: 22, total adds: 21, total deletes: 19
  step 750/1000: loss=0.127519, patches=23
[SRD rewrite] deleted patch=15, position=(-1.377, 0.213, -1.537), reason=delete has no image effect
SRD step 800: evaluated 27 candidates, 0 promising, accepted 1
  Mandatory DeletePatch(15) at patch 15, reason=delete has no image effect
  Total patches: 21, total adds: 21, total deletes: 20
  step 800/1000: loss=0.128778, patches=22
[SRD rewrite] added patch=21, position=(0.971, 0.009, 1.290), improvement=0.000370
SRD step 850: evaluated 27 candidates, 1 promising, accepted 1
  Accepted AddPatch at patch 21, improvement=0.000370
  Total patches: 22, total adds: 22, total deletes: 20
  step 850/1000: loss=0.129477, patches=21
[SRD rewrite] deleted patch=21, position=(1.028, 0.093, 1.330), reason=Area 0.000291 below minimum 0.01
SRD step 900: evaluated 27 candidates, 0 promising, accepted 1
  Mandatory DeletePatch(21) at patch 21, reason=Area 0.000291 below minimum 0.01
  Total patches: 21, total adds: 22, total deletes: 21
  step 900/1000: loss=0.128506, patches=22
SRD step 950: evaluated 27 candidates, 0 promising, accepted 0
  Total patches: 21, total adds: 22, total deletes: 21
  step 950/1000: loss=0.128183, patches=21
SRD step 1000: evaluated 27 candidates, 0 promising, accepted 0
  Total patches: 21, total adds: 22, total deletes: 21
  step 1000/1000: loss=0.132230, patches=21
[SRD rewrite] deleted patch=2, position=(-2.454, 1.371, -1.130), reason=final deletion pass improved loss
[SRD rewrite] deleted patch=6, position=(0.118, -0.744, -2.168), reason=final deletion pass improved loss
[SRD rewrite] deleted patch=9, position=(1.626, -1.548, 2.006), reason=final deletion pass improved loss
[SRD rewrite] deleted patch=11, position=(-0.895, 0.522, -2.379), reason=final deletion pass improved loss
[Trial 1] done: loss=0.123131, time=4324.1s
[Trial 2/3] seed=1
[SRD rewrite] split patch=16, children=19,20, improvement=0.012880
[SRD rewrite] added patch=21, position=(0.371, 0.206, 1.467), improvement=0.012976
[SRD rewrite] added patch=22, position=(0.867, 0.402, -0.247), improvement=0.012928
SRD step 50: evaluated 27 candidates, 24 promising, accepted 3
  Accepted AddPatch at patch 21, improvement=0.012976
  Accepted AddPatch at patch 22, improvement=0.012928
  Accepted SplitPatch(16) at patch 16, improvement=0.012880
  Total patches: 23, total adds: 3, total deletes: 0
  step 50/1000: loss=0.487475, patches=20
[SRD rewrite] deleted patch=21, position=(0.349, 0.285, 1.495), reason=Area 0.006680 below minimum 0.01
[SRD rewrite] deleted patch=20, position=(1.128, 0.203, -1.510), reason=Area 0.005490 below minimum 0.01
[SRD rewrite] split patch=3, children=20,21, improvement=0.011824
[SRD rewrite] added patch=22, position=(-0.795, 0.076, -1.538), improvement=0.011742
[SRD rewrite] added patch=23, position=(0.445, -0.734, 1.766), improvement=0.011487
SRD step 100: evaluated 27 candidates, 25 promising, accepted 5
  Accepted SplitPatch(3) at patch 3, improvement=0.011824
  Accepted AddPatch at patch 22, improvement=0.011742
  Accepted AddPatch at patch 23, improvement=0.011487
  Mandatory DeletePatch(20) at patch 20, reason=Area 0.005490 below minimum 0.01
  Mandatory DeletePatch(21) at patch 21, reason=Area 0.006680 below minimum 0.01
  Total patches: 24, total adds: 6, total deletes: 2
  step 100/1000: loss=0.400829, patches=23
[SRD rewrite] deleted patch=22, position=(-0.766, 0.011, -1.586), reason=Area 0.004997 below minimum 0.01
[SRD rewrite] deleted patch=21, position=(-0.367, -0.391, -1.504), reason=Area 0.001124 below minimum 0.01
[SRD rewrite] deleted patch=20, position=(-0.273, -0.546, -1.552), reason=Area 0.006203 below minimum 0.01
[SRD rewrite] added patch=21, position=(0.702, -0.651, 1.479), improvement=0.006093
[SRD rewrite] added patch=22, position=(-0.105, -0.201, 1.434), improvement=0.005712
[SRD rewrite] added patch=23, position=(0.533, 0.163, -0.043), improvement=0.005498
SRD step 150: evaluated 27 candidates, 23 promising, accepted 6
  Accepted AddPatch at patch 21, improvement=0.006093
  Accepted AddPatch at patch 22, improvement=0.005712
  Accepted AddPatch at patch 23, improvement=0.005498
  Mandatory DeletePatch(20) at patch 20, reason=Area 0.006203 below minimum 0.01
  Mandatory DeletePatch(21) at patch 21, reason=Area 0.001124 below minimum 0.01
  Mandatory DeletePatch(22) at patch 22, reason=Area 0.004997 below minimum 0.01
  Total patches: 24, total adds: 9, total deletes: 5
  step 150/1000: loss=0.340936, patches=24
[SRD rewrite] added patch=24, position=(-0.673, -0.760, 1.580), improvement=0.008596
[SRD rewrite] added patch=25, position=(-0.463, -0.810, 1.840), improvement=0.008516
[SRD rewrite] added patch=26, position=(-1.291, 0.360, -0.817), improvement=0.008417
SRD step 200: evaluated 27 candidates, 23 promising, accepted 3
  Accepted AddPatch at patch 24, improvement=0.008596
  Accepted AddPatch at patch 25, improvement=0.008516
  Accepted AddPatch at patch 26, improvement=0.008417
  Total patches: 27, total adds: 12, total deletes: 5
  step 200/1000: loss=0.283781, patches=24
[SRD rewrite] deleted patch=25, position=(-0.516, -0.790, 1.747), reason=Area 0.003398 below minimum 0.01
[SRD rewrite] added patch=26, position=(-0.239, -0.576, 1.545), improvement=0.007428
[SRD rewrite] added patch=27, position=(-0.445, -0.746, 1.945), improvement=0.007000
[SRD rewrite] added patch=28, position=(-0.657, -0.788, 1.425), improvement=0.006841
SRD step 250: evaluated 27 candidates, 24 promising, accepted 4
  Accepted AddPatch at patch 26, improvement=0.007428
  Accepted AddPatch at patch 27, improvement=0.007000
  Accepted AddPatch at patch 28, improvement=0.006841
  Mandatory DeletePatch(25) at patch 25, reason=Area 0.003398 below minimum 0.01
  Total patches: 29, total adds: 15, total deletes: 6
  step 250/1000: loss=0.203503, patches=27
[SRD rewrite] deleted patch=28, position=(-0.677, -0.852, 1.281), reason=Area 0.002459 below minimum 0.01
[SRD rewrite] deleted patch=27, position=(-0.513, -0.776, 1.832), reason=Area 0.003215 below minimum 0.01
SRD step 300: evaluated 27 candidates, 0 promising, accepted 2
  Mandatory DeletePatch(27) at patch 27, reason=Area 0.003215 below minimum 0.01
  Mandatory DeletePatch(28) at patch 28, reason=Area 0.002459 below minimum 0.01
  Total patches: 27, total adds: 15, total deletes: 8
  step 300/1000: loss=0.161229, patches=29
[SRD rewrite] deleted patch=10, position=(-1.237, 0.695, -0.072), reason=Area 0.005063 below minimum 0.01
[SRD rewrite] deleted patch=1, position=(-0.528, 0.728, 0.902), reason=delete has no image effect
SRD step 350: evaluated 27 candidates, 0 promising, accepted 2
  Mandatory DeletePatch(10) at patch 10, reason=Area 0.005063 below minimum 0.01
  Mandatory DeletePatch(1) at patch 1, reason=delete has no image effect
  Total patches: 25, total adds: 15, total deletes: 10
  step 350/1000: loss=0.146974, patches=27
SRD step 400: evaluated 27 candidates, 0 promising, accepted 0
  Total patches: 25, total adds: 15, total deletes: 10
  step 400/1000: loss=0.140826, patches=25
[SRD rewrite] deleted patch=24, position=(-0.246, -0.427, 1.457), reason=Area 0.008080 below minimum 0.01
SRD step 450: evaluated 27 candidates, 0 promising, accepted 1
  Mandatory DeletePatch(24) at patch 24, reason=Area 0.008080 below minimum 0.01
  Total patches: 24, total adds: 15, total deletes: 11
  step 450/1000: loss=0.137233, patches=25
[SRD rewrite] deleted patch=3, position=(-0.816, 1.395, -0.733), reason=Area 0.007371 below minimum 0.01
SRD step 500: evaluated 27 candidates, 0 promising, accepted 1
  Mandatory DeletePatch(3) at patch 3, reason=Area 0.007371 below minimum 0.01
  Total patches: 23, total adds: 15, total deletes: 12
  step 500/1000: loss=0.133237, patches=24
SRD step 550: evaluated 27 candidates, 0 promising, accepted 0
  Total patches: 23, total adds: 15, total deletes: 12
  step 550/1000: loss=0.129573, patches=23
SRD step 600: evaluated 27 candidates, 0 promising, accepted 0
  Total patches: 23, total adds: 15, total deletes: 12
  step 600/1000: loss=0.125844, patches=23
SRD step 650: evaluated 27 candidates, 0 promising, accepted 0
  Total patches: 23, total adds: 15, total deletes: 12
  step 650/1000: loss=0.125347, patches=23
SRD step 700: evaluated 27 candidates, 0 promising, accepted 0
  Total patches: 23, total adds: 15, total deletes: 12
  step 700/1000: loss=0.127361, patches=23
[SRD rewrite] deleted patch=2, position=(-0.421, 1.237, -0.929), reason=Area 0.005235 below minimum 0.01
[SRD rewrite] added patch=22, position=(-0.181, -1.083, 1.023), improvement=0.000918
[SRD rewrite] added patch=23, position=(-0.103, -0.732, 2.076), improvement=0.000592
[SRD rewrite] added patch=24, position=(0.187, 0.606, -1.385), improvement=0.000440
SRD step 750: evaluated 27 candidates, 6 promising, accepted 4
  Accepted AddPatch at patch 22, improvement=0.000918
  Accepted AddPatch at patch 23, improvement=0.000592
  Accepted AddPatch at patch 24, improvement=0.000440
  Mandatory DeletePatch(2) at patch 2, reason=Area 0.005235 below minimum 0.01
  Total patches: 25, total adds: 18, total deletes: 13
  step 750/1000: loss=0.125655, patches=23
[SRD rewrite] deleted patch=23, position=(-0.157, -0.751, 1.951), reason=Area 0.002505 below minimum 0.01
[SRD rewrite] added patch=24, position=(0.237, -1.041, 0.908), improvement=0.000111
SRD step 800: evaluated 27 candidates, 1 promising, accepted 2
  Accepted AddPatch at patch 24, improvement=0.000111
  Mandatory DeletePatch(23) at patch 23, reason=Area 0.002505 below minimum 0.01
  Total patches: 25, total adds: 19, total deletes: 14
  step 800/1000: loss=0.117962, patches=25
SRD step 850: evaluated 27 candidates, 0 promising, accepted 0
  Total patches: 25, total adds: 19, total deletes: 14
  step 850/1000: loss=0.115664, patches=25
SRD step 900: evaluated 27 candidates, 0 promising, accepted 0
  Total patches: 25, total adds: 19, total deletes: 14
  step 900/1000: loss=0.115147, patches=25
[SRD rewrite] deleted patch=21, position=(-1.293, 0.526, -0.782), reason=Area 0.009438 below minimum 0.01
SRD step 950: evaluated 27 candidates, 0 promising, accepted 1
  Mandatory DeletePatch(21) at patch 21, reason=Area 0.009438 below minimum 0.01
  Total patches: 24, total adds: 19, total deletes: 15
  step 950/1000: loss=0.113636, patches=25
SRD step 1000: evaluated 27 candidates, 0 promising, accepted 0
  Total patches: 24, total adds: 19, total deletes: 15
  step 1000/1000: loss=0.111009, patches=24
[SRD rewrite] deleted patch=12, position=(0.554, 0.905, -2.377), reason=final deletion pass improved loss
[Trial 2] done: loss=0.109300, time=4760.9s
[Trial 3/3] seed=2
[SRD rewrite] added patch=20, position=(0.538, 0.345, 1.252), improvement=0.019273
[SRD rewrite] added patch=21, position=(-0.664, 0.206, 1.677), improvement=0.019207
[SRD rewrite] added patch=22, position=(0.519, 0.326, 1.208), improvement=0.018494
SRD step 50: evaluated 27 candidates, 27 promising, accepted 3
  Accepted AddPatch at patch 20, improvement=0.019273
  Accepted AddPatch at patch 21, improvement=0.019207
  Accepted AddPatch at patch 22, improvement=0.018494
  Total patches: 23, total adds: 3, total deletes: 0
  step 50/1000: loss=0.540971, patches=20
[SRD rewrite] deleted patch=22, position=(0.659, 0.461, 1.153), reason=Area 0.000204 below minimum 0.01
[SRD rewrite] added patch=22, position=(-0.476, -0.743, 1.703), improvement=0.008133
[SRD rewrite] added patch=23, position=(0.917, 0.527, -0.665), improvement=0.007396
[SRD rewrite] added patch=24, position=(-0.698, 0.090, -1.537), improvement=0.007076
SRD step 100: evaluated 27 candidates, 24 promising, accepted 4
  Accepted AddPatch at patch 22, improvement=0.008133
  Accepted AddPatch at patch 23, improvement=0.007396
  Accepted AddPatch at patch 24, improvement=0.007076
  Mandatory DeletePatch(22) at patch 22, reason=Area 0.000204 below minimum 0.01
  Total patches: 25, total adds: 6, total deletes: 1
  step 100/1000: loss=0.401075, patches=23
[SRD rewrite] deleted patch=24, position=(-0.673, 0.073, -1.437), reason=Area 0.000311 below minimum 0.01
[SRD rewrite] deleted patch=20, position=(0.638, 0.495, 1.404), reason=Area 0.000810 below minimum 0.01
SRD step 150: evaluated 27 candidates, 0 promising, accepted 2
  Mandatory DeletePatch(20) at patch 20, reason=Area 0.000810 below minimum 0.01
  Mandatory DeletePatch(24) at patch 24, reason=Area 0.000311 below minimum 0.01
  Total patches: 23, total adds: 6, total deletes: 3
  step 150/1000: loss=0.341569, patches=25
[SRD rewrite] added patch=23, position=(0.852, 0.657, -0.583), improvement=0.005721
[SRD rewrite] added patch=24, position=(-0.174, -0.068, 1.640), improvement=0.005689
[SRD rewrite] added patch=25, position=(0.749, -0.541, 1.597), improvement=0.005645
SRD step 200: evaluated 27 candidates, 24 promising, accepted 3
  Accepted AddPatch at patch 23, improvement=0.005721
  Accepted AddPatch at patch 24, improvement=0.005689
  Accepted AddPatch at patch 25, improvement=0.005645
  Total patches: 26, total adds: 9, total deletes: 3
  step 200/1000: loss=0.289025, patches=23
[SRD rewrite] deleted patch=24, position=(-0.239, -0.094, 1.551), reason=Area 0.005859 below minimum 0.01
[SRD rewrite] added patch=25, position=(0.770, -0.578, 1.669), improvement=0.000323
[SRD rewrite] added patch=26, position=(-0.842, 0.631, 0.133), improvement=0.000228
SRD step 250: evaluated 27 candidates, 2 promising, accepted 3
  Accepted AddPatch at patch 25, improvement=0.000323
  Accepted AddPatch at patch 26, improvement=0.000228
  Mandatory DeletePatch(24) at patch 24, reason=Area 0.005859 below minimum 0.01
  Total patches: 27, total adds: 11, total deletes: 4
  step 250/1000: loss=0.241621, patches=26
[SRD rewrite] deleted patch=26, position=(-0.842, 0.631, 0.133), reason=Area 0.009291 below minimum 0.01
[SRD rewrite] deleted patch=25, position=(0.637, -0.617, 1.523), reason=Area 0.007682 below minimum 0.01
[SRD rewrite] deleted patch=19, position=(-2.050, 0.182, 0.469), reason=Area 0.006271 below minimum 0.01
[SRD rewrite] added patch=24, position=(0.624, -0.811, 1.003), improvement=0.004192
[SRD rewrite] added patch=25, position=(0.460, -0.907, 1.139), improvement=0.004089
[SRD rewrite] added patch=26, position=(0.321, -0.873, 1.423), improvement=0.003498
SRD step 300: evaluated 27 candidates, 21 promising, accepted 6
  Accepted AddPatch at patch 24, improvement=0.004192
  Accepted AddPatch at patch 25, improvement=0.004089
  Accepted AddPatch at patch 26, improvement=0.003498
  Mandatory DeletePatch(19) at patch 19, reason=Area 0.006271 below minimum 0.01
  Mandatory DeletePatch(25) at patch 25, reason=Area 0.007682 below minimum 0.01
  Mandatory DeletePatch(26) at patch 26, reason=Area 0.009291 below minimum 0.01
  Total patches: 27, total adds: 14, total deletes: 7
  step 300/1000: loss=0.213670, patches=27
[SRD rewrite] added patch=27, position=(0.453, -0.907, 1.048), improvement=0.003197
[SRD rewrite] added patch=28, position=(0.712, -0.691, 1.689), improvement=0.002859
SRD step 350: evaluated 27 candidates, 21 promising, accepted 3
  Accepted AddPatch at patch 27, improvement=0.003197
  Accepted AddPatch at patch 28, improvement=0.002859
  Accepted SplitPatch(18) at patch 18, improvement=0.002852
  Total patches: 29, total adds: 16, total deletes: 7
  step 350/1000: loss=0.172244, patches=27
[SRD rewrite] deleted patch=28, position=(0.628, -0.772, 1.554), reason=Area 0.002594 below minimum 0.01
[SRD rewrite] deleted patch=27, position=(0.612, -0.920, 1.129), reason=Area 0.002851 below minimum 0.01
[SRD rewrite] deleted patch=16, position=(-1.350, 1.630, -0.740), reason=Area 0.008549 below minimum 0.01
[SRD rewrite] added patch=26, position=(0.959, -0.279, 1.409), improvement=0.003524
[SRD rewrite] added patch=27, position=(1.421, 0.007, -1.041), improvement=0.003425
[SRD rewrite] added patch=28, position=(0.631, -0.546, 1.640), improvement=0.003384
SRD step 400: evaluated 27 candidates, 19 promising, accepted 6
  Accepted AddPatch at patch 26, improvement=0.003524
  Accepted AddPatch at patch 27, improvement=0.003425
  Accepted AddPatch at patch 28, improvement=0.003384
  Mandatory DeletePatch(16) at patch 16, reason=Area 0.008549 below minimum 0.01
  Mandatory DeletePatch(27) at patch 27, reason=Area 0.002851 below minimum 0.01
  Mandatory DeletePatch(28) at patch 28, reason=Area 0.002594 below minimum 0.01
  Total patches: 29, total adds: 19, total deletes: 10
  step 400/1000: loss=0.141614, patches=29
[SRD rewrite] deleted patch=28, position=(0.518, -0.645, 1.496), reason=Area 0.001064 below minimum 0.01
[SRD rewrite] deleted patch=24, position=(0.429, -1.001, 1.353), reason=Area 0.001170 below minimum 0.01
[SRD rewrite] added patch=27, position=(-0.830, 0.685, -0.854), improvement=0.000597
[SRD rewrite] added patch=28, position=(-0.935, 0.818, -1.517), improvement=0.000574
[SRD rewrite] added patch=29, position=(0.787, -0.733, 1.355), improvement=0.000545
SRD step 450: evaluated 27 candidates, 15 promising, accepted 5
  Accepted AddPatch at patch 27, improvement=0.000597
  Accepted AddPatch at patch 28, improvement=0.000574
  Accepted AddPatch at patch 29, improvement=0.000545
  Mandatory DeletePatch(24) at patch 24, reason=Area 0.001170 below minimum 0.01
  Mandatory DeletePatch(28) at patch 28, reason=Area 0.001064 below minimum 0.01
  Total patches: 30, total adds: 22, total deletes: 12
  step 450/1000: loss=0.125776, patches=29
[SRD rewrite] deleted patch=29, position=(0.818, -0.683, 1.452), reason=Area 0.000364 below minimum 0.01
[SRD rewrite] deleted patch=28, position=(-0.948, 0.802, -1.543), reason=Area 0.007644 below minimum 0.01
[SRD rewrite] deleted patch=27, position=(-0.907, 0.770, -0.777), reason=Area 0.000633 below minimum 0.01
SRD step 500: evaluated 27 candidates, 0 promising, accepted 3
  Mandatory DeletePatch(27) at patch 27, reason=Area 0.000633 below minimum 0.01
  Mandatory DeletePatch(28) at patch 28, reason=Area 0.007644 below minimum 0.01
  Mandatory DeletePatch(29) at patch 29, reason=Area 0.000364 below minimum 0.01
  Total patches: 27, total adds: 22, total deletes: 15
  step 500/1000: loss=0.109539, patches=30
[SRD rewrite] added patch=27, position=(-1.198, 1.306, -0.026), improvement=0.000789
[SRD rewrite] added patch=28, position=(-0.939, 0.731, -1.188), improvement=0.000289
SRD step 550: evaluated 27 candidates, 12 promising, accepted 3
  Accepted AddPatch at patch 27, improvement=0.000789
  Accepted AddPatch at patch 28, improvement=0.000289
  Accepted SplitPatch(3) at patch 3, improvement=0.000005
  Total patches: 29, total adds: 24, total deletes: 15
  step 550/1000: loss=0.101631, patches=27
[SRD rewrite] added patch=29, position=(-0.115, 0.220, 1.613), improvement=0.000523
[SRD rewrite] added patch=30, position=(-0.264, -0.828, 1.693), improvement=0.000349
[SRD rewrite] restored patch=31, position=(-0.907, 0.770, -0.777), improvement=0.000343
SRD step 600: evaluated 27 candidates, 7 promising, accepted 3
  Accepted AddPatch at patch 29, improvement=0.000523
  Accepted AddPatch at patch 30, improvement=0.000349
  Accepted RestorePatch(14) at patch 31, improvement=0.000343
  Total patches: 32, total adds: 27, total deletes: 15
  step 600/1000: loss=0.096165, patches=29
[SRD rewrite] deleted patch=31, position=(-0.907, 0.770, -0.777), reason=Area 0.000633 below minimum 0.01
[SRD rewrite] deleted patch=30, position=(-0.266, -0.850, 1.674), reason=Area 0.000365 below minimum 0.01
[SRD rewrite] deleted patch=29, position=(-0.155, 0.240, 1.589), reason=Area 0.005340 below minimum 0.01
SRD step 650: evaluated 27 candidates, 0 promising, accepted 3
  Mandatory DeletePatch(29) at patch 29, reason=Area 0.005340 below minimum 0.01
  Mandatory DeletePatch(30) at patch 30, reason=Area 0.000365 below minimum 0.01
  Mandatory DeletePatch(31) at patch 31, reason=Area 0.000633 below minimum 0.01
  Total patches: 29, total adds: 27, total deletes: 18
  step 650/1000: loss=0.088557, patches=32
SRD step 700: evaluated 27 candidates, 0 promising, accepted 0
  Total patches: 29, total adds: 27, total deletes: 18
  step 700/1000: loss=0.089289, patches=29
SRD step 750: evaluated 27 candidates, 0 promising, accepted 0
  Total patches: 29, total adds: 27, total deletes: 18
  step 750/1000: loss=0.089719, patches=29
SRD step 800: evaluated 27 candidates, 0 promising, accepted 0
  Total patches: 29, total adds: 27, total deletes: 18
  step 800/1000: loss=0.086148, patches=29
SRD step 850: evaluated 27 candidates, 0 promising, accepted 0
  Total patches: 29, total adds: 27, total deletes: 18
  step 850/1000: loss=0.085740, patches=29
SRD step 900: evaluated 27 candidates, 0 promising, accepted 0
  Total patches: 29, total adds: 27, total deletes: 18
  step 900/1000: loss=0.083665, patches=29
SRD step 950: evaluated 26 candidates, 0 promising, accepted 0
  Total patches: 29, total adds: 27, total deletes: 18
  step 950/1000: loss=0.085414, patches=29
[SRD rewrite] deleted patch=28, position=(-0.743, 0.833, -2.009), reason=Area 0.004970 below minimum 0.01
SRD step 1000: evaluated 27 candidates, 0 promising, accepted 1
  Mandatory DeletePatch(28) at patch 28, reason=Area 0.004970 below minimum 0.01
  Total patches: 28, total adds: 27, total deletes: 19
  step 1000/1000: loss=0.086825, patches=29
[SRD rewrite] deleted patch=1, position=(-0.534, -0.180, -2.365), reason=final deletion pass improved loss
[SRD rewrite] deleted patch=10, position=(-1.869, -0.097, 0.933), reason=final deletion pass improved loss
[SRD rewrite] deleted patch=10, position=(-1.919, 0.551, 1.221), reason=final deletion pass improved loss
[Trial 3] done: loss=0.076465, time=5340.2s
[Run] report written to results/slurm/20260718_1833/patchsize_cat_face_bass_20/patches_20/with_srd/with_srd.txt
[Swept volume] building (resolution=256)...
[Run] mode=full, trials=3, seeds=[0, 1, 2], steps=1000, srd=False, ablation_flags={'disable_swept_volume_adds': True, 'loss_only_deletion': True, 'disable_splitting': False}
[Trial 1/3] seed=0
[Patch] mapbox-earcut is not installed; falling back to fan fill, so non-convex pieces will render incorrectly. Install it with: pip install mapbox-earcut
  step 50/1000: loss=0.603188, patches=20
  step 100/1000: loss=0.418883, patches=20
  step 150/1000: loss=0.343812, patches=20
  step 200/1000: loss=0.281456, patches=20
  step 250/1000: loss=0.247513, patches=20
  step 300/1000: loss=0.235728, patches=20
  step 350/1000: loss=0.232891, patches=20
  step 400/1000: loss=0.227047, patches=20
  step 450/1000: loss=0.219674, patches=20
  step 500/1000: loss=0.201006, patches=20
  step 550/1000: loss=0.193724, patches=20
  step 600/1000: loss=0.181655, patches=20
  step 650/1000: loss=0.181314, patches=20
  step 700/1000: loss=0.171602, patches=20
  step 750/1000: loss=0.175311, patches=20
  step 800/1000: loss=0.163625, patches=20
  step 850/1000: loss=0.166175, patches=20
  step 900/1000: loss=0.164609, patches=20
  step 950/1000: loss=0.171226, patches=20
  step 1000/1000: loss=0.156229, patches=20
[Trial 1] done: loss=0.153710, time=1027.5s
[Trial 2/3] seed=1
  step 50/1000: loss=0.487475, patches=20
  step 100/1000: loss=0.402433, patches=20
  step 150/1000: loss=0.343629, patches=20
  step 200/1000: loss=0.322830, patches=20
  step 250/1000: loss=0.296821, patches=20
  step 300/1000: loss=0.264721, patches=20
  step 350/1000: loss=0.250336, patches=20
  step 400/1000: loss=0.233931, patches=20
  step 450/1000: loss=0.227814, patches=20
  step 500/1000: loss=0.222746, patches=20
  step 550/1000: loss=0.220920, patches=20
  step 600/1000: loss=0.220534, patches=20
  step 650/1000: loss=0.217995, patches=20
  step 700/1000: loss=0.215647, patches=20
  step 750/1000: loss=0.218858, patches=20
  step 800/1000: loss=0.218645, patches=20
  step 850/1000: loss=0.213757, patches=20
  step 900/1000: loss=0.214369, patches=20
  step 950/1000: loss=0.212340, patches=20
  step 1000/1000: loss=0.209321, patches=20
[Trial 2] done: loss=0.209303, time=1070.9s
[Trial 3/3] seed=2
  step 50/1000: loss=0.540971, patches=20
  step 100/1000: loss=0.410376, patches=20
  step 150/1000: loss=0.366399, patches=20
  step 200/1000: loss=0.339707, patches=20
  step 250/1000: loss=0.297961, patches=20
  step 300/1000: loss=0.285102, patches=20
  step 350/1000: loss=0.275536, patches=20
  step 400/1000: loss=0.263658, patches=20
  step 450/1000: loss=0.248758, patches=20
  step 500/1000: loss=0.228520, patches=20
  step 550/1000: loss=0.183429, patches=20
  step 600/1000: loss=0.177966, patches=20
  step 650/1000: loss=0.175236, patches=20
  step 700/1000: loss=0.174337, patches=20
  step 750/1000: loss=0.174651, patches=20
  step 800/1000: loss=0.174315, patches=20
  step 850/1000: loss=0.172217, patches=20
  step 900/1000: loss=0.170292, patches=20
  step 950/1000: loss=0.168450, patches=20
  step 1000/1000: loss=0.168710, patches=20
[Trial 3] done: loss=0.167917, time=1018.2s
[Run] report written to results/slurm/20260718_1833/patchsize_cat_face_bass_20/patches_20/without_srd/without_srd.txt

======================================================================
Running 3 trials WITH SRD
======================================================================


======================================================================
Running 3 trials WITHOUT SRD
======================================================================


[Comparison] report written to results/slurm/20260718_1833/patchsize_cat_face_bass_20/patches_20/comparison.txt

======================================================================
SRD Patch Size Comparison
======================================================================
Started: 2026-07-18T21:07:11
Patch sizes: [20]
Trials per size: 3
Steps per trial: 1000
Output directory: results/slurm/20260718_1833/patchsize_cat_face_bass_20
======================================================================


======================================================================
Running comparison with 20 initial patches
  Target 1: images/cat_face.png
  Target 2: images/bass.png
  Trials: 3, Steps: 1000
======================================================================

[OK] Comparison with 20 patches completed successfully

======================================================================
Comparison Summary
======================================================================
Successful: 1/1
Total time: 18585.6 seconds (5.16 hours)
Summary report: results/slurm/20260718_1833/patchsize_cat_face_bass_20/SUMMARY.txt
======================================================================

