## SLURM PROLOG ###############################################################
##    Job ID : 4093830
##  Job Name : 20260718_1833_patchsize_cat_face_bass_5
##  Nodelist : gpu2258
##      CPUs : 
##  Mem/Node : 128000 MB
## Directory : /oscar/home/cjmok/automated-perspective-sculptor
##   Job Started : Sat Jul 18 09:18:11 PM EDT 2026
###############################################################################
[Swept volume] building (resolution=256)...
[Run] mode=full, trials=3, seeds=[0, 1, 2], steps=1000, srd=True, ablation_flags={'disable_swept_volume_adds': False, 'loss_only_deletion': False, 'disable_splitting': False}
[Trial 1/3] seed=0
[Patch] mapbox-earcut is not installed; falling back to fan fill, so non-convex pieces will render incorrectly. Install it with: pip install mapbox-earcut
[SRD rewrite] added patch=5, position=(-0.458, 0.276, 1.455), improvement=0.014394
[SRD rewrite] added patch=6, position=(0.760, 0.335, -1.319), improvement=0.013539
[SRD rewrite] added patch=7, position=(0.356, 0.420, -0.991), improvement=0.013505
SRD step 50: evaluated 27 candidates, 22 promising, accepted 3
  Accepted AddPatch at patch 5, improvement=0.014394
  Accepted AddPatch at patch 6, improvement=0.013539
  Accepted AddPatch at patch 7, improvement=0.013505
  Total patches: 8, total adds: 3, total deletes: 0
  step 50/1000: loss=0.750062, patches=5
[SRD rewrite] added patch=8, position=(0.189, 0.193, 1.359), improvement=0.016550
[SRD rewrite] added patch=9, position=(0.040, 0.188, 1.437), improvement=0.016519
[SRD rewrite] added patch=10, position=(0.217, 0.351, -1.446), improvement=0.015846
SRD step 100: evaluated 27 candidates, 27 promising, accepted 3
  Accepted AddPatch at patch 8, improvement=0.016550
  Accepted AddPatch at patch 9, improvement=0.016519
  Accepted AddPatch at patch 10, improvement=0.015846
  Total patches: 11, total adds: 6, total deletes: 0
  step 100/1000: loss=0.562192, patches=8
[SRD rewrite] added patch=11, position=(0.532, 0.204, -1.331), improvement=0.009174
[SRD rewrite] added patch=12, position=(-0.278, 0.260, -1.441), improvement=0.008786
[SRD rewrite] added patch=13, position=(-0.024, 0.276, -1.371), improvement=0.008696
SRD step 150: evaluated 27 candidates, 22 promising, accepted 3
  Accepted AddPatch at patch 11, improvement=0.009174
  Accepted AddPatch at patch 12, improvement=0.008786
  Accepted AddPatch at patch 13, improvement=0.008696
  Total patches: 14, total adds: 9, total deletes: 0
  step 150/1000: loss=0.436394, patches=11
[SRD rewrite] deleted patch=8, position=(0.244, 0.306, 1.438), reason=delete has no image effect
[SRD rewrite] added patch=13, position=(-0.728, 0.360, -1.702), improvement=0.005640
[SRD rewrite] added patch=14, position=(-0.575, 0.345, -1.713), improvement=0.005636
[SRD rewrite] added patch=15, position=(-0.266, 0.278, -1.507), improvement=0.005474
SRD step 200: evaluated 27 candidates, 19 promising, accepted 4
  Accepted AddPatch at patch 13, improvement=0.005640
  Accepted AddPatch at patch 14, improvement=0.005636
  Accepted AddPatch at patch 15, improvement=0.005474
  Mandatory DeletePatch(8) at patch 8, reason=delete has no image effect
  Total patches: 16, total adds: 12, total deletes: 1
  step 200/1000: loss=0.371600, patches=14
[SRD rewrite] deleted patch=11, position=(-0.472, 0.438, -1.264), reason=Area 0.006263 below minimum 0.01
[SRD rewrite] deleted patch=9, position=(0.037, 0.424, -1.354), reason=Area 0.003725 below minimum 0.01
[SRD rewrite] deleted patch=8, position=(0.170, 0.199, 1.536), reason=Area 0.002740 below minimum 0.01
[SRD rewrite] added patch=13, position=(1.035, 0.371, -1.321), improvement=0.005733
[SRD rewrite] added patch=14, position=(0.734, 0.128, 1.281), improvement=0.004934
[SRD rewrite] added patch=15, position=(0.285, 0.430, -1.497), improvement=0.004544
SRD step 250: evaluated 27 candidates, 24 promising, accepted 6
  Accepted AddPatch at patch 13, improvement=0.005733
  Accepted AddPatch at patch 14, improvement=0.004934
  Accepted AddPatch at patch 15, improvement=0.004544
  Mandatory DeletePatch(8) at patch 8, reason=Area 0.002740 below minimum 0.01
  Mandatory DeletePatch(9) at patch 9, reason=Area 0.003725 below minimum 0.01
  Mandatory DeletePatch(11) at patch 11, reason=Area 0.006263 below minimum 0.01
  Total patches: 16, total adds: 15, total deletes: 4
  step 250/1000: loss=0.328614, patches=16
[SRD rewrite] deleted patch=12, position=(-0.440, 0.381, -1.369), reason=Area 0.006962 below minimum 0.01
[SRD rewrite] added patch=15, position=(-0.319, 0.208, -1.600), improvement=0.000087
[SRD rewrite] added patch=16, position=(0.731, 0.172, 1.406), improvement=0.000077
SRD step 300: evaluated 27 candidates, 2 promising, accepted 3
  Accepted AddPatch at patch 15, improvement=0.000087
  Accepted AddPatch at patch 16, improvement=0.000077
  Mandatory DeletePatch(12) at patch 12, reason=Area 0.006962 below minimum 0.01
  Total patches: 17, total adds: 17, total deletes: 5
  step 300/1000: loss=0.305509, patches=16
[SRD rewrite] deleted patch=16, position=(0.697, 0.156, 1.422), reason=Area 0.006162 below minimum 0.01
[SRD rewrite] deleted patch=12, position=(1.058, 0.300, -1.199), reason=Area 0.008681 below minimum 0.01
[SRD rewrite] deleted patch=10, position=(-0.974, 0.518, -1.565), reason=Area 0.009072 below minimum 0.01
SRD step 350: evaluated 27 candidates, 0 promising, accepted 3
  Mandatory DeletePatch(10) at patch 10, reason=Area 0.009072 below minimum 0.01
  Mandatory DeletePatch(12) at patch 12, reason=Area 0.008681 below minimum 0.01
  Mandatory DeletePatch(16) at patch 16, reason=Area 0.006162 below minimum 0.01
  Total patches: 14, total adds: 17, total deletes: 8
  step 350/1000: loss=0.285548, patches=17
[SRD rewrite] deleted patch=13, position=(-0.416, 0.266, -1.510), reason=delete has no image effect
[SRD rewrite] added patch=13, position=(-0.281, -0.572, 1.772), improvement=0.002389
[SRD rewrite] added patch=14, position=(-0.090, 0.335, -1.636), improvement=0.001897
[SRD rewrite] added patch=15, position=(-0.672, -0.681, 1.601), improvement=0.001890
SRD step 400: evaluated 27 candidates, 13 promising, accepted 4
  Accepted AddPatch at patch 13, improvement=0.002389
  Accepted AddPatch at patch 14, improvement=0.001897
  Accepted AddPatch at patch 15, improvement=0.001890
  Mandatory DeletePatch(13) at patch 13, reason=delete has no image effect
  Total patches: 16, total adds: 20, total deletes: 9
  step 400/1000: loss=0.266012, patches=14
[SRD rewrite] deleted patch=13, position=(-0.327, -0.598, 1.701), reason=Area 0.004221 below minimum 0.01
[SRD rewrite] deleted patch=13, position=(-0.141, 0.380, -1.588), reason=delete has no image effect
[SRD rewrite] deleted patch=10, position=(-0.776, 0.343, -1.450), reason=delete has no image effect
SRD step 450: evaluated 27 candidates, 0 promising, accepted 3
  Mandatory DeletePatch(13) at patch 13, reason=Area 0.004221 below minimum 0.01
  Mandatory DeletePatch(10) at patch 10, reason=delete has no image effect
  Mandatory DeletePatch(13) at patch 13, reason=delete has no image effect
  Total patches: 13, total adds: 20, total deletes: 12
  step 450/1000: loss=0.247296, patches=16
[SRD rewrite] added patch=13, position=(-0.816, -0.664, 1.695), improvement=0.003234
[SRD rewrite] added patch=14, position=(0.528, 0.429, -1.457), improvement=0.003232
[SRD rewrite] restored patch=15, position=(-0.472, 0.438, -1.264), improvement=0.003213
SRD step 500: evaluated 27 candidates, 21 promising, accepted 3
  Accepted AddPatch at patch 13, improvement=0.003234
  Accepted AddPatch at patch 14, improvement=0.003232
  Accepted RestorePatch(1) at patch 15, improvement=0.003213
  Total patches: 16, total adds: 23, total deletes: 12
  step 500/1000: loss=0.241237, patches=13
[SRD rewrite] deleted patch=15, position=(-0.543, 0.510, -1.336), reason=Area 0.000768 below minimum 0.01
[SRD rewrite] deleted patch=14, position=(0.470, 0.540, -1.592), reason=Area 0.000431 below minimum 0.01
[SRD rewrite] deleted patch=13, position=(-0.855, -0.763, 1.758), reason=Area 0.000251 below minimum 0.01
SRD step 550: evaluated 27 candidates, 0 promising, accepted 3
  Mandatory DeletePatch(13) at patch 13, reason=Area 0.000251 below minimum 0.01
  Mandatory DeletePatch(14) at patch 14, reason=Area 0.000431 below minimum 0.01
  Mandatory DeletePatch(15) at patch 15, reason=Area 0.000768 below minimum 0.01
  Total patches: 13, total adds: 23, total deletes: 15
  step 550/1000: loss=0.211875, patches=16
[SRD rewrite] deleted patch=11, position=(0.223, 0.616, -1.448), reason=Area 0.007004 below minimum 0.01
SRD step 600: evaluated 27 candidates, 0 promising, accepted 1
  Mandatory DeletePatch(11) at patch 11, reason=Area 0.007004 below minimum 0.01
  Total patches: 12, total adds: 23, total deletes: 16
  step 600/1000: loss=0.207671, patches=13
[SRD rewrite] deleted patch=10, position=(0.844, 0.323, 1.380), reason=Area 0.002672 below minimum 0.01
SRD step 650: evaluated 27 candidates, 0 promising, accepted 1
  Mandatory DeletePatch(10) at patch 10, reason=Area 0.002672 below minimum 0.01
  Total patches: 11, total adds: 23, total deletes: 17
  step 650/1000: loss=0.204097, patches=12
[SRD rewrite] added patch=11, position=(0.421, 0.086, 0.040), improvement=0.000520
[SRD rewrite] added patch=12, position=(-0.674, 0.050, -0.018), improvement=0.000202
[SRD rewrite] added patch=13, position=(-0.270, 0.206, -0.022), improvement=0.000086
SRD step 700: evaluated 27 candidates, 3 promising, accepted 3
  Accepted AddPatch at patch 11, improvement=0.000520
  Accepted AddPatch at patch 12, improvement=0.000202
  Accepted AddPatch at patch 13, improvement=0.000086
  Total patches: 14, total adds: 26, total deletes: 17
  step 700/1000: loss=0.208299, patches=11
SRD step 750: evaluated 27 candidates, 0 promising, accepted 0
  Total patches: 14, total adds: 26, total deletes: 17
  step 750/1000: loss=0.189140, patches=14
[SRD rewrite] added patch=14, position=(-0.266, 0.671, -0.885), improvement=0.001610
[SRD rewrite] added patch=15, position=(-0.270, -0.189, 1.753), improvement=0.001521
[SRD rewrite] added patch=16, position=(-0.383, 0.733, -0.936), improvement=0.001443
SRD step 800: evaluated 27 candidates, 11 promising, accepted 3
  Accepted AddPatch at patch 14, improvement=0.001610
  Accepted AddPatch at patch 15, improvement=0.001521
  Accepted AddPatch at patch 16, improvement=0.001443
  Total patches: 17, total adds: 29, total deletes: 17
  step 800/1000: loss=0.184589, patches=14
[SRD rewrite] deleted patch=16, position=(-0.453, 0.800, -0.912), reason=Area 0.001149 below minimum 0.01
[SRD rewrite] deleted patch=15, position=(-0.296, -0.201, 1.658), reason=Area 0.002898 below minimum 0.01
SRD step 850: evaluated 27 candidates, 0 promising, accepted 2
  Mandatory DeletePatch(15) at patch 15, reason=Area 0.002898 below minimum 0.01
  Mandatory DeletePatch(16) at patch 16, reason=Area 0.001149 below minimum 0.01
  Total patches: 15, total adds: 29, total deletes: 19
  step 850/1000: loss=0.177262, patches=17
[SRD rewrite] added patch=15, position=(-0.621, 0.344, -1.811), improvement=0.000020
SRD step 900: evaluated 27 candidates, 1 promising, accepted 1
  Accepted AddPatch at patch 15, improvement=0.000020
  Total patches: 16, total adds: 30, total deletes: 19
  step 900/1000: loss=0.180490, patches=15
[SRD rewrite] deleted patch=14, position=(-0.451, 0.743, -0.870), reason=Area 0.009830 below minimum 0.01
SRD step 950: evaluated 27 candidates, 0 promising, accepted 1
  Mandatory DeletePatch(14) at patch 14, reason=Area 0.009830 below minimum 0.01
  Total patches: 15, total adds: 30, total deletes: 20
  step 950/1000: loss=0.173873, patches=16
SRD step 1000: evaluated 27 candidates, 0 promising, accepted 0
  Total patches: 15, total adds: 30, total deletes: 20
  step 1000/1000: loss=0.173233, patches=15
[SRD rewrite] deleted patch=4, position=(-1.020, -0.447, -2.279), reason=final deletion pass improved loss
[Trial 1] done: loss=0.149915, time=2508.5s
[Trial 2/3] seed=1
[SRD rewrite] added patch=5, position=(0.264, 0.281, -1.285), improvement=0.008570
[SRD rewrite] added patch=6, position=(0.519, 0.391, -1.365), improvement=0.008320
[SRD rewrite] added patch=7, position=(0.268, 0.404, -1.358), improvement=0.008063
SRD step 50: evaluated 27 candidates, 13 promising, accepted 3
  Accepted AddPatch at patch 5, improvement=0.008570
  Accepted AddPatch at patch 6, improvement=0.008320
  Accepted AddPatch at patch 7, improvement=0.008063
  Total patches: 8, total adds: 3, total deletes: 0
  step 50/1000: loss=0.678584, patches=5
[SRD rewrite] deleted patch=7, position=(0.111, 0.503, -1.220), reason=Area 0.002953 below minimum 0.01
[SRD rewrite] added patch=7, position=(0.733, 0.310, -1.091), improvement=0.007268
[SRD rewrite] added patch=8, position=(0.367, 0.067, 1.437), improvement=0.006940
[SRD rewrite] added patch=9, position=(0.407, 0.528, -0.769), improvement=0.006516
SRD step 100: evaluated 27 candidates, 16 promising, accepted 4
  Accepted AddPatch at patch 7, improvement=0.007268
  Accepted AddPatch at patch 8, improvement=0.006940
  Accepted AddPatch at patch 9, improvement=0.006516
  Mandatory DeletePatch(7) at patch 7, reason=Area 0.002953 below minimum 0.01
  Total patches: 10, total adds: 6, total deletes: 1
  step 100/1000: loss=0.603289, patches=8
[SRD rewrite] split patch=4, children=9,10, improvement=0.011792
[SRD rewrite] added patch=11, position=(0.654, 0.348, -1.388), improvement=0.011910
[SRD rewrite] added patch=12, position=(0.287, 0.386, -1.437), improvement=0.011516
SRD step 150: evaluated 27 candidates, 17 promising, accepted 3
  Accepted AddPatch at patch 11, improvement=0.011910
  Accepted SplitPatch(4) at patch 4, improvement=0.011792
  Accepted AddPatch at patch 12, improvement=0.011516
  Total patches: 13, total adds: 9, total deletes: 1
  step 150/1000: loss=0.513927, patches=10
[SRD rewrite] deleted patch=12, position=(0.232, 0.353, -1.325), reason=Area 0.002026 below minimum 0.01
[SRD rewrite] added patch=12, position=(0.693, 0.357, -1.201), improvement=0.003312
[SRD rewrite] added patch=13, position=(0.360, 0.545, -1.365), improvement=0.003249
[SRD rewrite] added patch=14, position=(-0.409, 0.531, -1.404), improvement=0.002976
SRD step 200: evaluated 27 candidates, 24 promising, accepted 4
  Accepted AddPatch at patch 12, improvement=0.003312
  Accepted AddPatch at patch 13, improvement=0.003249
  Accepted AddPatch at patch 14, improvement=0.002976
  Mandatory DeletePatch(12) at patch 12, reason=Area 0.002026 below minimum 0.01
  Total patches: 15, total adds: 12, total deletes: 2
  step 200/1000: loss=0.429540, patches=13
[SRD rewrite] deleted patch=14, position=(-0.519, 0.649, -1.476), reason=Area 0.000450 below minimum 0.01
[SRD rewrite] deleted patch=13, position=(0.258, 0.400, -1.344), reason=Area 0.000296 below minimum 0.01
[SRD rewrite] deleted patch=12, position=(0.748, 0.246, -1.159), reason=Area 0.003493 below minimum 0.01
[SRD rewrite] deleted patch=11, position=(0.527, 0.186, -1.220), reason=Area 0.003770 below minimum 0.01
[SRD rewrite] deleted patch=10, position=(-1.707, 1.250, -0.804), reason=Area 0.003000 below minimum 0.01
[SRD rewrite] deleted patch=9, position=(-1.515, 1.435, -0.651), reason=Area 0.006892 below minimum 0.01
SRD step 250: evaluated 27 candidates, 0 promising, accepted 6
  Mandatory DeletePatch(9) at patch 9, reason=Area 0.006892 below minimum 0.01
  Mandatory DeletePatch(10) at patch 10, reason=Area 0.003000 below minimum 0.01
  Mandatory DeletePatch(11) at patch 11, reason=Area 0.003770 below minimum 0.01
  Mandatory DeletePatch(12) at patch 12, reason=Area 0.003493 below minimum 0.01
  Mandatory DeletePatch(13) at patch 13, reason=Area 0.000296 below minimum 0.01
  Mandatory DeletePatch(14) at patch 14, reason=Area 0.000450 below minimum 0.01
  Total patches: 9, total adds: 12, total deletes: 8
  step 250/1000: loss=0.406442, patches=15
[SRD rewrite] added patch=9, position=(0.626, 0.271, -1.284), improvement=0.001949
[SRD rewrite] added patch=10, position=(0.872, 0.482, -1.364), improvement=0.001213
[SRD rewrite] added patch=11, position=(0.198, 0.370, -1.348), improvement=0.001024
SRD step 300: evaluated 27 candidates, 7 promising, accepted 3
  Accepted AddPatch at patch 9, improvement=0.001949
  Accepted AddPatch at patch 10, improvement=0.001213
  Accepted AddPatch at patch 11, improvement=0.001024
  Total patches: 12, total adds: 15, total deletes: 8
  step 300/1000: loss=0.405634, patches=9
[SRD rewrite] deleted patch=11, position=(0.239, 0.343, -1.300), reason=Area 0.000248 below minimum 0.01
[SRD rewrite] deleted patch=10, position=(0.869, 0.318, -1.266), reason=Area 0.000499 below minimum 0.01
[SRD rewrite] deleted patch=9, position=(0.627, 0.214, -1.271), reason=Area 0.008775 below minimum 0.01
[SRD rewrite] deleted patch=6, position=(1.165, 0.275, -0.595), reason=delete has no image effect
[SRD rewrite] added patch=8, position=(0.988, 0.296, -1.399), improvement=0.000285
SRD step 350: evaluated 27 candidates, 1 promising, accepted 5
  Accepted AddPatch at patch 8, improvement=0.000285
  Mandatory DeletePatch(9) at patch 9, reason=Area 0.008775 below minimum 0.01
  Mandatory DeletePatch(10) at patch 10, reason=Area 0.000499 below minimum 0.01
  Mandatory DeletePatch(11) at patch 11, reason=Area 0.000248 below minimum 0.01
  Mandatory DeletePatch(6) at patch 6, reason=delete has no image effect
  Total patches: 9, total adds: 16, total deletes: 12
  step 350/1000: loss=0.387466, patches=12
[SRD rewrite] added patch=9, position=(-0.184, 0.015, 1.361), improvement=0.003538
[SRD rewrite] added patch=10, position=(0.080, 0.383, -1.575), improvement=0.003507
[SRD rewrite] added patch=11, position=(0.238, 0.445, -0.148), improvement=0.003442
SRD step 400: evaluated 27 candidates, 25 promising, accepted 3
  Accepted AddPatch at patch 9, improvement=0.003538
  Accepted AddPatch at patch 10, improvement=0.003507
  Accepted AddPatch at patch 11, improvement=0.003442
  Total patches: 12, total adds: 19, total deletes: 12
  step 400/1000: loss=0.388825, patches=9
[SRD rewrite] deleted patch=10, position=(0.135, 0.533, -1.476), reason=Area 0.001412 below minimum 0.01
[SRD rewrite] added patch=11, position=(0.602, -0.673, 1.499), improvement=0.002897
[SRD rewrite] added patch=12, position=(-0.654, 0.619, -0.145), improvement=0.001614
[SRD rewrite] added patch=13, position=(0.197, -0.134, 1.482), improvement=0.001602
SRD step 450: evaluated 27 candidates, 20 promising, accepted 4
  Accepted AddPatch at patch 11, improvement=0.002897
  Accepted AddPatch at patch 12, improvement=0.001614
  Accepted AddPatch at patch 13, improvement=0.001602
  Mandatory DeletePatch(10) at patch 10, reason=Area 0.001412 below minimum 0.01
  Total patches: 14, total adds: 22, total deletes: 13
  step 450/1000: loss=0.373675, patches=12
[SRD rewrite] deleted patch=12, position=(-0.756, 0.536, -0.144), reason=Area 0.001488 below minimum 0.01
[SRD rewrite] added patch=13, position=(0.379, 0.114, 1.382), improvement=0.005704
[SRD rewrite] added patch=14, position=(0.252, 0.210, -1.460), improvement=0.005431
[SRD rewrite] added patch=15, position=(0.461, 0.169, 0.065), improvement=0.005351
SRD step 500: evaluated 27 candidates, 23 promising, accepted 4
  Accepted AddPatch at patch 13, improvement=0.005704
  Accepted AddPatch at patch 14, improvement=0.005431
  Accepted AddPatch at patch 15, improvement=0.005351
  Mandatory DeletePatch(12) at patch 12, reason=Area 0.001488 below minimum 0.01
  Total patches: 16, total adds: 25, total deletes: 14
  step 500/1000: loss=0.327070, patches=14
[SRD rewrite] deleted patch=14, position=(0.327, 0.244, -1.442), reason=Area 0.000709 below minimum 0.01
[SRD rewrite] deleted patch=9, position=(-0.193, -0.012, 0.993), reason=Area 0.005069 below minimum 0.01
[SRD rewrite] deleted patch=8, position=(0.895, 0.129, -1.231), reason=Area 0.009799 below minimum 0.01
[SRD rewrite] added patch=13, position=(0.330, -0.053, 1.345), improvement=0.000181
SRD step 550: evaluated 27 candidates, 1 promising, accepted 4
  Accepted AddPatch at patch 13, improvement=0.000181
  Mandatory DeletePatch(8) at patch 8, reason=Area 0.009799 below minimum 0.01
  Mandatory DeletePatch(9) at patch 9, reason=Area 0.005069 below minimum 0.01
  Mandatory DeletePatch(14) at patch 14, reason=Area 0.000709 below minimum 0.01
  Total patches: 14, total adds: 26, total deletes: 17
  step 550/1000: loss=0.281552, patches=16
[SRD rewrite] deleted patch=13, position=(0.286, 0.019, 1.444), reason=Area 0.007471 below minimum 0.01
[SRD rewrite] deleted patch=11, position=(0.308, 0.123, 1.486), reason=Area 0.001871 below minimum 0.01
[SRD rewrite] added patch=12, position=(-0.492, -0.873, 1.287), improvement=0.002447
[SRD rewrite] added patch=13, position=(-0.848, 0.180, -0.112), improvement=0.001676
[SRD rewrite] added patch=14, position=(0.779, 0.198, -0.069), improvement=0.001633
SRD step 600: evaluated 27 candidates, 10 promising, accepted 5
  Accepted AddPatch at patch 12, improvement=0.002447
  Accepted AddPatch at patch 13, improvement=0.001676
  Accepted AddPatch at patch 14, improvement=0.001633
  Mandatory DeletePatch(11) at patch 11, reason=Area 0.001871 below minimum 0.01
  Mandatory DeletePatch(13) at patch 13, reason=Area 0.007471 below minimum 0.01
  Total patches: 15, total adds: 29, total deletes: 19
  step 600/1000: loss=0.270929, patches=14
[SRD rewrite] deleted patch=14, position=(0.847, 0.249, -0.061), reason=Area 0.001952 below minimum 0.01
[SRD rewrite] added patch=14, position=(0.480, 0.201, -1.437), improvement=0.003493
[SRD rewrite] added patch=15, position=(-0.987, 0.221, -0.153), improvement=0.002944
[SRD rewrite] added patch=16, position=(1.328, 0.075, -1.172), improvement=0.002775
SRD step 650: evaluated 27 candidates, 16 promising, accepted 4
  Accepted AddPatch at patch 14, improvement=0.003493
  Accepted AddPatch at patch 15, improvement=0.002944
  Accepted AddPatch at patch 16, improvement=0.002775
  Mandatory DeletePatch(14) at patch 14, reason=Area 0.001952 below minimum 0.01
  Total patches: 17, total adds: 32, total deletes: 20
  step 650/1000: loss=0.239976, patches=15
[SRD rewrite] deleted patch=15, position=(-1.039, 0.250, -0.124), reason=Area 0.003295 below minimum 0.01
[SRD rewrite] deleted patch=13, position=(-0.828, 0.160, -0.035), reason=Area 0.008060 below minimum 0.01
SRD step 700: evaluated 27 candidates, 0 promising, accepted 2
  Mandatory DeletePatch(13) at patch 13, reason=Area 0.008060 below minimum 0.01
  Mandatory DeletePatch(15) at patch 15, reason=Area 0.003295 below minimum 0.01
  Total patches: 15, total adds: 32, total deletes: 22
  step 700/1000: loss=0.215407, patches=17
[SRD rewrite] deleted patch=13, position=(0.500, 0.121, -1.329), reason=Area 0.006791 below minimum 0.01
[SRD rewrite] deleted patch=6, position=(0.348, 0.210, 1.507), reason=Area 0.007882 below minimum 0.01
SRD step 750: evaluated 27 candidates, 0 promising, accepted 2
  Mandatory DeletePatch(6) at patch 6, reason=Area 0.007882 below minimum 0.01
  Mandatory DeletePatch(13) at patch 13, reason=Area 0.006791 below minimum 0.01
  Total patches: 13, total adds: 32, total deletes: 24
  step 750/1000: loss=0.206121, patches=15
[SRD rewrite] deleted patch=12, position=(1.288, 0.098, -1.130), reason=delete has no image effect
SRD step 800: evaluated 27 candidates, 0 promising, accepted 1
  Mandatory DeletePatch(12) at patch 12, reason=delete has no image effect
  Total patches: 12, total adds: 32, total deletes: 25
  step 800/1000: loss=0.194297, patches=13
[SRD rewrite] added patch=12, position=(0.071, -1.091, 1.035), improvement=0.003979
[SRD rewrite] added patch=13, position=(0.918, 0.272, -1.487), improvement=0.003552
[SRD rewrite] added patch=14, position=(0.222, 0.328, 1.517), improvement=0.003476
SRD step 850: evaluated 27 candidates, 20 promising, accepted 3
  Accepted AddPatch at patch 12, improvement=0.003979
  Accepted AddPatch at patch 13, improvement=0.003552
  Accepted AddPatch at patch 14, improvement=0.003476
  Total patches: 15, total adds: 35, total deletes: 25
  step 850/1000: loss=0.189482, patches=12
[SRD rewrite] deleted patch=14, position=(0.216, 0.261, 1.587), reason=Area 0.000313 below minimum 0.01
[SRD rewrite] deleted patch=12, position=(-0.031, -1.144, 1.033), reason=Area 0.004782 below minimum 0.01
SRD step 900: evaluated 27 candidates, 0 promising, accepted 2
  Mandatory DeletePatch(12) at patch 12, reason=Area 0.004782 below minimum 0.01
  Mandatory DeletePatch(14) at patch 14, reason=Area 0.000313 below minimum 0.01
  Total patches: 13, total adds: 35, total deletes: 27
  step 900/1000: loss=0.172613, patches=15
[SRD rewrite] added patch=13, position=(0.095, 0.637, -0.212), improvement=0.000228
[SRD rewrite] added patch=14, position=(-0.116, 0.602, 0.072), improvement=0.000117
[SRD rewrite] restored patch=15, position=(0.869, 0.318, -1.266), improvement=0.000011
SRD step 950: evaluated 27 candidates, 3 promising, accepted 3
  Accepted AddPatch at patch 13, improvement=0.000228
  Accepted AddPatch at patch 14, improvement=0.000117
  Accepted RestorePatch(10) at patch 15, improvement=0.000011
  Total patches: 16, total adds: 38, total deletes: 27
  step 950/1000: loss=0.178407, patches=13
[SRD rewrite] deleted patch=15, position=(0.918, 0.365, -1.220), reason=Area 0.000437 below minimum 0.01
[SRD rewrite] deleted patch=13, position=(0.168, 0.712, -0.150), reason=Area 0.000628 below minimum 0.01
SRD step 1000: evaluated 27 candidates, 0 promising, accepted 2
  Mandatory DeletePatch(13) at patch 13, reason=Area 0.000628 below minimum 0.01
  Mandatory DeletePatch(15) at patch 15, reason=Area 0.000437 below minimum 0.01
  Total patches: 14, total adds: 38, total deletes: 29
  step 1000/1000: loss=0.165861, patches=16
[SRD rewrite] deleted patch=3, position=(0.127, -1.189, 0.379), reason=final deletion pass improved loss
[Trial 2] done: loss=0.166150, time=2269.0s
[Trial 3/3] seed=2
[SRD rewrite] added patch=5, position=(-0.209, 0.445, -0.993), improvement=0.009527
[SRD rewrite] added patch=6, position=(-0.173, 0.317, -1.297), improvement=0.009420
[SRD rewrite] added patch=7, position=(0.394, 0.169, 1.349), improvement=0.009128
SRD step 50: evaluated 27 candidates, 15 promising, accepted 3
  Accepted AddPatch at patch 5, improvement=0.009527
  Accepted AddPatch at patch 6, improvement=0.009420
  Accepted AddPatch at patch 7, improvement=0.009128
  Total patches: 8, total adds: 3, total deletes: 0
  step 50/1000: loss=0.621910, patches=5
[SRD rewrite] added patch=8, position=(-0.370, 0.236, 1.632), improvement=0.007843
[SRD rewrite] added patch=9, position=(0.359, 0.323, -1.164), improvement=0.007278
[SRD rewrite] added patch=10, position=(0.151, 0.320, -1.249), improvement=0.006909
SRD step 100: evaluated 27 candidates, 15 promising, accepted 3
  Accepted AddPatch at patch 8, improvement=0.007843
  Accepted AddPatch at patch 9, improvement=0.007278
  Accepted AddPatch at patch 10, improvement=0.006909
  Total patches: 11, total adds: 6, total deletes: 0
  step 100/1000: loss=0.552780, patches=8
[SRD rewrite] deleted patch=10, position=(0.172, 0.333, -1.142), reason=Area 0.002250 below minimum 0.01
[SRD rewrite] added patch=10, position=(0.599, 0.518, -0.778), improvement=0.006337
[SRD rewrite] added patch=11, position=(1.068, 0.277, -0.967), improvement=0.006280
[SRD rewrite] added patch=12, position=(0.360, 0.400, 1.238), improvement=0.005137
SRD step 150: evaluated 27 candidates, 16 promising, accepted 4
  Accepted AddPatch at patch 10, improvement=0.006337
  Accepted AddPatch at patch 11, improvement=0.006280
  Accepted AddPatch at patch 12, improvement=0.005137
  Mandatory DeletePatch(10) at patch 10, reason=Area 0.002250 below minimum 0.01
  Total patches: 13, total adds: 9, total deletes: 1
  step 150/1000: loss=0.476884, patches=11
[SRD rewrite] deleted patch=12, position=(0.192, 0.547, 1.244), reason=Area 0.000290 below minimum 0.01
[SRD rewrite] deleted patch=10, position=(0.650, 0.457, -0.728), reason=Area 0.001779 below minimum 0.01
[SRD rewrite] added patch=11, position=(0.876, -0.564, 1.388), improvement=0.004232
[SRD rewrite] added patch=12, position=(-0.168, -0.068, 1.643), improvement=0.003076
[SRD rewrite] added patch=13, position=(-0.207, -0.187, 1.623), improvement=0.003051
SRD step 200: evaluated 27 candidates, 13 promising, accepted 5
  Accepted AddPatch at patch 11, improvement=0.004232
  Accepted AddPatch at patch 12, improvement=0.003076
  Accepted AddPatch at patch 13, improvement=0.003051
  Mandatory DeletePatch(10) at patch 10, reason=Area 0.001779 below minimum 0.01
  Mandatory DeletePatch(12) at patch 12, reason=Area 0.000290 below minimum 0.01
  Total patches: 14, total adds: 12, total deletes: 3
  step 200/1000: loss=0.412878, patches=13
[SRD rewrite] deleted patch=13, position=(-0.243, -0.223, 1.516), reason=Area 0.004743 below minimum 0.01
[SRD rewrite] added patch=13, position=(-0.712, 0.290, 1.855), improvement=0.006137
[SRD rewrite] added patch=14, position=(-0.349, 0.133, 1.318), improvement=0.006122
[SRD rewrite] added patch=15, position=(1.440, 0.071, -1.186), improvement=0.006057
SRD step 250: evaluated 27 candidates, 24 promising, accepted 4
  Accepted AddPatch at patch 13, improvement=0.006137
  Accepted AddPatch at patch 14, improvement=0.006122
  Accepted AddPatch at patch 15, improvement=0.006057
  Mandatory DeletePatch(13) at patch 13, reason=Area 0.004743 below minimum 0.01
  Total patches: 16, total adds: 15, total deletes: 4
  step 250/1000: loss=0.352178, patches=14
[SRD rewrite] deleted patch=15, position=(1.440, 0.071, -1.186), reason=Area 0.009291 below minimum 0.01
[SRD rewrite] deleted patch=14, position=(-0.255, 0.209, 1.200), reason=Area 0.001981 below minimum 0.01
[SRD rewrite] deleted patch=13, position=(-0.756, 0.287, 1.742), reason=Area 0.002240 below minimum 0.01
[SRD rewrite] added patch=13, position=(-0.383, -0.692, 1.799), improvement=0.000492
[SRD rewrite] added patch=14, position=(-0.424, -0.766, 1.909), improvement=0.000290
[SRD rewrite] added patch=15, position=(1.080, -0.045, 1.164), improvement=0.000079
SRD step 300: evaluated 27 candidates, 3 promising, accepted 6
  Accepted AddPatch at patch 13, improvement=0.000492
  Accepted AddPatch at patch 14, improvement=0.000290
  Accepted AddPatch at patch 15, improvement=0.000079
  Mandatory DeletePatch(13) at patch 13, reason=Area 0.002240 below minimum 0.01
  Mandatory DeletePatch(14) at patch 14, reason=Area 0.001981 below minimum 0.01
  Mandatory DeletePatch(15) at patch 15, reason=Area 0.009291 below minimum 0.01
  Total patches: 16, total adds: 18, total deletes: 7
  step 300/1000: loss=0.293596, patches=16
[SRD rewrite] added patch=16, position=(-0.278, -0.732, 1.317), improvement=0.003311
[SRD rewrite] added patch=17, position=(-0.067, -0.115, 1.513), improvement=0.001953
[SRD rewrite] added patch=18, position=(-0.030, 0.223, -1.708), improvement=0.001871
SRD step 350: evaluated 27 candidates, 26 promising, accepted 3
  Accepted AddPatch at patch 16, improvement=0.003311
  Accepted AddPatch at patch 17, improvement=0.001953
  Accepted AddPatch at patch 18, improvement=0.001871
  Total patches: 19, total adds: 21, total deletes: 7
  step 350/1000: loss=0.275143, patches=16
[SRD rewrite] deleted patch=18, position=(0.053, 0.185, -1.666), reason=Area 0.000270 below minimum 0.01
[SRD rewrite] deleted patch=17, position=(-0.016, -0.069, 1.468), reason=Area 0.007016 below minimum 0.01
[SRD rewrite] deleted patch=9, position=(0.742, 0.618, -1.009), reason=Area 0.000933 below minimum 0.01
[SRD rewrite] added patch=16, position=(0.359, 0.097, 1.154), improvement=0.002166
[SRD rewrite] added patch=17, position=(0.030, -0.090, 1.535), improvement=0.000964
[SRD rewrite] added patch=18, position=(-0.200, -0.222, 1.689), improvement=0.000727
SRD step 400: evaluated 27 candidates, 9 promising, accepted 6
  Accepted AddPatch at patch 16, improvement=0.002166
  Accepted AddPatch at patch 17, improvement=0.000964
  Accepted AddPatch at patch 18, improvement=0.000727
  Mandatory DeletePatch(9) at patch 9, reason=Area 0.000933 below minimum 0.01
  Mandatory DeletePatch(17) at patch 17, reason=Area 0.007016 below minimum 0.01
  Mandatory DeletePatch(18) at patch 18, reason=Area 0.000270 below minimum 0.01
  Total patches: 19, total adds: 24, total deletes: 10
  step 400/1000: loss=0.245832, patches=19
[SRD rewrite] deleted patch=18, position=(-0.255, -0.232, 1.574), reason=Area 0.003011 below minimum 0.01
[SRD rewrite] deleted patch=17, position=(0.048, -0.043, 1.493), reason=Area 0.006121 below minimum 0.01
[SRD rewrite] added patch=17, position=(0.337, -0.015, 1.420), improvement=0.001838
[SRD rewrite] added patch=18, position=(-0.841, 0.399, 0.663), improvement=0.000815
[SRD rewrite] restored patch=19, position=(0.053, 0.185, -1.666), improvement=0.000747
SRD step 450: evaluated 27 candidates, 8 promising, accepted 5
  Accepted AddPatch at patch 17, improvement=0.001838
  Accepted AddPatch at patch 18, improvement=0.000815
  Accepted RestorePatch(7) at patch 19, improvement=0.000747
  Mandatory DeletePatch(17) at patch 17, reason=Area 0.006121 below minimum 0.01
  Mandatory DeletePatch(18) at patch 18, reason=Area 0.003011 below minimum 0.01
  Total patches: 20, total adds: 27, total deletes: 12
  step 450/1000: loss=0.216865, patches=19
[SRD rewrite] deleted patch=19, position=(0.082, 0.216, -1.695), reason=Area 0.000596 below minimum 0.01
[SRD rewrite] deleted patch=18, position=(-0.818, 0.404, 0.644), reason=Area 0.007808 below minimum 0.01
[SRD rewrite] deleted patch=16, position=(0.412, 0.227, 1.401), reason=Area 0.004509 below minimum 0.01
SRD step 500: evaluated 27 candidates, 0 promising, accepted 3
  Mandatory DeletePatch(16) at patch 16, reason=Area 0.004509 below minimum 0.01
  Mandatory DeletePatch(18) at patch 18, reason=Area 0.007808 below minimum 0.01
  Mandatory DeletePatch(19) at patch 19, reason=Area 0.000596 below minimum 0.01
  Total patches: 17, total adds: 27, total deletes: 15
  step 500/1000: loss=0.199966, patches=20
[SRD rewrite] deleted patch=12, position=(-0.743, -0.649, 1.685), reason=Area 0.009762 below minimum 0.01
[SRD rewrite] restored patch=16, position=(0.048, -0.043, 1.493), improvement=0.001210
[SRD rewrite] restored patch=17, position=(-0.756, 0.287, 1.742), improvement=0.000739
SRD step 550: evaluated 27 candidates, 16 promising, accepted 4
  Accepted RestorePatch(10) at patch 16, improvement=0.001210
  Accepted RestorePatch(6) at patch 17, improvement=0.000739
  Accepted SplitPatch(2) at patch 2, improvement=0.000392
  Mandatory DeletePatch(12) at patch 12, reason=Area 0.009762 below minimum 0.01
  Total patches: 18, total adds: 29, total deletes: 16
  step 550/1000: loss=0.197652, patches=17
[SRD rewrite] deleted patch=17, position=(-0.740, 0.333, 1.735), reason=Area 0.000406 below minimum 0.01
SRD step 600: evaluated 27 candidates, 0 promising, accepted 1
  Mandatory DeletePatch(17) at patch 17, reason=Area 0.000406 below minimum 0.01
  Total patches: 17, total adds: 29, total deletes: 17
  step 600/1000: loss=0.183399, patches=18
[SRD rewrite] deleted patch=12, position=(-0.616, -0.830, 1.712), reason=Area 0.007526 below minimum 0.01
[SRD rewrite] added patch=16, position=(0.747, -0.567, 1.362), improvement=0.000544
SRD step 650: evaluated 27 candidates, 1 promising, accepted 2
  Accepted AddPatch at patch 16, improvement=0.000544
  Mandatory DeletePatch(12) at patch 12, reason=Area 0.007526 below minimum 0.01
  Total patches: 17, total adds: 30, total deletes: 18
  step 650/1000: loss=0.183347, patches=17
[SRD rewrite] deleted patch=16, position=(0.768, -0.517, 1.335), reason=Area 0.008431 below minimum 0.01
[SRD rewrite] added patch=16, position=(0.703, -0.516, 1.380), improvement=0.000201
SRD step 700: evaluated 27 candidates, 1 promising, accepted 2
  Accepted AddPatch at patch 16, improvement=0.000201
  Mandatory DeletePatch(16) at patch 16, reason=Area 0.008431 below minimum 0.01
  Total patches: 17, total adds: 31, total deletes: 19
  step 700/1000: loss=0.178382, patches=17
[SRD rewrite] deleted patch=16, position=(0.739, -0.517, 1.353), reason=Area 0.002720 below minimum 0.01
SRD step 750: evaluated 27 candidates, 0 promising, accepted 1
  Mandatory DeletePatch(16) at patch 16, reason=Area 0.002720 below minimum 0.01
  Total patches: 16, total adds: 31, total deletes: 20
  step 750/1000: loss=0.170270, patches=17
[SRD rewrite] deleted patch=15, position=(0.091, 0.133, 1.522), reason=Area 0.003254 below minimum 0.01
[SRD rewrite] added patch=15, position=(0.172, 0.787, -0.393), improvement=0.000127
[SRD rewrite] restored patch=16, position=(-0.016, -0.069, 1.468), improvement=0.000064
SRD step 800: evaluated 27 candidates, 2 promising, accepted 3
  Accepted AddPatch at patch 15, improvement=0.000127
  Accepted RestorePatch(6) at patch 16, improvement=0.000064
  Mandatory DeletePatch(15) at patch 15, reason=Area 0.003254 below minimum 0.01
  Total patches: 17, total adds: 33, total deletes: 21
  step 800/1000: loss=0.162560, patches=16
[SRD rewrite] deleted patch=16, position=(0.004, 0.029, 1.502), reason=Area 0.001964 below minimum 0.01
[SRD rewrite] added patch=16, position=(-0.335, 0.114, 1.265), improvement=0.001274
[SRD rewrite] added patch=17, position=(0.698, -0.660, 1.426), improvement=0.000904
[SRD rewrite] restored patch=18, position=(0.004, 0.029, 1.502), improvement=0.000822
SRD step 850: evaluated 27 candidates, 8 promising, accepted 4
  Accepted AddPatch at patch 16, improvement=0.001274
  Accepted AddPatch at patch 17, improvement=0.000904
  Accepted RestorePatch(17) at patch 18, improvement=0.000822
  Mandatory DeletePatch(16) at patch 16, reason=Area 0.001964 below minimum 0.01
  Total patches: 19, total adds: 36, total deletes: 22
  step 850/1000: loss=0.153121, patches=17
[SRD rewrite] deleted patch=18, position=(-0.049, 0.066, 1.554), reason=Area 0.000440 below minimum 0.01
[SRD rewrite] deleted patch=17, position=(0.731, -0.700, 1.457), reason=Area 0.001268 below minimum 0.01
[SRD rewrite] deleted patch=16, position=(-0.238, 0.153, 1.303), reason=Area 0.001601 below minimum 0.01
SRD step 900: evaluated 27 candidates, 0 promising, accepted 3
  Mandatory DeletePatch(16) at patch 16, reason=Area 0.001601 below minimum 0.01
  Mandatory DeletePatch(17) at patch 17, reason=Area 0.001268 below minimum 0.01
  Mandatory DeletePatch(18) at patch 18, reason=Area 0.000440 below minimum 0.01
  Total patches: 16, total adds: 36, total deletes: 25
  step 900/1000: loss=0.145767, patches=19
SRD step 950: evaluated 27 candidates, 0 promising, accepted 0
  Total patches: 16, total adds: 36, total deletes: 25
  step 950/1000: loss=0.144526, patches=16
SRD step 1000: evaluated 27 candidates, 0 promising, accepted 0
  Total patches: 16, total adds: 36, total deletes: 25
  step 1000/1000: loss=0.141225, patches=16
[Trial 3] done: loss=0.141602, time=2835.6s
[Run] report written to results/slurm/20260718_1833/patchsize_cat_face_bass_5/patches_5/with_srd/with_srd.txt
[Swept volume] building (resolution=256)...
[Run] mode=full, trials=3, seeds=[0, 1, 2], steps=1000, srd=False, ablation_flags={'disable_swept_volume_adds': True, 'loss_only_deletion': True, 'disable_splitting': False}
[Trial 1/3] seed=0
[Patch] mapbox-earcut is not installed; falling back to fan fill, so non-convex pieces will render incorrectly. Install it with: pip install mapbox-earcut
  step 50/1000: loss=0.750062, patches=5
  step 100/1000: loss=0.641608, patches=5
  step 150/1000: loss=0.588423, patches=5
  step 200/1000: loss=0.549194, patches=5
  step 250/1000: loss=0.515392, patches=5
  step 300/1000: loss=0.435591, patches=5
  step 350/1000: loss=0.380237, patches=5
  step 400/1000: loss=0.373910, patches=5
  step 450/1000: loss=0.364848, patches=5
  step 500/1000: loss=0.356391, patches=5
  step 550/1000: loss=0.359394, patches=5
  step 600/1000: loss=0.403793, patches=5
  step 650/1000: loss=0.442905, patches=5
  step 700/1000: loss=0.482471, patches=5
  step 750/1000: loss=0.504490, patches=5
  step 800/1000: loss=0.516299, patches=5
  step 850/1000: loss=0.519681, patches=5
  step 900/1000: loss=0.519395, patches=5
  step 950/1000: loss=0.526845, patches=5
  step 1000/1000: loss=0.524118, patches=5
[Trial 1] done: loss=0.523559, time=251.1s
[Trial 2/3] seed=1
  step 50/1000: loss=0.678584, patches=5
  step 100/1000: loss=0.613056, patches=5
  step 150/1000: loss=0.555607, patches=5
  step 200/1000: loss=0.523995, patches=5
  step 250/1000: loss=0.503381, patches=5
  step 300/1000: loss=0.469815, patches=5
  step 350/1000: loss=0.461444, patches=5
  step 400/1000: loss=0.428853, patches=5
  step 450/1000: loss=0.418616, patches=5
  step 500/1000: loss=0.402907, patches=5
  step 550/1000: loss=0.391280, patches=5
  step 600/1000: loss=0.389038, patches=5
  step 650/1000: loss=0.389511, patches=5
  step 700/1000: loss=0.388927, patches=5
  step 750/1000: loss=0.388350, patches=5
  step 800/1000: loss=0.385178, patches=5
  step 850/1000: loss=0.381421, patches=5
  step 900/1000: loss=0.370924, patches=5
  step 950/1000: loss=0.340931, patches=5
  step 1000/1000: loss=0.329799, patches=5
[Trial 2] done: loss=0.329696, time=242.6s
[Trial 3/3] seed=2
  step 50/1000: loss=0.621910, patches=5
  step 100/1000: loss=0.595492, patches=5
  step 150/1000: loss=0.530344, patches=5
  step 200/1000: loss=0.454698, patches=5
  step 250/1000: loss=0.431903, patches=5
  step 300/1000: loss=0.416434, patches=5
  step 350/1000: loss=0.393864, patches=5
  step 400/1000: loss=0.382493, patches=5
  step 450/1000: loss=0.368028, patches=5
  step 500/1000: loss=0.348934, patches=5
  step 550/1000: loss=0.346448, patches=5
  step 600/1000: loss=0.341793, patches=5
  step 650/1000: loss=0.336861, patches=5
  step 700/1000: loss=0.334208, patches=5
  step 750/1000: loss=0.328704, patches=5
  step 800/1000: loss=0.293005, patches=5
  step 850/1000: loss=0.267492, patches=5
  step 900/1000: loss=0.259191, patches=5
  step 950/1000: loss=0.258283, patches=5
  step 1000/1000: loss=0.257743, patches=5
[Trial 3] done: loss=0.257654, time=251.1s
[Run] report written to results/slurm/20260718_1833/patchsize_cat_face_bass_5/patches_5/without_srd/without_srd.txt

======================================================================
Running 3 trials WITH SRD
======================================================================


======================================================================
Running 3 trials WITHOUT SRD
======================================================================


[Comparison] report written to results/slurm/20260718_1833/patchsize_cat_face_bass_5/patches_5/comparison.txt

======================================================================
SRD Patch Size Comparison
======================================================================
Started: 2026-07-18T21:18:15
Patch sizes: [5]
Trials per size: 3
Steps per trial: 1000
Output directory: results/slurm/20260718_1833/patchsize_cat_face_bass_5
======================================================================


======================================================================
Running comparison with 5 initial patches
  Target 1: images/cat_face.png
  Target 2: images/bass.png
  Trials: 3, Steps: 1000
======================================================================

[OK] Comparison with 5 patches completed successfully

======================================================================
Comparison Summary
======================================================================
Successful: 1/1
Total time: 9286.4 seconds (2.58 hours)
Summary report: results/slurm/20260718_1833/patchsize_cat_face_bass_5/SUMMARY.txt
======================================================================

