## SLURM PROLOG ###############################################################
##    Job ID : 4080007
##  Job Name : 20260718_0340_patchsize_cat_face_bass_5
##  Nodelist : gpu2107
##      CPUs : 
##  Mem/Node : 128000 MB
## Directory : /oscar/home/cjmok/automated-perspective-sculptor
##   Job Started : Sat Jul 18 04:30:10 AM EDT 2026
###############################################################################
[Swept volume] building (resolution=256)...
[Run] mode=full, trials=3, seeds=[0, 1, 2], steps=1000, srd=True, ablation_flags={'disable_swept_volume_adds': False, 'loss_only_deletion': False, 'disable_splitting': False}
[Trial 1/3] seed=0
[Patch] mapbox-earcut is not installed; falling back to fan fill, so non-convex pieces will render incorrectly. Install it with: pip install mapbox-earcut
[SRD rewrite] added patch=5, position=(-0.468, 0.289, 1.459), improvement=0.013786
[SRD rewrite] added patch=6, position=(0.710, 0.320, -1.338), improvement=0.013672
[SRD rewrite] added patch=7, position=(0.401, 0.374, -1.277), improvement=0.013541
SRD step 50: evaluated 27 candidates, 22 promising, accepted 3
  Accepted AddPatch at patch 5, improvement=0.013786
  Accepted AddPatch at patch 6, improvement=0.013672
  Accepted AddPatch at patch 7, improvement=0.013541
  Total patches: 8, total adds: 3, total deletes: 0
  step 50/1000: loss=0.750062, patches=5
[SRD rewrite] added patch=8, position=(0.051, 0.181, 1.437), improvement=0.015244
[SRD rewrite] added patch=9, position=(0.543, 0.219, -1.204), improvement=0.014151
[SRD rewrite] added patch=10, position=(0.224, 0.345, -1.449), improvement=0.014129
SRD step 100: evaluated 27 candidates, 27 promising, accepted 3
  Accepted AddPatch at patch 8, improvement=0.015244
  Accepted AddPatch at patch 9, improvement=0.014151
  Accepted AddPatch at patch 10, improvement=0.014129
  Total patches: 11, total adds: 6, total deletes: 0
  step 100/1000: loss=0.580593, patches=8
[SRD rewrite] added patch=11, position=(0.435, 0.209, 1.427), improvement=0.012176
[SRD rewrite] added patch=12, position=(-0.868, 0.289, 1.744), improvement=0.011966
[SRD rewrite] added patch=13, position=(-0.073, 0.050, 1.506), improvement=0.011379
SRD step 150: evaluated 27 candidates, 24 promising, accepted 3
  Accepted AddPatch at patch 11, improvement=0.012176
  Accepted AddPatch at patch 12, improvement=0.011966
  Accepted AddPatch at patch 13, improvement=0.011379
  Total patches: 14, total adds: 9, total deletes: 0
  step 150/1000: loss=0.468019, patches=11
[SRD rewrite] deleted patch=13, position=(-0.051, 0.131, 1.583), reason=Area 0.000940 below minimum 0.01
[SRD rewrite] deleted patch=12, position=(-0.902, 0.357, 1.746), reason=Area 0.009883 below minimum 0.01
[SRD rewrite] deleted patch=11, position=(0.478, 0.297, 1.454), reason=Area 0.009551 below minimum 0.01
[SRD rewrite] added patch=11, position=(-0.031, 0.276, -1.649), improvement=0.004093
[SRD rewrite] added patch=12, position=(-0.330, 0.416, -1.663), improvement=0.003945
[SRD rewrite] restored patch=13, position=(-0.902, 0.357, 1.746), improvement=0.003590
SRD step 200: evaluated 27 candidates, 24 promising, accepted 6
  Accepted AddPatch at patch 11, improvement=0.004093
  Accepted AddPatch at patch 12, improvement=0.003945
  Accepted RestorePatch(1) at patch 13, improvement=0.003590
  Mandatory DeletePatch(11) at patch 11, reason=Area 0.009551 below minimum 0.01
  Mandatory DeletePatch(12) at patch 12, reason=Area 0.009883 below minimum 0.01
  Mandatory DeletePatch(13) at patch 13, reason=Area 0.000940 below minimum 0.01
  Total patches: 14, total adds: 12, total deletes: 3
  step 200/1000: loss=0.393786, patches=14
[SRD rewrite] deleted patch=8, position=(0.154, 0.246, 1.533), reason=Area 0.007782 below minimum 0.01
[SRD rewrite] added patch=13, position=(-0.727, 0.356, -1.697), improvement=0.000126
[SRD rewrite] added patch=14, position=(-0.240, 0.210, -1.685), improvement=0.000111
SRD step 250: evaluated 27 candidates, 2 promising, accepted 3
  Accepted AddPatch at patch 13, improvement=0.000126
  Accepted AddPatch at patch 14, improvement=0.000111
  Mandatory DeletePatch(8) at patch 8, reason=Area 0.007782 below minimum 0.01
  Total patches: 15, total adds: 14, total deletes: 4
  step 250/1000: loss=0.344645, patches=14
[SRD rewrite] deleted patch=10, position=(-0.247, 0.497, -1.564), reason=Area 0.000464 below minimum 0.01
[SRD rewrite] deleted patch=13, position=(-0.341, 0.257, -1.623), reason=delete has no image effect
[SRD rewrite] deleted patch=12, position=(-0.765, 0.343, -1.659), reason=delete has no image effect
[SRD rewrite] added patch=12, position=(-0.310, -0.861, 1.416), improvement=0.004384
[SRD rewrite] restored patch=13, position=(-0.341, 0.257, -1.623), improvement=0.002319
[SRD rewrite] restored patch=14, position=(-0.247, 0.497, -1.564), improvement=0.002220
SRD step 300: evaluated 27 candidates, 19 promising, accepted 6
  Accepted AddPatch at patch 12, improvement=0.004384
  Accepted RestorePatch(4) at patch 13, improvement=0.002319
  Accepted RestorePatch(3) at patch 14, improvement=0.002220
  Mandatory DeletePatch(10) at patch 10, reason=Area 0.000464 below minimum 0.01
  Mandatory DeletePatch(12) at patch 12, reason=delete has no image effect
  Mandatory DeletePatch(13) at patch 13, reason=delete has no image effect
  Total patches: 15, total adds: 17, total deletes: 7
  step 300/1000: loss=0.304944, patches=15
[SRD rewrite] deleted patch=14, position=(-0.262, 0.617, -1.674), reason=Area 0.000245 below minimum 0.01
[SRD rewrite] deleted patch=13, position=(-0.412, 0.349, -1.700), reason=Area 0.000999 below minimum 0.01
[SRD rewrite] deleted patch=11, position=(-0.968, 0.592, 1.689), reason=Area 0.006241 below minimum 0.01
[SRD rewrite] deleted patch=10, position=(-0.538, 0.574, -1.535), reason=delete has no image effect
[SRD rewrite] added patch=11, position=(0.930, 0.021, 1.298), improvement=0.001135
[SRD rewrite] added patch=12, position=(-0.641, 0.377, -0.355), improvement=0.000982
[SRD rewrite] added patch=13, position=(-0.240, 0.339, -0.417), improvement=0.000859
SRD step 350: evaluated 27 candidates, 6 promising, accepted 7
  Accepted AddPatch at patch 11, improvement=0.001135
  Accepted AddPatch at patch 12, improvement=0.000982
  Accepted AddPatch at patch 13, improvement=0.000859
  Mandatory DeletePatch(11) at patch 11, reason=Area 0.006241 below minimum 0.01
  Mandatory DeletePatch(13) at patch 13, reason=Area 0.000999 below minimum 0.01
  Mandatory DeletePatch(14) at patch 14, reason=Area 0.000245 below minimum 0.01
  Mandatory DeletePatch(10) at patch 10, reason=delete has no image effect
  Total patches: 14, total adds: 20, total deletes: 11
  step 350/1000: loss=0.270319, patches=15
[SRD rewrite] deleted patch=13, position=(-0.335, 0.248, -0.343), reason=Area 0.000471 below minimum 0.01
[SRD rewrite] added patch=13, position=(0.574, 0.342, -0.277), improvement=0.000109
SRD step 400: evaluated 27 candidates, 1 promising, accepted 2
  Accepted AddPatch at patch 13, improvement=0.000109
  Mandatory DeletePatch(13) at patch 13, reason=Area 0.000471 below minimum 0.01
  Total patches: 14, total adds: 21, total deletes: 12
  step 400/1000: loss=0.240686, patches=14
[SRD rewrite] deleted patch=13, position=(0.461, 0.429, -0.194), reason=Area 0.000261 below minimum 0.01
[SRD rewrite] added patch=13, position=(1.044, -0.050, 1.261), improvement=0.000838
SRD step 450: evaluated 27 candidates, 1 promising, accepted 2
  Accepted AddPatch at patch 13, improvement=0.000838
  Mandatory DeletePatch(13) at patch 13, reason=Area 0.000261 below minimum 0.01
  Total patches: 14, total adds: 22, total deletes: 13
  step 450/1000: loss=0.230409, patches=14
[SRD rewrite] added patch=14, position=(1.009, -0.026, 1.295), improvement=0.000871
[SRD rewrite] restored patch=15, position=(-0.968, 0.592, 1.689), improvement=0.000635
[SRD rewrite] added patch=16, position=(0.129, 0.799, -0.884), improvement=0.000361
SRD step 500: evaluated 27 candidates, 4 promising, accepted 3
  Accepted AddPatch at patch 14, improvement=0.000871
  Accepted RestorePatch(6) at patch 15, improvement=0.000635
  Accepted AddPatch at patch 16, improvement=0.000361
  Total patches: 17, total adds: 25, total deletes: 13
  step 500/1000: loss=0.212224, patches=14
[SRD rewrite] deleted patch=16, position=(0.145, 0.883, -0.923), reason=Area 0.001640 below minimum 0.01
[SRD rewrite] deleted patch=15, position=(-0.968, 0.649, 1.697), reason=Area 0.002147 below minimum 0.01
[SRD rewrite] deleted patch=14, position=(1.054, -0.044, 1.316), reason=Area 0.002112 below minimum 0.01
[SRD rewrite] deleted patch=11, position=(0.822, 0.252, 1.384), reason=Area 0.008792 below minimum 0.01
SRD step 550: evaluated 27 candidates, 0 promising, accepted 4
  Mandatory DeletePatch(11) at patch 11, reason=Area 0.008792 below minimum 0.01
  Mandatory DeletePatch(14) at patch 14, reason=Area 0.002112 below minimum 0.01
  Mandatory DeletePatch(15) at patch 15, reason=Area 0.002147 below minimum 0.01
  Mandatory DeletePatch(16) at patch 16, reason=Area 0.001640 below minimum 0.01
  Total patches: 13, total adds: 25, total deletes: 17
  step 550/1000: loss=0.188049, patches=17
[SRD rewrite] restored patch=13, position=(0.478, 0.297, 1.454), improvement=0.000368
[SRD rewrite] restored patch=14, position=(0.154, 0.246, 1.533), improvement=0.000208
[SRD rewrite] restored patch=15, position=(1.054, -0.044, 1.316), improvement=0.000177
SRD step 600: evaluated 27 candidates, 4 promising, accepted 3
  Accepted RestorePatch(1) at patch 13, improvement=0.000368
  Accepted RestorePatch(2) at patch 14, improvement=0.000208
  Accepted RestorePatch(11) at patch 15, improvement=0.000177
  Total patches: 16, total adds: 28, total deletes: 17
  step 600/1000: loss=0.192579, patches=13
[SRD rewrite] deleted patch=15, position=(1.079, -0.086, 1.288), reason=Area 0.000367 below minimum 0.01
[SRD rewrite] deleted patch=14, position=(0.237, 0.154, 1.530), reason=Area 0.000346 below minimum 0.01
SRD step 650: evaluated 27 candidates, 0 promising, accepted 2
  Mandatory DeletePatch(14) at patch 14, reason=Area 0.000346 below minimum 0.01
  Mandatory DeletePatch(15) at patch 15, reason=Area 0.000367 below minimum 0.01
  Total patches: 14, total adds: 28, total deletes: 19
  step 650/1000: loss=0.187605, patches=16
[SRD rewrite] deleted patch=13, position=(0.469, 0.291, 1.455), reason=Area 0.008142 below minimum 0.01
SRD step 700: evaluated 27 candidates, 0 promising, accepted 1
  Mandatory DeletePatch(13) at patch 13, reason=Area 0.008142 below minimum 0.01
  Total patches: 13, total adds: 28, total deletes: 20
  step 700/1000: loss=0.189885, patches=14
SRD step 750: evaluated 27 candidates, 0 promising, accepted 0
  Total patches: 13, total adds: 28, total deletes: 20
  step 750/1000: loss=0.190866, patches=13
[SRD rewrite] added patch=13, position=(-0.209, -0.146, 1.427), improvement=0.000039
SRD step 800: evaluated 27 candidates, 1 promising, accepted 1
  Accepted AddPatch at patch 13, improvement=0.000039
  Total patches: 14, total adds: 29, total deletes: 20
  step 800/1000: loss=0.186476, patches=13
[SRD rewrite] deleted patch=13, position=(-0.185, -0.201, 1.479), reason=Area 0.005333 below minimum 0.01
SRD step 850: evaluated 27 candidates, 0 promising, accepted 1
  Mandatory DeletePatch(13) at patch 13, reason=Area 0.005333 below minimum 0.01
  Total patches: 13, total adds: 29, total deletes: 21
  step 850/1000: loss=0.185491, patches=14
[SRD rewrite] restored patch=13, position=(-0.185, -0.201, 1.479), improvement=0.001885
[SRD rewrite] restored patch=14, position=(1.079, -0.086, 1.288), improvement=0.001708
[SRD rewrite] restored patch=15, position=(-0.335, 0.248, -0.343), improvement=0.001532
SRD step 900: evaluated 27 candidates, 17 promising, accepted 3
  Accepted RestorePatch(13) at patch 13, improvement=0.001885
  Accepted RestorePatch(10) at patch 14, improvement=0.001708
  Accepted RestorePatch(5) at patch 15, improvement=0.001532
  Total patches: 16, total adds: 32, total deletes: 21
  step 900/1000: loss=0.191317, patches=13
[SRD rewrite] deleted patch=15, position=(-0.239, 0.116, -0.442), reason=Area 0.000471 below minimum 0.01
[SRD rewrite] deleted patch=14, position=(1.102, -0.091, 1.257), reason=Area 0.000662 below minimum 0.01
[SRD rewrite] deleted patch=13, position=(-0.210, -0.235, 1.466), reason=Area 0.007367 below minimum 0.01
SRD step 950: evaluated 27 candidates, 0 promising, accepted 3
  Mandatory DeletePatch(13) at patch 13, reason=Area 0.007367 below minimum 0.01
  Mandatory DeletePatch(14) at patch 14, reason=Area 0.000662 below minimum 0.01
  Mandatory DeletePatch(15) at patch 15, reason=Area 0.000471 below minimum 0.01
  Total patches: 13, total adds: 32, total deletes: 24
  step 950/1000: loss=0.181573, patches=16
SRD step 1000: evaluated 27 candidates, 0 promising, accepted 0
  Total patches: 13, total adds: 32, total deletes: 24
  step 1000/1000: loss=0.184242, patches=13
[SRD rewrite] deleted patch=3, position=(-2.020, -0.168, -0.652), reason=final deletion pass improved loss
[SRD rewrite] deleted patch=3, position=(-0.591, -1.221, -2.285), reason=final deletion pass improved loss
[Trial 1] done: loss=0.149225, time=3270.6s
[Trial 2/3] seed=1
[SRD rewrite] added patch=5, position=(0.379, 0.394, 0.028), improvement=0.008495
[SRD rewrite] added patch=6, position=(0.266, 0.397, -1.356), improvement=0.008463
[SRD rewrite] added patch=7, position=(0.525, 0.380, -1.365), improvement=0.008298
SRD step 50: evaluated 27 candidates, 13 promising, accepted 3
  Accepted AddPatch at patch 5, improvement=0.008495
  Accepted AddPatch at patch 6, improvement=0.008463
  Accepted AddPatch at patch 7, improvement=0.008298
  Total patches: 8, total adds: 3, total deletes: 0
  step 50/1000: loss=0.678584, patches=5
[SRD rewrite] split patch=4, children=7,8, improvement=0.008433
[SRD rewrite] split patch=3, children=8,9, improvement=0.007947
[SRD rewrite] added patch=10, position=(0.360, 0.067, 1.444), improvement=0.008382
SRD step 100: evaluated 27 candidates, 19 promising, accepted 3
  Accepted SplitPatch(4) at patch 4, improvement=0.008433
  Accepted AddPatch at patch 10, improvement=0.008382
  Accepted SplitPatch(3) at patch 3, improvement=0.007947
  Total patches: 11, total adds: 6, total deletes: 0
  step 100/1000: loss=0.595355, patches=8
[SRD rewrite] deleted patch=9, position=(-0.057, -0.432, -1.489), reason=Area 0.009563 below minimum 0.01
[SRD rewrite] deleted patch=8, position=(-0.261, -0.497, -1.611), reason=Area 0.008022 below minimum 0.01
[SRD rewrite] deleted patch=7, position=(-1.844, 1.332, -0.707), reason=Area 0.007723 below minimum 0.01
[SRD rewrite] added patch=8, position=(-0.580, 0.390, -1.653), improvement=0.008839
[SRD rewrite] added patch=9, position=(0.469, 0.440, 1.343), improvement=0.008612
[SRD rewrite] added patch=10, position=(-0.742, 0.463, -1.100), improvement=0.008258
SRD step 150: evaluated 27 candidates, 16 promising, accepted 6
  Accepted AddPatch at patch 8, improvement=0.008839
  Accepted AddPatch at patch 9, improvement=0.008612
  Accepted AddPatch at patch 10, improvement=0.008258
  Mandatory DeletePatch(7) at patch 7, reason=Area 0.007723 below minimum 0.01
  Mandatory DeletePatch(8) at patch 8, reason=Area 0.008022 below minimum 0.01
  Mandatory DeletePatch(9) at patch 9, reason=Area 0.009563 below minimum 0.01
  Total patches: 11, total adds: 9, total deletes: 3
  step 150/1000: loss=0.491901, patches=11
[SRD rewrite] deleted patch=8, position=(-0.646, 0.439, -1.586), reason=delete has no image effect
[SRD rewrite] added patch=10, position=(-0.970, 0.277, -0.094), improvement=0.003982
[SRD rewrite] added patch=11, position=(0.535, 0.164, -0.057), improvement=0.003905
[SRD rewrite] added patch=12, position=(-0.099, 0.389, -0.073), improvement=0.003895
SRD step 200: evaluated 27 candidates, 18 promising, accepted 4
  Accepted AddPatch at patch 10, improvement=0.003982
  Accepted AddPatch at patch 11, improvement=0.003905
  Accepted AddPatch at patch 12, improvement=0.003895
  Mandatory DeletePatch(8) at patch 8, reason=delete has no image effect
  Total patches: 13, total adds: 12, total deletes: 4
  step 200/1000: loss=0.412504, patches=11
[SRD rewrite] deleted patch=12, position=(0.072, 0.319, 0.003), reason=Area 0.008808 below minimum 0.01
[SRD rewrite] deleted patch=10, position=(-0.970, 0.277, -0.094), reason=Area 0.009291 below minimum 0.01
SRD step 250: evaluated 27 candidates, 0 promising, accepted 2
  Mandatory DeletePatch(10) at patch 10, reason=Area 0.009291 below minimum 0.01
  Mandatory DeletePatch(12) at patch 12, reason=Area 0.008808 below minimum 0.01
  Total patches: 11, total adds: 12, total deletes: 6
  step 250/1000: loss=0.382934, patches=13
[SRD rewrite] added patch=11, position=(0.421, -0.551, 1.583), improvement=0.003544
[SRD rewrite] added patch=12, position=(0.603, -0.604, 1.570), improvement=0.003410
[SRD rewrite] restored patch=13, position=(-0.970, 0.277, -0.094), improvement=0.003158
SRD step 300: evaluated 27 candidates, 20 promising, accepted 3
  Accepted AddPatch at patch 11, improvement=0.003544
  Accepted AddPatch at patch 12, improvement=0.003410
  Accepted RestorePatch(7) at patch 13, improvement=0.003158
  Total patches: 14, total adds: 15, total deletes: 6
  step 300/1000: loss=0.362454, patches=11
[SRD rewrite] deleted patch=13, position=(-0.917, 0.164, -0.004), reason=Area 0.000436 below minimum 0.01
[SRD rewrite] split patch=6, children=12,13, improvement=0.004223
[SRD rewrite] added patch=14, position=(0.447, -0.809, 1.298), improvement=0.006156
[SRD rewrite] added patch=15, position=(-0.116, -1.005, 1.199), improvement=0.005849
SRD step 350: evaluated 27 candidates, 17 promising, accepted 4
  Accepted AddPatch at patch 14, improvement=0.006156
  Accepted AddPatch at patch 15, improvement=0.005849
  Accepted SplitPatch(6) at patch 6, improvement=0.004223
  Mandatory DeletePatch(13) at patch 13, reason=Area 0.000436 below minimum 0.01
  Total patches: 16, total adds: 18, total deletes: 7
  step 350/1000: loss=0.340325, patches=14
[SRD rewrite] deleted patch=13, position=(-1.685, 1.468, -0.477), reason=Area 0.001774 below minimum 0.01
[SRD rewrite] deleted patch=12, position=(-1.564, 1.610, -0.682), reason=Area 0.001035 below minimum 0.01
[SRD rewrite] added patch=14, position=(-0.512, -0.702, 1.810), improvement=0.002535
[SRD rewrite] added patch=15, position=(0.055, -0.062, 1.794), improvement=0.001903
[SRD rewrite] restored patch=16, position=(-0.917, 0.164, -0.004), improvement=0.001740
SRD step 400: evaluated 27 candidates, 12 promising, accepted 5
  Accepted AddPatch at patch 14, improvement=0.002535
  Accepted AddPatch at patch 15, improvement=0.001903
  Accepted RestorePatch(7) at patch 16, improvement=0.001740
  Mandatory DeletePatch(12) at patch 12, reason=Area 0.001035 below minimum 0.01
  Mandatory DeletePatch(13) at patch 13, reason=Area 0.001774 below minimum 0.01
  Total patches: 17, total adds: 21, total deletes: 9
  step 400/1000: loss=0.254338, patches=16
[SRD rewrite] deleted patch=16, position=(-0.917, 0.164, -0.004), reason=Area 0.000436 below minimum 0.01
[SRD rewrite] deleted patch=15, position=(0.085, -0.123, 1.718), reason=Area 0.000718 below minimum 0.01
[SRD rewrite] added patch=15, position=(-0.827, -0.555, 1.916), improvement=0.000235
SRD step 450: evaluated 27 candidates, 1 promising, accepted 3
  Accepted AddPatch at patch 15, improvement=0.000235
  Mandatory DeletePatch(15) at patch 15, reason=Area 0.000718 below minimum 0.01
  Mandatory DeletePatch(16) at patch 16, reason=Area 0.000436 below minimum 0.01
  Total patches: 16, total adds: 22, total deletes: 11
  step 450/1000: loss=0.211083, patches=17
[SRD rewrite] deleted patch=15, position=(-0.851, -0.548, 1.800), reason=Area 0.002253 below minimum 0.01
SRD step 500: evaluated 27 candidates, 0 promising, accepted 1
  Mandatory DeletePatch(15) at patch 15, reason=Area 0.002253 below minimum 0.01
  Total patches: 15, total adds: 22, total deletes: 12
  step 500/1000: loss=0.199754, patches=16
[SRD rewrite] deleted patch=14, position=(-0.836, -0.527, 1.644), reason=Area 0.005035 below minimum 0.01
SRD step 550: evaluated 27 candidates, 0 promising, accepted 1
  Mandatory DeletePatch(14) at patch 14, reason=Area 0.005035 below minimum 0.01
  Total patches: 14, total adds: 22, total deletes: 13
  step 550/1000: loss=0.193308, patches=15
SRD step 600: evaluated 27 candidates, 0 promising, accepted 0
  Total patches: 14, total adds: 22, total deletes: 13
  step 600/1000: loss=0.190966, patches=14
SRD step 650: evaluated 27 candidates, 0 promising, accepted 0
  Total patches: 14, total adds: 22, total deletes: 13
  step 650/1000: loss=0.191180, patches=14
[SRD rewrite] added patch=14, position=(-0.398, -0.119, 1.366), improvement=0.001711
[SRD rewrite] added patch=15, position=(0.377, -0.081, 1.207), improvement=0.001053
[SRD rewrite] added patch=16, position=(-1.269, 1.363, -0.838), improvement=0.000709
SRD step 700: evaluated 27 candidates, 3 promising, accepted 3
  Accepted AddPatch at patch 14, improvement=0.001711
  Accepted AddPatch at patch 15, improvement=0.001053
  Accepted AddPatch at patch 16, improvement=0.000709
  Total patches: 17, total adds: 25, total deletes: 13
  step 700/1000: loss=0.190177, patches=14
[SRD rewrite] deleted patch=15, position=(0.388, -0.055, 1.323), reason=Area 0.004634 below minimum 0.01
SRD step 750: evaluated 27 candidates, 0 promising, accepted 1
  Mandatory DeletePatch(15) at patch 15, reason=Area 0.004634 below minimum 0.01
  Total patches: 16, total adds: 25, total deletes: 14
  step 750/1000: loss=0.167908, patches=17
[SRD rewrite] added patch=16, position=(-0.943, 0.737, -1.657), improvement=0.000457
[SRD rewrite] added patch=17, position=(-0.091, -0.544, 1.856), improvement=0.000014
SRD step 800: evaluated 27 candidates, 2 promising, accepted 2
  Accepted AddPatch at patch 16, improvement=0.000457
  Accepted AddPatch at patch 17, improvement=0.000014
  Total patches: 18, total adds: 27, total deletes: 14
  step 800/1000: loss=0.162940, patches=16
[SRD rewrite] deleted patch=17, position=(-0.177, -0.518, 1.707), reason=Area 0.003231 below minimum 0.01
[SRD rewrite] deleted patch=16, position=(-0.848, 0.701, -1.780), reason=Area 0.001861 below minimum 0.01
SRD step 850: evaluated 27 candidates, 0 promising, accepted 2
  Mandatory DeletePatch(16) at patch 16, reason=Area 0.001861 below minimum 0.01
  Mandatory DeletePatch(17) at patch 17, reason=Area 0.003231 below minimum 0.01
  Total patches: 16, total adds: 27, total deletes: 16
  step 850/1000: loss=0.155402, patches=18
SRD step 900: evaluated 27 candidates, 0 promising, accepted 0
  Total patches: 16, total adds: 27, total deletes: 16
  step 900/1000: loss=0.159630, patches=16
SRD step 950: evaluated 27 candidates, 0 promising, accepted 0
  Total patches: 16, total adds: 27, total deletes: 16
  step 950/1000: loss=0.155396, patches=16
[SRD rewrite] deleted patch=7, position=(0.433, 0.690, 1.166), reason=Area 0.002483 below minimum 0.01
SRD step 1000: evaluated 27 candidates, 0 promising, accepted 1
  Mandatory DeletePatch(7) at patch 7, reason=Area 0.002483 below minimum 0.01
  Total patches: 15, total adds: 27, total deletes: 17
  step 1000/1000: loss=0.164006, patches=16
[Trial 2] done: loss=0.164864, time=3577.2s
[Trial 3/3] seed=2
[SRD rewrite] added patch=5, position=(0.869, -0.597, 0.945), improvement=0.010444
[SRD rewrite] added patch=6, position=(-0.197, 0.448, -0.991), improvement=0.009506
[SRD rewrite] added patch=7, position=(0.409, 0.171, 1.335), improvement=0.009223
SRD step 50: evaluated 27 candidates, 17 promising, accepted 3
  Accepted AddPatch at patch 5, improvement=0.010444
  Accepted AddPatch at patch 6, improvement=0.009506
  Accepted AddPatch at patch 7, improvement=0.009223
  Total patches: 8, total adds: 3, total deletes: 0
  step 50/1000: loss=0.621910, patches=5
[SRD rewrite] added patch=8, position=(0.367, 0.332, -1.173), improvement=0.016810
[SRD rewrite] added patch=9, position=(-0.174, 0.320, -1.304), improvement=0.015831
[SRD rewrite] added patch=10, position=(-0.123, 0.406, -1.410), improvement=0.015628
SRD step 100: evaluated 27 candidates, 21 promising, accepted 3
  Accepted AddPatch at patch 8, improvement=0.016810
  Accepted AddPatch at patch 9, improvement=0.015831
  Accepted AddPatch at patch 10, improvement=0.015628
  Total patches: 11, total adds: 6, total deletes: 0
  step 100/1000: loss=0.508662, patches=8
[SRD rewrite] deleted patch=10, position=(-0.058, 0.472, -1.339), reason=Area 0.002310 below minimum 0.01
[SRD rewrite] deleted patch=9, position=(-0.096, 0.377, -1.167), reason=Area 0.004467 below minimum 0.01
[SRD rewrite] added patch=9, position=(0.703, 0.649, -0.860), improvement=0.013695
[SRD rewrite] added patch=10, position=(1.069, 0.280, -0.979), improvement=0.013526
[SRD rewrite] added patch=11, position=(-0.028, 0.425, 1.171), improvement=0.012949
SRD step 150: evaluated 27 candidates, 20 promising, accepted 5
  Accepted AddPatch at patch 9, improvement=0.013695
  Accepted AddPatch at patch 10, improvement=0.013526
  Accepted AddPatch at patch 11, improvement=0.012949
  Mandatory DeletePatch(9) at patch 9, reason=Area 0.004467 below minimum 0.01
  Mandatory DeletePatch(10) at patch 10, reason=Area 0.002310 below minimum 0.01
  Total patches: 12, total adds: 9, total deletes: 2
  step 150/1000: loss=0.378681, patches=11
[SRD rewrite] deleted patch=11, position=(-0.157, 0.571, 1.014), reason=Area 0.000310 below minimum 0.01
[SRD rewrite] added patch=11, position=(-0.453, -0.771, 1.598), improvement=0.009337
[SRD rewrite] added patch=12, position=(1.310, 0.221, -0.851), improvement=0.007286
[SRD rewrite] added patch=13, position=(0.739, 0.323, -1.507), improvement=0.007154
SRD step 200: evaluated 27 candidates, 20 promising, accepted 4
  Accepted AddPatch at patch 11, improvement=0.009337
  Accepted AddPatch at patch 12, improvement=0.007286
  Accepted AddPatch at patch 13, improvement=0.007154
  Mandatory DeletePatch(11) at patch 11, reason=Area 0.000310 below minimum 0.01
  Total patches: 14, total adds: 12, total deletes: 3
  step 200/1000: loss=0.307883, patches=12
[SRD rewrite] deleted patch=12, position=(1.288, 0.237, -0.869), reason=delete has no image effect
[SRD rewrite] added patch=13, position=(1.031, 0.423, -1.325), improvement=0.005133
[SRD rewrite] added patch=14, position=(-0.069, 0.193, -1.559), improvement=0.005004
[SRD rewrite] restored patch=15, position=(-0.096, 0.377, -1.167), improvement=0.004561
SRD step 250: evaluated 27 candidates, 17 promising, accepted 4
  Accepted AddPatch at patch 13, improvement=0.005133
  Accepted AddPatch at patch 14, improvement=0.005004
  Accepted RestorePatch(1) at patch 15, improvement=0.004561
  Mandatory DeletePatch(12) at patch 12, reason=delete has no image effect
  Total patches: 16, total adds: 15, total deletes: 4
  step 250/1000: loss=0.238650, patches=14
[SRD rewrite] deleted patch=15, position=(-0.000, 0.472, -1.080), reason=Area 0.000160 below minimum 0.01
[SRD rewrite] deleted patch=14, position=(0.052, 0.074, -1.488), reason=Area 0.000359 below minimum 0.01
[SRD rewrite] deleted patch=10, position=(1.154, 0.389, -1.025), reason=Area 0.003375 below minimum 0.01
[SRD rewrite] added patch=13, position=(1.063, -0.014, 1.096), improvement=0.001436
[SRD rewrite] added patch=14, position=(1.141, 2.457, -0.621), improvement=0.000788
[SRD rewrite] restored patch=15, position=(1.154, 0.389, -1.025), improvement=0.000788
SRD step 300: evaluated 27 candidates, 8 promising, accepted 6
  Accepted AddPatch at patch 13, improvement=0.001436
  Accepted AddPatch at patch 14, improvement=0.000788
  Accepted RestorePatch(5) at patch 15, improvement=0.000788
  Mandatory DeletePatch(10) at patch 10, reason=Area 0.003375 below minimum 0.01
  Mandatory DeletePatch(14) at patch 14, reason=Area 0.000359 below minimum 0.01
  Mandatory DeletePatch(15) at patch 15, reason=Area 0.000160 below minimum 0.01
  Total patches: 16, total adds: 18, total deletes: 7
  step 300/1000: loss=0.198615, patches=16
[SRD rewrite] deleted patch=15, position=(1.193, 0.429, -1.065), reason=Area 0.000610 below minimum 0.01
[SRD rewrite] deleted patch=14, position=(1.141, 2.457, -0.621), reason=Area 0.009291 below minimum 0.01
[SRD rewrite] deleted patch=13, position=(1.061, 0.011, 1.097), reason=Area 0.003200 below minimum 0.01
[SRD rewrite] deleted patch=11, position=(0.701, 0.341, -1.470), reason=Area 0.006476 below minimum 0.01
[SRD rewrite] added patch=12, position=(0.835, 0.931, -0.061), improvement=0.000369
SRD step 350: evaluated 27 candidates, 1 promising, accepted 5
  Accepted AddPatch at patch 12, improvement=0.000369
  Mandatory DeletePatch(11) at patch 11, reason=Area 0.006476 below minimum 0.01
  Mandatory DeletePatch(13) at patch 13, reason=Area 0.003200 below minimum 0.01
  Mandatory DeletePatch(14) at patch 14, reason=Area 0.009291 below minimum 0.01
  Mandatory DeletePatch(15) at patch 15, reason=Area 0.000610 below minimum 0.01
  Total patches: 13, total adds: 19, total deletes: 11
  step 350/1000: loss=0.177729, patches=16
[SRD rewrite] deleted patch=12, position=(0.821, 0.936, -0.066), reason=Area 0.000388 below minimum 0.01
[SRD rewrite] added patch=12, position=(-0.518, 0.329, 1.179), improvement=0.000346
[SRD rewrite] restored patch=13, position=(1.061, 0.011, 1.097), improvement=0.000286
[SRD rewrite] added patch=14, position=(-0.168, -0.946, 1.363), improvement=0.000250
SRD step 400: evaluated 27 candidates, 5 promising, accepted 4
  Accepted AddPatch at patch 12, improvement=0.000346
  Accepted RestorePatch(7) at patch 13, improvement=0.000286
  Accepted AddPatch at patch 14, improvement=0.000250
  Mandatory DeletePatch(12) at patch 12, reason=Area 0.000388 below minimum 0.01
  Total patches: 15, total adds: 22, total deletes: 12
  step 400/1000: loss=0.166035, patches=13
[SRD rewrite] deleted patch=14, position=(-0.177, -1.091, 1.499), reason=Area 0.000831 below minimum 0.01
[SRD rewrite] deleted patch=13, position=(1.050, 0.020, 1.086), reason=Area 0.003492 below minimum 0.01
[SRD rewrite] deleted patch=12, position=(-0.632, 0.481, 1.117), reason=Area 0.000257 below minimum 0.01
SRD step 450: evaluated 27 candidates, 0 promising, accepted 3
  Mandatory DeletePatch(12) at patch 12, reason=Area 0.000257 below minimum 0.01
  Mandatory DeletePatch(13) at patch 13, reason=Area 0.003492 below minimum 0.01
  Mandatory DeletePatch(14) at patch 14, reason=Area 0.000831 below minimum 0.01
  Total patches: 12, total adds: 22, total deletes: 15
  step 450/1000: loss=0.147295, patches=15
[SRD rewrite] restored patch=12, position=(1.050, 0.020, 1.086), improvement=0.000550
[SRD rewrite] added patch=13, position=(-0.540, -0.043, 1.645), improvement=0.000401
[SRD rewrite] added patch=14, position=(-0.090, -0.310, 1.694), improvement=0.000243
SRD step 500: evaluated 27 candidates, 4 promising, accepted 3
  Accepted RestorePatch(10) at patch 12, improvement=0.000550
  Accepted AddPatch at patch 13, improvement=0.000401
  Accepted AddPatch at patch 14, improvement=0.000243
  Total patches: 15, total adds: 25, total deletes: 15
  step 500/1000: loss=0.146127, patches=12
[SRD rewrite] deleted patch=14, position=(-0.149, -0.337, 1.606), reason=Area 0.001867 below minimum 0.01
[SRD rewrite] deleted patch=13, position=(-0.574, -0.088, 1.625), reason=Area 0.004907 below minimum 0.01
[SRD rewrite] deleted patch=12, position=(1.043, 0.057, 1.080), reason=Area 0.006402 below minimum 0.01
SRD step 550: evaluated 27 candidates, 0 promising, accepted 3
  Mandatory DeletePatch(12) at patch 12, reason=Area 0.006402 below minimum 0.01
  Mandatory DeletePatch(13) at patch 13, reason=Area 0.004907 below minimum 0.01
  Mandatory DeletePatch(14) at patch 14, reason=Area 0.001867 below minimum 0.01
  Total patches: 12, total adds: 25, total deletes: 18
  step 550/1000: loss=0.134632, patches=15
SRD step 600: evaluated 27 candidates, 0 promising, accepted 0
  Total patches: 12, total adds: 25, total deletes: 18
  step 600/1000: loss=0.139184, patches=12
[SRD rewrite] added patch=12, position=(-1.205, 1.281, -0.013), improvement=0.000513
[SRD rewrite] added patch=13, position=(0.212, -0.225, 1.532), improvement=0.000342
[SRD rewrite] added patch=14, position=(-0.721, 0.545, 0.849), improvement=0.000148
SRD step 650: evaluated 27 candidates, 4 promising, accepted 3
  Accepted AddPatch at patch 12, improvement=0.000513
  Accepted AddPatch at patch 13, improvement=0.000342
  Accepted AddPatch at patch 14, improvement=0.000148
  Total patches: 15, total adds: 28, total deletes: 18
  step 650/1000: loss=0.140087, patches=12
[SRD rewrite] deleted patch=14, position=(-0.721, 0.599, 0.846), reason=Area 0.005917 below minimum 0.01
[SRD rewrite] deleted patch=13, position=(0.169, -0.253, 1.484), reason=Area 0.000540 below minimum 0.01
SRD step 700: evaluated 27 candidates, 0 promising, accepted 2
  Mandatory DeletePatch(13) at patch 13, reason=Area 0.000540 below minimum 0.01
  Mandatory DeletePatch(14) at patch 14, reason=Area 0.005917 below minimum 0.01
  Total patches: 13, total adds: 28, total deletes: 20
  step 700/1000: loss=0.128943, patches=15
[SRD rewrite] added patch=13, position=(0.154, -0.442, 1.806), improvement=0.000077
SRD step 750: evaluated 27 candidates, 1 promising, accepted 1
  Accepted AddPatch at patch 13, improvement=0.000077
  Total patches: 14, total adds: 29, total deletes: 20
  step 750/1000: loss=0.127825, patches=13
[SRD rewrite] deleted patch=13, position=(0.035, -0.430, 1.670), reason=Area 0.005398 below minimum 0.01
SRD step 800: evaluated 27 candidates, 0 promising, accepted 1
  Mandatory DeletePatch(13) at patch 13, reason=Area 0.005398 below minimum 0.01
  Total patches: 13, total adds: 29, total deletes: 21
  step 800/1000: loss=0.124801, patches=14
[SRD rewrite] added patch=13, position=(0.603, 0.260, -0.356), improvement=0.000423
SRD step 850: evaluated 27 candidates, 1 promising, accepted 1
  Accepted AddPatch at patch 13, improvement=0.000423
  Total patches: 14, total adds: 30, total deletes: 21
  step 850/1000: loss=0.123639, patches=13
[SRD rewrite] deleted patch=13, position=(0.477, 0.286, -0.271), reason=Area 0.000305 below minimum 0.01
SRD step 900: evaluated 27 candidates, 0 promising, accepted 1
  Mandatory DeletePatch(13) at patch 13, reason=Area 0.000305 below minimum 0.01
  Total patches: 13, total adds: 30, total deletes: 22
  step 900/1000: loss=0.124280, patches=14
[SRD rewrite] added patch=13, position=(0.214, 0.480, -0.429), improvement=0.002213
[SRD rewrite] restored patch=14, position=(-0.574, -0.088, 1.625), improvement=0.001948
[SRD rewrite] restored patch=15, position=(0.052, 0.074, -1.488), improvement=0.001603
SRD step 950: evaluated 27 candidates, 22 promising, accepted 3
  Accepted AddPatch at patch 13, improvement=0.002213
  Accepted RestorePatch(12) at patch 14, improvement=0.001948
  Accepted RestorePatch(4) at patch 15, improvement=0.001603
  Total patches: 16, total adds: 33, total deletes: 22
  step 950/1000: loss=0.129019, patches=13
[SRD rewrite] deleted patch=15, position=(0.175, -0.052, -1.626), reason=Area 0.000359 below minimum 0.01
[SRD rewrite] deleted patch=14, position=(-0.571, -0.089, 1.617), reason=Area 0.002950 below minimum 0.01
SRD step 1000: evaluated 27 candidates, 0 promising, accepted 2
  Mandatory DeletePatch(14) at patch 14, reason=Area 0.002950 below minimum 0.01
  Mandatory DeletePatch(15) at patch 15, reason=Area 0.000359 below minimum 0.01
  Total patches: 14, total adds: 33, total deletes: 24
  step 1000/1000: loss=0.120464, patches=16
[Trial 3] done: loss=0.121539, time=3232.4s
[Run] report written to results/slurm/20260718_0340/patchsize_cat_face_bass_5/patches_5/with_srd/with_srd.txt
[Swept volume] building (resolution=256)...
[Run] mode=full, trials=3, seeds=[0, 1, 2], steps=1000, srd=False, ablation_flags={'disable_swept_volume_adds': True, 'loss_only_deletion': True, 'disable_splitting': False}
[Trial 1/3] seed=0
[Patch] mapbox-earcut is not installed; falling back to fan fill, so non-convex pieces will render incorrectly. Install it with: pip install mapbox-earcut
  step 50/1000: loss=0.750062, patches=5
  step 100/1000: loss=0.641608, patches=5
  step 150/1000: loss=0.589716, patches=5
  step 200/1000: loss=0.553919, patches=5
  step 250/1000: loss=0.517493, patches=5
  step 300/1000: loss=0.407006, patches=5
  step 350/1000: loss=0.360233, patches=5
  step 400/1000: loss=0.342138, patches=5
  step 450/1000: loss=0.332600, patches=5
  step 500/1000: loss=0.313501, patches=5
  step 550/1000: loss=0.321679, patches=5
  step 600/1000: loss=0.366453, patches=5
  step 650/1000: loss=0.417279, patches=5
  step 700/1000: loss=0.437406, patches=5
  step 750/1000: loss=0.447671, patches=5
  step 800/1000: loss=0.447869, patches=5
  step 850/1000: loss=0.446670, patches=5
  step 900/1000: loss=0.446502, patches=5
  step 950/1000: loss=0.446428, patches=5
  step 1000/1000: loss=0.446118, patches=5
[Trial 1] done: loss=0.445642, time=324.0s
[Trial 2/3] seed=1
  step 50/1000: loss=0.678584, patches=5
  step 100/1000: loss=0.613056, patches=5
  step 150/1000: loss=0.557212, patches=5
  step 200/1000: loss=0.527162, patches=5
  step 250/1000: loss=0.510607, patches=5
  step 300/1000: loss=0.485807, patches=5
  step 350/1000: loss=0.447010, patches=5
  step 400/1000: loss=0.426444, patches=5
  step 450/1000: loss=0.413759, patches=5
  step 500/1000: loss=0.401679, patches=5
  step 550/1000: loss=0.394021, patches=5
  step 600/1000: loss=0.389986, patches=5
  step 650/1000: loss=0.390324, patches=5
  step 700/1000: loss=0.390749, patches=5
  step 750/1000: loss=0.389212, patches=5
  step 800/1000: loss=0.387789, patches=5
  step 850/1000: loss=0.379894, patches=5
  step 900/1000: loss=0.362976, patches=5
  step 950/1000: loss=0.348071, patches=5
  step 1000/1000: loss=0.331553, patches=5
[Trial 2] done: loss=0.331729, time=338.7s
[Trial 3/3] seed=2
  step 50/1000: loss=0.621910, patches=5
  step 100/1000: loss=0.595477, patches=5
  step 150/1000: loss=0.538492, patches=5
  step 200/1000: loss=0.459226, patches=5
  step 250/1000: loss=0.434191, patches=5
  step 300/1000: loss=0.417613, patches=5
  step 350/1000: loss=0.401744, patches=5
  step 400/1000: loss=0.387840, patches=5
  step 450/1000: loss=0.375371, patches=5
  step 500/1000: loss=0.360007, patches=5
  step 550/1000: loss=0.345944, patches=5
  step 600/1000: loss=0.334949, patches=5
  step 650/1000: loss=0.315352, patches=5
  step 700/1000: loss=0.280725, patches=5
  step 750/1000: loss=0.267645, patches=5
  step 800/1000: loss=0.261379, patches=5
  step 850/1000: loss=0.258761, patches=5
  step 900/1000: loss=0.258347, patches=5
  step 950/1000: loss=0.256278, patches=5
  step 1000/1000: loss=0.254090, patches=5
[Trial 3] done: loss=0.253998, time=341.0s
[Run] report written to results/slurm/20260718_0340/patchsize_cat_face_bass_5/patches_5/without_srd/without_srd.txt

======================================================================
Running 3 trials WITH SRD
======================================================================


======================================================================
Running 3 trials WITHOUT SRD
======================================================================


[Comparison] report written to results/slurm/20260718_0340/patchsize_cat_face_bass_5/patches_5/comparison.txt

======================================================================
SRD Patch Size Comparison
======================================================================
Started: 2026-07-18T04:30:15
Patch sizes: [5]
Trials per size: 3
Steps per trial: 1000
Output directory: results/slurm/20260718_0340/patchsize_cat_face_bass_5
======================================================================


======================================================================
Running comparison with 5 initial patches
  Target 1: images/cat_face.png
  Target 2: images/bass.png
  Trials: 3, Steps: 1000
======================================================================

[OK] Comparison with 5 patches completed successfully

======================================================================
Comparison Summary
======================================================================
Successful: 1/1
Total time: 12360.9 seconds (3.43 hours)
Summary report: results/slurm/20260718_0340/patchsize_cat_face_bass_5/SUMMARY.txt
======================================================================

