## SLURM PROLOG ###############################################################
##    Job ID : 4093823
##  Job Name : 20260718_1833_patchsize_acm_scf_30
##  Nodelist : gpu2602
##      CPUs : 
##  Mem/Node : 128000 MB
## Directory : /oscar/home/cjmok/automated-perspective-sculptor
##   Job Started : Sat Jul 18 08:47:01 PM EDT 2026
###############################################################################
[Swept volume] building (resolution=256)...
[Run] mode=full, trials=3, seeds=[0, 1, 2], steps=1000, srd=True, ablation_flags={'disable_swept_volume_adds': False, 'loss_only_deletion': False, 'disable_splitting': False}
[Trial 1/3] seed=0
[Patch] mapbox-earcut is not installed; falling back to fan fill, so non-convex pieces will render incorrectly. Install it with: pip install mapbox-earcut
[SRD rewrite] split patch=2, children=29,30, improvement=0.017769
[SRD rewrite] added patch=31, position=(-0.446, -1.002, 1.023), improvement=0.015138
[SRD rewrite] added patch=32, position=(-1.179, 0.021, 1.012), improvement=0.015024
SRD step 50: evaluated 27 candidates, 26 promising, accepted 3
  Accepted SplitPatch(2) at patch 2, improvement=0.017769
  Accepted AddPatch at patch 31, improvement=0.015138
  Accepted AddPatch at patch 32, improvement=0.015024
  Total patches: 33, total adds: 3, total deletes: 0
  step 50/1000: loss=0.569101, patches=30
[SRD rewrite] deleted patch=30, position=(0.370, -0.905, 1.411), reason=Area 0.002765 below minimum 0.01
[SRD rewrite] deleted patch=29, position=(0.502, -0.990, 1.416), reason=Area 0.003796 below minimum 0.01
[SRD rewrite] added patch=31, position=(0.037, 1.097, 0.358), improvement=0.011629
[SRD rewrite] added patch=32, position=(1.273, -0.810, 0.757), improvement=0.011333
[SRD rewrite] added patch=33, position=(0.858, 1.084, -0.480), improvement=0.011322
SRD step 100: evaluated 27 candidates, 27 promising, accepted 5
  Accepted AddPatch at patch 31, improvement=0.011629
  Accepted AddPatch at patch 32, improvement=0.011333
  Accepted AddPatch at patch 33, improvement=0.011322
  Mandatory DeletePatch(29) at patch 29, reason=Area 0.003796 below minimum 0.01
  Mandatory DeletePatch(30) at patch 30, reason=Area 0.002765 below minimum 0.01
  Total patches: 34, total adds: 6, total deletes: 2
  step 100/1000: loss=0.453534, patches=33
[SRD rewrite] added patch=34, position=(-0.092, -1.044, 0.944), improvement=0.002693
[SRD rewrite] added patch=35, position=(-0.366, 0.943, 1.287), improvement=0.002314
[SRD rewrite] restored patch=36, position=(0.370, -0.905, 1.411), improvement=0.001860
SRD step 150: evaluated 27 candidates, 21 promising, accepted 3
  Accepted AddPatch at patch 34, improvement=0.002693
  Accepted AddPatch at patch 35, improvement=0.002314
  Accepted RestorePatch(1) at patch 36, improvement=0.001860
  Total patches: 37, total adds: 9, total deletes: 2
  step 150/1000: loss=0.357279, patches=34
[SRD rewrite] deleted patch=36, position=(0.311, -0.835, 1.449), reason=Area 0.000713 below minimum 0.01
[SRD rewrite] added patch=36, position=(0.148, 0.936, 0.070), improvement=0.005335
[SRD rewrite] added patch=37, position=(0.102, 0.951, 0.028), improvement=0.005030
[SRD rewrite] added patch=38, position=(0.146, 0.845, -0.240), improvement=0.004937
SRD step 200: evaluated 27 candidates, 23 promising, accepted 4
  Accepted AddPatch at patch 36, improvement=0.005335
  Accepted AddPatch at patch 37, improvement=0.005030
  Accepted AddPatch at patch 38, improvement=0.004937
  Mandatory DeletePatch(36) at patch 36, reason=Area 0.000713 below minimum 0.01
  Total patches: 39, total adds: 12, total deletes: 3
  step 200/1000: loss=0.309469, patches=37
SRD step 250: evaluated 27 candidates, 0 promising, accepted 0
  Total patches: 39, total adds: 12, total deletes: 3
  step 250/1000: loss=0.276328, patches=39
[SRD rewrite] deleted patch=26, position=(-0.715, 0.044, -1.447), reason=Area 0.003828 below minimum 0.01
SRD step 300: evaluated 27 candidates, 0 promising, accepted 1
  Mandatory DeletePatch(26) at patch 26, reason=Area 0.003828 below minimum 0.01
  Total patches: 38, total adds: 12, total deletes: 4
  step 300/1000: loss=0.249499, patches=39
[SRD rewrite] deleted patch=35, position=(0.222, 0.961, 0.188), reason=Area 0.001477 below minimum 0.01
SRD step 350: evaluated 27 candidates, 0 promising, accepted 1
  Mandatory DeletePatch(35) at patch 35, reason=Area 0.001477 below minimum 0.01
  Total patches: 37, total adds: 12, total deletes: 5
  step 350/1000: loss=0.248351, patches=38
[SRD rewrite] deleted patch=12, position=(-2.080, 0.167, 1.244), reason=Area 0.008516 below minimum 0.01
SRD step 400: evaluated 27 candidates, 0 promising, accepted 1
  Mandatory DeletePatch(12) at patch 12, reason=Area 0.008516 below minimum 0.01
  Total patches: 36, total adds: 12, total deletes: 6
  step 400/1000: loss=0.227397, patches=37
SRD step 450: evaluated 27 candidates, 0 promising, accepted 0
  Total patches: 36, total adds: 12, total deletes: 6
  step 450/1000: loss=0.221098, patches=36
[SRD rewrite] deleted patch=2, position=(-2.324, -1.033, -0.483), reason=Area 0.009692 below minimum 0.01
SRD step 500: evaluated 27 candidates, 0 promising, accepted 1
  Mandatory DeletePatch(2) at patch 2, reason=Area 0.009692 below minimum 0.01
  Total patches: 35, total adds: 12, total deletes: 7
  step 500/1000: loss=0.212649, patches=36
SRD step 550: evaluated 27 candidates, 0 promising, accepted 0
  Total patches: 35, total adds: 12, total deletes: 7
  step 550/1000: loss=0.216578, patches=35
[SRD rewrite] deleted patch=2, position=(-1.946, -1.618, -1.103), reason=Area 0.009872 below minimum 0.01
[SRD rewrite] deleted patch=19, position=(-0.358, -0.107, 0.717), reason=delete has no image effect
SRD step 600: evaluated 27 candidates, 0 promising, accepted 2
  Mandatory DeletePatch(2) at patch 2, reason=Area 0.009872 below minimum 0.01
  Mandatory DeletePatch(19) at patch 19, reason=delete has no image effect
  Total patches: 33, total adds: 12, total deletes: 9
  step 600/1000: loss=0.212049, patches=35
SRD step 650: evaluated 27 candidates, 0 promising, accepted 0
  Total patches: 33, total adds: 12, total deletes: 9
  step 650/1000: loss=0.212848, patches=33
SRD step 700: evaluated 27 candidates, 0 promising, accepted 0
  Total patches: 33, total adds: 12, total deletes: 9
  step 700/1000: loss=0.210672, patches=33
[SRD rewrite] deleted patch=24, position=(-0.422, -0.887, 1.030), reason=delete has no image effect
SRD step 750: evaluated 27 candidates, 0 promising, accepted 1
  Mandatory DeletePatch(24) at patch 24, reason=delete has no image effect
  Total patches: 32, total adds: 12, total deletes: 10
  step 750/1000: loss=0.209625, patches=33
SRD step 800: evaluated 27 candidates, 0 promising, accepted 0
  Total patches: 32, total adds: 12, total deletes: 10
  step 800/1000: loss=0.206271, patches=32
[SRD rewrite] deleted patch=15, position=(1.725, 0.576, -0.287), reason=Area 0.007357 below minimum 0.01
SRD step 850: evaluated 27 candidates, 0 promising, accepted 1
  Mandatory DeletePatch(15) at patch 15, reason=Area 0.007357 below minimum 0.01
  Total patches: 31, total adds: 12, total deletes: 11
  step 850/1000: loss=0.202766, patches=32
[SRD rewrite] added patch=31, position=(-0.526, -0.778, -0.380), improvement=0.002166
[SRD rewrite] added patch=32, position=(-0.622, -0.812, -0.359), improvement=0.002043
[SRD rewrite] added patch=33, position=(1.820, 0.120, -0.822), improvement=0.001877
SRD step 900: evaluated 27 candidates, 23 promising, accepted 3
  Accepted AddPatch at patch 31, improvement=0.002166
  Accepted AddPatch at patch 32, improvement=0.002043
  Accepted AddPatch at patch 33, improvement=0.001877
  Total patches: 34, total adds: 15, total deletes: 11
  step 900/1000: loss=0.213008, patches=31
[SRD rewrite] deleted patch=33, position=(1.876, 0.273, -0.795), reason=Area 0.000360 below minimum 0.01
[SRD rewrite] deleted patch=32, position=(-0.621, -0.807, -0.345), reason=Area 0.007355 below minimum 0.01
SRD step 950: evaluated 27 candidates, 0 promising, accepted 2
  Mandatory DeletePatch(32) at patch 32, reason=Area 0.007355 below minimum 0.01
  Mandatory DeletePatch(33) at patch 33, reason=Area 0.000360 below minimum 0.01
  Total patches: 32, total adds: 15, total deletes: 13
  step 950/1000: loss=0.211517, patches=34
SRD step 1000: evaluated 27 candidates, 0 promising, accepted 0
  Total patches: 32, total adds: 15, total deletes: 13
  step 1000/1000: loss=0.223482, patches=32
[SRD rewrite] deleted patch=7, position=(-1.580, -1.078, 2.054), reason=final deletion pass improved loss
[SRD rewrite] deleted patch=8, position=(2.443, -0.477, -0.225), reason=final deletion pass improved loss
[SRD rewrite] deleted patch=11, position=(0.038, -0.719, 2.196), reason=final deletion pass improved loss
[SRD rewrite] deleted patch=14, position=(-1.213, -1.511, -1.072), reason=final deletion pass improved loss
[Trial 1] done: loss=0.190807, time=7013.0s
[Trial 2/3] seed=1
[SRD rewrite] added patch=30, position=(1.467, -0.521, -0.416), improvement=0.018187
[SRD rewrite] added patch=31, position=(-0.524, 1.273, -0.505), improvement=0.017486
[SRD rewrite] added patch=32, position=(0.737, 0.721, -0.331), improvement=0.017476
SRD step 50: evaluated 27 candidates, 27 promising, accepted 3
  Accepted AddPatch at patch 30, improvement=0.018187
  Accepted AddPatch at patch 31, improvement=0.017486
  Accepted AddPatch at patch 32, improvement=0.017476
  Total patches: 33, total adds: 3, total deletes: 0
  step 50/1000: loss=0.651937, patches=30
[SRD rewrite] deleted patch=31, position=(-0.524, 1.273, -0.505), reason=Area 0.009291 below minimum 0.01
[SRD rewrite] added patch=32, position=(0.969, -0.165, 1.453), improvement=0.011990
[SRD rewrite] added patch=33, position=(0.852, 0.543, 0.427), improvement=0.010142
[SRD rewrite] restored patch=34, position=(-0.524, 1.273, -0.505), improvement=0.009925
SRD step 100: evaluated 27 candidates, 27 promising, accepted 4
  Accepted AddPatch at patch 32, improvement=0.011990
  Accepted AddPatch at patch 33, improvement=0.010142
  Accepted RestorePatch(0) at patch 34, improvement=0.009925
  Mandatory DeletePatch(31) at patch 31, reason=Area 0.009291 below minimum 0.01
  Total patches: 35, total adds: 6, total deletes: 1
  step 100/1000: loss=0.522719, patches=33
[SRD rewrite] deleted patch=34, position=(-0.524, 1.273, -0.505), reason=Area 0.009291 below minimum 0.01
[SRD rewrite] deleted patch=2, position=(1.388, -0.202, 1.398), reason=Area 0.009754 below minimum 0.01
[SRD rewrite] restored patch=33, position=(1.388, -0.202, 1.398), improvement=0.002145
[SRD rewrite] added patch=34, position=(-0.065, -1.025, 0.857), improvement=0.001164
[SRD rewrite] added patch=35, position=(1.332, -0.317, -0.957), improvement=0.001010
SRD step 150: evaluated 27 candidates, 20 promising, accepted 5
  Accepted RestorePatch(1) at patch 33, improvement=0.002145
  Accepted AddPatch at patch 34, improvement=0.001164
  Accepted AddPatch at patch 35, improvement=0.001010
  Mandatory DeletePatch(2) at patch 2, reason=Area 0.009754 below minimum 0.01
  Mandatory DeletePatch(34) at patch 34, reason=Area 0.009291 below minimum 0.01
  Total patches: 36, total adds: 9, total deletes: 3
  step 150/1000: loss=0.446776, patches=35
[SRD rewrite] deleted patch=33, position=(1.411, -0.247, 1.332), reason=Area 0.006432 below minimum 0.01
[SRD rewrite] added patch=35, position=(-1.387, -0.629, -0.630), improvement=0.000850
[SRD rewrite] added patch=36, position=(-0.652, 0.126, -1.160), improvement=0.000625
[SRD rewrite] added patch=37, position=(-1.717, 1.276, -1.014), improvement=0.000548
SRD step 200: evaluated 27 candidates, 19 promising, accepted 4
  Accepted AddPatch at patch 35, improvement=0.000850
  Accepted AddPatch at patch 36, improvement=0.000625
  Accepted AddPatch at patch 37, improvement=0.000548
  Mandatory DeletePatch(33) at patch 33, reason=Area 0.006432 below minimum 0.01
  Total patches: 38, total adds: 12, total deletes: 4
  step 200/1000: loss=0.401054, patches=36
[SRD rewrite] deleted patch=36, position=(-0.651, 0.245, -0.992), reason=Area 0.002093 below minimum 0.01
[SRD rewrite] deleted patch=35, position=(-1.305, -0.554, -0.483), reason=Area 0.002547 below minimum 0.01
[SRD rewrite] deleted patch=32, position=(0.850, 0.536, 0.513), reason=Area 0.003126 below minimum 0.01
[SRD rewrite] deleted patch=23, position=(0.011, -0.280, 1.457), reason=Area 0.009285 below minimum 0.01
[SRD rewrite] added patch=34, position=(0.556, 0.152, 1.163), improvement=0.001868
[SRD rewrite] restored patch=35, position=(0.850, 0.536, 0.513), improvement=0.001115
[SRD rewrite] added patch=36, position=(-1.500, -0.703, -0.864), improvement=0.001032
SRD step 250: evaluated 27 candidates, 9 promising, accepted 7
  Accepted AddPatch at patch 34, improvement=0.001868
  Accepted RestorePatch(4) at patch 35, improvement=0.001115
  Accepted AddPatch at patch 36, improvement=0.001032
  Mandatory DeletePatch(23) at patch 23, reason=Area 0.009285 below minimum 0.01
  Mandatory DeletePatch(32) at patch 32, reason=Area 0.003126 below minimum 0.01
  Mandatory DeletePatch(35) at patch 35, reason=Area 0.002547 below minimum 0.01
  Mandatory DeletePatch(36) at patch 36, reason=Area 0.002093 below minimum 0.01
  Total patches: 37, total adds: 15, total deletes: 8
  step 250/1000: loss=0.375213, patches=38
[SRD rewrite] deleted patch=36, position=(-1.489, -0.650, -0.866), reason=Area 0.000450 below minimum 0.01
[SRD rewrite] deleted patch=35, position=(0.864, 0.518, 0.551), reason=Area 0.000281 below minimum 0.01
[SRD rewrite] deleted patch=30, position=(0.676, 0.071, 1.312), reason=Area 0.007560 below minimum 0.01
SRD step 300: evaluated 27 candidates, 0 promising, accepted 3
  Mandatory DeletePatch(30) at patch 30, reason=Area 0.007560 below minimum 0.01
  Mandatory DeletePatch(35) at patch 35, reason=Area 0.000281 below minimum 0.01
  Mandatory DeletePatch(36) at patch 36, reason=Area 0.000450 below minimum 0.01
  Total patches: 34, total adds: 15, total deletes: 11
  step 300/1000: loss=0.332952, patches=37
SRD step 350: evaluated 27 candidates, 0 promising, accepted 0
  Total patches: 34, total adds: 15, total deletes: 11
  step 350/1000: loss=0.317426, patches=34
[SRD rewrite] deleted patch=3, position=(-2.004, 1.380, -1.186), reason=Area 0.007290 below minimum 0.01
[SRD rewrite] deleted patch=25, position=(-1.046, 0.321, -1.384), reason=delete has no image effect
SRD step 400: evaluated 27 candidates, 0 promising, accepted 2
  Mandatory DeletePatch(3) at patch 3, reason=Area 0.007290 below minimum 0.01
  Mandatory DeletePatch(25) at patch 25, reason=delete has no image effect
  Total patches: 32, total adds: 15, total deletes: 13
  step 400/1000: loss=0.295487, patches=34
[SRD rewrite] deleted patch=27, position=(0.878, 0.865, -0.102), reason=Area 0.005808 below minimum 0.01
SRD step 450: evaluated 27 candidates, 0 promising, accepted 1
  Mandatory DeletePatch(27) at patch 27, reason=Area 0.005808 below minimum 0.01
  Total patches: 31, total adds: 15, total deletes: 14
  step 450/1000: loss=0.264515, patches=32
SRD step 500: evaluated 27 candidates, 0 promising, accepted 0
  Total patches: 31, total adds: 15, total deletes: 14
  step 500/1000: loss=0.259367, patches=31
SRD step 550: evaluated 27 candidates, 0 promising, accepted 0
  Total patches: 31, total adds: 15, total deletes: 14
  step 550/1000: loss=0.250017, patches=31
SRD step 600: evaluated 27 candidates, 0 promising, accepted 0
  Total patches: 31, total adds: 15, total deletes: 14
  step 600/1000: loss=0.245262, patches=31
[SRD rewrite] deleted patch=13, position=(-0.705, -0.430, -1.152), reason=Area 0.005998 below minimum 0.01
SRD step 650: evaluated 27 candidates, 0 promising, accepted 1
  Mandatory DeletePatch(13) at patch 13, reason=Area 0.005998 below minimum 0.01
  Total patches: 30, total adds: 15, total deletes: 15
  step 650/1000: loss=0.237701, patches=31
SRD step 700: evaluated 27 candidates, 0 promising, accepted 0
  Total patches: 30, total adds: 15, total deletes: 15
  step 700/1000: loss=0.235878, patches=30
SRD step 750: evaluated 27 candidates, 0 promising, accepted 0
  Total patches: 30, total adds: 15, total deletes: 15
  step 750/1000: loss=0.239312, patches=30
SRD step 800: evaluated 27 candidates, 0 promising, accepted 0
  Total patches: 30, total adds: 15, total deletes: 15
  step 800/1000: loss=0.236589, patches=30
SRD step 850: evaluated 27 candidates, 0 promising, accepted 0
  Total patches: 30, total adds: 15, total deletes: 15
  step 850/1000: loss=0.233120, patches=30
SRD step 900: evaluated 27 candidates, 0 promising, accepted 0
  Total patches: 30, total adds: 15, total deletes: 15
  step 900/1000: loss=0.234621, patches=30
SRD step 950: evaluated 27 candidates, 0 promising, accepted 0
  Total patches: 30, total adds: 15, total deletes: 15
  step 950/1000: loss=0.231260, patches=30
SRD step 1000: evaluated 27 candidates, 0 promising, accepted 0
  Total patches: 30, total adds: 15, total deletes: 15
  step 1000/1000: loss=0.224320, patches=30
[SRD rewrite] deleted patch=0, position=(0.652, -2.680, -1.487), reason=final deletion pass improved loss
[SRD rewrite] deleted patch=10, position=(0.617, -0.455, 2.364), reason=final deletion pass improved loss
[SRD rewrite] deleted patch=12, position=(-1.845, 0.336, 1.338), reason=final deletion pass improved loss
[SRD rewrite] deleted patch=16, position=(-1.451, 0.487, 0.451), reason=final deletion pass improved loss
[Trial 2] done: loss=0.221847, time=6420.9s
[Trial 3/3] seed=2
[SRD rewrite] split patch=15, children=29,30, improvement=0.021590
[SRD rewrite] split patch=7, children=30,31, improvement=0.020918
[SRD rewrite] added patch=32, position=(0.115, 0.595, -0.267), improvement=0.021165
SRD step 50: evaluated 27 candidates, 27 promising, accepted 3
  Accepted SplitPatch(15) at patch 15, improvement=0.021590
  Accepted AddPatch at patch 32, improvement=0.021165
  Accepted SplitPatch(7) at patch 7, improvement=0.020918
  Total patches: 33, total adds: 3, total deletes: 0
  step 50/1000: loss=0.669958, patches=30
[SRD rewrite] deleted patch=31, position=(-1.964, 0.362, -1.920), reason=Area 0.005489 below minimum 0.01
[SRD rewrite] deleted patch=30, position=(-1.833, 0.370, -1.949), reason=Area 0.001781 below minimum 0.01
[SRD rewrite] deleted patch=29, position=(-2.236, 1.186, 0.274), reason=Area 0.001035 below minimum 0.01
[SRD rewrite] deleted patch=28, position=(-2.159, 1.120, 0.172), reason=Area 0.007171 below minimum 0.01
[SRD rewrite] split patch=25, children=28,29, improvement=0.015064
[SRD rewrite] added patch=30, position=(0.916, 0.709, -0.285), improvement=0.010876
[SRD rewrite] added patch=31, position=(-0.594, -0.531, -0.461), improvement=0.010636
SRD step 100: evaluated 27 candidates, 27 promising, accepted 7
  Accepted SplitPatch(25) at patch 25, improvement=0.015064
  Accepted AddPatch at patch 30, improvement=0.010876
  Accepted AddPatch at patch 31, improvement=0.010636
  Mandatory DeletePatch(28) at patch 28, reason=Area 0.007171 below minimum 0.01
  Mandatory DeletePatch(29) at patch 29, reason=Area 0.001035 below minimum 0.01
  Mandatory DeletePatch(30) at patch 30, reason=Area 0.001781 below minimum 0.01
  Mandatory DeletePatch(31) at patch 31, reason=Area 0.005489 below minimum 0.01
  Total patches: 32, total adds: 6, total deletes: 4
  step 100/1000: loss=0.537685, patches=33
[SRD rewrite] deleted patch=29, position=(1.937, -0.177, -0.880), reason=Area 0.000852 below minimum 0.01
[SRD rewrite] deleted patch=28, position=(2.023, 0.013, -0.766), reason=Area 0.000740 below minimum 0.01
[SRD rewrite] split patch=2, children=29,30, improvement=0.014702
[SRD rewrite] added patch=31, position=(-0.178, -0.991, 1.045), improvement=0.006395
[SRD rewrite] added patch=32, position=(1.721, 0.621, -0.173), improvement=0.006339
SRD step 150: evaluated 27 candidates, 23 promising, accepted 5
  Accepted SplitPatch(2) at patch 2, improvement=0.014702
  Accepted AddPatch at patch 31, improvement=0.006395
  Accepted AddPatch at patch 32, improvement=0.006339
  Mandatory DeletePatch(28) at patch 28, reason=Area 0.000740 below minimum 0.01
  Mandatory DeletePatch(29) at patch 29, reason=Area 0.000852 below minimum 0.01
  Total patches: 33, total adds: 9, total deletes: 6
  step 150/1000: loss=0.469915, patches=32
[SRD rewrite] deleted patch=30, position=(-1.654, -0.828, 2.420), reason=Area 0.002997 below minimum 0.01
[SRD rewrite] deleted patch=29, position=(-1.593, -0.874, 2.371), reason=Area 0.001024 below minimum 0.01
[SRD rewrite] added patch=31, position=(1.378, 0.214, 1.148), improvement=0.005448
[SRD rewrite] added patch=32, position=(0.781, 0.586, 0.556), improvement=0.004948
[SRD rewrite] added patch=33, position=(1.798, 0.780, -0.769), improvement=0.004601
SRD step 200: evaluated 27 candidates, 23 promising, accepted 5
  Accepted AddPatch at patch 31, improvement=0.005448
  Accepted AddPatch at patch 32, improvement=0.004948
  Accepted AddPatch at patch 33, improvement=0.004601
  Mandatory DeletePatch(29) at patch 29, reason=Area 0.001024 below minimum 0.01
  Mandatory DeletePatch(30) at patch 30, reason=Area 0.002997 below minimum 0.01
  Total patches: 34, total adds: 12, total deletes: 8
  step 200/1000: loss=0.377528, patches=33
[SRD rewrite] deleted patch=13, position=(-1.849, -1.255, 1.288), reason=Area 0.007298 below minimum 0.01
[SRD rewrite] split patch=21, children=32,33, improvement=0.006527
[SRD rewrite] added patch=34, position=(0.082, 1.002, -0.821), improvement=0.008530
[SRD rewrite] added patch=35, position=(0.024, 1.150, -0.521), improvement=0.007780
SRD step 250: evaluated 27 candidates, 25 promising, accepted 4
  Accepted AddPatch at patch 34, improvement=0.008530
  Accepted AddPatch at patch 35, improvement=0.007780
  Accepted SplitPatch(21) at patch 21, improvement=0.006527
  Mandatory DeletePatch(13) at patch 13, reason=Area 0.007298 below minimum 0.01
  Total patches: 36, total adds: 15, total deletes: 9
  step 250/1000: loss=0.327370, patches=34
[SRD rewrite] deleted patch=33, position=(-1.313, 0.950, -2.247), reason=Area 0.001213 below minimum 0.01
[SRD rewrite] deleted patch=32, position=(-1.273, 1.096, -2.247), reason=Area 0.001611 below minimum 0.01
[SRD rewrite] split patch=18, children=33,34, improvement=0.003359
[SRD rewrite] added patch=35, position=(0.893, 0.440, -0.239), improvement=0.002965
SRD step 300: evaluated 27 candidates, 19 promising, accepted 5
  Accepted SplitPatch(18) at patch 18, improvement=0.003359
  Accepted AddPatch at patch 35, improvement=0.002965
  Accepted SplitPatch(24) at patch 24, improvement=0.001850
  Mandatory DeletePatch(32) at patch 32, reason=Area 0.001611 below minimum 0.01
  Mandatory DeletePatch(33) at patch 33, reason=Area 0.001213 below minimum 0.01
  Total patches: 36, total adds: 17, total deletes: 11
  step 300/1000: loss=0.290831, patches=36
[SRD rewrite] deleted patch=34, position=(1.245, -0.814, -0.366), reason=Area 0.000718 below minimum 0.01
[SRD rewrite] deleted patch=33, position=(1.176, -0.815, -0.410), reason=Area 0.000464 below minimum 0.01
SRD step 350: evaluated 27 candidates, 0 promising, accepted 2
  Mandatory DeletePatch(33) at patch 33, reason=Area 0.000464 below minimum 0.01
  Mandatory DeletePatch(34) at patch 34, reason=Area 0.000718 below minimum 0.01
  Total patches: 34, total adds: 17, total deletes: 13
  step 350/1000: loss=0.254567, patches=36
[SRD rewrite] deleted patch=32, position=(0.092, 1.290, -0.443), reason=Area 0.006501 below minimum 0.01
[SRD rewrite] deleted patch=28, position=(1.224, 0.283, 1.152), reason=Area 0.006619 below minimum 0.01
SRD step 400: evaluated 27 candidates, 0 promising, accepted 2
  Mandatory DeletePatch(28) at patch 28, reason=Area 0.006619 below minimum 0.01
  Mandatory DeletePatch(32) at patch 32, reason=Area 0.006501 below minimum 0.01
  Total patches: 32, total adds: 17, total deletes: 15
  step 400/1000: loss=0.236642, patches=34
SRD step 450: evaluated 27 candidates, 0 promising, accepted 0
  Total patches: 32, total adds: 17, total deletes: 15
  step 450/1000: loss=0.227238, patches=32
SRD step 500: evaluated 27 candidates, 0 promising, accepted 0
  Total patches: 32, total adds: 17, total deletes: 15
  step 500/1000: loss=0.215999, patches=32
SRD step 550: evaluated 27 candidates, 0 promising, accepted 0
  Total patches: 32, total adds: 17, total deletes: 15
  step 550/1000: loss=0.202621, patches=32
SRD step 600: evaluated 27 candidates, 0 promising, accepted 0
  Total patches: 32, total adds: 17, total deletes: 15
  step 600/1000: loss=0.194370, patches=32
[SRD rewrite] deleted patch=29, position=(2.433, -0.308, -2.053), reason=Area 0.008039 below minimum 0.01
SRD step 650: evaluated 27 candidates, 0 promising, accepted 1
  Mandatory DeletePatch(29) at patch 29, reason=Area 0.008039 below minimum 0.01
  Total patches: 31, total adds: 17, total deletes: 16
  step 650/1000: loss=0.197245, patches=32
SRD step 700: evaluated 27 candidates, 0 promising, accepted 0
  Total patches: 31, total adds: 17, total deletes: 16
  step 700/1000: loss=0.188056, patches=31
SRD step 750: evaluated 27 candidates, 0 promising, accepted 0
  Total patches: 31, total adds: 17, total deletes: 16
  step 750/1000: loss=0.185376, patches=31
SRD step 800: evaluated 27 candidates, 0 promising, accepted 0
  Total patches: 31, total adds: 17, total deletes: 16
  step 800/1000: loss=0.189204, patches=31
[SRD rewrite] deleted patch=22, position=(-2.413, -0.779, -0.161), reason=Area 0.009730 below minimum 0.01
SRD step 850: evaluated 27 candidates, 0 promising, accepted 1
  Mandatory DeletePatch(22) at patch 22, reason=Area 0.009730 below minimum 0.01
  Total patches: 30, total adds: 17, total deletes: 17
  step 850/1000: loss=0.187180, patches=31
SRD step 900: evaluated 27 candidates, 0 promising, accepted 0
  Total patches: 30, total adds: 17, total deletes: 17
  step 900/1000: loss=0.176941, patches=30
SRD step 950: evaluated 27 candidates, 0 promising, accepted 0
  Total patches: 30, total adds: 17, total deletes: 17
  step 950/1000: loss=0.179258, patches=30
[SRD rewrite] deleted patch=27, position=(0.787, 0.791, 0.888), reason=Area 0.009607 below minimum 0.01
SRD step 1000: evaluated 27 candidates, 0 promising, accepted 1
  Mandatory DeletePatch(27) at patch 27, reason=Area 0.009607 below minimum 0.01
  Total patches: 29, total adds: 17, total deletes: 18
  step 1000/1000: loss=0.182751, patches=30
[Trial 3] done: loss=0.182317, time=6485.9s
[Run] report written to results/slurm/20260718_1833/patchsize_acm_scf_30/patches_30/with_srd/with_srd.txt
[Swept volume] building (resolution=256)...
[Run] mode=full, trials=3, seeds=[0, 1, 2], steps=1000, srd=False, ablation_flags={'disable_swept_volume_adds': True, 'loss_only_deletion': True, 'disable_splitting': False}
[Trial 1/3] seed=0
[Patch] mapbox-earcut is not installed; falling back to fan fill, so non-convex pieces will render incorrectly. Install it with: pip install mapbox-earcut
  step 50/1000: loss=0.569101, patches=30
  step 100/1000: loss=0.482530, patches=30
  step 150/1000: loss=0.418850, patches=30
  step 200/1000: loss=0.383842, patches=30
  step 250/1000: loss=0.372706, patches=30
  step 300/1000: loss=0.359993, patches=30
  step 350/1000: loss=0.351876, patches=30
  step 400/1000: loss=0.344713, patches=30
  step 450/1000: loss=0.336606, patches=30
  step 500/1000: loss=0.328732, patches=30
  step 550/1000: loss=0.324601, patches=30
  step 600/1000: loss=0.324057, patches=30
  step 650/1000: loss=0.314189, patches=30
  step 700/1000: loss=0.314338, patches=30
  step 750/1000: loss=0.308057, patches=30
  step 800/1000: loss=0.309688, patches=30
  step 850/1000: loss=0.309055, patches=30
  step 900/1000: loss=0.300353, patches=30
  step 950/1000: loss=0.298438, patches=30
  step 1000/1000: loss=0.294226, patches=30
[Trial 1] done: loss=0.295862, time=1579.8s
[Trial 2/3] seed=1
  step 50/1000: loss=0.651937, patches=30
  step 100/1000: loss=0.536272, patches=30
  step 150/1000: loss=0.438526, patches=30
  step 200/1000: loss=0.411071, patches=30
  step 250/1000: loss=0.400717, patches=30
  step 300/1000: loss=0.382776, patches=30
  step 350/1000: loss=0.369598, patches=30
  step 400/1000: loss=0.334569, patches=30
  step 450/1000: loss=0.321361, patches=30
  step 500/1000: loss=0.306245, patches=30
  step 550/1000: loss=0.295747, patches=30
  step 600/1000: loss=0.292088, patches=30
  step 650/1000: loss=0.286210, patches=30
  step 700/1000: loss=0.272175, patches=30
  step 750/1000: loss=0.258446, patches=30
  step 800/1000: loss=0.256214, patches=30
  step 850/1000: loss=0.247394, patches=30
  step 900/1000: loss=0.247343, patches=30
  step 950/1000: loss=0.246184, patches=30
  step 1000/1000: loss=0.246838, patches=30
[Trial 2] done: loss=0.250105, time=1630.0s
[Trial 3/3] seed=2
  step 50/1000: loss=0.669958, patches=30
  step 100/1000: loss=0.560757, patches=30
  step 150/1000: loss=0.492549, patches=30
  step 200/1000: loss=0.441351, patches=30
  step 250/1000: loss=0.418267, patches=30
  step 300/1000: loss=0.397894, patches=30
  step 350/1000: loss=0.389987, patches=30
  step 400/1000: loss=0.396409, patches=30
  step 450/1000: loss=0.377086, patches=30
  step 500/1000: loss=0.359838, patches=30
  step 550/1000: loss=0.345290, patches=30
  step 600/1000: loss=0.325998, patches=30
  step 650/1000: loss=0.321079, patches=30
  step 700/1000: loss=0.315346, patches=30
  step 750/1000: loss=0.323512, patches=30
  step 800/1000: loss=0.316656, patches=30
  step 850/1000: loss=0.310205, patches=30
  step 900/1000: loss=0.308572, patches=30
  step 950/1000: loss=0.301549, patches=30
  step 1000/1000: loss=0.297358, patches=30
[Trial 3] done: loss=0.297082, time=1605.4s
[Run] report written to results/slurm/20260718_1833/patchsize_acm_scf_30/patches_30/without_srd/without_srd.txt

======================================================================
Running 3 trials WITH SRD
======================================================================


======================================================================
Running 3 trials WITHOUT SRD
======================================================================


[Comparison] report written to results/slurm/20260718_1833/patchsize_acm_scf_30/patches_30/comparison.txt

======================================================================
SRD Patch Size Comparison
======================================================================
Started: 2026-07-18T20:47:03
Patch sizes: [30]
Trials per size: 3
Steps per trial: 1000
Output directory: results/slurm/20260718_1833/patchsize_acm_scf_30
======================================================================


======================================================================
Running comparison with 30 initial patches
  Target 1: images/acm.png
  Target 2: images/scf.png
  Trials: 3, Steps: 1000
======================================================================

[OK] Comparison with 30 patches completed successfully

======================================================================
Comparison Summary
======================================================================
Successful: 1/1
Total time: 25594.0 seconds (7.11 hours)
Summary report: results/slurm/20260718_1833/patchsize_acm_scf_30/SUMMARY.txt
======================================================================

