## SLURM PROLOG ###############################################################
##    Job ID : 4079999
##  Job Name : 20260718_0340_patchsize_acm_scf_10
##  Nodelist : gpu2111
##      CPUs : 
##  Mem/Node : 128000 MB
## Directory : /oscar/home/cjmok/automated-perspective-sculptor
##   Job Started : Sat Jul 18 03:43:58 AM EDT 2026
###############################################################################
[Swept volume] building (resolution=256)...
[Run] mode=full, trials=3, seeds=[0, 1, 2], steps=1000, srd=True, ablation_flags={'disable_swept_volume_adds': False, 'loss_only_deletion': False, 'disable_splitting': False}
[Trial 1/3] seed=0
[Patch] mapbox-earcut is not installed; falling back to fan fill, so non-convex pieces will render incorrectly. Install it with: pip install mapbox-earcut
[SRD rewrite] split patch=2, children=9,10, improvement=0.013128
[SRD rewrite] added patch=11, position=(-0.442, -1.008, 1.037), improvement=0.003225
[SRD rewrite] added patch=12, position=(-1.460, -0.598, -0.909), improvement=0.003044
SRD step 50: evaluated 27 candidates, 21 promising, accepted 3
  Accepted SplitPatch(2) at patch 2, improvement=0.013128
  Accepted AddPatch at patch 11, improvement=0.003225
  Accepted AddPatch at patch 12, improvement=0.003044
  Total patches: 13, total adds: 3, total deletes: 0
  step 50/1000: loss=0.700814, patches=10
[SRD rewrite] deleted patch=10, position=(0.405, -0.923, 1.415), reason=Area 0.000596 below minimum 0.01
[SRD rewrite] deleted patch=9, position=(0.417, -1.078, 1.404), reason=Area 0.004772 below minimum 0.01
[SRD rewrite] split patch=3, children=10,11, improvement=0.010112
[SRD rewrite] added patch=12, position=(-0.650, 1.169, -0.858), improvement=0.004620
[SRD rewrite] added patch=13, position=(-0.528, 0.910, 0.635), improvement=0.004596
SRD step 100: evaluated 27 candidates, 27 promising, accepted 5
  Accepted SplitPatch(3) at patch 3, improvement=0.010112
  Accepted AddPatch at patch 12, improvement=0.004620
  Accepted AddPatch at patch 13, improvement=0.004596
  Mandatory DeletePatch(9) at patch 9, reason=Area 0.004772 below minimum 0.01
  Mandatory DeletePatch(10) at patch 10, reason=Area 0.000596 below minimum 0.01
  Total patches: 14, total adds: 6, total deletes: 2
  step 100/1000: loss=0.634634, patches=13
[SRD rewrite] deleted patch=11, position=(-2.388, -0.775, -0.787), reason=Area 0.002785 below minimum 0.01
[SRD rewrite] deleted patch=10, position=(-2.223, -0.888, -0.902), reason=Area 0.000655 below minimum 0.01
[SRD rewrite] added patch=12, position=(0.035, 1.080, 0.361), improvement=0.007473
SRD step 150: evaluated 27 candidates, 15 promising, accepted 5
  Accepted AddPatch at patch 12, improvement=0.007473
  Accepted SplitPatch(1) at patch 1, improvement=0.005554
  Accepted SplitPatch(7) at patch 7, improvement=0.005554
  Mandatory DeletePatch(10) at patch 10, reason=Area 0.000655 below minimum 0.01
  Mandatory DeletePatch(11) at patch 11, reason=Area 0.002785 below minimum 0.01
  Total patches: 13, total adds: 7, total deletes: 4
  step 150/1000: loss=0.572673, patches=14
[SRD rewrite] added patch=13, position=(-0.676, 0.142, -1.123), improvement=0.002880
SRD step 200: evaluated 27 candidates, 14 promising, accepted 3
  Accepted AddPatch at patch 13, improvement=0.002880
  Accepted SplitPatch(3) at patch 3, improvement=0.002473
  Accepted SplitPatch(5) at patch 5, improvement=0.002473
  Total patches: 14, total adds: 8, total deletes: 4
  step 200/1000: loss=0.534154, patches=13
[SRD rewrite] added patch=14, position=(0.749, 1.077, -0.449), improvement=0.000330
[SRD rewrite] added patch=15, position=(-0.416, -0.416, 1.724), improvement=0.000218
[SRD rewrite] added patch=16, position=(-0.635, -0.561, -0.846), improvement=0.000160
SRD step 250: evaluated 27 candidates, 3 promising, accepted 3
  Accepted AddPatch at patch 14, improvement=0.000330
  Accepted AddPatch at patch 15, improvement=0.000218
  Accepted AddPatch at patch 16, improvement=0.000160
  Total patches: 17, total adds: 11, total deletes: 4
  step 250/1000: loss=0.495682, patches=14
[SRD rewrite] deleted patch=15, position=(-0.447, -0.466, 1.614), reason=Area 0.005872 below minimum 0.01
SRD step 300: evaluated 27 candidates, 0 promising, accepted 1
  Mandatory DeletePatch(15) at patch 15, reason=Area 0.005872 below minimum 0.01
  Total patches: 16, total adds: 11, total deletes: 5
  step 300/1000: loss=0.467964, patches=17
SRD step 350: evaluated 27 candidates, 0 promising, accepted 0
  Total patches: 16, total adds: 11, total deletes: 5
  step 350/1000: loss=0.454826, patches=16
SRD step 400: evaluated 27 candidates, 0 promising, accepted 0
  Total patches: 16, total adds: 11, total deletes: 5
  step 400/1000: loss=0.444286, patches=16
SRD step 450: evaluated 27 candidates, 0 promising, accepted 0
  Total patches: 16, total adds: 11, total deletes: 5
  step 450/1000: loss=0.442375, patches=16
SRD step 500: evaluated 27 candidates, 0 promising, accepted 0
  Total patches: 16, total adds: 11, total deletes: 5
  step 500/1000: loss=0.437874, patches=16
SRD step 550: evaluated 27 candidates, 0 promising, accepted 0
  Total patches: 16, total adds: 11, total deletes: 5
  step 550/1000: loss=0.437127, patches=16
SRD step 600: evaluated 27 candidates, 0 promising, accepted 0
  Total patches: 16, total adds: 11, total deletes: 5
  step 600/1000: loss=0.438189, patches=16
SRD step 650: evaluated 27 candidates, 0 promising, accepted 0
  Total patches: 16, total adds: 11, total deletes: 5
  step 650/1000: loss=0.434410, patches=16
SRD step 700: evaluated 27 candidates, 0 promising, accepted 0
  Total patches: 16, total adds: 11, total deletes: 5
  step 700/1000: loss=0.429310, patches=16
SRD step 750: evaluated 27 candidates, 0 promising, accepted 0
  Total patches: 16, total adds: 11, total deletes: 5
  step 750/1000: loss=0.429396, patches=16
SRD step 800: evaluated 27 candidates, 0 promising, accepted 0
  Total patches: 16, total adds: 11, total deletes: 5
  step 800/1000: loss=0.428450, patches=16
SRD step 850: evaluated 27 candidates, 0 promising, accepted 0
  Total patches: 16, total adds: 11, total deletes: 5
  step 850/1000: loss=0.424389, patches=16
[SRD rewrite] deleted patch=2, position=(-2.422, -1.527, -0.399), reason=Area 0.007349 below minimum 0.01
SRD step 900: evaluated 27 candidates, 0 promising, accepted 1
  Mandatory DeletePatch(2) at patch 2, reason=Area 0.007349 below minimum 0.01
  Total patches: 15, total adds: 11, total deletes: 6
  step 900/1000: loss=0.426419, patches=16
SRD step 950: evaluated 27 candidates, 0 promising, accepted 0
  Total patches: 15, total adds: 11, total deletes: 6
  step 950/1000: loss=0.428666, patches=15
SRD step 1000: evaluated 27 candidates, 0 promising, accepted 0
  Total patches: 15, total adds: 11, total deletes: 6
  step 1000/1000: loss=0.427114, patches=15
[Trial 1] done: loss=0.427225, time=2919.0s
[Trial 2/3] seed=1
[SRD rewrite] split patch=2, children=9,10, improvement=0.013290
[SRD rewrite] added patch=11, position=(1.460, -0.526, -0.425), improvement=0.005957
[SRD rewrite] added patch=12, position=(-0.525, 1.268, -0.507), improvement=0.005324
SRD step 50: evaluated 27 candidates, 26 promising, accepted 3
  Accepted SplitPatch(2) at patch 2, improvement=0.013290
  Accepted AddPatch at patch 11, improvement=0.005957
  Accepted AddPatch at patch 12, improvement=0.005324
  Total patches: 13, total adds: 3, total deletes: 0
  step 50/1000: loss=0.776289, patches=10
[SRD rewrite] deleted patch=10, position=(1.267, -0.248, 1.743), reason=Area 0.002920 below minimum 0.01
[SRD rewrite] deleted patch=9, position=(1.316, -0.365, 1.714), reason=Area 0.002953 below minimum 0.01
[SRD rewrite] added patch=11, position=(0.856, 0.539, 0.424), improvement=0.005972
[SRD rewrite] added patch=12, position=(-1.299, 0.884, 1.001), improvement=0.005939
[SRD rewrite] added patch=13, position=(-0.724, -0.319, -1.464), improvement=0.004551
SRD step 100: evaluated 27 candidates, 22 promising, accepted 5
  Accepted AddPatch at patch 11, improvement=0.005972
  Accepted AddPatch at patch 12, improvement=0.005939
  Accepted AddPatch at patch 13, improvement=0.004551
  Mandatory DeletePatch(9) at patch 9, reason=Area 0.002953 below minimum 0.01
  Mandatory DeletePatch(10) at patch 10, reason=Area 0.002920 below minimum 0.01
  Total patches: 14, total adds: 6, total deletes: 2
  step 100/1000: loss=0.710930, patches=13
[SRD rewrite] added patch=14, position=(0.404, -0.110, 1.863), improvement=0.008380
[SRD rewrite] added patch=15, position=(1.869, 0.744, -0.841), improvement=0.007820
[SRD rewrite] added patch=16, position=(0.510, -2.275, 1.870), improvement=0.007663
SRD step 150: evaluated 27 candidates, 25 promising, accepted 3
  Accepted AddPatch at patch 14, improvement=0.008380
  Accepted AddPatch at patch 15, improvement=0.007820
  Accepted AddPatch at patch 16, improvement=0.007663
  Total patches: 17, total adds: 9, total deletes: 2
  step 150/1000: loss=0.648928, patches=14
[SRD rewrite] deleted patch=16, position=(0.510, -2.275, 1.870), reason=Area 0.009291 below minimum 0.01
[SRD rewrite] deleted patch=14, position=(0.321, -0.152, 1.789), reason=Area 0.009483 below minimum 0.01
[SRD rewrite] added patch=15, position=(1.400, 0.143, 1.066), improvement=0.006304
[SRD rewrite] added patch=16, position=(-0.068, -1.031, 0.855), improvement=0.004106
SRD step 200: evaluated 27 candidates, 23 promising, accepted 5
  Accepted AddPatch at patch 15, improvement=0.006304
  Accepted AddPatch at patch 16, improvement=0.004106
  Accepted SplitPatch(0) at patch 0, improvement=0.003706
  Mandatory DeletePatch(14) at patch 14, reason=Area 0.009483 below minimum 0.01
  Mandatory DeletePatch(16) at patch 16, reason=Area 0.009291 below minimum 0.01
  Total patches: 17, total adds: 11, total deletes: 4
  step 200/1000: loss=0.600702, patches=17
[SRD rewrite] added patch=17, position=(1.424, -0.210, -1.110), improvement=0.005813
[SRD rewrite] added patch=18, position=(1.328, -0.325, -0.956), improvement=0.005660
[SRD rewrite] added patch=19, position=(-0.359, 1.140, 0.310), improvement=0.005634
SRD step 250: evaluated 27 candidates, 18 promising, accepted 3
  Accepted AddPatch at patch 17, improvement=0.005813
  Accepted AddPatch at patch 18, improvement=0.005660
  Accepted AddPatch at patch 19, improvement=0.005634
  Total patches: 20, total adds: 14, total deletes: 4
  step 250/1000: loss=0.551911, patches=17
[SRD rewrite] deleted patch=18, position=(1.276, -0.320, -1.060), reason=Area 0.003398 below minimum 0.01
[SRD rewrite] added patch=19, position=(0.751, 0.781, 1.027), improvement=0.007111
[SRD rewrite] added patch=20, position=(-1.050, 1.281, 0.223), improvement=0.006596
SRD step 300: evaluated 27 candidates, 25 promising, accepted 4
  Accepted AddPatch at patch 19, improvement=0.007111
  Accepted AddPatch at patch 20, improvement=0.006596
  Accepted SplitPatch(12) at patch 12, improvement=0.006363
  Mandatory DeletePatch(18) at patch 18, reason=Area 0.003398 below minimum 0.01
  Total patches: 21, total adds: 16, total deletes: 5
  step 300/1000: loss=0.483587, patches=20
SRD step 350: evaluated 27 candidates, 0 promising, accepted 0
  Total patches: 21, total adds: 16, total deletes: 5
  step 350/1000: loss=0.427856, patches=21
[SRD rewrite] added patch=21, position=(0.563, 0.154, 1.166), improvement=0.000393
SRD step 400: evaluated 27 candidates, 1 promising, accepted 1
  Accepted AddPatch at patch 21, improvement=0.000393
  Total patches: 22, total adds: 17, total deletes: 5
  step 400/1000: loss=0.407936, patches=21
SRD step 450: evaluated 27 candidates, 0 promising, accepted 0
  Total patches: 22, total adds: 17, total deletes: 5
  step 450/1000: loss=0.388400, patches=22
SRD step 500: evaluated 27 candidates, 0 promising, accepted 0
  Total patches: 22, total adds: 17, total deletes: 5
  step 500/1000: loss=0.357027, patches=22
SRD step 550: evaluated 27 candidates, 0 promising, accepted 0
  Total patches: 22, total adds: 17, total deletes: 5
  step 550/1000: loss=0.350733, patches=22
SRD step 600: evaluated 27 candidates, 0 promising, accepted 0
  Total patches: 22, total adds: 17, total deletes: 5
  step 600/1000: loss=0.346869, patches=22
SRD step 650: evaluated 27 candidates, 0 promising, accepted 0
  Total patches: 22, total adds: 17, total deletes: 5
  step 650/1000: loss=0.344732, patches=22
SRD step 700: evaluated 27 candidates, 0 promising, accepted 0
  Total patches: 22, total adds: 17, total deletes: 5
  step 700/1000: loss=0.343518, patches=22
SRD step 750: evaluated 27 candidates, 0 promising, accepted 0
  Total patches: 22, total adds: 17, total deletes: 5
  step 750/1000: loss=0.335461, patches=22
SRD step 800: evaluated 27 candidates, 0 promising, accepted 0
  Total patches: 22, total adds: 17, total deletes: 5
  step 800/1000: loss=0.329742, patches=22
SRD step 850: evaluated 27 candidates, 0 promising, accepted 0
  Total patches: 22, total adds: 17, total deletes: 5
  step 850/1000: loss=0.328917, patches=22
SRD step 900: evaluated 27 candidates, 0 promising, accepted 0
  Total patches: 22, total adds: 17, total deletes: 5
  step 900/1000: loss=0.326519, patches=22
SRD step 950: evaluated 27 candidates, 0 promising, accepted 0
  Total patches: 22, total adds: 17, total deletes: 5
  step 950/1000: loss=0.328432, patches=22
SRD step 1000: evaluated 27 candidates, 0 promising, accepted 0
  Total patches: 22, total adds: 17, total deletes: 5
  step 1000/1000: loss=0.330951, patches=22
[SRD rewrite] deleted patch=19, position=(0.194, 0.875, 2.383), reason=final deletion pass improved loss
[Trial 2] done: loss=0.329897, time=3848.7s
[Trial 3/3] seed=2
[SRD rewrite] split patch=2, children=9,10, improvement=0.029515
[SRD rewrite] added patch=11, position=(-0.582, -1.003, -0.378), improvement=0.007650
[SRD rewrite] added patch=12, position=(0.675, 0.988, 0.267), improvement=0.007164
SRD step 50: evaluated 27 candidates, 20 promising, accepted 3
  Accepted SplitPatch(2) at patch 2, improvement=0.029515
  Accepted AddPatch at patch 11, improvement=0.007650
  Accepted AddPatch at patch 12, improvement=0.007164
  Total patches: 13, total adds: 3, total deletes: 0
  step 50/1000: loss=0.733094, patches=10
[SRD rewrite] deleted patch=10, position=(-1.600, -0.787, 2.136), reason=Area 0.004657 below minimum 0.01
[SRD rewrite] deleted patch=9, position=(-1.579, -0.979, 2.084), reason=Area 0.001115 below minimum 0.01
[SRD rewrite] added patch=11, position=(0.113, 0.603, -0.269), improvement=0.016052
[SRD rewrite] added patch=12, position=(-1.535, 1.007, -0.251), improvement=0.015081
[SRD rewrite] added patch=13, position=(-0.664, -0.363, -1.411), improvement=0.014502
SRD step 100: evaluated 27 candidates, 26 promising, accepted 5
  Accepted AddPatch at patch 11, improvement=0.016052
  Accepted AddPatch at patch 12, improvement=0.015081
  Accepted AddPatch at patch 13, improvement=0.014502
  Mandatory DeletePatch(9) at patch 9, reason=Area 0.001115 below minimum 0.01
  Mandatory DeletePatch(10) at patch 10, reason=Area 0.004657 below minimum 0.01
  Total patches: 14, total adds: 6, total deletes: 2
  step 100/1000: loss=0.620649, patches=13
[SRD rewrite] deleted patch=12, position=(-1.535, 1.007, -0.251), reason=Area 0.009291 below minimum 0.01
[SRD rewrite] added patch=13, position=(0.763, 0.963, -0.845), improvement=0.006959
[SRD rewrite] added patch=14, position=(0.101, -0.527, -0.825), improvement=0.006886
[SRD rewrite] restored patch=15, position=(-1.535, 1.007, -0.251), improvement=0.006854
SRD step 150: evaluated 27 candidates, 23 promising, accepted 4
  Accepted AddPatch at patch 13, improvement=0.006959
  Accepted AddPatch at patch 14, improvement=0.006886
  Accepted RestorePatch(3) at patch 15, improvement=0.006854
  Mandatory DeletePatch(12) at patch 12, reason=Area 0.009291 below minimum 0.01
  Total patches: 16, total adds: 9, total deletes: 3
  step 150/1000: loss=0.533251, patches=14
[SRD rewrite] deleted patch=15, position=(-1.535, 1.007, -0.251), reason=Area 0.009291 below minimum 0.01
[SRD rewrite] restored patch=15, position=(-1.535, 1.007, -0.251), improvement=0.002288
[SRD rewrite] added patch=16, position=(0.497, -1.060, -1.272), improvement=0.001630
SRD step 200: evaluated 27 candidates, 20 promising, accepted 4
  Accepted RestorePatch(3) at patch 15, improvement=0.002288
  Accepted AddPatch at patch 16, improvement=0.001630
  Accepted SplitPatch(9) at patch 9, improvement=0.001231
  Mandatory DeletePatch(15) at patch 15, reason=Area 0.009291 below minimum 0.01
  Total patches: 17, total adds: 11, total deletes: 4
  step 200/1000: loss=0.474942, patches=16
[SRD rewrite] deleted patch=15, position=(-1.535, 1.007, -0.251), reason=Area 0.009291 below minimum 0.01
SRD step 250: evaluated 27 candidates, 0 promising, accepted 1
  Mandatory DeletePatch(15) at patch 15, reason=Area 0.009291 below minimum 0.01
  Total patches: 16, total adds: 11, total deletes: 5
  step 250/1000: loss=0.445219, patches=17
SRD step 300: evaluated 27 candidates, 0 promising, accepted 0
  Total patches: 16, total adds: 11, total deletes: 5
  step 300/1000: loss=0.433718, patches=16
SRD step 350: evaluated 27 candidates, 0 promising, accepted 0
  Total patches: 16, total adds: 11, total deletes: 5
  step 350/1000: loss=0.426004, patches=16
SRD step 400: evaluated 27 candidates, 0 promising, accepted 0
  Total patches: 16, total adds: 11, total deletes: 5
  step 400/1000: loss=0.422298, patches=16
SRD step 450: evaluated 27 candidates, 0 promising, accepted 0
  Total patches: 16, total adds: 11, total deletes: 5
  step 450/1000: loss=0.412945, patches=16
SRD step 500: evaluated 27 candidates, 0 promising, accepted 0
  Total patches: 16, total adds: 11, total deletes: 5
  step 500/1000: loss=0.406688, patches=16
SRD step 550: evaluated 27 candidates, 0 promising, accepted 0
  Total patches: 16, total adds: 11, total deletes: 5
  step 550/1000: loss=0.403605, patches=16
SRD step 600: evaluated 27 candidates, 0 promising, accepted 0
  Total patches: 16, total adds: 11, total deletes: 5
  step 600/1000: loss=0.401855, patches=16
SRD step 650: evaluated 27 candidates, 0 promising, accepted 0
  Total patches: 16, total adds: 11, total deletes: 5
  step 650/1000: loss=0.400945, patches=16
SRD step 700: evaluated 27 candidates, 0 promising, accepted 0
  Total patches: 16, total adds: 11, total deletes: 5
  step 700/1000: loss=0.399639, patches=16
SRD step 750: evaluated 27 candidates, 0 promising, accepted 0
  Total patches: 16, total adds: 11, total deletes: 5
  step 750/1000: loss=0.389878, patches=16
SRD step 800: evaluated 27 candidates, 0 promising, accepted 0
  Total patches: 16, total adds: 11, total deletes: 5
  step 800/1000: loss=0.390235, patches=16
SRD step 850: evaluated 27 candidates, 0 promising, accepted 0
  Total patches: 16, total adds: 11, total deletes: 5
  step 850/1000: loss=0.385341, patches=16
SRD step 900: evaluated 27 candidates, 0 promising, accepted 0
  Total patches: 16, total adds: 11, total deletes: 5
  step 900/1000: loss=0.386051, patches=16
SRD step 950: evaluated 27 candidates, 0 promising, accepted 0
  Total patches: 16, total adds: 11, total deletes: 5
  step 950/1000: loss=0.378948, patches=16
[SRD rewrite] added patch=16, position=(0.080, -1.241, -0.385), improvement=0.004480
[SRD rewrite] added patch=17, position=(0.021, 0.550, 0.425), improvement=0.004324
[SRD rewrite] added patch=18, position=(1.778, 0.154, -0.908), improvement=0.003967
SRD step 1000: evaluated 27 candidates, 21 promising, accepted 3
  Accepted AddPatch at patch 16, improvement=0.004480
  Accepted AddPatch at patch 17, improvement=0.004324
  Accepted AddPatch at patch 18, improvement=0.003967
  Total patches: 19, total adds: 14, total deletes: 5
  step 1000/1000: loss=0.379802, patches=16
[SRD rewrite] deleted patch=18, position=(1.778, 0.154, -0.908), reason=Area 0.009291 below minimum 0.01
[SRD rewrite] deleted patch=17, position=(0.021, 0.550, 0.425), reason=Area 0.009291 below minimum 0.01
[SRD rewrite] deleted patch=16, position=(0.080, -1.241, -0.385), reason=Area 0.009291 below minimum 0.01
[Trial 3] done: loss=0.376826, time=3020.9s
[Run] report written to results/slurm/20260718_0340/patchsize_acm_scf_10/patches_10/with_srd/with_srd.txt
[Swept volume] building (resolution=256)...
[Run] mode=full, trials=3, seeds=[0, 1, 2], steps=1000, srd=False, ablation_flags={'disable_swept_volume_adds': True, 'loss_only_deletion': True, 'disable_splitting': False}
[Trial 1/3] seed=0
[Patch] mapbox-earcut is not installed; falling back to fan fill, so non-convex pieces will render incorrectly. Install it with: pip install mapbox-earcut
  step 50/1000: loss=0.700814, patches=10
  step 100/1000: loss=0.682762, patches=10
  step 150/1000: loss=0.657954, patches=10
  step 200/1000: loss=0.652919, patches=10
  step 250/1000: loss=0.637486, patches=10
  step 300/1000: loss=0.628633, patches=10
  step 350/1000: loss=0.613842, patches=10
  step 400/1000: loss=0.604431, patches=10
  step 450/1000: loss=0.598661, patches=10
  step 500/1000: loss=0.596677, patches=10
  step 550/1000: loss=0.594106, patches=10
  step 600/1000: loss=0.594193, patches=10
  step 650/1000: loss=0.592046, patches=10
  step 700/1000: loss=0.586900, patches=10
  step 750/1000: loss=0.582437, patches=10
  step 800/1000: loss=0.584006, patches=10
  step 850/1000: loss=0.580354, patches=10
  step 900/1000: loss=0.581989, patches=10
  step 950/1000: loss=0.583839, patches=10
  step 1000/1000: loss=0.582295, patches=10
[Trial 1] done: loss=0.582178, time=503.5s
[Trial 2/3] seed=1
  step 50/1000: loss=0.776289, patches=10
  step 100/1000: loss=0.744018, patches=10
  step 150/1000: loss=0.732899, patches=10
  step 200/1000: loss=0.707454, patches=10
  step 250/1000: loss=0.683715, patches=10
  step 300/1000: loss=0.664772, patches=10
  step 350/1000: loss=0.641376, patches=10
  step 400/1000: loss=0.615457, patches=10
  step 450/1000: loss=0.581800, patches=10
  step 500/1000: loss=0.576143, patches=10
  step 550/1000: loss=0.576802, patches=10
  step 600/1000: loss=0.575926, patches=10
  step 650/1000: loss=0.571820, patches=10
  step 700/1000: loss=0.571572, patches=10
  step 750/1000: loss=0.562727, patches=10
  step 800/1000: loss=0.564275, patches=10
  step 850/1000: loss=0.569499, patches=10
  step 900/1000: loss=0.568414, patches=10
  step 950/1000: loss=0.567629, patches=10
  step 1000/1000: loss=0.572347, patches=10
[Trial 2] done: loss=0.569119, time=489.8s
[Trial 3/3] seed=2
  step 50/1000: loss=0.733094, patches=10
  step 100/1000: loss=0.686487, patches=10
  step 150/1000: loss=0.635405, patches=10
  step 200/1000: loss=0.619397, patches=10
  step 250/1000: loss=0.599358, patches=10
  step 300/1000: loss=0.591434, patches=10
  step 350/1000: loss=0.587581, patches=10
  step 400/1000: loss=0.569462, patches=10
  step 450/1000: loss=0.557469, patches=10
  step 500/1000: loss=0.559571, patches=10
  step 550/1000: loss=0.559336, patches=10
  step 600/1000: loss=0.560488, patches=10
  step 650/1000: loss=0.557099, patches=10
  step 700/1000: loss=0.558711, patches=10
  step 750/1000: loss=0.559712, patches=10
  step 800/1000: loss=0.557121, patches=10
  step 850/1000: loss=0.558750, patches=10
  step 900/1000: loss=0.557582, patches=10
  step 950/1000: loss=0.555839, patches=10
  step 1000/1000: loss=0.556076, patches=10
[Trial 3] done: loss=0.555935, time=517.4s
[Run] report written to results/slurm/20260718_0340/patchsize_acm_scf_10/patches_10/without_srd/without_srd.txt

======================================================================
Running 3 trials WITH SRD
======================================================================


======================================================================
Running 3 trials WITHOUT SRD
======================================================================


[Comparison] report written to results/slurm/20260718_0340/patchsize_acm_scf_10/patches_10/comparison.txt

======================================================================
SRD Patch Size Comparison
======================================================================
Started: 2026-07-18T03:44:01
Patch sizes: [10]
Trials per size: 3
Steps per trial: 1000
Output directory: results/slurm/20260718_0340/patchsize_acm_scf_10
======================================================================


======================================================================
Running comparison with 10 initial patches
  Target 1: images/acm.png
  Target 2: images/scf.png
  Trials: 3, Steps: 1000
======================================================================

[OK] Comparison with 10 patches completed successfully

======================================================================
Comparison Summary
======================================================================
Successful: 1/1
Total time: 12142.1 seconds (3.37 hours)
Summary report: results/slurm/20260718_0340/patchsize_acm_scf_10/SUMMARY.txt
======================================================================

