## SLURM PROLOG ###############################################################
##    Job ID : 4093812
##  Job Name : 20260718_1833_comparison_acm_scf_srd
##  Nodelist : gpu2255
##      CPUs : 
##  Mem/Node : 128000 MB
## Directory : /oscar/home/cjmok/automated-perspective-sculptor
##   Job Started : Sat Jul 18 07:11:57 PM EDT 2026
###############################################################################
[Swept volume] building (resolution=256)...
[Run] mode=full, trials=3, seeds=[0, 1, 2], steps=2000, srd=True, ablation_flags={'disable_swept_volume_adds': False, 'loss_only_deletion': False, 'disable_splitting': False}
[Trial 1/3] seed=0
[Patch] mapbox-earcut is not installed; falling back to fan fill, so non-convex pieces will render incorrectly. Install it with: pip install mapbox-earcut
[SRD rewrite] added patch=20, position=(1.767, 0.989, -0.320), improvement=0.008056
SRD step 50: evaluated 27 candidates, 25 promising, accepted 3
  Accepted AddPatch at patch 20, improvement=0.008056
  Accepted SplitPatch(0) at patch 0, improvement=0.007802
  Accepted SplitPatch(3) at patch 3, improvement=0.007802
  Total patches: 21, total adds: 1, total deletes: 0
  step 50/2000: loss=0.670797, patches=20
[SRD rewrite] added patch=21, position=(0.148, 1.093, -0.724), improvement=0.009451
[SRD rewrite] added patch=22, position=(0.684, 0.519, -0.247), improvement=0.009425
[SRD rewrite] added patch=23, position=(1.266, -0.807, 0.751), improvement=0.009319
SRD step 100: evaluated 27 candidates, 27 promising, accepted 3
  Accepted AddPatch at patch 21, improvement=0.009451
  Accepted AddPatch at patch 22, improvement=0.009425
  Accepted AddPatch at patch 23, improvement=0.009319
  Total patches: 24, total adds: 4, total deletes: 0
  step 100/2000: loss=0.586619, patches=21
[SRD rewrite] added patch=24, position=(0.906, 0.812, -0.035), improvement=0.005492
[SRD rewrite] added patch=25, position=(-0.095, -1.056, 0.948), improvement=0.005246
[SRD rewrite] added patch=26, position=(1.456, -0.472, -0.388), improvement=0.005232
SRD step 150: evaluated 27 candidates, 19 promising, accepted 3
  Accepted AddPatch at patch 24, improvement=0.005492
  Accepted AddPatch at patch 25, improvement=0.005246
  Accepted AddPatch at patch 26, improvement=0.005232
  Total patches: 27, total adds: 7, total deletes: 0
  step 150/2000: loss=0.507257, patches=24
[SRD rewrite] deleted patch=26, position=(1.424, -0.542, -0.230), reason=Area 0.001457 below minimum 0.01
[SRD rewrite] deleted patch=24, position=(0.841, 0.865, 0.044), reason=Area 0.004006 below minimum 0.01
[SRD rewrite] added patch=25, position=(-1.096, 0.170, 1.343), improvement=0.001027
[SRD rewrite] added patch=26, position=(-0.313, 1.244, -0.492), improvement=0.000404
[SRD rewrite] added patch=27, position=(-0.487, 1.131, -0.825), improvement=0.000364
SRD step 200: evaluated 27 candidates, 3 promising, accepted 5
  Accepted AddPatch at patch 25, improvement=0.001027
  Accepted AddPatch at patch 26, improvement=0.000404
  Accepted AddPatch at patch 27, improvement=0.000364
  Mandatory DeletePatch(24) at patch 24, reason=Area 0.004006 below minimum 0.01
  Mandatory DeletePatch(26) at patch 26, reason=Area 0.001457 below minimum 0.01
  Total patches: 28, total adds: 10, total deletes: 2
  step 200/2000: loss=0.458991, patches=27
[SRD rewrite] split patch=12, children=27,28, improvement=0.004214
[SRD rewrite] added patch=29, position=(0.709, 1.129, 0.315), improvement=0.004424
[SRD rewrite] added patch=30, position=(1.463, -0.545, -0.410), improvement=0.002727
SRD step 250: evaluated 27 candidates, 23 promising, accepted 3
  Accepted AddPatch at patch 29, improvement=0.004424
  Accepted SplitPatch(12) at patch 12, improvement=0.004214
  Accepted AddPatch at patch 30, improvement=0.002727
  Total patches: 31, total adds: 13, total deletes: 2
  step 250/2000: loss=0.428624, patches=28
[SRD rewrite] deleted patch=30, position=(1.459, -0.592, -0.305), reason=Area 0.004199 below minimum 0.01
[SRD rewrite] deleted patch=28, position=(2.391, -0.079, -0.896), reason=Area 0.000817 below minimum 0.01
[SRD rewrite] deleted patch=27, position=(2.448, -0.334, -0.599), reason=Area 0.001128 below minimum 0.01
[SRD rewrite] added patch=28, position=(-1.687, 1.164, -1.203), improvement=0.000800
[SRD rewrite] added patch=29, position=(0.840, 1.113, -0.453), improvement=0.000742
[SRD rewrite] restored patch=30, position=(0.841, 0.865, 0.044), improvement=0.000188
SRD step 300: evaluated 27 candidates, 3 promising, accepted 6
  Accepted AddPatch at patch 28, improvement=0.000800
  Accepted AddPatch at patch 29, improvement=0.000742
  Accepted RestorePatch(1) at patch 30, improvement=0.000188
  Mandatory DeletePatch(27) at patch 27, reason=Area 0.001128 below minimum 0.01
  Mandatory DeletePatch(28) at patch 28, reason=Area 0.000817 below minimum 0.01
  Mandatory DeletePatch(30) at patch 30, reason=Area 0.004199 below minimum 0.01
  Total patches: 31, total adds: 16, total deletes: 5
  step 300/2000: loss=0.373277, patches=31
[SRD rewrite] deleted patch=30, position=(0.810, 0.932, 0.117), reason=Area 0.000184 below minimum 0.01
[SRD rewrite] deleted patch=3, position=(-2.257, -0.985, -0.397), reason=Area 0.006455 below minimum 0.01
[SRD rewrite] added patch=29, position=(1.755, 0.159, -0.939), improvement=0.002476
[SRD rewrite] restored patch=30, position=(1.459, -0.592, -0.305), improvement=0.002178
[SRD rewrite] added patch=31, position=(0.063, 1.133, -0.643), improvement=0.002001
SRD step 350: evaluated 27 candidates, 20 promising, accepted 5
  Accepted AddPatch at patch 29, improvement=0.002476
  Accepted RestorePatch(2) at patch 30, improvement=0.002178
  Accepted AddPatch at patch 31, improvement=0.002001
  Mandatory DeletePatch(3) at patch 3, reason=Area 0.006455 below minimum 0.01
  Mandatory DeletePatch(30) at patch 30, reason=Area 0.000184 below minimum 0.01
  Total patches: 32, total adds: 19, total deletes: 7
  step 350/2000: loss=0.350315, patches=31
[SRD rewrite] deleted patch=31, position=(0.194, 1.036, -0.586), reason=Area 0.005753 below minimum 0.01
[SRD rewrite] deleted patch=30, position=(1.399, -0.668, -0.152), reason=Area 0.001222 below minimum 0.01
[SRD rewrite] deleted patch=29, position=(1.820, 0.290, -1.079), reason=Area 0.001091 below minimum 0.01
SRD step 400: evaluated 27 candidates, 0 promising, accepted 3
  Mandatory DeletePatch(29) at patch 29, reason=Area 0.001091 below minimum 0.01
  Mandatory DeletePatch(30) at patch 30, reason=Area 0.001222 below minimum 0.01
  Mandatory DeletePatch(31) at patch 31, reason=Area 0.005753 below minimum 0.01
  Total patches: 29, total adds: 19, total deletes: 10
  step 400/2000: loss=0.332842, patches=32
SRD step 450: evaluated 27 candidates, 0 promising, accepted 0
  Total patches: 29, total adds: 19, total deletes: 10
  step 450/2000: loss=0.322578, patches=29
SRD step 500: evaluated 27 candidates, 0 promising, accepted 0
  Total patches: 29, total adds: 19, total deletes: 10
  step 500/2000: loss=0.304335, patches=29
[SRD rewrite] added patch=29, position=(1.468, -0.526, -0.370), improvement=0.002369
[SRD rewrite] added patch=30, position=(0.109, 0.801, 0.933), improvement=0.002232
[SRD rewrite] added patch=31, position=(-0.520, -0.607, -0.601), improvement=0.001465
SRD step 550: evaluated 27 candidates, 9 promising, accepted 3
  Accepted AddPatch at patch 29, improvement=0.002369
  Accepted AddPatch at patch 30, improvement=0.002232
  Accepted AddPatch at patch 31, improvement=0.001465
  Total patches: 32, total adds: 22, total deletes: 10
  step 550/2000: loss=0.305004, patches=29
[SRD rewrite] deleted patch=31, position=(-0.371, -0.677, -0.527), reason=Area 0.007817 below minimum 0.01
[SRD rewrite] deleted patch=29, position=(1.487, -0.603, -0.226), reason=Area 0.006543 below minimum 0.01
[SRD rewrite] deleted patch=11, position=(-2.244, 1.369, 1.746), reason=Area 0.009029 below minimum 0.01
SRD step 600: evaluated 27 candidates, 0 promising, accepted 3
  Mandatory DeletePatch(11) at patch 11, reason=Area 0.009029 below minimum 0.01
  Mandatory DeletePatch(29) at patch 29, reason=Area 0.006543 below minimum 0.01
  Mandatory DeletePatch(31) at patch 31, reason=Area 0.007817 below minimum 0.01
  Total patches: 29, total adds: 22, total deletes: 13
  step 600/2000: loss=0.296954, patches=32
SRD step 650: evaluated 27 candidates, 0 promising, accepted 0
  Total patches: 29, total adds: 22, total deletes: 13
  step 650/2000: loss=0.296737, patches=29
SRD step 700: evaluated 27 candidates, 0 promising, accepted 0
  Total patches: 29, total adds: 22, total deletes: 13
  step 700/2000: loss=0.289057, patches=29
[SRD rewrite] deleted patch=27, position=(0.774, 1.124, -0.470), reason=delete has no image effect
SRD step 750: evaluated 27 candidates, 0 promising, accepted 1
  Mandatory DeletePatch(27) at patch 27, reason=delete has no image effect
  Total patches: 28, total adds: 22, total deletes: 14
  step 750/2000: loss=0.284059, patches=29
[SRD rewrite] deleted patch=3, position=(-1.920, -1.539, -1.035), reason=Area 0.009827 below minimum 0.01
SRD step 800: evaluated 27 candidates, 0 promising, accepted 1
  Mandatory DeletePatch(3) at patch 3, reason=Area 0.009827 below minimum 0.01
  Total patches: 27, total adds: 22, total deletes: 15
  step 800/2000: loss=0.274707, patches=28
SRD step 850: evaluated 27 candidates, 0 promising, accepted 0
  Total patches: 27, total adds: 22, total deletes: 15
  step 850/2000: loss=0.272092, patches=27
SRD step 900: evaluated 27 candidates, 0 promising, accepted 0
  Total patches: 27, total adds: 22, total deletes: 15
  step 900/2000: loss=0.270695, patches=27
SRD step 950: evaluated 27 candidates, 0 promising, accepted 0
  Total patches: 27, total adds: 22, total deletes: 15
  step 950/2000: loss=0.273757, patches=27
SRD step 1000: evaluated 27 candidates, 0 promising, accepted 0
  Total patches: 27, total adds: 22, total deletes: 15
  step 1000/2000: loss=0.263428, patches=27
SRD step 1050: evaluated 27 candidates, 0 promising, accepted 0
  Total patches: 27, total adds: 22, total deletes: 15
  step 1050/2000: loss=0.268766, patches=27
SRD step 1100: evaluated 27 candidates, 0 promising, accepted 0
  Total patches: 27, total adds: 22, total deletes: 15
  step 1100/2000: loss=0.268900, patches=27
[SRD rewrite] added patch=27, position=(-0.246, -1.116, 0.683), improvement=0.001493
[SRD rewrite] added patch=28, position=(-0.019, -0.993, 0.905), improvement=0.001145
[SRD rewrite] added patch=29, position=(0.104, -1.205, -0.359), improvement=0.001129
SRD step 1150: evaluated 27 candidates, 16 promising, accepted 3
  Accepted AddPatch at patch 27, improvement=0.001493
  Accepted AddPatch at patch 28, improvement=0.001145
  Accepted AddPatch at patch 29, improvement=0.001129
  Total patches: 30, total adds: 25, total deletes: 15
  step 1150/2000: loss=0.276316, patches=27
[SRD rewrite] deleted patch=28, position=(-0.040, -0.998, 0.874), reason=Area 0.006399 below minimum 0.01
SRD step 1200: evaluated 27 candidates, 0 promising, accepted 1
  Mandatory DeletePatch(28) at patch 28, reason=Area 0.006399 below minimum 0.01
  Total patches: 29, total adds: 25, total deletes: 16
  step 1200/2000: loss=0.266984, patches=30
SRD step 1250: evaluated 27 candidates, 0 promising, accepted 0
  Total patches: 29, total adds: 25, total deletes: 16
  step 1250/2000: loss=0.262989, patches=29
SRD step 1300: evaluated 27 candidates, 0 promising, accepted 0
  Total patches: 29, total adds: 25, total deletes: 16
  step 1300/2000: loss=0.258508, patches=29
SRD step 1350: evaluated 27 candidates, 0 promising, accepted 0
  Total patches: 29, total adds: 25, total deletes: 16
  step 1350/2000: loss=0.259715, patches=29
SRD step 1400: evaluated 27 candidates, 0 promising, accepted 0
  Total patches: 29, total adds: 25, total deletes: 16
  step 1400/2000: loss=0.269215, patches=29
SRD step 1450: evaluated 27 candidates, 0 promising, accepted 0
  Total patches: 29, total adds: 25, total deletes: 16
  step 1450/2000: loss=0.271569, patches=29
SRD step 1500: evaluated 27 candidates, 0 promising, accepted 0
  Total patches: 29, total adds: 25, total deletes: 16
  step 1500/2000: loss=0.279250, patches=29
SRD step 1550: evaluated 27 candidates, 0 promising, accepted 0
  Total patches: 29, total adds: 25, total deletes: 16
  step 1550/2000: loss=0.271899, patches=29
SRD step 1600: evaluated 27 candidates, 0 promising, accepted 0
  Total patches: 29, total adds: 25, total deletes: 16
  step 1600/2000: loss=0.268997, patches=29
SRD step 1650: evaluated 27 candidates, 0 promising, accepted 0
  Total patches: 29, total adds: 25, total deletes: 16
  step 1650/2000: loss=0.270199, patches=29
SRD step 1700: evaluated 27 candidates, 0 promising, accepted 0
  Total patches: 29, total adds: 25, total deletes: 16
  step 1700/2000: loss=0.266017, patches=29
[SRD rewrite] deleted patch=23, position=(-0.238, -0.711, -2.215), reason=Area 0.009465 below minimum 0.01
SRD step 1750: evaluated 27 candidates, 0 promising, accepted 1
  Mandatory DeletePatch(23) at patch 23, reason=Area 0.009465 below minimum 0.01
  Total patches: 28, total adds: 25, total deletes: 17
  step 1750/2000: loss=0.269808, patches=29
[SRD rewrite] deleted patch=27, position=(0.080, -1.310, -0.446), reason=Area 0.008144 below minimum 0.01
SRD step 1800: evaluated 27 candidates, 0 promising, accepted 1
  Mandatory DeletePatch(27) at patch 27, reason=Area 0.008144 below minimum 0.01
  Total patches: 27, total adds: 25, total deletes: 18
  step 1800/2000: loss=0.260126, patches=28
[SRD rewrite] deleted patch=2, position=(0.460, -0.943, 1.880), reason=Area 0.008289 below minimum 0.01
SRD step 1850: evaluated 27 candidates, 0 promising, accepted 1
  Mandatory DeletePatch(2) at patch 2, reason=Area 0.008289 below minimum 0.01
  Total patches: 26, total adds: 25, total deletes: 19
  step 1850/2000: loss=0.257539, patches=27
SRD step 1900: evaluated 27 candidates, 0 promising, accepted 0
  Total patches: 26, total adds: 25, total deletes: 19
  step 1900/2000: loss=0.261650, patches=26
SRD step 1950: evaluated 27 candidates, 0 promising, accepted 0
  Total patches: 26, total adds: 25, total deletes: 19
  step 1950/2000: loss=0.262168, patches=26
SRD step 2000: evaluated 27 candidates, 0 promising, accepted 0
  Total patches: 26, total adds: 25, total deletes: 19
  step 2000/2000: loss=0.259662, patches=26
[SRD rewrite] deleted patch=7, position=(-1.513, -1.232, 2.368), reason=final deletion pass improved loss
[Trial 1] done: loss=0.247392, time=11269.0s
[Trial 2/3] seed=1
[SRD rewrite] added patch=20, position=(1.461, -0.520, -0.418), improvement=0.009902
[SRD rewrite] added patch=21, position=(0.795, 1.012, -0.592), improvement=0.009827
[SRD rewrite] added patch=22, position=(0.689, 1.144, -0.400), improvement=0.009772
SRD step 50: evaluated 27 candidates, 22 promising, accepted 3
  Accepted AddPatch at patch 20, improvement=0.009902
  Accepted AddPatch at patch 21, improvement=0.009827
  Accepted AddPatch at patch 22, improvement=0.009772
  Total patches: 23, total adds: 3, total deletes: 0
  step 50/2000: loss=0.697074, patches=20
[SRD rewrite] added patch=23, position=(1.407, 0.149, 1.069), improvement=0.010218
[SRD rewrite] added patch=24, position=(0.776, 0.550, 0.404), improvement=0.010037
[SRD rewrite] added patch=25, position=(-0.444, 1.173, -0.721), improvement=0.009706
SRD step 100: evaluated 27 candidates, 27 promising, accepted 3
  Accepted AddPatch at patch 23, improvement=0.010218
  Accepted AddPatch at patch 24, improvement=0.010037
  Accepted AddPatch at patch 25, improvement=0.009706
  Total patches: 26, total adds: 6, total deletes: 0
  step 100/2000: loss=0.593638, patches=23
[SRD rewrite] added patch=26, position=(1.366, -0.307, -0.923), improvement=0.008912
[SRD rewrite] added patch=27, position=(1.324, -0.320, -0.947), improvement=0.008897
[SRD rewrite] added patch=28, position=(1.418, -0.290, -0.959), improvement=0.008617
SRD step 150: evaluated 27 candidates, 27 promising, accepted 3
  Accepted AddPatch at patch 26, improvement=0.008912
  Accepted AddPatch at patch 27, improvement=0.008897
  Accepted AddPatch at patch 28, improvement=0.008617
  Total patches: 29, total adds: 9, total deletes: 0
  step 150/2000: loss=0.537054, patches=26
[SRD rewrite] deleted patch=28, position=(1.456, -0.358, -1.044), reason=Area 0.000409 below minimum 0.01
[SRD rewrite] deleted patch=27, position=(1.370, -0.397, -1.048), reason=Area 0.000989 below minimum 0.01
[SRD rewrite] deleted patch=26, position=(1.330, -0.352, -0.826), reason=Area 0.001084 below minimum 0.01
[SRD rewrite] added patch=26, position=(1.459, -0.963, -0.337), improvement=0.003993
[SRD rewrite] added patch=27, position=(0.048, -1.194, -0.413), improvement=0.003901
SRD step 200: evaluated 27 candidates, 22 promising, accepted 6
  Accepted AddPatch at patch 26, improvement=0.003993
  Accepted AddPatch at patch 27, improvement=0.003901
  Accepted SplitPatch(1) at patch 1, improvement=0.003284
  Mandatory DeletePatch(26) at patch 26, reason=Area 0.001084 below minimum 0.01
  Mandatory DeletePatch(27) at patch 27, reason=Area 0.000989 below minimum 0.01
  Mandatory DeletePatch(28) at patch 28, reason=Area 0.000409 below minimum 0.01
  Total patches: 28, total adds: 11, total deletes: 3
  step 200/2000: loss=0.478348, patches=29
[SRD rewrite] added patch=28, position=(-0.012, 0.596, 0.377), improvement=0.002534
SRD step 250: evaluated 27 candidates, 19 promising, accepted 3
  Accepted AddPatch at patch 28, improvement=0.002534
  Accepted SplitPatch(21) at patch 21, improvement=0.001932
  Accepted SplitPatch(20) at patch 20, improvement=0.001932
  Total patches: 29, total adds: 12, total deletes: 3
  step 250/2000: loss=0.423059, patches=28
[SRD rewrite] split patch=13, children=28,29, improvement=0.005001
[SRD rewrite] added patch=30, position=(-0.623, -0.048, -0.820), improvement=0.003921
[SRD rewrite] added patch=31, position=(-1.387, -0.466, -1.299), improvement=0.003733
SRD step 300: evaluated 27 candidates, 21 promising, accepted 3
  Accepted SplitPatch(13) at patch 13, improvement=0.005001
  Accepted AddPatch at patch 30, improvement=0.003921
  Accepted AddPatch at patch 31, improvement=0.003733
  Total patches: 32, total adds: 15, total deletes: 3
  step 300/2000: loss=0.379743, patches=29
[SRD rewrite] deleted patch=29, position=(0.653, 0.088, 2.021), reason=Area 0.001871 below minimum 0.01
[SRD rewrite] deleted patch=28, position=(0.608, 0.115, 2.028), reason=Area 0.005651 below minimum 0.01
[SRD rewrite] deleted patch=16, position=(-2.107, 0.833, 1.655), reason=Area 0.009770 below minimum 0.01
[SRD rewrite] added patch=29, position=(1.533, 0.612, 0.593), improvement=0.007748
[SRD rewrite] added patch=30, position=(1.860, 0.740, -0.825), improvement=0.007170
[SRD rewrite] added patch=31, position=(-0.096, -1.087, 0.754), improvement=0.006950
SRD step 350: evaluated 27 candidates, 25 promising, accepted 6
  Accepted AddPatch at patch 29, improvement=0.007748
  Accepted AddPatch at patch 30, improvement=0.007170
  Accepted AddPatch at patch 31, improvement=0.006950
  Mandatory DeletePatch(16) at patch 16, reason=Area 0.009770 below minimum 0.01
  Mandatory DeletePatch(28) at patch 28, reason=Area 0.005651 below minimum 0.01
  Mandatory DeletePatch(29) at patch 29, reason=Area 0.001871 below minimum 0.01
  Total patches: 32, total adds: 18, total deletes: 6
  step 350/2000: loss=0.328986, patches=32
[SRD rewrite] deleted patch=30, position=(1.837, 0.766, -0.774), reason=Area 0.003114 below minimum 0.01
[SRD rewrite] deleted patch=2, position=(1.131, -0.980, 2.443), reason=Area 0.008371 below minimum 0.01
[SRD rewrite] added patch=30, position=(1.625, 0.486, 0.173), improvement=0.003230
[SRD rewrite] added patch=31, position=(-1.230, -0.099, 0.812), improvement=0.002777
[SRD rewrite] added patch=32, position=(-0.506, 0.848, -0.434), improvement=0.002659
SRD step 400: evaluated 27 candidates, 22 promising, accepted 5
  Accepted AddPatch at patch 30, improvement=0.003230
  Accepted AddPatch at patch 31, improvement=0.002777
  Accepted AddPatch at patch 32, improvement=0.002659
  Mandatory DeletePatch(2) at patch 2, reason=Area 0.008371 below minimum 0.01
  Mandatory DeletePatch(30) at patch 30, reason=Area 0.003114 below minimum 0.01
  Total patches: 33, total adds: 21, total deletes: 8
  step 400/2000: loss=0.290785, patches=32
[SRD rewrite] deleted patch=32, position=(-0.590, 0.892, -0.387), reason=Area 0.004153 below minimum 0.01
SRD step 450: evaluated 27 candidates, 0 promising, accepted 1
  Mandatory DeletePatch(32) at patch 32, reason=Area 0.004153 below minimum 0.01
  Total patches: 32, total adds: 21, total deletes: 9
  step 450/2000: loss=0.266601, patches=33
SRD step 500: evaluated 27 candidates, 0 promising, accepted 0
  Total patches: 32, total adds: 21, total deletes: 9
  step 500/2000: loss=0.242679, patches=32
SRD step 550: evaluated 27 candidates, 0 promising, accepted 0
  Total patches: 32, total adds: 21, total deletes: 9
  step 550/2000: loss=0.241633, patches=32
SRD step 600: evaluated 27 candidates, 0 promising, accepted 0
  Total patches: 32, total adds: 21, total deletes: 9
  step 600/2000: loss=0.231434, patches=32
[SRD rewrite] deleted patch=19, position=(0.413, 1.375, -0.128), reason=Area 0.005786 below minimum 0.01
SRD step 650: evaluated 27 candidates, 0 promising, accepted 1
  Mandatory DeletePatch(19) at patch 19, reason=Area 0.005786 below minimum 0.01
  Total patches: 31, total adds: 21, total deletes: 10
  step 650/2000: loss=0.224887, patches=32
SRD step 700: evaluated 27 candidates, 0 promising, accepted 0
  Total patches: 31, total adds: 21, total deletes: 10
  step 700/2000: loss=0.218866, patches=31
[SRD rewrite] deleted patch=25, position=(-0.642, 0.168, -0.711), reason=Area 0.006517 below minimum 0.01
[SRD rewrite] deleted patch=13, position=(-0.642, -0.554, -1.072), reason=Area 0.007801 below minimum 0.01
[SRD rewrite] deleted patch=3, position=(-1.804, 0.481, -1.548), reason=delete has no image effect
SRD step 750: evaluated 27 candidates, 0 promising, accepted 3
  Mandatory DeletePatch(13) at patch 13, reason=Area 0.007801 below minimum 0.01
  Mandatory DeletePatch(25) at patch 25, reason=Area 0.006517 below minimum 0.01
  Mandatory DeletePatch(3) at patch 3, reason=delete has no image effect
  Total patches: 28, total adds: 21, total deletes: 13
  step 750/2000: loss=0.223939, patches=31
SRD step 800: evaluated 27 candidates, 0 promising, accepted 0
  Total patches: 28, total adds: 21, total deletes: 13
  step 800/2000: loss=0.230526, patches=28
SRD step 850: evaluated 27 candidates, 0 promising, accepted 0
  Total patches: 28, total adds: 21, total deletes: 13
  step 850/2000: loss=0.230149, patches=28
SRD step 900: evaluated 27 candidates, 0 promising, accepted 0
  Total patches: 28, total adds: 21, total deletes: 13
  step 900/2000: loss=0.225834, patches=28
SRD step 950: evaluated 27 candidates, 0 promising, accepted 0
  Total patches: 28, total adds: 21, total deletes: 13
  step 950/2000: loss=0.223424, patches=28
SRD step 1000: evaluated 27 candidates, 0 promising, accepted 0
  Total patches: 28, total adds: 21, total deletes: 13
  step 1000/2000: loss=0.227383, patches=28
SRD step 1050: evaluated 27 candidates, 0 promising, accepted 0
  Total patches: 28, total adds: 21, total deletes: 13
  step 1050/2000: loss=0.228674, patches=28
SRD step 1100: evaluated 27 candidates, 0 promising, accepted 0
  Total patches: 28, total adds: 21, total deletes: 13
  step 1100/2000: loss=0.230704, patches=28
SRD step 1150: evaluated 27 candidates, 0 promising, accepted 0
  Total patches: 28, total adds: 21, total deletes: 13
  step 1150/2000: loss=0.229976, patches=28
SRD step 1200: evaluated 27 candidates, 0 promising, accepted 0
  Total patches: 28, total adds: 21, total deletes: 13
  step 1200/2000: loss=0.230495, patches=28
SRD step 1250: evaluated 27 candidates, 0 promising, accepted 0
  Total patches: 28, total adds: 21, total deletes: 13
  step 1250/2000: loss=0.227534, patches=28
SRD step 1300: evaluated 27 candidates, 0 promising, accepted 0
  Total patches: 28, total adds: 21, total deletes: 13
  step 1300/2000: loss=0.229104, patches=28
SRD step 1350: evaluated 27 candidates, 0 promising, accepted 0
  Total patches: 28, total adds: 21, total deletes: 13
  step 1350/2000: loss=0.231257, patches=28
SRD step 1400: evaluated 27 candidates, 0 promising, accepted 0
  Total patches: 28, total adds: 21, total deletes: 13
  step 1400/2000: loss=0.231303, patches=28
SRD step 1450: evaluated 27 candidates, 0 promising, accepted 0
  Total patches: 28, total adds: 21, total deletes: 13
  step 1450/2000: loss=0.226173, patches=28
SRD step 1500: evaluated 27 candidates, 0 promising, accepted 0
  Total patches: 28, total adds: 21, total deletes: 13
  step 1500/2000: loss=0.230786, patches=28
SRD step 1550: evaluated 27 candidates, 0 promising, accepted 0
  Total patches: 28, total adds: 21, total deletes: 13
  step 1550/2000: loss=0.241103, patches=28
SRD step 1600: evaluated 27 candidates, 0 promising, accepted 0
  Total patches: 28, total adds: 21, total deletes: 13
  step 1600/2000: loss=0.239954, patches=28
SRD step 1650: evaluated 27 candidates, 0 promising, accepted 0
  Total patches: 28, total adds: 21, total deletes: 13
  step 1650/2000: loss=0.242617, patches=28
SRD step 1700: evaluated 27 candidates, 0 promising, accepted 0
  Total patches: 28, total adds: 21, total deletes: 13
  step 1700/2000: loss=0.242011, patches=28
SRD step 1750: evaluated 27 candidates, 0 promising, accepted 0
  Total patches: 28, total adds: 21, total deletes: 13
  step 1750/2000: loss=0.240127, patches=28
SRD step 1800: evaluated 27 candidates, 0 promising, accepted 0
  Total patches: 28, total adds: 21, total deletes: 13
  step 1800/2000: loss=0.240143, patches=28
SRD step 1850: evaluated 27 candidates, 0 promising, accepted 0
  Total patches: 28, total adds: 21, total deletes: 13
  step 1850/2000: loss=0.242274, patches=28
SRD step 1900: evaluated 27 candidates, 0 promising, accepted 0
  Total patches: 28, total adds: 21, total deletes: 13
  step 1900/2000: loss=0.257404, patches=28
[SRD rewrite] deleted patch=0, position=(1.000, -3.050, -1.905), reason=no image contribution, delete has no image effect
SRD step 1950: evaluated 27 candidates, 0 promising, accepted 1
  Mandatory DeletePatch(0) at patch 0, reason=no image contribution, delete has no image effect
  Total patches: 27, total adds: 21, total deletes: 14
  step 1950/2000: loss=0.270372, patches=28
SRD step 2000: evaluated 27 candidates, 0 promising, accepted 0
  Total patches: 27, total adds: 21, total deletes: 14
  step 2000/2000: loss=0.265159, patches=27
[SRD rewrite] deleted patch=7, position=(-0.921, 0.312, 2.187), reason=final deletion pass improved loss
[SRD rewrite] deleted patch=21, position=(-0.482, -2.345, -1.981), reason=final deletion pass improved loss
[Trial 2] done: loss=0.228894, time=11391.7s
[Trial 3/3] seed=2
[SRD rewrite] split patch=15, children=19,20, improvement=0.017131
[SRD rewrite] split patch=1, children=20,21, improvement=0.017557
[SRD rewrite] added patch=22, position=(1.403, -0.061, 0.537), improvement=0.017017
SRD step 50: evaluated 27 candidates, 27 promising, accepted 3
  Accepted SplitPatch(1) at patch 1, improvement=0.017557
  Accepted SplitPatch(15) at patch 15, improvement=0.017131
  Accepted AddPatch at patch 22, improvement=0.017017
  Total patches: 23, total adds: 3, total deletes: 0
  step 50/2000: loss=0.676059, patches=20
[SRD rewrite] deleted patch=21, position=(-1.293, -0.587, 1.610), reason=Area 0.002597 below minimum 0.01
[SRD rewrite] deleted patch=20, position=(-1.305, -0.521, 1.646), reason=Area 0.007678 below minimum 0.01
[SRD rewrite] deleted patch=19, position=(-2.196, 1.092, 0.210), reason=Area 0.002238 below minimum 0.01
[SRD rewrite] deleted patch=18, position=(-2.147, 1.222, 0.194), reason=Area 0.003678 below minimum 0.01
[SRD rewrite] added patch=19, position=(0.916, 0.721, -0.276), improvement=0.004871
[SRD rewrite] added patch=20, position=(-0.602, -0.541, -0.462), improvement=0.003837
[SRD rewrite] restored patch=21, position=(-1.293, -0.587, 1.610), improvement=0.003397
SRD step 100: evaluated 27 candidates, 21 promising, accepted 7
  Accepted AddPatch at patch 19, improvement=0.004871
  Accepted AddPatch at patch 20, improvement=0.003837
  Accepted RestorePatch(2) at patch 21, improvement=0.003397
  Mandatory DeletePatch(18) at patch 18, reason=Area 0.003678 below minimum 0.01
  Mandatory DeletePatch(19) at patch 19, reason=Area 0.002238 below minimum 0.01
  Mandatory DeletePatch(20) at patch 20, reason=Area 0.007678 below minimum 0.01
  Mandatory DeletePatch(21) at patch 21, reason=Area 0.002597 below minimum 0.01
  Total patches: 22, total adds: 6, total deletes: 4
  step 100/2000: loss=0.586528, patches=23
[SRD rewrite] added patch=22, position=(1.715, 0.611, -0.163), improvement=0.008834
[SRD rewrite] added patch=23, position=(0.087, -0.914, -0.374), improvement=0.007619
[SRD rewrite] added patch=24, position=(0.873, 0.500, 0.276), improvement=0.007587
SRD step 150: evaluated 27 candidates, 24 promising, accepted 3
  Accepted AddPatch at patch 22, improvement=0.008834
  Accepted AddPatch at patch 23, improvement=0.007619
  Accepted AddPatch at patch 24, improvement=0.007587
  Total patches: 25, total adds: 9, total deletes: 4
  step 150/2000: loss=0.533923, patches=22
[SRD rewrite] split patch=1, children=24,25, improvement=0.019820
[SRD rewrite] added patch=26, position=(0.889, 0.917, -0.759), improvement=0.005813
[SRD rewrite] added patch=27, position=(-0.527, -0.558, -0.616), improvement=0.005433
SRD step 200: evaluated 27 candidates, 25 promising, accepted 3
  Accepted SplitPatch(1) at patch 1, improvement=0.019820
  Accepted AddPatch at patch 26, improvement=0.005813
  Accepted AddPatch at patch 27, improvement=0.005433
  Total patches: 28, total adds: 12, total deletes: 4
  step 200/2000: loss=0.467169, patches=25
[SRD rewrite] deleted patch=27, position=(-0.559, -0.610, -0.771), reason=Area 0.009029 below minimum 0.01
[SRD rewrite] deleted patch=25, position=(-1.657, -0.953, 2.471), reason=Area 0.000901 below minimum 0.01
[SRD rewrite] deleted patch=24, position=(-1.536, -1.073, 2.478), reason=Area 0.000088 below minimum 0.01
[SRD rewrite] added patch=25, position=(0.105, 0.780, -0.354), improvement=0.005399
[SRD rewrite] added patch=26, position=(-0.517, -0.570, -0.494), improvement=0.004890
[SRD rewrite] added patch=27, position=(-0.494, -0.631, -0.402), improvement=0.004818
SRD step 250: evaluated 27 candidates, 25 promising, accepted 6
  Accepted AddPatch at patch 25, improvement=0.005399
  Accepted AddPatch at patch 26, improvement=0.004890
  Accepted AddPatch at patch 27, improvement=0.004818
  Mandatory DeletePatch(24) at patch 24, reason=Area 0.000088 below minimum 0.01
  Mandatory DeletePatch(25) at patch 25, reason=Area 0.000901 below minimum 0.01
  Mandatory DeletePatch(27) at patch 27, reason=Area 0.009029 below minimum 0.01
  Total patches: 28, total adds: 15, total deletes: 7
  step 250/2000: loss=0.390328, patches=28
[SRD rewrite] deleted patch=13, position=(-1.726, -1.647, 1.090), reason=Area 0.006789 below minimum 0.01
[SRD rewrite] added patch=27, position=(1.213, -0.989, 0.480), improvement=0.009532
SRD step 300: evaluated 27 candidates, 27 promising, accepted 4
  Accepted AddPatch at patch 27, improvement=0.009532
  Accepted SplitPatch(8) at patch 8, improvement=0.008922
  Accepted SplitPatch(17) at patch 17, improvement=0.008922
  Mandatory DeletePatch(13) at patch 13, reason=Area 0.006789 below minimum 0.01
  Total patches: 28, total adds: 16, total deletes: 8
  step 300/2000: loss=0.340158, patches=28
[SRD rewrite] added patch=28, position=(-0.287, -0.993, 1.031), improvement=0.003688
[SRD rewrite] added patch=29, position=(-0.365, -1.041, 0.957), improvement=0.003388
[SRD rewrite] added patch=30, position=(0.614, -0.949, -0.356), improvement=0.002981
SRD step 350: evaluated 27 candidates, 25 promising, accepted 3
  Accepted AddPatch at patch 28, improvement=0.003688
  Accepted AddPatch at patch 29, improvement=0.003388
  Accepted AddPatch at patch 30, improvement=0.002981
  Total patches: 31, total adds: 19, total deletes: 8
  step 350/2000: loss=0.295849, patches=28
SRD step 400: evaluated 27 candidates, 0 promising, accepted 0
  Total patches: 31, total adds: 19, total deletes: 8
  step 400/2000: loss=0.240210, patches=31
SRD step 450: evaluated 27 candidates, 0 promising, accepted 0
  Total patches: 31, total adds: 19, total deletes: 8
  step 450/2000: loss=0.211233, patches=31
SRD step 500: evaluated 27 candidates, 0 promising, accepted 0
  Total patches: 31, total adds: 19, total deletes: 8
  step 500/2000: loss=0.202176, patches=31
SRD step 550: evaluated 27 candidates, 0 promising, accepted 0
  Total patches: 31, total adds: 19, total deletes: 8
  step 550/2000: loss=0.193809, patches=31
[SRD rewrite] deleted patch=25, position=(-0.569, -0.442, -0.638), reason=delete has no image effect
SRD step 600: evaluated 27 candidates, 0 promising, accepted 1
  Mandatory DeletePatch(25) at patch 25, reason=delete has no image effect
  Total patches: 30, total adds: 19, total deletes: 9
  step 600/2000: loss=0.185443, patches=31
[SRD rewrite] deleted patch=5, position=(-1.809, 0.720, -1.605), reason=Area 0.002869 below minimum 0.01
SRD step 650: evaluated 27 candidates, 0 promising, accepted 1
  Mandatory DeletePatch(5) at patch 5, reason=Area 0.002869 below minimum 0.01
  Total patches: 29, total adds: 19, total deletes: 10
  step 650/2000: loss=0.190340, patches=30
SRD step 700: evaluated 27 candidates, 0 promising, accepted 0
  Total patches: 29, total adds: 19, total deletes: 10
  step 700/2000: loss=0.201374, patches=29
SRD step 750: evaluated 27 candidates, 0 promising, accepted 0
  Total patches: 29, total adds: 19, total deletes: 10
  step 750/2000: loss=0.198125, patches=29
SRD step 800: evaluated 27 candidates, 0 promising, accepted 0
  Total patches: 29, total adds: 19, total deletes: 10
  step 800/2000: loss=0.192803, patches=29
SRD step 850: evaluated 27 candidates, 0 promising, accepted 0
  Total patches: 29, total adds: 19, total deletes: 10
  step 850/2000: loss=0.175923, patches=29
SRD step 900: evaluated 27 candidates, 0 promising, accepted 0
  Total patches: 29, total adds: 19, total deletes: 10
  step 900/2000: loss=0.185093, patches=29
[SRD rewrite] added patch=29, position=(0.808, 0.562, -0.260), improvement=0.000506
[SRD rewrite] added patch=30, position=(0.595, -0.503, -0.328), improvement=0.000315
SRD step 950: evaluated 27 candidates, 2 promising, accepted 2
  Accepted AddPatch at patch 29, improvement=0.000506
  Accepted AddPatch at patch 30, improvement=0.000315
  Total patches: 31, total adds: 21, total deletes: 10
  step 950/2000: loss=0.190454, patches=29
SRD step 1000: evaluated 27 candidates, 0 promising, accepted 0
  Total patches: 31, total adds: 21, total deletes: 10
  step 1000/2000: loss=0.182719, patches=31
SRD step 1050: evaluated 27 candidates, 0 promising, accepted 0
  Total patches: 31, total adds: 21, total deletes: 10
  step 1050/2000: loss=0.179702, patches=31
SRD step 1100: evaluated 27 candidates, 0 promising, accepted 0
  Total patches: 31, total adds: 21, total deletes: 10
  step 1100/2000: loss=0.188898, patches=31
[SRD rewrite] deleted patch=6, position=(1.061, 0.813, 0.987), reason=Area 0.009991 below minimum 0.01
SRD step 1150: evaluated 27 candidates, 0 promising, accepted 1
  Mandatory DeletePatch(6) at patch 6, reason=Area 0.009991 below minimum 0.01
  Total patches: 30, total adds: 21, total deletes: 11
  step 1150/2000: loss=0.190550, patches=31
SRD step 1200: evaluated 27 candidates, 0 promising, accepted 0
  Total patches: 30, total adds: 21, total deletes: 11
  step 1200/2000: loss=0.196005, patches=30
SRD step 1250: evaluated 27 candidates, 0 promising, accepted 0
  Total patches: 30, total adds: 21, total deletes: 11
  step 1250/2000: loss=0.201010, patches=30
SRD step 1300: evaluated 27 candidates, 0 promising, accepted 0
  Total patches: 30, total adds: 21, total deletes: 11
  step 1300/2000: loss=0.200732, patches=30
SRD step 1350: evaluated 27 candidates, 0 promising, accepted 0
  Total patches: 30, total adds: 21, total deletes: 11
  step 1350/2000: loss=0.203399, patches=30
[SRD rewrite] deleted patch=10, position=(-0.632, 0.541, -0.433), reason=Area 0.007231 below minimum 0.01
SRD step 1400: evaluated 27 candidates, 0 promising, accepted 1
  Mandatory DeletePatch(10) at patch 10, reason=Area 0.007231 below minimum 0.01
  Total patches: 29, total adds: 21, total deletes: 12
  step 1400/2000: loss=0.203697, patches=30
SRD step 1450: evaluated 27 candidates, 0 promising, accepted 0
  Total patches: 29, total adds: 21, total deletes: 12
  step 1450/2000: loss=0.207101, patches=29
SRD step 1500: evaluated 27 candidates, 0 promising, accepted 0
  Total patches: 29, total adds: 21, total deletes: 12
  step 1500/2000: loss=0.213227, patches=29
SRD step 1550: evaluated 27 candidates, 0 promising, accepted 0
  Total patches: 29, total adds: 21, total deletes: 12
  step 1550/2000: loss=0.212753, patches=29
SRD step 1600: evaluated 27 candidates, 0 promising, accepted 0
  Total patches: 29, total adds: 21, total deletes: 12
  step 1600/2000: loss=0.218345, patches=29
SRD step 1650: evaluated 27 candidates, 0 promising, accepted 0
  Total patches: 29, total adds: 21, total deletes: 12
  step 1650/2000: loss=0.224224, patches=29
SRD step 1700: evaluated 27 candidates, 0 promising, accepted 0
  Total patches: 29, total adds: 21, total deletes: 12
  step 1700/2000: loss=0.229042, patches=29
SRD step 1750: evaluated 27 candidates, 0 promising, accepted 0
  Total patches: 29, total adds: 21, total deletes: 12
  step 1750/2000: loss=0.223733, patches=29
SRD step 1800: evaluated 27 candidates, 0 promising, accepted 0
  Total patches: 29, total adds: 21, total deletes: 12
  step 1800/2000: loss=0.222221, patches=29
SRD step 1850: evaluated 27 candidates, 0 promising, accepted 0
  Total patches: 29, total adds: 21, total deletes: 12
  step 1850/2000: loss=0.225535, patches=29
SRD step 1900: evaluated 27 candidates, 0 promising, accepted 0
  Total patches: 29, total adds: 21, total deletes: 12
  step 1900/2000: loss=0.218601, patches=29
SRD step 1950: evaluated 27 candidates, 0 promising, accepted 0
  Total patches: 29, total adds: 21, total deletes: 12
  step 1950/2000: loss=0.216374, patches=29
SRD step 2000: evaluated 27 candidates, 0 promising, accepted 0
  Total patches: 29, total adds: 21, total deletes: 12
  step 2000/2000: loss=0.212662, patches=29
[SRD rewrite] deleted patch=12, position=(-0.694, -1.159, -2.089), reason=final deletion pass improved loss
[Trial 3] done: loss=0.200128, time=11791.1s
[Run] report written to results/slurm/20260718_1833/comparison_acm_scf_srd/output.txt
