[Swept volume] building (resolution=108)...
[Run] mode=full, trials=3, seeds=[0, 1, 2], steps=2000, srd=True, ablation_flags={'disable_swept_volume_adds': False, 'loss_only_deletion': False, 'disable_splitting': False}
[Trial 1/3] seed=0
[Patch] mapbox-earcut is not installed; falling back to fan fill, so non-convex pieces will render incorrectly. Install it with: pip install mapbox-earcut
[SRD rewrite] split patch=12, children=19,20, improvement=0.025530
[SRD rewrite] added patch=21, position=(0.556, 0.150, 1.142), improvement=0.024042
[SRD rewrite] added patch=22, position=(0.108, 0.364, 1.378), improvement=0.023854
SRD step 50: evaluated 27 candidates, 27 promising, accepted 3
  Accepted SplitPatch(12) at patch 12, improvement=0.025530
  Accepted AddPatch at patch 21, improvement=0.024042
  Accepted AddPatch at patch 22, improvement=0.023854
  Total patches: 23, total adds: 3, total deletes: 0
  step 50/2000: loss=0.579603, patches=20
[SRD rewrite] deleted patch=20, position=(1.738, 0.299, -1.417), reason=Area 0.000747 below minimum 0.01
[SRD rewrite] split patch=18, children=21,22, improvement=0.021604
[SRD rewrite] added patch=23, position=(-1.061, 1.097, 0.779), improvement=0.018805
[SRD rewrite] added patch=24, position=(0.823, 0.252, 0.965), improvement=0.018775
SRD step 100: evaluated 27 candidates, 27 promising, accepted 4
  Accepted SplitPatch(18) at patch 18, improvement=0.021604
  Accepted AddPatch at patch 23, improvement=0.018805
  Accepted AddPatch at patch 24, improvement=0.018775
  Mandatory DeletePatch(20) at patch 20, reason=Area 0.000747 below minimum 0.01
  Total patches: 25, total adds: 6, total deletes: 1
  step 100/2000: loss=0.399486, patches=23
[SRD rewrite] deleted patch=22, position=(1.107, -0.986, 0.722), reason=Area 0.002527 below minimum 0.01
[SRD rewrite] deleted patch=18, position=(1.666, 0.487, -1.387), reason=Area 0.001381 below minimum 0.01
[SRD rewrite] deleted patch=6, position=(-0.319, 0.320, -2.056), reason=Area 0.005708 below minimum 0.01
[SRD rewrite] added patch=22, position=(-0.402, -0.711, 1.702), improvement=0.009007
[SRD rewrite] added patch=23, position=(1.299, 0.239, -1.415), improvement=0.008885
[SRD rewrite] added patch=24, position=(-1.198, 0.272, 0.012), improvement=0.008355
SRD step 150: evaluated 27 candidates, 25 promising, accepted 6
  Accepted AddPatch at patch 22, improvement=0.009007
  Accepted AddPatch at patch 23, improvement=0.008885
  Accepted AddPatch at patch 24, improvement=0.008355
  Mandatory DeletePatch(6) at patch 6, reason=Area 0.005708 below minimum 0.01
  Mandatory DeletePatch(18) at patch 18, reason=Area 0.001381 below minimum 0.01
  Mandatory DeletePatch(22) at patch 22, reason=Area 0.002527 below minimum 0.01
  Total patches: 25, total adds: 9, total deletes: 4
  step 150/2000: loss=0.286287, patches=25
[SRD rewrite] added patch=25, position=(-0.348, -0.967, 1.552), improvement=0.004258
[SRD rewrite] added patch=26, position=(-0.369, -0.791, 1.436), improvement=0.003963
[SRD rewrite] added patch=27, position=(1.060, 0.229, -1.434), improvement=0.003800
SRD step 200: evaluated 27 candidates, 26 promising, accepted 3
  Accepted AddPatch at patch 25, improvement=0.004258
  Accepted AddPatch at patch 26, improvement=0.003963
  Accepted AddPatch at patch 27, improvement=0.003800
  Total patches: 28, total adds: 12, total deletes: 4
  step 200/2000: loss=0.242814, patches=25
[SRD rewrite] deleted patch=27, position=(1.007, 0.312, -1.383), reason=Area 0.008146 below minimum 0.01
[SRD rewrite] deleted patch=8, position=(-0.380, 0.598, -1.559), reason=Area 0.004707 below minimum 0.01
SRD step 250: evaluated 27 candidates, 0 promising, accepted 2
  Mandatory DeletePatch(8) at patch 8, reason=Area 0.004707 below minimum 0.01
  Mandatory DeletePatch(27) at patch 27, reason=Area 0.008146 below minimum 0.01
  Total patches: 26, total adds: 12, total deletes: 6
  step 250/2000: loss=0.182062, patches=28
[SRD rewrite] deleted patch=18, position=(1.494, -1.069, 0.497), reason=Area 0.006627 below minimum 0.01
[SRD rewrite] added patch=25, position=(-0.444, -0.878, 1.433), improvement=0.003400
[SRD rewrite] added patch=26, position=(0.992, -2.090, 0.370), improvement=0.002130
[SRD rewrite] added patch=27, position=(-0.720, 0.126, -1.626), improvement=0.002130
SRD step 300: evaluated 27 candidates, 26 promising, accepted 4
  Accepted AddPatch at patch 25, improvement=0.003400
  Accepted AddPatch at patch 26, improvement=0.002130
  Accepted AddPatch at patch 27, improvement=0.002130
  Mandatory DeletePatch(18) at patch 18, reason=Area 0.006627 below minimum 0.01
  Total patches: 28, total adds: 15, total deletes: 7
  step 300/2000: loss=0.163174, patches=26
[SRD rewrite] deleted patch=27, position=(-0.610, -0.027, -1.562), reason=Area 0.000312 below minimum 0.01
[SRD rewrite] deleted patch=26, position=(0.965, -2.116, 0.396), reason=Area 0.006632 below minimum 0.01
[SRD rewrite] deleted patch=21, position=(1.046, 0.231, -1.489), reason=Area 0.002893 below minimum 0.01
[SRD rewrite] deleted patch=14, position=(0.515, -0.024, 2.381), reason=Area 0.009775 below minimum 0.01
[SRD rewrite] deleted patch=12, position=(-0.082, 0.361, -1.480), reason=delete has no image effect
SRD step 350: evaluated 27 candidates, 0 promising, accepted 5
  Mandatory DeletePatch(14) at patch 14, reason=Area 0.009775 below minimum 0.01
  Mandatory DeletePatch(21) at patch 21, reason=Area 0.002893 below minimum 0.01
  Mandatory DeletePatch(26) at patch 26, reason=Area 0.006632 below minimum 0.01
  Mandatory DeletePatch(27) at patch 27, reason=Area 0.000312 below minimum 0.01
  Mandatory DeletePatch(12) at patch 12, reason=delete has no image effect
  Total patches: 23, total adds: 15, total deletes: 12
  step 350/2000: loss=0.145193, patches=28
[SRD rewrite] deleted patch=22, position=(-0.502, -0.891, 1.534), reason=Area 0.000821 below minimum 0.01
SRD step 400: evaluated 27 candidates, 0 promising, accepted 1
  Mandatory DeletePatch(22) at patch 22, reason=Area 0.000821 below minimum 0.01
  Total patches: 22, total adds: 15, total deletes: 13
  step 400/2000: loss=0.136797, patches=23
[SRD rewrite] deleted patch=15, position=(-0.335, 0.692, 1.479), reason=Area 0.001900 below minimum 0.01
SRD step 450: evaluated 27 candidates, 0 promising, accepted 1
  Mandatory DeletePatch(15) at patch 15, reason=Area 0.001900 below minimum 0.01
  Total patches: 21, total adds: 15, total deletes: 14
  step 450/2000: loss=0.136267, patches=22
SRD step 500: evaluated 27 candidates, 0 promising, accepted 0
  Total patches: 21, total adds: 15, total deletes: 14
  step 500/2000: loss=0.134634, patches=21
SRD step 550: evaluated 27 candidates, 0 promising, accepted 0
  Total patches: 21, total adds: 15, total deletes: 14
  step 550/2000: loss=0.130447, patches=21
SRD step 600: evaluated 27 candidates, 0 promising, accepted 0
  Total patches: 21, total adds: 15, total deletes: 14
  step 600/2000: loss=0.129972, patches=21
SRD step 650: evaluated 27 candidates, 0 promising, accepted 0
  Total patches: 21, total adds: 15, total deletes: 14
  step 650/2000: loss=0.129582, patches=21
SRD step 700: evaluated 27 candidates, 0 promising, accepted 0
  Total patches: 21, total adds: 15, total deletes: 14
  step 700/2000: loss=0.125724, patches=21
SRD step 750: evaluated 27 candidates, 0 promising, accepted 0
  Total patches: 21, total adds: 15, total deletes: 14
  step 750/2000: loss=0.126648, patches=21
SRD step 800: evaluated 27 candidates, 0 promising, accepted 0
  Total patches: 21, total adds: 15, total deletes: 14
  step 800/2000: loss=0.126339, patches=21
SRD step 850: evaluated 27 candidates, 0 promising, accepted 0
  Total patches: 21, total adds: 15, total deletes: 14
  step 850/2000: loss=0.125417, patches=21
[SRD rewrite] deleted patch=4, position=(-2.368, -0.088, 0.202), reason=Area 0.009299 below minimum 0.01
SRD step 900: evaluated 27 candidates, 0 promising, accepted 1
  Mandatory DeletePatch(4) at patch 4, reason=Area 0.009299 below minimum 0.01
  Total patches: 20, total adds: 15, total deletes: 15
  step 900/2000: loss=0.124172, patches=21
SRD step 950: evaluated 27 candidates, 0 promising, accepted 0
  Total patches: 20, total adds: 15, total deletes: 15
  step 950/2000: loss=0.125563, patches=20
SRD step 1000: evaluated 27 candidates, 0 promising, accepted 0
  Total patches: 20, total adds: 15, total deletes: 15
  step 1000/2000: loss=0.123455, patches=20
SRD step 1050: evaluated 27 candidates, 0 promising, accepted 0
  Total patches: 20, total adds: 15, total deletes: 15
  step 1050/2000: loss=0.122552, patches=20
SRD step 1100: evaluated 27 candidates, 0 promising, accepted 0
  Total patches: 20, total adds: 15, total deletes: 15
  step 1100/2000: loss=0.118957, patches=20
SRD step 1150: evaluated 27 candidates, 0 promising, accepted 0
  Total patches: 20, total adds: 15, total deletes: 15
  step 1150/2000: loss=0.115777, patches=20
SRD step 1200: evaluated 27 candidates, 0 promising, accepted 0
  Total patches: 20, total adds: 15, total deletes: 15
  step 1200/2000: loss=0.115685, patches=20
SRD step 1250: evaluated 27 candidates, 0 promising, accepted 0
  Total patches: 20, total adds: 15, total deletes: 15
  step 1250/2000: loss=0.116987, patches=20
[SRD rewrite] deleted patch=3, position=(-2.228, 0.002, 1.883), reason=delete has no image effect
SRD step 1300: evaluated 27 candidates, 0 promising, accepted 1
  Mandatory DeletePatch(3) at patch 3, reason=delete has no image effect
  Total patches: 19, total adds: 15, total deletes: 16
  step 1300/2000: loss=0.116376, patches=20
SRD step 1350: evaluated 27 candidates, 0 promising, accepted 0
  Total patches: 19, total adds: 15, total deletes: 16
  step 1350/2000: loss=0.114533, patches=19
SRD step 1400: evaluated 27 candidates, 0 promising, accepted 0
  Total patches: 19, total adds: 15, total deletes: 16
  step 1400/2000: loss=0.115286, patches=19
SRD step 1450: evaluated 27 candidates, 0 promising, accepted 0
  Total patches: 19, total adds: 15, total deletes: 16
  step 1450/2000: loss=0.115589, patches=19
SRD step 1500: evaluated 27 candidates, 0 promising, accepted 0
  Total patches: 19, total adds: 15, total deletes: 16
  step 1500/2000: loss=0.114874, patches=19
SRD step 1550: evaluated 27 candidates, 0 promising, accepted 0
  Total patches: 19, total adds: 15, total deletes: 16
  step 1550/2000: loss=0.117477, patches=19
[SRD rewrite] added patch=19, position=(0.911, -0.432, 1.549), improvement=0.001064
[SRD rewrite] added patch=20, position=(-1.154, 0.479, -1.672), improvement=0.001050
[SRD rewrite] restored patch=21, position=(0.965, -2.116, 0.396), improvement=0.000909
SRD step 1600: evaluated 27 candidates, 8 promising, accepted 3
  Accepted AddPatch at patch 19, improvement=0.001064
  Accepted AddPatch at patch 20, improvement=0.001050
  Accepted RestorePatch(10) at patch 21, improvement=0.000909
  Total patches: 22, total adds: 18, total deletes: 16
  step 1600/2000: loss=0.117181, patches=19
[SRD rewrite] deleted patch=21, position=(0.965, -2.116, 0.396), reason=Area 0.006632 below minimum 0.01
[SRD rewrite] deleted patch=20, position=(-1.192, 0.477, -1.561), reason=Area 0.001143 below minimum 0.01
[SRD rewrite] deleted patch=19, position=(0.853, -0.368, 1.452), reason=Area 0.001480 below minimum 0.01
SRD step 1650: evaluated 27 candidates, 0 promising, accepted 3
  Mandatory DeletePatch(19) at patch 19, reason=Area 0.001480 below minimum 0.01
  Mandatory DeletePatch(20) at patch 20, reason=Area 0.001143 below minimum 0.01
  Mandatory DeletePatch(21) at patch 21, reason=Area 0.006632 below minimum 0.01
  Total patches: 19, total adds: 18, total deletes: 19
  step 1650/2000: loss=0.118620, patches=22
SRD step 1700: evaluated 27 candidates, 0 promising, accepted 0
  Total patches: 19, total adds: 18, total deletes: 19
  step 1700/2000: loss=0.121437, patches=19
SRD step 1750: evaluated 27 candidates, 0 promising, accepted 0
  Total patches: 19, total adds: 18, total deletes: 19
  step 1750/2000: loss=0.116641, patches=19
SRD step 1800: evaluated 27 candidates, 0 promising, accepted 0
  Total patches: 19, total adds: 18, total deletes: 19
  step 1800/2000: loss=0.118657, patches=19
SRD step 1850: evaluated 27 candidates, 0 promising, accepted 0
  Total patches: 19, total adds: 18, total deletes: 19
  step 1850/2000: loss=0.114443, patches=19
SRD step 1900: evaluated 27 candidates, 0 promising, accepted 0
  Total patches: 19, total adds: 18, total deletes: 19
  step 1900/2000: loss=0.117899, patches=19
SRD step 1950: evaluated 27 candidates, 0 promising, accepted 0
  Total patches: 19, total adds: 18, total deletes: 19
  step 1950/2000: loss=0.118426, patches=19
SRD step 2000: evaluated 27 candidates, 0 promising, accepted 0
  Total patches: 19, total adds: 18, total deletes: 19
  step 2000/2000: loss=0.115824, patches=19
[Trial 1] done: loss=0.115880, time=8056.7s
[Trial 2/3] seed=1
[SRD rewrite] split patch=4, children=19,20, improvement=0.018785
[SRD rewrite] split patch=0, children=20,21, improvement=0.019636
[SRD rewrite] added patch=22, position=(0.627, 0.288, 1.458), improvement=0.016833
SRD step 50: evaluated 27 candidates, 27 promising, accepted 3
  Accepted SplitPatch(0) at patch 0, improvement=0.019636
  Accepted SplitPatch(4) at patch 4, improvement=0.018785
  Accepted AddPatch at patch 22, improvement=0.016833
  Total patches: 23, total adds: 3, total deletes: 0
  step 50/2000: loss=0.513301, patches=20
[SRD rewrite] deleted patch=21, position=(-0.553, 0.237, 1.925), reason=Area 0.001902 below minimum 0.01
[SRD rewrite] deleted patch=20, position=(-0.450, 0.366, 1.934), reason=Area 0.001140 below minimum 0.01
[SRD rewrite] deleted patch=19, position=(-1.679, 0.095, -0.053), reason=Area 0.004113 below minimum 0.01
[SRD rewrite] deleted patch=18, position=(-1.798, 0.132, 0.099), reason=Area 0.002065 below minimum 0.01
[SRD rewrite] added patch=19, position=(0.869, 0.197, 1.365), improvement=0.015709
[SRD rewrite] added patch=20, position=(0.686, 0.220, 1.424), improvement=0.014926
[SRD rewrite] added patch=21, position=(-0.014, 0.158, -1.467), improvement=0.014438
SRD step 100: evaluated 27 candidates, 26 promising, accepted 7
  Accepted AddPatch at patch 19, improvement=0.015709
  Accepted AddPatch at patch 20, improvement=0.014926
  Accepted AddPatch at patch 21, improvement=0.014438
  Mandatory DeletePatch(18) at patch 18, reason=Area 0.002065 below minimum 0.01
  Mandatory DeletePatch(19) at patch 19, reason=Area 0.004113 below minimum 0.01
  Mandatory DeletePatch(20) at patch 20, reason=Area 0.001140 below minimum 0.01
  Mandatory DeletePatch(21) at patch 21, reason=Area 0.001902 below minimum 0.01
  Total patches: 22, total adds: 6, total deletes: 4
  step 100/2000: loss=0.351699, patches=23
[SRD rewrite] deleted patch=21, position=(-0.014, 0.158, -1.467), reason=Area 0.009291 below minimum 0.01
[SRD rewrite] deleted patch=20, position=(0.705, 0.149, 1.413), reason=Area 0.001203 below minimum 0.01
[SRD rewrite] added patch=20, position=(-0.371, -0.064, 1.520), improvement=0.002101
[SRD rewrite] added patch=21, position=(-0.586, -0.740, 2.007), improvement=0.002044
[SRD rewrite] restored patch=22, position=(0.705, 0.149, 1.413), improvement=0.001961
SRD step 150: evaluated 27 candidates, 21 promising, accepted 5
  Accepted AddPatch at patch 20, improvement=0.002101
  Accepted AddPatch at patch 21, improvement=0.002044
  Accepted RestorePatch(7) at patch 22, improvement=0.001961
  Mandatory DeletePatch(20) at patch 20, reason=Area 0.001203 below minimum 0.01
  Mandatory DeletePatch(21) at patch 21, reason=Area 0.009291 below minimum 0.01
  Total patches: 23, total adds: 9, total deletes: 6
  step 150/2000: loss=0.269375, patches=22
[SRD rewrite] deleted patch=22, position=(0.624, 0.098, 1.443), reason=Area 0.000160 below minimum 0.01
[SRD rewrite] split patch=10, children=21,22, improvement=0.002563
[SRD rewrite] added patch=23, position=(-0.407, -0.787, 1.563), improvement=0.003306
[SRD rewrite] added patch=24, position=(1.082, -0.058, 1.229), improvement=0.002039
SRD step 200: evaluated 27 candidates, 25 promising, accepted 4
  Accepted AddPatch at patch 23, improvement=0.003306
  Accepted SplitPatch(10) at patch 10, improvement=0.002563
  Accepted AddPatch at patch 24, improvement=0.002039
  Mandatory DeletePatch(22) at patch 22, reason=Area 0.000160 below minimum 0.01
  Total patches: 25, total adds: 12, total deletes: 7
  step 200/2000: loss=0.235566, patches=23
[SRD rewrite] deleted patch=22, position=(-1.626, -0.200, -1.684), reason=Area 0.001932 below minimum 0.01
[SRD rewrite] deleted patch=21, position=(-1.477, -0.090, -1.717), reason=Area 0.004513 below minimum 0.01
[SRD rewrite] added patch=23, position=(-0.066, -0.589, 1.802), improvement=0.004371
[SRD rewrite] added patch=24, position=(-0.213, 0.245, 1.317), improvement=0.003834
[SRD rewrite] added patch=25, position=(0.083, -1.100, 1.034), improvement=0.003707
SRD step 250: evaluated 27 candidates, 20 promising, accepted 5
  Accepted AddPatch at patch 23, improvement=0.004371
  Accepted AddPatch at patch 24, improvement=0.003834
  Accepted AddPatch at patch 25, improvement=0.003707
  Mandatory DeletePatch(21) at patch 21, reason=Area 0.004513 below minimum 0.01
  Mandatory DeletePatch(22) at patch 22, reason=Area 0.001932 below minimum 0.01
  Total patches: 26, total adds: 15, total deletes: 9
  step 250/2000: loss=0.178565, patches=25
[SRD rewrite] deleted patch=24, position=(-0.112, 0.307, 1.383), reason=Area 0.000349 below minimum 0.01
[SRD rewrite] deleted patch=23, position=(-0.172, -0.604, 1.665), reason=Area 0.002976 below minimum 0.01
[SRD rewrite] deleted patch=20, position=(-0.642, -0.767, 1.723), reason=Area 0.004871 below minimum 0.01
[SRD rewrite] added patch=23, position=(-0.586, 0.553, 1.650), improvement=0.005709
[SRD rewrite] added patch=24, position=(-0.479, -0.872, 1.294), improvement=0.004939
[SRD rewrite] added patch=25, position=(-0.397, -0.136, 1.478), improvement=0.004861
SRD step 300: evaluated 27 candidates, 23 promising, accepted 6
  Accepted AddPatch at patch 23, improvement=0.005709
  Accepted AddPatch at patch 24, improvement=0.004939
  Accepted AddPatch at patch 25, improvement=0.004861
  Mandatory DeletePatch(20) at patch 20, reason=Area 0.004871 below minimum 0.01
  Mandatory DeletePatch(23) at patch 23, reason=Area 0.002976 below minimum 0.01
  Mandatory DeletePatch(24) at patch 24, reason=Area 0.000349 below minimum 0.01
  Total patches: 26, total adds: 18, total deletes: 12
  step 300/2000: loss=0.148759, patches=26
[SRD rewrite] deleted patch=25, position=(-0.352, -0.060, 1.430), reason=Area 0.000255 below minimum 0.01
[SRD rewrite] deleted patch=24, position=(-0.538, -0.958, 1.116), reason=Area 0.003989 below minimum 0.01
SRD step 350: evaluated 27 candidates, 0 promising, accepted 2
  Mandatory DeletePatch(24) at patch 24, reason=Area 0.003989 below minimum 0.01
  Mandatory DeletePatch(25) at patch 25, reason=Area 0.000255 below minimum 0.01
  Total patches: 24, total adds: 18, total deletes: 14
  step 350/2000: loss=0.116671, patches=26
[SRD rewrite] deleted patch=13, position=(0.816, -0.479, 2.079), reason=Area 0.007761 below minimum 0.01
[SRD rewrite] restored patch=23, position=(0.624, 0.098, 1.443), improvement=0.001432
[SRD rewrite] restored patch=24, position=(-0.112, 0.307, 1.383), improvement=0.001262
[SRD rewrite] added patch=25, position=(0.847, 0.436, 0.602), improvement=0.001186
SRD step 400: evaluated 27 candidates, 9 promising, accepted 4
  Accepted RestorePatch(7) at patch 23, improvement=0.001432
  Accepted RestorePatch(11) at patch 24, improvement=0.001262
  Accepted AddPatch at patch 25, improvement=0.001186
  Mandatory DeletePatch(13) at patch 13, reason=Area 0.007761 below minimum 0.01
  Total patches: 26, total adds: 21, total deletes: 15
  step 400/2000: loss=0.109178, patches=24
[SRD rewrite] deleted patch=25, position=(0.829, 0.409, 0.538), reason=Area 0.000169 below minimum 0.01
[SRD rewrite] deleted patch=24, position=(-0.188, 0.383, 1.459), reason=Area 0.000349 below minimum 0.01
[SRD rewrite] deleted patch=23, position=(0.641, 0.081, 1.460), reason=Area 0.000160 below minimum 0.01
SRD step 450: evaluated 27 candidates, 0 promising, accepted 3
  Mandatory DeletePatch(23) at patch 23, reason=Area 0.000160 below minimum 0.01
  Mandatory DeletePatch(24) at patch 24, reason=Area 0.000349 below minimum 0.01
  Mandatory DeletePatch(25) at patch 25, reason=Area 0.000169 below minimum 0.01
  Total patches: 23, total adds: 21, total deletes: 18
  step 450/2000: loss=0.100794, patches=26
SRD step 500: evaluated 27 candidates, 0 promising, accepted 0
  Total patches: 23, total adds: 21, total deletes: 18
  step 500/2000: loss=0.099284, patches=23
SRD step 550: evaluated 27 candidates, 0 promising, accepted 0
  Total patches: 23, total adds: 21, total deletes: 18
  step 550/2000: loss=0.098276, patches=23
SRD step 600: evaluated 27 candidates, 0 promising, accepted 0
  Total patches: 23, total adds: 21, total deletes: 18
  step 600/2000: loss=0.099063, patches=23
[SRD rewrite] deleted patch=3, position=(-0.886, 1.567, -1.263), reason=Area 0.009415 below minimum 0.01
SRD step 650: evaluated 27 candidates, 0 promising, accepted 1
  Mandatory DeletePatch(3) at patch 3, reason=Area 0.009415 below minimum 0.01
  Total patches: 22, total adds: 21, total deletes: 19
  step 650/2000: loss=0.098699, patches=23
SRD step 700: evaluated 27 candidates, 0 promising, accepted 0
  Total patches: 22, total adds: 21, total deletes: 19
  step 700/2000: loss=0.099604, patches=22
[SRD rewrite] split patch=7, children=21,22, improvement=0.002763
SRD step 750: evaluated 27 candidates, 1 promising, accepted 1
  Accepted SplitPatch(7) at patch 7, improvement=0.002763
  Total patches: 23, total adds: 22, total deletes: 19
  step 750/2000: loss=0.099664, patches=22
[SRD rewrite] deleted patch=22, position=(-0.402, -0.227, -2.340), reason=Area 0.000970 below minimum 0.01
[SRD rewrite] deleted patch=21, position=(-0.561, -0.115, -2.240), reason=Area 0.001540 below minimum 0.01
SRD step 800: evaluated 27 candidates, 0 promising, accepted 2
  Mandatory DeletePatch(21) at patch 21, reason=Area 0.001540 below minimum 0.01
  Mandatory DeletePatch(22) at patch 22, reason=Area 0.000970 below minimum 0.01
  Total patches: 21, total adds: 22, total deletes: 21
  step 800/2000: loss=0.089644, patches=23
SRD step 850: evaluated 27 candidates, 0 promising, accepted 0
  Total patches: 21, total adds: 22, total deletes: 21
  step 850/2000: loss=0.089239, patches=21
SRD step 900: evaluated 27 candidates, 0 promising, accepted 0
  Total patches: 21, total adds: 22, total deletes: 21
  step 900/2000: loss=0.089376, patches=21
SRD step 950: evaluated 27 candidates, 0 promising, accepted 0
  Total patches: 21, total adds: 22, total deletes: 21
  step 950/2000: loss=0.087514, patches=21
SRD step 1000: evaluated 27 candidates, 0 promising, accepted 0
  Total patches: 21, total adds: 22, total deletes: 21
  step 1000/2000: loss=0.087225, patches=21
[SRD rewrite] deleted patch=20, position=(-0.571, 0.530, 1.571), reason=Area 0.009446 below minimum 0.01
SRD step 1050: evaluated 27 candidates, 0 promising, accepted 1
  Mandatory DeletePatch(20) at patch 20, reason=Area 0.009446 below minimum 0.01
  Total patches: 20, total adds: 22, total deletes: 22
  step 1050/2000: loss=0.087194, patches=21
[SRD rewrite] deleted patch=7, position=(-1.207, 0.324, -1.724), reason=delete has no image effect
SRD step 1100: evaluated 27 candidates, 0 promising, accepted 1
  Mandatory DeletePatch(7) at patch 7, reason=delete has no image effect
  Total patches: 19, total adds: 22, total deletes: 23
  step 1100/2000: loss=0.088645, patches=20
SRD step 1150: evaluated 27 candidates, 0 promising, accepted 0
  Total patches: 19, total adds: 22, total deletes: 23
  step 1150/2000: loss=0.090362, patches=19
SRD step 1200: evaluated 27 candidates, 0 promising, accepted 0
  Total patches: 19, total adds: 22, total deletes: 23
  step 1200/2000: loss=0.089927, patches=19
SRD step 1250: evaluated 27 candidates, 0 promising, accepted 0
  Total patches: 19, total adds: 22, total deletes: 23
  step 1250/2000: loss=0.092619, patches=19
SRD step 1300: evaluated 27 candidates, 0 promising, accepted 0
  Total patches: 19, total adds: 22, total deletes: 23
  step 1300/2000: loss=0.090383, patches=19
SRD step 1350: evaluated 27 candidates, 0 promising, accepted 0
  Total patches: 19, total adds: 22, total deletes: 23
  step 1350/2000: loss=0.090204, patches=19
SRD step 1400: evaluated 27 candidates, 0 promising, accepted 0
  Total patches: 19, total adds: 22, total deletes: 23
  step 1400/2000: loss=0.089745, patches=19
SRD step 1450: evaluated 27 candidates, 0 promising, accepted 0
  Total patches: 19, total adds: 22, total deletes: 23
  step 1450/2000: loss=0.090350, patches=19
SRD step 1500: evaluated 27 candidates, 0 promising, accepted 0
  Total patches: 19, total adds: 22, total deletes: 23
  step 1500/2000: loss=0.089722, patches=19
SRD step 1550: evaluated 27 candidates, 0 promising, accepted 0
  Total patches: 19, total adds: 22, total deletes: 23
  step 1550/2000: loss=0.090020, patches=19
[SRD rewrite] deleted patch=3, position=(0.411, 1.013, -0.866), reason=Area 0.007852 below minimum 0.01
SRD step 1600: evaluated 27 candidates, 0 promising, accepted 1
  Mandatory DeletePatch(3) at patch 3, reason=Area 0.007852 below minimum 0.01
  Total patches: 18, total adds: 22, total deletes: 24
  step 1600/2000: loss=0.092151, patches=19
SRD step 1650: evaluated 27 candidates, 0 promising, accepted 0
  Total patches: 18, total adds: 22, total deletes: 24
  step 1650/2000: loss=0.092381, patches=18
SRD step 1700: evaluated 27 candidates, 0 promising, accepted 0
  Total patches: 18, total adds: 22, total deletes: 24
  step 1700/2000: loss=0.093460, patches=18
SRD step 1750: evaluated 27 candidates, 0 promising, accepted 0
  Total patches: 18, total adds: 22, total deletes: 24
  step 1750/2000: loss=0.092542, patches=18
SRD step 1800: evaluated 27 candidates, 0 promising, accepted 0
  Total patches: 18, total adds: 22, total deletes: 24
  step 1800/2000: loss=0.094010, patches=18
SRD step 1850: evaluated 27 candidates, 0 promising, accepted 0
  Total patches: 18, total adds: 22, total deletes: 24
  step 1850/2000: loss=0.095247, patches=18
SRD step 1900: evaluated 27 candidates, 0 promising, accepted 0
  Total patches: 18, total adds: 22, total deletes: 24
  step 1900/2000: loss=0.094925, patches=18
SRD step 1950: evaluated 27 candidates, 0 promising, accepted 0
  Total patches: 18, total adds: 22, total deletes: 24
  step 1950/2000: loss=0.095530, patches=18
SRD step 2000: evaluated 27 candidates, 0 promising, accepted 0
  Total patches: 18, total adds: 22, total deletes: 24
  step 2000/2000: loss=0.097484, patches=18
[Trial 2] done: loss=0.097962, time=8173.7s
[Trial 3/3] seed=2
[SRD rewrite] added patch=20, position=(-0.157, -0.065, 1.511), improvement=0.015680
[SRD rewrite] added patch=21, position=(0.790, 0.277, -1.306), improvement=0.015330
[SRD rewrite] added patch=22, position=(0.564, 0.292, -1.322), improvement=0.015180
SRD step 50: evaluated 27 candidates, 27 promising, accepted 3
  Accepted AddPatch at patch 20, improvement=0.015680
  Accepted AddPatch at patch 21, improvement=0.015330
  Accepted AddPatch at patch 22, improvement=0.015180
  Total patches: 23, total adds: 3, total deletes: 0
  step 50/2000: loss=0.580946, patches=20
[SRD rewrite] added patch=23, position=(0.334, 0.340, 1.394), improvement=0.010893
[SRD rewrite] added patch=24, position=(-0.288, 0.405, -1.554), improvement=0.010862
[SRD rewrite] added patch=25, position=(0.149, 0.385, 1.391), improvement=0.010815
SRD step 100: evaluated 27 candidates, 20 promising, accepted 3
  Accepted AddPatch at patch 23, improvement=0.010893
  Accepted AddPatch at patch 24, improvement=0.010862
  Accepted AddPatch at patch 25, improvement=0.010815
  Total patches: 26, total adds: 6, total deletes: 0
  step 100/2000: loss=0.470915, patches=23
[SRD rewrite] split patch=3, children=25,26, improvement=0.008591
[SRD rewrite] added patch=27, position=(0.289, 0.240, -1.499), improvement=0.003546
[SRD rewrite] added patch=28, position=(0.549, 0.299, -1.397), improvement=0.003493
SRD step 150: evaluated 27 candidates, 24 promising, accepted 3
  Accepted SplitPatch(3) at patch 3, improvement=0.008591
  Accepted AddPatch at patch 27, improvement=0.003546
  Accepted AddPatch at patch 28, improvement=0.003493
  Total patches: 29, total adds: 9, total deletes: 0
  step 150/2000: loss=0.409258, patches=26
[SRD rewrite] deleted patch=28, position=(0.612, 0.450, -1.386), reason=Area 0.000295 below minimum 0.01
[SRD rewrite] deleted patch=27, position=(0.209, 0.306, -1.452), reason=Area 0.000392 below minimum 0.01
[SRD rewrite] deleted patch=1, position=(-0.951, 0.771, -0.761), reason=Area 0.004379 below minimum 0.01
[SRD rewrite] added patch=26, position=(-0.078, 0.343, -1.668), improvement=0.006714
[SRD rewrite] added patch=27, position=(0.768, -0.646, 1.520), improvement=0.006560
[SRD rewrite] added patch=28, position=(-0.387, 0.175, -1.611), improvement=0.006527
SRD step 200: evaluated 27 candidates, 23 promising, accepted 6
  Accepted AddPatch at patch 26, improvement=0.006714
  Accepted AddPatch at patch 27, improvement=0.006560
  Accepted AddPatch at patch 28, improvement=0.006527
  Mandatory DeletePatch(1) at patch 1, reason=Area 0.004379 below minimum 0.01
  Mandatory DeletePatch(27) at patch 27, reason=Area 0.000392 below minimum 0.01
  Mandatory DeletePatch(28) at patch 28, reason=Area 0.000295 below minimum 0.01
  Total patches: 29, total adds: 12, total deletes: 3
  step 200/2000: loss=0.336010, patches=29
[SRD rewrite] deleted patch=28, position=(-0.461, 0.087, -1.599), reason=Area 0.000334 below minimum 0.01
[SRD rewrite] deleted patch=26, position=(-0.002, 0.244, -1.655), reason=Area 0.000388 below minimum 0.01
[SRD rewrite] deleted patch=22, position=(-0.292, 0.345, -1.607), reason=delete has no image effect
[SRD rewrite] added patch=26, position=(0.393, -0.825, 1.163), improvement=0.005401
[SRD rewrite] added patch=27, position=(0.819, -0.628, 1.366), improvement=0.004659
[SRD rewrite] added patch=28, position=(0.361, -0.786, 1.797), improvement=0.003954
SRD step 250: evaluated 27 candidates, 21 promising, accepted 6
  Accepted AddPatch at patch 26, improvement=0.005401
  Accepted AddPatch at patch 27, improvement=0.004659
  Accepted AddPatch at patch 28, improvement=0.003954
  Mandatory DeletePatch(26) at patch 26, reason=Area 0.000388 below minimum 0.01
  Mandatory DeletePatch(28) at patch 28, reason=Area 0.000334 below minimum 0.01
  Mandatory DeletePatch(22) at patch 22, reason=delete has no image effect
  Total patches: 29, total adds: 15, total deletes: 6
  step 250/2000: loss=0.282971, patches=29
[SRD rewrite] deleted patch=28, position=(0.257, -0.828, 1.698), reason=Area 0.002671 below minimum 0.01
[SRD rewrite] deleted patch=13, position=(-1.972, 1.213, 0.999), reason=Area 0.003999 below minimum 0.01
[SRD rewrite] added patch=27, position=(-0.291, -0.575, 1.435), improvement=0.009788
[SRD rewrite] added patch=28, position=(0.111, -1.056, 1.110), improvement=0.009756
[SRD rewrite] added patch=29, position=(0.724, 0.763, -0.915), improvement=0.009259
SRD step 300: evaluated 27 candidates, 27 promising, accepted 5
  Accepted AddPatch at patch 27, improvement=0.009788
  Accepted AddPatch at patch 28, improvement=0.009756
  Accepted AddPatch at patch 29, improvement=0.009259
  Mandatory DeletePatch(13) at patch 13, reason=Area 0.003999 below minimum 0.01
  Mandatory DeletePatch(28) at patch 28, reason=Area 0.002671 below minimum 0.01
  Total patches: 30, total adds: 18, total deletes: 8
  step 300/2000: loss=0.226209, patches=29
[SRD rewrite] deleted patch=29, position=(0.774, 0.717, -0.966), reason=Area 0.001687 below minimum 0.01
[SRD rewrite] deleted patch=10, position=(-2.382, -0.063, 0.526), reason=Area 0.007889 below minimum 0.01
[SRD rewrite] added patch=28, position=(-0.848, -0.589, 1.731), improvement=0.002721
[SRD rewrite] added patch=29, position=(-1.370, 0.427, -1.726), improvement=0.000928
[SRD rewrite] added patch=30, position=(0.895, 0.399, -0.384), improvement=0.000644
SRD step 350: evaluated 27 candidates, 23 promising, accepted 5
  Accepted AddPatch at patch 28, improvement=0.002721
  Accepted AddPatch at patch 29, improvement=0.000928
  Accepted AddPatch at patch 30, improvement=0.000644
  Mandatory DeletePatch(10) at patch 10, reason=Area 0.007889 below minimum 0.01
  Mandatory DeletePatch(29) at patch 29, reason=Area 0.001687 below minimum 0.01
  Total patches: 31, total adds: 21, total deletes: 10
  step 350/2000: loss=0.178923, patches=30
[SRD rewrite] deleted patch=28, position=(-0.838, -0.620, 1.637), reason=Area 0.000534 below minimum 0.01
[SRD rewrite] deleted patch=24, position=(0.137, -0.867, 1.025), reason=Area 0.003255 below minimum 0.01
[SRD rewrite] added patch=29, position=(-0.992, 0.190, 1.258), improvement=0.000400
[SRD rewrite] added patch=30, position=(0.247, 0.210, -0.362), improvement=0.000335
[SRD rewrite] added patch=31, position=(0.577, 0.447, -1.473), improvement=0.000181
SRD step 400: evaluated 27 candidates, 3 promising, accepted 5
  Accepted AddPatch at patch 29, improvement=0.000400
  Accepted AddPatch at patch 30, improvement=0.000335
  Accepted AddPatch at patch 31, improvement=0.000181
  Mandatory DeletePatch(24) at patch 24, reason=Area 0.003255 below minimum 0.01
  Mandatory DeletePatch(28) at patch 28, reason=Area 0.000534 below minimum 0.01
  Total patches: 32, total adds: 24, total deletes: 12
  step 400/2000: loss=0.148546, patches=31
[SRD rewrite] deleted patch=31, position=(0.513, 0.474, -1.467), reason=Area 0.000580 below minimum 0.01
[SRD rewrite] deleted patch=30, position=(0.218, 0.328, -0.309), reason=Area 0.000270 below minimum 0.01
[SRD rewrite] deleted patch=28, position=(0.937, 0.430, -0.317), reason=Area 0.006969 below minimum 0.01
[SRD rewrite] deleted patch=9, position=(-1.375, 1.544, -0.832), reason=Area 0.008985 below minimum 0.01
SRD step 450: evaluated 27 candidates, 0 promising, accepted 4
  Mandatory DeletePatch(9) at patch 9, reason=Area 0.008985 below minimum 0.01
  Mandatory DeletePatch(28) at patch 28, reason=Area 0.006969 below minimum 0.01
  Mandatory DeletePatch(30) at patch 30, reason=Area 0.000270 below minimum 0.01
  Mandatory DeletePatch(31) at patch 31, reason=Area 0.000580 below minimum 0.01
  Total patches: 28, total adds: 24, total deletes: 16
  step 450/2000: loss=0.132482, patches=32
[SRD rewrite] deleted patch=13, position=(-0.078, 1.146, -2.304), reason=Area 0.008666 below minimum 0.01
SRD step 500: evaluated 27 candidates, 0 promising, accepted 1
  Mandatory DeletePatch(13) at patch 13, reason=Area 0.008666 below minimum 0.01
  Total patches: 27, total adds: 24, total deletes: 17
  step 500/2000: loss=0.128022, patches=28
[SRD rewrite] split patch=5, children=26,27, improvement=0.005171
SRD step 550: evaluated 27 candidates, 1 promising, accepted 1
  Accepted SplitPatch(5) at patch 5, improvement=0.005171
  Total patches: 28, total adds: 25, total deletes: 17
  step 550/2000: loss=0.121331, patches=27
[SRD rewrite] deleted patch=27, position=(-0.835, -0.976, -0.261), reason=Area 0.000669 below minimum 0.01
[SRD rewrite] deleted patch=26, position=(-0.750, -1.009, -0.314), reason=Area 0.001144 below minimum 0.01
[SRD rewrite] deleted patch=16, position=(0.657, 0.388, 1.418), reason=Area 0.009260 below minimum 0.01
SRD step 600: evaluated 27 candidates, 0 promising, accepted 3
  Mandatory DeletePatch(16) at patch 16, reason=Area 0.009260 below minimum 0.01
  Mandatory DeletePatch(26) at patch 26, reason=Area 0.001144 below minimum 0.01
  Mandatory DeletePatch(27) at patch 27, reason=Area 0.000669 below minimum 0.01
  Total patches: 25, total adds: 25, total deletes: 20
  step 600/2000: loss=0.102948, patches=28
SRD step 650: evaluated 27 candidates, 0 promising, accepted 0
  Total patches: 25, total adds: 25, total deletes: 20
  step 650/2000: loss=0.107401, patches=25
SRD step 700: evaluated 27 candidates, 0 promising, accepted 0
  Total patches: 25, total adds: 25, total deletes: 20
  step 700/2000: loss=0.104976, patches=25
[SRD rewrite] deleted patch=24, position=(-0.964, 0.227, 1.234), reason=Area 0.005083 below minimum 0.01
SRD step 750: evaluated 27 candidates, 0 promising, accepted 1
  Mandatory DeletePatch(24) at patch 24, reason=Area 0.005083 below minimum 0.01
  Total patches: 24, total adds: 25, total deletes: 21
  step 750/2000: loss=0.106969, patches=25
[SRD rewrite] deleted patch=6, position=(1.155, 0.991, 0.615), reason=Area 0.009081 below minimum 0.01
SRD step 800: evaluated 27 candidates, 0 promising, accepted 1
  Mandatory DeletePatch(6) at patch 6, reason=Area 0.009081 below minimum 0.01
  Total patches: 23, total adds: 25, total deletes: 22
  step 800/2000: loss=0.103747, patches=24
SRD step 850: evaluated 27 candidates, 0 promising, accepted 0
  Total patches: 23, total adds: 25, total deletes: 22
  step 850/2000: loss=0.106811, patches=23
SRD step 900: evaluated 27 candidates, 0 promising, accepted 0
  Total patches: 23, total adds: 25, total deletes: 22
  step 900/2000: loss=0.115148, patches=23
SRD step 950: evaluated 27 candidates, 0 promising, accepted 0
  Total patches: 23, total adds: 25, total deletes: 22
  step 950/2000: loss=0.117584, patches=23
SRD step 1000: evaluated 27 candidates, 0 promising, accepted 0
  Total patches: 23, total adds: 25, total deletes: 22
  step 1000/2000: loss=0.124038, patches=23
SRD step 1050: evaluated 27 candidates, 0 promising, accepted 0
  Total patches: 23, total adds: 25, total deletes: 22
  step 1050/2000: loss=0.123051, patches=23
SRD step 1100: evaluated 27 candidates, 0 promising, accepted 0
  Total patches: 23, total adds: 25, total deletes: 22
  step 1100/2000: loss=0.122153, patches=23
SRD step 1150: evaluated 27 candidates, 0 promising, accepted 0
  Total patches: 23, total adds: 25, total deletes: 22
  step 1150/2000: loss=0.117233, patches=23
SRD step 1200: evaluated 27 candidates, 0 promising, accepted 0
  Total patches: 23, total adds: 25, total deletes: 22
  step 1200/2000: loss=0.116751, patches=23
SRD step 1250: evaluated 27 candidates, 0 promising, accepted 0
  Total patches: 23, total adds: 25, total deletes: 22
  step 1250/2000: loss=0.117286, patches=23
SRD step 1300: evaluated 27 candidates, 0 promising, accepted 0
  Total patches: 23, total adds: 25, total deletes: 22
  step 1300/2000: loss=0.116545, patches=23
SRD step 1350: evaluated 27 candidates, 0 promising, accepted 0
  Total patches: 23, total adds: 25, total deletes: 22
  step 1350/2000: loss=0.116242, patches=23
SRD step 1400: evaluated 27 candidates, 0 promising, accepted 0
  Total patches: 23, total adds: 25, total deletes: 22
  step 1400/2000: loss=0.120032, patches=23
SRD step 1450: evaluated 27 candidates, 0 promising, accepted 0
  Total patches: 23, total adds: 25, total deletes: 22
  step 1450/2000: loss=0.116412, patches=23
SRD step 1500: evaluated 27 candidates, 0 promising, accepted 0
  Total patches: 23, total adds: 25, total deletes: 22
  step 1500/2000: loss=0.121385, patches=23
[SRD rewrite] added patch=23, position=(0.537, -0.076, 1.053), improvement=0.000208
SRD step 1550: evaluated 27 candidates, 1 promising, accepted 1
  Accepted AddPatch at patch 23, improvement=0.000208
  Total patches: 24, total adds: 26, total deletes: 22
  step 1550/2000: loss=0.121226, patches=23
[SRD rewrite] deleted patch=23, position=(0.561, -0.067, 0.873), reason=Area 0.009506 below minimum 0.01
SRD step 1600: evaluated 27 candidates, 0 promising, accepted 1
  Mandatory DeletePatch(23) at patch 23, reason=Area 0.009506 below minimum 0.01
  Total patches: 23, total adds: 26, total deletes: 23
  step 1600/2000: loss=0.118543, patches=24
[SRD rewrite] restored patch=23, position=(0.137, -0.867, 1.025), improvement=0.001929
[SRD rewrite] added patch=24, position=(-1.430, 0.450, -1.607), improvement=0.000659
[SRD rewrite] added patch=25, position=(-1.455, 0.236, -2.020), improvement=0.000539
SRD step 1650: evaluated 27 candidates, 6 promising, accepted 3
  Accepted RestorePatch(12) at patch 23, improvement=0.001929
  Accepted AddPatch at patch 24, improvement=0.000659
  Accepted AddPatch at patch 25, improvement=0.000539
  Total patches: 26, total adds: 29, total deletes: 23
  step 1650/2000: loss=0.122576, patches=23
[SRD rewrite] deleted patch=24, position=(-1.421, 0.404, -1.655), reason=Area 0.003579 below minimum 0.01
[SRD rewrite] deleted patch=23, position=(0.022, -0.707, 0.865), reason=Area 0.000266 below minimum 0.01
SRD step 1700: evaluated 27 candidates, 0 promising, accepted 2
  Mandatory DeletePatch(23) at patch 23, reason=Area 0.000266 below minimum 0.01
  Mandatory DeletePatch(24) at patch 24, reason=Area 0.003579 below minimum 0.01
  Total patches: 24, total adds: 29, total deletes: 25
  step 1700/2000: loss=0.121526, patches=26
[SRD rewrite] deleted patch=5, position=(-0.076, 0.802, 0.148), reason=delete has no image effect
SRD step 1750: evaluated 27 candidates, 0 promising, accepted 1
  Mandatory DeletePatch(5) at patch 5, reason=delete has no image effect
  Total patches: 23, total adds: 29, total deletes: 26
  step 1750/2000: loss=0.117956, patches=24
[SRD rewrite] deleted patch=15, position=(0.500, 1.047, -0.750), reason=Area 0.008570 below minimum 0.01
SRD step 1800: evaluated 27 candidates, 0 promising, accepted 1
  Mandatory DeletePatch(15) at patch 15, reason=Area 0.008570 below minimum 0.01
  Total patches: 22, total adds: 29, total deletes: 27
  step 1800/2000: loss=0.116486, patches=23
[SRD rewrite] added patch=22, position=(-1.286, 0.402, -0.925), improvement=0.001139
[SRD rewrite] added patch=23, position=(-0.837, 0.612, -0.809), improvement=0.000908
[SRD rewrite] added patch=24, position=(-1.044, 0.043, -0.090), improvement=0.000844
SRD step 1850: evaluated 27 candidates, 15 promising, accepted 3
  Accepted AddPatch at patch 22, improvement=0.001139
  Accepted AddPatch at patch 23, improvement=0.000908
  Accepted AddPatch at patch 24, improvement=0.000844
  Total patches: 25, total adds: 32, total deletes: 27
  step 1850/2000: loss=0.119095, patches=22
[SRD rewrite] deleted patch=23, position=(-0.860, 0.475, -0.647), reason=Area 0.000289 below minimum 0.01
SRD step 1900: evaluated 27 candidates, 0 promising, accepted 1
  Mandatory DeletePatch(23) at patch 23, reason=Area 0.000289 below minimum 0.01
  Total patches: 24, total adds: 32, total deletes: 28
  step 1900/2000: loss=0.107868, patches=25
[SRD rewrite] deleted patch=15, position=(0.348, 0.930, -0.909), reason=Area 0.008933 below minimum 0.01
[SRD rewrite] added patch=23, position=(0.124, -0.464, 1.656), improvement=0.002374
[SRD rewrite] added patch=24, position=(-0.555, 0.573, -0.857), improvement=0.001031
[SRD rewrite] added patch=25, position=(0.201, -0.390, 1.601), improvement=0.000974
SRD step 1950: evaluated 27 candidates, 15 promising, accepted 4
  Accepted AddPatch at patch 23, improvement=0.002374
  Accepted AddPatch at patch 24, improvement=0.001031
  Accepted AddPatch at patch 25, improvement=0.000974
  Mandatory DeletePatch(15) at patch 15, reason=Area 0.008933 below minimum 0.01
  Total patches: 26, total adds: 35, total deletes: 29
  step 1950/2000: loss=0.109825, patches=24
[SRD rewrite] deleted patch=25, position=(0.153, -0.379, 1.536), reason=Area 0.000566 below minimum 0.01
[SRD rewrite] deleted patch=24, position=(-0.436, 0.465, -0.773), reason=Area 0.000261 below minimum 0.01
[SRD rewrite] deleted patch=23, position=(0.067, -0.415, 1.549), reason=Area 0.001134 below minimum 0.01
[SRD rewrite] added patch=23, position=(-0.342, 0.531, -0.744), improvement=0.004868
[SRD rewrite] added patch=24, position=(-0.866, 0.028, -0.104), improvement=0.004667
[SRD rewrite] restored patch=25, position=(0.218, 0.328, -0.309), improvement=0.004430
SRD step 2000: evaluated 27 candidates, 24 promising, accepted 6
  Accepted AddPatch at patch 23, improvement=0.004868
  Accepted AddPatch at patch 24, improvement=0.004667
  Accepted RestorePatch(13) at patch 25, improvement=0.004430
  Mandatory DeletePatch(23) at patch 23, reason=Area 0.001134 below minimum 0.01
  Mandatory DeletePatch(24) at patch 24, reason=Area 0.000261 below minimum 0.01
  Mandatory DeletePatch(25) at patch 25, reason=Area 0.000566 below minimum 0.01
  Total patches: 26, total adds: 38, total deletes: 32
  step 2000/2000: loss=0.113450, patches=26
[SRD rewrite] deleted patch=25, position=(0.218, 0.328, -0.309), reason=Area 0.000270 below minimum 0.01
[SRD rewrite] deleted patch=24, position=(-0.866, 0.028, -0.104), reason=Area 0.009291 below minimum 0.01
[SRD rewrite] deleted patch=23, position=(-0.342, 0.531, -0.744), reason=Area 0.009291 below minimum 0.01
[SRD rewrite] deleted patch=10, position=(-2.005, 0.233, 2.025), reason=final deletion pass improved loss
[SRD rewrite] deleted patch=18, position=(-0.136, -1.081, -2.361), reason=final deletion pass improved loss
[Trial 3] done: loss=0.093703, time=9713.3s
[Run] report written to results/slurm/20260717_1249/ablation_cat_face_bass_full/output.txt
