## SLURM PROLOG ###############################################################
##    Job ID : 4079933
##  Job Name : 20260718_0323_comparison_cat_face_bass_srd
##  Nodelist : gpu2254
##      CPUs : 
##  Mem/Node : 128000 MB
## Directory : /oscar/home/cjmok/automated-perspective-sculptor
##   Job Started : Sat Jul 18 03:35:56 AM EDT 2026
###############################################################################
[Swept volume] building (resolution=256)...
[Run] mode=full, trials=3, seeds=[0, 1, 2], steps=2000, srd=True, ablation_flags={'disable_swept_volume_adds': False, 'loss_only_deletion': False, 'disable_splitting': False}
[Trial 1/3] seed=0
[Patch] mapbox-earcut is not installed; falling back to fan fill, so non-convex pieces will render incorrectly. Install it with: pip install mapbox-earcut
[SRD rewrite] added patch=20, position=(0.709, 0.330, -1.349), improvement=0.026703
[SRD rewrite] added patch=21, position=(0.755, 0.348, -1.328), improvement=0.026520
[SRD rewrite] added patch=22, position=(-0.362, 0.436, -0.042), improvement=0.026293
SRD step 50: evaluated 27 candidates, 27 promising, accepted 3
  Accepted AddPatch at patch 20, improvement=0.026703
  Accepted AddPatch at patch 21, improvement=0.026520
  Accepted AddPatch at patch 22, improvement=0.026293
  Total patches: 23, total adds: 3, total deletes: 0
  step 50/2000: loss=0.603188, patches=20
[SRD rewrite] deleted patch=22, position=(-0.362, 0.436, -0.042), reason=Area 0.009291 below minimum 0.01
[SRD rewrite] deleted patch=21, position=(0.788, 0.416, -1.292), reason=Area 0.003307 below minimum 0.01
[SRD rewrite] deleted patch=20, position=(0.626, 0.272, -1.304), reason=Area 0.004091 below minimum 0.01
[SRD rewrite] added patch=20, position=(-0.741, 0.320, 1.120), improvement=0.009930
[SRD rewrite] added patch=21, position=(0.129, 0.513, -0.131), improvement=0.009334
[SRD rewrite] added patch=22, position=(-1.477, 0.170, -1.650), improvement=0.009292
SRD step 100: evaluated 27 candidates, 24 promising, accepted 6
  Accepted AddPatch at patch 20, improvement=0.009930
  Accepted AddPatch at patch 21, improvement=0.009334
  Accepted AddPatch at patch 22, improvement=0.009292
  Mandatory DeletePatch(20) at patch 20, reason=Area 0.004091 below minimum 0.01
  Mandatory DeletePatch(21) at patch 21, reason=Area 0.003307 below minimum 0.01
  Mandatory DeletePatch(22) at patch 22, reason=Area 0.009291 below minimum 0.01
  Total patches: 23, total adds: 6, total deletes: 3
  step 100/2000: loss=0.409097, patches=23
[SRD rewrite] deleted patch=14, position=(-0.507, 0.180, -1.773), reason=Area 0.009084 below minimum 0.01
[SRD rewrite] deleted patch=20, position=(0.122, 0.514, -0.117), reason=delete has no image effect
[SRD rewrite] added patch=21, position=(-0.455, 0.089, 1.600), improvement=0.003054
[SRD rewrite] added patch=22, position=(0.700, 0.681, -1.205), improvement=0.002841
[SRD rewrite] added patch=23, position=(-0.966, 0.232, 1.433), improvement=0.002370
SRD step 150: evaluated 27 candidates, 24 promising, accepted 5
  Accepted AddPatch at patch 21, improvement=0.003054
  Accepted AddPatch at patch 22, improvement=0.002841
  Accepted AddPatch at patch 23, improvement=0.002370
  Mandatory DeletePatch(14) at patch 14, reason=Area 0.009084 below minimum 0.01
  Mandatory DeletePatch(20) at patch 20, reason=delete has no image effect
  Total patches: 24, total adds: 9, total deletes: 5
  step 150/2000: loss=0.319488, patches=23
[SRD rewrite] deleted patch=23, position=(-0.955, 0.259, 1.433), reason=Area 0.004100 below minimum 0.01
[SRD rewrite] deleted patch=2, position=(0.450, -0.424, 1.718), reason=Area 0.009786 below minimum 0.01
SRD step 200: evaluated 27 candidates, 0 promising, accepted 2
  Mandatory DeletePatch(2) at patch 2, reason=Area 0.009786 below minimum 0.01
  Mandatory DeletePatch(23) at patch 23, reason=Area 0.004100 below minimum 0.01
  Total patches: 22, total adds: 9, total deletes: 7
  step 200/2000: loss=0.247993, patches=24
[SRD rewrite] deleted patch=11, position=(1.578, 0.190, -1.266), reason=Area 0.009130 below minimum 0.01
[SRD rewrite] deleted patch=4, position=(0.587, -0.443, 1.626), reason=Area 0.003827 below minimum 0.01
[SRD rewrite] split patch=3, children=19,20, improvement=0.005037
[SRD rewrite] added patch=21, position=(-0.996, -0.253, 1.619), improvement=0.001842
[SRD rewrite] restored patch=22, position=(1.578, 0.190, -1.266), improvement=0.000833
SRD step 250: evaluated 27 candidates, 8 promising, accepted 5
  Accepted SplitPatch(3) at patch 3, improvement=0.005037
  Accepted AddPatch at patch 21, improvement=0.001842
  Accepted RestorePatch(7) at patch 22, improvement=0.000833
  Mandatory DeletePatch(4) at patch 4, reason=Area 0.003827 below minimum 0.01
  Mandatory DeletePatch(11) at patch 11, reason=Area 0.009130 below minimum 0.01
  Total patches: 23, total adds: 12, total deletes: 9
  step 250/2000: loss=0.226098, patches=22
[SRD rewrite] deleted patch=22, position=(1.640, 0.185, -1.309), reason=Area 0.001597 below minimum 0.01
[SRD rewrite] deleted patch=20, position=(-2.276, -0.181, -1.541), reason=Area 0.002397 below minimum 0.01
[SRD rewrite] deleted patch=19, position=(-2.369, -0.234, -1.369), reason=Area 0.000931 below minimum 0.01
[SRD rewrite] deleted patch=13, position=(1.486, 0.221, -1.335), reason=Area 0.000790 below minimum 0.01
[SRD rewrite] added patch=19, position=(1.282, 0.172, -1.361), improvement=0.000327
[SRD rewrite] added patch=20, position=(-0.570, 0.344, -1.714), improvement=0.000136
[SRD rewrite] restored patch=21, position=(-0.507, 0.180, -1.773), improvement=0.000135
SRD step 300: evaluated 27 candidates, 3 promising, accepted 7
  Accepted AddPatch at patch 19, improvement=0.000327
  Accepted AddPatch at patch 20, improvement=0.000136
  Accepted RestorePatch(3) at patch 21, improvement=0.000135
  Mandatory DeletePatch(13) at patch 13, reason=Area 0.000790 below minimum 0.01
  Mandatory DeletePatch(19) at patch 19, reason=Area 0.000931 below minimum 0.01
  Mandatory DeletePatch(20) at patch 20, reason=Area 0.002397 below minimum 0.01
  Mandatory DeletePatch(22) at patch 22, reason=Area 0.001597 below minimum 0.01
  Total patches: 22, total adds: 15, total deletes: 13
  step 300/2000: loss=0.194256, patches=23
[SRD rewrite] deleted patch=20, position=(-0.598, 0.442, -1.759), reason=Area 0.000231 below minimum 0.01
SRD step 350: evaluated 27 candidates, 0 promising, accepted 1
  Mandatory DeletePatch(20) at patch 20, reason=Area 0.000231 below minimum 0.01
  Total patches: 21, total adds: 15, total deletes: 14
  step 350/2000: loss=0.169341, patches=22
[SRD rewrite] deleted patch=16, position=(-0.668, 0.302, 1.681), reason=Area 0.009354 below minimum 0.01
SRD step 400: evaluated 27 candidates, 0 promising, accepted 1
  Mandatory DeletePatch(16) at patch 16, reason=Area 0.009354 below minimum 0.01
  Total patches: 20, total adds: 15, total deletes: 15
  step 400/2000: loss=0.165095, patches=21
SRD step 450: evaluated 27 candidates, 0 promising, accepted 0
  Total patches: 20, total adds: 15, total deletes: 15
  step 450/2000: loss=0.169640, patches=20
SRD step 500: evaluated 27 candidates, 0 promising, accepted 0
  Total patches: 20, total adds: 15, total deletes: 15
  step 500/2000: loss=0.173887, patches=20
[SRD rewrite] restored patch=20, position=(-2.369, -0.234, -1.369), improvement=0.000863
[SRD rewrite] restored patch=21, position=(0.626, 0.272, -1.304), improvement=0.000771
[SRD rewrite] added patch=22, position=(-0.140, 0.419, 1.598), improvement=0.000672
SRD step 550: evaluated 27 candidates, 23 promising, accepted 3
  Accepted RestorePatch(10) at patch 20, improvement=0.000863
  Accepted RestorePatch(2) at patch 21, improvement=0.000771
  Accepted AddPatch at patch 22, improvement=0.000672
  Total patches: 23, total adds: 18, total deletes: 15
  step 550/2000: loss=0.169121, patches=20
[SRD rewrite] deleted patch=22, position=(-0.174, 0.410, 1.575), reason=Area 0.000756 below minimum 0.01
[SRD rewrite] deleted patch=21, position=(0.528, 0.176, -1.199), reason=Area 0.000246 below minimum 0.01
[SRD rewrite] deleted patch=20, position=(-2.369, -0.234, -1.369), reason=Area 0.000931 below minimum 0.01
[SRD rewrite] deleted patch=7, position=(0.140, -1.246, -2.297), reason=Area 0.009927 below minimum 0.01
SRD step 600: evaluated 27 candidates, 24 promising, accepted 7
  Accepted SplitPatch(0) at patch 0, improvement=0.002990
  Accepted SplitPatch(11) at patch 11, improvement=0.002990
  Accepted SplitPatch(10) at patch 10, improvement=0.002990
  Mandatory DeletePatch(7) at patch 7, reason=Area 0.009927 below minimum 0.01
  Mandatory DeletePatch(20) at patch 20, reason=Area 0.000931 below minimum 0.01
  Mandatory DeletePatch(21) at patch 21, reason=Area 0.000246 below minimum 0.01
  Mandatory DeletePatch(22) at patch 22, reason=Area 0.000756 below minimum 0.01
  Total patches: 19, total adds: 18, total deletes: 19
  step 600/2000: loss=0.162273, patches=23
[SRD rewrite] added patch=19, position=(-0.435, 0.016, 1.559), improvement=0.000241
SRD step 650: evaluated 27 candidates, 1 promising, accepted 1
  Accepted AddPatch at patch 19, improvement=0.000241
  Total patches: 20, total adds: 19, total deletes: 19
  step 650/2000: loss=0.156607, patches=19
[SRD rewrite] deleted patch=19, position=(-0.465, 0.045, 1.615), reason=Area 0.000996 below minimum 0.01
[SRD rewrite] added patch=19, position=(0.956, 1.213, -0.536), improvement=0.000844
[SRD rewrite] added patch=20, position=(-0.215, 0.015, 1.527), improvement=0.000404
[SRD rewrite] restored patch=21, position=(-0.598, 0.442, -1.759), improvement=0.000132
SRD step 700: evaluated 27 candidates, 5 promising, accepted 4
  Accepted AddPatch at patch 19, improvement=0.000844
  Accepted AddPatch at patch 20, improvement=0.000404
  Accepted RestorePatch(10) at patch 21, improvement=0.000132
  Mandatory DeletePatch(19) at patch 19, reason=Area 0.000996 below minimum 0.01
  Total patches: 22, total adds: 22, total deletes: 20
  step 700/2000: loss=0.160736, patches=20
[SRD rewrite] deleted patch=21, position=(-0.616, 0.512, -1.821), reason=Area 0.000231 below minimum 0.01
[SRD rewrite] deleted patch=20, position=(-0.353, 0.114, 1.576), reason=Area 0.000232 below minimum 0.01
SRD step 750: evaluated 27 candidates, 0 promising, accepted 2
  Mandatory DeletePatch(20) at patch 20, reason=Area 0.000232 below minimum 0.01
  Mandatory DeletePatch(21) at patch 21, reason=Area 0.000231 below minimum 0.01
  Total patches: 20, total adds: 22, total deletes: 22
  step 750/2000: loss=0.147401, patches=22
SRD step 800: evaluated 27 candidates, 0 promising, accepted 0
  Total patches: 20, total adds: 22, total deletes: 22
  step 800/2000: loss=0.145757, patches=20
SRD step 850: evaluated 27 candidates, 0 promising, accepted 0
  Total patches: 20, total adds: 22, total deletes: 22
  step 850/2000: loss=0.142546, patches=20
SRD step 900: evaluated 27 candidates, 0 promising, accepted 0
  Total patches: 20, total adds: 22, total deletes: 22
  step 900/2000: loss=0.138107, patches=20
SRD step 950: evaluated 27 candidates, 0 promising, accepted 0
  Total patches: 20, total adds: 22, total deletes: 22
  step 950/2000: loss=0.135884, patches=20
SRD step 1000: evaluated 27 candidates, 0 promising, accepted 0
  Total patches: 20, total adds: 22, total deletes: 22
  step 1000/2000: loss=0.140026, patches=20
SRD step 1050: evaluated 27 candidates, 0 promising, accepted 0
  Total patches: 20, total adds: 22, total deletes: 22
  step 1050/2000: loss=0.138566, patches=20
SRD step 1100: evaluated 27 candidates, 0 promising, accepted 0
  Total patches: 20, total adds: 22, total deletes: 22
  step 1100/2000: loss=0.136925, patches=20
[SRD rewrite] deleted patch=9, position=(0.755, -0.192, 2.110), reason=Area 0.005520 below minimum 0.01
SRD step 1150: evaluated 27 candidates, 0 promising, accepted 1
  Mandatory DeletePatch(9) at patch 9, reason=Area 0.005520 below minimum 0.01
  Total patches: 19, total adds: 22, total deletes: 23
  step 1150/2000: loss=0.134900, patches=20
SRD step 1200: evaluated 27 candidates, 0 promising, accepted 0
  Total patches: 19, total adds: 22, total deletes: 23
  step 1200/2000: loss=0.129319, patches=19
SRD step 1250: evaluated 27 candidates, 0 promising, accepted 0
  Total patches: 19, total adds: 22, total deletes: 23
  step 1250/2000: loss=0.128848, patches=19
SRD step 1300: evaluated 27 candidates, 0 promising, accepted 0
  Total patches: 19, total adds: 22, total deletes: 23
  step 1300/2000: loss=0.127327, patches=19
[SRD rewrite] deleted patch=13, position=(-1.418, 0.105, -1.500), reason=delete has no image effect
SRD step 1350: evaluated 27 candidates, 0 promising, accepted 1
  Mandatory DeletePatch(13) at patch 13, reason=delete has no image effect
  Total patches: 18, total adds: 22, total deletes: 24
  step 1350/2000: loss=0.126064, patches=19
SRD step 1400: evaluated 27 candidates, 0 promising, accepted 0
  Total patches: 18, total adds: 22, total deletes: 24
  step 1400/2000: loss=0.126699, patches=18
SRD step 1450: evaluated 27 candidates, 0 promising, accepted 0
  Total patches: 18, total adds: 22, total deletes: 24
  step 1450/2000: loss=0.124454, patches=18
SRD step 1500: evaluated 27 candidates, 0 promising, accepted 0
  Total patches: 18, total adds: 22, total deletes: 24
  step 1500/2000: loss=0.126883, patches=18
[SRD rewrite] deleted patch=16, position=(-0.626, 0.281, -1.817), reason=Area 0.009001 below minimum 0.01
SRD step 1550: evaluated 27 candidates, 0 promising, accepted 1
  Mandatory DeletePatch(16) at patch 16, reason=Area 0.009001 below minimum 0.01
  Total patches: 17, total adds: 22, total deletes: 25
  step 1550/2000: loss=0.123706, patches=18
SRD step 1600: evaluated 27 candidates, 0 promising, accepted 0
  Total patches: 17, total adds: 22, total deletes: 25
  step 1600/2000: loss=0.125060, patches=17
SRD step 1650: evaluated 27 candidates, 0 promising, accepted 0
  Total patches: 17, total adds: 22, total deletes: 25
  step 1650/2000: loss=0.124405, patches=17
SRD step 1700: evaluated 27 candidates, 0 promising, accepted 0
  Total patches: 17, total adds: 22, total deletes: 25
  step 1700/2000: loss=0.121660, patches=17
SRD step 1750: evaluated 27 candidates, 0 promising, accepted 0
  Total patches: 17, total adds: 22, total deletes: 25
  step 1750/2000: loss=0.121258, patches=17
SRD step 1800: evaluated 27 candidates, 0 promising, accepted 0
  Total patches: 17, total adds: 22, total deletes: 25
  step 1800/2000: loss=0.126544, patches=17
SRD step 1850: evaluated 27 candidates, 0 promising, accepted 0
  Total patches: 17, total adds: 22, total deletes: 25
  step 1850/2000: loss=0.123904, patches=17
SRD step 1900: evaluated 27 candidates, 0 promising, accepted 0
  Total patches: 17, total adds: 22, total deletes: 25
  step 1900/2000: loss=0.122433, patches=17
SRD step 1950: evaluated 27 candidates, 0 promising, accepted 0
  Total patches: 17, total adds: 22, total deletes: 25
  step 1950/2000: loss=0.124454, patches=17
SRD step 2000: evaluated 27 candidates, 0 promising, accepted 0
  Total patches: 17, total adds: 22, total deletes: 25
  step 2000/2000: loss=0.122298, patches=17
[SRD rewrite] deleted patch=2, position=(-2.371, 2.509, -0.282), reason=final deletion pass improved loss
[SRD rewrite] deleted patch=12, position=(0.770, -2.670, -1.904), reason=final deletion pass improved loss
[SRD rewrite] deleted patch=14, position=(1.037, 0.987, -1.474), reason=final deletion pass improved loss
[Trial 1] done: loss=0.114990, time=7514.5s
[Trial 2/3] seed=1
[SRD rewrite] split patch=16, children=19,20, improvement=0.012880
[SRD rewrite] added patch=21, position=(0.866, 0.403, -0.236), improvement=0.013058
[SRD rewrite] added patch=22, position=(-0.329, 0.468, -0.309), improvement=0.012905
SRD step 50: evaluated 27 candidates, 25 promising, accepted 3
  Accepted AddPatch at patch 21, improvement=0.013058
  Accepted AddPatch at patch 22, improvement=0.012905
  Accepted SplitPatch(16) at patch 16, improvement=0.012880
  Total patches: 23, total adds: 3, total deletes: 0
  step 50/2000: loss=0.487475, patches=20
[SRD rewrite] deleted patch=20, position=(1.129, 0.191, -1.519), reason=Area 0.008523 below minimum 0.01
[SRD rewrite] added patch=22, position=(-0.226, -0.102, 1.629), improvement=0.008702
[SRD rewrite] added patch=23, position=(0.973, 0.341, -1.061), improvement=0.008035
SRD step 100: evaluated 27 candidates, 24 promising, accepted 4
  Accepted AddPatch at patch 22, improvement=0.008702
  Accepted AddPatch at patch 23, improvement=0.008035
  Accepted SplitPatch(7) at patch 7, improvement=0.007383
  Mandatory DeletePatch(20) at patch 20, reason=Area 0.008523 below minimum 0.01
  Total patches: 24, total adds: 5, total deletes: 1
  step 100/2000: loss=0.405536, patches=23
[SRD rewrite] deleted patch=21, position=(-0.374, 0.456, -0.184), reason=Area 0.008838 below minimum 0.01
[SRD rewrite] added patch=23, position=(-0.497, -0.747, 1.631), improvement=0.004950
[SRD rewrite] added patch=24, position=(0.904, -0.515, 1.367), improvement=0.003322
[SRD rewrite] added patch=25, position=(0.204, -0.523, 1.613), improvement=0.003097
SRD step 150: evaluated 27 candidates, 20 promising, accepted 4
  Accepted AddPatch at patch 23, improvement=0.004950
  Accepted AddPatch at patch 24, improvement=0.003322
  Accepted AddPatch at patch 25, improvement=0.003097
  Mandatory DeletePatch(21) at patch 21, reason=Area 0.008838 below minimum 0.01
  Total patches: 26, total adds: 8, total deletes: 2
  step 150/2000: loss=0.341599, patches=24
[SRD rewrite] deleted patch=22, position=(0.954, 0.405, -0.991), reason=Area 0.009959 below minimum 0.01
[SRD rewrite] added patch=25, position=(-0.303, -0.838, 1.792), improvement=0.009025
[SRD rewrite] added patch=26, position=(0.208, 0.025, 0.131), improvement=0.008477
[SRD rewrite] added patch=27, position=(0.988, 0.065, 0.105), improvement=0.008421
SRD step 200: evaluated 27 candidates, 22 promising, accepted 4
  Accepted AddPatch at patch 25, improvement=0.009025
  Accepted AddPatch at patch 26, improvement=0.008477
  Accepted AddPatch at patch 27, improvement=0.008421
  Mandatory DeletePatch(22) at patch 22, reason=Area 0.009959 below minimum 0.01
  Total patches: 28, total adds: 11, total deletes: 3
  step 200/2000: loss=0.276582, patches=26
[SRD rewrite] deleted patch=26, position=(0.208, 0.025, 0.131), reason=Area 0.009291 below minimum 0.01
[SRD rewrite] deleted patch=25, position=(-0.353, -0.907, 1.680), reason=Area 0.003494 below minimum 0.01
[SRD rewrite] deleted patch=11, position=(-1.250, 0.707, -0.146), reason=Area 0.004451 below minimum 0.01
[SRD rewrite] added patch=25, position=(-0.141, -1.018, 1.340), improvement=0.003204
[SRD rewrite] added patch=26, position=(-0.113, -0.198, 1.443), improvement=0.002207
[SRD rewrite] added patch=27, position=(-0.238, -0.288, 1.526), improvement=0.001475
SRD step 250: evaluated 27 candidates, 16 promising, accepted 6
  Accepted AddPatch at patch 25, improvement=0.003204
  Accepted AddPatch at patch 26, improvement=0.002207
  Accepted AddPatch at patch 27, improvement=0.001475
  Mandatory DeletePatch(11) at patch 11, reason=Area 0.004451 below minimum 0.01
  Mandatory DeletePatch(25) at patch 25, reason=Area 0.003494 below minimum 0.01
  Mandatory DeletePatch(26) at patch 26, reason=Area 0.009291 below minimum 0.01
  Total patches: 28, total adds: 14, total deletes: 6
  step 250/2000: loss=0.181042, patches=28
[SRD rewrite] deleted patch=26, position=(-0.164, -0.111, 1.466), reason=Area 0.004398 below minimum 0.01
[SRD rewrite] added patch=27, position=(1.145, 1.204, 0.183), improvement=0.000850
[SRD rewrite] added patch=28, position=(-1.506, 0.446, -2.007), improvement=0.000232
SRD step 300: evaluated 27 candidates, 2 promising, accepted 3
  Accepted AddPatch at patch 27, improvement=0.000850
  Accepted AddPatch at patch 28, improvement=0.000232
  Mandatory DeletePatch(26) at patch 26, reason=Area 0.004398 below minimum 0.01
  Total patches: 29, total adds: 16, total deletes: 7
  step 300/2000: loss=0.136662, patches=28
[SRD rewrite] deleted patch=28, position=(-1.455, 0.468, -2.063), reason=Area 0.003907 below minimum 0.01
SRD step 350: evaluated 27 candidates, 0 promising, accepted 1
  Mandatory DeletePatch(28) at patch 28, reason=Area 0.003907 below minimum 0.01
  Total patches: 28, total adds: 16, total deletes: 8
  step 350/2000: loss=0.112879, patches=29
[SRD rewrite] deleted patch=5, position=(-0.774, 1.304, -0.807), reason=Area 0.008346 below minimum 0.01
SRD step 400: evaluated 27 candidates, 0 promising, accepted 1
  Mandatory DeletePatch(5) at patch 5, reason=Area 0.008346 below minimum 0.01
  Total patches: 27, total adds: 16, total deletes: 9
  step 400/2000: loss=0.108346, patches=28
SRD step 450: evaluated 27 candidates, 0 promising, accepted 0
  Total patches: 27, total adds: 16, total deletes: 9
  step 450/2000: loss=0.107316, patches=27
[SRD rewrite] deleted patch=19, position=(-0.398, 0.120, 1.600), reason=Area 0.007880 below minimum 0.01
[SRD rewrite] deleted patch=4, position=(-1.304, 1.467, -0.922), reason=Area 0.008877 below minimum 0.01
SRD step 500: evaluated 27 candidates, 0 promising, accepted 2
  Mandatory DeletePatch(4) at patch 4, reason=Area 0.008877 below minimum 0.01
  Mandatory DeletePatch(19) at patch 19, reason=Area 0.007880 below minimum 0.01
  Total patches: 25, total adds: 16, total deletes: 11
  step 500/2000: loss=0.098592, patches=27
SRD step 550: evaluated 27 candidates, 0 promising, accepted 0
  Total patches: 25, total adds: 16, total deletes: 11
  step 550/2000: loss=0.098144, patches=25
SRD step 600: evaluated 27 candidates, 0 promising, accepted 0
  Total patches: 25, total adds: 16, total deletes: 11
  step 600/2000: loss=0.098415, patches=25
[SRD rewrite] added patch=25, position=(-0.908, 0.223, 0.699), improvement=0.000641
[SRD rewrite] added patch=26, position=(-0.269, -0.184, 1.396), improvement=0.000497
[SRD rewrite] restored patch=27, position=(-0.164, -0.111, 1.466), improvement=0.000178
SRD step 650: evaluated 27 candidates, 3 promising, accepted 3
  Accepted AddPatch at patch 25, improvement=0.000641
  Accepted AddPatch at patch 26, improvement=0.000497
  Accepted RestorePatch(7) at patch 27, improvement=0.000178
  Total patches: 28, total adds: 19, total deletes: 11
  step 650/2000: loss=0.096227, patches=25
[SRD rewrite] deleted patch=27, position=(-0.167, -0.086, 1.539), reason=Area 0.000410 below minimum 0.01
[SRD rewrite] deleted patch=26, position=(-0.297, -0.163, 1.515), reason=Area 0.002951 below minimum 0.01
[SRD rewrite] deleted patch=25, position=(-0.908, 0.223, 0.699), reason=Area 0.009291 below minimum 0.01
SRD step 700: evaluated 27 candidates, 0 promising, accepted 3
  Mandatory DeletePatch(25) at patch 25, reason=Area 0.009291 below minimum 0.01
  Mandatory DeletePatch(26) at patch 26, reason=Area 0.002951 below minimum 0.01
  Mandatory DeletePatch(27) at patch 27, reason=Area 0.000410 below minimum 0.01
  Total patches: 25, total adds: 19, total deletes: 14
  step 700/2000: loss=0.093889, patches=28
SRD step 750: evaluated 26 candidates, 0 promising, accepted 0
  Total patches: 25, total adds: 19, total deletes: 14
  step 750/2000: loss=0.096317, patches=25
SRD step 800: evaluated 27 candidates, 0 promising, accepted 0
  Total patches: 25, total adds: 19, total deletes: 14
  step 800/2000: loss=0.096033, patches=25
SRD step 850: evaluated 27 candidates, 0 promising, accepted 0
  Total patches: 25, total adds: 19, total deletes: 14
  step 850/2000: loss=0.093139, patches=25
[SRD rewrite] deleted patch=4, position=(-0.918, 0.163, -1.588), reason=Area 0.004338 below minimum 0.01
SRD step 900: evaluated 27 candidates, 0 promising, accepted 1
  Mandatory DeletePatch(4) at patch 4, reason=Area 0.004338 below minimum 0.01
  Total patches: 24, total adds: 19, total deletes: 15
  step 900/2000: loss=0.095864, patches=25
SRD step 950: evaluated 27 candidates, 0 promising, accepted 0
  Total patches: 24, total adds: 19, total deletes: 15
  step 950/2000: loss=0.095988, patches=24
[SRD rewrite] deleted patch=22, position=(-0.445, -0.064, 1.606), reason=Area 0.005294 below minimum 0.01
SRD step 1000: evaluated 27 candidates, 0 promising, accepted 1
  Mandatory DeletePatch(22) at patch 22, reason=Area 0.005294 below minimum 0.01
  Total patches: 23, total adds: 19, total deletes: 16
  step 1000/2000: loss=0.095324, patches=24
[SRD rewrite] deleted patch=1, position=(-0.715, 0.613, 0.737), reason=Area 0.007559 below minimum 0.01
SRD step 1050: evaluated 27 candidates, 0 promising, accepted 1
  Mandatory DeletePatch(1) at patch 1, reason=Area 0.007559 below minimum 0.01
  Total patches: 22, total adds: 19, total deletes: 17
  step 1050/2000: loss=0.092703, patches=23
SRD step 1100: evaluated 27 candidates, 0 promising, accepted 0
  Total patches: 22, total adds: 19, total deletes: 17
  step 1100/2000: loss=0.093401, patches=22
SRD step 1150: evaluated 27 candidates, 0 promising, accepted 0
  Total patches: 22, total adds: 19, total deletes: 17
  step 1150/2000: loss=0.094297, patches=22
[SRD rewrite] deleted patch=13, position=(-0.864, 0.654, -1.643), reason=Area 0.009556 below minimum 0.01
SRD step 1200: evaluated 27 candidates, 0 promising, accepted 1
  Mandatory DeletePatch(13) at patch 13, reason=Area 0.009556 below minimum 0.01
  Total patches: 21, total adds: 19, total deletes: 18
  step 1200/2000: loss=0.094666, patches=22
[SRD rewrite] deleted patch=18, position=(1.122, 0.085, 0.222), reason=Area 0.008971 below minimum 0.01
[SRD rewrite] deleted patch=2, position=(-0.326, -1.058, 0.706), reason=delete has no image effect
SRD step 1250: evaluated 27 candidates, 0 promising, accepted 2
  Mandatory DeletePatch(18) at patch 18, reason=Area 0.008971 below minimum 0.01
  Mandatory DeletePatch(2) at patch 2, reason=delete has no image effect
  Total patches: 19, total adds: 19, total deletes: 20
  step 1250/2000: loss=0.096098, patches=21
SRD step 1300: evaluated 27 candidates, 0 promising, accepted 0
  Total patches: 19, total adds: 19, total deletes: 20
  step 1300/2000: loss=0.097728, patches=19
SRD step 1350: evaluated 27 candidates, 0 promising, accepted 0
  Total patches: 19, total adds: 19, total deletes: 20
  step 1350/2000: loss=0.098765, patches=19
SRD step 1400: evaluated 26 candidates, 0 promising, accepted 0
  Total patches: 19, total adds: 19, total deletes: 20
  step 1400/2000: loss=0.098324, patches=19
[SRD rewrite] added patch=19, position=(0.346, 0.820, -0.989), improvement=0.000580
SRD step 1450: evaluated 27 candidates, 18 promising, accepted 3
  Accepted AddPatch at patch 19, improvement=0.000580
  Accepted SplitPatch(10) at patch 10, improvement=0.000288
  Accepted SplitPatch(8) at patch 8, improvement=0.000288
  Total patches: 20, total adds: 20, total deletes: 20
  step 1450/2000: loss=0.099406, patches=19
SRD step 1500: evaluated 27 candidates, 0 promising, accepted 0
  Total patches: 20, total adds: 20, total deletes: 20
  step 1500/2000: loss=0.097468, patches=20
SRD step 1550: evaluated 27 candidates, 0 promising, accepted 0
  Total patches: 20, total adds: 20, total deletes: 20
  step 1550/2000: loss=0.096377, patches=20
SRD step 1600: evaluated 27 candidates, 0 promising, accepted 0
  Total patches: 20, total adds: 20, total deletes: 20
  step 1600/2000: loss=0.093567, patches=20
SRD step 1650: evaluated 27 candidates, 0 promising, accepted 0
  Total patches: 20, total adds: 20, total deletes: 20
  step 1650/2000: loss=0.096232, patches=20
SRD step 1700: evaluated 27 candidates, 0 promising, accepted 0
  Total patches: 20, total adds: 20, total deletes: 20
  step 1700/2000: loss=0.100598, patches=20
[SRD rewrite] added patch=20, position=(0.519, 0.085, -0.037), improvement=0.002427
[SRD rewrite] added patch=21, position=(-0.668, 0.535, 1.113), improvement=0.002058
[SRD rewrite] added patch=22, position=(-0.135, 0.262, -0.371), improvement=0.001997
SRD step 1750: evaluated 27 candidates, 22 promising, accepted 3
  Accepted AddPatch at patch 20, improvement=0.002427
  Accepted AddPatch at patch 21, improvement=0.002058
  Accepted AddPatch at patch 22, improvement=0.001997
  Total patches: 23, total adds: 23, total deletes: 20
  step 1750/2000: loss=0.108423, patches=20
[SRD rewrite] deleted patch=21, position=(-0.761, 0.580, 1.261), reason=Area 0.000262 below minimum 0.01
[SRD rewrite] deleted patch=20, position=(0.519, 0.085, -0.037), reason=Area 0.009291 below minimum 0.01
SRD step 1800: evaluated 27 candidates, 0 promising, accepted 2
  Mandatory DeletePatch(20) at patch 20, reason=Area 0.009291 below minimum 0.01
  Mandatory DeletePatch(21) at patch 21, reason=Area 0.000262 below minimum 0.01
  Total patches: 21, total adds: 23, total deletes: 22
  step 1800/2000: loss=0.101687, patches=23
SRD step 1850: evaluated 27 candidates, 0 promising, accepted 0
  Total patches: 21, total adds: 23, total deletes: 22
  step 1850/2000: loss=0.104468, patches=21
SRD step 1900: evaluated 27 candidates, 0 promising, accepted 0
  Total patches: 21, total adds: 23, total deletes: 22
  step 1900/2000: loss=0.103266, patches=21
[SRD rewrite] deleted patch=19, position=(0.224, 0.888, -0.973), reason=Area 0.008417 below minimum 0.01
SRD step 1950: evaluated 27 candidates, 0 promising, accepted 1
  Mandatory DeletePatch(19) at patch 19, reason=Area 0.008417 below minimum 0.01
  Total patches: 20, total adds: 23, total deletes: 23
  step 1950/2000: loss=0.102583, patches=21
SRD step 2000: evaluated 27 candidates, 0 promising, accepted 0
  Total patches: 20, total adds: 23, total deletes: 23
  step 2000/2000: loss=0.100832, patches=20
[SRD rewrite] deleted patch=11, position=(0.506, 1.307, -2.374), reason=final deletion pass improved loss
[Trial 2] done: loss=0.098887, time=9153.5s
[Trial 3/3] seed=2
[SRD rewrite] added patch=20, position=(0.869, -0.597, 0.945), improvement=0.020384
[SRD rewrite] added patch=21, position=(0.535, 0.349, 1.248), improvement=0.019187
[SRD rewrite] added patch=22, position=(0.526, 0.332, 1.201), improvement=0.018858
SRD step 50: evaluated 27 candidates, 27 promising, accepted 3
  Accepted AddPatch at patch 20, improvement=0.020384
  Accepted AddPatch at patch 21, improvement=0.019187
  Accepted AddPatch at patch 22, improvement=0.018858
  Total patches: 23, total adds: 3, total deletes: 0
  step 50/2000: loss=0.540971, patches=20
[SRD rewrite] deleted patch=22, position=(0.674, 0.450, 1.152), reason=Area 0.000450 below minimum 0.01
[SRD rewrite] added patch=22, position=(0.913, 0.511, -0.661), improvement=0.011657
[SRD rewrite] added patch=23, position=(0.368, 0.526, 0.792), improvement=0.011610
[SRD rewrite] added patch=24, position=(-1.005, 0.503, -1.501), improvement=0.011494
SRD step 100: evaluated 27 candidates, 25 promising, accepted 4
  Accepted AddPatch at patch 22, improvement=0.011657
  Accepted AddPatch at patch 23, improvement=0.011610
  Accepted AddPatch at patch 24, improvement=0.011494
  Mandatory DeletePatch(22) at patch 22, reason=Area 0.000450 below minimum 0.01
  Total patches: 25, total adds: 6, total deletes: 1
  step 100/2000: loss=0.368890, patches=23
[SRD rewrite] deleted patch=23, position=(0.297, 0.574, 0.870), reason=Area 0.000213 below minimum 0.01
[SRD rewrite] deleted patch=21, position=(0.623, 0.479, 1.401), reason=Area 0.006297 below minimum 0.01
[SRD rewrite] restored patch=23, position=(0.623, 0.479, 1.401), improvement=0.004257
[SRD rewrite] added patch=24, position=(-0.493, -0.736, 1.954), improvement=0.004228
[SRD rewrite] added patch=25, position=(0.006, -0.179, 1.633), improvement=0.003959
SRD step 150: evaluated 27 candidates, 24 promising, accepted 5
  Accepted RestorePatch(2) at patch 23, improvement=0.004257
  Accepted AddPatch at patch 24, improvement=0.004228
  Accepted AddPatch at patch 25, improvement=0.003959
  Mandatory DeletePatch(21) at patch 21, reason=Area 0.006297 below minimum 0.01
  Mandatory DeletePatch(23) at patch 23, reason=Area 0.000213 below minimum 0.01
  Total patches: 26, total adds: 9, total deletes: 3
  step 150/2000: loss=0.268035, patches=25
[SRD rewrite] deleted patch=25, position=(-0.083, -0.203, 1.555), reason=Area 0.005763 below minimum 0.01
[SRD rewrite] deleted patch=24, position=(-0.602, -0.752, 1.895), reason=Area 0.005710 below minimum 0.01
[SRD rewrite] deleted patch=23, position=(0.636, 0.483, 1.416), reason=Area 0.001501 below minimum 0.01
[SRD rewrite] added patch=23, position=(-0.577, -0.845, 1.641), improvement=0.003361
[SRD rewrite] added patch=24, position=(-0.193, -0.206, 1.723), improvement=0.002395
[SRD rewrite] restored patch=25, position=(-0.083, -0.203, 1.555), improvement=0.001822
SRD step 200: evaluated 27 candidates, 20 promising, accepted 6
  Accepted AddPatch at patch 23, improvement=0.003361
  Accepted AddPatch at patch 24, improvement=0.002395
  Accepted RestorePatch(2) at patch 25, improvement=0.001822
  Mandatory DeletePatch(23) at patch 23, reason=Area 0.001501 below minimum 0.01
  Mandatory DeletePatch(24) at patch 24, reason=Area 0.005710 below minimum 0.01
  Mandatory DeletePatch(25) at patch 25, reason=Area 0.005763 below minimum 0.01
  Total patches: 26, total adds: 12, total deletes: 6
  step 200/2000: loss=0.222246, patches=26
[SRD rewrite] deleted patch=25, position=(-0.143, -0.200, 1.545), reason=Area 0.006210 below minimum 0.01
[SRD rewrite] deleted patch=24, position=(-0.201, -0.286, 1.604), reason=Area 0.005599 below minimum 0.01
[SRD rewrite] added patch=24, position=(-0.169, -0.938, 1.346), improvement=0.003559
[SRD rewrite] added patch=25, position=(-0.716, 0.376, -1.633), improvement=0.002140
[SRD rewrite] restored patch=26, position=(0.636, 0.483, 1.416), improvement=0.001990
SRD step 250: evaluated 27 candidates, 22 promising, accepted 5
  Accepted AddPatch at patch 24, improvement=0.003559
  Accepted AddPatch at patch 25, improvement=0.002140
  Accepted RestorePatch(3) at patch 26, improvement=0.001990
  Mandatory DeletePatch(24) at patch 24, reason=Area 0.005599 below minimum 0.01
  Mandatory DeletePatch(25) at patch 25, reason=Area 0.006210 below minimum 0.01
  Total patches: 27, total adds: 15, total deletes: 8
  step 250/2000: loss=0.188536, patches=26
[SRD rewrite] deleted patch=26, position=(0.652, 0.542, 1.435), reason=Area 0.000157 below minimum 0.01
[SRD rewrite] deleted patch=25, position=(-0.828, 0.501, -1.747), reason=Area 0.000317 below minimum 0.01
[SRD rewrite] added patch=25, position=(-0.206, -0.186, 1.623), improvement=0.001612
[SRD rewrite] added patch=26, position=(-0.358, -0.184, 1.658), improvement=0.001178
[SRD rewrite] restored patch=27, position=(-0.828, 0.501, -1.747), improvement=0.000746
SRD step 300: evaluated 27 candidates, 6 promising, accepted 5
  Accepted AddPatch at patch 25, improvement=0.001612
  Accepted AddPatch at patch 26, improvement=0.001178
  Accepted RestorePatch(6) at patch 27, improvement=0.000746
  Mandatory DeletePatch(25) at patch 25, reason=Area 0.000317 below minimum 0.01
  Mandatory DeletePatch(26) at patch 26, reason=Area 0.000157 below minimum 0.01
  Total patches: 28, total adds: 18, total deletes: 10
  step 300/2000: loss=0.162754, patches=27
[SRD rewrite] deleted patch=27, position=(-0.855, 0.528, -1.774), reason=Area 0.000317 below minimum 0.01
[SRD rewrite] deleted patch=26, position=(-0.350, -0.176, 1.583), reason=Area 0.001292 below minimum 0.01
[SRD rewrite] deleted patch=22, position=(-0.984, 0.544, -1.543), reason=Area 0.004014 below minimum 0.01
[SRD rewrite] deleted patch=19, position=(-2.046, 0.256, 0.473), reason=Area 0.006695 below minimum 0.01
SRD step 350: evaluated 27 candidates, 0 promising, accepted 4
  Mandatory DeletePatch(19) at patch 19, reason=Area 0.006695 below minimum 0.01
  Mandatory DeletePatch(22) at patch 22, reason=Area 0.004014 below minimum 0.01
  Mandatory DeletePatch(26) at patch 26, reason=Area 0.001292 below minimum 0.01
  Mandatory DeletePatch(27) at patch 27, reason=Area 0.000317 below minimum 0.01
  Total patches: 24, total adds: 18, total deletes: 14
  step 350/2000: loss=0.152717, patches=28
[SRD rewrite] deleted patch=22, position=(-0.244, -1.025, 1.507), reason=Area 0.004963 below minimum 0.01
SRD step 400: evaluated 27 candidates, 0 promising, accepted 1
  Mandatory DeletePatch(22) at patch 22, reason=Area 0.004963 below minimum 0.01
  Total patches: 23, total adds: 18, total deletes: 15
  step 400/2000: loss=0.149211, patches=24
SRD step 450: evaluated 27 candidates, 0 promising, accepted 0
  Total patches: 23, total adds: 18, total deletes: 15
  step 450/2000: loss=0.145879, patches=23
SRD step 500: evaluated 27 candidates, 0 promising, accepted 0
  Total patches: 23, total adds: 18, total deletes: 15
  step 500/2000: loss=0.133041, patches=23
[SRD rewrite] added patch=23, position=(-0.080, -0.296, 1.688), improvement=0.002167
[SRD rewrite] added patch=24, position=(0.030, 0.512, -0.018), improvement=0.001833
SRD step 550: evaluated 27 candidates, 17 promising, accepted 3
  Accepted AddPatch at patch 23, improvement=0.002167
  Accepted AddPatch at patch 24, improvement=0.001833
  Accepted SplitPatch(12) at patch 12, improvement=0.001717
  Total patches: 25, total adds: 20, total deletes: 15
  step 550/2000: loss=0.129318, patches=23
[SRD rewrite] deleted patch=24, position=(-0.093, 0.406, 0.082), reason=Area 0.000285 below minimum 0.01
[SRD rewrite] deleted patch=23, position=(-0.103, -0.324, 1.564), reason=Area 0.003101 below minimum 0.01
SRD step 600: evaluated 27 candidates, 0 promising, accepted 2
  Mandatory DeletePatch(23) at patch 23, reason=Area 0.003101 below minimum 0.01
  Mandatory DeletePatch(24) at patch 24, reason=Area 0.000285 below minimum 0.01
  Total patches: 23, total adds: 20, total deletes: 17
  step 600/2000: loss=0.122768, patches=25
SRD step 650: evaluated 27 candidates, 0 promising, accepted 0
  Total patches: 23, total adds: 20, total deletes: 17
  step 650/2000: loss=0.116411, patches=23
SRD step 700: evaluated 27 candidates, 0 promising, accepted 0
  Total patches: 23, total adds: 20, total deletes: 17
  step 700/2000: loss=0.112756, patches=23
SRD step 750: evaluated 27 candidates, 0 promising, accepted 0
  Total patches: 23, total adds: 20, total deletes: 17
  step 750/2000: loss=0.106447, patches=23
SRD step 800: evaluated 27 candidates, 0 promising, accepted 0
  Total patches: 23, total adds: 20, total deletes: 17
  step 800/2000: loss=0.103895, patches=23
SRD step 850: evaluated 27 candidates, 0 promising, accepted 0
  Total patches: 23, total adds: 20, total deletes: 17
  step 850/2000: loss=0.102710, patches=23
[SRD rewrite] added patch=23, position=(0.748, 0.936, -0.090), improvement=0.000510
[SRD rewrite] restored patch=24, position=(-0.244, -1.025, 1.507), improvement=0.000217
SRD step 900: evaluated 27 candidates, 2 promising, accepted 2
  Accepted AddPatch at patch 23, improvement=0.000510
  Accepted RestorePatch(10) at patch 24, improvement=0.000217
  Total patches: 25, total adds: 22, total deletes: 17
  step 900/2000: loss=0.103769, patches=23
SRD step 950: evaluated 27 candidates, 0 promising, accepted 0
  Total patches: 25, total adds: 22, total deletes: 17
  step 950/2000: loss=0.101396, patches=25
[SRD rewrite] deleted patch=24, position=(-0.123, -1.094, 1.597), reason=Area 0.004364 below minimum 0.01
[SRD rewrite] deleted patch=15, position=(-2.384, 2.009, 0.623), reason=Area 0.009693 below minimum 0.01
[SRD rewrite] added patch=23, position=(0.974, -0.024, 1.276), improvement=0.000502
SRD step 1000: evaluated 26 candidates, 1 promising, accepted 3
  Accepted AddPatch at patch 23, improvement=0.000502
  Mandatory DeletePatch(15) at patch 15, reason=Area 0.009693 below minimum 0.01
  Mandatory DeletePatch(24) at patch 24, reason=Area 0.004364 below minimum 0.01
  Total patches: 24, total adds: 23, total deletes: 19
  step 1000/2000: loss=0.095963, patches=25
SRD step 1050: evaluated 27 candidates, 0 promising, accepted 0
  Total patches: 24, total adds: 23, total deletes: 19
  step 1050/2000: loss=0.087739, patches=24
SRD step 1100: evaluated 27 candidates, 0 promising, accepted 0
  Total patches: 24, total adds: 23, total deletes: 19
  step 1100/2000: loss=0.084735, patches=24
SRD step 1150: evaluated 27 candidates, 0 promising, accepted 0
  Total patches: 24, total adds: 23, total deletes: 19
  step 1150/2000: loss=0.084447, patches=24
SRD step 1200: evaluated 27 candidates, 0 promising, accepted 0
  Total patches: 24, total adds: 23, total deletes: 19
  step 1200/2000: loss=0.085135, patches=24
SRD step 1250: evaluated 27 candidates, 0 promising, accepted 0
  Total patches: 24, total adds: 23, total deletes: 19
  step 1250/2000: loss=0.086232, patches=24
[SRD rewrite] deleted patch=23, position=(1.057, -0.010, 1.317), reason=Area 0.009441 below minimum 0.01
SRD step 1300: evaluated 27 candidates, 0 promising, accepted 1
  Mandatory DeletePatch(23) at patch 23, reason=Area 0.009441 below minimum 0.01
  Total patches: 23, total adds: 23, total deletes: 20
  step 1300/2000: loss=0.086891, patches=24
SRD step 1350: evaluated 27 candidates, 0 promising, accepted 0
  Total patches: 23, total adds: 23, total deletes: 20
  step 1350/2000: loss=0.093705, patches=23
SRD step 1400: evaluated 27 candidates, 0 promising, accepted 0
  Total patches: 23, total adds: 23, total deletes: 20
  step 1400/2000: loss=0.090009, patches=23
SRD step 1450: evaluated 27 candidates, 0 promising, accepted 0
  Total patches: 23, total adds: 23, total deletes: 20
  step 1450/2000: loss=0.092506, patches=23
SRD step 1500: evaluated 27 candidates, 0 promising, accepted 0
  Total patches: 23, total adds: 23, total deletes: 20
  step 1500/2000: loss=0.094558, patches=23
[SRD rewrite] split patch=7, children=22,23, improvement=0.000682
[SRD rewrite] restored patch=24, position=(-0.123, -1.094, 1.597), improvement=0.001398
[SRD rewrite] added patch=25, position=(-1.452, 0.339, -2.023), improvement=0.000921
SRD step 1550: evaluated 27 candidates, 14 promising, accepted 3
  Accepted RestorePatch(12) at patch 24, improvement=0.001398
  Accepted AddPatch at patch 25, improvement=0.000921
  Accepted SplitPatch(7) at patch 7, improvement=0.000682
  Total patches: 26, total adds: 26, total deletes: 20
  step 1550/2000: loss=0.099806, patches=23
[SRD rewrite] deleted patch=24, position=(-0.108, -1.107, 1.586), reason=Area 0.003076 below minimum 0.01
SRD step 1600: evaluated 27 candidates, 0 promising, accepted 1
  Mandatory DeletePatch(24) at patch 24, reason=Area 0.003076 below minimum 0.01
  Total patches: 25, total adds: 26, total deletes: 21
  step 1600/2000: loss=0.096714, patches=26
[SRD rewrite] deleted patch=16, position=(0.225, 0.802, -0.261), reason=delete has no image effect
SRD step 1650: evaluated 27 candidates, 0 promising, accepted 1
  Mandatory DeletePatch(16) at patch 16, reason=delete has no image effect
  Total patches: 24, total adds: 26, total deletes: 22
  step 1650/2000: loss=0.102996, patches=25
[SRD rewrite] deleted patch=21, position=(-1.415, 1.087, -1.237), reason=Area 0.008112 below minimum 0.01
SRD step 1700: evaluated 27 candidates, 0 promising, accepted 1
  Mandatory DeletePatch(21) at patch 21, reason=Area 0.008112 below minimum 0.01
  Total patches: 23, total adds: 26, total deletes: 23
  step 1700/2000: loss=0.103766, patches=24
SRD step 1750: evaluated 27 candidates, 0 promising, accepted 0
  Total patches: 23, total adds: 26, total deletes: 23
  step 1750/2000: loss=0.107186, patches=23
[SRD rewrite] deleted patch=22, position=(-1.457, 0.342, -2.002), reason=Area 0.009478 below minimum 0.01
SRD step 1800: evaluated 27 candidates, 0 promising, accepted 1
  Mandatory DeletePatch(22) at patch 22, reason=Area 0.009478 below minimum 0.01
  Total patches: 22, total adds: 26, total deletes: 24
  step 1800/2000: loss=0.105054, patches=23
SRD step 1850: evaluated 27 candidates, 0 promising, accepted 0
  Total patches: 22, total adds: 26, total deletes: 24
  step 1850/2000: loss=0.102595, patches=22
[SRD rewrite] deleted patch=19, position=(-0.265, -0.423, 1.439), reason=Area 0.009620 below minimum 0.01
[SRD rewrite] deleted patch=8, position=(1.127, 1.016, 0.608), reason=Area 0.008412 below minimum 0.01
SRD step 1900: evaluated 27 candidates, 0 promising, accepted 2
  Mandatory DeletePatch(8) at patch 8, reason=Area 0.008412 below minimum 0.01
  Mandatory DeletePatch(19) at patch 19, reason=Area 0.009620 below minimum 0.01
  Total patches: 20, total adds: 26, total deletes: 26
  step 1900/2000: loss=0.107052, patches=22
[SRD rewrite] deleted patch=16, position=(1.195, 0.390, -1.406), reason=Area 0.004410 below minimum 0.01
SRD step 1950: evaluated 27 candidates, 0 promising, accepted 1
  Mandatory DeletePatch(16) at patch 16, reason=Area 0.004410 below minimum 0.01
  Total patches: 19, total adds: 26, total deletes: 27
  step 1950/2000: loss=0.107065, patches=20
[SRD rewrite] deleted patch=18, position=(-1.470, 0.839, -1.631), reason=Area 0.007619 below minimum 0.01
[SRD rewrite] deleted patch=11, position=(0.871, 1.476, 0.132), reason=Area 0.006304 below minimum 0.01
SRD step 2000: evaluated 27 candidates, 0 promising, accepted 2
  Mandatory DeletePatch(11) at patch 11, reason=Area 0.006304 below minimum 0.01
  Mandatory DeletePatch(18) at patch 18, reason=Area 0.007619 below minimum 0.01
  Total patches: 17, total adds: 26, total deletes: 29
  step 2000/2000: loss=0.113252, patches=19
[SRD rewrite] deleted patch=1, position=(0.662, -1.446, -2.239), reason=final deletion pass improved loss
[SRD rewrite] deleted patch=4, position=(-0.007, 1.577, -0.562), reason=final deletion pass improved loss
[SRD rewrite] deleted patch=7, position=(-2.101, -0.290, 1.042), reason=final deletion pass improved loss
[SRD rewrite] deleted patch=7, position=(-2.089, 0.886, 1.294), reason=final deletion pass improved loss
[Trial 3] done: loss=0.097270, time=9274.4s
[Run] report written to results/slurm/20260718_0323/comparison_cat_face_bass_srd/output.txt
