## SLURM PROLOG ###############################################################
##    Job ID : 4080014
##  Job Name : 20260718_0340_patchsize_sun_moon_30
##  Nodelist : gpu2604
##      CPUs : 
##  Mem/Node : 128000 MB
## Directory : /oscar/home/cjmok/automated-perspective-sculptor
##   Job Started : Sat Jul 18 04:50:56 AM EDT 2026
###############################################################################
[Swept volume] building (resolution=256)...
[Run] mode=full, trials=3, seeds=[0, 1, 2], steps=1000, srd=True, ablation_flags={'disable_swept_volume_adds': False, 'loss_only_deletion': False, 'disable_splitting': False}
[Trial 1/3] seed=0
[Patch] mapbox-earcut is not installed; falling back to fan fill, so non-convex pieces will render incorrectly. Install it with: pip install mapbox-earcut
[SRD rewrite] added patch=30, position=(-0.325, 0.212, 1.440), improvement=0.019724
[SRD rewrite] added patch=31, position=(-0.281, -0.495, 0.733), improvement=0.019580
[SRD rewrite] added patch=32, position=(0.540, 0.257, 1.119), improvement=0.019432
SRD step 50: evaluated 27 candidates, 27 promising, accepted 3
  Accepted AddPatch at patch 30, improvement=0.019724
  Accepted AddPatch at patch 31, improvement=0.019580
  Accepted AddPatch at patch 32, improvement=0.019432
  Total patches: 33, total adds: 3, total deletes: 0
  step 50/1000: loss=0.469329, patches=30
[SRD rewrite] added patch=33, position=(0.641, -1.041, 0.011), improvement=0.006252
[SRD rewrite] added patch=34, position=(-0.037, 1.500, -0.581), improvement=0.006208
[SRD rewrite] added patch=35, position=(1.158, -0.587, 0.500), improvement=0.005842
SRD step 100: evaluated 27 candidates, 27 promising, accepted 3
  Accepted AddPatch at patch 33, improvement=0.006252
  Accepted AddPatch at patch 34, improvement=0.006208
  Accepted AddPatch at patch 35, improvement=0.005842
  Total patches: 36, total adds: 6, total deletes: 0
  step 100/1000: loss=0.337815, patches=33
[SRD rewrite] deleted patch=35, position=(1.158, -0.587, 0.500), reason=Area 0.009291 below minimum 0.01
[SRD rewrite] deleted patch=0, position=(0.697, 0.417, 1.706), reason=Area 0.009145 below minimum 0.01
[SRD rewrite] split patch=12, children=33,34, improvement=0.003186
[SRD rewrite] restored patch=35, position=(1.158, -0.587, 0.500), improvement=0.003707
[SRD rewrite] added patch=36, position=(1.009, -0.480, 1.317), improvement=0.003138
SRD step 150: evaluated 27 candidates, 24 promising, accepted 5
  Accepted RestorePatch(0) at patch 35, improvement=0.003707
  Accepted SplitPatch(12) at patch 12, improvement=0.003186
  Accepted AddPatch at patch 36, improvement=0.003138
  Mandatory DeletePatch(0) at patch 0, reason=Area 0.009145 below minimum 0.01
  Mandatory DeletePatch(35) at patch 35, reason=Area 0.009291 below minimum 0.01
  Total patches: 37, total adds: 9, total deletes: 2
  step 150/1000: loss=0.283300, patches=36
[SRD rewrite] deleted patch=36, position=(0.906, -0.536, 1.213), reason=Area 0.005763 below minimum 0.01
[SRD rewrite] deleted patch=35, position=(1.158, -0.587, 0.500), reason=Area 0.009291 below minimum 0.01
[SRD rewrite] added patch=35, position=(-0.671, -0.074, 1.248), improvement=0.001315
[SRD rewrite] restored patch=36, position=(1.158, -0.587, 0.500), improvement=0.001135
[SRD rewrite] added patch=37, position=(0.617, 0.812, 1.017), improvement=0.001048
SRD step 200: evaluated 27 candidates, 16 promising, accepted 5
  Accepted AddPatch at patch 35, improvement=0.001315
  Accepted RestorePatch(3) at patch 36, improvement=0.001135
  Accepted AddPatch at patch 37, improvement=0.001048
  Mandatory DeletePatch(35) at patch 35, reason=Area 0.009291 below minimum 0.01
  Mandatory DeletePatch(36) at patch 36, reason=Area 0.005763 below minimum 0.01
  Total patches: 38, total adds: 12, total deletes: 4
  step 200/1000: loss=0.264299, patches=37
[SRD rewrite] deleted patch=36, position=(1.160, -0.585, 0.498), reason=Area 0.008933 below minimum 0.01
[SRD rewrite] deleted patch=35, position=(-0.701, -0.000, 1.157), reason=Area 0.006735 below minimum 0.01
[SRD rewrite] deleted patch=23, position=(-0.847, 0.598, 1.349), reason=Area 0.009190 below minimum 0.01
[SRD rewrite] deleted patch=13, position=(0.125, 0.150, 0.363), reason=Area 0.005639 below minimum 0.01
[SRD rewrite] deleted patch=21, position=(-0.679, 1.182, 0.129), reason=delete has no image effect
SRD step 250: evaluated 27 candidates, 0 promising, accepted 5
  Mandatory DeletePatch(13) at patch 13, reason=Area 0.005639 below minimum 0.01
  Mandatory DeletePatch(23) at patch 23, reason=Area 0.009190 below minimum 0.01
  Mandatory DeletePatch(35) at patch 35, reason=Area 0.006735 below minimum 0.01
  Mandatory DeletePatch(36) at patch 36, reason=Area 0.008933 below minimum 0.01
  Mandatory DeletePatch(21) at patch 21, reason=delete has no image effect
  Total patches: 33, total adds: 12, total deletes: 9
  step 250/1000: loss=0.227482, patches=38
[SRD rewrite] deleted patch=30, position=(-1.661, -1.632, 0.430), reason=Area 0.006388 below minimum 0.01
[SRD rewrite] added patch=32, position=(0.076, -1.347, -0.789), improvement=0.002083
[SRD rewrite] added patch=33, position=(-0.690, -0.889, 0.488), improvement=0.002033
[SRD rewrite] added patch=34, position=(-0.674, -0.949, 0.592), improvement=0.001709
SRD step 300: evaluated 27 candidates, 21 promising, accepted 4
  Accepted AddPatch at patch 32, improvement=0.002083
  Accepted AddPatch at patch 33, improvement=0.002033
  Accepted AddPatch at patch 34, improvement=0.001709
  Mandatory DeletePatch(30) at patch 30, reason=Area 0.006388 below minimum 0.01
  Total patches: 35, total adds: 15, total deletes: 10
  step 300/1000: loss=0.220822, patches=33
[SRD rewrite] deleted patch=3, position=(-1.035, 0.519, 0.405), reason=delete has no image effect
[SRD rewrite] split patch=10, children=33,34, improvement=0.000469
SRD step 350: evaluated 27 candidates, 1 promising, accepted 2
  Accepted SplitPatch(10) at patch 10, improvement=0.000469
  Mandatory DeletePatch(3) at patch 3, reason=delete has no image effect
  Total patches: 35, total adds: 16, total deletes: 11
  step 350/1000: loss=0.202189, patches=35
[SRD rewrite] deleted patch=34, position=(1.315, 0.154, -0.199), reason=Area 0.001492 below minimum 0.01
[SRD rewrite] deleted patch=33, position=(1.044, 0.162, -0.075), reason=Area 0.001075 below minimum 0.01
[SRD rewrite] added patch=33, position=(1.006, 0.499, 0.790), improvement=0.003648
[SRD rewrite] restored patch=34, position=(1.160, -0.585, 0.498), improvement=0.003033
[SRD rewrite] added patch=35, position=(-0.693, -0.935, 1.028), improvement=0.002832
SRD step 400: evaluated 27 candidates, 25 promising, accepted 5
  Accepted AddPatch at patch 33, improvement=0.003648
  Accepted RestorePatch(3) at patch 34, improvement=0.003033
  Accepted AddPatch at patch 35, improvement=0.002832
  Mandatory DeletePatch(33) at patch 33, reason=Area 0.001075 below minimum 0.01
  Mandatory DeletePatch(34) at patch 34, reason=Area 0.001492 below minimum 0.01
  Total patches: 36, total adds: 19, total deletes: 13
  step 400/1000: loss=0.201273, patches=35
[SRD rewrite] deleted patch=32, position=(-0.711, -0.892, 0.521), reason=Area 0.003559 below minimum 0.01
[SRD rewrite] deleted patch=16, position=(0.420, 1.060, -0.291), reason=Area 0.009572 below minimum 0.01
SRD step 450: evaluated 27 candidates, 0 promising, accepted 2
  Mandatory DeletePatch(16) at patch 16, reason=Area 0.009572 below minimum 0.01
  Mandatory DeletePatch(32) at patch 32, reason=Area 0.003559 below minimum 0.01
  Total patches: 34, total adds: 19, total deletes: 15
  step 450/1000: loss=0.165446, patches=36
[SRD rewrite] added patch=34, position=(0.146, -1.408, -0.547), improvement=0.002500
[SRD rewrite] added patch=35, position=(-0.634, -0.951, 1.004), improvement=0.001735
[SRD rewrite] added patch=36, position=(-0.008, -0.969, 1.034), improvement=0.001482
SRD step 500: evaluated 27 candidates, 22 promising, accepted 3
  Accepted AddPatch at patch 34, improvement=0.002500
  Accepted AddPatch at patch 35, improvement=0.001735
  Accepted AddPatch at patch 36, improvement=0.001482
  Total patches: 37, total adds: 22, total deletes: 15
  step 500/1000: loss=0.152774, patches=34
[SRD rewrite] deleted patch=36, position=(-0.159, -1.027, 1.102), reason=Area 0.000501 below minimum 0.01
[SRD rewrite] deleted patch=34, position=(0.176, -1.450, -0.472), reason=Area 0.002640 below minimum 0.01
SRD step 550: evaluated 27 candidates, 0 promising, accepted 2
  Mandatory DeletePatch(34) at patch 34, reason=Area 0.002640 below minimum 0.01
  Mandatory DeletePatch(36) at patch 36, reason=Area 0.000501 below minimum 0.01
  Total patches: 35, total adds: 22, total deletes: 17
  step 550/1000: loss=0.132695, patches=37
SRD step 600: evaluated 27 candidates, 0 promising, accepted 0
  Total patches: 35, total adds: 22, total deletes: 17
  step 600/1000: loss=0.124561, patches=35
[SRD rewrite] deleted patch=34, position=(-0.658, -0.911, 1.089), reason=Area 0.007607 below minimum 0.01
SRD step 650: evaluated 27 candidates, 0 promising, accepted 1
  Mandatory DeletePatch(34) at patch 34, reason=Area 0.007607 below minimum 0.01
  Total patches: 34, total adds: 22, total deletes: 18
  step 650/1000: loss=0.126037, patches=35
[SRD rewrite] deleted patch=4, position=(0.814, -1.297, -0.307), reason=Area 0.007547 below minimum 0.01
SRD step 700: evaluated 27 candidates, 0 promising, accepted 1
  Mandatory DeletePatch(4) at patch 4, reason=Area 0.007547 below minimum 0.01
  Total patches: 33, total adds: 22, total deletes: 19
  step 700/1000: loss=0.118285, patches=34
[SRD rewrite] deleted patch=13, position=(0.916, -0.607, 2.203), reason=Area 0.008861 below minimum 0.01
SRD step 750: evaluated 27 candidates, 0 promising, accepted 1
  Mandatory DeletePatch(13) at patch 13, reason=Area 0.008861 below minimum 0.01
  Total patches: 32, total adds: 22, total deletes: 20
  step 750/1000: loss=0.110514, patches=33
SRD step 800: evaluated 27 candidates, 0 promising, accepted 0
  Total patches: 32, total adds: 22, total deletes: 20
  step 800/1000: loss=0.103793, patches=32
SRD step 850: evaluated 27 candidates, 0 promising, accepted 0
  Total patches: 32, total adds: 22, total deletes: 20
  step 850/1000: loss=0.091977, patches=32
SRD step 900: evaluated 27 candidates, 0 promising, accepted 0
  Total patches: 32, total adds: 22, total deletes: 20
  step 900/1000: loss=0.090905, patches=32
SRD step 950: evaluated 27 candidates, 0 promising, accepted 0
  Total patches: 32, total adds: 22, total deletes: 20
  step 950/1000: loss=0.089751, patches=32
SRD step 1000: evaluated 27 candidates, 0 promising, accepted 0
  Total patches: 32, total adds: 22, total deletes: 20
  step 1000/1000: loss=0.089844, patches=32
[SRD rewrite] deleted patch=2, position=(-1.986, -0.631, 1.538), reason=final deletion pass improved loss
[SRD rewrite] deleted patch=6, position=(-0.295, -2.012, 2.362), reason=final deletion pass improved loss
[SRD rewrite] deleted patch=13, position=(0.606, -2.669, -1.546), reason=final deletion pass improved loss
[SRD rewrite] deleted patch=22, position=(-2.109, -2.253, 0.422), reason=final deletion pass improved loss
[Trial 1] done: loss=0.080776, time=6706.9s
[Trial 2/3] seed=1
[SRD rewrite] added patch=30, position=(0.339, -0.193, 1.003), improvement=0.022146
[SRD rewrite] added patch=31, position=(0.208, -0.344, 1.009), improvement=0.022089
[SRD rewrite] added patch=32, position=(0.554, 0.145, 1.021), improvement=0.021599
SRD step 50: evaluated 27 candidates, 27 promising, accepted 3
  Accepted AddPatch at patch 30, improvement=0.022146
  Accepted AddPatch at patch 31, improvement=0.022089
  Accepted AddPatch at patch 32, improvement=0.021599
  Total patches: 33, total adds: 3, total deletes: 0
  step 50/1000: loss=0.440165, patches=30
[SRD rewrite] split patch=3, children=32,33, improvement=0.009891
[SRD rewrite] added patch=34, position=(0.488, -0.425, 1.003), improvement=0.008506
[SRD rewrite] added patch=35, position=(0.597, -0.291, 1.185), improvement=0.008178
SRD step 100: evaluated 27 candidates, 27 promising, accepted 3
  Accepted SplitPatch(3) at patch 3, improvement=0.009891
  Accepted AddPatch at patch 34, improvement=0.008506
  Accepted AddPatch at patch 35, improvement=0.008178
  Total patches: 36, total adds: 6, total deletes: 0
  step 100/1000: loss=0.288949, patches=33
[SRD rewrite] deleted patch=33, position=(0.047, 1.199, -1.227), reason=Area 0.004602 below minimum 0.01
[SRD rewrite] deleted patch=32, position=(-0.051, 1.117, -1.316), reason=Area 0.004301 below minimum 0.01
[SRD rewrite] deleted patch=2, position=(0.788, 1.034, -0.347), reason=Area 0.003052 below minimum 0.01
[SRD rewrite] added patch=33, position=(-0.989, 0.489, 1.167), improvement=0.000366
SRD step 150: evaluated 27 candidates, 1 promising, accepted 4
  Accepted AddPatch at patch 33, improvement=0.000366
  Mandatory DeletePatch(2) at patch 2, reason=Area 0.003052 below minimum 0.01
  Mandatory DeletePatch(32) at patch 32, reason=Area 0.004301 below minimum 0.01
  Mandatory DeletePatch(33) at patch 33, reason=Area 0.004602 below minimum 0.01
  Total patches: 34, total adds: 7, total deletes: 3
  step 150/1000: loss=0.234519, patches=36
[SRD rewrite] deleted patch=33, position=(-0.989, 0.489, 1.167), reason=Area 0.009291 below minimum 0.01
[SRD rewrite] deleted patch=32, position=(0.617, -0.317, 1.276), reason=Area 0.003444 below minimum 0.01
[SRD rewrite] deleted patch=30, position=(0.725, 0.208, 0.694), reason=Area 0.002171 below minimum 0.01
[SRD rewrite] deleted patch=24, position=(-0.193, 1.119, -0.246), reason=Area 0.006523 below minimum 0.01
[SRD rewrite] deleted patch=22, position=(-0.051, -0.090, 1.429), reason=Area 0.001024 below minimum 0.01
SRD step 200: evaluated 27 candidates, 0 promising, accepted 5
  Mandatory DeletePatch(22) at patch 22, reason=Area 0.001024 below minimum 0.01
  Mandatory DeletePatch(24) at patch 24, reason=Area 0.006523 below minimum 0.01
  Mandatory DeletePatch(30) at patch 30, reason=Area 0.002171 below minimum 0.01
  Mandatory DeletePatch(32) at patch 32, reason=Area 0.003444 below minimum 0.01
  Mandatory DeletePatch(33) at patch 33, reason=Area 0.009291 below minimum 0.01
  Total patches: 29, total adds: 7, total deletes: 8
  step 200/1000: loss=0.215260, patches=34
[SRD rewrite] deleted patch=27, position=(0.400, -0.173, 1.347), reason=Area 0.001609 below minimum 0.01
SRD step 250: evaluated 27 candidates, 0 promising, accepted 1
  Mandatory DeletePatch(27) at patch 27, reason=Area 0.001609 below minimum 0.01
  Total patches: 28, total adds: 7, total deletes: 9
  step 250/1000: loss=0.202824, patches=29
SRD step 300: evaluated 27 candidates, 0 promising, accepted 0
  Total patches: 28, total adds: 7, total deletes: 9
  step 300/1000: loss=0.205958, patches=28
[SRD rewrite] deleted patch=26, position=(0.652, -0.196, 1.275), reason=Area 0.008302 below minimum 0.01
[SRD rewrite] deleted patch=10, position=(-0.495, -0.849, 2.454), reason=Area 0.007221 below minimum 0.01
[SRD rewrite] deleted patch=0, position=(-0.002, -1.478, 0.503), reason=Area 0.002068 below minimum 0.01
SRD step 350: evaluated 27 candidates, 0 promising, accepted 3
  Mandatory DeletePatch(0) at patch 0, reason=Area 0.002068 below minimum 0.01
  Mandatory DeletePatch(10) at patch 10, reason=Area 0.007221 below minimum 0.01
  Mandatory DeletePatch(26) at patch 26, reason=Area 0.008302 below minimum 0.01
  Total patches: 25, total adds: 7, total deletes: 12
  step 350/1000: loss=0.202407, patches=28
SRD step 400: evaluated 27 candidates, 0 promising, accepted 0
  Total patches: 25, total adds: 7, total deletes: 12
  step 400/1000: loss=0.200660, patches=25
SRD step 450: evaluated 27 candidates, 0 promising, accepted 0
  Total patches: 25, total adds: 7, total deletes: 12
  step 450/1000: loss=0.203464, patches=25
SRD step 500: evaluated 27 candidates, 0 promising, accepted 0
  Total patches: 25, total adds: 7, total deletes: 12
  step 500/1000: loss=0.199552, patches=25
[SRD rewrite] deleted patch=7, position=(-0.336, -0.759, 2.381), reason=Area 0.007164 below minimum 0.01
SRD step 550: evaluated 27 candidates, 0 promising, accepted 1
  Mandatory DeletePatch(7) at patch 7, reason=Area 0.007164 below minimum 0.01
  Total patches: 24, total adds: 7, total deletes: 13
  step 550/1000: loss=0.196780, patches=25
SRD step 600: evaluated 27 candidates, 0 promising, accepted 0
  Total patches: 24, total adds: 7, total deletes: 13
  step 600/1000: loss=0.187368, patches=24
[SRD rewrite] added patch=24, position=(0.637, -0.410, 0.511), improvement=0.000501
SRD step 650: evaluated 27 candidates, 1 promising, accepted 1
  Accepted AddPatch at patch 24, improvement=0.000501
  Total patches: 25, total adds: 8, total deletes: 13
  step 650/1000: loss=0.180368, patches=24
[SRD rewrite] added patch=25, position=(1.132, -0.584, 0.335), improvement=0.001490
[SRD rewrite] added patch=26, position=(-1.288, 0.003, 1.021), improvement=0.001356
[SRD rewrite] added patch=27, position=(0.671, -0.872, 0.960), improvement=0.001050
SRD step 700: evaluated 27 candidates, 6 promising, accepted 3
  Accepted AddPatch at patch 25, improvement=0.001490
  Accepted AddPatch at patch 26, improvement=0.001356
  Accepted AddPatch at patch 27, improvement=0.001050
  Total patches: 28, total adds: 11, total deletes: 13
  step 700/1000: loss=0.174395, patches=25
[SRD rewrite] deleted patch=1, position=(0.651, -2.495, -0.470), reason=no image contribution, delete has no image effect
[SRD rewrite] added patch=27, position=(-1.087, 0.537, 0.913), improvement=0.001796
[SRD rewrite] added patch=28, position=(0.576, -0.434, 0.600), improvement=0.001113
[SRD rewrite] added patch=29, position=(-0.890, -0.483, 0.895), improvement=0.000900
SRD step 750: evaluated 27 candidates, 8 promising, accepted 4
  Accepted AddPatch at patch 27, improvement=0.001796
  Accepted AddPatch at patch 28, improvement=0.001113
  Accepted AddPatch at patch 29, improvement=0.000900
  Mandatory DeletePatch(1) at patch 1, reason=no image contribution, delete has no image effect
  Total patches: 30, total adds: 14, total deletes: 14
  step 750/1000: loss=0.139653, patches=28
[SRD rewrite] deleted patch=29, position=(-0.800, -0.391, 0.980), reason=Area 0.000383 below minimum 0.01
[SRD rewrite] deleted patch=28, position=(0.572, -0.429, 0.611), reason=Area 0.004399 below minimum 0.01
SRD step 800: evaluated 27 candidates, 0 promising, accepted 2
  Mandatory DeletePatch(28) at patch 28, reason=Area 0.004399 below minimum 0.01
  Mandatory DeletePatch(29) at patch 29, reason=Area 0.000383 below minimum 0.01
  Total patches: 28, total adds: 14, total deletes: 16
  step 800/1000: loss=0.114237, patches=30
SRD step 850: evaluated 27 candidates, 0 promising, accepted 0
  Total patches: 28, total adds: 14, total deletes: 16
  step 850/1000: loss=0.104160, patches=28
SRD step 900: evaluated 27 candidates, 0 promising, accepted 0
  Total patches: 28, total adds: 14, total deletes: 16
  step 900/1000: loss=0.102651, patches=28
SRD step 950: evaluated 27 candidates, 0 promising, accepted 0
  Total patches: 28, total adds: 14, total deletes: 16
  step 950/1000: loss=0.100802, patches=28
SRD step 1000: evaluated 27 candidates, 0 promising, accepted 0
  Total patches: 28, total adds: 14, total deletes: 16
  step 1000/1000: loss=0.100502, patches=28
[SRD rewrite] deleted patch=10, position=(0.265, -0.418, 2.154), reason=final deletion pass improved loss
[SRD rewrite] deleted patch=13, position=(-1.956, -1.488, 1.068), reason=final deletion pass improved loss
[SRD rewrite] deleted patch=18, position=(-0.442, -0.671, 2.383), reason=final deletion pass improved loss
[Trial 2] done: loss=0.089425, time=5488.4s
[Trial 3/3] seed=2
[SRD rewrite] added patch=30, position=(-0.036, 0.288, 1.197), improvement=0.022233
[SRD rewrite] added patch=31, position=(-0.421, 0.405, 1.093), improvement=0.021964
[SRD rewrite] added patch=32, position=(-0.262, -0.502, 1.036), improvement=0.021909
SRD step 50: evaluated 27 candidates, 27 promising, accepted 3
  Accepted AddPatch at patch 30, improvement=0.022233
  Accepted AddPatch at patch 31, improvement=0.021964
  Accepted AddPatch at patch 32, improvement=0.021909
  Total patches: 33, total adds: 3, total deletes: 0
  step 50/1000: loss=0.422449, patches=30
[SRD rewrite] added patch=33, position=(-0.009, -0.448, 1.336), improvement=0.005031
[SRD rewrite] added patch=34, position=(-0.042, -0.583, 0.789), improvement=0.004638
[SRD rewrite] added patch=35, position=(-0.036, -0.545, 0.732), improvement=0.004439
SRD step 100: evaluated 27 candidates, 24 promising, accepted 3
  Accepted AddPatch at patch 33, improvement=0.005031
  Accepted AddPatch at patch 34, improvement=0.004638
  Accepted AddPatch at patch 35, improvement=0.004439
  Total patches: 36, total adds: 6, total deletes: 0
  step 100/1000: loss=0.283527, patches=33
[SRD rewrite] deleted patch=35, position=(-0.001, -0.415, 0.606), reason=Area 0.000211 below minimum 0.01
[SRD rewrite] deleted patch=34, position=(-0.021, -0.503, 0.920), reason=Area 0.002860 below minimum 0.01
[SRD rewrite] added patch=34, position=(0.604, -0.805, 0.710), improvement=0.002761
[SRD rewrite] added patch=35, position=(-0.671, -0.926, 0.978), improvement=0.002129
SRD step 150: evaluated 27 candidates, 24 promising, accepted 5
  Accepted AddPatch at patch 34, improvement=0.002761
  Accepted AddPatch at patch 35, improvement=0.002129
  Accepted SplitPatch(13) at patch 13, improvement=0.001966
  Mandatory DeletePatch(34) at patch 34, reason=Area 0.002860 below minimum 0.01
  Mandatory DeletePatch(35) at patch 35, reason=Area 0.000211 below minimum 0.01
  Total patches: 36, total adds: 8, total deletes: 2
  step 150/1000: loss=0.221691, patches=36
[SRD rewrite] deleted patch=2, position=(-0.743, -0.080, 0.577), reason=Area 0.002993 below minimum 0.01
[SRD rewrite] added patch=35, position=(-0.028, -0.406, 0.930), improvement=0.002571
[SRD rewrite] added patch=36, position=(-0.002, -1.408, -0.614), improvement=0.002363
[SRD rewrite] added patch=37, position=(-0.632, 0.907, 1.049), improvement=0.002134
SRD step 200: evaluated 27 candidates, 23 promising, accepted 4
  Accepted AddPatch at patch 35, improvement=0.002571
  Accepted AddPatch at patch 36, improvement=0.002363
  Accepted AddPatch at patch 37, improvement=0.002134
  Mandatory DeletePatch(2) at patch 2, reason=Area 0.002993 below minimum 0.01
  Total patches: 38, total adds: 11, total deletes: 3
  step 200/1000: loss=0.179761, patches=36
[SRD rewrite] deleted patch=36, position=(-0.149, -1.505, -0.632), reason=Area 0.000181 below minimum 0.01
[SRD rewrite] deleted patch=22, position=(0.162, 0.123, 0.360), reason=Area 0.008847 below minimum 0.01
[SRD rewrite] deleted patch=19, position=(1.685, -0.778, 0.160), reason=Area 0.002438 below minimum 0.01
SRD step 250: evaluated 27 candidates, 0 promising, accepted 3
  Mandatory DeletePatch(19) at patch 19, reason=Area 0.002438 below minimum 0.01
  Mandatory DeletePatch(22) at patch 22, reason=Area 0.008847 below minimum 0.01
  Mandatory DeletePatch(36) at patch 36, reason=Area 0.000181 below minimum 0.01
  Total patches: 35, total adds: 11, total deletes: 6
  step 250/1000: loss=0.143908, patches=38
[SRD rewrite] added patch=35, position=(0.041, 1.326, -1.119), improvement=0.002817
[SRD rewrite] added patch=36, position=(-0.677, -0.207, 0.662), improvement=0.002611
[SRD rewrite] added patch=37, position=(-0.662, -1.108, 0.779), improvement=0.002523
SRD step 300: evaluated 27 candidates, 24 promising, accepted 3
  Accepted AddPatch at patch 35, improvement=0.002817
  Accepted AddPatch at patch 36, improvement=0.002611
  Accepted AddPatch at patch 37, improvement=0.002523
  Total patches: 38, total adds: 14, total deletes: 6
  step 300/1000: loss=0.134105, patches=35
[SRD rewrite] deleted patch=37, position=(-0.684, -1.139, 0.757), reason=Area 0.000393 below minimum 0.01
[SRD rewrite] deleted patch=35, position=(-0.039, 1.270, -1.055), reason=Area 0.007452 below minimum 0.01
[SRD rewrite] deleted patch=30, position=(0.172, -0.181, 1.324), reason=Area 0.008844 below minimum 0.01
[SRD rewrite] deleted patch=20, position=(1.988, -1.090, 0.588), reason=Area 0.007718 below minimum 0.01
SRD step 350: evaluated 27 candidates, 0 promising, accepted 4
  Mandatory DeletePatch(20) at patch 20, reason=Area 0.007718 below minimum 0.01
  Mandatory DeletePatch(30) at patch 30, reason=Area 0.008844 below minimum 0.01
  Mandatory DeletePatch(35) at patch 35, reason=Area 0.007452 below minimum 0.01
  Mandatory DeletePatch(37) at patch 37, reason=Area 0.000393 below minimum 0.01
  Total patches: 34, total adds: 14, total deletes: 10
  step 350/1000: loss=0.119903, patches=38
[SRD rewrite] deleted patch=14, position=(-2.055, -1.145, 0.401), reason=Area 0.007429 below minimum 0.01
SRD step 400: evaluated 27 candidates, 0 promising, accepted 1
  Mandatory DeletePatch(14) at patch 14, reason=Area 0.007429 below minimum 0.01
  Total patches: 33, total adds: 14, total deletes: 11
  step 400/1000: loss=0.116157, patches=34
SRD step 450: evaluated 27 candidates, 0 promising, accepted 0
  Total patches: 33, total adds: 14, total deletes: 11
  step 450/1000: loss=0.114210, patches=33
[SRD rewrite] deleted patch=20, position=(-0.836, 0.508, 0.684), reason=delete has no image effect
SRD step 500: evaluated 27 candidates, 0 promising, accepted 1
  Mandatory DeletePatch(20) at patch 20, reason=delete has no image effect
  Total patches: 32, total adds: 14, total deletes: 12
  step 500/1000: loss=0.111772, patches=33
[SRD rewrite] deleted patch=25, position=(-0.416, 0.590, 0.937), reason=Area 0.004774 below minimum 0.01
[SRD rewrite] deleted patch=21, position=(1.017, -0.428, 0.274), reason=Area 0.008096 below minimum 0.01
SRD step 550: evaluated 27 candidates, 0 promising, accepted 2
  Mandatory DeletePatch(21) at patch 21, reason=Area 0.008096 below minimum 0.01
  Mandatory DeletePatch(25) at patch 25, reason=Area 0.004774 below minimum 0.01
  Total patches: 30, total adds: 14, total deletes: 14
  step 550/1000: loss=0.109474, patches=32
SRD step 600: evaluated 27 candidates, 0 promising, accepted 0
  Total patches: 30, total adds: 14, total deletes: 14
  step 600/1000: loss=0.108666, patches=30
SRD step 650: evaluated 27 candidates, 0 promising, accepted 0
  Total patches: 30, total adds: 14, total deletes: 14
  step 650/1000: loss=0.108296, patches=30
SRD step 700: evaluated 27 candidates, 0 promising, accepted 0
  Total patches: 30, total adds: 14, total deletes: 14
  step 700/1000: loss=0.106431, patches=30
SRD step 750: evaluated 27 candidates, 0 promising, accepted 0
  Total patches: 30, total adds: 14, total deletes: 14
  step 750/1000: loss=0.108107, patches=30
SRD step 800: evaluated 27 candidates, 0 promising, accepted 0
  Total patches: 30, total adds: 14, total deletes: 14
  step 800/1000: loss=0.107374, patches=30
SRD step 850: evaluated 27 candidates, 0 promising, accepted 0
  Total patches: 30, total adds: 14, total deletes: 14
  step 850/1000: loss=0.123810, patches=30
SRD step 900: evaluated 27 candidates, 0 promising, accepted 0
  Total patches: 30, total adds: 14, total deletes: 14
  step 900/1000: loss=0.122982, patches=30
[SRD rewrite] deleted patch=29, position=(-0.738, -0.264, 0.598), reason=Area 0.002822 below minimum 0.01
SRD step 950: evaluated 27 candidates, 0 promising, accepted 1
  Mandatory DeletePatch(29) at patch 29, reason=Area 0.002822 below minimum 0.01
  Total patches: 29, total adds: 14, total deletes: 15
  step 950/1000: loss=0.122102, patches=30
[SRD rewrite] deleted patch=16, position=(0.374, 0.008, 0.690), reason=Area 0.002506 below minimum 0.01
[SRD rewrite] deleted patch=6, position=(-0.937, -0.524, 0.669), reason=delete has no image effect
SRD step 1000: evaluated 27 candidates, 0 promising, accepted 2
  Mandatory DeletePatch(16) at patch 16, reason=Area 0.002506 below minimum 0.01
  Mandatory DeletePatch(6) at patch 6, reason=delete has no image effect
  Total patches: 27, total adds: 14, total deletes: 17
  step 1000/1000: loss=0.119860, patches=29
[SRD rewrite] deleted patch=9, position=(-1.484, -0.147, 2.459), reason=final deletion pass improved loss
[SRD rewrite] deleted patch=16, position=(1.909, -0.278, 0.964), reason=final deletion pass improved loss
[SRD rewrite] deleted patch=18, position=(-1.868, -2.181, -0.391), reason=final deletion pass improved loss
[Trial 3] done: loss=0.086164, time=6436.3s
[Run] report written to results/slurm/20260718_0340/patchsize_sun_moon_30/patches_30/with_srd/with_srd.txt
[Swept volume] building (resolution=256)...
[Run] mode=full, trials=3, seeds=[0, 1, 2], steps=1000, srd=False, ablation_flags={'disable_swept_volume_adds': True, 'loss_only_deletion': True, 'disable_splitting': False}
[Trial 1/3] seed=0
[Patch] mapbox-earcut is not installed; falling back to fan fill, so non-convex pieces will render incorrectly. Install it with: pip install mapbox-earcut
  step 50/1000: loss=0.469329, patches=30
  step 100/1000: loss=0.350045, patches=30
  step 150/1000: loss=0.287506, patches=30
  step 200/1000: loss=0.262948, patches=30
  step 250/1000: loss=0.241649, patches=30
  step 300/1000: loss=0.227366, patches=30
  step 350/1000: loss=0.213607, patches=30
  step 400/1000: loss=0.205188, patches=30
  step 450/1000: loss=0.188414, patches=30
  step 500/1000: loss=0.186494, patches=30
  step 550/1000: loss=0.185600, patches=30
  step 600/1000: loss=0.187829, patches=30
  step 650/1000: loss=0.188013, patches=30
  step 700/1000: loss=0.186241, patches=30
  step 750/1000: loss=0.184835, patches=30
  step 800/1000: loss=0.181599, patches=30
  step 850/1000: loss=0.176940, patches=30
  step 900/1000: loss=0.176453, patches=30
  step 950/1000: loss=0.175937, patches=30
  step 1000/1000: loss=0.177136, patches=30
[Trial 1] done: loss=0.177010, time=1537.8s
[Trial 2/3] seed=1
  step 50/1000: loss=0.440165, patches=30
  step 100/1000: loss=0.287109, patches=30
  step 150/1000: loss=0.255318, patches=30
  step 200/1000: loss=0.229987, patches=30
  step 250/1000: loss=0.221076, patches=30
  step 300/1000: loss=0.219530, patches=30
  step 350/1000: loss=0.212567, patches=30
  step 400/1000: loss=0.202245, patches=30
  step 450/1000: loss=0.194227, patches=30
  step 500/1000: loss=0.194998, patches=30
  step 550/1000: loss=0.194589, patches=30
  step 600/1000: loss=0.192013, patches=30
  step 650/1000: loss=0.183819, patches=30
  step 700/1000: loss=0.181696, patches=30
  step 750/1000: loss=0.177428, patches=30
  step 800/1000: loss=0.175916, patches=30
  step 850/1000: loss=0.172231, patches=30
  step 900/1000: loss=0.174674, patches=30
  step 950/1000: loss=0.178714, patches=30
  step 1000/1000: loss=0.174875, patches=30
[Trial 2] done: loss=0.175495, time=1556.8s
[Trial 3/3] seed=2
  step 50/1000: loss=0.422449, patches=30
  step 100/1000: loss=0.305243, patches=30
  step 150/1000: loss=0.255984, patches=30
  step 200/1000: loss=0.218458, patches=30
  step 250/1000: loss=0.202341, patches=30
  step 300/1000: loss=0.168507, patches=30
  step 350/1000: loss=0.152084, patches=30
  step 400/1000: loss=0.142859, patches=30
  step 450/1000: loss=0.138541, patches=30
  step 500/1000: loss=0.130867, patches=30
  step 550/1000: loss=0.125701, patches=30
  step 600/1000: loss=0.126288, patches=30
  step 650/1000: loss=0.123580, patches=30
  step 700/1000: loss=0.122457, patches=30
  step 750/1000: loss=0.122799, patches=30
  step 800/1000: loss=0.123266, patches=30
  step 850/1000: loss=0.118907, patches=30
  step 900/1000: loss=0.117116, patches=30
  step 950/1000: loss=0.119399, patches=30
  step 1000/1000: loss=0.118601, patches=30
[Trial 3] done: loss=0.119093, time=1558.8s
[Run] report written to results/slurm/20260718_0340/patchsize_sun_moon_30/patches_30/without_srd/without_srd.txt

======================================================================
Running 3 trials WITH SRD
======================================================================


======================================================================
Running 3 trials WITHOUT SRD
======================================================================


[Comparison] report written to results/slurm/20260718_0340/patchsize_sun_moon_30/patches_30/comparison.txt

======================================================================
SRD Patch Size Comparison
======================================================================
Started: 2026-07-18T04:50:58
Patch sizes: [30]
Trials per size: 3
Steps per trial: 1000
Output directory: results/slurm/20260718_0340/patchsize_sun_moon_30
======================================================================


======================================================================
Running comparison with 30 initial patches
  Target 1: images/sun.png
  Target 2: images/moon.png
  Trials: 3, Steps: 1000
======================================================================

[OK] Comparison with 30 patches completed successfully

======================================================================
Comparison Summary
======================================================================
Successful: 1/1
Total time: 23895.7 seconds (6.64 hours)
Summary report: results/slurm/20260718_0340/patchsize_sun_moon_30/SUMMARY.txt
======================================================================

