## SLURM PROLOG ###############################################################
##    Job ID : 4080005
##  Job Name : 20260718_0340_patchsize_cat_face_bass_20
##  Nodelist : gpu2109
##      CPUs : 
##  Mem/Node : 128000 MB
## Directory : /oscar/home/cjmok/automated-perspective-sculptor
##   Job Started : Sat Jul 18 04:10:56 AM EDT 2026
###############################################################################
[Swept volume] building (resolution=256)...
[Run] mode=full, trials=3, seeds=[0, 1, 2], steps=1000, srd=True, ablation_flags={'disable_swept_volume_adds': False, 'loss_only_deletion': False, 'disable_splitting': False}
[Trial 1/3] seed=0
[Patch] mapbox-earcut is not installed; falling back to fan fill, so non-convex pieces will render incorrectly. Install it with: pip install mapbox-earcut
[SRD rewrite] added patch=20, position=(0.751, 0.344, -1.327), improvement=0.026610
[SRD rewrite] added patch=21, position=(0.722, 0.327, -1.346), improvement=0.026604
[SRD rewrite] added patch=22, position=(-0.360, 0.444, -0.042), improvement=0.026295
SRD step 50: evaluated 27 candidates, 27 promising, accepted 3
  Accepted AddPatch at patch 20, improvement=0.026610
  Accepted AddPatch at patch 21, improvement=0.026604
  Accepted AddPatch at patch 22, improvement=0.026295
  Total patches: 23, total adds: 3, total deletes: 0
  step 50/1000: loss=0.603188, patches=20
[SRD rewrite] deleted patch=21, position=(0.634, 0.280, -1.305), reason=Area 0.005008 below minimum 0.01
[SRD rewrite] deleted patch=20, position=(0.773, 0.413, -1.300), reason=Area 0.002455 below minimum 0.01
[SRD rewrite] added patch=21, position=(-0.743, 0.325, 1.134), improvement=0.011593
[SRD rewrite] added patch=22, position=(0.121, 0.517, -0.134), improvement=0.011056
[SRD rewrite] added patch=23, position=(0.320, 0.295, 0.100), improvement=0.010447
SRD step 100: evaluated 27 candidates, 24 promising, accepted 5
  Accepted AddPatch at patch 21, improvement=0.011593
  Accepted AddPatch at patch 22, improvement=0.011056
  Accepted AddPatch at patch 23, improvement=0.010447
  Mandatory DeletePatch(20) at patch 20, reason=Area 0.002455 below minimum 0.01
  Mandatory DeletePatch(21) at patch 21, reason=Area 0.005008 below minimum 0.01
  Total patches: 24, total adds: 6, total deletes: 2
  step 100/1000: loss=0.409300, patches=23
[SRD rewrite] deleted patch=23, position=(0.320, 0.295, 0.100), reason=Area 0.009291 below minimum 0.01
[SRD rewrite] added patch=23, position=(0.788, 0.308, 1.332), improvement=0.003101
[SRD rewrite] added patch=24, position=(0.406, 0.160, 1.515), improvement=0.002966
[SRD rewrite] added patch=25, position=(0.290, 0.606, -1.399), improvement=0.002728
SRD step 150: evaluated 27 candidates, 23 promising, accepted 4
  Accepted AddPatch at patch 23, improvement=0.003101
  Accepted AddPatch at patch 24, improvement=0.002966
  Accepted AddPatch at patch 25, improvement=0.002728
  Mandatory DeletePatch(23) at patch 23, reason=Area 0.009291 below minimum 0.01
  Total patches: 26, total adds: 9, total deletes: 3
  step 150/1000: loss=0.328886, patches=24
[SRD rewrite] deleted patch=25, position=(0.290, 0.606, -1.399), reason=Area 0.009291 below minimum 0.01
[SRD rewrite] deleted patch=24, position=(0.327, 0.206, 1.521), reason=Area 0.000294 below minimum 0.01
[SRD rewrite] deleted patch=23, position=(0.789, 0.325, 1.398), reason=Area 0.001403 below minimum 0.01
[SRD rewrite] deleted patch=20, position=(-0.123, 0.398, 0.154), reason=delete has no image effect
[SRD rewrite] added patch=22, position=(-0.328, 0.364, 1.575), improvement=0.009683
[SRD rewrite] added patch=23, position=(-0.113, 0.195, 1.558), improvement=0.009058
[SRD rewrite] added patch=24, position=(0.188, 0.162, 1.559), improvement=0.009041
SRD step 200: evaluated 27 candidates, 27 promising, accepted 7
  Accepted AddPatch at patch 22, improvement=0.009683
  Accepted AddPatch at patch 23, improvement=0.009058
  Accepted AddPatch at patch 24, improvement=0.009041
  Mandatory DeletePatch(23) at patch 23, reason=Area 0.001403 below minimum 0.01
  Mandatory DeletePatch(24) at patch 24, reason=Area 0.000294 below minimum 0.01
  Mandatory DeletePatch(25) at patch 25, reason=Area 0.009291 below minimum 0.01
  Mandatory DeletePatch(20) at patch 20, reason=delete has no image effect
  Total patches: 25, total adds: 12, total deletes: 7
  step 200/1000: loss=0.280407, patches=26
[SRD rewrite] deleted patch=24, position=(0.136, 0.202, 1.532), reason=Area 0.002630 below minimum 0.01
[SRD rewrite] deleted patch=23, position=(-0.075, 0.280, 1.593), reason=Area 0.000471 below minimum 0.01
[SRD rewrite] deleted patch=2, position=(0.560, -0.487, 1.635), reason=Area 0.001893 below minimum 0.01
[SRD rewrite] restored patch=22, position=(0.136, 0.202, 1.532), improvement=0.003109
[SRD rewrite] added patch=23, position=(-0.424, 0.148, 1.639), improvement=0.003095
[SRD rewrite] added patch=24, position=(-1.378, 0.140, -1.695), improvement=0.002940
SRD step 250: evaluated 27 candidates, 24 promising, accepted 6
  Accepted RestorePatch(7) at patch 22, improvement=0.003109
  Accepted AddPatch at patch 23, improvement=0.003095
  Accepted AddPatch at patch 24, improvement=0.002940
  Mandatory DeletePatch(2) at patch 2, reason=Area 0.001893 below minimum 0.01
  Mandatory DeletePatch(23) at patch 23, reason=Area 0.000471 below minimum 0.01
  Mandatory DeletePatch(24) at patch 24, reason=Area 0.002630 below minimum 0.01
  Total patches: 25, total adds: 15, total deletes: 10
  step 250/1000: loss=0.223958, patches=25
[SRD rewrite] deleted patch=23, position=(-0.428, 0.174, 1.631), reason=Area 0.007767 below minimum 0.01
[SRD rewrite] deleted patch=22, position=(0.084, 0.241, 1.542), reason=Area 0.004556 below minimum 0.01
[SRD rewrite] deleted patch=4, position=(0.634, -0.508, 1.422), reason=Area 0.009441 below minimum 0.01
[SRD rewrite] added patch=22, position=(-0.820, -0.427, 1.886), improvement=0.000943
[SRD rewrite] added patch=23, position=(0.405, 0.270, 1.483), improvement=0.000566
[SRD rewrite] restored patch=24, position=(0.290, 0.606, -1.399), improvement=0.000065
SRD step 300: evaluated 27 candidates, 4 promising, accepted 6
  Accepted AddPatch at patch 22, improvement=0.000943
  Accepted AddPatch at patch 23, improvement=0.000566
  Accepted RestorePatch(3) at patch 24, improvement=0.000065
  Mandatory DeletePatch(4) at patch 4, reason=Area 0.009441 below minimum 0.01
  Mandatory DeletePatch(22) at patch 22, reason=Area 0.004556 below minimum 0.01
  Mandatory DeletePatch(23) at patch 23, reason=Area 0.007767 below minimum 0.01
  Total patches: 25, total adds: 18, total deletes: 13
  step 300/1000: loss=0.210041, patches=25
[SRD rewrite] deleted patch=24, position=(0.290, 0.606, -1.399), reason=Area 0.009291 below minimum 0.01
[SRD rewrite] deleted patch=23, position=(0.309, 0.314, 1.507), reason=Area 0.000295 below minimum 0.01
[SRD rewrite] deleted patch=13, position=(0.561, -0.092, 2.147), reason=Area 0.009973 below minimum 0.01
[SRD rewrite] added patch=22, position=(0.337, 0.195, 1.448), improvement=0.001643
[SRD rewrite] added patch=23, position=(0.524, 0.225, 1.446), improvement=0.001441
[SRD rewrite] added patch=24, position=(-1.191, 0.203, -1.719), improvement=0.001273
SRD step 350: evaluated 27 candidates, 18 promising, accepted 6
  Accepted AddPatch at patch 22, improvement=0.001643
  Accepted AddPatch at patch 23, improvement=0.001441
  Accepted AddPatch at patch 24, improvement=0.001273
  Mandatory DeletePatch(13) at patch 13, reason=Area 0.009973 below minimum 0.01
  Mandatory DeletePatch(23) at patch 23, reason=Area 0.000295 below minimum 0.01
  Mandatory DeletePatch(24) at patch 24, reason=Area 0.009291 below minimum 0.01
  Total patches: 25, total adds: 21, total deletes: 16
  step 350/1000: loss=0.190173, patches=25
[SRD rewrite] deleted patch=23, position=(0.514, 0.320, 1.486), reason=Area 0.000400 below minimum 0.01
[SRD rewrite] deleted patch=22, position=(0.211, 0.305, 1.539), reason=Area 0.000163 below minimum 0.01
[SRD rewrite] deleted patch=20, position=(-1.484, 0.079, -1.534), reason=Area 0.008047 below minimum 0.01
SRD step 400: evaluated 27 candidates, 0 promising, accepted 3
  Mandatory DeletePatch(20) at patch 20, reason=Area 0.008047 below minimum 0.01
  Mandatory DeletePatch(22) at patch 22, reason=Area 0.000163 below minimum 0.01
  Mandatory DeletePatch(23) at patch 23, reason=Area 0.000400 below minimum 0.01
  Total patches: 22, total adds: 21, total deletes: 19
  step 400/1000: loss=0.182596, patches=25
[SRD rewrite] deleted patch=18, position=(0.148, 0.437, -0.124), reason=delete has no image effect
SRD step 450: evaluated 27 candidates, 0 promising, accepted 1
  Mandatory DeletePatch(18) at patch 18, reason=delete has no image effect
  Total patches: 21, total adds: 21, total deletes: 20
  step 450/1000: loss=0.180371, patches=22
[SRD rewrite] restored patch=21, position=(-0.428, 0.174, 1.631), improvement=0.000435
[SRD rewrite] added patch=22, position=(0.714, 0.767, -0.360), improvement=0.000043
SRD step 500: evaluated 27 candidates, 2 promising, accepted 2
  Accepted RestorePatch(8) at patch 21, improvement=0.000435
  Accepted AddPatch at patch 22, improvement=0.000043
  Total patches: 23, total adds: 23, total deletes: 20
  step 500/1000: loss=0.171975, patches=21
[SRD rewrite] deleted patch=21, position=(-0.365, 0.173, 1.623), reason=Area 0.007259 below minimum 0.01
[SRD rewrite] deleted patch=12, position=(-0.371, 0.280, -1.768), reason=Area 0.007872 below minimum 0.01
SRD step 550: evaluated 27 candidates, 0 promising, accepted 2
  Mandatory DeletePatch(12) at patch 12, reason=Area 0.007872 below minimum 0.01
  Mandatory DeletePatch(21) at patch 21, reason=Area 0.007259 below minimum 0.01
  Total patches: 21, total adds: 23, total deletes: 22
  step 550/1000: loss=0.147879, patches=23
SRD step 600: evaluated 27 candidates, 0 promising, accepted 0
  Total patches: 21, total adds: 23, total deletes: 22
  step 600/1000: loss=0.141779, patches=21
[SRD rewrite] deleted patch=8, position=(-0.421, -0.199, -2.055), reason=Area 0.008126 below minimum 0.01
SRD step 650: evaluated 27 candidates, 16 promising, accepted 4
  Accepted SplitPatch(6) at patch 6, improvement=0.001296
  Accepted SplitPatch(7) at patch 7, improvement=0.001296
  Accepted SplitPatch(0) at patch 0, improvement=0.001296
  Mandatory DeletePatch(8) at patch 8, reason=Area 0.008126 below minimum 0.01
  Total patches: 20, total adds: 23, total deletes: 23
  step 650/1000: loss=0.139045, patches=21
SRD step 700: evaluated 27 candidates, 0 promising, accepted 0
  Total patches: 20, total adds: 23, total deletes: 23
  step 700/1000: loss=0.131557, patches=20
SRD step 750: evaluated 27 candidates, 0 promising, accepted 0
  Total patches: 20, total adds: 23, total deletes: 23
  step 750/1000: loss=0.126431, patches=20
[SRD rewrite] deleted patch=14, position=(1.285, 1.227, -0.631), reason=Area 0.002806 below minimum 0.01
[SRD rewrite] deleted patch=3, position=(-2.250, -0.250, -1.550), reason=Area 0.005946 below minimum 0.01
[SRD rewrite] deleted patch=16, position=(-1.411, 0.130, -1.575), reason=delete has no image effect
SRD step 800: evaluated 27 candidates, 0 promising, accepted 3
  Mandatory DeletePatch(3) at patch 3, reason=Area 0.005946 below minimum 0.01
  Mandatory DeletePatch(14) at patch 14, reason=Area 0.002806 below minimum 0.01
  Mandatory DeletePatch(16) at patch 16, reason=delete has no image effect
  Total patches: 17, total adds: 23, total deletes: 26
  step 800/1000: loss=0.123098, patches=20
SRD step 850: evaluated 27 candidates, 0 promising, accepted 0
  Total patches: 17, total adds: 23, total deletes: 26
  step 850/1000: loss=0.121724, patches=17
SRD step 900: evaluated 27 candidates, 0 promising, accepted 0
  Total patches: 17, total adds: 23, total deletes: 26
  step 900/1000: loss=0.123464, patches=17
SRD step 950: evaluated 27 candidates, 0 promising, accepted 0
  Total patches: 17, total adds: 23, total deletes: 26
  step 950/1000: loss=0.123060, patches=17
SRD step 1000: evaluated 27 candidates, 0 promising, accepted 0
  Total patches: 17, total adds: 23, total deletes: 26
  step 1000/1000: loss=0.122518, patches=17
[SRD rewrite] deleted patch=2, position=(-2.436, 1.370, -1.022), reason=final deletion pass improved loss
[Trial 1] done: loss=0.121573, time=4033.5s
[Trial 2/3] seed=1
[SRD rewrite] split patch=16, children=19,20, improvement=0.012880
[SRD rewrite] added patch=21, position=(0.516, 0.339, 1.396), improvement=0.012809
[SRD rewrite] added patch=22, position=(0.502, 0.459, 1.380), improvement=0.012729
SRD step 50: evaluated 27 candidates, 25 promising, accepted 3
  Accepted SplitPatch(16) at patch 16, improvement=0.012880
  Accepted AddPatch at patch 21, improvement=0.012809
  Accepted AddPatch at patch 22, improvement=0.012729
  Total patches: 23, total adds: 3, total deletes: 0
  step 50/1000: loss=0.487475, patches=20
[SRD rewrite] deleted patch=22, position=(0.532, 0.516, 1.425), reason=Area 0.000508 below minimum 0.01
[SRD rewrite] deleted patch=21, position=(0.546, 0.429, 1.457), reason=Area 0.000403 below minimum 0.01
[SRD rewrite] deleted patch=20, position=(1.131, 0.194, -1.514), reason=Area 0.007191 below minimum 0.01
[SRD rewrite] added patch=20, position=(0.964, 0.340, -1.070), improvement=0.006498
[SRD rewrite] added patch=21, position=(-0.229, -0.113, 1.631), improvement=0.006296
[SRD rewrite] added patch=22, position=(0.378, 2.193, 1.576), improvement=0.005165
SRD step 100: evaluated 27 candidates, 25 promising, accepted 6
  Accepted AddPatch at patch 20, improvement=0.006498
  Accepted AddPatch at patch 21, improvement=0.006296
  Accepted AddPatch at patch 22, improvement=0.005165
  Mandatory DeletePatch(20) at patch 20, reason=Area 0.007191 below minimum 0.01
  Mandatory DeletePatch(21) at patch 21, reason=Area 0.000403 below minimum 0.01
  Mandatory DeletePatch(22) at patch 22, reason=Area 0.000508 below minimum 0.01
  Total patches: 23, total adds: 6, total deletes: 3
  step 100/1000: loss=0.398482, patches=23
[SRD rewrite] deleted patch=22, position=(0.378, 2.193, 1.576), reason=Area 0.009291 below minimum 0.01
[SRD rewrite] deleted patch=20, position=(0.954, 0.367, -1.001), reason=Area 0.007332 below minimum 0.01
[SRD rewrite] added patch=21, position=(0.895, 0.344, -0.139), improvement=0.001302
[SRD rewrite] restored patch=22, position=(0.378, 2.193, 1.576), improvement=0.000536
[SRD rewrite] restored patch=23, position=(0.532, 0.516, 1.425), improvement=0.000492
SRD step 150: evaluated 27 candidates, 9 promising, accepted 5
  Accepted AddPatch at patch 21, improvement=0.001302
  Accepted RestorePatch(4) at patch 22, improvement=0.000536
  Accepted RestorePatch(1) at patch 23, improvement=0.000492
  Mandatory DeletePatch(20) at patch 20, reason=Area 0.007332 below minimum 0.01
  Mandatory DeletePatch(22) at patch 22, reason=Area 0.009291 below minimum 0.01
  Total patches: 24, total adds: 9, total deletes: 5
  step 150/1000: loss=0.342051, patches=23
[SRD rewrite] deleted patch=23, position=(0.677, 0.620, 1.520), reason=Area 0.000144 below minimum 0.01
[SRD rewrite] deleted patch=22, position=(0.378, 2.193, 1.576), reason=Area 0.009291 below minimum 0.01
[SRD rewrite] deleted patch=21, position=(0.895, 0.294, -0.136), reason=Area 0.004646 below minimum 0.01
[SRD rewrite] added patch=21, position=(0.617, -0.596, 1.440), improvement=0.000866
[SRD rewrite] added patch=22, position=(-0.111, -0.209, 1.442), improvement=0.000157
SRD step 200: evaluated 27 candidates, 2 promising, accepted 5
  Accepted AddPatch at patch 21, improvement=0.000866
  Accepted AddPatch at patch 22, improvement=0.000157
  Mandatory DeletePatch(21) at patch 21, reason=Area 0.004646 below minimum 0.01
  Mandatory DeletePatch(22) at patch 22, reason=Area 0.009291 below minimum 0.01
  Mandatory DeletePatch(23) at patch 23, reason=Area 0.000144 below minimum 0.01
  Total patches: 23, total adds: 11, total deletes: 8
  step 200/1000: loss=0.318205, patches=24
[SRD rewrite] added patch=23, position=(0.702, -0.659, 1.482), improvement=0.005996
[SRD rewrite] added patch=24, position=(-0.497, -0.731, 1.756), improvement=0.005966
[SRD rewrite] added patch=25, position=(0.914, 0.464, -0.207), improvement=0.004890
SRD step 250: evaluated 27 candidates, 17 promising, accepted 3
  Accepted AddPatch at patch 23, improvement=0.005996
  Accepted AddPatch at patch 24, improvement=0.005966
  Accepted AddPatch at patch 25, improvement=0.004890
  Total patches: 26, total adds: 14, total deletes: 8
  step 250/1000: loss=0.271792, patches=23
[SRD rewrite] deleted patch=25, position=(0.945, 0.422, -0.297), reason=Area 0.003096 below minimum 0.01
[SRD rewrite] deleted patch=23, position=(0.748, -0.663, 1.444), reason=Area 0.005122 below minimum 0.01
[SRD rewrite] added patch=24, position=(-0.540, -0.774, 1.679), improvement=0.001040
[SRD rewrite] added patch=25, position=(-0.263, -0.554, 1.653), improvement=0.000495
[SRD rewrite] added patch=26, position=(0.974, 0.408, -0.651), improvement=0.000247
SRD step 300: evaluated 27 candidates, 5 promising, accepted 5
  Accepted AddPatch at patch 24, improvement=0.001040
  Accepted AddPatch at patch 25, improvement=0.000495
  Accepted AddPatch at patch 26, improvement=0.000247
  Mandatory DeletePatch(23) at patch 23, reason=Area 0.005122 below minimum 0.01
  Mandatory DeletePatch(25) at patch 25, reason=Area 0.003096 below minimum 0.01
  Total patches: 27, total adds: 17, total deletes: 10
  step 300/1000: loss=0.205951, patches=26
[SRD rewrite] deleted patch=25, position=(-0.336, -0.553, 1.539), reason=Area 0.008031 below minimum 0.01
SRD step 350: evaluated 27 candidates, 0 promising, accepted 1
  Mandatory DeletePatch(25) at patch 25, reason=Area 0.008031 below minimum 0.01
  Total patches: 26, total adds: 17, total deletes: 11
  step 350/1000: loss=0.178681, patches=27
[SRD rewrite] added patch=26, position=(-0.669, 0.671, -0.218), improvement=0.000163
[SRD rewrite] restored patch=27, position=(0.945, 0.422, -0.297), improvement=0.000084
SRD step 400: evaluated 27 candidates, 2 promising, accepted 2
  Accepted AddPatch at patch 26, improvement=0.000163
  Accepted RestorePatch(7) at patch 27, improvement=0.000084
  Total patches: 28, total adds: 19, total deletes: 11
  step 400/1000: loss=0.157785, patches=26
[SRD rewrite] deleted patch=27, position=(1.026, 0.346, -0.373), reason=Area 0.000375 below minimum 0.01
[SRD rewrite] deleted patch=26, position=(-0.557, 0.779, -0.337), reason=Area 0.000268 below minimum 0.01
[SRD rewrite] deleted patch=24, position=(-0.569, -0.821, 1.716), reason=Area 0.004911 below minimum 0.01
SRD step 450: evaluated 27 candidates, 0 promising, accepted 3
  Mandatory DeletePatch(24) at patch 24, reason=Area 0.004911 below minimum 0.01
  Mandatory DeletePatch(26) at patch 26, reason=Area 0.000268 below minimum 0.01
  Mandatory DeletePatch(27) at patch 27, reason=Area 0.000375 below minimum 0.01
  Total patches: 25, total adds: 19, total deletes: 14
  step 450/1000: loss=0.146597, patches=28
[SRD rewrite] added patch=25, position=(0.830, -0.644, 1.342), improvement=0.000468
SRD step 500: evaluated 27 candidates, 1 promising, accepted 1
  Accepted AddPatch at patch 25, improvement=0.000468
  Total patches: 26, total adds: 20, total deletes: 14
  step 500/1000: loss=0.146799, patches=25
[SRD rewrite] deleted patch=4, position=(-1.263, 1.545, -0.855), reason=Area 0.006276 below minimum 0.01
SRD step 550: evaluated 27 candidates, 0 promising, accepted 1
  Mandatory DeletePatch(4) at patch 4, reason=Area 0.006276 below minimum 0.01
  Total patches: 25, total adds: 20, total deletes: 15
  step 550/1000: loss=0.142542, patches=26
SRD step 600: evaluated 27 candidates, 0 promising, accepted 0
  Total patches: 25, total adds: 20, total deletes: 15
  step 600/1000: loss=0.131499, patches=25
[SRD rewrite] deleted patch=3, position=(-1.088, -0.475, 0.116), reason=Area 0.008563 below minimum 0.01
SRD step 650: evaluated 27 candidates, 0 promising, accepted 1
  Mandatory DeletePatch(3) at patch 3, reason=Area 0.008563 below minimum 0.01
  Total patches: 24, total adds: 20, total deletes: 16
  step 650/1000: loss=0.131400, patches=25
SRD step 700: evaluated 27 candidates, 0 promising, accepted 0
  Total patches: 24, total adds: 20, total deletes: 16
  step 700/1000: loss=0.126518, patches=24
SRD step 750: evaluated 27 candidates, 0 promising, accepted 0
  Total patches: 24, total adds: 20, total deletes: 16
  step 750/1000: loss=0.126455, patches=24
[SRD rewrite] deleted patch=4, position=(-0.863, 0.216, -1.536), reason=delete has no image effect
SRD step 800: evaluated 27 candidates, 0 promising, accepted 1
  Mandatory DeletePatch(4) at patch 4, reason=delete has no image effect
  Total patches: 23, total adds: 20, total deletes: 17
  step 800/1000: loss=0.123990, patches=24
SRD step 850: evaluated 27 candidates, 0 promising, accepted 0
  Total patches: 23, total adds: 20, total deletes: 17
  step 850/1000: loss=0.119618, patches=23
SRD step 900: evaluated 27 candidates, 0 promising, accepted 0
  Total patches: 23, total adds: 20, total deletes: 17
  step 900/1000: loss=0.119732, patches=23
SRD step 950: evaluated 27 candidates, 0 promising, accepted 0
  Total patches: 23, total adds: 20, total deletes: 17
  step 950/1000: loss=0.118208, patches=23
[SRD rewrite] deleted patch=1, position=(-0.565, 0.749, 1.020), reason=delete has no image effect
SRD step 1000: evaluated 27 candidates, 0 promising, accepted 1
  Mandatory DeletePatch(1) at patch 1, reason=delete has no image effect
  Total patches: 22, total adds: 20, total deletes: 18
  step 1000/1000: loss=0.116611, patches=23
[SRD rewrite] deleted patch=13, position=(0.529, 1.083, -2.363), reason=final deletion pass improved loss
[Trial 2] done: loss=0.115792, time=4731.3s
[Trial 3/3] seed=2
[SRD rewrite] added patch=20, position=(0.869, -0.597, 0.945), improvement=0.020384
[SRD rewrite] added patch=21, position=(0.540, 0.351, 1.246), improvement=0.019377
[SRD rewrite] added patch=22, position=(-0.466, 0.220, 1.270), improvement=0.018826
SRD step 50: evaluated 27 candidates, 27 promising, accepted 3
  Accepted AddPatch at patch 20, improvement=0.020384
  Accepted AddPatch at patch 21, improvement=0.019377
  Accepted AddPatch at patch 22, improvement=0.018826
  Total patches: 23, total adds: 3, total deletes: 0
  step 50/1000: loss=0.540971, patches=20
[SRD rewrite] added patch=23, position=(-0.488, -0.729, 1.688), improvement=0.012520
[SRD rewrite] added patch=24, position=(-0.651, 0.204, 1.670), improvement=0.012403
[SRD rewrite] added patch=25, position=(-0.057, -0.544, 1.526), improvement=0.012384
SRD step 100: evaluated 27 candidates, 26 promising, accepted 3
  Accepted AddPatch at patch 23, improvement=0.012520
  Accepted AddPatch at patch 24, improvement=0.012403
  Accepted AddPatch at patch 25, improvement=0.012384
  Total patches: 26, total adds: 6, total deletes: 0
  step 100/1000: loss=0.363951, patches=23
[SRD rewrite] deleted patch=21, position=(0.594, 0.510, 1.391), reason=Area 0.005324 below minimum 0.01
[SRD rewrite] added patch=25, position=(-0.169, -0.875, 1.651), improvement=0.008296
[SRD rewrite] added patch=26, position=(-0.003, -0.047, 1.376), improvement=0.007333
[SRD rewrite] added patch=27, position=(0.916, 0.429, -0.085), improvement=0.007307
SRD step 150: evaluated 27 candidates, 25 promising, accepted 4
  Accepted AddPatch at patch 25, improvement=0.008296
  Accepted AddPatch at patch 26, improvement=0.007333
  Accepted AddPatch at patch 27, improvement=0.007307
  Mandatory DeletePatch(21) at patch 21, reason=Area 0.005324 below minimum 0.01
  Total patches: 28, total adds: 9, total deletes: 1
  step 150/1000: loss=0.245989, patches=26
[SRD rewrite] deleted patch=27, position=(0.886, 0.479, -0.221), reason=Area 0.000979 below minimum 0.01
[SRD rewrite] added patch=27, position=(-0.868, 0.734, -0.310), improvement=0.002254
[SRD rewrite] added patch=28, position=(-0.355, 0.416, -0.188), improvement=0.001599
[SRD rewrite] added patch=29, position=(-0.424, 0.426, -1.423), improvement=0.001518
SRD step 200: evaluated 27 candidates, 22 promising, accepted 4
  Accepted AddPatch at patch 27, improvement=0.002254
  Accepted AddPatch at patch 28, improvement=0.001599
  Accepted AddPatch at patch 29, improvement=0.001518
  Mandatory DeletePatch(27) at patch 27, reason=Area 0.000979 below minimum 0.01
  Total patches: 30, total adds: 12, total deletes: 2
  step 200/1000: loss=0.182753, patches=28
[SRD rewrite] deleted patch=29, position=(-0.534, 0.384, -1.527), reason=Area 0.000170 below minimum 0.01
[SRD rewrite] deleted patch=28, position=(-0.422, 0.324, -0.096), reason=Area 0.000490 below minimum 0.01
[SRD rewrite] deleted patch=27, position=(-0.849, 0.695, -0.177), reason=Area 0.003397 below minimum 0.01
[SRD rewrite] added patch=27, position=(-0.086, -0.251, 1.712), improvement=0.001894
[SRD rewrite] restored patch=28, position=(-0.849, 0.695, -0.177), improvement=0.001680
[SRD rewrite] added patch=29, position=(-1.358, 0.370, -1.987), improvement=0.001466
SRD step 250: evaluated 27 candidates, 19 promising, accepted 6
  Accepted AddPatch at patch 27, improvement=0.001894
  Accepted RestorePatch(4) at patch 28, improvement=0.001680
  Accepted AddPatch at patch 29, improvement=0.001466
  Mandatory DeletePatch(27) at patch 27, reason=Area 0.003397 below minimum 0.01
  Mandatory DeletePatch(28) at patch 28, reason=Area 0.000490 below minimum 0.01
  Mandatory DeletePatch(29) at patch 29, reason=Area 0.000170 below minimum 0.01
  Total patches: 30, total adds: 15, total deletes: 5
  step 250/1000: loss=0.158829, patches=30
[SRD rewrite] deleted patch=29, position=(-1.368, 0.287, -1.988), reason=Area 0.002089 below minimum 0.01
[SRD rewrite] deleted patch=27, position=(-0.182, -0.270, 1.622), reason=Area 0.007749 below minimum 0.01
[SRD rewrite] added patch=28, position=(0.806, 0.358, 0.975), improvement=0.000631
[SRD rewrite] restored patch=29, position=(-0.534, 0.384, -1.527), improvement=0.000623
[SRD rewrite] restored patch=30, position=(-0.422, 0.324, -0.096), improvement=0.000623
SRD step 300: evaluated 27 candidates, 5 promising, accepted 5
  Accepted AddPatch at patch 28, improvement=0.000631
  Accepted RestorePatch(2) at patch 29, improvement=0.000623
  Accepted RestorePatch(3) at patch 30, improvement=0.000623
  Mandatory DeletePatch(27) at patch 27, reason=Area 0.007749 below minimum 0.01
  Mandatory DeletePatch(29) at patch 29, reason=Area 0.002089 below minimum 0.01
  Total patches: 31, total adds: 18, total deletes: 7
  step 300/1000: loss=0.151648, patches=30
[SRD rewrite] deleted patch=30, position=(-0.422, 0.324, -0.096), reason=Area 0.000490 below minimum 0.01
[SRD rewrite] deleted patch=29, position=(-0.570, 0.420, -1.563), reason=Area 0.000170 below minimum 0.01
[SRD rewrite] deleted patch=28, position=(0.853, 0.357, 0.884), reason=Area 0.000715 below minimum 0.01
[SRD rewrite] deleted patch=27, position=(-0.839, 0.692, -0.091), reason=Area 0.008357 below minimum 0.01
[SRD rewrite] deleted patch=26, position=(-0.152, -0.030, 1.479), reason=Area 0.009613 below minimum 0.01
SRD step 350: evaluated 27 candidates, 0 promising, accepted 5
  Mandatory DeletePatch(26) at patch 26, reason=Area 0.009613 below minimum 0.01
  Mandatory DeletePatch(27) at patch 27, reason=Area 0.008357 below minimum 0.01
  Mandatory DeletePatch(28) at patch 28, reason=Area 0.000715 below minimum 0.01
  Mandatory DeletePatch(29) at patch 29, reason=Area 0.000170 below minimum 0.01
  Mandatory DeletePatch(30) at patch 30, reason=Area 0.000490 below minimum 0.01
  Total patches: 26, total adds: 18, total deletes: 12
  step 350/1000: loss=0.139698, patches=31
[SRD rewrite] deleted patch=16, position=(-1.534, 1.606, -0.774), reason=Area 0.009543 below minimum 0.01
[SRD rewrite] added patch=25, position=(-0.069, -0.086, 1.419), improvement=0.000109
SRD step 400: evaluated 27 candidates, 1 promising, accepted 2
  Accepted AddPatch at patch 25, improvement=0.000109
  Mandatory DeletePatch(16) at patch 16, reason=Area 0.009543 below minimum 0.01
  Total patches: 26, total adds: 19, total deletes: 13
  step 400/1000: loss=0.138663, patches=26
[SRD rewrite] added patch=26, position=(0.680, 0.915, -0.499), improvement=0.000564
SRD step 450: evaluated 27 candidates, 1 promising, accepted 1
  Accepted AddPatch at patch 26, improvement=0.000564
  Total patches: 27, total adds: 20, total deletes: 13
  step 450/1000: loss=0.130102, patches=26
[SRD rewrite] deleted patch=25, position=(-0.067, -0.075, 1.511), reason=Area 0.001411 below minimum 0.01
[SRD rewrite] deleted patch=21, position=(-0.795, -0.630, 1.623), reason=Area 0.008196 below minimum 0.01
[SRD rewrite] deleted patch=18, position=(-2.361, 0.777, 1.390), reason=Area 0.007421 below minimum 0.01
SRD step 500: evaluated 27 candidates, 0 promising, accepted 3
  Mandatory DeletePatch(18) at patch 18, reason=Area 0.007421 below minimum 0.01
  Mandatory DeletePatch(21) at patch 21, reason=Area 0.008196 below minimum 0.01
  Mandatory DeletePatch(25) at patch 25, reason=Area 0.001411 below minimum 0.01
  Total patches: 24, total adds: 20, total deletes: 16
  step 500/1000: loss=0.123618, patches=27
[SRD rewrite] added patch=24, position=(0.869, 0.743, -0.886), improvement=0.001693
[SRD rewrite] added patch=25, position=(1.133, 1.289, -0.312), improvement=0.001299
[SRD rewrite] restored patch=26, position=(0.853, 0.357, 0.884), improvement=0.001255
SRD step 550: evaluated 27 candidates, 21 promising, accepted 3
  Accepted AddPatch at patch 24, improvement=0.001693
  Accepted AddPatch at patch 25, improvement=0.001299
  Accepted RestorePatch(6) at patch 26, improvement=0.001255
  Total patches: 27, total adds: 23, total deletes: 16
  step 550/1000: loss=0.127498, patches=24
[SRD rewrite] deleted patch=26, position=(0.975, 0.331, 0.789), reason=Area 0.000460 below minimum 0.01
SRD step 600: evaluated 27 candidates, 0 promising, accepted 1
  Mandatory DeletePatch(26) at patch 26, reason=Area 0.000460 below minimum 0.01
  Total patches: 26, total adds: 23, total deletes: 17
  step 600/1000: loss=0.118482, patches=27
SRD step 650: evaluated 27 candidates, 0 promising, accepted 0
  Total patches: 26, total adds: 23, total deletes: 17
  step 650/1000: loss=0.113288, patches=26
SRD step 700: evaluated 27 candidates, 0 promising, accepted 0
  Total patches: 26, total adds: 23, total deletes: 17
  step 700/1000: loss=0.111025, patches=26
[SRD rewrite] restored patch=26, position=(-0.839, 0.692, -0.091), improvement=0.001101
[SRD rewrite] restored patch=27, position=(-1.368, 0.287, -1.988), improvement=0.000326
[SRD rewrite] restored patch=28, position=(-0.152, -0.030, 1.479), improvement=0.000134
SRD step 750: evaluated 27 candidates, 18 promising, accepted 3
  Accepted RestorePatch(6) at patch 26, improvement=0.001101
  Accepted RestorePatch(2) at patch 27, improvement=0.000326
  Accepted RestorePatch(7) at patch 28, improvement=0.000134
  Total patches: 29, total adds: 26, total deletes: 17
  step 750/1000: loss=0.104347, patches=26
[SRD rewrite] deleted patch=28, position=(-0.027, -0.036, 1.558), reason=Area 0.000372 below minimum 0.01
[SRD rewrite] deleted patch=27, position=(-1.394, 0.187, -1.963), reason=Area 0.004264 below minimum 0.01
SRD step 800: evaluated 27 candidates, 0 promising, accepted 2
  Mandatory DeletePatch(27) at patch 27, reason=Area 0.004264 below minimum 0.01
  Mandatory DeletePatch(28) at patch 28, reason=Area 0.000372 below minimum 0.01
  Total patches: 27, total adds: 26, total deletes: 19
  step 800/1000: loss=0.096259, patches=29
SRD step 850: evaluated 27 candidates, 0 promising, accepted 0
  Total patches: 27, total adds: 26, total deletes: 19
  step 850/1000: loss=0.098845, patches=27
SRD step 900: evaluated 27 candidates, 0 promising, accepted 0
  Total patches: 27, total adds: 26, total deletes: 19
  step 900/1000: loss=0.102319, patches=27
SRD step 950: evaluated 27 candidates, 0 promising, accepted 0
  Total patches: 27, total adds: 26, total deletes: 19
  step 950/1000: loss=0.098847, patches=27
[SRD rewrite] deleted patch=4, position=(-0.470, 0.732, 0.635), reason=delete has no image effect
SRD step 1000: evaluated 27 candidates, 0 promising, accepted 1
  Mandatory DeletePatch(4) at patch 4, reason=delete has no image effect
  Total patches: 26, total adds: 26, total deletes: 20
  step 1000/1000: loss=0.090687, patches=27
[SRD rewrite] deleted patch=1, position=(1.304, -0.586, -2.388), reason=final deletion pass improved loss
[SRD rewrite] deleted patch=9, position=(-1.858, -0.100, 0.929), reason=final deletion pass improved loss
[SRD rewrite] deleted patch=9, position=(-1.972, 0.482, 1.277), reason=final deletion pass improved loss
[SRD rewrite] deleted patch=11, position=(-2.407, 1.891, 0.787), reason=final deletion pass improved loss
[Trial 3] done: loss=0.074112, time=5066.5s
[Run] report written to results/slurm/20260718_0340/patchsize_cat_face_bass_20/patches_20/with_srd/with_srd.txt
[Swept volume] building (resolution=256)...
[Run] mode=full, trials=3, seeds=[0, 1, 2], steps=1000, srd=False, ablation_flags={'disable_swept_volume_adds': True, 'loss_only_deletion': True, 'disable_splitting': False}
[Trial 1/3] seed=0
[Patch] mapbox-earcut is not installed; falling back to fan fill, so non-convex pieces will render incorrectly. Install it with: pip install mapbox-earcut
  step 50/1000: loss=0.603188, patches=20
  step 100/1000: loss=0.421831, patches=20
  step 150/1000: loss=0.340750, patches=20
  step 200/1000: loss=0.274698, patches=20
  step 250/1000: loss=0.259738, patches=20
  step 300/1000: loss=0.239879, patches=20
  step 350/1000: loss=0.225979, patches=20
  step 400/1000: loss=0.213495, patches=20
  step 450/1000: loss=0.207633, patches=20
  step 500/1000: loss=0.204665, patches=20
  step 550/1000: loss=0.201210, patches=20
  step 600/1000: loss=0.197476, patches=20
  step 650/1000: loss=0.189095, patches=20
  step 700/1000: loss=0.182921, patches=20
  step 750/1000: loss=0.179397, patches=20
  step 800/1000: loss=0.177366, patches=20
  step 850/1000: loss=0.174833, patches=20
  step 900/1000: loss=0.170884, patches=20
  step 950/1000: loss=0.170323, patches=20
  step 1000/1000: loss=0.168757, patches=20
[Trial 1] done: loss=0.168705, time=997.7s
[Trial 2/3] seed=1
  step 50/1000: loss=0.487475, patches=20
  step 100/1000: loss=0.402433, patches=20
  step 150/1000: loss=0.343629, patches=20
  step 200/1000: loss=0.322830, patches=20
  step 250/1000: loss=0.296901, patches=20
  step 300/1000: loss=0.265848, patches=20
  step 350/1000: loss=0.250527, patches=20
  step 400/1000: loss=0.235918, patches=20
  step 450/1000: loss=0.232222, patches=20
  step 500/1000: loss=0.226529, patches=20
  step 550/1000: loss=0.222240, patches=20
  step 600/1000: loss=0.217897, patches=20
  step 650/1000: loss=0.216726, patches=20
  step 700/1000: loss=0.213951, patches=20
  step 750/1000: loss=0.213567, patches=20
  step 800/1000: loss=0.215918, patches=20
  step 850/1000: loss=0.215656, patches=20
  step 900/1000: loss=0.214697, patches=20
  step 950/1000: loss=0.219969, patches=20
  step 1000/1000: loss=0.215437, patches=20
[Trial 2] done: loss=0.215156, time=1045.6s
[Trial 3/3] seed=2
  step 50/1000: loss=0.540971, patches=20
  step 100/1000: loss=0.410376, patches=20
  step 150/1000: loss=0.366399, patches=20
  step 200/1000: loss=0.339702, patches=20
  step 250/1000: loss=0.297995, patches=20
  step 300/1000: loss=0.284531, patches=20
  step 350/1000: loss=0.270471, patches=20
  step 400/1000: loss=0.252917, patches=20
  step 450/1000: loss=0.221572, patches=20
  step 500/1000: loss=0.185112, patches=20
  step 550/1000: loss=0.185429, patches=20
  step 600/1000: loss=0.185946, patches=20
  step 650/1000: loss=0.189287, patches=20
  step 700/1000: loss=0.185390, patches=20
  step 750/1000: loss=0.182138, patches=20
  step 800/1000: loss=0.176428, patches=20
  step 850/1000: loss=0.177183, patches=20
  step 900/1000: loss=0.173776, patches=20
  step 950/1000: loss=0.170990, patches=20
  step 1000/1000: loss=0.169687, patches=20
[Trial 3] done: loss=0.168398, time=1001.8s
[Run] report written to results/slurm/20260718_0340/patchsize_cat_face_bass_20/patches_20/without_srd/without_srd.txt

======================================================================
Running 3 trials WITH SRD
======================================================================


======================================================================
Running 3 trials WITHOUT SRD
======================================================================


[Comparison] report written to results/slurm/20260718_0340/patchsize_cat_face_bass_20/patches_20/comparison.txt

======================================================================
SRD Patch Size Comparison
======================================================================
Started: 2026-07-18T04:11:02
Patch sizes: [20]
Trials per size: 3
Steps per trial: 1000
Output directory: results/slurm/20260718_0340/patchsize_cat_face_bass_20
======================================================================


======================================================================
Running comparison with 20 initial patches
  Target 1: images/cat_face.png
  Target 2: images/bass.png
  Trials: 3, Steps: 1000
======================================================================

[OK] Comparison with 20 patches completed successfully

======================================================================
Comparison Summary
======================================================================
Successful: 1/1
Total time: 17805.4 seconds (4.95 hours)
Summary report: results/slurm/20260718_0340/patchsize_cat_face_bass_20/SUMMARY.txt
======================================================================

