[Swept volume] building (resolution=108)...
[Run] mode=ablation, trials=3, seeds=[0, 1, 2], steps=2000, srd=True, ablation_flags={'disable_swept_volume_adds': True, 'loss_only_deletion': True, 'disable_splitting': True}
[Trial 1/3] seed=0
[Patch] mapbox-earcut is not installed; falling back to fan fill, so non-convex pieces will render incorrectly. Install it with: pip install mapbox-earcut
[SRD rewrite] deleted patch=12, position=(2.328, 0.972, -0.199), reason=accepted rewrite
[SRD rewrite] deleted patch=3, position=(-2.404, -0.109, -1.378), reason=accepted rewrite
[SRD rewrite] deleted patch=0, position=(1.406, -0.774, -0.909), reason=accepted rewrite
[SRD rewrite] added patch=17, position=(1.076, 0.514, 0.224), improvement=0.028412
[SRD rewrite] added patch=18, position=(0.381, 0.460, 0.361), improvement=0.026953
[SRD rewrite] added patch=19, position=(-0.427, -1.177, 1.371), improvement=0.026558
SRD step 50: evaluated 32 candidates, 31 promising, accepted 6
  Accepted AddPatch at patch 17, improvement=0.028412
  Accepted AddPatch at patch 18, improvement=0.026953
  Accepted AddPatch at patch 19, improvement=0.026558
  Accepted DeletePatch(3) at patch 3, improvement=0.008475
  Accepted DeletePatch(0) at patch 0, improvement=0.007863
  Accepted DeletePatch(12) at patch 12, improvement=0.003547
  Total patches: 20, total adds: 3, total deletes: 3
  step 50/2000: loss=0.747326, patches=20
[SRD rewrite] restored patch=20, position=(1.406, -0.774, -0.909), improvement=0.023552
[SRD rewrite] added patch=21, position=(0.535, 1.073, -0.153), improvement=0.020383
[SRD rewrite] added patch=22, position=(1.773, 1.219, -0.107), improvement=0.019764
SRD step 100: evaluated 32 candidates, 27 promising, accepted 3
  Accepted RestorePatch(2) at patch 20, improvement=0.023552
  Accepted AddPatch at patch 21, improvement=0.020383
  Accepted AddPatch at patch 22, improvement=0.019764
  Total patches: 23, total adds: 6, total deletes: 3
  step 100/2000: loss=0.538870, patches=20
[SRD rewrite] deleted patch=19, position=(-0.407, -1.301, 1.106), reason=accepted rewrite
[SRD rewrite] deleted patch=9, position=(-1.240, -1.502, -1.980), reason=accepted rewrite
[SRD rewrite] added patch=21, position=(1.078, -0.069, 1.043), improvement=0.010069
[SRD rewrite] added patch=22, position=(-0.469, 0.346, -0.782), improvement=0.009619
[SRD rewrite] added patch=23, position=(-1.011, -0.494, -1.897), improvement=0.009286
SRD step 150: evaluated 32 candidates, 29 promising, accepted 5
  Accepted AddPatch at patch 21, improvement=0.010069
  Accepted AddPatch at patch 22, improvement=0.009619
  Accepted AddPatch at patch 23, improvement=0.009286
  Accepted DeletePatch(9) at patch 9, improvement=0.005761
  Accepted DeletePatch(19) at patch 19, improvement=0.003936
  Total patches: 24, total adds: 9, total deletes: 5
  step 150/2000: loss=0.386979, patches=23
[SRD rewrite] added patch=24, position=(-0.209, 0.455, 1.789), improvement=0.004626
[SRD rewrite] added patch=25, position=(-2.002, 2.227, 1.847), improvement=0.004562
[SRD rewrite] added patch=26, position=(0.749, 0.223, -2.338), improvement=0.004039
SRD step 200: evaluated 32 candidates, 24 promising, accepted 3
  Accepted AddPatch at patch 24, improvement=0.004626
  Accepted AddPatch at patch 25, improvement=0.004562
  Accepted AddPatch at patch 26, improvement=0.004039
  Total patches: 27, total adds: 12, total deletes: 5
  step 200/2000: loss=0.312078, patches=24
[SRD rewrite] deleted patch=23, position=(-0.777, -0.411, -2.128), reason=accepted rewrite
[SRD rewrite] added patch=26, position=(-0.556, -1.365, -0.226), improvement=0.004823
[SRD rewrite] added patch=27, position=(-2.146, -1.036, -1.738), improvement=0.004773
[SRD rewrite] added patch=28, position=(1.669, 2.074, 0.836), improvement=0.004687
SRD step 250: evaluated 32 candidates, 27 promising, accepted 4
  Accepted AddPatch at patch 26, improvement=0.004823
  Accepted AddPatch at patch 27, improvement=0.004773
  Accepted AddPatch at patch 28, improvement=0.004687
  Accepted DeletePatch(23) at patch 23, improvement=0.000439
  Total patches: 29, total adds: 15, total deletes: 6
  step 250/2000: loss=0.274522, patches=27
SRD step 300: evaluated 32 candidates, 0 promising, accepted 0
  Total patches: 29, total adds: 15, total deletes: 6
  step 300/2000: loss=0.253249, patches=29
[SRD rewrite] added patch=29, position=(-0.221, 0.712, -1.230), improvement=0.000446
[SRD rewrite] added patch=30, position=(-1.276, -1.418, -1.670), improvement=0.000327
[SRD rewrite] added patch=31, position=(-1.698, -0.749, -2.022), improvement=0.000150
SRD step 350: evaluated 32 candidates, 4 promising, accepted 3
  Accepted AddPatch at patch 29, improvement=0.000446
  Accepted AddPatch at patch 30, improvement=0.000327
  Accepted AddPatch at patch 31, improvement=0.000150
  Total patches: 32, total adds: 18, total deletes: 6
  step 350/2000: loss=0.241115, patches=29
[SRD rewrite] added patch=32, position=(-1.050, 0.389, 1.396), improvement=0.000166
SRD step 400: evaluated 32 candidates, 1 promising, accepted 1
  Accepted AddPatch at patch 32, improvement=0.000166
  Total patches: 33, total adds: 19, total deletes: 6
  step 400/2000: loss=0.229401, patches=32
[SRD rewrite] deleted patch=14, position=(0.912, -0.166, 1.993), reason=accepted rewrite
SRD step 450: evaluated 32 candidates, 1 promising, accepted 1
  Accepted DeletePatch(14) at patch 14, improvement=0.006151
  Total patches: 32, total adds: 19, total deletes: 7
  step 450/2000: loss=0.219969, patches=33
SRD step 500: evaluated 32 candidates, 0 promising, accepted 0
  Total patches: 32, total adds: 19, total deletes: 7
  step 500/2000: loss=0.203287, patches=32
[SRD rewrite] deleted patch=16, position=(0.274, 0.822, 0.200), reason=accepted rewrite
[SRD rewrite] added patch=31, position=(0.765, -0.779, 0.244), improvement=0.003064
[SRD rewrite] added patch=32, position=(1.538, -2.245, 0.636), improvement=0.002532
[SRD rewrite] added patch=33, position=(2.415, 2.411, 2.463), improvement=0.002532
SRD step 550: evaluated 32 candidates, 23 promising, accepted 4
  Accepted AddPatch at patch 31, improvement=0.003064
  Accepted AddPatch at patch 32, improvement=0.002532
  Accepted AddPatch at patch 33, improvement=0.002532
  Accepted DeletePatch(16) at patch 16, improvement=0.000272
  Total patches: 34, total adds: 22, total deletes: 8
  step 550/2000: loss=0.198125, patches=32
SRD step 600: evaluated 32 candidates, 0 promising, accepted 0
  Total patches: 34, total adds: 22, total deletes: 8
  step 600/2000: loss=0.187825, patches=34
SRD step 650: evaluated 32 candidates, 0 promising, accepted 0
  Total patches: 34, total adds: 22, total deletes: 8
  step 650/2000: loss=0.187872, patches=34
SRD step 700: evaluated 32 candidates, 0 promising, accepted 0
  Total patches: 34, total adds: 22, total deletes: 8
  step 700/2000: loss=0.189458, patches=34
SRD step 750: evaluated 32 candidates, 0 promising, accepted 0
  Total patches: 34, total adds: 22, total deletes: 8
  step 750/2000: loss=0.193648, patches=34
[SRD rewrite] restored patch=34, position=(0.274, 0.822, 0.200), improvement=0.001151
[SRD rewrite] added patch=35, position=(-1.029, -0.730, -2.481), improvement=0.000941
[SRD rewrite] added patch=36, position=(-1.287, 0.277, 2.120), improvement=0.000794
SRD step 800: evaluated 32 candidates, 8 promising, accepted 3
  Accepted RestorePatch(6) at patch 34, improvement=0.001151
  Accepted AddPatch at patch 35, improvement=0.000941
  Accepted AddPatch at patch 36, improvement=0.000794
  Total patches: 37, total adds: 25, total deletes: 8
  step 800/2000: loss=0.188434, patches=34
SRD step 850: evaluated 32 candidates, 0 promising, accepted 0
  Total patches: 37, total adds: 25, total deletes: 8
  step 850/2000: loss=0.181134, patches=37
SRD step 900: evaluated 32 candidates, 0 promising, accepted 0
  Total patches: 37, total adds: 25, total deletes: 8
  step 900/2000: loss=0.180284, patches=37
SRD step 950: evaluated 32 candidates, 0 promising, accepted 0
  Total patches: 37, total adds: 25, total deletes: 8
  step 950/2000: loss=0.169974, patches=37
SRD step 1000: evaluated 32 candidates, 0 promising, accepted 0
  Total patches: 37, total adds: 25, total deletes: 8
  step 1000/2000: loss=0.151396, patches=37
SRD step 1050: evaluated 32 candidates, 0 promising, accepted 0
  Total patches: 37, total adds: 25, total deletes: 8
  step 1050/2000: loss=0.140659, patches=37
SRD step 1100: evaluated 32 candidates, 0 promising, accepted 0
  Total patches: 37, total adds: 25, total deletes: 8
  step 1100/2000: loss=0.138679, patches=37
SRD step 1150: evaluated 32 candidates, 0 promising, accepted 0
  Total patches: 37, total adds: 25, total deletes: 8
  step 1150/2000: loss=0.139261, patches=37
SRD step 1200: evaluated 32 candidates, 0 promising, accepted 0
  Total patches: 37, total adds: 25, total deletes: 8
  step 1200/2000: loss=0.135865, patches=37
SRD step 1250: evaluated 32 candidates, 0 promising, accepted 0
  Total patches: 37, total adds: 25, total deletes: 8
  step 1250/2000: loss=0.131907, patches=37
SRD step 1300: evaluated 32 candidates, 0 promising, accepted 0
  Total patches: 37, total adds: 25, total deletes: 8
  step 1300/2000: loss=0.130482, patches=37
SRD step 1350: evaluated 32 candidates, 0 promising, accepted 0
  Total patches: 37, total adds: 25, total deletes: 8
  step 1350/2000: loss=0.132635, patches=37
SRD step 1400: evaluated 32 candidates, 0 promising, accepted 0
  Total patches: 37, total adds: 25, total deletes: 8
  step 1400/2000: loss=0.133360, patches=37
SRD step 1450: evaluated 32 candidates, 0 promising, accepted 0
  Total patches: 37, total adds: 25, total deletes: 8
  step 1450/2000: loss=0.132139, patches=37
SRD step 1500: evaluated 32 candidates, 0 promising, accepted 0
  Total patches: 37, total adds: 25, total deletes: 8
  step 1500/2000: loss=0.135065, patches=37
SRD step 1550: evaluated 32 candidates, 0 promising, accepted 0
  Total patches: 37, total adds: 25, total deletes: 8
  step 1550/2000: loss=0.134169, patches=37
SRD step 1600: evaluated 32 candidates, 0 promising, accepted 0
  Total patches: 37, total adds: 25, total deletes: 8
  step 1600/2000: loss=0.134599, patches=37
SRD step 1650: evaluated 32 candidates, 0 promising, accepted 0
  Total patches: 37, total adds: 25, total deletes: 8
  step 1650/2000: loss=0.136185, patches=37
SRD step 1700: evaluated 32 candidates, 0 promising, accepted 0
  Total patches: 37, total adds: 25, total deletes: 8
  step 1700/2000: loss=0.140174, patches=37
SRD step 1750: evaluated 32 candidates, 0 promising, accepted 0
  Total patches: 37, total adds: 25, total deletes: 8
  step 1750/2000: loss=0.140137, patches=37
SRD step 1800: evaluated 32 candidates, 0 promising, accepted 0
  Total patches: 37, total adds: 25, total deletes: 8
  step 1800/2000: loss=0.139972, patches=37
SRD step 1850: evaluated 32 candidates, 0 promising, accepted 0
  Total patches: 37, total adds: 25, total deletes: 8
  step 1850/2000: loss=0.135192, patches=37
SRD step 1900: evaluated 32 candidates, 0 promising, accepted 0
  Total patches: 37, total adds: 25, total deletes: 8
  step 1900/2000: loss=0.137625, patches=37
SRD step 1950: evaluated 32 candidates, 0 promising, accepted 0
  Total patches: 37, total adds: 25, total deletes: 8
  step 1950/2000: loss=0.139861, patches=37
SRD step 2000: evaluated 32 candidates, 0 promising, accepted 0
  Total patches: 37, total adds: 25, total deletes: 8
  step 2000/2000: loss=0.136271, patches=37
[SRD rewrite] deleted patch=6, position=(1.199, 0.033, -1.841), reason=final deletion pass improved loss
[SRD rewrite] deleted patch=8, position=(-0.836, -0.575, -2.449), reason=final deletion pass improved loss
[SRD rewrite] deleted patch=15, position=(-0.564, 0.954, -0.245), reason=final deletion pass improved loss
[SRD rewrite] deleted patch=19, position=(-2.315, 2.516, 1.506), reason=final deletion pass improved loss
[SRD rewrite] deleted patch=19, position=(0.699, 0.614, -2.312), reason=final deletion pass improved loss
[SRD rewrite] deleted patch=19, position=(-0.937, -1.935, -0.381), reason=final deletion pass improved loss
[SRD rewrite] deleted patch=19, position=(-1.948, -1.471, -2.115), reason=final deletion pass improved loss
[SRD rewrite] deleted patch=21, position=(-0.633, -1.155, -2.357), reason=final deletion pass improved loss
[SRD rewrite] deleted patch=27, position=(-0.620, -1.002, -2.480), reason=final deletion pass improved loss
[Trial 1] done: loss=0.127106, time=13054.8s
[Trial 2/3] seed=1
[SRD rewrite] deleted patch=19, position=(-1.023, 0.136, 0.629), reason=accepted rewrite
[SRD rewrite] deleted patch=17, position=(-1.452, 0.504, -0.997), reason=accepted rewrite
[SRD rewrite] deleted patch=14, position=(1.166, -0.941, 0.828), reason=accepted rewrite
[SRD rewrite] added patch=17, position=(1.891, -2.363, 0.852), improvement=0.030002
[SRD rewrite] added patch=18, position=(1.102, -2.499, -0.988), improvement=0.030002
[SRD rewrite] added patch=19, position=(0.617, -2.421, 2.147), improvement=0.030002
SRD step 50: evaluated 32 candidates, 30 promising, accepted 6
  Accepted AddPatch at patch 17, improvement=0.030002
  Accepted AddPatch at patch 18, improvement=0.030002
  Accepted AddPatch at patch 19, improvement=0.030002
  Accepted DeletePatch(14) at patch 14, improvement=0.011066
  Accepted DeletePatch(17) at patch 17, improvement=0.010817
  Accepted DeletePatch(19) at patch 19, improvement=0.000546
  Total patches: 20, total adds: 3, total deletes: 3
  step 50/2000: loss=0.687268, patches=20
[SRD rewrite] deleted patch=18, position=(1.102, -2.499, -0.988), reason=accepted rewrite
[SRD rewrite] restored patch=19, position=(1.166, -0.941, 0.828), improvement=0.016919
[SRD rewrite] added patch=20, position=(1.698, 0.616, -0.877), improvement=0.016903
[SRD rewrite] added patch=21, position=(0.582, -2.320, 0.772), improvement=0.016516
SRD step 100: evaluated 32 candidates, 28 promising, accepted 4
  Accepted RestorePatch(2) at patch 19, improvement=0.016919
  Accepted AddPatch at patch 20, improvement=0.016903
  Accepted AddPatch at patch 21, improvement=0.016516
  Accepted DeletePatch(18) at patch 18, improvement=0.003351
  Total patches: 22, total adds: 6, total deletes: 4
  step 100/2000: loss=0.475828, patches=20
[SRD rewrite] deleted patch=4, position=(-1.956, -0.835, -0.259), reason=accepted rewrite
[SRD rewrite] added patch=21, position=(-1.849, 0.307, -1.661), improvement=0.010328
[SRD rewrite] added patch=22, position=(0.344, -0.171, -0.787), improvement=0.010082
[SRD rewrite] restored patch=23, position=(1.102, -2.499, -0.988), improvement=0.009729
SRD step 150: evaluated 32 candidates, 28 promising, accepted 4
  Accepted AddPatch at patch 21, improvement=0.010328
  Accepted AddPatch at patch 22, improvement=0.010082
  Accepted RestorePatch(2) at patch 23, improvement=0.009729
  Accepted DeletePatch(4) at patch 4, improvement=0.003055
  Total patches: 24, total adds: 9, total deletes: 5
  step 150/2000: loss=0.371678, patches=22
[SRD rewrite] added patch=24, position=(-0.702, 0.270, -0.443), improvement=0.004735
[SRD rewrite] added patch=25, position=(-1.151, -0.066, -1.121), improvement=0.004734
[SRD rewrite] added patch=26, position=(1.520, -2.338, 1.047), improvement=0.004719
SRD step 200: evaluated 32 candidates, 20 promising, accepted 3
  Accepted AddPatch at patch 24, improvement=0.004735
  Accepted AddPatch at patch 25, improvement=0.004734
  Accepted AddPatch at patch 26, improvement=0.004719
  Total patches: 27, total adds: 12, total deletes: 5
  step 200/2000: loss=0.284352, patches=24
[SRD rewrite] deleted patch=7, position=(0.226, -1.037, -2.185), reason=accepted rewrite
[SRD rewrite] restored patch=26, position=(-1.452, 0.504, -0.997), improvement=0.003992
[SRD rewrite] added patch=27, position=(1.362, -1.879, 2.105), improvement=0.003802
[SRD rewrite] added patch=28, position=(-1.050, -2.453, 0.384), improvement=0.003359
SRD step 250: evaluated 32 candidates, 23 promising, accepted 4
  Accepted DeletePatch(7) at patch 7, improvement=0.015227
  Accepted RestorePatch(1) at patch 26, improvement=0.003992
  Accepted AddPatch at patch 27, improvement=0.003802
  Accepted AddPatch at patch 28, improvement=0.003359
  Total patches: 29, total adds: 15, total deletes: 6
  step 250/2000: loss=0.228796, patches=27
[SRD rewrite] added patch=29, position=(1.351, -1.848, -2.385), improvement=0.001133
[SRD rewrite] added patch=30, position=(1.550, -2.437, 0.862), improvement=0.000992
[SRD rewrite] added patch=31, position=(1.057, 0.269, -0.977), improvement=0.000992
SRD step 300: evaluated 32 candidates, 5 promising, accepted 3
  Accepted AddPatch at patch 29, improvement=0.001133
  Accepted AddPatch at patch 30, improvement=0.000992
  Accepted AddPatch at patch 31, improvement=0.000992
  Total patches: 32, total adds: 18, total deletes: 6
  step 300/2000: loss=0.181677, patches=29
SRD step 350: evaluated 32 candidates, 0 promising, accepted 0
  Total patches: 32, total adds: 18, total deletes: 6
  step 350/2000: loss=0.168851, patches=32
[SRD rewrite] added patch=32, position=(-1.626, -0.790, -1.777), improvement=0.000992
[SRD rewrite] added patch=33, position=(-1.293, -0.465, 2.376), improvement=0.000945
[SRD rewrite] restored patch=34, position=(-1.023, 0.136, 0.629), improvement=0.000662
SRD step 400: evaluated 32 candidates, 5 promising, accepted 3
  Accepted AddPatch at patch 32, improvement=0.000992
  Accepted AddPatch at patch 33, improvement=0.000945
  Accepted RestorePatch(0) at patch 34, improvement=0.000662
  Total patches: 35, total adds: 21, total deletes: 6
  step 400/2000: loss=0.160658, patches=32
SRD step 450: evaluated 32 candidates, 0 promising, accepted 0
  Total patches: 35, total adds: 21, total deletes: 6
  step 450/2000: loss=0.157646, patches=35
[SRD rewrite] added patch=35, position=(0.592, 0.156, -1.259), improvement=0.000155
SRD step 500: evaluated 32 candidates, 1 promising, accepted 1
  Accepted AddPatch at patch 35, improvement=0.000155
  Total patches: 36, total adds: 22, total deletes: 6
  step 500/2000: loss=0.150481, patches=35
[SRD rewrite] added patch=36, position=(0.579, -2.204, 1.252), improvement=0.000113
[SRD rewrite] added patch=37, position=(1.944, -2.051, 2.334), improvement=0.000113
[SRD rewrite] added patch=38, position=(-2.236, 0.237, -1.489), improvement=0.000113
SRD step 550: evaluated 32 candidates, 4 promising, accepted 3
  Accepted AddPatch at patch 36, improvement=0.000113
  Accepted AddPatch at patch 37, improvement=0.000113
  Accepted AddPatch at patch 38, improvement=0.000113
  Total patches: 39, total adds: 25, total deletes: 6
  step 550/2000: loss=0.144009, patches=36
SRD step 600: evaluated 32 candidates, 0 promising, accepted 0
  Total patches: 39, total adds: 25, total deletes: 6
  step 600/2000: loss=0.132292, patches=39
SRD step 650: evaluated 32 candidates, 0 promising, accepted 0
  Total patches: 39, total adds: 25, total deletes: 6
  step 650/2000: loss=0.131944, patches=39
SRD step 700: evaluated 32 candidates, 0 promising, accepted 0
  Total patches: 39, total adds: 25, total deletes: 6
  step 700/2000: loss=0.131728, patches=39
SRD step 750: evaluated 32 candidates, 0 promising, accepted 0
  Total patches: 39, total adds: 25, total deletes: 6
  step 750/2000: loss=0.130758, patches=39
SRD step 800: evaluated 32 candidates, 0 promising, accepted 0
  Total patches: 39, total adds: 25, total deletes: 6
  step 800/2000: loss=0.129969, patches=39
SRD step 850: evaluated 32 candidates, 0 promising, accepted 0
  Total patches: 39, total adds: 25, total deletes: 6
  step 850/2000: loss=0.130832, patches=39
SRD step 900: evaluated 32 candidates, 0 promising, accepted 0
  Total patches: 39, total adds: 25, total deletes: 6
  step 900/2000: loss=0.129191, patches=39
SRD step 950: evaluated 32 candidates, 0 promising, accepted 0
  Total patches: 39, total adds: 25, total deletes: 6
  step 950/2000: loss=0.126728, patches=39
SRD step 1000: evaluated 32 candidates, 0 promising, accepted 0
  Total patches: 39, total adds: 25, total deletes: 6
  step 1000/2000: loss=0.125890, patches=39
SRD step 1050: evaluated 32 candidates, 0 promising, accepted 0
  Total patches: 39, total adds: 25, total deletes: 6
  step 1050/2000: loss=0.126517, patches=39
SRD step 1100: evaluated 32 candidates, 0 promising, accepted 0
  Total patches: 39, total adds: 25, total deletes: 6
  step 1100/2000: loss=0.125820, patches=39
SRD step 1150: evaluated 32 candidates, 0 promising, accepted 0
  Total patches: 39, total adds: 25, total deletes: 6
  step 1150/2000: loss=0.121775, patches=39
SRD step 1200: evaluated 32 candidates, 0 promising, accepted 0
  Total patches: 39, total adds: 25, total deletes: 6
  step 1200/2000: loss=0.119304, patches=39
SRD step 1250: evaluated 32 candidates, 0 promising, accepted 0
  Total patches: 39, total adds: 25, total deletes: 6
  step 1250/2000: loss=0.121953, patches=39
SRD step 1300: evaluated 32 candidates, 0 promising, accepted 0
  Total patches: 39, total adds: 25, total deletes: 6
  step 1300/2000: loss=0.120295, patches=39
SRD step 1350: evaluated 32 candidates, 0 promising, accepted 0
  Total patches: 39, total adds: 25, total deletes: 6
  step 1350/2000: loss=0.126261, patches=39
SRD step 1400: evaluated 32 candidates, 0 promising, accepted 0
  Total patches: 39, total adds: 25, total deletes: 6
  step 1400/2000: loss=0.123558, patches=39
SRD step 1450: evaluated 32 candidates, 0 promising, accepted 0
  Total patches: 39, total adds: 25, total deletes: 6
  step 1450/2000: loss=0.118505, patches=39
SRD step 1500: evaluated 32 candidates, 0 promising, accepted 0
  Total patches: 39, total adds: 25, total deletes: 6
  step 1500/2000: loss=0.117443, patches=39
SRD step 1550: evaluated 32 candidates, 0 promising, accepted 0
  Total patches: 39, total adds: 25, total deletes: 6
  step 1550/2000: loss=0.119917, patches=39
SRD step 1600: evaluated 32 candidates, 0 promising, accepted 0
  Total patches: 39, total adds: 25, total deletes: 6
  step 1600/2000: loss=0.116670, patches=39
SRD step 1650: evaluated 32 candidates, 0 promising, accepted 0
  Total patches: 39, total adds: 25, total deletes: 6
  step 1650/2000: loss=0.116865, patches=39
SRD step 1700: evaluated 32 candidates, 0 promising, accepted 0
  Total patches: 39, total adds: 25, total deletes: 6
  step 1700/2000: loss=0.115965, patches=39
SRD step 1750: evaluated 32 candidates, 0 promising, accepted 0
  Total patches: 39, total adds: 25, total deletes: 6
  step 1750/2000: loss=0.114042, patches=39
SRD step 1800: evaluated 32 candidates, 0 promising, accepted 0
  Total patches: 39, total adds: 25, total deletes: 6
  step 1800/2000: loss=0.115427, patches=39
SRD step 1850: evaluated 32 candidates, 0 promising, accepted 0
  Total patches: 39, total adds: 25, total deletes: 6
  step 1850/2000: loss=0.112100, patches=39
SRD step 1900: evaluated 32 candidates, 0 promising, accepted 0
  Total patches: 39, total adds: 25, total deletes: 6
  step 1900/2000: loss=0.112713, patches=39
SRD step 1950: evaluated 32 candidates, 0 promising, accepted 0
  Total patches: 39, total adds: 25, total deletes: 6
  step 1950/2000: loss=0.110232, patches=39
SRD step 2000: evaluated 32 candidates, 0 promising, accepted 0
  Total patches: 39, total adds: 25, total deletes: 6
  step 2000/2000: loss=0.108638, patches=39
[SRD rewrite] deleted patch=20, position=(-1.849, 0.307, -1.661), reason=final deletion pass improved loss
[SRD rewrite] deleted patch=32, position=(-1.264, -0.124, 2.315), reason=final deletion pass improved loss
[SRD rewrite] deleted patch=33, position=(1.018, 0.606, -1.579), reason=final deletion pass improved loss
[Trial 2] done: loss=0.106457, time=14160.9s
[Trial 3/3] seed=2
[SRD rewrite] deleted patch=15, position=(-2.105, -0.846, 0.942), reason=accepted rewrite
[SRD rewrite] deleted patch=7, position=(-1.944, 0.660, -0.531), reason=accepted rewrite
[SRD rewrite] deleted patch=5, position=(-0.738, -0.579, -0.431), reason=accepted rewrite
[SRD rewrite] added patch=17, position=(-0.362, -0.316, 1.383), improvement=0.036158
[SRD rewrite] added patch=18, position=(-0.085, 0.026, -0.566), improvement=0.035652
[SRD rewrite] added patch=19, position=(-1.166, 0.606, 0.146), improvement=0.035565
SRD step 50: evaluated 32 candidates, 30 promising, accepted 6
  Accepted AddPatch at patch 17, improvement=0.036158
  Accepted AddPatch at patch 18, improvement=0.035652
  Accepted AddPatch at patch 19, improvement=0.035565
  Accepted DeletePatch(15) at patch 15, improvement=0.017504
  Accepted DeletePatch(7) at patch 7, improvement=0.015488
  Accepted DeletePatch(5) at patch 5, improvement=0.014084
  Total patches: 20, total adds: 3, total deletes: 3
  step 50/2000: loss=0.606880, patches=20
[SRD rewrite] deleted patch=19, position=(-1.217, 0.586, 0.195), reason=accepted rewrite
[SRD rewrite] added patch=19, position=(-0.770, 0.196, -0.344), improvement=0.012358
[SRD rewrite] added patch=20, position=(-1.465, -0.373, -0.277), improvement=0.012238
[SRD rewrite] added patch=21, position=(0.837, 0.963, -0.781), improvement=0.012090
SRD step 100: evaluated 32 candidates, 28 promising, accepted 4
  Accepted AddPatch at patch 19, improvement=0.012358
  Accepted AddPatch at patch 20, improvement=0.012238
  Accepted AddPatch at patch 21, improvement=0.012090
  Accepted DeletePatch(19) at patch 19, improvement=0.000413
  Total patches: 22, total adds: 6, total deletes: 4
  step 100/2000: loss=0.367353, patches=20
SRD step 150: evaluated 32 candidates, 0 promising, accepted 0
  Total patches: 22, total adds: 6, total deletes: 4
  step 150/2000: loss=0.315855, patches=22
[SRD rewrite] added patch=22, position=(-0.996, 0.057, 1.431), improvement=0.001343
[SRD rewrite] added patch=23, position=(-0.907, 0.757, -2.000), improvement=0.001185
[SRD rewrite] restored patch=24, position=(-1.217, 0.586, 0.195), improvement=0.001093
SRD step 200: evaluated 32 candidates, 8 promising, accepted 3
  Accepted AddPatch at patch 22, improvement=0.001343
  Accepted AddPatch at patch 23, improvement=0.001185
  Accepted RestorePatch(3) at patch 24, improvement=0.001093
  Total patches: 25, total adds: 9, total deletes: 4
  step 200/2000: loss=0.302711, patches=22
[SRD rewrite] added patch=25, position=(0.739, -2.180, 1.563), improvement=0.000733
[SRD rewrite] added patch=26, position=(2.120, 2.393, -0.428), improvement=0.000733
[SRD rewrite] added patch=27, position=(-1.574, 2.410, 2.493), improvement=0.000263
SRD step 250: evaluated 32 candidates, 4 promising, accepted 3
  Accepted AddPatch at patch 25, improvement=0.000733
  Accepted AddPatch at patch 26, improvement=0.000733
  Accepted AddPatch at patch 27, improvement=0.000263
  Total patches: 28, total adds: 12, total deletes: 4
  step 250/2000: loss=0.291451, patches=25
SRD step 300: evaluated 32 candidates, 0 promising, accepted 0
  Total patches: 28, total adds: 12, total deletes: 4
  step 300/2000: loss=0.276472, patches=28
SRD step 350: evaluated 32 candidates, 0 promising, accepted 0
  Total patches: 28, total adds: 12, total deletes: 4
  step 350/2000: loss=0.267162, patches=28
[SRD rewrite] added patch=28, position=(-0.779, -2.489, 0.723), improvement=0.002166
[SRD rewrite] added patch=29, position=(0.922, 0.752, -0.596), improvement=0.001938
[SRD rewrite] added patch=30, position=(-1.046, -2.055, 1.084), improvement=0.001710
SRD step 400: evaluated 32 candidates, 17 promising, accepted 3
  Accepted AddPatch at patch 28, improvement=0.002166
  Accepted AddPatch at patch 29, improvement=0.001938
  Accepted AddPatch at patch 30, improvement=0.001710
  Total patches: 31, total adds: 15, total deletes: 4
  step 400/2000: loss=0.261533, patches=28
[SRD rewrite] deleted patch=15, position=(0.668, -0.121, -2.326), reason=accepted rewrite
SRD step 450: evaluated 32 candidates, 1 promising, accepted 1
  Accepted DeletePatch(15) at patch 15, improvement=0.002532
  Total patches: 30, total adds: 15, total deletes: 5
  step 450/2000: loss=0.252905, patches=31
SRD step 500: evaluated 32 candidates, 0 promising, accepted 0
  Total patches: 30, total adds: 15, total deletes: 5
  step 500/2000: loss=0.240063, patches=30
SRD step 550: evaluated 32 candidates, 0 promising, accepted 0
  Total patches: 30, total adds: 15, total deletes: 5
  step 550/2000: loss=0.221044, patches=30
SRD step 600: evaluated 32 candidates, 0 promising, accepted 0
  Total patches: 30, total adds: 15, total deletes: 5
  step 600/2000: loss=0.212041, patches=30
SRD step 650: evaluated 32 candidates, 0 promising, accepted 0
  Total patches: 30, total adds: 15, total deletes: 5
  step 650/2000: loss=0.210551, patches=30
SRD step 700: evaluated 32 candidates, 0 promising, accepted 0
  Total patches: 30, total adds: 15, total deletes: 5
  step 700/2000: loss=0.208086, patches=30
SRD step 750: evaluated 32 candidates, 0 promising, accepted 0
  Total patches: 30, total adds: 15, total deletes: 5
  step 750/2000: loss=0.206305, patches=30
SRD step 800: evaluated 32 candidates, 0 promising, accepted 0
  Total patches: 30, total adds: 15, total deletes: 5
  step 800/2000: loss=0.203812, patches=30
SRD step 850: evaluated 32 candidates, 0 promising, accepted 0
  Total patches: 30, total adds: 15, total deletes: 5
  step 850/2000: loss=0.200761, patches=30
SRD step 900: evaluated 32 candidates, 0 promising, accepted 0
  Total patches: 30, total adds: 15, total deletes: 5
  step 900/2000: loss=0.201512, patches=30
SRD step 950: evaluated 32 candidates, 0 promising, accepted 0
  Total patches: 30, total adds: 15, total deletes: 5
  step 950/2000: loss=0.203090, patches=30
SRD step 1000: evaluated 32 candidates, 0 promising, accepted 0
  Total patches: 30, total adds: 15, total deletes: 5
  step 1000/2000: loss=0.199710, patches=30
SRD step 1050: evaluated 32 candidates, 0 promising, accepted 0
  Total patches: 30, total adds: 15, total deletes: 5
  step 1050/2000: loss=0.198038, patches=30
SRD step 1100: evaluated 32 candidates, 0 promising, accepted 0
  Total patches: 30, total adds: 15, total deletes: 5
  step 1100/2000: loss=0.197308, patches=30
SRD step 1150: evaluated 32 candidates, 0 promising, accepted 0
  Total patches: 30, total adds: 15, total deletes: 5
  step 1150/2000: loss=0.195208, patches=30
SRD step 1200: evaluated 32 candidates, 0 promising, accepted 0
  Total patches: 30, total adds: 15, total deletes: 5
  step 1200/2000: loss=0.193724, patches=30
SRD step 1250: evaluated 32 candidates, 0 promising, accepted 0
  Total patches: 30, total adds: 15, total deletes: 5
  step 1250/2000: loss=0.192635, patches=30
SRD step 1300: evaluated 32 candidates, 0 promising, accepted 0
  Total patches: 30, total adds: 15, total deletes: 5
  step 1300/2000: loss=0.191566, patches=30
SRD step 1350: evaluated 32 candidates, 0 promising, accepted 0
  Total patches: 30, total adds: 15, total deletes: 5
  step 1350/2000: loss=0.192469, patches=30
[SRD rewrite] restored patch=30, position=(-0.738, -0.579, -0.431), improvement=0.001416
SRD step 1400: evaluated 32 candidates, 2 promising, accepted 1
  Accepted RestorePatch(2) at patch 30, improvement=0.001416
  Total patches: 31, total adds: 16, total deletes: 5
  step 1400/2000: loss=0.189846, patches=30
SRD step 1450: evaluated 32 candidates, 0 promising, accepted 0
  Total patches: 31, total adds: 16, total deletes: 5
  step 1450/2000: loss=0.182579, patches=31
SRD step 1500: evaluated 32 candidates, 0 promising, accepted 0
  Total patches: 31, total adds: 16, total deletes: 5
  step 1500/2000: loss=0.183454, patches=31
SRD step 1550: evaluated 32 candidates, 0 promising, accepted 0
  Total patches: 31, total adds: 16, total deletes: 5
  step 1550/2000: loss=0.181989, patches=31
SRD step 1600: evaluated 32 candidates, 0 promising, accepted 0
  Total patches: 31, total adds: 16, total deletes: 5
  step 1600/2000: loss=0.179546, patches=31
SRD step 1650: evaluated 32 candidates, 0 promising, accepted 0
  Total patches: 31, total adds: 16, total deletes: 5
  step 1650/2000: loss=0.179557, patches=31
SRD step 1700: evaluated 32 candidates, 0 promising, accepted 0
  Total patches: 31, total adds: 16, total deletes: 5
  step 1700/2000: loss=0.179801, patches=31
SRD step 1750: evaluated 32 candidates, 0 promising, accepted 0
  Total patches: 31, total adds: 16, total deletes: 5
  step 1750/2000: loss=0.175889, patches=31
SRD step 1800: evaluated 32 candidates, 0 promising, accepted 0
  Total patches: 31, total adds: 16, total deletes: 5
  step 1800/2000: loss=0.176530, patches=31
SRD step 1850: evaluated 32 candidates, 0 promising, accepted 0
  Total patches: 31, total adds: 16, total deletes: 5
  step 1850/2000: loss=0.176799, patches=31
SRD step 1900: evaluated 32 candidates, 0 promising, accepted 0
  Total patches: 31, total adds: 16, total deletes: 5
  step 1900/2000: loss=0.175695, patches=31
SRD step 1950: evaluated 32 candidates, 0 promising, accepted 0
  Total patches: 31, total adds: 16, total deletes: 5
  step 1950/2000: loss=0.176708, patches=31
SRD step 2000: evaluated 32 candidates, 0 promising, accepted 0
  Total patches: 31, total adds: 16, total deletes: 5
  step 2000/2000: loss=0.176973, patches=31
[SRD rewrite] deleted patch=20, position=(1.697, 0.191, -2.137), reason=final deletion pass improved loss
[SRD rewrite] deleted patch=21, position=(-0.744, 1.148, -2.340), reason=final deletion pass improved loss
[SRD rewrite] deleted patch=24, position=(-1.743, 2.405, 2.320), reason=final deletion pass improved loss
[Trial 3] done: loss=0.175505, time=11307.9s
[Run] report written to results/slurm/20260717_1249/ablation_horse_circle_ablation/output.txt
