[Swept volume] building (resolution=108)...
[Run] mode=ablation, trials=3, seeds=[0, 1, 2], steps=2000, srd=True, ablation_flags={'disable_swept_volume_adds': True, 'loss_only_deletion': True, 'disable_splitting': True}
[Trial 1/3] seed=0
[Patch] mapbox-earcut is not installed; falling back to fan fill, so non-convex pieces will render incorrectly. Install it with: pip install mapbox-earcut
[SRD rewrite] deleted patch=12, position=(2.281, 0.091, -0.871), reason=accepted rewrite
[SRD rewrite] deleted patch=4, position=(-2.385, -0.426, -0.490), reason=accepted rewrite
[SRD rewrite] deleted patch=0, position=(1.300, 0.145, -1.476), reason=accepted rewrite
[SRD rewrite] added patch=17, position=(0.381, 0.460, 0.361), improvement=0.016589
[SRD rewrite] added patch=18, position=(0.729, -0.312, 1.959), improvement=0.016522
[SRD rewrite] added patch=19, position=(1.076, 0.514, 0.224), improvement=0.016293
SRD step 50: evaluated 32 candidates, 31 promising, accepted 6
  Accepted DeletePatch(0) at patch 0, improvement=0.019960
  Accepted DeletePatch(12) at patch 12, improvement=0.018113
  Accepted AddPatch at patch 17, improvement=0.016589
  Accepted AddPatch at patch 18, improvement=0.016522
  Accepted AddPatch at patch 19, improvement=0.016293
  Accepted DeletePatch(4) at patch 4, improvement=0.015262
  Total patches: 20, total adds: 3, total deletes: 3
  step 50/2000: loss=0.765806, patches=20
[SRD rewrite] added patch=20, position=(-0.662, -0.321, 1.960), improvement=0.009360
[SRD rewrite] added patch=21, position=(0.535, 1.073, -0.153), improvement=0.009278
[SRD rewrite] added patch=22, position=(1.779, -2.441, -0.700), improvement=0.008242
SRD step 100: evaluated 32 candidates, 19 promising, accepted 3
  Accepted AddPatch at patch 20, improvement=0.009360
  Accepted AddPatch at patch 21, improvement=0.009278
  Accepted AddPatch at patch 22, improvement=0.008242
  Total patches: 23, total adds: 6, total deletes: 3
  step 100/2000: loss=0.613531, patches=20
[SRD rewrite] added patch=23, position=(-0.359, -1.011, -0.494), improvement=0.007419
[SRD rewrite] added patch=24, position=(-0.039, 1.078, -0.069), improvement=0.007096
[SRD rewrite] added patch=25, position=(-2.454, 1.665, 2.422), improvement=0.006912
SRD step 150: evaluated 32 candidates, 20 promising, accepted 3
  Accepted AddPatch at patch 23, improvement=0.007419
  Accepted AddPatch at patch 24, improvement=0.007096
  Accepted AddPatch at patch 25, improvement=0.006912
  Total patches: 26, total adds: 9, total deletes: 3
  step 150/2000: loss=0.528690, patches=23
[SRD rewrite] deleted patch=1, position=(0.944, 0.059, -2.317), reason=accepted rewrite
[SRD rewrite] added patch=25, position=(2.025, -1.017, 2.460), improvement=0.003528
[SRD rewrite] added patch=26, position=(-0.209, 0.455, 1.789), improvement=0.003303
[SRD rewrite] added patch=27, position=(-1.277, -0.628, -2.272), improvement=0.003293
SRD step 200: evaluated 32 candidates, 21 promising, accepted 4
  Accepted AddPatch at patch 25, improvement=0.003528
  Accepted AddPatch at patch 26, improvement=0.003303
  Accepted AddPatch at patch 27, improvement=0.003293
  Accepted DeletePatch(1) at patch 1, improvement=0.002036
  Total patches: 28, total adds: 12, total deletes: 4
  step 200/2000: loss=0.460984, patches=26
SRD step 250: evaluated 32 candidates, 0 promising, accepted 0
  Total patches: 28, total adds: 12, total deletes: 4
  step 250/2000: loss=0.425438, patches=28
SRD step 300: evaluated 32 candidates, 0 promising, accepted 0
  Total patches: 28, total adds: 12, total deletes: 4
  step 300/2000: loss=0.413801, patches=28
[SRD rewrite] added patch=28, position=(1.234, 0.545, 0.395), improvement=0.000143
SRD step 350: evaluated 32 candidates, 1 promising, accepted 1
  Accepted AddPatch at patch 28, improvement=0.000143
  Total patches: 29, total adds: 13, total deletes: 4
  step 350/2000: loss=0.408915, patches=28
SRD step 400: evaluated 32 candidates, 0 promising, accepted 0
  Total patches: 29, total adds: 13, total deletes: 4
  step 400/2000: loss=0.398286, patches=29
SRD step 450: evaluated 32 candidates, 0 promising, accepted 0
  Total patches: 29, total adds: 13, total deletes: 4
  step 450/2000: loss=0.386075, patches=29
SRD step 500: evaluated 32 candidates, 0 promising, accepted 0
  Total patches: 29, total adds: 13, total deletes: 4
  step 500/2000: loss=0.369365, patches=29
SRD step 550: evaluated 32 candidates, 0 promising, accepted 0
  Total patches: 29, total adds: 13, total deletes: 4
  step 550/2000: loss=0.352410, patches=29
SRD step 600: evaluated 32 candidates, 0 promising, accepted 0
  Total patches: 29, total adds: 13, total deletes: 4
  step 600/2000: loss=0.341075, patches=29
SRD step 650: evaluated 32 candidates, 0 promising, accepted 0
  Total patches: 29, total adds: 13, total deletes: 4
  step 650/2000: loss=0.328447, patches=29
SRD step 700: evaluated 32 candidates, 0 promising, accepted 0
  Total patches: 29, total adds: 13, total deletes: 4
  step 700/2000: loss=0.324466, patches=29
SRD step 750: evaluated 32 candidates, 0 promising, accepted 0
  Total patches: 29, total adds: 13, total deletes: 4
  step 750/2000: loss=0.317352, patches=29
[SRD rewrite] added patch=29, position=(-0.043, 0.442, 0.366), improvement=0.000787
[SRD rewrite] added patch=30, position=(1.142, 2.003, 1.349), improvement=0.000076
[SRD rewrite] added patch=31, position=(1.287, -2.392, 0.546), improvement=0.000076
SRD step 800: evaluated 32 candidates, 3 promising, accepted 3
  Accepted AddPatch at patch 29, improvement=0.000787
  Accepted AddPatch at patch 30, improvement=0.000076
  Accepted AddPatch at patch 31, improvement=0.000076
  Total patches: 32, total adds: 16, total deletes: 4
  step 800/2000: loss=0.313391, patches=29
SRD step 850: evaluated 32 candidates, 0 promising, accepted 0
  Total patches: 32, total adds: 16, total deletes: 4
  step 850/2000: loss=0.303450, patches=32
SRD step 900: evaluated 32 candidates, 0 promising, accepted 0
  Total patches: 32, total adds: 16, total deletes: 4
  step 900/2000: loss=0.306940, patches=32
SRD step 950: evaluated 32 candidates, 0 promising, accepted 0
  Total patches: 32, total adds: 16, total deletes: 4
  step 950/2000: loss=0.311878, patches=32
SRD step 1000: evaluated 32 candidates, 0 promising, accepted 0
  Total patches: 32, total adds: 16, total deletes: 4
  step 1000/2000: loss=0.321109, patches=32
SRD step 1050: evaluated 32 candidates, 0 promising, accepted 0
  Total patches: 32, total adds: 16, total deletes: 4
  step 1050/2000: loss=0.315145, patches=32
SRD step 1100: evaluated 32 candidates, 0 promising, accepted 0
  Total patches: 32, total adds: 16, total deletes: 4
  step 1100/2000: loss=0.317523, patches=32
SRD step 1150: evaluated 32 candidates, 0 promising, accepted 0
  Total patches: 32, total adds: 16, total deletes: 4
  step 1150/2000: loss=0.317660, patches=32
[SRD rewrite] deleted patch=9, position=(-1.671, -0.478, 2.500), reason=accepted rewrite
SRD step 1200: evaluated 32 candidates, 1 promising, accepted 1
  Accepted DeletePatch(9) at patch 9, improvement=0.014439
  Total patches: 31, total adds: 16, total deletes: 5
  step 1200/2000: loss=0.318427, patches=32
SRD step 1250: evaluated 32 candidates, 0 promising, accepted 0
  Total patches: 31, total adds: 16, total deletes: 5
  step 1250/2000: loss=0.287861, patches=31
SRD step 1300: evaluated 32 candidates, 0 promising, accepted 0
  Total patches: 31, total adds: 16, total deletes: 5
  step 1300/2000: loss=0.291808, patches=31
SRD step 1350: evaluated 32 candidates, 0 promising, accepted 0
  Total patches: 31, total adds: 16, total deletes: 5
  step 1350/2000: loss=0.290690, patches=31
SRD step 1400: evaluated 32 candidates, 0 promising, accepted 0
  Total patches: 31, total adds: 16, total deletes: 5
  step 1400/2000: loss=0.283099, patches=31
SRD step 1450: evaluated 32 candidates, 0 promising, accepted 0
  Total patches: 31, total adds: 16, total deletes: 5
  step 1450/2000: loss=0.287701, patches=31
SRD step 1500: evaluated 32 candidates, 0 promising, accepted 0
  Total patches: 31, total adds: 16, total deletes: 5
  step 1500/2000: loss=0.290399, patches=31
SRD step 1550: evaluated 32 candidates, 0 promising, accepted 0
  Total patches: 31, total adds: 16, total deletes: 5
  step 1550/2000: loss=0.291210, patches=31
SRD step 1600: evaluated 32 candidates, 0 promising, accepted 0
  Total patches: 31, total adds: 16, total deletes: 5
  step 1600/2000: loss=0.293023, patches=31
SRD step 1650: evaluated 32 candidates, 0 promising, accepted 0
  Total patches: 31, total adds: 16, total deletes: 5
  step 1650/2000: loss=0.298873, patches=31
SRD step 1700: evaluated 32 candidates, 0 promising, accepted 0
  Total patches: 31, total adds: 16, total deletes: 5
  step 1700/2000: loss=0.310848, patches=31
SRD step 1750: evaluated 32 candidates, 0 promising, accepted 0
  Total patches: 31, total adds: 16, total deletes: 5
  step 1750/2000: loss=0.314231, patches=31
SRD step 1800: evaluated 32 candidates, 0 promising, accepted 0
  Total patches: 31, total adds: 16, total deletes: 5
  step 1800/2000: loss=0.317478, patches=31
SRD step 1850: evaluated 32 candidates, 0 promising, accepted 0
  Total patches: 31, total adds: 16, total deletes: 5
  step 1850/2000: loss=0.327117, patches=31
SRD step 1900: evaluated 32 candidates, 0 promising, accepted 0
  Total patches: 31, total adds: 16, total deletes: 5
  step 1900/2000: loss=0.332028, patches=31
SRD step 1950: evaluated 32 candidates, 0 promising, accepted 0
  Total patches: 31, total adds: 16, total deletes: 5
  step 1950/2000: loss=0.346423, patches=31
[SRD rewrite] deleted patch=1, position=(-1.984, -2.330, 1.044), reason=accepted rewrite
SRD step 2000: evaluated 32 candidates, 1 promising, accepted 1
  Accepted DeletePatch(1) at patch 1, improvement=0.008953
  Total patches: 30, total adds: 16, total deletes: 6
  step 2000/2000: loss=0.337931, patches=31
[SRD rewrite] deleted patch=1, position=(1.004, -0.641, 1.258), reason=final deletion pass improved loss
[SRD rewrite] deleted patch=3, position=(1.251, -0.821, -1.392), reason=final deletion pass improved loss
[SRD rewrite] deleted patch=13, position=(0.649, -0.682, 1.908), reason=final deletion pass improved loss
[SRD rewrite] deleted patch=19, position=(-2.463, 1.756, 2.267), reason=final deletion pass improved loss
[SRD rewrite] deleted patch=19, position=(2.025, -1.017, 2.460), reason=final deletion pass improved loss
[SRD rewrite] deleted patch=20, position=(-1.128, -0.744, -2.419), reason=final deletion pass improved loss
[Trial 1] done: loss=0.318593, time=11924.4s
[Trial 2/3] seed=1
[SRD rewrite] deleted patch=17, position=(-1.392, 0.695, -0.836), reason=accepted rewrite
[SRD rewrite] deleted patch=14, position=(1.167, -0.490, 1.531), reason=accepted rewrite
[SRD rewrite] deleted patch=7, position=(0.485, 0.326, -1.965), reason=accepted rewrite
[SRD rewrite] added patch=17, position=(0.166, 0.959, -0.922), improvement=0.011541
[SRD rewrite] added patch=18, position=(0.179, 0.819, 0.074), improvement=0.011531
[SRD rewrite] added patch=19, position=(1.891, -2.363, 0.852), improvement=0.009829
SRD step 50: evaluated 32 candidates, 30 promising, accepted 6
  Accepted DeletePatch(7) at patch 7, improvement=0.014649
  Accepted AddPatch at patch 17, improvement=0.011541
  Accepted AddPatch at patch 18, improvement=0.011531
  Accepted AddPatch at patch 19, improvement=0.009829
  Accepted DeletePatch(14) at patch 14, improvement=0.008242
  Accepted DeletePatch(17) at patch 17, improvement=0.004919
  Total patches: 20, total adds: 3, total deletes: 3
  step 50/2000: loss=0.797067, patches=20
[SRD rewrite] deleted patch=7, position=(-0.020, 0.580, -1.256), reason=accepted rewrite
[SRD rewrite] added patch=19, position=(-1.301, -0.031, 0.600), improvement=0.006408
[SRD rewrite] added patch=20, position=(0.532, 0.344, -0.913), improvement=0.005938
[SRD rewrite] added patch=21, position=(2.126, -1.482, -2.460), improvement=0.004925
SRD step 100: evaluated 32 candidates, 21 promising, accepted 4
  Accepted AddPatch at patch 19, improvement=0.006408
  Accepted AddPatch at patch 20, improvement=0.005938
  Accepted AddPatch at patch 21, improvement=0.004925
  Accepted DeletePatch(7) at patch 7, improvement=0.004642
  Total patches: 22, total adds: 6, total deletes: 4
  step 100/2000: loss=0.713643, patches=20
[SRD rewrite] deleted patch=2, position=(1.282, -1.364, 0.623), reason=accepted rewrite
[SRD rewrite] added patch=21, position=(-1.072, 0.434, 1.250), improvement=0.006167
[SRD rewrite] added patch=22, position=(1.275, 0.990, 1.822), improvement=0.004246
[SRD rewrite] added patch=23, position=(-1.849, 0.307, -1.661), improvement=0.003704
SRD step 150: evaluated 32 candidates, 17 promising, accepted 4
  Accepted DeletePatch(2) at patch 2, improvement=0.014570
  Accepted AddPatch at patch 21, improvement=0.006167
  Accepted AddPatch at patch 22, improvement=0.004246
  Accepted AddPatch at patch 23, improvement=0.003704
  Total patches: 24, total adds: 9, total deletes: 5
  step 150/2000: loss=0.652326, patches=22
[SRD rewrite] added patch=24, position=(0.208, 2.374, 0.683), improvement=0.001750
[SRD rewrite] added patch=25, position=(1.398, 2.472, 0.768), improvement=0.001750
[SRD rewrite] added patch=26, position=(-1.393, -1.165, -2.093), improvement=0.001452
SRD step 200: evaluated 32 candidates, 14 promising, accepted 3
  Accepted AddPatch at patch 24, improvement=0.001750
  Accepted AddPatch at patch 25, improvement=0.001750
  Accepted AddPatch at patch 26, improvement=0.001452
  Total patches: 27, total adds: 12, total deletes: 5
  step 200/2000: loss=0.594899, patches=24
[SRD rewrite] added patch=27, position=(-0.116, -2.434, -0.735), improvement=0.003302
[SRD rewrite] added patch=28, position=(1.955, -2.364, 0.110), improvement=0.003302
[SRD rewrite] added patch=29, position=(0.472, 2.380, 2.008), improvement=0.003302
SRD step 250: evaluated 32 candidates, 20 promising, accepted 3
  Accepted AddPatch at patch 27, improvement=0.003302
  Accepted AddPatch at patch 28, improvement=0.003302
  Accepted AddPatch at patch 29, improvement=0.003302
  Total patches: 30, total adds: 15, total deletes: 5
  step 250/2000: loss=0.529740, patches=27
[SRD rewrite] added patch=30, position=(2.016, 1.907, 1.565), improvement=0.000045
[SRD rewrite] added patch=31, position=(2.404, 0.933, 2.100), improvement=0.000045
SRD step 300: evaluated 32 candidates, 2 promising, accepted 2
  Accepted AddPatch at patch 30, improvement=0.000045
  Accepted AddPatch at patch 31, improvement=0.000045
  Total patches: 32, total adds: 17, total deletes: 5
  step 300/2000: loss=0.471522, patches=30
SRD step 350: evaluated 32 candidates, 0 promising, accepted 0
  Total patches: 32, total adds: 17, total deletes: 5
  step 350/2000: loss=0.455294, patches=32
SRD step 400: evaluated 32 candidates, 0 promising, accepted 0
  Total patches: 32, total adds: 17, total deletes: 5
  step 400/2000: loss=0.452268, patches=32
SRD step 450: evaluated 32 candidates, 0 promising, accepted 0
  Total patches: 32, total adds: 17, total deletes: 5
  step 450/2000: loss=0.450946, patches=32
SRD step 500: evaluated 32 candidates, 0 promising, accepted 0
  Total patches: 32, total adds: 17, total deletes: 5
  step 500/2000: loss=0.450457, patches=32
[SRD rewrite] deleted patch=8, position=(-1.477, -0.138, 2.460), reason=accepted rewrite
SRD step 550: evaluated 32 candidates, 1 promising, accepted 1
  Accepted DeletePatch(8) at patch 8, improvement=0.018862
  Total patches: 31, total adds: 17, total deletes: 6
  step 550/2000: loss=0.444144, patches=32
SRD step 600: evaluated 32 candidates, 0 promising, accepted 0
  Total patches: 31, total adds: 17, total deletes: 6
  step 600/2000: loss=0.418502, patches=31
[SRD rewrite] added patch=31, position=(0.090, -0.636, 1.052), improvement=0.001168
SRD step 650: evaluated 32 candidates, 1 promising, accepted 1
  Accepted AddPatch at patch 31, improvement=0.001168
  Total patches: 32, total adds: 18, total deletes: 6
  step 650/2000: loss=0.410869, patches=31
SRD step 700: evaluated 32 candidates, 0 promising, accepted 0
  Total patches: 32, total adds: 18, total deletes: 6
  step 700/2000: loss=0.389153, patches=32
SRD step 750: evaluated 32 candidates, 0 promising, accepted 0
  Total patches: 32, total adds: 18, total deletes: 6
  step 750/2000: loss=0.387137, patches=32
SRD step 800: evaluated 32 candidates, 0 promising, accepted 0
  Total patches: 32, total adds: 18, total deletes: 6
  step 800/2000: loss=0.383199, patches=32
SRD step 850: evaluated 32 candidates, 0 promising, accepted 0
  Total patches: 32, total adds: 18, total deletes: 6
  step 850/2000: loss=0.377107, patches=32
SRD step 900: evaluated 32 candidates, 0 promising, accepted 0
  Total patches: 32, total adds: 18, total deletes: 6
  step 900/2000: loss=0.368644, patches=32
SRD step 950: evaluated 32 candidates, 0 promising, accepted 0
  Total patches: 32, total adds: 18, total deletes: 6
  step 950/2000: loss=0.367529, patches=32
SRD step 1000: evaluated 32 candidates, 0 promising, accepted 0
  Total patches: 32, total adds: 18, total deletes: 6
  step 1000/2000: loss=0.364193, patches=32
SRD step 1050: evaluated 32 candidates, 0 promising, accepted 0
  Total patches: 32, total adds: 18, total deletes: 6
  step 1050/2000: loss=0.368799, patches=32
SRD step 1100: evaluated 32 candidates, 0 promising, accepted 0
  Total patches: 32, total adds: 18, total deletes: 6
  step 1100/2000: loss=0.367646, patches=32
SRD step 1150: evaluated 32 candidates, 0 promising, accepted 0
  Total patches: 32, total adds: 18, total deletes: 6
  step 1150/2000: loss=0.363198, patches=32
[SRD rewrite] added patch=32, position=(-1.137, -0.093, -1.540), improvement=0.000423
[SRD rewrite] added patch=33, position=(-1.617, -2.034, 2.037), improvement=0.000279
[SRD rewrite] added patch=34, position=(-0.154, 0.888, 1.192), improvement=0.000266
SRD step 1200: evaluated 32 candidates, 3 promising, accepted 3
  Accepted AddPatch at patch 32, improvement=0.000423
  Accepted AddPatch at patch 33, improvement=0.000279
  Accepted AddPatch at patch 34, improvement=0.000266
  Total patches: 35, total adds: 21, total deletes: 6
  step 1200/2000: loss=0.365905, patches=32
SRD step 1250: evaluated 32 candidates, 0 promising, accepted 0
  Total patches: 35, total adds: 21, total deletes: 6
  step 1250/2000: loss=0.368482, patches=35
SRD step 1300: evaluated 32 candidates, 0 promising, accepted 0
  Total patches: 35, total adds: 21, total deletes: 6
  step 1300/2000: loss=0.365277, patches=35
SRD step 1350: evaluated 32 candidates, 0 promising, accepted 0
  Total patches: 35, total adds: 21, total deletes: 6
  step 1350/2000: loss=0.357489, patches=35
SRD step 1400: evaluated 32 candidates, 0 promising, accepted 0
  Total patches: 35, total adds: 21, total deletes: 6
  step 1400/2000: loss=0.361316, patches=35
SRD step 1450: evaluated 32 candidates, 0 promising, accepted 0
  Total patches: 35, total adds: 21, total deletes: 6
  step 1450/2000: loss=0.355402, patches=35
SRD step 1500: evaluated 32 candidates, 0 promising, accepted 0
  Total patches: 35, total adds: 21, total deletes: 6
  step 1500/2000: loss=0.341943, patches=35
SRD step 1550: evaluated 32 candidates, 0 promising, accepted 0
  Total patches: 35, total adds: 21, total deletes: 6
  step 1550/2000: loss=0.332823, patches=35
SRD step 1600: evaluated 32 candidates, 0 promising, accepted 0
  Total patches: 35, total adds: 21, total deletes: 6
  step 1600/2000: loss=0.332876, patches=35
SRD step 1650: evaluated 32 candidates, 0 promising, accepted 0
  Total patches: 35, total adds: 21, total deletes: 6
  step 1650/2000: loss=0.333216, patches=35
SRD step 1700: evaluated 32 candidates, 0 promising, accepted 0
  Total patches: 35, total adds: 21, total deletes: 6
  step 1700/2000: loss=0.328145, patches=35
SRD step 1750: evaluated 32 candidates, 0 promising, accepted 0
  Total patches: 35, total adds: 21, total deletes: 6
  step 1750/2000: loss=0.326148, patches=35
SRD step 1800: evaluated 32 candidates, 0 promising, accepted 0
  Total patches: 35, total adds: 21, total deletes: 6
  step 1800/2000: loss=0.324551, patches=35
SRD step 1850: evaluated 32 candidates, 0 promising, accepted 0
  Total patches: 35, total adds: 21, total deletes: 6
  step 1850/2000: loss=0.323771, patches=35
SRD step 1900: evaluated 32 candidates, 0 promising, accepted 0
  Total patches: 35, total adds: 21, total deletes: 6
  step 1900/2000: loss=0.320081, patches=35
SRD step 1950: evaluated 32 candidates, 0 promising, accepted 0
  Total patches: 35, total adds: 21, total deletes: 6
  step 1950/2000: loss=0.316317, patches=35
SRD step 2000: evaluated 32 candidates, 0 promising, accepted 0
  Total patches: 35, total adds: 21, total deletes: 6
  step 2000/2000: loss=0.319495, patches=35
[SRD rewrite] deleted patch=12, position=(0.923, -1.444, -2.452), reason=final deletion pass improved loss
[SRD rewrite] deleted patch=20, position=(0.711, 0.045, 1.843), reason=final deletion pass improved loss
[SRD rewrite] deleted patch=30, position=(-1.247, -1.008, -1.057), reason=final deletion pass improved loss
[SRD rewrite] deleted patch=30, position=(-1.617, -2.034, 2.037), reason=final deletion pass improved loss
[Trial 2] done: loss=0.313417, time=12943.1s
[Trial 3/3] seed=2
[SRD rewrite] deleted patch=15, position=(-2.058, 0.598, -0.173), reason=accepted rewrite
[SRD rewrite] deleted patch=7, position=(-2.004, -0.310, 0.419), reason=accepted rewrite
[SRD rewrite] deleted patch=5, position=(-0.660, -0.471, -1.659), reason=accepted rewrite
[SRD rewrite] added patch=17, position=(-0.362, -0.316, 1.383), improvement=0.013219
[SRD rewrite] added patch=18, position=(-0.293, 0.020, -0.882), improvement=0.012850
[SRD rewrite] added patch=19, position=(1.754, -0.469, -2.364), improvement=0.011513
SRD step 50: evaluated 32 candidates, 30 promising, accepted 6
  Accepted AddPatch at patch 17, improvement=0.013219
  Accepted AddPatch at patch 18, improvement=0.012850
  Accepted DeletePatch(7) at patch 7, improvement=0.012398
  Accepted AddPatch at patch 19, improvement=0.011513
  Accepted DeletePatch(5) at patch 5, improvement=0.010920
  Accepted DeletePatch(15) at patch 15, improvement=0.003314
  Total patches: 20, total adds: 3, total deletes: 3
  step 50/2000: loss=0.718851, patches=20
[SRD rewrite] added patch=20, position=(0.837, 0.963, -0.781), improvement=0.002920
[SRD rewrite] added patch=21, position=(-1.465, -0.373, -0.277), improvement=0.002799
[SRD rewrite] added patch=22, position=(0.675, 1.349, -0.293), improvement=0.001888
SRD step 100: evaluated 32 candidates, 13 promising, accepted 3
  Accepted AddPatch at patch 20, improvement=0.002920
  Accepted AddPatch at patch 21, improvement=0.002799
  Accepted AddPatch at patch 22, improvement=0.001888
  Total patches: 23, total adds: 6, total deletes: 3
  step 100/2000: loss=0.600864, patches=20
[SRD rewrite] deleted patch=0, position=(1.588, -1.334, 0.315), reason=accepted rewrite
[SRD rewrite] added patch=22, position=(-0.317, -2.425, 1.965), improvement=0.001646
[SRD rewrite] added patch=23, position=(-0.435, -2.351, 1.752), improvement=0.001646
[SRD rewrite] added patch=24, position=(0.445, -0.147, -0.671), improvement=0.001483
SRD step 150: evaluated 32 candidates, 10 promising, accepted 4
  Accepted DeletePatch(0) at patch 0, improvement=0.006819
  Accepted AddPatch at patch 22, improvement=0.001646
  Accepted AddPatch at patch 23, improvement=0.001646
  Accepted AddPatch at patch 24, improvement=0.001483
  Total patches: 25, total adds: 9, total deletes: 4
  step 150/2000: loss=0.557454, patches=23
[SRD rewrite] deleted patch=8, position=(-2.074, 0.148, -0.057), reason=accepted rewrite
[SRD rewrite] added patch=24, position=(-0.104, 0.873, -0.096), improvement=0.007051
[SRD rewrite] added patch=25, position=(-1.846, -1.430, -0.575), improvement=0.006368
[SRD rewrite] added patch=26, position=(-2.488, -0.039, 2.190), improvement=0.006042
SRD step 200: evaluated 32 candidates, 20 promising, accepted 4
  Accepted DeletePatch(8) at patch 8, improvement=0.014820
  Accepted AddPatch at patch 24, improvement=0.007051
  Accepted AddPatch at patch 25, improvement=0.006368
  Accepted AddPatch at patch 26, improvement=0.006042
  Total patches: 27, total adds: 12, total deletes: 5
  step 200/2000: loss=0.501819, patches=25
[SRD rewrite] added patch=27, position=(0.771, 0.469, 0.207), improvement=0.003451
[SRD rewrite] added patch=28, position=(0.778, -0.212, 0.953), improvement=0.002419
[SRD rewrite] added patch=29, position=(-0.252, 0.983, -0.562), improvement=0.001637
SRD step 250: evaluated 32 candidates, 15 promising, accepted 3
  Accepted AddPatch at patch 27, improvement=0.003451
  Accepted AddPatch at patch 28, improvement=0.002419
  Accepted AddPatch at patch 29, improvement=0.001637
  Total patches: 30, total adds: 15, total deletes: 5
  step 250/2000: loss=0.435462, patches=27
[SRD rewrite] added patch=30, position=(0.831, 0.087, 2.121), improvement=0.003969
[SRD rewrite] added patch=31, position=(-0.319, -0.097, 1.873), improvement=0.003544
[SRD rewrite] added patch=32, position=(-0.882, -0.926, -0.111), improvement=0.003473
SRD step 300: evaluated 32 candidates, 18 promising, accepted 3
  Accepted AddPatch at patch 30, improvement=0.003969
  Accepted AddPatch at patch 31, improvement=0.003544
  Accepted AddPatch at patch 32, improvement=0.003473
  Total patches: 33, total adds: 18, total deletes: 5
  step 300/2000: loss=0.372890, patches=30
SRD step 350: evaluated 32 candidates, 0 promising, accepted 0
  Total patches: 33, total adds: 18, total deletes: 5
  step 350/2000: loss=0.320341, patches=33
SRD step 400: evaluated 32 candidates, 0 promising, accepted 0
  Total patches: 33, total adds: 18, total deletes: 5
  step 400/2000: loss=0.286573, patches=33
SRD step 450: evaluated 32 candidates, 0 promising, accepted 0
  Total patches: 33, total adds: 18, total deletes: 5
  step 450/2000: loss=0.273121, patches=33
SRD step 500: evaluated 32 candidates, 0 promising, accepted 0
  Total patches: 33, total adds: 18, total deletes: 5
  step 500/2000: loss=0.263877, patches=33
SRD step 550: evaluated 32 candidates, 0 promising, accepted 0
  Total patches: 33, total adds: 18, total deletes: 5
  step 550/2000: loss=0.253884, patches=33
SRD step 600: evaluated 32 candidates, 0 promising, accepted 0
  Total patches: 33, total adds: 18, total deletes: 5
  step 600/2000: loss=0.247901, patches=33
SRD step 650: evaluated 32 candidates, 0 promising, accepted 0
  Total patches: 33, total adds: 18, total deletes: 5
  step 650/2000: loss=0.234785, patches=33
SRD step 700: evaluated 32 candidates, 0 promising, accepted 0
  Total patches: 33, total adds: 18, total deletes: 5
  step 700/2000: loss=0.232466, patches=33
SRD step 750: evaluated 32 candidates, 0 promising, accepted 0
  Total patches: 33, total adds: 18, total deletes: 5
  step 750/2000: loss=0.236318, patches=33
SRD step 800: evaluated 32 candidates, 0 promising, accepted 0
  Total patches: 33, total adds: 18, total deletes: 5
  step 800/2000: loss=0.233824, patches=33
SRD step 850: evaluated 32 candidates, 0 promising, accepted 0
  Total patches: 33, total adds: 18, total deletes: 5
  step 850/2000: loss=0.230549, patches=33
SRD step 900: evaluated 32 candidates, 0 promising, accepted 0
  Total patches: 33, total adds: 18, total deletes: 5
  step 900/2000: loss=0.234470, patches=33
SRD step 950: evaluated 32 candidates, 0 promising, accepted 0
  Total patches: 33, total adds: 18, total deletes: 5
  step 950/2000: loss=0.233663, patches=33
SRD step 1000: evaluated 32 candidates, 0 promising, accepted 0
  Total patches: 33, total adds: 18, total deletes: 5
  step 1000/2000: loss=0.234163, patches=33
SRD step 1050: evaluated 32 candidates, 0 promising, accepted 0
  Total patches: 33, total adds: 18, total deletes: 5
  step 1050/2000: loss=0.233289, patches=33
SRD step 1100: evaluated 32 candidates, 0 promising, accepted 0
  Total patches: 33, total adds: 18, total deletes: 5
  step 1100/2000: loss=0.238629, patches=33
SRD step 1150: evaluated 32 candidates, 0 promising, accepted 0
  Total patches: 33, total adds: 18, total deletes: 5
  step 1150/2000: loss=0.227388, patches=33
SRD step 1200: evaluated 32 candidates, 0 promising, accepted 0
  Total patches: 33, total adds: 18, total deletes: 5
  step 1200/2000: loss=0.225715, patches=33
SRD step 1250: evaluated 32 candidates, 0 promising, accepted 0
  Total patches: 33, total adds: 18, total deletes: 5
  step 1250/2000: loss=0.222384, patches=33
SRD step 1300: evaluated 32 candidates, 0 promising, accepted 0
  Total patches: 33, total adds: 18, total deletes: 5
  step 1300/2000: loss=0.224470, patches=33
SRD step 1350: evaluated 32 candidates, 0 promising, accepted 0
  Total patches: 33, total adds: 18, total deletes: 5
  step 1350/2000: loss=0.222311, patches=33
SRD step 1400: evaluated 32 candidates, 0 promising, accepted 0
  Total patches: 33, total adds: 18, total deletes: 5
  step 1400/2000: loss=0.221168, patches=33
SRD step 1450: evaluated 32 candidates, 0 promising, accepted 0
  Total patches: 33, total adds: 18, total deletes: 5
  step 1450/2000: loss=0.222632, patches=33
SRD step 1500: evaluated 32 candidates, 0 promising, accepted 0
  Total patches: 33, total adds: 18, total deletes: 5
  step 1500/2000: loss=0.228019, patches=33
SRD step 1550: evaluated 32 candidates, 0 promising, accepted 0
  Total patches: 33, total adds: 18, total deletes: 5
  step 1550/2000: loss=0.221311, patches=33
SRD step 1600: evaluated 32 candidates, 0 promising, accepted 0
  Total patches: 33, total adds: 18, total deletes: 5
  step 1600/2000: loss=0.223039, patches=33
SRD step 1650: evaluated 32 candidates, 0 promising, accepted 0
  Total patches: 33, total adds: 18, total deletes: 5
  step 1650/2000: loss=0.226697, patches=33
SRD step 1700: evaluated 32 candidates, 0 promising, accepted 0
  Total patches: 33, total adds: 18, total deletes: 5
  step 1700/2000: loss=0.223998, patches=33
SRD step 1750: evaluated 32 candidates, 0 promising, accepted 0
  Total patches: 33, total adds: 18, total deletes: 5
  step 1750/2000: loss=0.219768, patches=33
SRD step 1800: evaluated 32 candidates, 0 promising, accepted 0
  Total patches: 33, total adds: 18, total deletes: 5
  step 1800/2000: loss=0.220984, patches=33
SRD step 1850: evaluated 32 candidates, 0 promising, accepted 0
  Total patches: 33, total adds: 18, total deletes: 5
  step 1850/2000: loss=0.216705, patches=33
SRD step 1900: evaluated 32 candidates, 0 promising, accepted 0
  Total patches: 33, total adds: 18, total deletes: 5
  step 1900/2000: loss=0.217292, patches=33
SRD step 1950: evaluated 32 candidates, 0 promising, accepted 0
  Total patches: 33, total adds: 18, total deletes: 5
  step 1950/2000: loss=0.216119, patches=33
SRD step 2000: evaluated 32 candidates, 0 promising, accepted 0
  Total patches: 33, total adds: 18, total deletes: 5
  step 2000/2000: loss=0.218994, patches=33
[SRD rewrite] deleted patch=3, position=(-0.230, -0.226, -0.105), reason=final deletion pass improved loss
[SRD rewrite] deleted patch=17, position=(1.192, 1.327, -1.069), reason=final deletion pass improved loss
[SRD rewrite] deleted patch=18, position=(0.918, 1.086, -1.506), reason=final deletion pass improved loss
[SRD rewrite] deleted patch=27, position=(-0.278, -1.790, 1.436), reason=final deletion pass improved loss
[Trial 3] done: loss=0.218458, time=12871.3s
[Run] report written to results/slurm/20260717_1249/ablation_acm_scf_ablation/output.txt
