## SLURM PROLOG ###############################################################
##    Job ID : 4079937
##  Job Name : 20260718_0323_comparison_horse_circle_srd
##  Nodelist : gpu2116
##      CPUs : 
##  Mem/Node : 128000 MB
## Directory : /oscar/home/cjmok/automated-perspective-sculptor
##   Job Started : Sat Jul 18 03:39:27 AM EDT 2026
###############################################################################
[Swept volume] building (resolution=256)...
[Run] mode=full, trials=3, seeds=[0, 1, 2], steps=2000, srd=True, ablation_flags={'disable_swept_volume_adds': False, 'loss_only_deletion': False, 'disable_splitting': False}
[Trial 1/3] seed=0
[Patch] mapbox-earcut is not installed; falling back to fan fill, so non-convex pieces will render incorrectly. Install it with: pip install mapbox-earcut
[SRD rewrite] split patch=8, children=19,20, improvement=0.031908
[SRD rewrite] added patch=21, position=(-0.857, 0.071, -0.087), improvement=0.031644
[SRD rewrite] added patch=22, position=(-0.783, 0.066, 0.009), improvement=0.031339
SRD step 50: evaluated 27 candidates, 27 promising, accepted 3
  Accepted SplitPatch(8) at patch 8, improvement=0.031908
  Accepted AddPatch at patch 21, improvement=0.031644
  Accepted AddPatch at patch 22, improvement=0.031339
  Total patches: 23, total adds: 3, total deletes: 0
  step 50/2000: loss=0.676119, patches=20
[SRD rewrite] deleted patch=22, position=(-0.754, 0.111, 0.068), reason=Area 0.005471 below minimum 0.01
[SRD rewrite] deleted patch=21, position=(-0.888, 0.088, -0.067), reason=Area 0.009757 below minimum 0.01
[SRD rewrite] deleted patch=20, position=(0.859, 0.082, -1.857), reason=Area 0.002491 below minimum 0.01
[SRD rewrite] deleted patch=19, position=(0.699, 0.009, -1.780), reason=Area 0.000645 below minimum 0.01
[SRD rewrite] added patch=19, position=(1.086, 0.391, -1.258), improvement=0.018584
[SRD rewrite] added patch=20, position=(1.266, -0.096, -1.168), improvement=0.018327
[SRD rewrite] added patch=21, position=(0.748, 0.918, -1.029), improvement=0.018193
SRD step 100: evaluated 27 candidates, 23 promising, accepted 7
  Accepted AddPatch at patch 19, improvement=0.018584
  Accepted AddPatch at patch 20, improvement=0.018327
  Accepted AddPatch at patch 21, improvement=0.018193
  Mandatory DeletePatch(19) at patch 19, reason=Area 0.000645 below minimum 0.01
  Mandatory DeletePatch(20) at patch 20, reason=Area 0.002491 below minimum 0.01
  Mandatory DeletePatch(21) at patch 21, reason=Area 0.009757 below minimum 0.01
  Mandatory DeletePatch(22) at patch 22, reason=Area 0.005471 below minimum 0.01
  Total patches: 22, total adds: 6, total deletes: 4
  step 100/2000: loss=0.449156, patches=23
[SRD rewrite] deleted patch=21, position=(0.754, 0.894, -0.972), reason=Area 0.003252 below minimum 0.01
[SRD rewrite] deleted patch=4, position=(-2.111, -0.310, -1.481), reason=delete has no image effect
[SRD rewrite] added patch=20, position=(-0.140, 0.075, -1.571), improvement=0.005018
[SRD rewrite] added patch=21, position=(-1.153, 0.503, -1.699), improvement=0.004986
[SRD rewrite] added patch=22, position=(0.581, 0.380, -1.385), improvement=0.004985
SRD step 150: evaluated 27 candidates, 23 promising, accepted 5
  Accepted AddPatch at patch 20, improvement=0.005018
  Accepted AddPatch at patch 21, improvement=0.004986
  Accepted AddPatch at patch 22, improvement=0.004985
  Mandatory DeletePatch(21) at patch 21, reason=Area 0.003252 below minimum 0.01
  Mandatory DeletePatch(4) at patch 4, reason=delete has no image effect
  Total patches: 23, total adds: 9, total deletes: 6
  step 150/2000: loss=0.346546, patches=22
[SRD rewrite] deleted patch=21, position=(-1.069, 0.603, -1.608), reason=Area 0.000337 below minimum 0.01
[SRD rewrite] deleted patch=20, position=(-0.053, 0.202, -1.577), reason=Area 0.000229 below minimum 0.01
[SRD rewrite] deleted patch=2, position=(0.463, -0.287, -1.324), reason=delete has no image effect
[SRD rewrite] restored patch=20, position=(-2.111, -0.310, -1.481), improvement=0.001274
[SRD rewrite] added patch=21, position=(-0.244, 0.414, -1.492), improvement=0.001123
[SRD rewrite] added patch=22, position=(-1.583, 0.356, -1.776), improvement=0.000904
SRD step 200: evaluated 27 candidates, 8 promising, accepted 6
  Accepted RestorePatch(6) at patch 20, improvement=0.001274
  Accepted AddPatch at patch 21, improvement=0.001123
  Accepted AddPatch at patch 22, improvement=0.000904
  Mandatory DeletePatch(20) at patch 20, reason=Area 0.000229 below minimum 0.01
  Mandatory DeletePatch(21) at patch 21, reason=Area 0.000337 below minimum 0.01
  Mandatory DeletePatch(2) at patch 2, reason=delete has no image effect
  Total patches: 23, total adds: 12, total deletes: 9
  step 200/2000: loss=0.306350, patches=23
[SRD rewrite] deleted patch=22, position=(-1.664, 0.435, -1.718), reason=Area 0.000214 below minimum 0.01
[SRD rewrite] deleted patch=21, position=(-0.216, 0.504, -1.505), reason=Area 0.001338 below minimum 0.01
SRD step 250: evaluated 27 candidates, 0 promising, accepted 2
  Mandatory DeletePatch(21) at patch 21, reason=Area 0.001338 below minimum 0.01
  Mandatory DeletePatch(22) at patch 22, reason=Area 0.000214 below minimum 0.01
  Total patches: 21, total adds: 12, total deletes: 11
  step 250/2000: loss=0.280517, patches=23
[SRD rewrite] added patch=21, position=(1.308, 1.002, 0.727), improvement=0.003032
[SRD rewrite] added patch=22, position=(1.365, 0.909, 1.787), improvement=0.002598
[SRD rewrite] restored patch=23, position=(-0.216, 0.504, -1.505), improvement=0.002157
SRD step 300: evaluated 27 candidates, 26 promising, accepted 3
  Accepted AddPatch at patch 21, improvement=0.003032
  Accepted AddPatch at patch 22, improvement=0.002598
  Accepted RestorePatch(10) at patch 23, improvement=0.002157
  Total patches: 24, total adds: 15, total deletes: 11
  step 300/2000: loss=0.270239, patches=21
[SRD rewrite] deleted patch=23, position=(-0.216, 0.504, -1.505), reason=Area 0.001338 below minimum 0.01
[SRD rewrite] split patch=13, children=22,23, improvement=0.003035
[SRD rewrite] added patch=24, position=(1.069, -0.165, 1.246), improvement=0.000869
[SRD rewrite] added patch=25, position=(1.346, 1.004, -0.181), improvement=0.000546
SRD step 350: evaluated 27 candidates, 5 promising, accepted 4
  Accepted SplitPatch(13) at patch 13, improvement=0.003035
  Accepted AddPatch at patch 24, improvement=0.000869
  Accepted AddPatch at patch 25, improvement=0.000546
  Mandatory DeletePatch(23) at patch 23, reason=Area 0.001338 below minimum 0.01
  Total patches: 26, total adds: 18, total deletes: 12
  step 350/2000: loss=0.246390, patches=24
[SRD rewrite] deleted patch=25, position=(1.414, 1.060, -0.329), reason=Area 0.002977 below minimum 0.01
[SRD rewrite] deleted patch=23, position=(-0.825, -0.407, -1.728), reason=Area 0.001289 below minimum 0.01
[SRD rewrite] deleted patch=22, position=(-0.708, -0.193, -1.848), reason=Area 0.001582 below minimum 0.01
[SRD rewrite] deleted patch=21, position=(1.117, 0.934, 1.563), reason=Area 0.008200 below minimum 0.01
[SRD rewrite] added patch=22, position=(1.071, -0.231, 0.466), improvement=0.002522
[SRD rewrite] added patch=23, position=(-0.829, -0.692, -0.655), improvement=0.002315
[SRD rewrite] added patch=24, position=(1.789, 0.963, 0.121), improvement=0.002178
SRD step 400: evaluated 27 candidates, 23 promising, accepted 7
  Accepted AddPatch at patch 22, improvement=0.002522
  Accepted AddPatch at patch 23, improvement=0.002315
  Accepted AddPatch at patch 24, improvement=0.002178
  Mandatory DeletePatch(21) at patch 21, reason=Area 0.008200 below minimum 0.01
  Mandatory DeletePatch(22) at patch 22, reason=Area 0.001582 below minimum 0.01
  Mandatory DeletePatch(23) at patch 23, reason=Area 0.001289 below minimum 0.01
  Mandatory DeletePatch(25) at patch 25, reason=Area 0.002977 below minimum 0.01
  Total patches: 25, total adds: 21, total deletes: 16
  step 400/2000: loss=0.209159, patches=26
[SRD rewrite] deleted patch=23, position=(-0.819, -0.726, -0.541), reason=Area 0.003520 below minimum 0.01
SRD step 450: evaluated 27 candidates, 0 promising, accepted 1
  Mandatory DeletePatch(23) at patch 23, reason=Area 0.003520 below minimum 0.01
  Total patches: 24, total adds: 21, total deletes: 17
  step 450/2000: loss=0.184946, patches=25
SRD step 500: evaluated 27 candidates, 0 promising, accepted 0
  Total patches: 24, total adds: 21, total deletes: 17
  step 500/2000: loss=0.170411, patches=24
[SRD rewrite] added patch=24, position=(-0.633, -0.574, 1.642), improvement=0.000206
[SRD rewrite] restored patch=25, position=(-0.819, -0.726, -0.541), improvement=0.000179
[SRD rewrite] added patch=26, position=(-1.397, -0.257, -1.351), improvement=0.000129
SRD step 550: evaluated 27 candidates, 3 promising, accepted 3
  Accepted AddPatch at patch 24, improvement=0.000206
  Accepted RestorePatch(16) at patch 25, improvement=0.000179
  Accepted AddPatch at patch 26, improvement=0.000129
  Total patches: 27, total adds: 24, total deletes: 17
  step 550/2000: loss=0.156671, patches=24
[SRD rewrite] deleted patch=26, position=(-1.456, -0.261, -1.465), reason=Area 0.000756 below minimum 0.01
[SRD rewrite] deleted patch=25, position=(-0.768, -0.709, -0.472), reason=Area 0.001520 below minimum 0.01
[SRD rewrite] deleted patch=23, position=(2.032, 0.992, -0.361), reason=Area 0.003789 below minimum 0.01
[SRD rewrite] deleted patch=16, position=(0.968, 0.563, -0.848), reason=Area 0.005491 below minimum 0.01
[SRD rewrite] deleted patch=5, position=(0.782, 1.171, 0.796), reason=Area 0.009369 below minimum 0.01
SRD step 600: evaluated 27 candidates, 0 promising, accepted 5
  Mandatory DeletePatch(5) at patch 5, reason=Area 0.009369 below minimum 0.01
  Mandatory DeletePatch(16) at patch 16, reason=Area 0.005491 below minimum 0.01
  Mandatory DeletePatch(23) at patch 23, reason=Area 0.003789 below minimum 0.01
  Mandatory DeletePatch(25) at patch 25, reason=Area 0.001520 below minimum 0.01
  Mandatory DeletePatch(26) at patch 26, reason=Area 0.000756 below minimum 0.01
  Total patches: 22, total adds: 24, total deletes: 22
  step 600/2000: loss=0.143872, patches=27
[SRD rewrite] added patch=22, position=(-1.540, 0.526, -1.398), improvement=0.000107
SRD step 650: evaluated 27 candidates, 1 promising, accepted 1
  Accepted AddPatch at patch 22, improvement=0.000107
  Total patches: 23, total adds: 25, total deletes: 22
  step 650/2000: loss=0.136116, patches=22
SRD step 700: evaluated 27 candidates, 0 promising, accepted 0
  Total patches: 23, total adds: 25, total deletes: 22
  step 700/2000: loss=0.133011, patches=23
[SRD rewrite] deleted patch=19, position=(1.361, -0.124, 1.267), reason=Area 0.008459 below minimum 0.01
SRD step 750: evaluated 27 candidates, 0 promising, accepted 1
  Mandatory DeletePatch(19) at patch 19, reason=Area 0.008459 below minimum 0.01
  Total patches: 22, total adds: 25, total deletes: 23
  step 750/2000: loss=0.132540, patches=23
SRD step 800: evaluated 27 candidates, 0 promising, accepted 0
  Total patches: 22, total adds: 25, total deletes: 23
  step 800/2000: loss=0.129783, patches=22
SRD step 850: evaluated 27 candidates, 0 promising, accepted 0
  Total patches: 22, total adds: 25, total deletes: 23
  step 850/2000: loss=0.125920, patches=22
SRD step 900: evaluated 27 candidates, 0 promising, accepted 0
  Total patches: 22, total adds: 25, total deletes: 23
  step 900/2000: loss=0.121826, patches=22
SRD step 950: evaluated 27 candidates, 0 promising, accepted 0
  Total patches: 22, total adds: 25, total deletes: 23
  step 950/2000: loss=0.121353, patches=22
SRD step 1000: evaluated 27 candidates, 0 promising, accepted 0
  Total patches: 22, total adds: 25, total deletes: 23
  step 1000/2000: loss=0.117896, patches=22
SRD step 1050: evaluated 27 candidates, 0 promising, accepted 0
  Total patches: 22, total adds: 25, total deletes: 23
  step 1050/2000: loss=0.117144, patches=22
SRD step 1100: evaluated 27 candidates, 0 promising, accepted 0
  Total patches: 22, total adds: 25, total deletes: 23
  step 1100/2000: loss=0.114121, patches=22
SRD step 1150: evaluated 27 candidates, 0 promising, accepted 0
  Total patches: 22, total adds: 25, total deletes: 23
  step 1150/2000: loss=0.121065, patches=22
SRD step 1200: evaluated 27 candidates, 0 promising, accepted 0
  Total patches: 22, total adds: 25, total deletes: 23
  step 1200/2000: loss=0.127528, patches=22
SRD step 1250: evaluated 27 candidates, 0 promising, accepted 0
  Total patches: 22, total adds: 25, total deletes: 23
  step 1250/2000: loss=0.122115, patches=22
SRD step 1300: evaluated 27 candidates, 10 promising, accepted 3
  Accepted SplitPatch(9) at patch 9, improvement=0.000077
  Accepted SplitPatch(10) at patch 10, improvement=0.000077
  Accepted SplitPatch(6) at patch 6, improvement=0.000077
  Total patches: 22, total adds: 25, total deletes: 23
  step 1300/2000: loss=0.120390, patches=22
[SRD rewrite] deleted patch=11, position=(0.386, 0.857, -1.140), reason=delete has no image effect
SRD step 1350: evaluated 27 candidates, 0 promising, accepted 1
  Mandatory DeletePatch(11) at patch 11, reason=delete has no image effect
  Total patches: 21, total adds: 25, total deletes: 24
  step 1350/2000: loss=0.118904, patches=22
[SRD rewrite] deleted patch=11, position=(-0.633, 0.763, -1.435), reason=delete has no image effect
[SRD rewrite] added patch=20, position=(-0.472, 0.423, -1.593), improvement=0.002226
[SRD rewrite] added patch=21, position=(-0.511, 0.700, -1.241), improvement=0.002078
[SRD rewrite] restored patch=22, position=(0.968, 0.563, -0.848), improvement=0.002067
SRD step 1400: evaluated 27 candidates, 22 promising, accepted 4
  Accepted AddPatch at patch 20, improvement=0.002226
  Accepted AddPatch at patch 21, improvement=0.002078
  Accepted RestorePatch(19) at patch 22, improvement=0.002067
  Mandatory DeletePatch(11) at patch 11, reason=delete has no image effect
  Total patches: 23, total adds: 28, total deletes: 25
  step 1400/2000: loss=0.128532, patches=21
[SRD rewrite] deleted patch=22, position=(0.840, 0.402, -0.983), reason=Area 0.000334 below minimum 0.01
[SRD rewrite] deleted patch=21, position=(-0.511, 0.700, -1.241), reason=Area 0.009291 below minimum 0.01
SRD step 1450: evaluated 27 candidates, 0 promising, accepted 2
  Mandatory DeletePatch(21) at patch 21, reason=Area 0.009291 below minimum 0.01
  Mandatory DeletePatch(22) at patch 22, reason=Area 0.000334 below minimum 0.01
  Total patches: 21, total adds: 28, total deletes: 27
  step 1450/2000: loss=0.127360, patches=23
SRD step 1500: evaluated 27 candidates, 0 promising, accepted 0
  Total patches: 21, total adds: 28, total deletes: 27
  step 1500/2000: loss=0.125036, patches=21
SRD step 1550: evaluated 27 candidates, 0 promising, accepted 0
  Total patches: 21, total adds: 28, total deletes: 27
  step 1550/2000: loss=0.126729, patches=21
SRD step 1600: evaluated 27 candidates, 0 promising, accepted 0
  Total patches: 21, total adds: 28, total deletes: 27
  step 1600/2000: loss=0.128544, patches=21
SRD step 1650: evaluated 27 candidates, 0 promising, accepted 0
  Total patches: 21, total adds: 28, total deletes: 27
  step 1650/2000: loss=0.126870, patches=21
SRD step 1700: evaluated 27 candidates, 0 promising, accepted 0
  Total patches: 21, total adds: 28, total deletes: 27
  step 1700/2000: loss=0.138019, patches=21
SRD step 1750: evaluated 27 candidates, 0 promising, accepted 0
  Total patches: 21, total adds: 28, total deletes: 27
  step 1750/2000: loss=0.138965, patches=21
[SRD rewrite] deleted patch=16, position=(2.500, 1.351, -1.220), reason=Area 0.002672 below minimum 0.01
[SRD rewrite] split patch=0, children=19,20, improvement=0.002321
[SRD rewrite] added patch=21, position=(1.575, 1.015, 0.450), improvement=0.001805
[SRD rewrite] added patch=22, position=(-1.001, -0.969, -0.753), improvement=0.001220
SRD step 1800: evaluated 27 candidates, 22 promising, accepted 4
  Accepted SplitPatch(0) at patch 0, improvement=0.002321
  Accepted AddPatch at patch 21, improvement=0.001805
  Accepted AddPatch at patch 22, improvement=0.001220
  Mandatory DeletePatch(16) at patch 16, reason=Area 0.002672 below minimum 0.01
  Total patches: 23, total adds: 31, total deletes: 28
  step 1800/2000: loss=0.135496, patches=21
[SRD rewrite] deleted patch=22, position=(-1.002, -0.991, -0.758), reason=Area 0.002306 below minimum 0.01
SRD step 1850: evaluated 27 candidates, 0 promising, accepted 1
  Mandatory DeletePatch(22) at patch 22, reason=Area 0.002306 below minimum 0.01
  Total patches: 22, total adds: 31, total deletes: 29
  step 1850/2000: loss=0.122372, patches=23
[SRD rewrite] deleted patch=21, position=(1.782, 1.067, 0.492), reason=Area 0.009465 below minimum 0.01
SRD step 1900: evaluated 27 candidates, 0 promising, accepted 1
  Mandatory DeletePatch(21) at patch 21, reason=Area 0.009465 below minimum 0.01
  Total patches: 21, total adds: 31, total deletes: 30
  step 1900/2000: loss=0.126011, patches=22
SRD step 1950: evaluated 27 candidates, 0 promising, accepted 0
  Total patches: 21, total adds: 31, total deletes: 30
  step 1950/2000: loss=0.117918, patches=21
SRD step 2000: evaluated 27 candidates, 0 promising, accepted 0
  Total patches: 21, total adds: 31, total deletes: 30
  step 2000/2000: loss=0.113832, patches=21
[Trial 1] done: loss=0.114693, time=8027.7s
[Trial 2/3] seed=1
[SRD rewrite] deleted patch=9, position=(-0.548, -0.322, -2.149), reason=delete has no image effect
[SRD rewrite] split patch=11, children=18,19, improvement=0.031773
[SRD rewrite] split patch=8, children=19,20, improvement=0.032645
[SRD rewrite] added patch=21, position=(0.817, 0.502, -0.880), improvement=0.027134
SRD step 50: evaluated 27 candidates, 24 promising, accepted 4
  Accepted SplitPatch(8) at patch 8, improvement=0.032645
  Accepted SplitPatch(11) at patch 11, improvement=0.031773
  Accepted AddPatch at patch 21, improvement=0.027134
  Mandatory DeletePatch(9) at patch 9, reason=delete has no image effect
  Total patches: 22, total adds: 3, total deletes: 1
  step 50/2000: loss=0.703933, patches=20
[SRD rewrite] deleted patch=21, position=(0.858, 0.547, -0.836), reason=Area 0.002548 below minimum 0.01
[SRD rewrite] deleted patch=20, position=(-0.282, -0.189, -2.016), reason=Area 0.001953 below minimum 0.01
[SRD rewrite] deleted patch=19, position=(-0.250, -0.324, -2.118), reason=Area 0.001425 below minimum 0.01
[SRD rewrite] deleted patch=18, position=(-1.345, -1.235, -0.227), reason=Area 0.003705 below minimum 0.01
[SRD rewrite] deleted patch=17, position=(-1.312, -1.469, -0.224), reason=Area 0.000704 below minimum 0.01
[SRD rewrite] added patch=17, position=(0.974, 0.516, 0.756), improvement=0.012171
[SRD rewrite] added patch=18, position=(0.695, 0.744, 0.867), improvement=0.011890
[SRD rewrite] added patch=19, position=(-0.560, 0.361, -0.405), improvement=0.011470
SRD step 100: evaluated 27 candidates, 21 promising, accepted 8
  Accepted AddPatch at patch 17, improvement=0.012171
  Accepted AddPatch at patch 18, improvement=0.011890
  Accepted AddPatch at patch 19, improvement=0.011470
  Mandatory DeletePatch(17) at patch 17, reason=Area 0.000704 below minimum 0.01
  Mandatory DeletePatch(18) at patch 18, reason=Area 0.003705 below minimum 0.01
  Mandatory DeletePatch(19) at patch 19, reason=Area 0.001425 below minimum 0.01
  Mandatory DeletePatch(20) at patch 20, reason=Area 0.001953 below minimum 0.01
  Mandatory DeletePatch(21) at patch 21, reason=Area 0.002548 below minimum 0.01
  Total patches: 20, total adds: 6, total deletes: 6
  step 100/2000: loss=0.442072, patches=22
[SRD rewrite] deleted patch=19, position=(-0.496, 0.429, -0.345), reason=Area 0.000892 below minimum 0.01
[SRD rewrite] deleted patch=5, position=(-1.415, 0.524, 1.432), reason=Area 0.008180 below minimum 0.01
[SRD rewrite] added patch=18, position=(1.394, 1.071, -0.527), improvement=0.004631
[SRD rewrite] added patch=19, position=(1.200, 0.839, -0.603), improvement=0.003006
[SRD rewrite] added patch=20, position=(0.723, -0.453, -0.291), improvement=0.002977
SRD step 150: evaluated 27 candidates, 20 promising, accepted 5
  Accepted AddPatch at patch 18, improvement=0.004631
  Accepted AddPatch at patch 19, improvement=0.003006
  Accepted AddPatch at patch 20, improvement=0.002977
  Mandatory DeletePatch(5) at patch 5, reason=Area 0.008180 below minimum 0.01
  Mandatory DeletePatch(19) at patch 19, reason=Area 0.000892 below minimum 0.01
  Total patches: 21, total adds: 9, total deletes: 8
  step 150/2000: loss=0.354866, patches=20
[SRD rewrite] deleted patch=20, position=(0.660, -0.482, -0.162), reason=Area 0.000428 below minimum 0.01
[SRD rewrite] deleted patch=17, position=(0.739, 0.913, 1.083), reason=Area 0.002250 below minimum 0.01
[SRD rewrite] deleted patch=0, position=(-0.730, 0.464, -1.472), reason=delete has no image effect
[SRD rewrite] added patch=18, position=(1.743, 0.984, 0.570), improvement=0.001532
[SRD rewrite] added patch=19, position=(-0.430, 0.028, -1.024), improvement=0.001363
[SRD rewrite] added patch=20, position=(0.827, 0.637, 1.213), improvement=0.001153
SRD step 200: evaluated 27 candidates, 6 promising, accepted 6
  Accepted AddPatch at patch 18, improvement=0.001532
  Accepted AddPatch at patch 19, improvement=0.001363
  Accepted AddPatch at patch 20, improvement=0.001153
  Mandatory DeletePatch(17) at patch 17, reason=Area 0.002250 below minimum 0.01
  Mandatory DeletePatch(20) at patch 20, reason=Area 0.000428 below minimum 0.01
  Mandatory DeletePatch(0) at patch 0, reason=delete has no image effect
  Total patches: 21, total adds: 12, total deletes: 11
  step 200/2000: loss=0.315503, patches=21
[SRD rewrite] deleted patch=20, position=(0.763, 0.591, 1.266), reason=Area 0.002005 below minimum 0.01
[SRD rewrite] deleted patch=17, position=(1.189, 1.040, -0.415), reason=Area 0.000909 below minimum 0.01
[SRD rewrite] deleted patch=15, position=(1.103, 0.833, 1.087), reason=Area 0.000523 below minimum 0.01
[SRD rewrite] added patch=18, position=(-0.262, -0.038, -1.045), improvement=0.004803
[SRD rewrite] added patch=19, position=(-0.173, -0.056, -0.414), improvement=0.004542
[SRD rewrite] added patch=20, position=(1.432, 1.148, 0.105), improvement=0.004246
SRD step 250: evaluated 27 candidates, 17 promising, accepted 6
  Accepted AddPatch at patch 18, improvement=0.004803
  Accepted AddPatch at patch 19, improvement=0.004542
  Accepted AddPatch at patch 20, improvement=0.004246
  Mandatory DeletePatch(15) at patch 15, reason=Area 0.000523 below minimum 0.01
  Mandatory DeletePatch(17) at patch 17, reason=Area 0.000909 below minimum 0.01
  Mandatory DeletePatch(20) at patch 20, reason=Area 0.002005 below minimum 0.01
  Total patches: 21, total adds: 15, total deletes: 14
  step 250/2000: loss=0.294060, patches=21
[SRD rewrite] deleted patch=20, position=(1.517, 1.258, 0.002), reason=Area 0.000848 below minimum 0.01
[SRD rewrite] deleted patch=19, position=(-0.154, -0.013, -0.569), reason=Area 0.000303 below minimum 0.01
[SRD rewrite] deleted patch=17, position=(-0.404, 0.077, -1.206), reason=delete has no image effect
[SRD rewrite] added patch=18, position=(-0.511, -0.132, 1.148), improvement=0.002154
[SRD rewrite] added patch=19, position=(1.656, -0.492, 0.748), improvement=0.002064
[SRD rewrite] added patch=20, position=(0.052, -0.034, 1.553), improvement=0.001973
SRD step 300: evaluated 27 candidates, 21 promising, accepted 6
  Accepted AddPatch at patch 18, improvement=0.002154
  Accepted AddPatch at patch 19, improvement=0.002064
  Accepted AddPatch at patch 20, improvement=0.001973
  Mandatory DeletePatch(19) at patch 19, reason=Area 0.000303 below minimum 0.01
  Mandatory DeletePatch(20) at patch 20, reason=Area 0.000848 below minimum 0.01
  Mandatory DeletePatch(17) at patch 17, reason=delete has no image effect
  Total patches: 21, total adds: 18, total deletes: 17
  step 300/2000: loss=0.278258, patches=21
[SRD rewrite] deleted patch=20, position=(0.030, -0.067, 1.513), reason=Area 0.002385 below minimum 0.01
[SRD rewrite] deleted patch=18, position=(-0.560, -0.166, 1.129), reason=Area 0.006028 below minimum 0.01
SRD step 350: evaluated 27 candidates, 0 promising, accepted 2
  Mandatory DeletePatch(18) at patch 18, reason=Area 0.006028 below minimum 0.01
  Mandatory DeletePatch(20) at patch 20, reason=Area 0.002385 below minimum 0.01
  Total patches: 19, total adds: 18, total deletes: 19
  step 350/2000: loss=0.270745, patches=21
[SRD rewrite] deleted patch=17, position=(-0.204, -0.076, -1.134), reason=delete has no image effect
[SRD rewrite] split patch=6, children=17,18, improvement=0.001599
[SRD rewrite] added patch=19, position=(-0.998, -0.326, 0.615), improvement=0.001176
[SRD rewrite] added patch=20, position=(-0.763, -0.109, 0.710), improvement=0.000762
SRD step 400: evaluated 27 candidates, 6 promising, accepted 4
  Accepted SplitPatch(6) at patch 6, improvement=0.001599
  Accepted AddPatch at patch 19, improvement=0.001176
  Accepted AddPatch at patch 20, improvement=0.000762
  Mandatory DeletePatch(17) at patch 17, reason=delete has no image effect
  Total patches: 21, total adds: 21, total deletes: 20
  step 400/2000: loss=0.249198, patches=19
[SRD rewrite] deleted patch=20, position=(-0.607, -0.096, 0.772), reason=Area 0.008545 below minimum 0.01
[SRD rewrite] deleted patch=18, position=(-1.671, -0.516, -1.698), reason=Area 0.002852 below minimum 0.01
SRD step 450: evaluated 27 candidates, 0 promising, accepted 2
  Mandatory DeletePatch(18) at patch 18, reason=Area 0.002852 below minimum 0.01
  Mandatory DeletePatch(20) at patch 20, reason=Area 0.008545 below minimum 0.01
  Total patches: 19, total adds: 21, total deletes: 22
  step 450/2000: loss=0.215674, patches=21
[SRD rewrite] deleted patch=15, position=(1.897, 1.106, 0.270), reason=Area 0.003077 below minimum 0.01
SRD step 500: evaluated 27 candidates, 0 promising, accepted 1
  Mandatory DeletePatch(15) at patch 15, reason=Area 0.003077 below minimum 0.01
  Total patches: 18, total adds: 21, total deletes: 23
  step 500/2000: loss=0.206970, patches=19
[SRD rewrite] deleted patch=17, position=(-0.982, -0.559, 0.487), reason=Area 0.002519 below minimum 0.01
SRD step 550: evaluated 27 candidates, 0 promising, accepted 1
  Mandatory DeletePatch(17) at patch 17, reason=Area 0.002519 below minimum 0.01
  Total patches: 17, total adds: 21, total deletes: 24
  step 550/2000: loss=0.204623, patches=18
[SRD rewrite] added patch=17, position=(-2.121, 0.528, -0.976), improvement=0.000489
[SRD rewrite] added patch=18, position=(-2.297, 0.422, -1.580), improvement=0.000464
SRD step 600: evaluated 27 candidates, 2 promising, accepted 2
  Accepted AddPatch at patch 17, improvement=0.000489
  Accepted AddPatch at patch 18, improvement=0.000464
  Total patches: 19, total adds: 23, total deletes: 24
  step 600/2000: loss=0.197859, patches=17
SRD step 650: evaluated 27 candidates, 0 promising, accepted 0
  Total patches: 19, total adds: 23, total deletes: 24
  step 650/2000: loss=0.178777, patches=19
SRD step 700: evaluated 27 candidates, 0 promising, accepted 0
  Total patches: 19, total adds: 23, total deletes: 24
  step 700/2000: loss=0.177079, patches=19
SRD step 750: evaluated 27 candidates, 20 promising, accepted 3
  Accepted SplitPatch(5) at patch 5, improvement=0.001614
  Accepted SplitPatch(11) at patch 11, improvement=0.001614
  Accepted SplitPatch(7) at patch 7, improvement=0.001614
  Total patches: 19, total adds: 23, total deletes: 24
  step 750/2000: loss=0.179531, patches=19
SRD step 800: evaluated 27 candidates, 0 promising, accepted 0
  Total patches: 19, total adds: 23, total deletes: 24
  step 800/2000: loss=0.174543, patches=19
SRD step 850: evaluated 27 candidates, 0 promising, accepted 0
  Total patches: 19, total adds: 23, total deletes: 24
  step 850/2000: loss=0.172675, patches=19
SRD step 900: evaluated 27 candidates, 0 promising, accepted 0
  Total patches: 19, total adds: 23, total deletes: 24
  step 900/2000: loss=0.171043, patches=19
SRD step 950: evaluated 27 candidates, 0 promising, accepted 0
  Total patches: 19, total adds: 23, total deletes: 24
  step 950/2000: loss=0.172247, patches=19
SRD step 1000: evaluated 27 candidates, 0 promising, accepted 0
  Total patches: 19, total adds: 23, total deletes: 24
  step 1000/2000: loss=0.175628, patches=19
SRD step 1050: evaluated 27 candidates, 0 promising, accepted 0
  Total patches: 19, total adds: 23, total deletes: 24
  step 1050/2000: loss=0.186947, patches=19
SRD step 1100: evaluated 27 candidates, 0 promising, accepted 0
  Total patches: 19, total adds: 23, total deletes: 24
  step 1100/2000: loss=0.200682, patches=19
SRD step 1150: evaluated 27 candidates, 0 promising, accepted 0
  Total patches: 19, total adds: 23, total deletes: 24
  step 1150/2000: loss=0.200891, patches=19
SRD step 1200: evaluated 27 candidates, 0 promising, accepted 0
  Total patches: 19, total adds: 23, total deletes: 24
  step 1200/2000: loss=0.198550, patches=19
SRD step 1250: evaluated 27 candidates, 0 promising, accepted 0
  Total patches: 19, total adds: 23, total deletes: 24
  step 1250/2000: loss=0.195813, patches=19
[SRD rewrite] added patch=19, position=(0.447, 0.135, 1.387), improvement=0.003421
[SRD rewrite] added patch=20, position=(0.436, 0.040, 1.450), improvement=0.003278
[SRD rewrite] added patch=21, position=(-1.330, 0.168, -1.774), improvement=0.003136
SRD step 1300: evaluated 27 candidates, 19 promising, accepted 3
  Accepted AddPatch at patch 19, improvement=0.003421
  Accepted AddPatch at patch 20, improvement=0.003278
  Accepted AddPatch at patch 21, improvement=0.003136
  Total patches: 22, total adds: 26, total deletes: 24
  step 1300/2000: loss=0.202695, patches=19
[SRD rewrite] deleted patch=21, position=(-1.330, 0.168, -1.774), reason=Area 0.009291 below minimum 0.01
[SRD rewrite] deleted patch=20, position=(0.381, 0.099, 1.445), reason=Area 0.000276 below minimum 0.01
[SRD rewrite] deleted patch=19, position=(0.477, 0.195, 1.424), reason=Area 0.003176 below minimum 0.01
[SRD rewrite] added patch=19, position=(1.425, 1.119, 0.124), improvement=0.001387
[SRD rewrite] added patch=20, position=(0.916, 0.143, 1.307), improvement=0.001047
[SRD rewrite] added patch=21, position=(1.154, -0.101, -0.802), improvement=0.000628
SRD step 1350: evaluated 27 candidates, 5 promising, accepted 6
  Accepted AddPatch at patch 19, improvement=0.001387
  Accepted AddPatch at patch 20, improvement=0.001047
  Accepted AddPatch at patch 21, improvement=0.000628
  Mandatory DeletePatch(19) at patch 19, reason=Area 0.003176 below minimum 0.01
  Mandatory DeletePatch(20) at patch 20, reason=Area 0.000276 below minimum 0.01
  Mandatory DeletePatch(21) at patch 21, reason=Area 0.009291 below minimum 0.01
  Total patches: 22, total adds: 29, total deletes: 27
  step 1350/2000: loss=0.202061, patches=22
[SRD rewrite] deleted patch=21, position=(1.119, -0.187, -0.707), reason=Area 0.001912 below minimum 0.01
[SRD rewrite] deleted patch=20, position=(0.968, 0.175, 1.327), reason=Area 0.004948 below minimum 0.01
SRD step 1400: evaluated 27 candidates, 0 promising, accepted 2
  Mandatory DeletePatch(20) at patch 20, reason=Area 0.004948 below minimum 0.01
  Mandatory DeletePatch(21) at patch 21, reason=Area 0.001912 below minimum 0.01
  Total patches: 20, total adds: 29, total deletes: 29
  step 1400/2000: loss=0.197656, patches=22
SRD step 1450: evaluated 27 candidates, 0 promising, accepted 0
  Total patches: 20, total adds: 29, total deletes: 29
  step 1450/2000: loss=0.203755, patches=20
SRD step 1500: evaluated 27 candidates, 0 promising, accepted 0
  Total patches: 20, total adds: 29, total deletes: 29
  step 1500/2000: loss=0.204738, patches=20
[SRD rewrite] added patch=20, position=(-1.612, 0.287, -1.449), improvement=0.001646
[SRD rewrite] added patch=21, position=(-1.417, 0.238, -0.723), improvement=0.001430
[SRD rewrite] restored patch=22, position=(0.477, 0.195, 1.424), improvement=0.001247
SRD step 1550: evaluated 27 candidates, 17 promising, accepted 3
  Accepted AddPatch at patch 20, improvement=0.001646
  Accepted AddPatch at patch 21, improvement=0.001430
  Accepted RestorePatch(29) at patch 22, improvement=0.001247
  Total patches: 23, total adds: 32, total deletes: 29
  step 1550/2000: loss=0.201043, patches=20
[SRD rewrite] deleted patch=22, position=(0.349, 0.330, 1.442), reason=Area 0.000241 below minimum 0.01
[SRD rewrite] deleted patch=21, position=(-1.460, 0.295, -0.819), reason=Area 0.004692 below minimum 0.01
SRD step 1600: evaluated 27 candidates, 0 promising, accepted 2
  Mandatory DeletePatch(21) at patch 21, reason=Area 0.004692 below minimum 0.01
  Mandatory DeletePatch(22) at patch 22, reason=Area 0.000241 below minimum 0.01
  Total patches: 21, total adds: 32, total deletes: 31
  step 1600/2000: loss=0.188446, patches=23
SRD step 1650: evaluated 27 candidates, 0 promising, accepted 0
  Total patches: 21, total adds: 32, total deletes: 31
  step 1650/2000: loss=0.188197, patches=21
SRD step 1700: evaluated 27 candidates, 0 promising, accepted 0
  Total patches: 21, total adds: 32, total deletes: 31
  step 1700/2000: loss=0.187549, patches=21
[SRD rewrite] added patch=21, position=(1.135, 0.170, 0.615), improvement=0.000088
[SRD rewrite] restored patch=22, position=(1.119, -0.187, -0.707), improvement=0.000019
SRD step 1750: evaluated 27 candidates, 2 promising, accepted 2
  Accepted AddPatch at patch 21, improvement=0.000088
  Accepted RestorePatch(29) at patch 22, improvement=0.000019
  Total patches: 23, total adds: 34, total deletes: 31
  step 1750/2000: loss=0.189253, patches=21
[SRD rewrite] deleted patch=22, position=(1.264, -0.065, -0.552), reason=Area 0.000663 below minimum 0.01
[SRD rewrite] deleted patch=21, position=(1.121, 0.105, 0.569), reason=Area 0.000126 below minimum 0.01
SRD step 1800: evaluated 27 candidates, 0 promising, accepted 2
  Mandatory DeletePatch(21) at patch 21, reason=Area 0.000126 below minimum 0.01
  Mandatory DeletePatch(22) at patch 22, reason=Area 0.000663 below minimum 0.01
  Total patches: 21, total adds: 34, total deletes: 33
  step 1800/2000: loss=0.183812, patches=23
[SRD rewrite] added patch=21, position=(-1.502, -0.006, -1.701), improvement=0.001719
[SRD rewrite] added patch=22, position=(-1.054, -0.267, -0.623), improvement=0.001299
[SRD rewrite] added patch=23, position=(-0.147, 0.296, -1.534), improvement=0.001146
SRD step 1850: evaluated 27 candidates, 19 promising, accepted 3
  Accepted AddPatch at patch 21, improvement=0.001719
  Accepted AddPatch at patch 22, improvement=0.001299
  Accepted AddPatch at patch 23, improvement=0.001146
  Total patches: 24, total adds: 37, total deletes: 33
  step 1850/2000: loss=0.187841, patches=21
[SRD rewrite] deleted patch=23, position=(-0.141, 0.325, -1.532), reason=Area 0.003842 below minimum 0.01
SRD step 1900: evaluated 27 candidates, 0 promising, accepted 1
  Mandatory DeletePatch(23) at patch 23, reason=Area 0.003842 below minimum 0.01
  Total patches: 23, total adds: 37, total deletes: 34
  step 1900/2000: loss=0.180178, patches=24
SRD step 1950: evaluated 27 candidates, 0 promising, accepted 0
  Total patches: 23, total adds: 37, total deletes: 34
  step 1950/2000: loss=0.180331, patches=23
SRD step 2000: evaluated 27 candidates, 0 promising, accepted 0
  Total patches: 23, total adds: 37, total deletes: 34
  step 2000/2000: loss=0.175753, patches=23
[Trial 2] done: loss=0.176126, time=7174.1s
[Trial 3/3] seed=2
[SRD rewrite] split patch=5, children=19,20, improvement=0.034628
[SRD rewrite] added patch=21, position=(0.791, 0.347, -0.846), improvement=0.033922
[SRD rewrite] added patch=22, position=(0.918, 0.038, 0.312), improvement=0.033520
SRD step 50: evaluated 27 candidates, 27 promising, accepted 3
  Accepted SplitPatch(5) at patch 5, improvement=0.034628
  Accepted AddPatch at patch 21, improvement=0.033922
  Accepted AddPatch at patch 22, improvement=0.033520
  Total patches: 23, total adds: 3, total deletes: 0
  step 50/2000: loss=0.697012, patches=20
[SRD rewrite] deleted patch=20, position=(-1.012, -0.559, -2.021), reason=Area 0.000471 below minimum 0.01
[SRD rewrite] deleted patch=19, position=(-0.882, -0.582, -1.876), reason=Area 0.004357 below minimum 0.01
[SRD rewrite] deleted patch=14, position=(-2.036, 0.283, -1.851), reason=delete has no image effect
[SRD rewrite] added patch=20, position=(0.848, 0.685, -0.531), improvement=0.011290
[SRD rewrite] added patch=21, position=(1.012, 0.978, -0.234), improvement=0.011057
[SRD rewrite] added patch=22, position=(1.091, 0.914, -0.063), improvement=0.010862
SRD step 100: evaluated 27 candidates, 23 promising, accepted 6
  Accepted AddPatch at patch 20, improvement=0.011290
  Accepted AddPatch at patch 21, improvement=0.011057
  Accepted AddPatch at patch 22, improvement=0.010862
  Mandatory DeletePatch(19) at patch 19, reason=Area 0.004357 below minimum 0.01
  Mandatory DeletePatch(20) at patch 20, reason=Area 0.000471 below minimum 0.01
  Mandatory DeletePatch(14) at patch 14, reason=delete has no image effect
  Total patches: 23, total adds: 6, total deletes: 3
  step 100/2000: loss=0.495345, patches=23
[SRD rewrite] deleted patch=22, position=(1.273, 1.035, -0.123), reason=Area 0.000512 below minimum 0.01
[SRD rewrite] deleted patch=21, position=(1.174, 1.081, -0.175), reason=Area 0.008529 below minimum 0.01
[SRD rewrite] added patch=21, position=(1.119, 0.906, -0.756), improvement=0.006381
[SRD rewrite] added patch=22, position=(1.087, 0.897, -0.525), improvement=0.006142
[SRD rewrite] added patch=23, position=(1.105, 1.062, -0.493), improvement=0.006119
SRD step 150: evaluated 27 candidates, 22 promising, accepted 5
  Accepted AddPatch at patch 21, improvement=0.006381
  Accepted AddPatch at patch 22, improvement=0.006142
  Accepted AddPatch at patch 23, improvement=0.006119
  Mandatory DeletePatch(21) at patch 21, reason=Area 0.008529 below minimum 0.01
  Mandatory DeletePatch(22) at patch 22, reason=Area 0.000512 below minimum 0.01
  Total patches: 24, total adds: 9, total deletes: 5
  step 150/2000: loss=0.399442, patches=23
[SRD rewrite] deleted patch=22, position=(1.194, 0.977, -0.489), reason=Area 0.000631 below minimum 0.01
[SRD rewrite] deleted patch=19, position=(1.198, 0.023, -0.077), reason=Area 0.007521 below minimum 0.01
[SRD rewrite] added patch=22, position=(1.359, 1.070, -0.085), improvement=0.003757
[SRD rewrite] added patch=23, position=(0.658, 0.257, 1.332), improvement=0.003711
[SRD rewrite] added patch=24, position=(-1.380, -0.364, -1.783), improvement=0.003592
SRD step 200: evaluated 27 candidates, 23 promising, accepted 5
  Accepted AddPatch at patch 22, improvement=0.003757
  Accepted AddPatch at patch 23, improvement=0.003711
  Accepted AddPatch at patch 24, improvement=0.003592
  Mandatory DeletePatch(19) at patch 19, reason=Area 0.007521 below minimum 0.01
  Mandatory DeletePatch(22) at patch 22, reason=Area 0.000631 below minimum 0.01
  Total patches: 25, total adds: 12, total deletes: 7
  step 200/2000: loss=0.333778, patches=24
[SRD rewrite] added patch=25, position=(-0.642, -0.602, 1.465), improvement=0.004310
[SRD rewrite] added patch=26, position=(1.190, 0.664, -0.300), improvement=0.003770
[SRD rewrite] added patch=27, position=(-1.199, -0.329, -1.714), improvement=0.003648
SRD step 250: evaluated 27 candidates, 23 promising, accepted 3
  Accepted AddPatch at patch 25, improvement=0.004310
  Accepted AddPatch at patch 26, improvement=0.003770
  Accepted AddPatch at patch 27, improvement=0.003648
  Total patches: 28, total adds: 15, total deletes: 7
  step 250/2000: loss=0.293204, patches=25
[SRD rewrite] deleted patch=27, position=(-1.294, -0.426, -1.616), reason=Area 0.001514 below minimum 0.01
[SRD rewrite] deleted patch=26, position=(1.242, 0.582, -0.253), reason=Area 0.000259 below minimum 0.01
[SRD rewrite] deleted patch=21, position=(1.094, 1.242, -0.382), reason=Area 0.004561 below minimum 0.01
SRD step 300: evaluated 27 candidates, 0 promising, accepted 3
  Mandatory DeletePatch(21) at patch 21, reason=Area 0.004561 below minimum 0.01
  Mandatory DeletePatch(26) at patch 26, reason=Area 0.000259 below minimum 0.01
  Mandatory DeletePatch(27) at patch 27, reason=Area 0.001514 below minimum 0.01
  Total patches: 25, total adds: 15, total deletes: 10
  step 300/2000: loss=0.281805, patches=28
[SRD rewrite] deleted patch=22, position=(0.755, 0.232, 1.353), reason=Area 0.008726 below minimum 0.01
SRD step 350: evaluated 27 candidates, 0 promising, accepted 1
  Mandatory DeletePatch(22) at patch 22, reason=Area 0.008726 below minimum 0.01
  Total patches: 24, total adds: 15, total deletes: 11
  step 350/2000: loss=0.290510, patches=25
[SRD rewrite] split patch=6, children=23,24, improvement=0.003527
SRD step 400: evaluated 27 candidates, 1 promising, accepted 1
  Accepted SplitPatch(6) at patch 6, improvement=0.003527
  Total patches: 25, total adds: 16, total deletes: 11
  step 400/2000: loss=0.294096, patches=24
[SRD rewrite] deleted patch=24, position=(-1.978, -0.051, 0.647), reason=Area 0.000582 below minimum 0.01
[SRD rewrite] deleted patch=23, position=(-1.966, -0.087, 0.795), reason=Area 0.000669 below minimum 0.01
[SRD rewrite] deleted patch=19, position=(1.198, 1.174, -0.369), reason=Area 0.004655 below minimum 0.01
[SRD rewrite] deleted patch=18, position=(0.561, 1.113, -0.389), reason=Area 0.001747 below minimum 0.01
SRD step 450: evaluated 27 candidates, 0 promising, accepted 4
  Mandatory DeletePatch(18) at patch 18, reason=Area 0.001747 below minimum 0.01
  Mandatory DeletePatch(19) at patch 19, reason=Area 0.004655 below minimum 0.01
  Mandatory DeletePatch(23) at patch 23, reason=Area 0.000669 below minimum 0.01
  Mandatory DeletePatch(24) at patch 24, reason=Area 0.000582 below minimum 0.01
  Total patches: 21, total adds: 16, total deletes: 15
  step 450/2000: loss=0.285982, patches=25
[SRD rewrite] added patch=21, position=(-1.010, -0.973, -1.323), improvement=0.001828
[SRD rewrite] added patch=22, position=(0.027, 0.203, -1.508), improvement=0.001551
[SRD rewrite] restored patch=23, position=(1.198, 0.023, -0.077), improvement=0.000781
SRD step 500: evaluated 27 candidates, 11 promising, accepted 3
  Accepted AddPatch at patch 21, improvement=0.001828
  Accepted AddPatch at patch 22, improvement=0.001551
  Accepted RestorePatch(7) at patch 23, improvement=0.000781
  Total patches: 24, total adds: 19, total deletes: 15
  step 500/2000: loss=0.268174, patches=21
[SRD rewrite] deleted patch=23, position=(1.198, 0.023, -0.077), reason=Area 0.007521 below minimum 0.01
[SRD rewrite] deleted patch=21, position=(-0.991, -0.942, -1.213), reason=Area 0.008871 below minimum 0.01
[SRD rewrite] deleted patch=20, position=(-0.653, -0.333, 1.624), reason=Area 0.005769 below minimum 0.01
[SRD rewrite] deleted patch=0, position=(0.983, -2.079, 0.846), reason=no image contribution, delete has no image effect
[SRD rewrite] restored patch=20, position=(0.755, 0.232, 1.353), improvement=0.000327
[SRD rewrite] added patch=21, position=(-1.682, -0.674, -1.666), improvement=0.000212
SRD step 550: evaluated 27 candidates, 2 promising, accepted 6
  Accepted RestorePatch(10) at patch 20, improvement=0.000327
  Accepted AddPatch at patch 21, improvement=0.000212
  Mandatory DeletePatch(20) at patch 20, reason=Area 0.005769 below minimum 0.01
  Mandatory DeletePatch(21) at patch 21, reason=Area 0.008871 below minimum 0.01
  Mandatory DeletePatch(23) at patch 23, reason=Area 0.007521 below minimum 0.01
  Mandatory DeletePatch(0) at patch 0, reason=no image contribution, delete has no image effect
  Total patches: 22, total adds: 21, total deletes: 19
  step 550/2000: loss=0.246733, patches=24
[SRD rewrite] deleted patch=21, position=(-1.674, -0.652, -1.669), reason=Area 0.003312 below minimum 0.01
[SRD rewrite] deleted patch=20, position=(0.758, 0.213, 1.355), reason=Area 0.006221 below minimum 0.01
[SRD rewrite] restored patch=20, position=(-0.991, -0.942, -1.213), improvement=0.000407
[SRD rewrite] added patch=21, position=(1.775, 0.819, -0.150), improvement=0.000304
SRD step 600: evaluated 27 candidates, 2 promising, accepted 4
  Accepted RestorePatch(16) at patch 20, improvement=0.000407
  Accepted AddPatch at patch 21, improvement=0.000304
  Mandatory DeletePatch(20) at patch 20, reason=Area 0.006221 below minimum 0.01
  Mandatory DeletePatch(21) at patch 21, reason=Area 0.003312 below minimum 0.01
  Total patches: 22, total adds: 23, total deletes: 21
  step 600/2000: loss=0.242755, patches=22
[SRD rewrite] deleted patch=20, position=(-0.964, -0.888, -1.271), reason=Area 0.005718 below minimum 0.01
SRD step 650: evaluated 27 candidates, 0 promising, accepted 1
  Mandatory DeletePatch(20) at patch 20, reason=Area 0.005718 below minimum 0.01
  Total patches: 21, total adds: 23, total deletes: 22
  step 650/2000: loss=0.227485, patches=22
SRD step 700: evaluated 27 candidates, 0 promising, accepted 0
  Total patches: 21, total adds: 23, total deletes: 22
  step 700/2000: loss=0.222420, patches=21
[SRD rewrite] deleted patch=8, position=(-1.874, -0.737, -0.261), reason=Area 0.004751 below minimum 0.01
SRD step 750: evaluated 27 candidates, 0 promising, accepted 1
  Mandatory DeletePatch(8) at patch 8, reason=Area 0.004751 below minimum 0.01
  Total patches: 20, total adds: 23, total deletes: 23
  step 750/2000: loss=0.223008, patches=21
[SRD rewrite] split patch=18, children=19,20, improvement=0.000814
[SRD rewrite] added patch=21, position=(0.802, -0.623, -1.116), improvement=0.002112
[SRD rewrite] restored patch=22, position=(-2.036, 0.283, -1.851), improvement=0.000953
SRD step 800: evaluated 27 candidates, 5 promising, accepted 3
  Accepted AddPatch at patch 21, improvement=0.002112
  Accepted RestorePatch(3) at patch 22, improvement=0.000953
  Accepted SplitPatch(18) at patch 18, improvement=0.000814
  Total patches: 23, total adds: 26, total deletes: 23
  step 800/2000: loss=0.224300, patches=20
[SRD rewrite] deleted patch=20, position=(0.269, 0.280, -1.775), reason=Area 0.001151 below minimum 0.01
[SRD rewrite] deleted patch=19, position=(0.284, 0.555, -1.807), reason=Area 0.003655 below minimum 0.01
[SRD rewrite] deleted patch=14, position=(-2.186, -2.156, 1.321), reason=Area 0.007780 below minimum 0.01
SRD step 850: evaluated 27 candidates, 0 promising, accepted 3
  Mandatory DeletePatch(14) at patch 14, reason=Area 0.007780 below minimum 0.01
  Mandatory DeletePatch(19) at patch 19, reason=Area 0.003655 below minimum 0.01
  Mandatory DeletePatch(20) at patch 20, reason=Area 0.001151 below minimum 0.01
  Total patches: 20, total adds: 26, total deletes: 26
  step 850/2000: loss=0.210887, patches=23
SRD step 900: evaluated 27 candidates, 0 promising, accepted 0
  Total patches: 20, total adds: 26, total deletes: 26
  step 900/2000: loss=0.206056, patches=20
[SRD rewrite] added patch=20, position=(-0.093, 0.383, 0.931), improvement=0.000084
SRD step 950: evaluated 27 candidates, 1 promising, accepted 1
  Accepted AddPatch at patch 20, improvement=0.000084
  Total patches: 21, total adds: 27, total deletes: 26
  step 950/2000: loss=0.204226, patches=20
[SRD rewrite] deleted patch=20, position=(-0.065, 0.513, 1.038), reason=Area 0.000533 below minimum 0.01
SRD step 1000: evaluated 27 candidates, 0 promising, accepted 1
  Mandatory DeletePatch(20) at patch 20, reason=Area 0.000533 below minimum 0.01
  Total patches: 20, total adds: 27, total deletes: 27
  step 1000/2000: loss=0.198560, patches=21
SRD step 1050: evaluated 27 candidates, 0 promising, accepted 0
  Total patches: 20, total adds: 27, total deletes: 27
  step 1050/2000: loss=0.200484, patches=20
SRD step 1100: evaluated 27 candidates, 0 promising, accepted 0
  Total patches: 20, total adds: 27, total deletes: 27
  step 1100/2000: loss=0.199321, patches=20
SRD step 1150: evaluated 27 candidates, 0 promising, accepted 0
  Total patches: 20, total adds: 27, total deletes: 27
  step 1150/2000: loss=0.198550, patches=20
SRD step 1200: evaluated 27 candidates, 0 promising, accepted 0
  Total patches: 20, total adds: 27, total deletes: 27
  step 1200/2000: loss=0.197292, patches=20
SRD step 1250: evaluated 27 candidates, 0 promising, accepted 0
  Total patches: 20, total adds: 27, total deletes: 27
  step 1250/2000: loss=0.193441, patches=20
SRD step 1300: evaluated 27 candidates, 0 promising, accepted 0
  Total patches: 20, total adds: 27, total deletes: 27
  step 1300/2000: loss=0.181357, patches=20
[SRD rewrite] added patch=20, position=(-0.109, 0.449, 0.033), improvement=0.000095
SRD step 1350: evaluated 27 candidates, 1 promising, accepted 1
  Accepted AddPatch at patch 20, improvement=0.000095
  Total patches: 21, total adds: 28, total deletes: 27
  step 1350/2000: loss=0.181217, patches=20
[SRD rewrite] deleted patch=20, position=(-0.048, 0.553, -0.094), reason=Area 0.000173 below minimum 0.01
SRD step 1400: evaluated 27 candidates, 0 promising, accepted 1
  Mandatory DeletePatch(20) at patch 20, reason=Area 0.000173 below minimum 0.01
  Total patches: 20, total adds: 28, total deletes: 28
  step 1400/2000: loss=0.180225, patches=21
SRD step 1450: evaluated 27 candidates, 0 promising, accepted 0
  Total patches: 20, total adds: 28, total deletes: 28
  step 1450/2000: loss=0.186048, patches=20
SRD step 1500: evaluated 27 candidates, 0 promising, accepted 0
  Total patches: 20, total adds: 28, total deletes: 28
  step 1500/2000: loss=0.185312, patches=20
SRD step 1550: evaluated 27 candidates, 0 promising, accepted 0
  Total patches: 20, total adds: 28, total deletes: 28
  step 1550/2000: loss=0.186523, patches=20
SRD step 1600: evaluated 27 candidates, 0 promising, accepted 0
  Total patches: 20, total adds: 28, total deletes: 28
  step 1600/2000: loss=0.186159, patches=20
SRD step 1650: evaluated 27 candidates, 0 promising, accepted 0
  Total patches: 20, total adds: 28, total deletes: 28
  step 1650/2000: loss=0.185847, patches=20
SRD step 1700: evaluated 27 candidates, 0 promising, accepted 0
  Total patches: 20, total adds: 28, total deletes: 28
  step 1700/2000: loss=0.188280, patches=20
[SRD rewrite] deleted patch=10, position=(-0.370, -0.242, 2.321), reason=Area 0.007043 below minimum 0.01
[SRD rewrite] added patch=19, position=(-0.908, -0.884, -1.038), improvement=0.001183
[SRD rewrite] added patch=20, position=(-0.152, 0.474, -0.547), improvement=0.000103
SRD step 1750: evaluated 27 candidates, 2 promising, accepted 3
  Accepted AddPatch at patch 19, improvement=0.001183
  Accepted AddPatch at patch 20, improvement=0.000103
  Mandatory DeletePatch(10) at patch 10, reason=Area 0.007043 below minimum 0.01
  Total patches: 21, total adds: 30, total deletes: 29
  step 1750/2000: loss=0.188415, patches=20
[SRD rewrite] deleted patch=19, position=(-0.886, -0.836, -0.975), reason=Area 0.003224 below minimum 0.01
SRD step 1800: evaluated 27 candidates, 0 promising, accepted 1
  Mandatory DeletePatch(19) at patch 19, reason=Area 0.003224 below minimum 0.01
  Total patches: 20, total adds: 30, total deletes: 30
  step 1800/2000: loss=0.179266, patches=21
SRD step 1850: evaluated 27 candidates, 0 promising, accepted 0
  Total patches: 20, total adds: 30, total deletes: 30
  step 1850/2000: loss=0.179308, patches=20
SRD step 1900: evaluated 27 candidates, 0 promising, accepted 0
  Total patches: 20, total adds: 30, total deletes: 30
  step 1900/2000: loss=0.178046, patches=20
SRD step 1950: evaluated 27 candidates, 0 promising, accepted 0
  Total patches: 20, total adds: 30, total deletes: 30
  step 1950/2000: loss=0.178558, patches=20
SRD step 2000: evaluated 27 candidates, 0 promising, accepted 0
  Total patches: 20, total adds: 30, total deletes: 30
  step 2000/2000: loss=0.179480, patches=20
[SRD rewrite] deleted patch=9, position=(1.285, -1.939, 1.507), reason=final deletion pass improved loss
[Trial 3] done: loss=0.179050, time=7710.4s
[Run] report written to results/slurm/20260718_0323/comparison_horse_circle_srd/output.txt
