[Swept volume] building (resolution=108)...
[Run] mode=full, trials=3, seeds=[0, 1, 2], steps=2000, srd=True, ablation_flags={'disable_swept_volume_adds': False, 'loss_only_deletion': False, 'disable_splitting': False}
[Trial 1/3] seed=0
[Patch] mapbox-earcut is not installed; falling back to fan fill, so non-convex pieces will render incorrectly. Install it with: pip install mapbox-earcut
[SRD rewrite] added patch=20, position=(-0.509, -0.260, 1.427), improvement=0.021599
[SRD rewrite] added patch=21, position=(-0.184, -0.062, 1.328), improvement=0.020374
[SRD rewrite] added patch=22, position=(-0.286, -0.152, 1.059), improvement=0.020191
SRD step 50: evaluated 27 candidates, 27 promising, accepted 3
  Accepted AddPatch at patch 20, improvement=0.021599
  Accepted AddPatch at patch 21, improvement=0.020374
  Accepted AddPatch at patch 22, improvement=0.020191
  Total patches: 23, total adds: 3, total deletes: 0
  step 50/2000: loss=0.465957, patches=20
[SRD rewrite] added patch=23, position=(-0.581, -0.880, 1.105), improvement=0.007854
[SRD rewrite] added patch=24, position=(-0.022, 1.105, 0.351), improvement=0.006967
[SRD rewrite] added patch=25, position=(-0.012, 1.065, 0.268), improvement=0.006608
SRD step 100: evaluated 27 candidates, 22 promising, accepted 3
  Accepted AddPatch at patch 23, improvement=0.007854
  Accepted AddPatch at patch 24, improvement=0.006967
  Accepted AddPatch at patch 25, improvement=0.006608
  Total patches: 26, total adds: 6, total deletes: 0
  step 100/2000: loss=0.339686, patches=23
[SRD rewrite] deleted patch=22, position=(-0.483, 0.105, 1.235), reason=Area 0.005766 below minimum 0.01
[SRD rewrite] added patch=25, position=(1.067, -0.568, 0.877), improvement=0.003663
[SRD rewrite] added patch=26, position=(1.104, -0.582, 0.438), improvement=0.002976
[SRD rewrite] added patch=27, position=(0.058, -1.050, 0.014), improvement=0.002971
SRD step 150: evaluated 27 candidates, 20 promising, accepted 4
  Accepted AddPatch at patch 25, improvement=0.003663
  Accepted AddPatch at patch 26, improvement=0.002976
  Accepted AddPatch at patch 27, improvement=0.002971
  Mandatory DeletePatch(22) at patch 22, reason=Area 0.005766 below minimum 0.01
  Total patches: 28, total adds: 9, total deletes: 1
  step 150/2000: loss=0.287126, patches=26
[SRD rewrite] deleted patch=24, position=(-0.088, 1.213, -0.062), reason=Area 0.000522 below minimum 0.01
[SRD rewrite] added patch=27, position=(-0.688, 0.865, 0.665), improvement=0.002962
[SRD rewrite] added patch=28, position=(0.127, -0.547, 1.274), improvement=0.002657
[SRD rewrite] restored patch=29, position=(-0.483, 0.105, 1.235), improvement=0.002527
SRD step 200: evaluated 27 candidates, 23 promising, accepted 4
  Accepted AddPatch at patch 27, improvement=0.002962
  Accepted AddPatch at patch 28, improvement=0.002657
  Accepted RestorePatch(0) at patch 29, improvement=0.002527
  Mandatory DeletePatch(24) at patch 24, reason=Area 0.000522 below minimum 0.01
  Total patches: 30, total adds: 12, total deletes: 2
  step 200/2000: loss=0.236875, patches=28
[SRD rewrite] deleted patch=29, position=(-0.589, 0.221, 1.231), reason=Area 0.000419 below minimum 0.01
[SRD rewrite] deleted patch=28, position=(0.251, -0.489, 1.322), reason=Area 0.000491 below minimum 0.01
[SRD rewrite] deleted patch=21, position=(-0.281, 0.227, 1.433), reason=Area 0.002084 below minimum 0.01
[SRD rewrite] deleted patch=8, position=(0.512, -0.564, 0.480), reason=Area 0.007974 below minimum 0.01
[SRD rewrite] added patch=26, position=(-1.320, -0.010, 0.851), improvement=0.002894
[SRD rewrite] added patch=27, position=(-0.023, -1.060, 0.861), improvement=0.002488
[SRD rewrite] added patch=28, position=(-0.304, -0.511, 1.294), improvement=0.002165
SRD step 250: evaluated 27 candidates, 22 promising, accepted 7
  Accepted AddPatch at patch 26, improvement=0.002894
  Accepted AddPatch at patch 27, improvement=0.002488
  Accepted AddPatch at patch 28, improvement=0.002165
  Mandatory DeletePatch(8) at patch 8, reason=Area 0.007974 below minimum 0.01
  Mandatory DeletePatch(21) at patch 21, reason=Area 0.002084 below minimum 0.01
  Mandatory DeletePatch(28) at patch 28, reason=Area 0.000491 below minimum 0.01
  Mandatory DeletePatch(29) at patch 29, reason=Area 0.000419 below minimum 0.01
  Total patches: 29, total adds: 15, total deletes: 6
  step 250/2000: loss=0.212501, patches=30
[SRD rewrite] deleted patch=28, position=(-0.315, -0.481, 1.385), reason=Area 0.005675 below minimum 0.01
SRD step 300: evaluated 27 candidates, 0 promising, accepted 1
  Mandatory DeletePatch(28) at patch 28, reason=Area 0.005675 below minimum 0.01
  Total patches: 28, total adds: 15, total deletes: 7
  step 300/2000: loss=0.168898, patches=29
[SRD rewrite] split patch=11, children=27,28, improvement=0.000699
SRD step 350: evaluated 27 candidates, 1 promising, accepted 1
  Accepted SplitPatch(11) at patch 11, improvement=0.000699
  Total patches: 29, total adds: 16, total deletes: 7
  step 350/2000: loss=0.137138, patches=28
[SRD rewrite] deleted patch=28, position=(1.239, 0.175, -0.279), reason=Area 0.005103 below minimum 0.01
[SRD rewrite] deleted patch=27, position=(1.077, 0.153, -0.279), reason=Area 0.006785 below minimum 0.01
[SRD rewrite] deleted patch=22, position=(1.040, -0.490, 0.264), reason=Area 0.006841 below minimum 0.01
[SRD rewrite] deleted patch=8, position=(0.557, 0.311, 0.318), reason=Area 0.009994 below minimum 0.01
SRD step 400: evaluated 27 candidates, 0 promising, accepted 4
  Mandatory DeletePatch(8) at patch 8, reason=Area 0.009994 below minimum 0.01
  Mandatory DeletePatch(22) at patch 22, reason=Area 0.006841 below minimum 0.01
  Mandatory DeletePatch(27) at patch 27, reason=Area 0.006785 below minimum 0.01
  Mandatory DeletePatch(28) at patch 28, reason=Area 0.005103 below minimum 0.01
  Total patches: 25, total adds: 16, total deletes: 11
  step 400/2000: loss=0.123754, patches=29
SRD step 450: evaluated 27 candidates, 0 promising, accepted 0
  Total patches: 25, total adds: 16, total deletes: 11
  step 450/2000: loss=0.120367, patches=25
SRD step 500: evaluated 27 candidates, 0 promising, accepted 0
  Total patches: 25, total adds: 16, total deletes: 11
  step 500/2000: loss=0.116663, patches=25
SRD step 550: evaluated 27 candidates, 0 promising, accepted 0
  Total patches: 25, total adds: 16, total deletes: 11
  step 550/2000: loss=0.116908, patches=25
SRD step 600: evaluated 27 candidates, 0 promising, accepted 0
  Total patches: 25, total adds: 16, total deletes: 11
  step 600/2000: loss=0.109637, patches=25
SRD step 650: evaluated 27 candidates, 0 promising, accepted 0
  Total patches: 25, total adds: 16, total deletes: 11
  step 650/2000: loss=0.101557, patches=25
SRD step 700: evaluated 27 candidates, 0 promising, accepted 0
  Total patches: 25, total adds: 16, total deletes: 11
  step 700/2000: loss=0.099794, patches=25
SRD step 750: evaluated 27 candidates, 0 promising, accepted 0
  Total patches: 25, total adds: 16, total deletes: 11
  step 750/2000: loss=0.100129, patches=25
[SRD rewrite] deleted patch=19, position=(-0.021, 1.246, 0.917), reason=Area 0.003388 below minimum 0.01
SRD step 800: evaluated 27 candidates, 0 promising, accepted 1
  Mandatory DeletePatch(19) at patch 19, reason=Area 0.003388 below minimum 0.01
  Total patches: 24, total adds: 16, total deletes: 12
  step 800/2000: loss=0.096141, patches=25
[SRD rewrite] deleted patch=15, position=(1.206, -0.685, 0.736), reason=Area 0.009078 below minimum 0.01
[SRD rewrite] deleted patch=4, position=(0.425, -2.501, -0.714), reason=no image contribution, delete has no image effect
SRD step 850: evaluated 27 candidates, 0 promising, accepted 2
  Mandatory DeletePatch(15) at patch 15, reason=Area 0.009078 below minimum 0.01
  Mandatory DeletePatch(4) at patch 4, reason=no image contribution, delete has no image effect
  Total patches: 22, total adds: 16, total deletes: 14
  step 850/2000: loss=0.095962, patches=24
[SRD rewrite] deleted patch=11, position=(0.328, 0.889, 1.088), reason=Area 0.006710 below minimum 0.01
SRD step 900: evaluated 27 candidates, 0 promising, accepted 1
  Mandatory DeletePatch(11) at patch 11, reason=Area 0.006710 below minimum 0.01
  Total patches: 21, total adds: 16, total deletes: 15
  step 900/2000: loss=0.096481, patches=22
SRD step 950: evaluated 27 candidates, 0 promising, accepted 0
  Total patches: 21, total adds: 16, total deletes: 15
  step 950/2000: loss=0.099641, patches=21
SRD step 1000: evaluated 27 candidates, 0 promising, accepted 0
  Total patches: 21, total adds: 16, total deletes: 15
  step 1000/2000: loss=0.098001, patches=21
SRD step 1050: evaluated 27 candidates, 0 promising, accepted 0
  Total patches: 21, total adds: 16, total deletes: 15
  step 1050/2000: loss=0.097499, patches=21
SRD step 1100: evaluated 27 candidates, 0 promising, accepted 0
  Total patches: 21, total adds: 16, total deletes: 15
  step 1100/2000: loss=0.099685, patches=21
[SRD rewrite] deleted patch=20, position=(0.119, -1.060, 1.075), reason=Area 0.007355 below minimum 0.01
SRD step 1150: evaluated 27 candidates, 0 promising, accepted 1
  Mandatory DeletePatch(20) at patch 20, reason=Area 0.007355 below minimum 0.01
  Total patches: 20, total adds: 16, total deletes: 16
  step 1150/2000: loss=0.099100, patches=21
SRD step 1200: evaluated 27 candidates, 0 promising, accepted 0
  Total patches: 20, total adds: 16, total deletes: 16
  step 1200/2000: loss=0.099780, patches=20
SRD step 1250: evaluated 27 candidates, 0 promising, accepted 0
  Total patches: 20, total adds: 16, total deletes: 16
  step 1250/2000: loss=0.098924, patches=20
SRD step 1300: evaluated 27 candidates, 0 promising, accepted 0
  Total patches: 20, total adds: 16, total deletes: 16
  step 1300/2000: loss=0.100363, patches=20
SRD step 1350: evaluated 27 candidates, 0 promising, accepted 0
  Total patches: 20, total adds: 16, total deletes: 16
  step 1350/2000: loss=0.098642, patches=20
SRD step 1400: evaluated 27 candidates, 0 promising, accepted 0
  Total patches: 20, total adds: 16, total deletes: 16
  step 1400/2000: loss=0.099413, patches=20
SRD step 1450: evaluated 27 candidates, 0 promising, accepted 0
  Total patches: 20, total adds: 16, total deletes: 16
  step 1450/2000: loss=0.100251, patches=20
SRD step 1500: evaluated 27 candidates, 0 promising, accepted 0
  Total patches: 20, total adds: 16, total deletes: 16
  step 1500/2000: loss=0.099421, patches=20
SRD step 1550: evaluated 27 candidates, 0 promising, accepted 0
  Total patches: 20, total adds: 16, total deletes: 16
  step 1550/2000: loss=0.099000, patches=20
SRD step 1600: evaluated 27 candidates, 0 promising, accepted 0
  Total patches: 20, total adds: 16, total deletes: 16
  step 1600/2000: loss=0.099216, patches=20
SRD step 1650: evaluated 27 candidates, 0 promising, accepted 0
  Total patches: 20, total adds: 16, total deletes: 16
  step 1650/2000: loss=0.099840, patches=20
SRD step 1700: evaluated 27 candidates, 0 promising, accepted 0
  Total patches: 20, total adds: 16, total deletes: 16
  step 1700/2000: loss=0.099404, patches=20
SRD step 1750: evaluated 27 candidates, 0 promising, accepted 0
  Total patches: 20, total adds: 16, total deletes: 16
  step 1750/2000: loss=0.099003, patches=20
SRD step 1800: evaluated 27 candidates, 0 promising, accepted 0
  Total patches: 20, total adds: 16, total deletes: 16
  step 1800/2000: loss=0.099893, patches=20
SRD step 1850: evaluated 27 candidates, 0 promising, accepted 0
  Total patches: 20, total adds: 16, total deletes: 16
  step 1850/2000: loss=0.099907, patches=20
SRD step 1900: evaluated 27 candidates, 0 promising, accepted 0
  Total patches: 20, total adds: 16, total deletes: 16
  step 1900/2000: loss=0.099449, patches=20
SRD step 1950: evaluated 27 candidates, 0 promising, accepted 0
  Total patches: 20, total adds: 16, total deletes: 16
  step 1950/2000: loss=0.100274, patches=20
SRD step 2000: evaluated 27 candidates, 0 promising, accepted 0
  Total patches: 20, total adds: 16, total deletes: 16
  step 2000/2000: loss=0.101922, patches=20
[SRD rewrite] deleted patch=3, position=(-2.283, -1.025, 1.760), reason=final deletion pass improved loss
[SRD rewrite] deleted patch=6, position=(-1.515, -0.197, 2.361), reason=final deletion pass improved loss
[Trial 1] done: loss=0.093352, time=8859.7s
[Trial 2/3] seed=1
[SRD rewrite] split patch=4, children=19,20, improvement=0.026027
[SRD rewrite] added patch=21, position=(0.222, -0.416, 1.080), improvement=0.022215
[SRD rewrite] added patch=22, position=(-0.052, -0.361, 1.289), improvement=0.022155
SRD step 50: evaluated 27 candidates, 26 promising, accepted 3
  Accepted SplitPatch(4) at patch 4, improvement=0.026027
  Accepted AddPatch at patch 21, improvement=0.022215
  Accepted AddPatch at patch 22, improvement=0.022155
  Total patches: 23, total adds: 3, total deletes: 0
  step 50/2000: loss=0.492945, patches=20
[SRD rewrite] deleted patch=20, position=(-1.325, 0.557, 1.067), reason=Area 0.002650 below minimum 0.01
[SRD rewrite] deleted patch=19, position=(-1.268, 0.553, 1.231), reason=Area 0.000953 below minimum 0.01
[SRD rewrite] added patch=21, position=(0.417, -0.433, 0.923), improvement=0.006379
[SRD rewrite] added patch=22, position=(-0.416, -0.418, 1.600), improvement=0.006016
[SRD rewrite] added patch=23, position=(-0.403, -0.455, 1.014), improvement=0.005912
SRD step 100: evaluated 27 candidates, 15 promising, accepted 5
  Accepted AddPatch at patch 21, improvement=0.006379
  Accepted AddPatch at patch 22, improvement=0.006016
  Accepted AddPatch at patch 23, improvement=0.005912
  Mandatory DeletePatch(19) at patch 19, reason=Area 0.000953 below minimum 0.01
  Mandatory DeletePatch(20) at patch 20, reason=Area 0.002650 below minimum 0.01
  Total patches: 24, total adds: 6, total deletes: 2
  step 100/2000: loss=0.358686, patches=23
[SRD rewrite] deleted patch=22, position=(-0.446, -0.441, 1.486), reason=Area 0.004888 below minimum 0.01
[SRD rewrite] deleted patch=20, position=(-0.214, -0.378, 1.413), reason=Area 0.008610 below minimum 0.01
[SRD rewrite] added patch=22, position=(-0.689, -1.069, 0.176), improvement=0.003939
[SRD rewrite] added patch=23, position=(1.371, 0.004, 0.691), improvement=0.003709
[SRD rewrite] added patch=24, position=(0.494, -0.446, 1.291), improvement=0.003443
SRD step 150: evaluated 27 candidates, 18 promising, accepted 5
  Accepted AddPatch at patch 22, improvement=0.003939
  Accepted AddPatch at patch 23, improvement=0.003709
  Accepted AddPatch at patch 24, improvement=0.003443
  Mandatory DeletePatch(20) at patch 20, reason=Area 0.008610 below minimum 0.01
  Mandatory DeletePatch(22) at patch 22, reason=Area 0.004888 below minimum 0.01
  Total patches: 25, total adds: 9, total deletes: 4
  step 150/2000: loss=0.290334, patches=24
[SRD rewrite] added patch=25, position=(-1.207, -0.011, 1.232), improvement=0.009608
[SRD rewrite] added patch=26, position=(-1.177, 0.021, 1.537), improvement=0.008685
[SRD rewrite] added patch=27, position=(-0.427, -0.393, 0.693), improvement=0.008414
SRD step 200: evaluated 27 candidates, 22 promising, accepted 3
  Accepted AddPatch at patch 25, improvement=0.009608
  Accepted AddPatch at patch 26, improvement=0.008685
  Accepted AddPatch at patch 27, improvement=0.008414
  Total patches: 28, total adds: 12, total deletes: 4
  step 200/2000: loss=0.244437, patches=25
[SRD rewrite] deleted patch=27, position=(-0.486, -0.508, 0.566), reason=Area 0.000390 below minimum 0.01
[SRD rewrite] deleted patch=26, position=(-1.169, 0.007, 1.529), reason=Area 0.007885 below minimum 0.01
[SRD rewrite] deleted patch=21, position=(-0.531, -0.539, 1.241), reason=Area 0.000673 below minimum 0.01
SRD step 250: evaluated 27 candidates, 0 promising, accepted 3
  Mandatory DeletePatch(21) at patch 21, reason=Area 0.000673 below minimum 0.01
  Mandatory DeletePatch(26) at patch 26, reason=Area 0.007885 below minimum 0.01
  Mandatory DeletePatch(27) at patch 27, reason=Area 0.000390 below minimum 0.01
  Total patches: 25, total adds: 12, total deletes: 7
  step 250/2000: loss=0.178400, patches=28
[SRD rewrite] deleted patch=22, position=(1.359, 0.022, 0.594), reason=Area 0.007385 below minimum 0.01
[SRD rewrite] deleted patch=14, position=(0.436, -0.119, 2.375), reason=Area 0.009428 below minimum 0.01
[SRD rewrite] restored patch=23, position=(-0.446, -0.441, 1.486), improvement=0.000736
[SRD rewrite] restored patch=24, position=(1.359, 0.022, 0.594), improvement=0.000590
[SRD rewrite] added patch=25, position=(0.033, -1.350, 0.107), improvement=0.000436
SRD step 300: evaluated 27 candidates, 5 promising, accepted 5
  Accepted RestorePatch(3) at patch 23, improvement=0.000736
  Accepted RestorePatch(8) at patch 24, improvement=0.000590
  Accepted AddPatch at patch 25, improvement=0.000436
  Mandatory DeletePatch(14) at patch 14, reason=Area 0.009428 below minimum 0.01
  Mandatory DeletePatch(22) at patch 22, reason=Area 0.007385 below minimum 0.01
  Total patches: 26, total adds: 15, total deletes: 9
  step 300/2000: loss=0.162140, patches=25
[SRD rewrite] deleted patch=25, position=(0.077, -1.454, 0.209), reason=Area 0.000168 below minimum 0.01
[SRD rewrite] deleted patch=24, position=(1.403, 0.066, 0.550), reason=Area 0.002456 below minimum 0.01
[SRD rewrite] deleted patch=23, position=(-0.446, -0.450, 1.426), reason=Area 0.003450 below minimum 0.01
SRD step 350: evaluated 27 candidates, 0 promising, accepted 3
  Mandatory DeletePatch(23) at patch 23, reason=Area 0.003450 below minimum 0.01
  Mandatory DeletePatch(24) at patch 24, reason=Area 0.002456 below minimum 0.01
  Mandatory DeletePatch(25) at patch 25, reason=Area 0.000168 below minimum 0.01
  Total patches: 23, total adds: 15, total deletes: 12
  step 350/2000: loss=0.140488, patches=26
SRD step 400: evaluated 27 candidates, 0 promising, accepted 0
  Total patches: 23, total adds: 15, total deletes: 12
  step 400/2000: loss=0.139357, patches=23
[SRD rewrite] split patch=2, children=22,23, improvement=0.002083
SRD step 450: evaluated 27 candidates, 1 promising, accepted 1
  Accepted SplitPatch(2) at patch 2, improvement=0.002083
  Total patches: 24, total adds: 16, total deletes: 12
  step 450/2000: loss=0.133967, patches=23
[SRD rewrite] deleted patch=23, position=(0.198, -2.067, 1.908), reason=Area 0.000641 below minimum 0.01
[SRD rewrite] deleted patch=22, position=(0.116, -1.789, 1.928), reason=Area 0.005964 below minimum 0.01
[SRD rewrite] added patch=22, position=(0.578, 0.926, 0.499), improvement=0.003599
[SRD rewrite] added patch=23, position=(0.310, -0.454, 0.673), improvement=0.003268
[SRD rewrite] restored patch=24, position=(-0.446, -0.450, 1.426), improvement=0.003104
SRD step 500: evaluated 27 candidates, 26 promising, accepted 5
  Accepted AddPatch at patch 22, improvement=0.003599
  Accepted AddPatch at patch 23, improvement=0.003268
  Accepted RestorePatch(10) at patch 24, improvement=0.003104
  Mandatory DeletePatch(22) at patch 22, reason=Area 0.005964 below minimum 0.01
  Mandatory DeletePatch(23) at patch 23, reason=Area 0.000641 below minimum 0.01
  Total patches: 25, total adds: 19, total deletes: 14
  step 500/2000: loss=0.127967, patches=24
[SRD rewrite] deleted patch=24, position=(-0.456, -0.448, 1.446), reason=Area 0.003450 below minimum 0.01
[SRD rewrite] deleted patch=23, position=(0.256, -0.430, 0.662), reason=Area 0.004762 below minimum 0.01
SRD step 550: evaluated 27 candidates, 0 promising, accepted 2
  Mandatory DeletePatch(23) at patch 23, reason=Area 0.004762 below minimum 0.01
  Mandatory DeletePatch(24) at patch 24, reason=Area 0.003450 below minimum 0.01
  Total patches: 23, total adds: 19, total deletes: 16
  step 550/2000: loss=0.107170, patches=25
SRD step 600: evaluated 27 candidates, 0 promising, accepted 0
  Total patches: 23, total adds: 19, total deletes: 16
  step 600/2000: loss=0.107534, patches=23
SRD step 650: evaluated 27 candidates, 0 promising, accepted 0
  Total patches: 23, total adds: 19, total deletes: 16
  step 650/2000: loss=0.103872, patches=23
SRD step 700: evaluated 27 candidates, 0 promising, accepted 0
  Total patches: 23, total adds: 19, total deletes: 16
  step 700/2000: loss=0.100307, patches=23
[SRD rewrite] deleted patch=7, position=(0.020, 1.615, -0.047), reason=Area 0.008858 below minimum 0.01
SRD step 750: evaluated 27 candidates, 0 promising, accepted 1
  Mandatory DeletePatch(7) at patch 7, reason=Area 0.008858 below minimum 0.01
  Total patches: 22, total adds: 19, total deletes: 17
  step 750/2000: loss=0.098623, patches=23
[SRD rewrite] deleted patch=17, position=(0.293, -0.469, 0.830), reason=Area 0.008604 below minimum 0.01
SRD step 800: evaluated 27 candidates, 0 promising, accepted 1
  Mandatory DeletePatch(17) at patch 17, reason=Area 0.008604 below minimum 0.01
  Total patches: 21, total adds: 19, total deletes: 18
  step 800/2000: loss=0.093598, patches=22
SRD step 850: evaluated 27 candidates, 0 promising, accepted 0
  Total patches: 21, total adds: 19, total deletes: 18
  step 850/2000: loss=0.099620, patches=21
SRD step 900: evaluated 27 candidates, 0 promising, accepted 0
  Total patches: 21, total adds: 19, total deletes: 18
  step 900/2000: loss=0.094532, patches=21
SRD step 950: evaluated 27 candidates, 0 promising, accepted 0
  Total patches: 21, total adds: 19, total deletes: 18
  step 950/2000: loss=0.095247, patches=21
SRD step 1000: evaluated 27 candidates, 0 promising, accepted 0
  Total patches: 21, total adds: 19, total deletes: 18
  step 1000/2000: loss=0.095798, patches=21
SRD step 1050: evaluated 27 candidates, 0 promising, accepted 0
  Total patches: 21, total adds: 19, total deletes: 18
  step 1050/2000: loss=0.092845, patches=21
SRD step 1100: evaluated 27 candidates, 0 promising, accepted 0
  Total patches: 21, total adds: 19, total deletes: 18
  step 1100/2000: loss=0.093071, patches=21
SRD step 1150: evaluated 27 candidates, 0 promising, accepted 0
  Total patches: 21, total adds: 19, total deletes: 18
  step 1150/2000: loss=0.095553, patches=21
SRD step 1200: evaluated 27 candidates, 0 promising, accepted 0
  Total patches: 21, total adds: 19, total deletes: 18
  step 1200/2000: loss=0.093390, patches=21
SRD step 1250: evaluated 27 candidates, 0 promising, accepted 0
  Total patches: 21, total adds: 19, total deletes: 18
  step 1250/2000: loss=0.095269, patches=21
SRD step 1300: evaluated 27 candidates, 0 promising, accepted 0
  Total patches: 21, total adds: 19, total deletes: 18
  step 1300/2000: loss=0.093995, patches=21
SRD step 1350: evaluated 27 candidates, 0 promising, accepted 0
  Total patches: 21, total adds: 19, total deletes: 18
  step 1350/2000: loss=0.095729, patches=21
SRD step 1400: evaluated 27 candidates, 0 promising, accepted 0
  Total patches: 21, total adds: 19, total deletes: 18
  step 1400/2000: loss=0.094625, patches=21
SRD step 1450: evaluated 27 candidates, 0 promising, accepted 0
  Total patches: 21, total adds: 19, total deletes: 18
  step 1450/2000: loss=0.094292, patches=21
SRD step 1500: evaluated 27 candidates, 0 promising, accepted 0
  Total patches: 21, total adds: 19, total deletes: 18
  step 1500/2000: loss=0.095483, patches=21
SRD step 1550: evaluated 27 candidates, 0 promising, accepted 0
  Total patches: 21, total adds: 19, total deletes: 18
  step 1550/2000: loss=0.096104, patches=21
SRD step 1600: evaluated 27 candidates, 0 promising, accepted 0
  Total patches: 21, total adds: 19, total deletes: 18
  step 1600/2000: loss=0.095800, patches=21
SRD step 1650: evaluated 27 candidates, 0 promising, accepted 0
  Total patches: 21, total adds: 19, total deletes: 18
  step 1650/2000: loss=0.097846, patches=21
SRD step 1700: evaluated 27 candidates, 0 promising, accepted 0
  Total patches: 21, total adds: 19, total deletes: 18
  step 1700/2000: loss=0.095853, patches=21
SRD step 1750: evaluated 27 candidates, 0 promising, accepted 0
  Total patches: 21, total adds: 19, total deletes: 18
  step 1750/2000: loss=0.097182, patches=21
SRD step 1800: evaluated 27 candidates, 0 promising, accepted 0
  Total patches: 21, total adds: 19, total deletes: 18
  step 1800/2000: loss=0.096273, patches=21
SRD step 1850: evaluated 27 candidates, 0 promising, accepted 0
  Total patches: 21, total adds: 19, total deletes: 18
  step 1850/2000: loss=0.094786, patches=21
SRD step 1900: evaluated 27 candidates, 0 promising, accepted 0
  Total patches: 21, total adds: 19, total deletes: 18
  step 1900/2000: loss=0.094271, patches=21
SRD step 1950: evaluated 27 candidates, 0 promising, accepted 0
  Total patches: 21, total adds: 19, total deletes: 18
  step 1950/2000: loss=0.097550, patches=21
SRD step 2000: evaluated 27 candidates, 0 promising, accepted 0
  Total patches: 21, total adds: 19, total deletes: 18
  step 2000/2000: loss=0.097418, patches=21
[SRD rewrite] deleted patch=8, position=(-0.968, -0.331, 0.364), reason=final deletion pass improved loss
[SRD rewrite] deleted patch=8, position=(-0.963, -2.155, 2.445), reason=final deletion pass improved loss
[Trial 2] done: loss=0.096088, time=8501.7s
[Trial 3/3] seed=2
[SRD rewrite] split patch=4, children=19,20, improvement=0.019164
[SRD rewrite] added patch=21, position=(0.042, 0.325, 1.268), improvement=0.017863
[SRD rewrite] added patch=22, position=(0.285, 0.366, 1.271), improvement=0.017820
SRD step 50: evaluated 27 candidates, 27 promising, accepted 3
  Accepted SplitPatch(4) at patch 4, improvement=0.019164
  Accepted AddPatch at patch 21, improvement=0.017863
  Accepted AddPatch at patch 22, improvement=0.017820
  Total patches: 23, total adds: 3, total deletes: 0
  step 50/2000: loss=0.622509, patches=20
[SRD rewrite] deleted patch=20, position=(-0.578, 1.145, -1.837), reason=Area 0.003118 below minimum 0.01
[SRD rewrite] deleted patch=19, position=(-0.413, 1.264, -1.803), reason=Area 0.001357 below minimum 0.01
[SRD rewrite] added patch=21, position=(0.218, -0.408, 1.220), improvement=0.012747
[SRD rewrite] added patch=22, position=(0.387, -0.215, 0.871), improvement=0.011839
[SRD rewrite] added patch=23, position=(0.254, -0.210, 0.742), improvement=0.011778
SRD step 100: evaluated 27 candidates, 19 promising, accepted 5
  Accepted AddPatch at patch 21, improvement=0.012747
  Accepted AddPatch at patch 22, improvement=0.011839
  Accepted AddPatch at patch 23, improvement=0.011778
  Mandatory DeletePatch(19) at patch 19, reason=Area 0.001357 below minimum 0.01
  Mandatory DeletePatch(20) at patch 20, reason=Area 0.003118 below minimum 0.01
  Total patches: 24, total adds: 6, total deletes: 2
  step 100/2000: loss=0.473800, patches=23
[SRD rewrite] added patch=24, position=(1.370, 0.017, 0.921), improvement=0.016567
[SRD rewrite] added patch=25, position=(0.444, -0.401, 0.881), improvement=0.016348
[SRD rewrite] added patch=26, position=(-0.003, -0.620, 1.015), improvement=0.015826
SRD step 150: evaluated 27 candidates, 27 promising, accepted 3
  Accepted AddPatch at patch 24, improvement=0.016567
  Accepted AddPatch at patch 25, improvement=0.016348
  Accepted AddPatch at patch 26, improvement=0.015826
  Total patches: 27, total adds: 9, total deletes: 2
  step 150/2000: loss=0.311109, patches=24
[SRD rewrite] deleted patch=25, position=(0.575, -0.479, 0.703), reason=Area 0.000419 below minimum 0.01
[SRD rewrite] deleted patch=24, position=(1.408, -0.009, 0.958), reason=Area 0.006544 below minimum 0.01
[SRD rewrite] deleted patch=23, position=(0.361, -0.287, 0.386), reason=Area 0.005450 below minimum 0.01
[SRD rewrite] added patch=24, position=(-1.162, -0.004, 1.745), improvement=0.006370
[SRD rewrite] added patch=25, position=(0.659, -0.218, 1.117), improvement=0.006071
[SRD rewrite] added patch=26, position=(0.634, -0.298, 0.958), improvement=0.006037
SRD step 200: evaluated 27 candidates, 24 promising, accepted 6
  Accepted AddPatch at patch 24, improvement=0.006370
  Accepted AddPatch at patch 25, improvement=0.006071
  Accepted AddPatch at patch 26, improvement=0.006037
  Mandatory DeletePatch(23) at patch 23, reason=Area 0.005450 below minimum 0.01
  Mandatory DeletePatch(24) at patch 24, reason=Area 0.006544 below minimum 0.01
  Mandatory DeletePatch(25) at patch 25, reason=Area 0.000419 below minimum 0.01
  Total patches: 27, total adds: 12, total deletes: 5
  step 200/2000: loss=0.225279, patches=27
[SRD rewrite] deleted patch=26, position=(0.692, -0.328, 0.866), reason=Area 0.000204 below minimum 0.01
[SRD rewrite] deleted patch=25, position=(0.729, -0.191, 1.163), reason=Area 0.000345 below minimum 0.01
[SRD rewrite] deleted patch=24, position=(-1.165, -0.010, 1.647), reason=Area 0.007822 below minimum 0.01
[SRD rewrite] deleted patch=19, position=(0.285, 0.637, 1.226), reason=Area 0.007340 below minimum 0.01
[SRD rewrite] deleted patch=4, position=(0.085, 0.521, 2.106), reason=Area 0.008395 below minimum 0.01
SRD step 250: evaluated 27 candidates, 0 promising, accepted 5
  Mandatory DeletePatch(4) at patch 4, reason=Area 0.008395 below minimum 0.01
  Mandatory DeletePatch(19) at patch 19, reason=Area 0.007340 below minimum 0.01
  Mandatory DeletePatch(24) at patch 24, reason=Area 0.007822 below minimum 0.01
  Mandatory DeletePatch(25) at patch 25, reason=Area 0.000345 below minimum 0.01
  Mandatory DeletePatch(26) at patch 26, reason=Area 0.000204 below minimum 0.01
  Total patches: 22, total adds: 12, total deletes: 10
  step 250/2000: loss=0.190585, patches=27
SRD step 300: evaluated 27 candidates, 0 promising, accepted 0
  Total patches: 22, total adds: 12, total deletes: 10
  step 300/2000: loss=0.181697, patches=22
[SRD rewrite] deleted patch=21, position=(0.129, -0.765, 1.247), reason=Area 0.004910 below minimum 0.01
[SRD rewrite] deleted patch=19, position=(0.623, -0.278, 1.276), reason=Area 0.008815 below minimum 0.01
[SRD rewrite] deleted patch=13, position=(-1.937, 1.280, -1.485), reason=Area 0.007246 below minimum 0.01
[SRD rewrite] deleted patch=3, position=(0.791, 0.504, 2.388), reason=Area 0.009738 below minimum 0.01
[SRD rewrite] added patch=18, position=(1.212, 0.044, 0.751), improvement=0.009223
[SRD rewrite] added patch=19, position=(0.784, -1.259, -0.822), improvement=0.008143
[SRD rewrite] added patch=20, position=(-0.118, 1.145, -0.227), improvement=0.007953
SRD step 350: evaluated 27 candidates, 24 promising, accepted 7
  Accepted AddPatch at patch 18, improvement=0.009223
  Accepted AddPatch at patch 19, improvement=0.008143
  Accepted AddPatch at patch 20, improvement=0.007953
  Mandatory DeletePatch(3) at patch 3, reason=Area 0.009738 below minimum 0.01
  Mandatory DeletePatch(13) at patch 13, reason=Area 0.007246 below minimum 0.01
  Mandatory DeletePatch(19) at patch 19, reason=Area 0.008815 below minimum 0.01
  Mandatory DeletePatch(21) at patch 21, reason=Area 0.004910 below minimum 0.01
  Total patches: 21, total adds: 15, total deletes: 14
  step 350/2000: loss=0.182190, patches=22
[SRD rewrite] deleted patch=20, position=(-0.181, 1.138, -0.370), reason=Area 0.009801 below minimum 0.01
[SRD rewrite] deleted patch=19, position=(0.629, -1.254, -0.807), reason=Area 0.000336 below minimum 0.01
[SRD rewrite] deleted patch=16, position=(0.601, 0.454, 1.263), reason=Area 0.001302 below minimum 0.01
[SRD rewrite] split patch=12, children=17,18, improvement=0.006083
SRD step 400: evaluated 27 candidates, 1 promising, accepted 4
  Accepted SplitPatch(12) at patch 12, improvement=0.006083
  Mandatory DeletePatch(16) at patch 16, reason=Area 0.001302 below minimum 0.01
  Mandatory DeletePatch(19) at patch 19, reason=Area 0.000336 below minimum 0.01
  Mandatory DeletePatch(20) at patch 20, reason=Area 0.009801 below minimum 0.01
  Total patches: 19, total adds: 16, total deletes: 17
  step 400/2000: loss=0.172451, patches=21
[SRD rewrite] deleted patch=17, position=(-1.044, -0.093, 2.432), reason=Area 0.003731 below minimum 0.01
[SRD rewrite] deleted patch=15, position=(0.741, 0.244, 0.190), reason=Area 0.004950 below minimum 0.01
SRD step 450: evaluated 27 candidates, 0 promising, accepted 2
  Mandatory DeletePatch(15) at patch 15, reason=Area 0.004950 below minimum 0.01
  Mandatory DeletePatch(17) at patch 17, reason=Area 0.003731 below minimum 0.01
  Total patches: 17, total adds: 16, total deletes: 19
  step 450/2000: loss=0.143730, patches=19
SRD step 500: evaluated 27 candidates, 0 promising, accepted 0
  Total patches: 17, total adds: 16, total deletes: 19
  step 500/2000: loss=0.141164, patches=17
SRD step 550: evaluated 27 candidates, 0 promising, accepted 0
  Total patches: 17, total adds: 16, total deletes: 19
  step 550/2000: loss=0.144963, patches=17
[SRD rewrite] split patch=9, children=16,17, improvement=0.003648
[SRD rewrite] added patch=18, position=(-1.002, -0.472, 1.510), improvement=0.000247
SRD step 600: evaluated 27 candidates, 2 promising, accepted 2
  Accepted SplitPatch(9) at patch 9, improvement=0.003648
  Accepted AddPatch at patch 18, improvement=0.000247
  Total patches: 19, total adds: 18, total deletes: 19
  step 600/2000: loss=0.153159, patches=17
[SRD rewrite] deleted patch=16, position=(-2.021, -1.001, 1.972), reason=Area 0.008431 below minimum 0.01
[SRD rewrite] added patch=18, position=(-0.026, 1.003, 0.062), improvement=0.004342
SRD step 650: evaluated 27 candidates, 17 promising, accepted 4
  Accepted AddPatch at patch 18, improvement=0.004342
  Accepted SplitPatch(12) at patch 12, improvement=0.003000
  Accepted SplitPatch(11) at patch 11, improvement=0.003000
  Mandatory DeletePatch(16) at patch 16, reason=Area 0.008431 below minimum 0.01
  Total patches: 19, total adds: 19, total deletes: 20
  step 650/2000: loss=0.132776, patches=19
[SRD rewrite] deleted patch=16, position=(-2.217, -1.048, 2.020), reason=Area 0.007381 below minimum 0.01
SRD step 700: evaluated 27 candidates, 0 promising, accepted 1
  Mandatory DeletePatch(16) at patch 16, reason=Area 0.007381 below minimum 0.01
  Total patches: 18, total adds: 19, total deletes: 21
  step 700/2000: loss=0.119126, patches=19
SRD step 750: evaluated 27 candidates, 0 promising, accepted 0
  Total patches: 18, total adds: 19, total deletes: 21
  step 750/2000: loss=0.114997, patches=18
SRD step 800: evaluated 27 candidates, 0 promising, accepted 0
  Total patches: 18, total adds: 19, total deletes: 21
  step 800/2000: loss=0.124771, patches=18
SRD step 850: evaluated 27 candidates, 0 promising, accepted 0
  Total patches: 18, total adds: 19, total deletes: 21
  step 850/2000: loss=0.123149, patches=18
[SRD rewrite] deleted patch=0, position=(0.426, -1.126, -1.283), reason=Area 0.009491 below minimum 0.01
SRD step 900: evaluated 27 candidates, 0 promising, accepted 1
  Mandatory DeletePatch(0) at patch 0, reason=Area 0.009491 below minimum 0.01
  Total patches: 17, total adds: 19, total deletes: 22
  step 900/2000: loss=0.121955, patches=18
SRD step 950: evaluated 27 candidates, 0 promising, accepted 0
  Total patches: 17, total adds: 19, total deletes: 22
  step 950/2000: loss=0.126088, patches=17
SRD step 1000: evaluated 27 candidates, 0 promising, accepted 0
  Total patches: 17, total adds: 19, total deletes: 22
  step 1000/2000: loss=0.124160, patches=17
SRD step 1050: evaluated 27 candidates, 0 promising, accepted 0
  Total patches: 17, total adds: 19, total deletes: 22
  step 1050/2000: loss=0.127759, patches=17
SRD step 1100: evaluated 27 candidates, 0 promising, accepted 0
  Total patches: 17, total adds: 19, total deletes: 22
  step 1100/2000: loss=0.128156, patches=17
SRD step 1150: evaluated 27 candidates, 0 promising, accepted 0
  Total patches: 17, total adds: 19, total deletes: 22
  step 1150/2000: loss=0.124122, patches=17
SRD step 1200: evaluated 27 candidates, 0 promising, accepted 0
  Total patches: 17, total adds: 19, total deletes: 22
  step 1200/2000: loss=0.124074, patches=17
SRD step 1250: evaluated 27 candidates, 0 promising, accepted 0
  Total patches: 17, total adds: 19, total deletes: 22
  step 1250/2000: loss=0.121044, patches=17
SRD step 1300: evaluated 27 candidates, 0 promising, accepted 0
  Total patches: 17, total adds: 19, total deletes: 22
  step 1300/2000: loss=0.124892, patches=17
[SRD rewrite] deleted patch=14, position=(-0.401, 0.160, 2.343), reason=Area 0.007961 below minimum 0.01
SRD step 1350: evaluated 27 candidates, 0 promising, accepted 1
  Mandatory DeletePatch(14) at patch 14, reason=Area 0.007961 below minimum 0.01
  Total patches: 16, total adds: 19, total deletes: 23
  step 1350/2000: loss=0.124184, patches=17
SRD step 1400: evaluated 27 candidates, 0 promising, accepted 0
  Total patches: 16, total adds: 19, total deletes: 23
  step 1400/2000: loss=0.126323, patches=16
SRD step 1450: evaluated 27 candidates, 0 promising, accepted 0
  Total patches: 16, total adds: 19, total deletes: 23
  step 1450/2000: loss=0.122788, patches=16
SRD step 1500: evaluated 27 candidates, 0 promising, accepted 0
  Total patches: 16, total adds: 19, total deletes: 23
  step 1500/2000: loss=0.123454, patches=16
SRD step 1550: evaluated 27 candidates, 0 promising, accepted 0
  Total patches: 16, total adds: 19, total deletes: 23
  step 1550/2000: loss=0.122690, patches=16
SRD step 1600: evaluated 27 candidates, 0 promising, accepted 0
  Total patches: 16, total adds: 19, total deletes: 23
  step 1600/2000: loss=0.120265, patches=16
SRD step 1650: evaluated 27 candidates, 0 promising, accepted 0
  Total patches: 16, total adds: 19, total deletes: 23
  step 1650/2000: loss=0.119379, patches=16
SRD step 1700: evaluated 27 candidates, 0 promising, accepted 0
  Total patches: 16, total adds: 19, total deletes: 23
  step 1700/2000: loss=0.113576, patches=16
SRD step 1750: evaluated 27 candidates, 0 promising, accepted 0
  Total patches: 16, total adds: 19, total deletes: 23
  step 1750/2000: loss=0.106478, patches=16
SRD step 1800: evaluated 27 candidates, 0 promising, accepted 0
  Total patches: 16, total adds: 19, total deletes: 23
  step 1800/2000: loss=0.106002, patches=16
SRD step 1850: evaluated 27 candidates, 0 promising, accepted 0
  Total patches: 16, total adds: 19, total deletes: 23
  step 1850/2000: loss=0.101412, patches=16
SRD step 1900: evaluated 27 candidates, 0 promising, accepted 0
  Total patches: 16, total adds: 19, total deletes: 23
  step 1900/2000: loss=0.102422, patches=16
SRD step 1950: evaluated 27 candidates, 0 promising, accepted 0
  Total patches: 16, total adds: 19, total deletes: 23
  step 1950/2000: loss=0.097248, patches=16
SRD step 2000: evaluated 27 candidates, 0 promising, accepted 0
  Total patches: 16, total adds: 19, total deletes: 23
  step 2000/2000: loss=0.098077, patches=16
[SRD rewrite] deleted patch=7, position=(-2.036, -0.122, 0.453), reason=final deletion pass improved loss
[Trial 3] done: loss=0.090946, time=6888.6s
[Run] report written to results/slurm/20260717_1249/ablation_sun_moon_full/output.txt
