## SLURM PROLOG ###############################################################
##    Job ID : 4080008
##  Job Name : 20260718_0340_patchsize_horse_circle_10
##  Nodelist : gpu2111
##      CPUs : 
##  Mem/Node : 128000 MB
## Directory : /oscar/home/cjmok/automated-perspective-sculptor
##   Job Started : Sat Jul 18 04:38:25 AM EDT 2026
###############################################################################
[Swept volume] building (resolution=256)...
[Run] mode=full, trials=3, seeds=[0, 1, 2], steps=1000, srd=True, ablation_flags={'disable_swept_volume_adds': False, 'loss_only_deletion': False, 'disable_splitting': False}
[Trial 1/3] seed=0
[Patch] mapbox-earcut is not installed; falling back to fan fill, so non-convex pieces will render incorrectly. Install it with: pip install mapbox-earcut
[SRD rewrite] added patch=10, position=(0.786, 0.432, -1.050), improvement=0.026840
[SRD rewrite] added patch=11, position=(0.753, 0.207, -0.086), improvement=0.026437
[SRD rewrite] added patch=12, position=(-0.767, 0.061, 0.007), improvement=0.026235
SRD step 50: evaluated 27 candidates, 24 promising, accepted 3
  Accepted AddPatch at patch 10, improvement=0.026840
  Accepted AddPatch at patch 11, improvement=0.026437
  Accepted AddPatch at patch 12, improvement=0.026235
  Total patches: 13, total adds: 3, total deletes: 0
  step 50/1000: loss=0.723919, patches=10
[SRD rewrite] added patch=13, position=(-0.806, 0.050, 1.519), improvement=0.017805
[SRD rewrite] added patch=14, position=(-1.150, 0.150, -1.426), improvement=0.016801
[SRD rewrite] added patch=15, position=(-1.073, 0.111, -1.201), improvement=0.016659
SRD step 100: evaluated 27 candidates, 23 promising, accepted 3
  Accepted AddPatch at patch 13, improvement=0.017805
  Accepted AddPatch at patch 14, improvement=0.016801
  Accepted AddPatch at patch 15, improvement=0.016659
  Total patches: 16, total adds: 6, total deletes: 0
  step 100/1000: loss=0.517736, patches=13
[SRD rewrite] deleted patch=15, position=(-1.073, 0.111, -1.201), reason=Area 0.009291 below minimum 0.01
[SRD rewrite] deleted patch=14, position=(-1.150, 0.150, -1.426), reason=Area 0.009291 below minimum 0.01
[SRD rewrite] added patch=14, position=(-0.729, -0.618, -0.191), improvement=0.002821
[SRD rewrite] added patch=15, position=(1.201, 0.013, -0.175), improvement=0.002564
[SRD rewrite] added patch=16, position=(-0.858, -0.759, -0.987), improvement=0.002501
SRD step 150: evaluated 27 candidates, 24 promising, accepted 5
  Accepted AddPatch at patch 14, improvement=0.002821
  Accepted AddPatch at patch 15, improvement=0.002564
  Accepted AddPatch at patch 16, improvement=0.002501
  Mandatory DeletePatch(14) at patch 14, reason=Area 0.009291 below minimum 0.01
  Mandatory DeletePatch(15) at patch 15, reason=Area 0.009291 below minimum 0.01
  Total patches: 17, total adds: 9, total deletes: 2
  step 150/1000: loss=0.400111, patches=16
[SRD rewrite] deleted patch=15, position=(1.222, -0.008, -0.196), reason=Area 0.005271 below minimum 0.01
[SRD rewrite] split patch=8, children=15,16, improvement=0.000555
[SRD rewrite] added patch=17, position=(-0.735, -0.401, 0.319), improvement=0.000619
[SRD rewrite] added patch=18, position=(-0.947, -0.266, -1.643), improvement=0.000495
SRD step 200: evaluated 27 candidates, 6 promising, accepted 4
  Accepted AddPatch at patch 17, improvement=0.000619
  Accepted SplitPatch(8) at patch 8, improvement=0.000555
  Accepted AddPatch at patch 18, improvement=0.000495
  Mandatory DeletePatch(15) at patch 15, reason=Area 0.005271 below minimum 0.01
  Total patches: 19, total adds: 12, total deletes: 3
  step 200/1000: loss=0.365616, patches=17
[SRD rewrite] deleted patch=16, position=(1.183, -0.143, -2.234), reason=Area 0.006080 below minimum 0.01
[SRD rewrite] deleted patch=15, position=(1.178, 0.060, -2.232), reason=Area 0.000993 below minimum 0.01
[SRD rewrite] added patch=17, position=(1.556, 1.068, 0.306), improvement=0.004680
[SRD rewrite] added patch=18, position=(1.787, 0.976, 0.129), improvement=0.004230
[SRD rewrite] added patch=19, position=(1.282, 0.858, 0.602), improvement=0.004173
SRD step 250: evaluated 27 candidates, 18 promising, accepted 5
  Accepted AddPatch at patch 17, improvement=0.004680
  Accepted AddPatch at patch 18, improvement=0.004230
  Accepted AddPatch at patch 19, improvement=0.004173
  Mandatory DeletePatch(15) at patch 15, reason=Area 0.000993 below minimum 0.01
  Mandatory DeletePatch(16) at patch 16, reason=Area 0.006080 below minimum 0.01
  Total patches: 20, total adds: 15, total deletes: 5
  step 250/1000: loss=0.334656, patches=19
[SRD rewrite] deleted patch=16, position=(-1.017, -0.299, -1.573), reason=delete has no image effect
[SRD rewrite] added patch=19, position=(-1.228, -0.550, -0.500), improvement=0.002382
[SRD rewrite] added patch=20, position=(-0.997, -0.395, -0.897), improvement=0.002339
[SRD rewrite] added patch=21, position=(0.487, 0.674, -1.266), improvement=0.002220
SRD step 300: evaluated 27 candidates, 18 promising, accepted 4
  Accepted AddPatch at patch 19, improvement=0.002382
  Accepted AddPatch at patch 20, improvement=0.002339
  Accepted AddPatch at patch 21, improvement=0.002220
  Mandatory DeletePatch(16) at patch 16, reason=delete has no image effect
  Total patches: 22, total adds: 18, total deletes: 6
  step 300/1000: loss=0.295859, patches=20
[SRD rewrite] deleted patch=21, position=(0.390, 0.743, -1.278), reason=Area 0.000231 below minimum 0.01
[SRD rewrite] deleted patch=20, position=(-1.101, -0.448, -0.810), reason=Area 0.000428 below minimum 0.01
[SRD rewrite] deleted patch=19, position=(-1.240, -0.396, -0.401), reason=Area 0.000253 below minimum 0.01
SRD step 350: evaluated 27 candidates, 0 promising, accepted 3
  Mandatory DeletePatch(19) at patch 19, reason=Area 0.000253 below minimum 0.01
  Mandatory DeletePatch(20) at patch 20, reason=Area 0.000428 below minimum 0.01
  Mandatory DeletePatch(21) at patch 21, reason=Area 0.000231 below minimum 0.01
  Total patches: 19, total adds: 18, total deletes: 9
  step 350/1000: loss=0.268348, patches=22
[SRD rewrite] deleted patch=16, position=(1.684, 1.203, 0.003), reason=Area 0.002701 below minimum 0.01
[SRD rewrite] added patch=18, position=(-1.581, -0.040, 1.233), improvement=0.003862
[SRD rewrite] added patch=19, position=(-1.240, 0.582, 0.068), improvement=0.003692
[SRD rewrite] added patch=20, position=(-1.479, -0.421, 1.650), improvement=0.003480
SRD step 400: evaluated 27 candidates, 22 promising, accepted 4
  Accepted AddPatch at patch 18, improvement=0.003862
  Accepted AddPatch at patch 19, improvement=0.003692
  Accepted AddPatch at patch 20, improvement=0.003480
  Mandatory DeletePatch(16) at patch 16, reason=Area 0.002701 below minimum 0.01
  Total patches: 21, total adds: 21, total deletes: 10
  step 400/1000: loss=0.251352, patches=19
[SRD rewrite] added patch=21, position=(-2.150, -0.080, -1.328), improvement=0.001973
[SRD rewrite] restored patch=22, position=(-1.017, -0.299, -1.573), improvement=0.001250
[SRD rewrite] restored patch=23, position=(1.222, -0.008, -0.196), improvement=0.001240
SRD step 450: evaluated 27 candidates, 7 promising, accepted 3
  Accepted AddPatch at patch 21, improvement=0.001973
  Accepted RestorePatch(6) at patch 22, improvement=0.001250
  Accepted RestorePatch(2) at patch 23, improvement=0.001240
  Total patches: 24, total adds: 24, total deletes: 10
  step 450/1000: loss=0.217714, patches=21
[SRD rewrite] deleted patch=23, position=(1.230, -0.019, -0.187), reason=Area 0.000333 below minimum 0.01
[SRD rewrite] deleted patch=21, position=(-2.136, 0.016, -1.459), reason=Area 0.000397 below minimum 0.01
[SRD rewrite] deleted patch=21, position=(-1.017, -0.299, -1.573), reason=delete has no image effect
SRD step 500: evaluated 27 candidates, 0 promising, accepted 3
  Mandatory DeletePatch(21) at patch 21, reason=Area 0.000397 below minimum 0.01
  Mandatory DeletePatch(23) at patch 23, reason=Area 0.000333 below minimum 0.01
  Mandatory DeletePatch(21) at patch 21, reason=delete has no image effect
  Total patches: 21, total adds: 24, total deletes: 13
  step 500/1000: loss=0.198331, patches=24
[SRD rewrite] added patch=21, position=(0.007, -0.214, -1.459), improvement=0.002464
[SRD rewrite] added patch=22, position=(-0.163, -0.317, -1.345), improvement=0.001986
[SRD rewrite] added patch=23, position=(-1.546, 0.384, -1.107), improvement=0.001497
SRD step 550: evaluated 27 candidates, 19 promising, accepted 3
  Accepted AddPatch at patch 21, improvement=0.002464
  Accepted AddPatch at patch 22, improvement=0.001986
  Accepted AddPatch at patch 23, improvement=0.001497
  Total patches: 24, total adds: 27, total deletes: 13
  step 550/1000: loss=0.196145, patches=21
[SRD rewrite] deleted patch=23, position=(-1.516, 0.354, -1.136), reason=Area 0.005207 below minimum 0.01
[SRD rewrite] added patch=23, position=(-0.871, -0.166, 1.702), improvement=0.002066
[SRD rewrite] added patch=24, position=(-1.533, -0.203, -1.590), improvement=0.000978
[SRD rewrite] added patch=25, position=(-1.115, -0.248, -0.144), improvement=0.000696
SRD step 600: evaluated 27 candidates, 17 promising, accepted 4
  Accepted AddPatch at patch 23, improvement=0.002066
  Accepted AddPatch at patch 24, improvement=0.000978
  Accepted AddPatch at patch 25, improvement=0.000696
  Mandatory DeletePatch(23) at patch 23, reason=Area 0.005207 below minimum 0.01
  Total patches: 26, total adds: 30, total deletes: 14
  step 600/1000: loss=0.181277, patches=24
[SRD rewrite] deleted patch=25, position=(-0.975, -0.097, 0.058), reason=Area 0.000394 below minimum 0.01
[SRD rewrite] deleted patch=18, position=(-1.578, 0.071, 1.361), reason=Area 0.006263 below minimum 0.01
SRD step 650: evaluated 27 candidates, 0 promising, accepted 2
  Mandatory DeletePatch(18) at patch 18, reason=Area 0.006263 below minimum 0.01
  Mandatory DeletePatch(25) at patch 25, reason=Area 0.000394 below minimum 0.01
  Total patches: 24, total adds: 30, total deletes: 16
  step 650/1000: loss=0.168910, patches=26
SRD step 700: evaluated 27 candidates, 0 promising, accepted 0
  Total patches: 24, total adds: 30, total deletes: 16
  step 700/1000: loss=0.172842, patches=24
[SRD rewrite] deleted patch=23, position=(-1.481, -0.187, -1.651), reason=Area 0.009112 below minimum 0.01
[SRD rewrite] deleted patch=9, position=(1.300, 0.436, -0.778), reason=Area 0.006861 below minimum 0.01
SRD step 750: evaluated 27 candidates, 0 promising, accepted 2
  Mandatory DeletePatch(9) at patch 9, reason=Area 0.006861 below minimum 0.01
  Mandatory DeletePatch(23) at patch 23, reason=Area 0.009112 below minimum 0.01
  Total patches: 22, total adds: 30, total deletes: 18
  step 750/1000: loss=0.176596, patches=24
[SRD rewrite] added patch=22, position=(1.534, -0.229, -0.543), improvement=0.002144
[SRD rewrite] added patch=23, position=(0.016, 0.150, 0.540), improvement=0.001713
[SRD rewrite] restored patch=24, position=(-1.101, -0.448, -0.810), improvement=0.001451
SRD step 800: evaluated 27 candidates, 8 promising, accepted 3
  Accepted AddPatch at patch 22, improvement=0.002144
  Accepted AddPatch at patch 23, improvement=0.001713
  Accepted RestorePatch(6) at patch 24, improvement=0.001451
  Total patches: 25, total adds: 33, total deletes: 18
  step 800/1000: loss=0.176645, patches=22
[SRD rewrite] deleted patch=24, position=(-1.101, -0.448, -0.810), reason=Area 0.000428 below minimum 0.01
[SRD rewrite] deleted patch=23, position=(-0.121, 0.160, 0.384), reason=Area 0.000146 below minimum 0.01
[SRD rewrite] deleted patch=12, position=(-0.362, -0.120, 0.510), reason=Area 0.002095 below minimum 0.01
SRD step 850: evaluated 27 candidates, 0 promising, accepted 3
  Mandatory DeletePatch(12) at patch 12, reason=Area 0.002095 below minimum 0.01
  Mandatory DeletePatch(23) at patch 23, reason=Area 0.000146 below minimum 0.01
  Mandatory DeletePatch(24) at patch 24, reason=Area 0.000428 below minimum 0.01
  Total patches: 22, total adds: 33, total deletes: 21
  step 850/1000: loss=0.158078, patches=25
[SRD rewrite] deleted patch=18, position=(0.162, 0.027, -2.011), reason=Area 0.007857 below minimum 0.01
[SRD rewrite] added patch=21, position=(-0.007, 0.092, 1.611), improvement=0.000249
[SRD rewrite] added patch=22, position=(-1.383, -0.557, 1.780), improvement=0.000248
SRD step 900: evaluated 27 candidates, 2 promising, accepted 3
  Accepted AddPatch at patch 21, improvement=0.000249
  Accepted AddPatch at patch 22, improvement=0.000248
  Mandatory DeletePatch(18) at patch 18, reason=Area 0.007857 below minimum 0.01
  Total patches: 23, total adds: 35, total deletes: 22
  step 900/1000: loss=0.153319, patches=22
[SRD rewrite] deleted patch=21, position=(-0.063, 0.095, 1.531), reason=Area 0.003619 below minimum 0.01
[SRD rewrite] deleted patch=19, position=(-1.046, 0.009, 1.711), reason=Area 0.007590 below minimum 0.01
SRD step 950: evaluated 27 candidates, 0 promising, accepted 2
  Mandatory DeletePatch(19) at patch 19, reason=Area 0.007590 below minimum 0.01
  Mandatory DeletePatch(21) at patch 21, reason=Area 0.003619 below minimum 0.01
  Total patches: 21, total adds: 35, total deletes: 24
  step 950/1000: loss=0.140063, patches=23
SRD step 1000: evaluated 27 candidates, 0 promising, accepted 0
  Total patches: 21, total adds: 35, total deletes: 24
  step 1000/1000: loss=0.139366, patches=21
[SRD rewrite] deleted patch=15, position=(1.908, 1.614, -1.077), reason=final deletion pass improved loss
[Trial 1] done: loss=0.138084, time=4063.3s
[Trial 2/3] seed=1
[SRD rewrite] added patch=10, position=(0.737, 0.523, 0.848), improvement=0.019705
[SRD rewrite] added patch=11, position=(0.808, 0.495, -0.864), improvement=0.019529
[SRD rewrite] added patch=12, position=(-0.568, 0.031, -0.008), improvement=0.018533
SRD step 50: evaluated 27 candidates, 21 promising, accepted 3
  Accepted AddPatch at patch 10, improvement=0.019705
  Accepted AddPatch at patch 11, improvement=0.019529
  Accepted AddPatch at patch 12, improvement=0.018533
  Total patches: 13, total adds: 3, total deletes: 0
  step 50/1000: loss=0.825470, patches=10
[SRD rewrite] split patch=8, children=12,13, improvement=0.020234
[SRD rewrite] added patch=14, position=(0.794, -0.030, 0.281), improvement=0.017235
[SRD rewrite] added patch=15, position=(1.021, 0.290, -1.280), improvement=0.015839
SRD step 100: evaluated 27 candidates, 23 promising, accepted 3
  Accepted SplitPatch(8) at patch 8, improvement=0.020234
  Accepted AddPatch at patch 14, improvement=0.017235
  Accepted AddPatch at patch 15, improvement=0.015839
  Total patches: 16, total adds: 6, total deletes: 0
  step 100/1000: loss=0.612144, patches=13
[SRD rewrite] deleted patch=15, position=(1.168, 0.391, -1.426), reason=Area 0.000251 below minimum 0.01
[SRD rewrite] deleted patch=14, position=(0.794, -0.030, 0.281), reason=Area 0.009291 below minimum 0.01
[SRD rewrite] deleted patch=13, position=(-0.161, -0.386, -2.012), reason=Area 0.002282 below minimum 0.01
[SRD rewrite] deleted patch=12, position=(0.020, -0.343, -1.994), reason=Area 0.005560 below minimum 0.01
[SRD rewrite] added patch=12, position=(1.266, 1.061, 0.355), improvement=0.011718
[SRD rewrite] added patch=13, position=(0.822, 0.893, 0.074), improvement=0.009896
[SRD rewrite] restored patch=14, position=(0.794, -0.030, 0.281), improvement=0.009702
SRD step 150: evaluated 27 candidates, 25 promising, accepted 7
  Accepted AddPatch at patch 12, improvement=0.011718
  Accepted AddPatch at patch 13, improvement=0.009896
  Accepted RestorePatch(2) at patch 14, improvement=0.009702
  Mandatory DeletePatch(12) at patch 12, reason=Area 0.005560 below minimum 0.01
  Mandatory DeletePatch(13) at patch 13, reason=Area 0.002282 below minimum 0.01
  Mandatory DeletePatch(14) at patch 14, reason=Area 0.009291 below minimum 0.01
  Mandatory DeletePatch(15) at patch 15, reason=Area 0.000251 below minimum 0.01
  Total patches: 15, total adds: 9, total deletes: 4
  step 150/1000: loss=0.461973, patches=16
[SRD rewrite] added patch=15, position=(1.438, 1.096, 0.028), improvement=0.008478
[SRD rewrite] added patch=16, position=(1.227, 1.067, 0.103), improvement=0.008145
[SRD rewrite] added patch=17, position=(0.573, 0.781, 0.062), improvement=0.008088
SRD step 200: evaluated 27 candidates, 20 promising, accepted 3
  Accepted AddPatch at patch 15, improvement=0.008478
  Accepted AddPatch at patch 16, improvement=0.008145
  Accepted AddPatch at patch 17, improvement=0.008088
  Total patches: 18, total adds: 12, total deletes: 4
  step 200/1000: loss=0.355860, patches=15
[SRD rewrite] deleted patch=17, position=(0.396, 0.869, 0.092), reason=Area 0.000361 below minimum 0.01
[SRD rewrite] deleted patch=16, position=(1.341, 1.024, 0.072), reason=Area 0.000254 below minimum 0.01
[SRD rewrite] added patch=16, position=(1.368, -0.161, -0.018), improvement=0.002260
[SRD rewrite] added patch=17, position=(0.386, 0.531, 1.358), improvement=0.002057
[SRD rewrite] added patch=18, position=(-1.075, -1.054, -1.383), improvement=0.001923
SRD step 250: evaluated 27 candidates, 7 promising, accepted 5
  Accepted AddPatch at patch 16, improvement=0.002260
  Accepted AddPatch at patch 17, improvement=0.002057
  Accepted AddPatch at patch 18, improvement=0.001923
  Mandatory DeletePatch(16) at patch 16, reason=Area 0.000254 below minimum 0.01
  Mandatory DeletePatch(17) at patch 17, reason=Area 0.000361 below minimum 0.01
  Total patches: 19, total adds: 15, total deletes: 6
  step 250/1000: loss=0.297175, patches=18
[SRD rewrite] deleted patch=17, position=(0.402, 0.547, 1.350), reason=Area 0.005301 below minimum 0.01
[SRD rewrite] deleted patch=15, position=(1.717, 1.168, 0.054), reason=Area 0.001945 below minimum 0.01
[SRD rewrite] deleted patch=11, position=(0.050, 0.435, 0.261), reason=delete has no image effect
[SRD rewrite] restored patch=16, position=(0.402, 0.547, 1.350), improvement=0.003908
[SRD rewrite] added patch=17, position=(-1.154, -0.433, 0.266), improvement=0.003281
[SRD rewrite] added patch=18, position=(1.656, -0.492, 0.748), improvement=0.002835
SRD step 300: evaluated 27 candidates, 26 promising, accepted 6
  Accepted RestorePatch(6) at patch 16, improvement=0.003908
  Accepted AddPatch at patch 17, improvement=0.003281
  Accepted AddPatch at patch 18, improvement=0.002835
  Mandatory DeletePatch(15) at patch 15, reason=Area 0.001945 below minimum 0.01
  Mandatory DeletePatch(17) at patch 17, reason=Area 0.005301 below minimum 0.01
  Mandatory DeletePatch(11) at patch 11, reason=delete has no image effect
  Total patches: 19, total adds: 18, total deletes: 9
  step 300/1000: loss=0.255258, patches=19
[SRD rewrite] deleted patch=17, position=(-1.205, -0.540, 0.191), reason=Area 0.000316 below minimum 0.01
[SRD rewrite] deleted patch=16, position=(0.426, 0.550, 1.338), reason=Area 0.004609 below minimum 0.01
SRD step 350: evaluated 27 candidates, 0 promising, accepted 2
  Mandatory DeletePatch(16) at patch 16, reason=Area 0.004609 below minimum 0.01
  Mandatory DeletePatch(17) at patch 17, reason=Area 0.000316 below minimum 0.01
  Total patches: 17, total adds: 18, total deletes: 11
  step 350/1000: loss=0.218934, patches=19
[SRD rewrite] deleted patch=13, position=(0.974, -0.107, 0.387), reason=Area 0.004425 below minimum 0.01
SRD step 400: evaluated 27 candidates, 0 promising, accepted 1
  Mandatory DeletePatch(13) at patch 13, reason=Area 0.004425 below minimum 0.01
  Total patches: 16, total adds: 18, total deletes: 12
  step 400/1000: loss=0.202735, patches=17
SRD step 450: evaluated 27 candidates, 0 promising, accepted 0
  Total patches: 16, total adds: 18, total deletes: 12
  step 450/1000: loss=0.201527, patches=16
SRD step 500: evaluated 27 candidates, 0 promising, accepted 0
  Total patches: 16, total adds: 18, total deletes: 12
  step 500/1000: loss=0.203814, patches=16
[SRD rewrite] added patch=16, position=(-2.233, 0.067, -1.557), improvement=0.000367
[SRD rewrite] added patch=17, position=(-1.943, 0.268, 0.030), improvement=0.000060
SRD step 550: evaluated 27 candidates, 2 promising, accepted 2
  Accepted AddPatch at patch 16, improvement=0.000367
  Accepted AddPatch at patch 17, improvement=0.000060
  Total patches: 18, total adds: 20, total deletes: 12
  step 550/1000: loss=0.213268, patches=16
[SRD rewrite] deleted patch=16, position=(-2.233, 0.067, -1.557), reason=Area 0.009291 below minimum 0.01
[SRD rewrite] added patch=17, position=(-2.292, -0.087, -1.637), improvement=0.000851
[SRD rewrite] restored patch=18, position=(0.050, 0.435, 0.261), improvement=0.000817
[SRD rewrite] added patch=19, position=(0.906, 0.892, 1.035), improvement=0.000288
SRD step 600: evaluated 27 candidates, 5 promising, accepted 4
  Accepted AddPatch at patch 17, improvement=0.000851
  Accepted RestorePatch(7) at patch 18, improvement=0.000817
  Accepted AddPatch at patch 19, improvement=0.000288
  Mandatory DeletePatch(16) at patch 16, reason=Area 0.009291 below minimum 0.01
  Total patches: 20, total adds: 23, total deletes: 13
  step 600/1000: loss=0.197148, patches=18
[SRD rewrite] deleted patch=19, position=(0.889, 0.878, 1.054), reason=Area 0.000347 below minimum 0.01
[SRD rewrite] deleted patch=1, position=(-0.460, 0.567, 0.703), reason=Area 0.008524 below minimum 0.01
SRD step 650: evaluated 27 candidates, 0 promising, accepted 2
  Mandatory DeletePatch(1) at patch 1, reason=Area 0.008524 below minimum 0.01
  Mandatory DeletePatch(19) at patch 19, reason=Area 0.000347 below minimum 0.01
  Total patches: 18, total adds: 23, total deletes: 15
  step 650/1000: loss=0.201973, patches=20
SRD step 700: evaluated 27 candidates, 0 promising, accepted 0
  Total patches: 18, total adds: 23, total deletes: 15
  step 700/1000: loss=0.218115, patches=18
SRD step 750: evaluated 27 candidates, 0 promising, accepted 0
  Total patches: 18, total adds: 23, total deletes: 15
  step 750/1000: loss=0.219454, patches=18
SRD step 800: evaluated 27 candidates, 0 promising, accepted 0
  Total patches: 18, total adds: 23, total deletes: 15
  step 800/1000: loss=0.225608, patches=18
SRD step 850: evaluated 27 candidates, 0 promising, accepted 0
  Total patches: 18, total adds: 23, total deletes: 15
  step 850/1000: loss=0.222864, patches=18
SRD step 900: evaluated 27 candidates, 0 promising, accepted 0
  Total patches: 18, total adds: 23, total deletes: 15
  step 900/1000: loss=0.226608, patches=18
[SRD rewrite] restored patch=18, position=(-0.460, 0.567, 0.703), improvement=0.000186
[SRD rewrite] added patch=19, position=(0.954, -0.017, 1.299), improvement=0.000163
[SRD rewrite] added patch=20, position=(1.077, -0.095, 0.112), improvement=0.000070
SRD step 950: evaluated 27 candidates, 3 promising, accepted 3
  Accepted RestorePatch(12) at patch 18, improvement=0.000186
  Accepted AddPatch at patch 19, improvement=0.000163
  Accepted AddPatch at patch 20, improvement=0.000070
  Total patches: 21, total adds: 26, total deletes: 15
  step 950/1000: loss=0.232027, patches=18
[SRD rewrite] deleted patch=20, position=(1.199, -0.177, 0.151), reason=Area 0.000233 below minimum 0.01
[SRD rewrite] deleted patch=19, position=(1.015, -0.072, 1.332), reason=Area 0.002180 below minimum 0.01
SRD step 1000: evaluated 27 candidates, 0 promising, accepted 2
  Mandatory DeletePatch(19) at patch 19, reason=Area 0.002180 below minimum 0.01
  Mandatory DeletePatch(20) at patch 20, reason=Area 0.000233 below minimum 0.01
  Total patches: 19, total adds: 26, total deletes: 17
  step 1000/1000: loss=0.226468, patches=21
[SRD rewrite] deleted patch=0, position=(0.279, 0.300, -2.098), reason=final deletion pass improved loss
[SRD rewrite] deleted patch=9, position=(1.704, -0.071, -1.915), reason=final deletion pass improved loss
[SRD rewrite] deleted patch=9, position=(1.410, 0.991, -0.736), reason=final deletion pass improved loss
[Trial 2] done: loss=0.193761, time=3232.6s
[Trial 3/3] seed=2
[SRD rewrite] split patch=9, children=9,10, improvement=0.029540
[SRD rewrite] split patch=7, children=10,11, improvement=0.035906
[SRD rewrite] split patch=0, children=11,12, improvement=0.033763
SRD step 50: evaluated 27 candidates, 21 promising, accepted 3
  Accepted SplitPatch(7) at patch 7, improvement=0.035906
  Accepted SplitPatch(0) at patch 0, improvement=0.033763
  Accepted SplitPatch(9) at patch 9, improvement=0.029540
  Total patches: 13, total adds: 3, total deletes: 0
  step 50/1000: loss=0.821532, patches=10
[SRD rewrite] deleted patch=12, position=(0.868, -1.350, 0.280), reason=Area 0.009574 below minimum 0.01
[SRD rewrite] deleted patch=11, position=(1.084, -1.344, 0.210), reason=Area 0.003894 below minimum 0.01
[SRD rewrite] deleted patch=10, position=(-2.088, 0.066, 1.115), reason=Area 0.003637 below minimum 0.01
[SRD rewrite] deleted patch=9, position=(-1.976, 0.009, 1.342), reason=Area 0.001073 below minimum 0.01
[SRD rewrite] deleted patch=8, position=(1.445, -0.229, -1.911), reason=Area 0.003589 below minimum 0.01
[SRD rewrite] deleted patch=7, position=(1.357, -0.009, -1.929), reason=Area 0.001824 below minimum 0.01
[SRD rewrite] added patch=7, position=(0.822, 0.094, 0.953), improvement=0.003038
[SRD rewrite] added patch=8, position=(0.854, 0.683, -0.537), improvement=0.002971
[SRD rewrite] restored patch=9, position=(0.868, -1.350, 0.280), improvement=0.002783
SRD step 100: evaluated 27 candidates, 9 promising, accepted 9
  Accepted AddPatch at patch 7, improvement=0.003038
  Accepted AddPatch at patch 8, improvement=0.002971
  Accepted RestorePatch(3) at patch 9, improvement=0.002783
  Mandatory DeletePatch(7) at patch 7, reason=Area 0.001824 below minimum 0.01
  Mandatory DeletePatch(8) at patch 8, reason=Area 0.003589 below minimum 0.01
  Mandatory DeletePatch(9) at patch 9, reason=Area 0.001073 below minimum 0.01
  Mandatory DeletePatch(10) at patch 10, reason=Area 0.003637 below minimum 0.01
  Mandatory DeletePatch(11) at patch 11, reason=Area 0.003894 below minimum 0.01
  Mandatory DeletePatch(12) at patch 12, reason=Area 0.009574 below minimum 0.01
  Total patches: 10, total adds: 6, total deletes: 6
  step 100/1000: loss=0.559959, patches=13
[SRD rewrite] added patch=10, position=(1.107, 1.073, -0.496), improvement=0.011749
[SRD rewrite] added patch=11, position=(0.739, 0.554, -1.121), improvement=0.011635
[SRD rewrite] added patch=12, position=(1.091, 0.890, -0.515), improvement=0.011466
SRD step 150: evaluated 27 candidates, 16 promising, accepted 3
  Accepted AddPatch at patch 10, improvement=0.011749
  Accepted AddPatch at patch 11, improvement=0.011635
  Accepted AddPatch at patch 12, improvement=0.011466
  Total patches: 13, total adds: 9, total deletes: 6
  step 150/1000: loss=0.464393, patches=10
[SRD rewrite] deleted patch=12, position=(1.256, 1.010, -0.434), reason=Area 0.005764 below minimum 0.01
[SRD rewrite] added patch=12, position=(0.760, 0.022, 1.040), improvement=0.006023
[SRD rewrite] added patch=13, position=(1.065, 0.749, -1.092), improvement=0.005854
[SRD rewrite] added patch=14, position=(-0.522, -0.185, 1.531), improvement=0.005713
SRD step 200: evaluated 27 candidates, 11 promising, accepted 4
  Accepted AddPatch at patch 12, improvement=0.006023
  Accepted AddPatch at patch 13, improvement=0.005854
  Accepted AddPatch at patch 14, improvement=0.005713
  Mandatory DeletePatch(12) at patch 12, reason=Area 0.005764 below minimum 0.01
  Total patches: 15, total adds: 12, total deletes: 7
  step 200/1000: loss=0.386373, patches=13
[SRD rewrite] deleted patch=12, position=(0.701, -0.100, 1.107), reason=Area 0.002326 below minimum 0.01
[SRD rewrite] added patch=14, position=(-0.640, 0.037, 1.285), improvement=0.004724
[SRD rewrite] added patch=15, position=(0.829, 0.856, -1.074), improvement=0.004271
[SRD rewrite] added patch=16, position=(1.091, 1.140, -0.164), improvement=0.003919
SRD step 250: evaluated 27 candidates, 16 promising, accepted 4
  Accepted AddPatch at patch 14, improvement=0.004724
  Accepted AddPatch at patch 15, improvement=0.004271
  Accepted AddPatch at patch 16, improvement=0.003919
  Mandatory DeletePatch(12) at patch 12, reason=Area 0.002326 below minimum 0.01
  Total patches: 17, total adds: 15, total deletes: 8
  step 250/1000: loss=0.324807, patches=15
[SRD rewrite] deleted patch=16, position=(1.221, 1.281, -0.125), reason=Area 0.000274 below minimum 0.01
[SRD rewrite] deleted patch=15, position=(0.774, 0.987, -1.114), reason=Area 0.000653 below minimum 0.01
[SRD rewrite] deleted patch=12, position=(1.082, 0.916, -1.033), reason=Area 0.004296 below minimum 0.01
[SRD rewrite] deleted patch=10, position=(1.137, 1.301, -0.348), reason=Area 0.003988 below minimum 0.01
SRD step 300: evaluated 27 candidates, 0 promising, accepted 4
  Mandatory DeletePatch(10) at patch 10, reason=Area 0.003988 below minimum 0.01
  Mandatory DeletePatch(12) at patch 12, reason=Area 0.004296 below minimum 0.01
  Mandatory DeletePatch(15) at patch 15, reason=Area 0.000653 below minimum 0.01
  Mandatory DeletePatch(16) at patch 16, reason=Area 0.000274 below minimum 0.01
  Total patches: 13, total adds: 15, total deletes: 12
  step 300/1000: loss=0.267726, patches=17
[SRD rewrite] added patch=13, position=(0.441, -0.147, -1.159), improvement=0.003714
[SRD rewrite] restored patch=14, position=(0.774, 0.987, -1.114), improvement=0.003368
[SRD rewrite] added patch=15, position=(-1.408, -0.083, -0.483), improvement=0.003173
SRD step 350: evaluated 27 candidates, 21 promising, accepted 3
  Accepted AddPatch at patch 13, improvement=0.003714
  Accepted RestorePatch(11) at patch 14, improvement=0.003368
  Accepted AddPatch at patch 15, improvement=0.003173
  Total patches: 16, total adds: 18, total deletes: 12
  step 350/1000: loss=0.252770, patches=13
[SRD rewrite] deleted patch=15, position=(-1.380, 0.040, -0.626), reason=Area 0.000393 below minimum 0.01
[SRD rewrite] deleted patch=14, position=(0.861, 1.097, -1.215), reason=Area 0.000290 below minimum 0.01
[SRD rewrite] deleted patch=13, position=(0.583, -0.250, -1.321), reason=Area 0.000129 below minimum 0.01
[SRD rewrite] deleted patch=10, position=(0.371, 0.976, -1.113), reason=Area 0.005978 below minimum 0.01
SRD step 400: evaluated 27 candidates, 0 promising, accepted 4
  Mandatory DeletePatch(10) at patch 10, reason=Area 0.005978 below minimum 0.01
  Mandatory DeletePatch(13) at patch 13, reason=Area 0.000129 below minimum 0.01
  Mandatory DeletePatch(14) at patch 14, reason=Area 0.000290 below minimum 0.01
  Mandatory DeletePatch(15) at patch 15, reason=Area 0.000393 below minimum 0.01
  Total patches: 12, total adds: 18, total deletes: 16
  step 400/1000: loss=0.226072, patches=16
[SRD rewrite] added patch=12, position=(-1.424, -0.260, -1.321), improvement=0.003217
[SRD rewrite] added patch=13, position=(-1.481, -0.207, -1.854), improvement=0.002841
[SRD rewrite] added patch=14, position=(-1.618, 0.024, 1.369), improvement=0.002182
SRD step 450: evaluated 27 candidates, 17 promising, accepted 3
  Accepted AddPatch at patch 12, improvement=0.003217
  Accepted AddPatch at patch 13, improvement=0.002841
  Accepted AddPatch at patch 14, improvement=0.002182
  Total patches: 15, total adds: 21, total deletes: 16
  step 450/1000: loss=0.218809, patches=12
[SRD rewrite] deleted patch=14, position=(-1.567, -0.006, 1.385), reason=Area 0.000293 below minimum 0.01
SRD step 500: evaluated 27 candidates, 0 promising, accepted 1
  Mandatory DeletePatch(14) at patch 14, reason=Area 0.000293 below minimum 0.01
  Total patches: 14, total adds: 21, total deletes: 17
  step 500/1000: loss=0.186888, patches=15
SRD step 550: evaluated 27 candidates, 0 promising, accepted 0
  Total patches: 14, total adds: 21, total deletes: 17
  step 550/1000: loss=0.184075, patches=14
[SRD rewrite] added patch=14, position=(-1.155, 0.001, -1.473), improvement=0.001706
[SRD rewrite] added patch=15, position=(-0.891, 0.052, 1.485), improvement=0.001418
[SRD rewrite] added patch=16, position=(0.952, 0.620, -1.125), improvement=0.001234
SRD step 600: evaluated 27 candidates, 6 promising, accepted 3
  Accepted AddPatch at patch 14, improvement=0.001706
  Accepted AddPatch at patch 15, improvement=0.001418
  Accepted AddPatch at patch 16, improvement=0.001234
  Total patches: 17, total adds: 24, total deletes: 17
  step 600/1000: loss=0.188516, patches=14
[SRD rewrite] deleted patch=16, position=(0.920, 0.638, -1.113), reason=Area 0.000594 below minimum 0.01
[SRD rewrite] deleted patch=14, position=(-1.131, -0.015, -1.530), reason=Area 0.002955 below minimum 0.01
SRD step 650: evaluated 27 candidates, 0 promising, accepted 2
  Mandatory DeletePatch(14) at patch 14, reason=Area 0.002955 below minimum 0.01
  Mandatory DeletePatch(16) at patch 16, reason=Area 0.000594 below minimum 0.01
  Total patches: 15, total adds: 24, total deletes: 19
  step 650/1000: loss=0.184893, patches=17
SRD step 700: evaluated 27 candidates, 0 promising, accepted 0
  Total patches: 15, total adds: 24, total deletes: 19
  step 700/1000: loss=0.178936, patches=15
SRD step 750: evaluated 27 candidates, 0 promising, accepted 0
  Total patches: 15, total adds: 24, total deletes: 19
  step 750/1000: loss=0.179835, patches=15
SRD step 800: evaluated 27 candidates, 0 promising, accepted 0
  Total patches: 15, total adds: 24, total deletes: 19
  step 800/1000: loss=0.182115, patches=15
[SRD rewrite] added patch=15, position=(1.111, 0.697, -1.076), improvement=0.001005
[SRD rewrite] added patch=16, position=(1.119, 0.794, -1.071), improvement=0.000780
[SRD rewrite] restored patch=17, position=(0.371, 0.976, -1.113), improvement=0.000660
SRD step 850: evaluated 27 candidates, 5 promising, accepted 3
  Accepted AddPatch at patch 15, improvement=0.001005
  Accepted AddPatch at patch 16, improvement=0.000780
  Accepted RestorePatch(16) at patch 17, improvement=0.000660
  Total patches: 18, total adds: 27, total deletes: 19
  step 850/1000: loss=0.182168, patches=15
[SRD rewrite] deleted patch=17, position=(0.454, 1.021, -1.039), reason=Area 0.002549 below minimum 0.01
[SRD rewrite] deleted patch=16, position=(1.038, 0.865, -1.040), reason=Area 0.000238 below minimum 0.01
[SRD rewrite] deleted patch=15, position=(1.020, 0.616, -1.049), reason=Area 0.000378 below minimum 0.01
SRD step 900: evaluated 27 candidates, 0 promising, accepted 3
  Mandatory DeletePatch(15) at patch 15, reason=Area 0.000378 below minimum 0.01
  Mandatory DeletePatch(16) at patch 16, reason=Area 0.000238 below minimum 0.01
  Mandatory DeletePatch(17) at patch 17, reason=Area 0.002549 below minimum 0.01
  Total patches: 15, total adds: 27, total deletes: 22
  step 900/1000: loss=0.176595, patches=18
[SRD rewrite] added patch=15, position=(-0.804, 2.489, -0.805), improvement=0.000624
[SRD rewrite] restored patch=16, position=(0.861, 1.097, -1.215), improvement=0.000510
[SRD rewrite] added patch=17, position=(-1.695, 0.231, -1.969), improvement=0.000472
SRD step 950: evaluated 27 candidates, 5 promising, accepted 3
  Accepted AddPatch at patch 15, improvement=0.000624
  Accepted RestorePatch(14) at patch 16, improvement=0.000510
  Accepted AddPatch at patch 17, improvement=0.000472
  Total patches: 18, total adds: 30, total deletes: 22
  step 950/1000: loss=0.183969, patches=15
[SRD rewrite] deleted patch=17, position=(-1.681, 0.240, -2.044), reason=Area 0.009128 below minimum 0.01
[SRD rewrite] deleted patch=16, position=(0.861, 1.097, -1.215), reason=Area 0.000290 below minimum 0.01
[SRD rewrite] deleted patch=15, position=(-0.804, 2.489, -0.805), reason=Area 0.009291 below minimum 0.01
SRD step 1000: evaluated 27 candidates, 0 promising, accepted 3
  Mandatory DeletePatch(15) at patch 15, reason=Area 0.009291 below minimum 0.01
  Mandatory DeletePatch(16) at patch 16, reason=Area 0.000290 below minimum 0.01
  Mandatory DeletePatch(17) at patch 17, reason=Area 0.009128 below minimum 0.01
  Total patches: 15, total adds: 30, total deletes: 25
  step 1000/1000: loss=0.177116, patches=18
[Trial 3] done: loss=0.178047, time=2714.0s
[Run] report written to results/slurm/20260718_0340/patchsize_horse_circle_10/patches_10/with_srd/with_srd.txt
[Swept volume] building (resolution=256)...
[Run] mode=full, trials=3, seeds=[0, 1, 2], steps=1000, srd=False, ablation_flags={'disable_swept_volume_adds': True, 'loss_only_deletion': True, 'disable_splitting': False}
[Trial 1/3] seed=0
[Patch] mapbox-earcut is not installed; falling back to fan fill, so non-convex pieces will render incorrectly. Install it with: pip install mapbox-earcut
  step 50/1000: loss=0.723919, patches=10
  step 100/1000: loss=0.531509, patches=10
  step 150/1000: loss=0.423038, patches=10
  step 200/1000: loss=0.379531, patches=10
  step 250/1000: loss=0.340849, patches=10
  step 300/1000: loss=0.322701, patches=10
  step 350/1000: loss=0.300744, patches=10
  step 400/1000: loss=0.276896, patches=10
  step 450/1000: loss=0.267086, patches=10
  step 500/1000: loss=0.253001, patches=10
  step 550/1000: loss=0.227175, patches=10
  step 600/1000: loss=0.200080, patches=10
  step 650/1000: loss=0.192919, patches=10
  step 700/1000: loss=0.190041, patches=10
  step 750/1000: loss=0.187850, patches=10
  step 800/1000: loss=0.186979, patches=10
  step 850/1000: loss=0.187501, patches=10
  step 900/1000: loss=0.187900, patches=10
  step 950/1000: loss=0.187615, patches=10
  step 1000/1000: loss=0.187296, patches=10
[Trial 1] done: loss=0.194266, time=518.4s
[Trial 2/3] seed=1
  step 50/1000: loss=0.825470, patches=10
  step 100/1000: loss=0.626009, patches=10
  step 150/1000: loss=0.510242, patches=10
  step 200/1000: loss=0.443881, patches=10
  step 250/1000: loss=0.392090, patches=10
  step 300/1000: loss=0.357637, patches=10
  step 350/1000: loss=0.317122, patches=10
  step 400/1000: loss=0.299023, patches=10
  step 450/1000: loss=0.288870, patches=10
  step 500/1000: loss=0.279652, patches=10
  step 550/1000: loss=0.273667, patches=10
  step 600/1000: loss=0.266132, patches=10
  step 650/1000: loss=0.259671, patches=10
  step 700/1000: loss=0.255299, patches=10
  step 750/1000: loss=0.251629, patches=10
  step 800/1000: loss=0.249664, patches=10
  step 850/1000: loss=0.243657, patches=10
  step 900/1000: loss=0.233783, patches=10
  step 950/1000: loss=0.229607, patches=10
  step 1000/1000: loss=0.228377, patches=10
[Trial 2] done: loss=0.227935, time=519.9s
[Trial 3/3] seed=2
  step 50/1000: loss=0.821532, patches=10
  step 100/1000: loss=0.598368, patches=10
  step 150/1000: loss=0.515004, patches=10
  step 200/1000: loss=0.436884, patches=10
  step 250/1000: loss=0.403821, patches=10
  step 300/1000: loss=0.389921, patches=10
  step 350/1000: loss=0.362566, patches=10
  step 400/1000: loss=0.353218, patches=10
  step 450/1000: loss=0.346341, patches=10
  step 500/1000: loss=0.347550, patches=10
  step 550/1000: loss=0.343510, patches=10
  step 600/1000: loss=0.344937, patches=10
  step 650/1000: loss=0.346436, patches=10
  step 700/1000: loss=0.344876, patches=10
  step 750/1000: loss=0.345519, patches=10
  step 800/1000: loss=0.338691, patches=10
  step 850/1000: loss=0.340017, patches=10
  step 900/1000: loss=0.341045, patches=10
  step 950/1000: loss=0.336545, patches=10
  step 1000/1000: loss=0.330523, patches=10
[Trial 3] done: loss=0.330823, time=503.5s
[Run] report written to results/slurm/20260718_0340/patchsize_horse_circle_10/patches_10/without_srd/without_srd.txt

======================================================================
Running 3 trials WITH SRD
======================================================================


======================================================================
Running 3 trials WITHOUT SRD
======================================================================


[Comparison] report written to results/slurm/20260718_0340/patchsize_horse_circle_10/patches_10/comparison.txt

======================================================================
SRD Patch Size Comparison
======================================================================
Started: 2026-07-18T04:38:27
Patch sizes: [10]
Trials per size: 3
Steps per trial: 1000
Output directory: results/slurm/20260718_0340/patchsize_horse_circle_10
======================================================================


======================================================================
Running comparison with 10 initial patches
  Target 1: images/horse.png
  Target 2: images/circle.png
  Trials: 3, Steps: 1000
======================================================================

[OK] Comparison with 10 patches completed successfully

======================================================================
Comparison Summary
======================================================================
Successful: 1/1
Total time: 13057.6 seconds (3.63 hours)
Summary report: results/slurm/20260718_0340/patchsize_horse_circle_10/SUMMARY.txt
======================================================================

