[Swept volume] building (resolution=108)...
[Run] mode=ablation, trials=3, seeds=[0, 1, 2], steps=2000, srd=True, ablation_flags={'disable_swept_volume_adds': True, 'loss_only_deletion': True, 'disable_splitting': True}
[Trial 1/3] seed=0
[Patch] mapbox-earcut is not installed; falling back to fan fill, so non-convex pieces will render incorrectly. Install it with: pip install mapbox-earcut
[SRD rewrite] deleted patch=12, position=(1.819, 0.400, -1.552), reason=accepted rewrite
[SRD rewrite] deleted patch=4, position=(-2.211, -0.350, -1.865), reason=accepted rewrite
[SRD rewrite] deleted patch=3, position=(-2.326, -0.264, -1.435), reason=accepted rewrite
[SRD rewrite] added patch=17, position=(1.076, 0.514, 0.224), improvement=0.023976
[SRD rewrite] added patch=18, position=(0.381, 0.460, 0.361), improvement=0.023498
[SRD rewrite] added patch=19, position=(-1.234, -0.168, -1.278), improvement=0.023087
SRD step 50: evaluated 32 candidates, 31 promising, accepted 6
  Accepted AddPatch at patch 17, improvement=0.023976
  Accepted AddPatch at patch 18, improvement=0.023498
  Accepted AddPatch at patch 19, improvement=0.023087
  Accepted DeletePatch(4) at patch 4, improvement=0.019801
  Accepted DeletePatch(12) at patch 12, improvement=0.015305
  Accepted DeletePatch(3) at patch 3, improvement=0.006338
  Total patches: 20, total adds: 3, total deletes: 3
  step 50/2000: loss=0.579603, patches=20
[SRD rewrite] deleted patch=17, position=(1.090, 0.502, 0.323), reason=accepted rewrite
[SRD rewrite] deleted patch=4, position=(-0.213, 0.329, -2.141), reason=accepted rewrite
[SRD rewrite] added patch=18, position=(-0.662, -0.321, 1.960), improvement=0.012851
[SRD rewrite] restored patch=19, position=(-2.326, -0.264, -1.435), improvement=0.012336
[SRD rewrite] added patch=20, position=(1.779, -2.441, -0.700), improvement=0.011798
SRD step 100: evaluated 32 candidates, 25 promising, accepted 5
  Accepted AddPatch at patch 18, improvement=0.012851
  Accepted RestorePatch(2) at patch 19, improvement=0.012336
  Accepted AddPatch at patch 20, improvement=0.011798
  Accepted DeletePatch(4) at patch 4, improvement=0.003089
  Accepted DeletePatch(17) at patch 17, improvement=0.000417
  Total patches: 21, total adds: 6, total deletes: 5
  step 100/2000: loss=0.404735, patches=20
[SRD rewrite] deleted patch=19, position=(-2.442, -0.221, -1.305), reason=accepted rewrite
[SRD rewrite] deleted patch=11, position=(-0.112, 0.109, -1.911), reason=accepted rewrite
[SRD rewrite] restored patch=19, position=(1.090, 0.502, 0.323), improvement=0.004562
[SRD rewrite] added patch=20, position=(1.078, -0.069, 1.043), improvement=0.004496
[SRD rewrite] added patch=21, position=(-1.011, -0.494, -1.897), improvement=0.003866
SRD step 150: evaluated 32 candidates, 23 promising, accepted 5
  Accepted DeletePatch(11) at patch 11, improvement=0.005804
  Accepted RestorePatch(2) at patch 19, improvement=0.004562
  Accepted AddPatch at patch 20, improvement=0.004496
  Accepted AddPatch at patch 21, improvement=0.003866
  Accepted DeletePatch(19) at patch 19, improvement=0.001200
  Total patches: 22, total adds: 9, total deletes: 7
  step 150/2000: loss=0.295989, patches=21
[SRD rewrite] deleted patch=14, position=(0.877, -1.074, 0.627), reason=accepted rewrite
[SRD rewrite] added patch=21, position=(-0.426, -0.697, 1.643), improvement=0.005449
[SRD rewrite] added patch=22, position=(2.427, 2.345, 2.025), improvement=0.003479
[SRD rewrite] added patch=23, position=(1.335, -2.451, -0.959), improvement=0.003270
SRD step 200: evaluated 32 candidates, 22 promising, accepted 4
  Accepted AddPatch at patch 21, improvement=0.005449
  Accepted DeletePatch(14) at patch 14, improvement=0.003804
  Accepted AddPatch at patch 22, improvement=0.003479
  Accepted AddPatch at patch 23, improvement=0.003270
  Total patches: 24, total adds: 12, total deletes: 8
  step 200/2000: loss=0.257661, patches=22
[SRD rewrite] added patch=24, position=(0.212, 2.456, -0.584), improvement=0.000349
[SRD rewrite] added patch=25, position=(1.669, 2.074, 0.836), improvement=0.000349
[SRD rewrite] added patch=26, position=(2.031, -2.457, 2.344), improvement=0.000349
SRD step 250: evaluated 32 candidates, 4 promising, accepted 3
  Accepted AddPatch at patch 24, improvement=0.000349
  Accepted AddPatch at patch 25, improvement=0.000349
  Accepted AddPatch at patch 26, improvement=0.000349
  Total patches: 27, total adds: 15, total deletes: 8
  step 250/2000: loss=0.212121, patches=24
[SRD rewrite] added patch=27, position=(2.204, -2.237, 0.481), improvement=0.001937
[SRD rewrite] added patch=28, position=(-0.501, 0.857, -0.776), improvement=0.001937
[SRD rewrite] added patch=29, position=(0.863, 0.145, -0.978), improvement=0.001931
SRD step 300: evaluated 32 candidates, 17 promising, accepted 3
  Accepted AddPatch at patch 27, improvement=0.001937
  Accepted AddPatch at patch 28, improvement=0.001937
  Accepted AddPatch at patch 29, improvement=0.001931
  Total patches: 30, total adds: 18, total deletes: 8
  step 300/2000: loss=0.183169, patches=27
SRD step 350: evaluated 32 candidates, 0 promising, accepted 0
  Total patches: 30, total adds: 18, total deletes: 8
  step 350/2000: loss=0.167520, patches=30
SRD step 400: evaluated 32 candidates, 0 promising, accepted 0
  Total patches: 30, total adds: 18, total deletes: 8
  step 400/2000: loss=0.164908, patches=30
SRD step 450: evaluated 32 candidates, 0 promising, accepted 0
  Total patches: 30, total adds: 18, total deletes: 8
  step 450/2000: loss=0.158482, patches=30
SRD step 500: evaluated 32 candidates, 0 promising, accepted 0
  Total patches: 30, total adds: 18, total deletes: 8
  step 500/2000: loss=0.152834, patches=30
SRD step 550: evaluated 32 candidates, 0 promising, accepted 0
  Total patches: 30, total adds: 18, total deletes: 8
  step 550/2000: loss=0.149789, patches=30
SRD step 600: evaluated 32 candidates, 0 promising, accepted 0
  Total patches: 30, total adds: 18, total deletes: 8
  step 600/2000: loss=0.141699, patches=30
SRD step 650: evaluated 32 candidates, 0 promising, accepted 0
  Total patches: 30, total adds: 18, total deletes: 8
  step 650/2000: loss=0.133381, patches=30
[SRD rewrite] added patch=30, position=(-0.071, 2.305, 0.639), improvement=0.002176
[SRD rewrite] added patch=31, position=(0.538, -0.650, 0.423), improvement=0.001747
[SRD rewrite] added patch=32, position=(-0.914, 2.396, 0.748), improvement=0.001696
SRD step 700: evaluated 32 candidates, 16 promising, accepted 3
  Accepted AddPatch at patch 30, improvement=0.002176
  Accepted AddPatch at patch 31, improvement=0.001747
  Accepted AddPatch at patch 32, improvement=0.001696
  Total patches: 33, total adds: 21, total deletes: 8
  step 700/2000: loss=0.126052, patches=30
SRD step 750: evaluated 32 candidates, 0 promising, accepted 0
  Total patches: 33, total adds: 21, total deletes: 8
  step 750/2000: loss=0.119720, patches=33
SRD step 800: evaluated 32 candidates, 0 promising, accepted 0
  Total patches: 33, total adds: 21, total deletes: 8
  step 800/2000: loss=0.117308, patches=33
SRD step 850: evaluated 32 candidates, 0 promising, accepted 0
  Total patches: 33, total adds: 21, total deletes: 8
  step 850/2000: loss=0.131324, patches=33
[SRD rewrite] added patch=33, position=(-0.952, 1.320, -0.258), improvement=0.000081
SRD step 900: evaluated 32 candidates, 1 promising, accepted 1
  Accepted AddPatch at patch 33, improvement=0.000081
  Total patches: 34, total adds: 22, total deletes: 8
  step 900/2000: loss=0.132039, patches=33
SRD step 950: evaluated 32 candidates, 0 promising, accepted 0
  Total patches: 34, total adds: 22, total deletes: 8
  step 950/2000: loss=0.123787, patches=34
SRD step 1000: evaluated 32 candidates, 0 promising, accepted 0
  Total patches: 34, total adds: 22, total deletes: 8
  step 1000/2000: loss=0.120925, patches=34
SRD step 1050: evaluated 32 candidates, 0 promising, accepted 0
  Total patches: 34, total adds: 22, total deletes: 8
  step 1050/2000: loss=0.116212, patches=34
SRD step 1100: evaluated 32 candidates, 0 promising, accepted 0
  Total patches: 34, total adds: 22, total deletes: 8
  step 1100/2000: loss=0.105370, patches=34
SRD step 1150: evaluated 32 candidates, 0 promising, accepted 0
  Total patches: 34, total adds: 22, total deletes: 8
  step 1150/2000: loss=0.117517, patches=34
SRD step 1200: evaluated 32 candidates, 0 promising, accepted 0
  Total patches: 34, total adds: 22, total deletes: 8
  step 1200/2000: loss=0.111449, patches=34
SRD step 1250: evaluated 32 candidates, 0 promising, accepted 0
  Total patches: 34, total adds: 22, total deletes: 8
  step 1250/2000: loss=0.108544, patches=34
[SRD rewrite] added patch=34, position=(1.486, -1.928, 2.327), improvement=0.003074
[SRD rewrite] added patch=35, position=(-0.615, -0.062, -1.491), improvement=0.003046
[SRD rewrite] added patch=36, position=(-1.259, -2.137, 1.799), improvement=0.002627
SRD step 1300: evaluated 32 candidates, 20 promising, accepted 3
  Accepted AddPatch at patch 34, improvement=0.003074
  Accepted AddPatch at patch 35, improvement=0.003046
  Accepted AddPatch at patch 36, improvement=0.002627
  Total patches: 37, total adds: 25, total deletes: 8
  step 1300/2000: loss=0.115814, patches=34
[SRD rewrite] added patch=37, position=(2.108, -2.461, 0.445), improvement=0.001175
[SRD rewrite] added patch=38, position=(0.483, 2.201, 1.472), improvement=0.001175
[SRD rewrite] added patch=39, position=(-0.122, 0.986, -0.337), improvement=0.000070
SRD step 1350: evaluated 32 candidates, 4 promising, accepted 3
  Accepted AddPatch at patch 37, improvement=0.001175
  Accepted AddPatch at patch 38, improvement=0.001175
  Accepted AddPatch at patch 39, improvement=0.000070
  Total patches: 40, total adds: 28, total deletes: 8
  step 1350/2000: loss=0.115631, patches=37
SRD step 1400: evaluated 32 candidates, 0 promising, accepted 0
  Total patches: 40, total adds: 28, total deletes: 8
  step 1400/2000: loss=0.109819, patches=40
SRD step 1450: evaluated 32 candidates, 0 promising, accepted 0
  Total patches: 40, total adds: 28, total deletes: 8
  step 1450/2000: loss=0.108456, patches=40
SRD step 1500: evaluated 32 candidates, 0 promising, accepted 0
  Total patches: 40, total adds: 28, total deletes: 8
  step 1500/2000: loss=0.104903, patches=40
SRD step 1550: evaluated 32 candidates, 0 promising, accepted 0
  Total patches: 40, total adds: 28, total deletes: 8
  step 1550/2000: loss=0.104566, patches=40
[SRD rewrite] added patch=40, position=(2.313, -1.888, 2.162), improvement=0.000738
[SRD rewrite] added patch=41, position=(2.381, -0.671, 2.352), improvement=0.000738
[SRD rewrite] added patch=42, position=(2.276, 0.268, 2.183), improvement=0.000738
SRD step 1600: evaluated 32 candidates, 10 promising, accepted 3
  Accepted AddPatch at patch 40, improvement=0.000738
  Accepted AddPatch at patch 41, improvement=0.000738
  Accepted AddPatch at patch 42, improvement=0.000738
  Total patches: 43, total adds: 31, total deletes: 8
  step 1600/2000: loss=0.103531, patches=40
SRD step 1650: evaluated 32 candidates, 0 promising, accepted 0
  Total patches: 43, total adds: 31, total deletes: 8
  step 1650/2000: loss=0.105841, patches=43
SRD step 1700: evaluated 32 candidates, 0 promising, accepted 0
  Total patches: 43, total adds: 31, total deletes: 8
  step 1700/2000: loss=0.104216, patches=43
SRD step 1750: evaluated 32 candidates, 0 promising, accepted 0
  Total patches: 43, total adds: 31, total deletes: 8
  step 1750/2000: loss=0.117936, patches=43
[SRD rewrite] added patch=43, position=(0.098, 0.642, 0.684), improvement=0.000183
[SRD rewrite] added patch=44, position=(-0.996, -2.467, 1.289), improvement=0.000083
[SRD rewrite] added patch=45, position=(-0.508, 0.620, -0.018), improvement=0.000062
SRD step 1800: evaluated 32 candidates, 4 promising, accepted 3
  Accepted AddPatch at patch 43, improvement=0.000183
  Accepted AddPatch at patch 44, improvement=0.000083
  Accepted AddPatch at patch 45, improvement=0.000062
  Total patches: 46, total adds: 34, total deletes: 8
  step 1800/2000: loss=0.115955, patches=43
[SRD rewrite] deleted patch=1, position=(1.220, -1.504, 2.282), reason=accepted rewrite
SRD step 1850: evaluated 32 candidates, 1 promising, accepted 1
  Accepted DeletePatch(1) at patch 1, improvement=0.000525
  Total patches: 45, total adds: 34, total deletes: 9
  step 1850/2000: loss=0.107690, patches=46
SRD step 1900: evaluated 32 candidates, 0 promising, accepted 0
  Total patches: 45, total adds: 34, total deletes: 9
  step 1900/2000: loss=0.104006, patches=45
SRD step 1950: evaluated 32 candidates, 0 promising, accepted 0
  Total patches: 45, total adds: 34, total deletes: 9
  step 1950/2000: loss=0.097602, patches=45
SRD step 2000: evaluated 32 candidates, 0 promising, accepted 0
  Total patches: 45, total adds: 34, total deletes: 9
  step 2000/2000: loss=0.109071, patches=45
[SRD rewrite] deleted patch=5, position=(0.782, -2.025, -0.370), reason=final deletion pass improved loss
[SRD rewrite] deleted patch=6, position=(-0.527, 0.513, -1.883), reason=final deletion pass improved loss
[SRD rewrite] deleted patch=13, position=(-0.817, -1.615, 2.466), reason=final deletion pass improved loss
[SRD rewrite] deleted patch=15, position=(1.163, -0.270, 0.174), reason=final deletion pass improved loss
[SRD rewrite] deleted patch=18, position=(1.335, -2.451, -0.959), reason=final deletion pass improved loss
[SRD rewrite] deleted patch=25, position=(0.780, -0.858, -0.633), reason=final deletion pass improved loss
[SRD rewrite] deleted patch=25, position=(-0.914, 2.396, 0.748), reason=final deletion pass improved loss
[SRD rewrite] deleted patch=28, position=(-1.793, -2.595, 1.034), reason=final deletion pass improved loss
[Trial 1] done: loss=0.102495, time=13960.3s
[Trial 2/3] seed=1
[SRD rewrite] deleted patch=19, position=(-0.650, 0.873, -0.771), reason=accepted rewrite
[SRD rewrite] deleted patch=0, position=(-0.474, 0.244, 2.004), reason=accepted rewrite
[SRD rewrite] added patch=18, position=(0.179, 0.819, 0.074), improvement=0.016549
[SRD rewrite] added patch=19, position=(0.166, 0.959, -0.922), improvement=0.016132
[SRD rewrite] added patch=20, position=(1.891, -2.363, 0.852), improvement=0.015732
SRD step 50: evaluated 32 candidates, 29 promising, accepted 5
  Accepted AddPatch at patch 18, improvement=0.016549
  Accepted AddPatch at patch 19, improvement=0.016132
  Accepted AddPatch at patch 20, improvement=0.015732
  Accepted DeletePatch(0) at patch 0, improvement=0.014717
  Accepted DeletePatch(19) at patch 19, improvement=0.004163
  Total patches: 21, total adds: 3, total deletes: 2
  step 50/2000: loss=0.513301, patches=20
[SRD rewrite] deleted patch=20, position=(1.891, -2.363, 0.852), reason=accepted rewrite
[SRD rewrite] deleted patch=18, position=(0.282, 0.807, 0.154), reason=accepted rewrite
[SRD rewrite] deleted patch=11, position=(-1.276, -0.094, -2.110), reason=accepted rewrite
[SRD rewrite] restored patch=18, position=(-0.650, 0.873, -0.771), improvement=0.008260
[SRD rewrite] added patch=19, position=(0.582, -2.320, 0.772), improvement=0.007431
[SRD rewrite] added patch=20, position=(0.532, 0.344, -0.913), improvement=0.007117
SRD step 100: evaluated 32 candidates, 25 promising, accepted 6
  Accepted RestorePatch(0) at patch 18, improvement=0.008260
  Accepted AddPatch at patch 19, improvement=0.007431
  Accepted AddPatch at patch 20, improvement=0.007117
  Accepted DeletePatch(11) at patch 11, improvement=0.006475
  Accepted DeletePatch(20) at patch 20, improvement=0.002913
  Accepted DeletePatch(18) at patch 18, improvement=0.002018
  Total patches: 21, total adds: 6, total deletes: 5
  step 100/2000: loss=0.369025, patches=21
[SRD rewrite] deleted patch=3, position=(-1.529, -0.113, 0.015), reason=accepted rewrite
[SRD rewrite] restored patch=20, position=(0.282, 0.807, 0.154), improvement=0.002920
[SRD rewrite] added patch=21, position=(-0.834, -2.455, 0.027), improvement=0.002773
[SRD rewrite] restored patch=22, position=(1.891, -2.363, 0.852), improvement=0.002773
SRD step 150: evaluated 32 candidates, 19 promising, accepted 4
  Accepted DeletePatch(3) at patch 3, improvement=0.010279
  Accepted RestorePatch(2) at patch 20, improvement=0.002920
  Accepted AddPatch at patch 21, improvement=0.002773
  Accepted RestorePatch(1) at patch 22, improvement=0.002773
  Total patches: 23, total adds: 9, total deletes: 6
  step 150/2000: loss=0.278853, patches=21
[SRD rewrite] deleted patch=13, position=(0.891, -0.391, 1.922), reason=accepted rewrite
[SRD rewrite] added patch=22, position=(0.420, 0.368, -0.695), improvement=0.001074
[SRD rewrite] added patch=23, position=(1.398, 2.472, 0.768), improvement=0.000948
[SRD rewrite] added patch=24, position=(2.330, -1.485, 2.464), improvement=0.000948
SRD step 200: evaluated 32 candidates, 8 promising, accepted 4
  Accepted DeletePatch(13) at patch 13, improvement=0.003528
  Accepted AddPatch at patch 22, improvement=0.001074
  Accepted AddPatch at patch 23, improvement=0.000948
  Accepted AddPatch at patch 24, improvement=0.000948
  Total patches: 25, total adds: 12, total deletes: 7
  step 200/2000: loss=0.239779, patches=23
SRD step 250: evaluated 32 candidates, 0 promising, accepted 0
  Total patches: 25, total adds: 12, total deletes: 7
  step 250/2000: loss=0.213734, patches=25
SRD step 300: evaluated 32 candidates, 0 promising, accepted 0
  Total patches: 25, total adds: 12, total deletes: 7
  step 300/2000: loss=0.203357, patches=25
SRD step 350: evaluated 32 candidates, 0 promising, accepted 0
  Total patches: 25, total adds: 12, total deletes: 7
  step 350/2000: loss=0.196473, patches=25
SRD step 400: evaluated 32 candidates, 0 promising, accepted 0
  Total patches: 25, total adds: 12, total deletes: 7
  step 400/2000: loss=0.194629, patches=25
[SRD rewrite] deleted patch=8, position=(-0.405, -0.236, -2.332), reason=accepted rewrite
SRD step 450: evaluated 32 candidates, 1 promising, accepted 1
  Accepted DeletePatch(8) at patch 8, improvement=0.001772
  Total patches: 24, total adds: 12, total deletes: 8
  step 450/2000: loss=0.189922, patches=25
SRD step 500: evaluated 32 candidates, 0 promising, accepted 0
  Total patches: 24, total adds: 12, total deletes: 8
  step 500/2000: loss=0.182162, patches=24
SRD step 550: evaluated 32 candidates, 0 promising, accepted 0
  Total patches: 24, total adds: 12, total deletes: 8
  step 550/2000: loss=0.181380, patches=24
SRD step 600: evaluated 32 candidates, 0 promising, accepted 0
  Total patches: 24, total adds: 12, total deletes: 8
  step 600/2000: loss=0.184065, patches=24
SRD step 650: evaluated 32 candidates, 0 promising, accepted 0
  Total patches: 24, total adds: 12, total deletes: 8
  step 650/2000: loss=0.183071, patches=24
SRD step 700: evaluated 32 candidates, 0 promising, accepted 0
  Total patches: 24, total adds: 12, total deletes: 8
  step 700/2000: loss=0.182221, patches=24
SRD step 750: evaluated 32 candidates, 0 promising, accepted 0
  Total patches: 24, total adds: 12, total deletes: 8
  step 750/2000: loss=0.181533, patches=24
SRD step 800: evaluated 32 candidates, 0 promising, accepted 0
  Total patches: 24, total adds: 12, total deletes: 8
  step 800/2000: loss=0.182054, patches=24
SRD step 850: evaluated 32 candidates, 0 promising, accepted 0
  Total patches: 24, total adds: 12, total deletes: 8
  step 850/2000: loss=0.184127, patches=24
SRD step 900: evaluated 32 candidates, 0 promising, accepted 0
  Total patches: 24, total adds: 12, total deletes: 8
  step 900/2000: loss=0.184567, patches=24
SRD step 950: evaluated 32 candidates, 0 promising, accepted 0
  Total patches: 24, total adds: 12, total deletes: 8
  step 950/2000: loss=0.186447, patches=24
SRD step 1000: evaluated 32 candidates, 0 promising, accepted 0
  Total patches: 24, total adds: 12, total deletes: 8
  step 1000/2000: loss=0.185749, patches=24
SRD step 1050: evaluated 32 candidates, 0 promising, accepted 0
  Total patches: 24, total adds: 12, total deletes: 8
  step 1050/2000: loss=0.189282, patches=24
SRD step 1100: evaluated 32 candidates, 0 promising, accepted 0
  Total patches: 24, total adds: 12, total deletes: 8
  step 1100/2000: loss=0.195752, patches=24
SRD step 1150: evaluated 32 candidates, 0 promising, accepted 0
  Total patches: 24, total adds: 12, total deletes: 8
  step 1150/2000: loss=0.193857, patches=24
SRD step 1200: evaluated 32 candidates, 0 promising, accepted 0
  Total patches: 24, total adds: 12, total deletes: 8
  step 1200/2000: loss=0.193395, patches=24
SRD step 1250: evaluated 32 candidates, 0 promising, accepted 0
  Total patches: 24, total adds: 12, total deletes: 8
  step 1250/2000: loss=0.193041, patches=24
SRD step 1300: evaluated 32 candidates, 0 promising, accepted 0
  Total patches: 24, total adds: 12, total deletes: 8
  step 1300/2000: loss=0.192716, patches=24
SRD step 1350: evaluated 32 candidates, 0 promising, accepted 0
  Total patches: 24, total adds: 12, total deletes: 8
  step 1350/2000: loss=0.196832, patches=24
SRD step 1400: evaluated 32 candidates, 0 promising, accepted 0
  Total patches: 24, total adds: 12, total deletes: 8
  step 1400/2000: loss=0.214169, patches=24
SRD step 1450: evaluated 32 candidates, 0 promising, accepted 0
  Total patches: 24, total adds: 12, total deletes: 8
  step 1450/2000: loss=0.211936, patches=24
SRD step 1500: evaluated 32 candidates, 0 promising, accepted 0
  Total patches: 24, total adds: 12, total deletes: 8
  step 1500/2000: loss=0.212989, patches=24
SRD step 1550: evaluated 32 candidates, 0 promising, accepted 0
  Total patches: 24, total adds: 12, total deletes: 8
  step 1550/2000: loss=0.211633, patches=24
SRD step 1600: evaluated 32 candidates, 0 promising, accepted 0
  Total patches: 24, total adds: 12, total deletes: 8
  step 1600/2000: loss=0.210513, patches=24
SRD step 1650: evaluated 32 candidates, 0 promising, accepted 0
  Total patches: 24, total adds: 12, total deletes: 8
  step 1650/2000: loss=0.208746, patches=24
SRD step 1700: evaluated 32 candidates, 0 promising, accepted 0
  Total patches: 24, total adds: 12, total deletes: 8
  step 1700/2000: loss=0.205087, patches=24
SRD step 1750: evaluated 32 candidates, 0 promising, accepted 0
  Total patches: 24, total adds: 12, total deletes: 8
  step 1750/2000: loss=0.195363, patches=24
SRD step 1800: evaluated 32 candidates, 0 promising, accepted 0
  Total patches: 24, total adds: 12, total deletes: 8
  step 1800/2000: loss=0.193938, patches=24
SRD step 1850: evaluated 32 candidates, 0 promising, accepted 0
  Total patches: 24, total adds: 12, total deletes: 8
  step 1850/2000: loss=0.191310, patches=24
SRD step 1900: evaluated 32 candidates, 0 promising, accepted 0
  Total patches: 24, total adds: 12, total deletes: 8
  step 1900/2000: loss=0.188817, patches=24
SRD step 1950: evaluated 32 candidates, 0 promising, accepted 0
  Total patches: 24, total adds: 12, total deletes: 8
  step 1950/2000: loss=0.190119, patches=24
SRD step 2000: evaluated 32 candidates, 0 promising, accepted 0
  Total patches: 24, total adds: 12, total deletes: 8
  step 2000/2000: loss=0.189020, patches=24
[SRD rewrite] deleted patch=3, position=(-0.447, 1.089, -2.091), reason=final deletion pass improved loss
[Trial 2] done: loss=0.188877, time=9701.8s
[Trial 3/3] seed=2
[SRD rewrite] deleted patch=16, position=(-1.398, 0.853, -1.574), reason=accepted rewrite
[SRD rewrite] deleted patch=15, position=(-1.679, 1.269, 0.727), reason=accepted rewrite
[SRD rewrite] deleted patch=7, position=(-1.609, 0.497, 0.681), reason=accepted rewrite
[SRD rewrite] added patch=17, position=(-0.293, 0.020, -0.882), improvement=0.015076
[SRD rewrite] added patch=18, position=(-1.166, 0.606, 0.146), improvement=0.013907
[SRD rewrite] added patch=19, position=(0.120, -0.717, -2.272), improvement=0.013799
SRD step 50: evaluated 32 candidates, 31 promising, accepted 6
  Accepted AddPatch at patch 17, improvement=0.015076
  Accepted AddPatch at patch 18, improvement=0.013907
  Accepted AddPatch at patch 19, improvement=0.013799
  Accepted DeletePatch(7) at patch 7, improvement=0.011256
  Accepted DeletePatch(15) at patch 15, improvement=0.008713
  Accepted DeletePatch(16) at patch 16, improvement=0.004370
  Total patches: 20, total adds: 3, total deletes: 3
  step 50/2000: loss=0.580946, patches=20
[SRD rewrite] deleted patch=19, position=(0.064, -0.646, -2.261), reason=accepted rewrite
[SRD rewrite] deleted patch=15, position=(-0.053, 0.988, -1.781), reason=accepted rewrite
[SRD rewrite] added patch=18, position=(-0.770, 0.196, -0.344), improvement=0.009344
[SRD rewrite] added patch=19, position=(0.837, 0.963, -0.781), improvement=0.009128
[SRD rewrite] added patch=20, position=(-0.592, 2.324, 1.402), improvement=0.008602
SRD step 100: evaluated 32 candidates, 25 promising, accepted 5
  Accepted AddPatch at patch 18, improvement=0.009344
  Accepted AddPatch at patch 19, improvement=0.009128
  Accepted AddPatch at patch 20, improvement=0.008602
  Accepted DeletePatch(15) at patch 15, improvement=0.006202
  Accepted DeletePatch(19) at patch 19, improvement=0.002727
  Total patches: 21, total adds: 6, total deletes: 5
  step 100/2000: loss=0.472977, patches=20
[SRD rewrite] restored patch=21, position=(0.064, -0.646, -2.261), improvement=0.008402
[SRD rewrite] added patch=22, position=(0.709, -2.063, 1.079), improvement=0.006989
[SRD rewrite] added patch=23, position=(-1.410, 1.675, -1.997), improvement=0.006576
SRD step 150: evaluated 32 candidates, 23 promising, accepted 3
  Accepted RestorePatch(3) at patch 21, improvement=0.008402
  Accepted AddPatch at patch 22, improvement=0.006989
  Accepted AddPatch at patch 23, improvement=0.006576
  Total patches: 24, total adds: 9, total deletes: 5
  step 150/2000: loss=0.434696, patches=21
[SRD rewrite] deleted patch=18, position=(-0.982, 0.277, -0.212), reason=accepted rewrite
[SRD rewrite] deleted patch=11, position=(-2.028, 0.467, 0.464), reason=accepted rewrite
[SRD rewrite] deleted patch=1, position=(-0.861, 0.731, -0.493), reason=accepted rewrite
[SRD rewrite] added patch=21, position=(-0.996, 0.057, 1.431), improvement=0.009262
[SRD rewrite] added patch=22, position=(-0.104, 0.873, -0.096), improvement=0.009060
[SRD rewrite] added patch=23, position=(-2.488, -0.039, 2.190), improvement=0.008452
SRD step 200: evaluated 32 candidates, 28 promising, accepted 6
  Accepted AddPatch at patch 21, improvement=0.009262
  Accepted AddPatch at patch 22, improvement=0.009060
  Accepted AddPatch at patch 23, improvement=0.008452
  Accepted DeletePatch(11) at patch 11, improvement=0.005546
  Accepted DeletePatch(18) at patch 18, improvement=0.002936
  Accepted DeletePatch(1) at patch 1, improvement=0.002706
  Total patches: 24, total adds: 12, total deletes: 8
  step 200/2000: loss=0.341018, patches=24
[SRD rewrite] added patch=24, position=(0.778, -0.212, 0.953), improvement=0.003231
[SRD rewrite] added patch=25, position=(0.897, 0.321, -1.460), improvement=0.003029
[SRD rewrite] added patch=26, position=(-0.120, -0.811, 0.813), improvement=0.002667
SRD step 250: evaluated 32 candidates, 21 promising, accepted 3
  Accepted AddPatch at patch 24, improvement=0.003231
  Accepted AddPatch at patch 25, improvement=0.003029
  Accepted AddPatch at patch 26, improvement=0.002667
  Total patches: 27, total adds: 15, total deletes: 8
  step 250/2000: loss=0.288822, patches=24
[SRD rewrite] restored patch=27, position=(-0.982, 0.277, -0.212), improvement=0.006385
[SRD rewrite] added patch=28, position=(2.335, 2.182, 0.831), improvement=0.006385
[SRD rewrite] added patch=29, position=(-1.706, 1.821, 1.496), improvement=0.005971
SRD step 300: evaluated 32 candidates, 22 promising, accepted 3
  Accepted RestorePatch(4) at patch 27, improvement=0.006385
  Accepted AddPatch at patch 28, improvement=0.006385
  Accepted AddPatch at patch 29, improvement=0.005971
  Total patches: 30, total adds: 18, total deletes: 8
  step 300/2000: loss=0.246067, patches=27
[SRD rewrite] restored patch=30, position=(-0.861, 0.731, -0.493), improvement=0.004787
[SRD rewrite] added patch=31, position=(-2.246, -2.135, 2.062), improvement=0.004116
[SRD rewrite] added patch=32, position=(-1.505, 0.597, -1.958), improvement=0.003985
SRD step 350: evaluated 32 candidates, 25 promising, accepted 3
  Accepted RestorePatch(5) at patch 30, improvement=0.004787
  Accepted AddPatch at patch 31, improvement=0.004116
  Accepted AddPatch at patch 32, improvement=0.003985
  Total patches: 33, total adds: 21, total deletes: 8
  step 350/2000: loss=0.203599, patches=30
SRD step 400: evaluated 32 candidates, 0 promising, accepted 0
  Total patches: 33, total adds: 21, total deletes: 8
  step 400/2000: loss=0.144743, patches=33
SRD step 450: evaluated 32 candidates, 0 promising, accepted 0
  Total patches: 33, total adds: 21, total deletes: 8
  step 450/2000: loss=0.131431, patches=33
SRD step 500: evaluated 32 candidates, 0 promising, accepted 0
  Total patches: 33, total adds: 21, total deletes: 8
  step 500/2000: loss=0.122640, patches=33
SRD step 550: evaluated 32 candidates, 0 promising, accepted 0
  Total patches: 33, total adds: 21, total deletes: 8
  step 550/2000: loss=0.130506, patches=33
SRD step 600: evaluated 32 candidates, 0 promising, accepted 0
  Total patches: 33, total adds: 21, total deletes: 8
  step 600/2000: loss=0.123285, patches=33
SRD step 650: evaluated 32 candidates, 0 promising, accepted 0
  Total patches: 33, total adds: 21, total deletes: 8
  step 650/2000: loss=0.119872, patches=33
SRD step 700: evaluated 32 candidates, 0 promising, accepted 0
  Total patches: 33, total adds: 21, total deletes: 8
  step 700/2000: loss=0.117083, patches=33
SRD step 750: evaluated 32 candidates, 0 promising, accepted 0
  Total patches: 33, total adds: 21, total deletes: 8
  step 750/2000: loss=0.116809, patches=33
SRD step 800: evaluated 32 candidates, 0 promising, accepted 0
  Total patches: 33, total adds: 21, total deletes: 8
  step 800/2000: loss=0.118888, patches=33
SRD step 850: evaluated 32 candidates, 0 promising, accepted 0
  Total patches: 33, total adds: 21, total deletes: 8
  step 850/2000: loss=0.116809, patches=33
SRD step 900: evaluated 32 candidates, 0 promising, accepted 0
  Total patches: 33, total adds: 21, total deletes: 8
  step 900/2000: loss=0.111233, patches=33
SRD step 950: evaluated 32 candidates, 0 promising, accepted 0
  Total patches: 33, total adds: 21, total deletes: 8
  step 950/2000: loss=0.112695, patches=33
SRD step 1000: evaluated 32 candidates, 0 promising, accepted 0
  Total patches: 33, total adds: 21, total deletes: 8
  step 1000/2000: loss=0.115391, patches=33
SRD step 1050: evaluated 32 candidates, 0 promising, accepted 0
  Total patches: 33, total adds: 21, total deletes: 8
  step 1050/2000: loss=0.114741, patches=33
SRD step 1100: evaluated 32 candidates, 0 promising, accepted 0
  Total patches: 33, total adds: 21, total deletes: 8
  step 1100/2000: loss=0.112763, patches=33
SRD step 1150: evaluated 32 candidates, 0 promising, accepted 0
  Total patches: 33, total adds: 21, total deletes: 8
  step 1150/2000: loss=0.115412, patches=33
SRD step 1200: evaluated 32 candidates, 0 promising, accepted 0
  Total patches: 33, total adds: 21, total deletes: 8
  step 1200/2000: loss=0.113385, patches=33
SRD step 1250: evaluated 32 candidates, 0 promising, accepted 0
  Total patches: 33, total adds: 21, total deletes: 8
  step 1250/2000: loss=0.116842, patches=33
SRD step 1300: evaluated 32 candidates, 0 promising, accepted 0
  Total patches: 33, total adds: 21, total deletes: 8
  step 1300/2000: loss=0.113983, patches=33
SRD step 1350: evaluated 32 candidates, 0 promising, accepted 0
  Total patches: 33, total adds: 21, total deletes: 8
  step 1350/2000: loss=0.113682, patches=33
SRD step 1400: evaluated 32 candidates, 0 promising, accepted 0
  Total patches: 33, total adds: 21, total deletes: 8
  step 1400/2000: loss=0.116819, patches=33
SRD step 1450: evaluated 32 candidates, 0 promising, accepted 0
  Total patches: 33, total adds: 21, total deletes: 8
  step 1450/2000: loss=0.114769, patches=33
SRD step 1500: evaluated 32 candidates, 0 promising, accepted 0
  Total patches: 33, total adds: 21, total deletes: 8
  step 1500/2000: loss=0.115281, patches=33
SRD step 1550: evaluated 32 candidates, 0 promising, accepted 0
  Total patches: 33, total adds: 21, total deletes: 8
  step 1550/2000: loss=0.113760, patches=33
SRD step 1600: evaluated 32 candidates, 0 promising, accepted 0
  Total patches: 33, total adds: 21, total deletes: 8
  step 1600/2000: loss=0.115099, patches=33
SRD step 1650: evaluated 32 candidates, 0 promising, accepted 0
  Total patches: 33, total adds: 21, total deletes: 8
  step 1650/2000: loss=0.115742, patches=33
SRD step 1700: evaluated 32 candidates, 0 promising, accepted 0
  Total patches: 33, total adds: 21, total deletes: 8
  step 1700/2000: loss=0.116434, patches=33
SRD step 1750: evaluated 32 candidates, 0 promising, accepted 0
  Total patches: 33, total adds: 21, total deletes: 8
  step 1750/2000: loss=0.115914, patches=33
SRD step 1800: evaluated 32 candidates, 0 promising, accepted 0
  Total patches: 33, total adds: 21, total deletes: 8
  step 1800/2000: loss=0.115375, patches=33
SRD step 1850: evaluated 32 candidates, 0 promising, accepted 0
  Total patches: 33, total adds: 21, total deletes: 8
  step 1850/2000: loss=0.116872, patches=33
SRD step 1900: evaluated 32 candidates, 0 promising, accepted 0
  Total patches: 33, total adds: 21, total deletes: 8
  step 1900/2000: loss=0.113675, patches=33
SRD step 1950: evaluated 32 candidates, 0 promising, accepted 0
  Total patches: 33, total adds: 21, total deletes: 8
  step 1950/2000: loss=0.115201, patches=33
SRD step 2000: evaluated 32 candidates, 0 promising, accepted 0
  Total patches: 33, total adds: 21, total deletes: 8
  step 2000/2000: loss=0.114214, patches=33
[SRD rewrite] deleted patch=7, position=(1.427, 1.162, 0.753), reason=final deletion pass improved loss
[SRD rewrite] deleted patch=15, position=(0.906, 1.006, -0.858), reason=final deletion pass improved loss
[SRD rewrite] deleted patch=15, position=(-0.592, 2.324, 1.402), reason=final deletion pass improved loss
[SRD rewrite] deleted patch=15, position=(-0.054, -1.098, -2.233), reason=final deletion pass improved loss
[SRD rewrite] deleted patch=16, position=(-1.410, 1.675, -1.997), reason=final deletion pass improved loss
[SRD rewrite] deleted patch=24, position=(-1.706, 1.821, 1.496), reason=final deletion pass improved loss
[SRD rewrite] deleted patch=25, position=(-2.246, -2.135, 2.062), reason=final deletion pass improved loss
[SRD rewrite] deleted patch=25, position=(-1.367, 0.830, -2.483), reason=final deletion pass improved loss
[Trial 3] done: loss=0.110392, time=12863.0s
[Run] report written to results/slurm/20260717_1249/ablation_cat_face_bass_ablation/output.txt
