## SLURM PROLOG ###############################################################
##    Job ID : 4093841
##  Job Name : 20260718_1833_patchsize_water_fire_30
##  Nodelist : gpu2602
##      CPUs : 
##  Mem/Node : 128000 MB
## Directory : /oscar/home/cjmok/automated-perspective-sculptor
##   Job Started : Sun Jul 19 12:32:52 AM EDT 2026
###############################################################################
[Swept volume] building (resolution=256)...
[Run] mode=full, trials=3, seeds=[0, 1, 2], steps=1000, srd=True, ablation_flags={'disable_swept_volume_adds': False, 'loss_only_deletion': False, 'disable_splitting': False}
[Trial 1/3] seed=0
[Patch] mapbox-earcut is not installed; falling back to fan fill, so non-convex pieces will render incorrectly. Install it with: pip install mapbox-earcut
[SRD rewrite] split patch=12, children=29,30, improvement=0.015938
[SRD rewrite] added patch=31, position=(0.543, -0.505, 1.055), improvement=0.015581
[SRD rewrite] added patch=32, position=(0.521, -0.427, 0.948), improvement=0.015299
SRD step 50: evaluated 27 candidates, 27 promising, accepted 3
  Accepted SplitPatch(12) at patch 12, improvement=0.015938
  Accepted AddPatch at patch 31, improvement=0.015581
  Accepted AddPatch at patch 32, improvement=0.015299
  Total patches: 33, total adds: 3, total deletes: 0
  step 50/1000: loss=0.230199, patches=30
[SRD rewrite] deleted patch=30, position=(1.760, -0.496, -0.758), reason=Area 0.004011 below minimum 0.01
[SRD rewrite] deleted patch=29, position=(1.761, -0.502, -0.830), reason=Area 0.002250 below minimum 0.01
[SRD rewrite] added patch=31, position=(0.043, -0.929, 1.018), improvement=0.003876
[SRD rewrite] added patch=32, position=(-0.290, 0.211, -0.481), improvement=0.003821
[SRD rewrite] added patch=33, position=(0.197, 0.738, -0.519), improvement=0.003767
SRD step 100: evaluated 27 candidates, 23 promising, accepted 5
  Accepted AddPatch at patch 31, improvement=0.003876
  Accepted AddPatch at patch 32, improvement=0.003821
  Accepted AddPatch at patch 33, improvement=0.003767
  Mandatory DeletePatch(29) at patch 29, reason=Area 0.002250 below minimum 0.01
  Mandatory DeletePatch(30) at patch 30, reason=Area 0.004011 below minimum 0.01
  Total patches: 34, total adds: 6, total deletes: 2
  step 100/1000: loss=0.145664, patches=33
[SRD rewrite] deleted patch=32, position=(-0.309, 0.190, -0.585), reason=Area 0.008120 below minimum 0.01
[SRD rewrite] deleted patch=8, position=(0.654, 0.344, 0.368), reason=Area 0.005481 below minimum 0.01
[SRD rewrite] split patch=19, children=31,32, improvement=0.005045
[SRD rewrite] split patch=2, children=32,33, improvement=0.006571
[SRD rewrite] added patch=34, position=(0.799, -0.819, 0.912), improvement=0.001603
SRD step 150: evaluated 27 candidates, 20 promising, accepted 5
  Accepted SplitPatch(2) at patch 2, improvement=0.006571
  Accepted SplitPatch(19) at patch 19, improvement=0.005045
  Accepted AddPatch at patch 34, improvement=0.001603
  Mandatory DeletePatch(8) at patch 8, reason=Area 0.005481 below minimum 0.01
  Mandatory DeletePatch(32) at patch 32, reason=Area 0.008120 below minimum 0.01
  Total patches: 35, total adds: 9, total deletes: 4
  step 150/1000: loss=0.103131, patches=34
[SRD rewrite] deleted patch=34, position=(0.906, -0.791, 0.952), reason=Area 0.000287 below minimum 0.01
[SRD rewrite] deleted patch=33, position=(0.539, 0.218, 1.382), reason=Area 0.002304 below minimum 0.01
[SRD rewrite] deleted patch=32, position=(0.608, 0.133, 1.341), reason=Area 0.003219 below minimum 0.01
[SRD rewrite] deleted patch=31, position=(1.445, -1.855, 1.333), reason=Area 0.003206 below minimum 0.01
[SRD rewrite] deleted patch=30, position=(1.523, -1.849, 1.379), reason=Area 0.003933 below minimum 0.01
[SRD rewrite] deleted patch=28, position=(0.028, -0.868, 1.069), reason=Area 0.009503 below minimum 0.01
[SRD rewrite] deleted patch=20, position=(-0.081, -0.935, -0.841), reason=Area 0.009414 below minimum 0.01
[SRD rewrite] added patch=28, position=(-0.130, -0.934, 1.067), improvement=0.000711
[SRD rewrite] added patch=29, position=(0.218, -1.151, 0.884), improvement=0.000238
SRD step 200: evaluated 27 candidates, 9 promising, accepted 10
  Accepted AddPatch at patch 28, improvement=0.000711
  Accepted AddPatch at patch 29, improvement=0.000238
  Accepted SplitPatch(1) at patch 1, improvement=0.000118
  Mandatory DeletePatch(20) at patch 20, reason=Area 0.009414 below minimum 0.01
  Mandatory DeletePatch(28) at patch 28, reason=Area 0.009503 below minimum 0.01
  Mandatory DeletePatch(30) at patch 30, reason=Area 0.003933 below minimum 0.01
  Mandatory DeletePatch(31) at patch 31, reason=Area 0.003206 below minimum 0.01
  Mandatory DeletePatch(32) at patch 32, reason=Area 0.003219 below minimum 0.01
  Mandatory DeletePatch(33) at patch 33, reason=Area 0.002304 below minimum 0.01
  Mandatory DeletePatch(34) at patch 34, reason=Area 0.000287 below minimum 0.01
  Total patches: 30, total adds: 11, total deletes: 11
  step 200/1000: loss=0.077569, patches=35
[SRD rewrite] deleted patch=29, position=(0.126, -1.173, 0.835), reason=Area 0.000385 below minimum 0.01
[SRD rewrite] deleted patch=28, position=(-0.085, -0.879, 1.073), reason=Area 0.007228 below minimum 0.01
SRD step 250: evaluated 27 candidates, 0 promising, accepted 2
  Mandatory DeletePatch(28) at patch 28, reason=Area 0.007228 below minimum 0.01
  Mandatory DeletePatch(29) at patch 29, reason=Area 0.000385 below minimum 0.01
  Total patches: 28, total adds: 11, total deletes: 13
  step 250/1000: loss=0.068738, patches=30
SRD step 300: evaluated 27 candidates, 0 promising, accepted 0
  Total patches: 28, total adds: 11, total deletes: 13
  step 300/1000: loss=0.064214, patches=28
[SRD rewrite] deleted patch=2, position=(-1.936, -0.466, -1.189), reason=Area 0.007808 below minimum 0.01
[SRD rewrite] added patch=27, position=(0.979, -0.813, 0.906), improvement=0.000626
[SRD rewrite] added patch=28, position=(0.547, 0.383, 0.211), improvement=0.000321
[SRD rewrite] restored patch=29, position=(0.126, -1.173, 0.835), improvement=0.000170
SRD step 350: evaluated 27 candidates, 5 promising, accepted 4
  Accepted AddPatch at patch 27, improvement=0.000626
  Accepted AddPatch at patch 28, improvement=0.000321
  Accepted RestorePatch(14) at patch 29, improvement=0.000170
  Mandatory DeletePatch(2) at patch 2, reason=Area 0.007808 below minimum 0.01
  Total patches: 30, total adds: 14, total deletes: 14
  step 350/1000: loss=0.063300, patches=28
[SRD rewrite] deleted patch=29, position=(0.042, -1.225, 0.840), reason=Area 0.000390 below minimum 0.01
[SRD rewrite] deleted patch=28, position=(0.558, 0.414, 0.336), reason=Area 0.000227 below minimum 0.01
[SRD rewrite] deleted patch=27, position=(0.982, -0.800, 0.908), reason=Area 0.002819 below minimum 0.01
[SRD rewrite] deleted patch=25, position=(0.664, -0.356, 1.042), reason=Area 0.009584 below minimum 0.01
[SRD rewrite] deleted patch=5, position=(0.888, -1.424, -0.432), reason=Area 0.005770 below minimum 0.01
[SRD rewrite] deleted patch=3, position=(0.627, 0.409, 0.518), reason=Area 0.006901 below minimum 0.01
SRD step 400: evaluated 27 candidates, 0 promising, accepted 6
  Mandatory DeletePatch(3) at patch 3, reason=Area 0.006901 below minimum 0.01
  Mandatory DeletePatch(5) at patch 5, reason=Area 0.005770 below minimum 0.01
  Mandatory DeletePatch(25) at patch 25, reason=Area 0.009584 below minimum 0.01
  Mandatory DeletePatch(27) at patch 27, reason=Area 0.002819 below minimum 0.01
  Mandatory DeletePatch(28) at patch 28, reason=Area 0.000227 below minimum 0.01
  Mandatory DeletePatch(29) at patch 29, reason=Area 0.000390 below minimum 0.01
  Total patches: 24, total adds: 14, total deletes: 20
  step 400/1000: loss=0.059269, patches=30
SRD step 450: evaluated 27 candidates, 0 promising, accepted 0
  Total patches: 24, total adds: 14, total deletes: 20
  step 450/1000: loss=0.058833, patches=24
SRD step 500: evaluated 27 candidates, 0 promising, accepted 0
  Total patches: 24, total adds: 14, total deletes: 20
  step 500/1000: loss=0.056764, patches=24
SRD step 550: evaluated 27 candidates, 0 promising, accepted 0
  Total patches: 24, total adds: 14, total deletes: 20
  step 550/1000: loss=0.057853, patches=24
SRD step 600: evaluated 27 candidates, 0 promising, accepted 0
  Total patches: 24, total adds: 14, total deletes: 20
  step 600/1000: loss=0.071523, patches=24
SRD step 650: evaluated 27 candidates, 0 promising, accepted 0
  Total patches: 24, total adds: 14, total deletes: 20
  step 650/1000: loss=0.068143, patches=24
[SRD rewrite] deleted patch=22, position=(0.414, -0.364, 1.078), reason=Area 0.008037 below minimum 0.01
[SRD rewrite] split patch=2, children=22,23, improvement=0.001323
SRD step 700: evaluated 27 candidates, 1 promising, accepted 2
  Accepted SplitPatch(2) at patch 2, improvement=0.001323
  Mandatory DeletePatch(22) at patch 22, reason=Area 0.008037 below minimum 0.01
  Total patches: 24, total adds: 15, total deletes: 21
  step 700/1000: loss=0.057541, patches=24
[SRD rewrite] deleted patch=23, position=(-2.148, -0.730, -0.842), reason=Area 0.001388 below minimum 0.01
[SRD rewrite] deleted patch=22, position=(-2.066, -0.946, -0.680), reason=Area 0.001550 below minimum 0.01
[SRD rewrite] deleted patch=19, position=(0.965, -0.366, 0.780), reason=Area 0.004818 below minimum 0.01
[SRD rewrite] deleted patch=9, position=(1.655, -1.288, 2.311), reason=Area 0.007820 below minimum 0.01
SRD step 750: evaluated 27 candidates, 0 promising, accepted 4
  Mandatory DeletePatch(9) at patch 9, reason=Area 0.007820 below minimum 0.01
  Mandatory DeletePatch(19) at patch 19, reason=Area 0.004818 below minimum 0.01
  Mandatory DeletePatch(22) at patch 22, reason=Area 0.001550 below minimum 0.01
  Mandatory DeletePatch(23) at patch 23, reason=Area 0.001388 below minimum 0.01
  Total patches: 20, total adds: 15, total deletes: 25
  step 750/1000: loss=0.049187, patches=24
SRD step 800: evaluated 27 candidates, 0 promising, accepted 0
  Total patches: 20, total adds: 15, total deletes: 25
  step 800/1000: loss=0.049621, patches=20
SRD step 850: evaluated 27 candidates, 0 promising, accepted 0
  Total patches: 20, total adds: 15, total deletes: 25
  step 850/1000: loss=0.052722, patches=20
[SRD rewrite] deleted patch=16, position=(-0.144, -0.837, 0.478), reason=Area 0.005005 below minimum 0.01
[SRD rewrite] deleted patch=12, position=(1.455, -0.534, 0.364), reason=Area 0.006059 below minimum 0.01
SRD step 900: evaluated 27 candidates, 0 promising, accepted 2
  Mandatory DeletePatch(12) at patch 12, reason=Area 0.006059 below minimum 0.01
  Mandatory DeletePatch(16) at patch 16, reason=Area 0.005005 below minimum 0.01
  Total patches: 18, total adds: 15, total deletes: 27
  step 900/1000: loss=0.053851, patches=20
SRD step 950: evaluated 27 candidates, 0 promising, accepted 0
  Total patches: 18, total adds: 15, total deletes: 27
  step 950/1000: loss=0.055685, patches=18
[SRD rewrite] deleted patch=2, position=(0.002, -0.444, 0.355), reason=Area 0.005028 below minimum 0.01
SRD step 1000: evaluated 27 candidates, 0 promising, accepted 1
  Mandatory DeletePatch(2) at patch 2, reason=Area 0.005028 below minimum 0.01
  Total patches: 17, total adds: 15, total deletes: 28
  step 1000/1000: loss=0.058554, patches=18
[Trial 1] done: loss=0.059092, time=5003.6s
[Trial 2/3] seed=1
[SRD rewrite] split patch=9, children=29,30, improvement=0.019378
[SRD rewrite] added patch=31, position=(0.732, 0.064, 0.619), improvement=0.015132
[SRD rewrite] added patch=32, position=(0.680, -0.121, 0.694), improvement=0.015108
SRD step 50: evaluated 27 candidates, 27 promising, accepted 3
  Accepted SplitPatch(9) at patch 9, improvement=0.019378
  Accepted AddPatch at patch 31, improvement=0.015132
  Accepted AddPatch at patch 32, improvement=0.015108
  Total patches: 33, total adds: 3, total deletes: 0
  step 50/1000: loss=0.206336, patches=30
[SRD rewrite] deleted patch=30, position=(0.156, -1.428, -0.857), reason=Area 0.001133 below minimum 0.01
[SRD rewrite] deleted patch=29, position=(0.138, -1.243, -0.943), reason=Area 0.001164 below minimum 0.01
[SRD rewrite] deleted patch=20, position=(0.158, -0.531, -0.987), reason=delete has no image effect
[SRD rewrite] deleted patch=14, position=(0.129, -0.054, -0.820), reason=delete has no image effect
[SRD rewrite] added patch=29, position=(-0.384, -1.055, 0.878), improvement=0.003454
[SRD rewrite] added patch=30, position=(0.663, -0.189, 0.584), improvement=0.002688
[SRD rewrite] added patch=31, position=(-0.440, 0.096, -0.528), improvement=0.002388
SRD step 100: evaluated 27 candidates, 21 promising, accepted 7
  Accepted AddPatch at patch 29, improvement=0.003454
  Accepted AddPatch at patch 30, improvement=0.002688
  Accepted AddPatch at patch 31, improvement=0.002388
  Mandatory DeletePatch(29) at patch 29, reason=Area 0.001164 below minimum 0.01
  Mandatory DeletePatch(30) at patch 30, reason=Area 0.001133 below minimum 0.01
  Mandatory DeletePatch(14) at patch 14, reason=delete has no image effect
  Mandatory DeletePatch(20) at patch 20, reason=delete has no image effect
  Total patches: 32, total adds: 6, total deletes: 4
  step 100/1000: loss=0.095987, patches=33
[SRD rewrite] deleted patch=31, position=(-0.402, 0.079, -0.601), reason=Area 0.000255 below minimum 0.01
[SRD rewrite] deleted patch=30, position=(0.741, -0.085, 0.504), reason=Area 0.001429 below minimum 0.01
[SRD rewrite] deleted patch=29, position=(-0.357, -1.077, 0.862), reason=Area 0.007051 below minimum 0.01
SRD step 150: evaluated 27 candidates, 0 promising, accepted 3
  Mandatory DeletePatch(29) at patch 29, reason=Area 0.007051 below minimum 0.01
  Mandatory DeletePatch(30) at patch 30, reason=Area 0.001429 below minimum 0.01
  Mandatory DeletePatch(31) at patch 31, reason=Area 0.000255 below minimum 0.01
  Total patches: 29, total adds: 6, total deletes: 7
  step 150/1000: loss=0.066416, patches=32
SRD step 200: evaluated 27 candidates, 0 promising, accepted 0
  Total patches: 29, total adds: 6, total deletes: 7
  step 200/1000: loss=0.053998, patches=29
SRD step 250: evaluated 27 candidates, 0 promising, accepted 0
  Total patches: 29, total adds: 6, total deletes: 7
  step 250/1000: loss=0.054001, patches=29
[SRD rewrite] deleted patch=27, position=(0.679, 0.230, 0.819), reason=Area 0.006514 below minimum 0.01
[SRD rewrite] deleted patch=11, position=(-0.047, -0.970, -1.007), reason=Area 0.000966 below minimum 0.01
SRD step 300: evaluated 27 candidates, 0 promising, accepted 2
  Mandatory DeletePatch(11) at patch 11, reason=Area 0.000966 below minimum 0.01
  Mandatory DeletePatch(27) at patch 27, reason=Area 0.006514 below minimum 0.01
  Total patches: 27, total adds: 6, total deletes: 9
  step 300/1000: loss=0.048557, patches=29
[SRD rewrite] deleted patch=11, position=(0.865, 0.190, 0.028), reason=Area 0.007704 below minimum 0.01
SRD step 350: evaluated 27 candidates, 0 promising, accepted 1
  Mandatory DeletePatch(11) at patch 11, reason=Area 0.007704 below minimum 0.01
  Total patches: 26, total adds: 6, total deletes: 10
  step 350/1000: loss=0.036818, patches=27
[SRD rewrite] deleted patch=25, position=(0.739, 0.129, 0.843), reason=Area 0.007770 below minimum 0.01
[SRD rewrite] deleted patch=14, position=(0.304, -0.343, 1.067), reason=Area 0.003839 below minimum 0.01
SRD step 400: evaluated 27 candidates, 0 promising, accepted 2
  Mandatory DeletePatch(14) at patch 14, reason=Area 0.003839 below minimum 0.01
  Mandatory DeletePatch(25) at patch 25, reason=Area 0.007770 below minimum 0.01
  Total patches: 24, total adds: 6, total deletes: 12
  step 400/1000: loss=0.035725, patches=26
SRD step 450: evaluated 27 candidates, 0 promising, accepted 0
  Total patches: 24, total adds: 6, total deletes: 12
  step 450/1000: loss=0.036290, patches=24
SRD step 500: evaluated 27 candidates, 0 promising, accepted 0
  Total patches: 24, total adds: 6, total deletes: 12
  step 500/1000: loss=0.035307, patches=24
SRD step 550: evaluated 27 candidates, 0 promising, accepted 0
  Total patches: 24, total adds: 6, total deletes: 12
  step 550/1000: loss=0.037684, patches=24
SRD step 600: evaluated 27 candidates, 0 promising, accepted 0
  Total patches: 24, total adds: 6, total deletes: 12
  step 600/1000: loss=0.035901, patches=24
SRD step 650: evaluated 27 candidates, 0 promising, accepted 0
  Total patches: 24, total adds: 6, total deletes: 12
  step 650/1000: loss=0.037851, patches=24
[SRD rewrite] deleted patch=17, position=(0.020, 0.542, 0.726), reason=Area 0.007042 below minimum 0.01
[SRD rewrite] deleted patch=7, position=(0.522, -0.447, -0.538), reason=delete has no image effect
SRD step 700: evaluated 27 candidates, 0 promising, accepted 2
  Mandatory DeletePatch(17) at patch 17, reason=Area 0.007042 below minimum 0.01
  Mandatory DeletePatch(7) at patch 7, reason=delete has no image effect
  Total patches: 22, total adds: 6, total deletes: 14
  step 700/1000: loss=0.036510, patches=24
SRD step 750: evaluated 27 candidates, 0 promising, accepted 0
  Total patches: 22, total adds: 6, total deletes: 14
  step 750/1000: loss=0.037065, patches=22
SRD step 800: evaluated 27 candidates, 0 promising, accepted 0
  Total patches: 22, total adds: 6, total deletes: 14
  step 800/1000: loss=0.037368, patches=22
SRD step 850: evaluated 27 candidates, 0 promising, accepted 0
  Total patches: 22, total adds: 6, total deletes: 14
  step 850/1000: loss=0.037666, patches=22
SRD step 900: evaluated 27 candidates, 0 promising, accepted 0
  Total patches: 22, total adds: 6, total deletes: 14
  step 900/1000: loss=0.036662, patches=22
SRD step 950: evaluated 27 candidates, 0 promising, accepted 0
  Total patches: 22, total adds: 6, total deletes: 14
  step 950/1000: loss=0.037674, patches=22
SRD step 1000: evaluated 27 candidates, 0 promising, accepted 0
  Total patches: 22, total adds: 6, total deletes: 14
  step 1000/1000: loss=0.038117, patches=22
[Trial 2] done: loss=0.037006, time=5132.1s
[Trial 3/3] seed=2
[SRD rewrite] split patch=2, children=29,30, improvement=0.014814
[SRD rewrite] added patch=31, position=(0.462, -0.469, 0.810), improvement=0.014645
[SRD rewrite] added patch=32, position=(0.416, -0.709, 0.974), improvement=0.014566
SRD step 50: evaluated 27 candidates, 27 promising, accepted 3
  Accepted SplitPatch(2) at patch 2, improvement=0.014814
  Accepted AddPatch at patch 31, improvement=0.014645
  Accepted AddPatch at patch 32, improvement=0.014566
  Total patches: 33, total adds: 3, total deletes: 0
  step 50/1000: loss=0.283314, patches=30
[SRD rewrite] deleted patch=30, position=(-0.176, -0.053, 1.384), reason=Area 0.002741 below minimum 0.01
[SRD rewrite] deleted patch=29, position=(-0.157, 0.203, 1.384), reason=Area 0.001536 below minimum 0.01
[SRD rewrite] deleted patch=6, position=(-0.689, -1.488, -0.844), reason=Area 0.003954 below minimum 0.01
[SRD rewrite] split patch=5, children=29,30, improvement=0.004976
[SRD rewrite] added patch=31, position=(0.797, -0.542, 0.857), improvement=0.004578
[SRD rewrite] added patch=32, position=(1.214, -0.735, -0.799), improvement=0.004483
SRD step 100: evaluated 27 candidates, 25 promising, accepted 6
  Accepted SplitPatch(5) at patch 5, improvement=0.004976
  Accepted AddPatch at patch 31, improvement=0.004578
  Accepted AddPatch at patch 32, improvement=0.004483
  Mandatory DeletePatch(6) at patch 6, reason=Area 0.003954 below minimum 0.01
  Mandatory DeletePatch(29) at patch 29, reason=Area 0.001536 below minimum 0.01
  Mandatory DeletePatch(30) at patch 30, reason=Area 0.002741 below minimum 0.01
  Total patches: 33, total adds: 6, total deletes: 3
  step 100/1000: loss=0.173032, patches=33
[SRD rewrite] deleted patch=31, position=(0.677, -0.560, 0.950), reason=Area 0.000302 below minimum 0.01
[SRD rewrite] deleted patch=30, position=(0.738, 0.108, 1.499), reason=Area 0.000964 below minimum 0.01
[SRD rewrite] deleted patch=29, position=(0.714, 0.051, 1.482), reason=Area 0.001675 below minimum 0.01
SRD step 150: evaluated 27 candidates, 0 promising, accepted 3
  Mandatory DeletePatch(29) at patch 29, reason=Area 0.001675 below minimum 0.01
  Mandatory DeletePatch(30) at patch 30, reason=Area 0.000964 below minimum 0.01
  Mandatory DeletePatch(31) at patch 31, reason=Area 0.000302 below minimum 0.01
  Total patches: 30, total adds: 6, total deletes: 6
  step 150/1000: loss=0.150637, patches=33
[SRD rewrite] added patch=30, position=(0.485, -0.084, 0.740), improvement=0.000764
[SRD rewrite] added patch=31, position=(0.444, -0.062, 0.748), improvement=0.000757
[SRD rewrite] added patch=32, position=(0.954, -0.597, 0.790), improvement=0.000658
SRD step 200: evaluated 27 candidates, 20 promising, accepted 3
  Accepted AddPatch at patch 30, improvement=0.000764
  Accepted AddPatch at patch 31, improvement=0.000757
  Accepted AddPatch at patch 32, improvement=0.000658
  Total patches: 33, total adds: 9, total deletes: 6
  step 200/1000: loss=0.139048, patches=30
[SRD rewrite] deleted patch=31, position=(0.335, 0.008, 0.768), reason=Area 0.001041 below minimum 0.01
[SRD rewrite] deleted patch=29, position=(1.269, -0.674, -0.876), reason=Area 0.002686 below minimum 0.01
[SRD rewrite] added patch=31, position=(0.855, -0.689, 0.946), improvement=0.000446
[SRD rewrite] added patch=32, position=(0.306, -0.720, 0.943), improvement=0.000381
[SRD rewrite] added patch=33, position=(0.632, -0.730, 0.967), improvement=0.000245
SRD step 250: evaluated 27 candidates, 5 promising, accepted 5
  Accepted AddPatch at patch 31, improvement=0.000446
  Accepted AddPatch at patch 32, improvement=0.000381
  Accepted AddPatch at patch 33, improvement=0.000245
  Mandatory DeletePatch(29) at patch 29, reason=Area 0.002686 below minimum 0.01
  Mandatory DeletePatch(31) at patch 31, reason=Area 0.001041 below minimum 0.01
  Total patches: 34, total adds: 12, total deletes: 8
  step 250/1000: loss=0.125594, patches=33
[SRD rewrite] deleted patch=33, position=(0.685, -0.738, 0.991), reason=Area 0.006711 below minimum 0.01
[SRD rewrite] deleted patch=32, position=(0.358, -0.648, 0.982), reason=Area 0.000141 below minimum 0.01
[SRD rewrite] deleted patch=31, position=(0.876, -0.662, 0.980), reason=Area 0.007445 below minimum 0.01
[SRD rewrite] deleted patch=29, position=(0.378, 0.022, 0.851), reason=Area 0.000852 below minimum 0.01
[SRD rewrite] deleted patch=1, position=(0.134, 0.391, -1.761), reason=Area 0.007413 below minimum 0.01
[SRD rewrite] split patch=1, children=28,29, improvement=0.000861
[SRD rewrite] added patch=30, position=(1.124, -0.929, -0.781), improvement=0.000434
[SRD rewrite] added patch=31, position=(1.111, -0.951, -0.801), improvement=0.000365
SRD step 300: evaluated 27 candidates, 5 promising, accepted 8
  Accepted SplitPatch(1) at patch 1, improvement=0.000861
  Accepted AddPatch at patch 30, improvement=0.000434
  Accepted AddPatch at patch 31, improvement=0.000365
  Mandatory DeletePatch(1) at patch 1, reason=Area 0.007413 below minimum 0.01
  Mandatory DeletePatch(29) at patch 29, reason=Area 0.000852 below minimum 0.01
  Mandatory DeletePatch(31) at patch 31, reason=Area 0.007445 below minimum 0.01
  Mandatory DeletePatch(32) at patch 32, reason=Area 0.000141 below minimum 0.01
  Mandatory DeletePatch(33) at patch 33, reason=Area 0.006711 below minimum 0.01
  Total patches: 32, total adds: 15, total deletes: 13
  step 300/1000: loss=0.126743, patches=34
[SRD rewrite] deleted patch=31, position=(1.260, -1.031, -0.950), reason=Area 0.001613 below minimum 0.01
[SRD rewrite] deleted patch=30, position=(1.228, -0.839, -0.826), reason=Area 0.003733 below minimum 0.01
[SRD rewrite] split patch=19, children=29,30, improvement=0.005727
[SRD rewrite] added patch=31, position=(-0.154, 0.191, 0.964), improvement=0.004072
[SRD rewrite] added patch=32, position=(0.669, 0.014, -0.343), improvement=0.003790
SRD step 350: evaluated 27 candidates, 24 promising, accepted 5
  Accepted SplitPatch(19) at patch 19, improvement=0.005727
  Accepted AddPatch at patch 31, improvement=0.004072
  Accepted AddPatch at patch 32, improvement=0.003790
  Mandatory DeletePatch(30) at patch 30, reason=Area 0.003733 below minimum 0.01
  Mandatory DeletePatch(31) at patch 31, reason=Area 0.001613 below minimum 0.01
  Total patches: 33, total adds: 18, total deletes: 15
  step 350/1000: loss=0.090943, patches=32
[SRD rewrite] deleted patch=32, position=(0.772, -0.081, -0.281), reason=Area 0.002067 below minimum 0.01
[SRD rewrite] deleted patch=31, position=(-0.206, 0.168, 0.933), reason=Area 0.005480 below minimum 0.01
[SRD rewrite] deleted patch=17, position=(1.389, -2.239, 0.208), reason=no image contribution, delete has no image effect
SRD step 400: evaluated 27 candidates, 0 promising, accepted 3
  Mandatory DeletePatch(31) at patch 31, reason=Area 0.005480 below minimum 0.01
  Mandatory DeletePatch(32) at patch 32, reason=Area 0.002067 below minimum 0.01
  Mandatory DeletePatch(17) at patch 17, reason=no image contribution, delete has no image effect
  Total patches: 30, total adds: 18, total deletes: 18
  step 400/1000: loss=0.059764, patches=33
SRD step 450: evaluated 27 candidates, 0 promising, accepted 0
  Total patches: 30, total adds: 18, total deletes: 18
  step 450/1000: loss=0.062102, patches=30
SRD step 500: evaluated 27 candidates, 0 promising, accepted 0
  Total patches: 30, total adds: 18, total deletes: 18
  step 500/1000: loss=0.065322, patches=30
[SRD rewrite] added patch=30, position=(0.487, -0.886, 0.403), improvement=0.000823
[SRD rewrite] added patch=31, position=(0.447, 0.319, 0.206), improvement=0.000663
[SRD rewrite] added patch=32, position=(0.713, 0.166, 0.841), improvement=0.000641
SRD step 550: evaluated 27 candidates, 11 promising, accepted 3
  Accepted AddPatch at patch 30, improvement=0.000823
  Accepted AddPatch at patch 31, improvement=0.000663
  Accepted AddPatch at patch 32, improvement=0.000641
  Total patches: 33, total adds: 21, total deletes: 18
  step 550/1000: loss=0.076838, patches=30
[SRD rewrite] deleted patch=32, position=(0.698, 0.216, 0.844), reason=Area 0.000280 below minimum 0.01
[SRD rewrite] deleted patch=31, position=(0.336, 0.450, 0.338), reason=Area 0.000305 below minimum 0.01
[SRD rewrite] deleted patch=24, position=(0.393, -0.446, 1.064), reason=Area 0.005858 below minimum 0.01
SRD step 600: evaluated 27 candidates, 0 promising, accepted 3
  Mandatory DeletePatch(24) at patch 24, reason=Area 0.005858 below minimum 0.01
  Mandatory DeletePatch(31) at patch 31, reason=Area 0.000305 below minimum 0.01
  Mandatory DeletePatch(32) at patch 32, reason=Area 0.000280 below minimum 0.01
  Total patches: 30, total adds: 21, total deletes: 21
  step 600/1000: loss=0.067438, patches=33
[SRD rewrite] deleted patch=29, position=(0.725, -0.709, 0.441), reason=Area 0.008949 below minimum 0.01
SRD step 650: evaluated 27 candidates, 0 promising, accepted 1
  Mandatory DeletePatch(29) at patch 29, reason=Area 0.008949 below minimum 0.01
  Total patches: 29, total adds: 21, total deletes: 22
  step 650/1000: loss=0.062752, patches=30
SRD step 700: evaluated 27 candidates, 0 promising, accepted 0
  Total patches: 29, total adds: 21, total deletes: 22
  step 700/1000: loss=0.058985, patches=29
SRD step 750: evaluated 27 candidates, 0 promising, accepted 0
  Total patches: 29, total adds: 21, total deletes: 22
  step 750/1000: loss=0.056324, patches=29
SRD step 800: evaluated 27 candidates, 0 promising, accepted 0
  Total patches: 29, total adds: 21, total deletes: 22
  step 800/1000: loss=0.050384, patches=29
[SRD rewrite] deleted patch=25, position=(0.109, -0.109, -0.110), reason=Area 0.008768 below minimum 0.01
SRD step 850: evaluated 27 candidates, 0 promising, accepted 1
  Mandatory DeletePatch(25) at patch 25, reason=Area 0.008768 below minimum 0.01
  Total patches: 28, total adds: 21, total deletes: 23
  step 850/1000: loss=0.060074, patches=29
SRD step 900: evaluated 27 candidates, 0 promising, accepted 0
  Total patches: 28, total adds: 21, total deletes: 23
  step 900/1000: loss=0.060038, patches=28
SRD step 950: evaluated 27 candidates, 0 promising, accepted 0
  Total patches: 28, total adds: 21, total deletes: 23
  step 950/1000: loss=0.060242, patches=28
SRD step 1000: evaluated 27 candidates, 0 promising, accepted 0
  Total patches: 28, total adds: 21, total deletes: 23
  step 1000/1000: loss=0.057377, patches=28
[SRD rewrite] deleted patch=6, position=(-0.841, -1.794, 2.386), reason=final deletion pass improved loss
[SRD rewrite] deleted patch=6, position=(-0.453, -0.356, -1.441), reason=final deletion pass improved loss
[SRD rewrite] deleted patch=8, position=(-1.458, -2.588, 0.055), reason=final deletion pass improved loss
[SRD rewrite] deleted patch=14, position=(0.700, -0.097, 2.020), reason=final deletion pass improved loss
[SRD rewrite] deleted patch=15, position=(1.272, -1.522, 2.184), reason=final deletion pass improved loss
[SRD rewrite] deleted patch=15, position=(1.173, -1.038, -0.677), reason=final deletion pass improved loss
[Trial 3] done: loss=0.041181, time=5942.4s
[Run] report written to results/slurm/20260718_1833/patchsize_water_fire_30/patches_30/with_srd/with_srd.txt
[Swept volume] building (resolution=256)...
[Run] mode=full, trials=3, seeds=[0, 1, 2], steps=1000, srd=False, ablation_flags={'disable_swept_volume_adds': True, 'loss_only_deletion': True, 'disable_splitting': False}
[Trial 1/3] seed=0
[Patch] mapbox-earcut is not installed; falling back to fan fill, so non-convex pieces will render incorrectly. Install it with: pip install mapbox-earcut
  step 50/1000: loss=0.230199, patches=30
  step 100/1000: loss=0.160042, patches=30
  step 150/1000: loss=0.108659, patches=30
  step 200/1000: loss=0.092232, patches=30
  step 250/1000: loss=0.089949, patches=30
  step 300/1000: loss=0.087465, patches=30
  step 350/1000: loss=0.086336, patches=30
  step 400/1000: loss=0.086351, patches=30
  step 450/1000: loss=0.079784, patches=30
  step 500/1000: loss=0.078655, patches=30
  step 550/1000: loss=0.072348, patches=30
  step 600/1000: loss=0.071763, patches=30
  step 650/1000: loss=0.072288, patches=30
  step 700/1000: loss=0.072168, patches=30
  step 750/1000: loss=0.070353, patches=30
  step 800/1000: loss=0.065681, patches=30
  step 850/1000: loss=0.062260, patches=30
  step 900/1000: loss=0.064315, patches=30
  step 950/1000: loss=0.062687, patches=30
  step 1000/1000: loss=0.064844, patches=30
[Trial 1] done: loss=0.063357, time=1578.1s
[Trial 2/3] seed=1
  step 50/1000: loss=0.206336, patches=30
  step 100/1000: loss=0.107928, patches=30
  step 150/1000: loss=0.080481, patches=30
  step 200/1000: loss=0.055132, patches=30
  step 250/1000: loss=0.046555, patches=30
  step 300/1000: loss=0.042340, patches=30
  step 350/1000: loss=0.037336, patches=30
  step 400/1000: loss=0.038396, patches=30
  step 450/1000: loss=0.034951, patches=30
  step 500/1000: loss=0.035250, patches=30
  step 550/1000: loss=0.032792, patches=30
  step 600/1000: loss=0.033484, patches=30
  step 650/1000: loss=0.033176, patches=30
  step 700/1000: loss=0.033633, patches=30
  step 750/1000: loss=0.035377, patches=30
  step 800/1000: loss=0.035342, patches=30
  step 850/1000: loss=0.035563, patches=30
  step 900/1000: loss=0.035504, patches=30
  step 950/1000: loss=0.035476, patches=30
  step 1000/1000: loss=0.038025, patches=30
[Trial 2] done: loss=0.038167, time=1643.1s
[Trial 3/3] seed=2
  step 50/1000: loss=0.283314, patches=30
  step 100/1000: loss=0.178113, patches=30
  step 150/1000: loss=0.155759, patches=30
  step 200/1000: loss=0.147067, patches=30
  step 250/1000: loss=0.132182, patches=30
  step 300/1000: loss=0.103574, patches=30
  step 350/1000: loss=0.101040, patches=30
  step 400/1000: loss=0.083886, patches=30
  step 450/1000: loss=0.086758, patches=30
  step 500/1000: loss=0.075236, patches=30
  step 550/1000: loss=0.073105, patches=30
  step 600/1000: loss=0.076777, patches=30
  step 650/1000: loss=0.073783, patches=30
  step 700/1000: loss=0.069795, patches=30
  step 750/1000: loss=0.072708, patches=30
  step 800/1000: loss=0.071130, patches=30
  step 850/1000: loss=0.067791, patches=30
  step 900/1000: loss=0.073708, patches=30
  step 950/1000: loss=0.071635, patches=30
  step 1000/1000: loss=0.070357, patches=30
[Trial 3] done: loss=0.070762, time=1564.1s
[Run] report written to results/slurm/20260718_1833/patchsize_water_fire_30/patches_30/without_srd/without_srd.txt

======================================================================
Running 3 trials WITH SRD
======================================================================


======================================================================
Running 3 trials WITHOUT SRD
======================================================================


[Comparison] report written to results/slurm/20260718_1833/patchsize_water_fire_30/patches_30/comparison.txt

======================================================================
SRD Patch Size Comparison
======================================================================
Started: 2026-07-19T00:32:54
Patch sizes: [30]
Trials per size: 3
Steps per trial: 1000
Output directory: results/slurm/20260718_1833/patchsize_water_fire_30
======================================================================


======================================================================
Running comparison with 30 initial patches
  Target 1: images/water.png
  Target 2: images/fire.png
  Trials: 3, Steps: 1000
======================================================================

[OK] Comparison with 30 patches completed successfully

======================================================================
Comparison Summary
======================================================================
Successful: 1/1
Total time: 21292.7 seconds (5.91 hours)
Summary report: results/slurm/20260718_1833/patchsize_water_fire_30/SUMMARY.txt
======================================================================

