## SLURM PROLOG ###############################################################
##    Job ID : 4080019
##  Job Name : 20260718_0340_patchsize_water_fire_5
##  Nodelist : gpu2601
##      CPUs : 
##  Mem/Node : 128000 MB
## Directory : /oscar/home/cjmok/automated-perspective-sculptor
##   Job Started : Sat Jul 18 05:00:56 AM EDT 2026
###############################################################################
[Swept volume] building (resolution=256)...
[Run] mode=full, trials=3, seeds=[0, 1, 2], steps=1000, srd=True, ablation_flags={'disable_swept_volume_adds': False, 'loss_only_deletion': False, 'disable_splitting': False}
[Trial 1/3] seed=0
[Patch] mapbox-earcut is not installed; falling back to fan fill, so non-convex pieces will render incorrectly. Install it with: pip install mapbox-earcut
[SRD rewrite] split patch=4, children=4,5, improvement=0.014803
[SRD rewrite] added patch=6, position=(0.644, 0.038, -0.518), improvement=0.006715
[SRD rewrite] added patch=7, position=(0.846, -0.061, 0.697), improvement=0.006311
SRD step 50: evaluated 27 candidates, 17 promising, accepted 3
  Accepted SplitPatch(4) at patch 4, improvement=0.014803
  Accepted AddPatch at patch 6, improvement=0.006715
  Accepted AddPatch at patch 7, improvement=0.006311
  Total patches: 8, total adds: 3, total deletes: 0
  step 50/1000: loss=0.441937, patches=5
[SRD rewrite] deleted patch=7, position=(0.916, -0.039, 0.820), reason=Area 0.000288 below minimum 0.01
[SRD rewrite] deleted patch=5, position=(-1.117, -1.331, -1.303), reason=Area 0.004747 below minimum 0.01
[SRD rewrite] added patch=6, position=(0.178, -0.796, 1.049), improvement=0.011119
[SRD rewrite] added patch=7, position=(0.358, -0.614, 0.845), improvement=0.010582
[SRD rewrite] added patch=8, position=(0.478, -0.525, 0.862), improvement=0.009307
SRD step 100: evaluated 27 candidates, 27 promising, accepted 5
  Accepted AddPatch at patch 6, improvement=0.011119
  Accepted AddPatch at patch 7, improvement=0.010582
  Accepted AddPatch at patch 8, improvement=0.009307
  Mandatory DeletePatch(5) at patch 5, reason=Area 0.004747 below minimum 0.01
  Mandatory DeletePatch(7) at patch 7, reason=Area 0.000288 below minimum 0.01
  Total patches: 9, total adds: 6, total deletes: 2
  step 100/1000: loss=0.363502, patches=8
[SRD rewrite] added patch=9, position=(0.043, -0.932, 1.009), improvement=0.008937
[SRD rewrite] added patch=10, position=(0.350, -0.750, 1.029), improvement=0.008821
[SRD rewrite] added patch=11, position=(0.659, -0.730, 0.953), improvement=0.008333
SRD step 150: evaluated 27 candidates, 23 promising, accepted 3
  Accepted AddPatch at patch 9, improvement=0.008937
  Accepted AddPatch at patch 10, improvement=0.008821
  Accepted AddPatch at patch 11, improvement=0.008333
  Total patches: 12, total adds: 9, total deletes: 2
  step 150/1000: loss=0.304078, patches=9
[SRD rewrite] deleted patch=10, position=(0.396, -0.765, 1.040), reason=Area 0.009119 below minimum 0.01
[SRD rewrite] deleted patch=8, position=(0.472, -0.538, 1.038), reason=Area 0.009146 below minimum 0.01
[SRD rewrite] deleted patch=4, position=(-1.450, -0.705, -1.294), reason=Area 0.004221 below minimum 0.01
[SRD rewrite] restored patch=9, position=(0.472, -0.538, 1.038), improvement=0.001616
[SRD rewrite] added patch=10, position=(0.342, -0.714, 0.884), improvement=0.001307
[SRD rewrite] added patch=11, position=(0.141, -0.826, 1.061), improvement=0.001245
SRD step 200: evaluated 27 candidates, 7 promising, accepted 6
  Accepted RestorePatch(4) at patch 9, improvement=0.001616
  Accepted AddPatch at patch 10, improvement=0.001307
  Accepted AddPatch at patch 11, improvement=0.001245
  Mandatory DeletePatch(4) at patch 4, reason=Area 0.004221 below minimum 0.01
  Mandatory DeletePatch(8) at patch 8, reason=Area 0.009146 below minimum 0.01
  Mandatory DeletePatch(10) at patch 10, reason=Area 0.009119 below minimum 0.01
  Total patches: 12, total adds: 12, total deletes: 5
  step 200/1000: loss=0.246682, patches=12
[SRD rewrite] deleted patch=11, position=(0.194, -0.802, 1.078), reason=Area 0.002188 below minimum 0.01
[SRD rewrite] deleted patch=9, position=(0.477, -0.489, 1.069), reason=Area 0.008748 below minimum 0.01
SRD step 250: evaluated 27 candidates, 0 promising, accepted 2
  Mandatory DeletePatch(9) at patch 9, reason=Area 0.008748 below minimum 0.01
  Mandatory DeletePatch(11) at patch 11, reason=Area 0.002188 below minimum 0.01
  Total patches: 10, total adds: 12, total deletes: 7
  step 250/1000: loss=0.212697, patches=12
[SRD rewrite] added patch=10, position=(0.924, -0.418, 0.748), improvement=0.004149
[SRD rewrite] added patch=11, position=(0.778, -0.468, 0.772), improvement=0.004067
[SRD rewrite] restored patch=12, position=(0.194, -0.802, 1.078), improvement=0.003802
SRD step 300: evaluated 27 candidates, 20 promising, accepted 3
  Accepted AddPatch at patch 10, improvement=0.004149
  Accepted AddPatch at patch 11, improvement=0.004067
  Accepted RestorePatch(5) at patch 12, improvement=0.003802
  Total patches: 13, total adds: 15, total deletes: 7
  step 300/1000: loss=0.194354, patches=10
[SRD rewrite] deleted patch=12, position=(0.279, -0.811, 1.079), reason=Area 0.000193 below minimum 0.01
[SRD rewrite] deleted patch=11, position=(0.817, -0.535, 0.746), reason=Area 0.001527 below minimum 0.01
[SRD rewrite] deleted patch=9, position=(0.265, -0.697, 1.083), reason=Area 0.005047 below minimum 0.01
SRD step 350: evaluated 27 candidates, 0 promising, accepted 3
  Mandatory DeletePatch(9) at patch 9, reason=Area 0.005047 below minimum 0.01
  Mandatory DeletePatch(11) at patch 11, reason=Area 0.001527 below minimum 0.01
  Mandatory DeletePatch(12) at patch 12, reason=Area 0.000193 below minimum 0.01
  Total patches: 10, total adds: 15, total deletes: 10
  step 350/1000: loss=0.170754, patches=13
[SRD rewrite] added patch=10, position=(0.801, 0.183, -0.342), improvement=0.001086
[SRD rewrite] added patch=11, position=(0.835, -0.408, 0.718), improvement=0.000725
[SRD rewrite] added patch=12, position=(0.595, 0.553, 0.153), improvement=0.000261
SRD step 400: evaluated 27 candidates, 15 promising, accepted 3
  Accepted AddPatch at patch 10, improvement=0.001086
  Accepted AddPatch at patch 11, improvement=0.000725
  Accepted AddPatch at patch 12, improvement=0.000261
  Total patches: 13, total adds: 18, total deletes: 10
  step 400/1000: loss=0.166642, patches=10
[SRD rewrite] deleted patch=12, position=(0.675, 0.539, 0.207), reason=Area 0.003153 below minimum 0.01
[SRD rewrite] deleted patch=11, position=(0.774, -0.469, 0.765), reason=Area 0.001446 below minimum 0.01
[SRD rewrite] deleted patch=10, position=(0.819, 0.232, -0.281), reason=Area 0.003719 below minimum 0.01
[SRD rewrite] deleted patch=5, position=(0.227, -0.664, 1.109), reason=Area 0.001865 below minimum 0.01
SRD step 450: evaluated 27 candidates, 0 promising, accepted 4
  Mandatory DeletePatch(5) at patch 5, reason=Area 0.001865 below minimum 0.01
  Mandatory DeletePatch(10) at patch 10, reason=Area 0.003719 below minimum 0.01
  Mandatory DeletePatch(11) at patch 11, reason=Area 0.001446 below minimum 0.01
  Mandatory DeletePatch(12) at patch 12, reason=Area 0.003153 below minimum 0.01
  Total patches: 9, total adds: 18, total deletes: 14
  step 450/1000: loss=0.159528, patches=13
SRD step 500: evaluated 27 candidates, 0 promising, accepted 0
  Total patches: 9, total adds: 18, total deletes: 14
  step 500/1000: loss=0.163027, patches=9
[SRD rewrite] added patch=9, position=(0.318, -0.605, 0.859), improvement=0.000660
[SRD rewrite] added patch=10, position=(0.312, -0.669, 0.707), improvement=0.000302
[SRD rewrite] added patch=11, position=(-0.665, 2.431, -0.427), improvement=0.000276
SRD step 550: evaluated 27 candidates, 7 promising, accepted 3
  Accepted AddPatch at patch 9, improvement=0.000660
  Accepted AddPatch at patch 10, improvement=0.000302
  Accepted AddPatch at patch 11, improvement=0.000276
  Total patches: 12, total adds: 21, total deletes: 14
  step 550/1000: loss=0.159128, patches=9
[SRD rewrite] deleted patch=11, position=(-0.665, 2.431, -0.427), reason=Area 0.009291 below minimum 0.01
[SRD rewrite] deleted patch=10, position=(0.371, -0.603, 0.664), reason=Area 0.002504 below minimum 0.01
[SRD rewrite] deleted patch=9, position=(0.282, -0.521, 0.801), reason=Area 0.002562 below minimum 0.01
SRD step 600: evaluated 27 candidates, 0 promising, accepted 3
  Mandatory DeletePatch(9) at patch 9, reason=Area 0.002562 below minimum 0.01
  Mandatory DeletePatch(10) at patch 10, reason=Area 0.002504 below minimum 0.01
  Mandatory DeletePatch(11) at patch 11, reason=Area 0.009291 below minimum 0.01
  Total patches: 9, total adds: 21, total deletes: 17
  step 600/1000: loss=0.157859, patches=12
[SRD rewrite] added patch=9, position=(0.248, -0.477, 0.723), improvement=0.001974
[SRD rewrite] restored patch=10, position=(0.371, -0.603, 0.664), improvement=0.001562
[SRD rewrite] added patch=11, position=(0.951, -0.811, 1.015), improvement=0.001459
SRD step 650: evaluated 27 candidates, 13 promising, accepted 3
  Accepted AddPatch at patch 9, improvement=0.001974
  Accepted RestorePatch(14) at patch 10, improvement=0.001562
  Accepted AddPatch at patch 11, improvement=0.001459
  Total patches: 12, total adds: 24, total deletes: 17
  step 650/1000: loss=0.154810, patches=9
[SRD rewrite] deleted patch=11, position=(0.848, -0.862, 0.907), reason=Area 0.003073 below minimum 0.01
[SRD rewrite] deleted patch=10, position=(0.404, -0.570, 0.631), reason=Area 0.001275 below minimum 0.01
[SRD rewrite] deleted patch=9, position=(0.271, -0.466, 0.842), reason=Area 0.001715 below minimum 0.01
SRD step 700: evaluated 27 candidates, 0 promising, accepted 3
  Mandatory DeletePatch(9) at patch 9, reason=Area 0.001715 below minimum 0.01
  Mandatory DeletePatch(10) at patch 10, reason=Area 0.001275 below minimum 0.01
  Mandatory DeletePatch(11) at patch 11, reason=Area 0.003073 below minimum 0.01
  Total patches: 9, total adds: 24, total deletes: 20
  step 700/1000: loss=0.147894, patches=12
SRD step 750: evaluated 27 candidates, 0 promising, accepted 0
  Total patches: 9, total adds: 24, total deletes: 20
  step 750/1000: loss=0.149172, patches=9
[SRD rewrite] added patch=9, position=(-0.203, 0.220, 0.194), improvement=0.000022
SRD step 800: evaluated 27 candidates, 1 promising, accepted 1
  Accepted AddPatch at patch 9, improvement=0.000022
  Total patches: 10, total adds: 25, total deletes: 20
  step 800/1000: loss=0.146991, patches=9
SRD step 850: evaluated 27 candidates, 0 promising, accepted 0
  Total patches: 10, total adds: 25, total deletes: 20
  step 850/1000: loss=0.144638, patches=10
SRD step 900: evaluated 27 candidates, 0 promising, accepted 0
  Total patches: 10, total adds: 25, total deletes: 20
  step 900/1000: loss=0.142640, patches=10
[SRD rewrite] added patch=10, position=(0.801, 0.167, -0.403), improvement=0.000057
SRD step 950: evaluated 27 candidates, 1 promising, accepted 1
  Accepted AddPatch at patch 10, improvement=0.000057
  Total patches: 11, total adds: 26, total deletes: 20
  step 950/1000: loss=0.144382, patches=10
SRD step 1000: evaluated 27 candidates, 0 promising, accepted 0
  Total patches: 11, total adds: 26, total deletes: 20
  step 1000/1000: loss=0.140670, patches=11
[Trial 1] done: loss=0.140243, time=1845.5s
[Trial 2/3] seed=1
[SRD rewrite] added patch=5, position=(0.573, 0.142, 0.505), improvement=0.013567
[SRD rewrite] added patch=6, position=(0.729, 0.067, 0.615), improvement=0.013565
[SRD rewrite] added patch=7, position=(0.758, 0.057, -0.404), improvement=0.012738
SRD step 50: evaluated 27 candidates, 14 promising, accepted 3
  Accepted AddPatch at patch 5, improvement=0.013567
  Accepted AddPatch at patch 6, improvement=0.013565
  Accepted AddPatch at patch 7, improvement=0.012738
  Total patches: 8, total adds: 3, total deletes: 0
  step 50/1000: loss=0.357350, patches=5
[SRD rewrite] deleted patch=6, position=(0.778, 0.217, 0.676), reason=Area 0.000793 below minimum 0.01
[SRD rewrite] added patch=7, position=(0.601, 0.127, -0.217), improvement=0.006216
[SRD rewrite] added patch=8, position=(0.563, 0.320, -0.148), improvement=0.006063
[SRD rewrite] added patch=9, position=(1.311, -0.664, -0.817), improvement=0.005732
SRD step 100: evaluated 27 candidates, 17 promising, accepted 4
  Accepted AddPatch at patch 7, improvement=0.006216
  Accepted AddPatch at patch 8, improvement=0.006063
  Accepted AddPatch at patch 9, improvement=0.005732
  Mandatory DeletePatch(6) at patch 6, reason=Area 0.000793 below minimum 0.01
  Total patches: 10, total adds: 6, total deletes: 1
  step 100/1000: loss=0.268949, patches=8
[SRD rewrite] deleted patch=8, position=(0.587, 0.234, -0.053), reason=Area 0.000680 below minimum 0.01
[SRD rewrite] added patch=9, position=(0.621, 0.188, 0.228), improvement=0.002178
[SRD rewrite] added patch=10, position=(1.071, -1.003, -0.808), improvement=0.002160
[SRD rewrite] added patch=11, position=(0.536, 0.277, 0.315), improvement=0.002114
SRD step 150: evaluated 27 candidates, 13 promising, accepted 4
  Accepted AddPatch at patch 9, improvement=0.002178
  Accepted AddPatch at patch 10, improvement=0.002160
  Accepted AddPatch at patch 11, improvement=0.002114
  Mandatory DeletePatch(8) at patch 8, reason=Area 0.000680 below minimum 0.01
  Total patches: 12, total adds: 9, total deletes: 2
  step 150/1000: loss=0.230042, patches=10
[SRD rewrite] deleted patch=11, position=(0.696, 0.374, 0.448), reason=Area 0.001223 below minimum 0.01
[SRD rewrite] deleted patch=9, position=(0.702, 0.303, 0.353), reason=Area 0.004925 below minimum 0.01
[SRD rewrite] restored patch=10, position=(0.702, 0.303, 0.353), improvement=0.001506
[SRD rewrite] restored patch=11, position=(0.587, 0.234, -0.053), improvement=0.001436
[SRD rewrite] restored patch=12, position=(0.696, 0.374, 0.448), improvement=0.001298
SRD step 200: evaluated 27 candidates, 13 promising, accepted 5
  Accepted RestorePatch(3) at patch 10, improvement=0.001506
  Accepted RestorePatch(1) at patch 11, improvement=0.001436
  Accepted RestorePatch(2) at patch 12, improvement=0.001298
  Mandatory DeletePatch(9) at patch 9, reason=Area 0.004925 below minimum 0.01
  Mandatory DeletePatch(11) at patch 11, reason=Area 0.001223 below minimum 0.01
  Total patches: 13, total adds: 12, total deletes: 4
  step 200/1000: loss=0.200440, patches=12
[SRD rewrite] deleted patch=12, position=(0.777, 0.400, 0.493), reason=Area 0.000349 below minimum 0.01
[SRD rewrite] deleted patch=11, position=(0.614, 0.198, -0.133), reason=Area 0.000358 below minimum 0.01
[SRD rewrite] deleted patch=10, position=(0.691, 0.394, 0.426), reason=Area 0.000371 below minimum 0.01
[SRD rewrite] deleted patch=8, position=(1.234, -0.992, -0.397), reason=Area 0.006115 below minimum 0.01
[SRD rewrite] added patch=9, position=(0.508, -1.047, -0.868), improvement=0.000588
[SRD rewrite] added patch=10, position=(0.665, 0.242, 0.129), improvement=0.000470
[SRD rewrite] restored patch=11, position=(0.691, 0.394, 0.426), improvement=0.000345
SRD step 250: evaluated 27 candidates, 5 promising, accepted 7
  Accepted AddPatch at patch 9, improvement=0.000588
  Accepted AddPatch at patch 10, improvement=0.000470
  Accepted RestorePatch(3) at patch 11, improvement=0.000345
  Mandatory DeletePatch(8) at patch 8, reason=Area 0.006115 below minimum 0.01
  Mandatory DeletePatch(10) at patch 10, reason=Area 0.000371 below minimum 0.01
  Mandatory DeletePatch(11) at patch 11, reason=Area 0.000358 below minimum 0.01
  Mandatory DeletePatch(12) at patch 12, reason=Area 0.000349 below minimum 0.01
  Total patches: 12, total adds: 15, total deletes: 8
  step 250/1000: loss=0.177340, patches=13
[SRD rewrite] deleted patch=11, position=(0.716, 0.420, 0.478), reason=Area 0.000371 below minimum 0.01
[SRD rewrite] deleted patch=10, position=(0.745, 0.306, 0.178), reason=Area 0.001004 below minimum 0.01
[SRD rewrite] deleted patch=9, position=(0.388, -1.140, -0.797), reason=Area 0.002599 below minimum 0.01
[SRD rewrite] added patch=9, position=(-0.302, -1.253, -0.845), improvement=0.000936
[SRD rewrite] added patch=10, position=(0.688, 0.244, 0.367), improvement=0.000113
SRD step 300: evaluated 27 candidates, 2 promising, accepted 5
  Accepted AddPatch at patch 9, improvement=0.000936
  Accepted AddPatch at patch 10, improvement=0.000113
  Mandatory DeletePatch(9) at patch 9, reason=Area 0.002599 below minimum 0.01
  Mandatory DeletePatch(10) at patch 10, reason=Area 0.001004 below minimum 0.01
  Mandatory DeletePatch(11) at patch 11, reason=Area 0.000371 below minimum 0.01
  Total patches: 11, total adds: 17, total deletes: 11
  step 300/1000: loss=0.156879, patches=12
[SRD rewrite] deleted patch=10, position=(0.772, 0.319, 0.473), reason=Area 0.000421 below minimum 0.01
[SRD rewrite] deleted patch=5, position=(0.525, 0.525, 0.725), reason=Area 0.009383 below minimum 0.01
SRD step 350: evaluated 27 candidates, 0 promising, accepted 2
  Mandatory DeletePatch(5) at patch 5, reason=Area 0.009383 below minimum 0.01
  Mandatory DeletePatch(10) at patch 10, reason=Area 0.000421 below minimum 0.01
  Total patches: 9, total adds: 17, total deletes: 13
  step 350/1000: loss=0.136062, patches=11
[SRD rewrite] added patch=9, position=(-0.408, 0.062, -0.168), improvement=0.002291
[SRD rewrite] restored patch=10, position=(0.388, -1.140, -0.797), improvement=0.001722
[SRD rewrite] added patch=11, position=(0.465, 0.341, -0.210), improvement=0.001584
SRD step 400: evaluated 27 candidates, 9 promising, accepted 3
  Accepted AddPatch at patch 9, improvement=0.002291
  Accepted RestorePatch(6) at patch 10, improvement=0.001722
  Accepted AddPatch at patch 11, improvement=0.001584
  Total patches: 12, total adds: 20, total deletes: 13
  step 400/1000: loss=0.135040, patches=9
[SRD rewrite] deleted patch=11, position=(0.543, 0.239, -0.197), reason=Area 0.000567 below minimum 0.01
[SRD rewrite] deleted patch=10, position=(0.365, -1.163, -0.820), reason=Area 0.001788 below minimum 0.01
[SRD rewrite] restored patch=10, position=(0.525, 0.525, 0.725), improvement=0.000450
SRD step 450: evaluated 27 candidates, 1 promising, accepted 3
  Accepted RestorePatch(7) at patch 10, improvement=0.000450
  Mandatory DeletePatch(10) at patch 10, reason=Area 0.001788 below minimum 0.01
  Mandatory DeletePatch(11) at patch 11, reason=Area 0.000567 below minimum 0.01
  Total patches: 11, total adds: 21, total deletes: 15
  step 450/1000: loss=0.120925, patches=12
[SRD rewrite] deleted patch=10, position=(0.521, 0.547, 0.719), reason=Area 0.008693 below minimum 0.01
SRD step 500: evaluated 27 candidates, 0 promising, accepted 1
  Mandatory DeletePatch(10) at patch 10, reason=Area 0.008693 below minimum 0.01
  Total patches: 10, total adds: 21, total deletes: 16
  step 500/1000: loss=0.117714, patches=11
[SRD rewrite] restored patch=10, position=(0.543, 0.239, -0.197), improvement=0.000811
[SRD rewrite] added patch=11, position=(-0.070, 0.357, 0.239), improvement=0.000481
SRD step 550: evaluated 27 candidates, 17 promising, accepted 3
  Accepted RestorePatch(7) at patch 10, improvement=0.000811
  Accepted AddPatch at patch 11, improvement=0.000481
  Accepted SplitPatch(1) at patch 1, improvement=0.000099
  Total patches: 12, total adds: 23, total deletes: 16
  step 550/1000: loss=0.120350, patches=10
[SRD rewrite] deleted patch=11, position=(-0.051, 0.347, 0.237), reason=Area 0.000213 below minimum 0.01
[SRD rewrite] deleted patch=10, position=(0.524, 0.220, -0.178), reason=Area 0.000391 below minimum 0.01
[SRD rewrite] added patch=10, position=(0.850, 0.213, -0.445), improvement=0.000491
[SRD rewrite] added patch=11, position=(0.614, 0.246, -0.061), improvement=0.000422
[SRD rewrite] restored patch=12, position=(-0.051, 0.347, 0.237), improvement=0.000351
SRD step 600: evaluated 27 candidates, 7 promising, accepted 5
  Accepted AddPatch at patch 10, improvement=0.000491
  Accepted AddPatch at patch 11, improvement=0.000422
  Accepted RestorePatch(9) at patch 12, improvement=0.000351
  Mandatory DeletePatch(10) at patch 10, reason=Area 0.000391 below minimum 0.01
  Mandatory DeletePatch(11) at patch 11, reason=Area 0.000213 below minimum 0.01
  Total patches: 13, total adds: 26, total deletes: 18
  step 600/1000: loss=0.115463, patches=12
[SRD rewrite] deleted patch=12, position=(-0.038, 0.387, 0.268), reason=Area 0.000213 below minimum 0.01
[SRD rewrite] deleted patch=10, position=(0.852, 0.248, -0.411), reason=Area 0.000201 below minimum 0.01
SRD step 650: evaluated 27 candidates, 0 promising, accepted 2
  Mandatory DeletePatch(10) at patch 10, reason=Area 0.000201 below minimum 0.01
  Mandatory DeletePatch(12) at patch 12, reason=Area 0.000213 below minimum 0.01
  Total patches: 11, total adds: 26, total deletes: 20
  step 650/1000: loss=0.105944, patches=13
[SRD rewrite] deleted patch=10, position=(0.683, 0.376, 0.059), reason=Area 0.004024 below minimum 0.01
SRD step 700: evaluated 27 candidates, 0 promising, accepted 1
  Mandatory DeletePatch(10) at patch 10, reason=Area 0.004024 below minimum 0.01
  Total patches: 10, total adds: 26, total deletes: 21
  step 700/1000: loss=0.108823, patches=11
[SRD rewrite] restored patch=10, position=(0.521, 0.547, 0.719), improvement=0.000327
SRD step 750: evaluated 27 candidates, 1 promising, accepted 1
  Accepted RestorePatch(8) at patch 10, improvement=0.000327
  Total patches: 11, total adds: 27, total deletes: 21
  step 750/1000: loss=0.109720, patches=10
[SRD rewrite] deleted patch=10, position=(0.513, 0.586, 0.699), reason=Area 0.000640 below minimum 0.01
SRD step 800: evaluated 27 candidates, 0 promising, accepted 1
  Mandatory DeletePatch(10) at patch 10, reason=Area 0.000640 below minimum 0.01
  Total patches: 10, total adds: 27, total deletes: 22
  step 800/1000: loss=0.107645, patches=11
[SRD rewrite] deleted patch=4, position=(-0.118, 0.486, 0.448), reason=Area 0.004543 below minimum 0.01
[SRD rewrite] added patch=9, position=(0.639, 0.155, -0.462), improvement=0.000343
[SRD rewrite] restored patch=10, position=(0.524, 0.220, -0.178), improvement=0.000105
SRD step 850: evaluated 27 candidates, 4 promising, accepted 3
  Accepted AddPatch at patch 9, improvement=0.000343
  Accepted RestorePatch(8) at patch 10, improvement=0.000105
  Mandatory DeletePatch(4) at patch 4, reason=Area 0.004543 below minimum 0.01
  Total patches: 11, total adds: 29, total deletes: 23
  step 850/1000: loss=0.111442, patches=10
[SRD rewrite] deleted patch=10, position=(0.479, 0.210, -0.179), reason=Area 0.000153 below minimum 0.01
[SRD rewrite] deleted patch=9, position=(0.580, 0.079, -0.517), reason=Area 0.001093 below minimum 0.01
SRD step 900: evaluated 27 candidates, 0 promising, accepted 2
  Mandatory DeletePatch(9) at patch 9, reason=Area 0.001093 below minimum 0.01
  Mandatory DeletePatch(10) at patch 10, reason=Area 0.000153 below minimum 0.01
  Total patches: 9, total adds: 29, total deletes: 25
  step 900/1000: loss=0.109064, patches=11
SRD step 950: evaluated 27 candidates, 0 promising, accepted 0
  Total patches: 9, total adds: 29, total deletes: 25
  step 950/1000: loss=0.112945, patches=9
SRD step 1000: evaluated 27 candidates, 0 promising, accepted 0
  Total patches: 9, total adds: 29, total deletes: 25
  step 1000/1000: loss=0.112010, patches=9
[Trial 2] done: loss=0.112321, time=1922.2s
[Trial 3/3] seed=2
[SRD rewrite] added patch=5, position=(0.696, -0.696, 0.967), improvement=0.012640
[SRD rewrite] added patch=6, position=(1.049, -0.183, -0.532), improvement=0.012626
[SRD rewrite] added patch=7, position=(0.610, -0.641, 0.915), improvement=0.012526
SRD step 50: evaluated 27 candidates, 12 promising, accepted 3
  Accepted AddPatch at patch 5, improvement=0.012640
  Accepted AddPatch at patch 6, improvement=0.012626
  Accepted AddPatch at patch 7, improvement=0.012526
  Total patches: 8, total adds: 3, total deletes: 0
  step 50/1000: loss=0.412154, patches=5
[SRD rewrite] deleted patch=6, position=(1.067, -0.137, -0.527), reason=Area 0.004460 below minimum 0.01
[SRD rewrite] split patch=2, children=6,7, improvement=0.006353
[SRD rewrite] added patch=8, position=(0.538, 0.139, 0.595), improvement=0.005998
[SRD rewrite] added patch=9, position=(0.519, 0.061, 0.719), improvement=0.005968
SRD step 100: evaluated 27 candidates, 20 promising, accepted 4
  Accepted SplitPatch(2) at patch 2, improvement=0.006353
  Accepted AddPatch at patch 8, improvement=0.005998
  Accepted AddPatch at patch 9, improvement=0.005968
  Mandatory DeletePatch(6) at patch 6, reason=Area 0.004460 below minimum 0.01
  Total patches: 10, total adds: 6, total deletes: 1
  step 100/1000: loss=0.325898, patches=8
[SRD rewrite] deleted patch=6, position=(-0.053, 0.056, 1.522), reason=Area 0.008516 below minimum 0.01
[SRD rewrite] deleted patch=4, position=(0.833, -0.763, 0.985), reason=Area 0.002118 below minimum 0.01
[SRD rewrite] added patch=8, position=(0.865, -0.737, 0.916), improvement=0.001421
[SRD rewrite] added patch=9, position=(0.330, 0.422, 0.390), improvement=0.001208
[SRD rewrite] added patch=10, position=(0.310, 0.484, 0.188), improvement=0.000879
SRD step 150: evaluated 27 candidates, 7 promising, accepted 5
  Accepted AddPatch at patch 8, improvement=0.001421
  Accepted AddPatch at patch 9, improvement=0.001208
  Accepted AddPatch at patch 10, improvement=0.000879
  Mandatory DeletePatch(4) at patch 4, reason=Area 0.002118 below minimum 0.01
  Mandatory DeletePatch(6) at patch 6, reason=Area 0.008516 below minimum 0.01
  Total patches: 11, total adds: 9, total deletes: 3
  step 150/1000: loss=0.268080, patches=10
[SRD rewrite] added patch=11, position=(-0.204, -1.214, -0.913), improvement=0.005767
[SRD rewrite] added patch=12, position=(0.952, -0.499, 0.855), improvement=0.005609
[SRD rewrite] added patch=13, position=(1.010, -0.606, 0.794), improvement=0.005289
SRD step 200: evaluated 27 candidates, 18 promising, accepted 3
  Accepted AddPatch at patch 11, improvement=0.005767
  Accepted AddPatch at patch 12, improvement=0.005609
  Accepted AddPatch at patch 13, improvement=0.005289
  Total patches: 14, total adds: 12, total deletes: 3
  step 200/1000: loss=0.240029, patches=11
[SRD rewrite] deleted patch=9, position=(0.253, 0.416, 0.514), reason=Area 0.006135 below minimum 0.01
[SRD rewrite] added patch=13, position=(0.920, -0.264, 0.742), improvement=0.004799
[SRD rewrite] added patch=14, position=(0.870, -0.484, 0.899), improvement=0.004718
[SRD rewrite] restored patch=15, position=(1.067, -0.137, -0.527), improvement=0.004566
SRD step 250: evaluated 27 candidates, 24 promising, accepted 4
  Accepted AddPatch at patch 13, improvement=0.004799
  Accepted AddPatch at patch 14, improvement=0.004718
  Accepted RestorePatch(0) at patch 15, improvement=0.004566
  Mandatory DeletePatch(9) at patch 9, reason=Area 0.006135 below minimum 0.01
  Total patches: 16, total adds: 15, total deletes: 4
  step 250/1000: loss=0.177834, patches=14
[SRD rewrite] deleted patch=15, position=(1.100, -0.112, -0.655), reason=Area 0.003509 below minimum 0.01
[SRD rewrite] deleted patch=14, position=(0.871, -0.481, 0.802), reason=Area 0.002661 below minimum 0.01
[SRD rewrite] deleted patch=13, position=(0.980, -0.262, 0.764), reason=Area 0.003315 below minimum 0.01
SRD step 300: evaluated 27 candidates, 0 promising, accepted 3
  Mandatory DeletePatch(13) at patch 13, reason=Area 0.003315 below minimum 0.01
  Mandatory DeletePatch(14) at patch 14, reason=Area 0.002661 below minimum 0.01
  Mandatory DeletePatch(15) at patch 15, reason=Area 0.003509 below minimum 0.01
  Total patches: 13, total adds: 15, total deletes: 7
  step 300/1000: loss=0.142357, patches=16
[SRD rewrite] deleted patch=12, position=(1.018, -0.528, 0.673), reason=Area 0.005333 below minimum 0.01
[SRD rewrite] added patch=12, position=(0.556, -0.798, -0.910), improvement=0.000168
[SRD rewrite] added patch=13, position=(0.574, -0.952, -0.872), improvement=0.000055
SRD step 350: evaluated 27 candidates, 2 promising, accepted 3
  Accepted AddPatch at patch 12, improvement=0.000168
  Accepted AddPatch at patch 13, improvement=0.000055
  Mandatory DeletePatch(12) at patch 12, reason=Area 0.005333 below minimum 0.01
  Total patches: 14, total adds: 17, total deletes: 8
  step 350/1000: loss=0.137637, patches=13
[SRD rewrite] added patch=14, position=(1.008, -0.742, 0.881), improvement=0.003345
[SRD rewrite] added patch=15, position=(0.494, -1.093, -0.795), improvement=0.003334
[SRD rewrite] restored patch=16, position=(0.253, 0.416, 0.514), improvement=0.003077
SRD step 400: evaluated 27 candidates, 25 promising, accepted 3
  Accepted AddPatch at patch 14, improvement=0.003345
  Accepted AddPatch at patch 15, improvement=0.003334
  Accepted RestorePatch(3) at patch 16, improvement=0.003077
  Total patches: 17, total adds: 20, total deletes: 8
  step 400/1000: loss=0.135821, patches=14
[SRD rewrite] deleted patch=16, position=(0.249, 0.403, 0.553), reason=Area 0.000290 below minimum 0.01
[SRD rewrite] deleted patch=14, position=(1.006, -0.750, 0.954), reason=Area 0.001130 below minimum 0.01
[SRD rewrite] deleted patch=8, position=(1.045, -0.511, 1.008), reason=Area 0.002713 below minimum 0.01
SRD step 450: evaluated 27 candidates, 0 promising, accepted 3
  Mandatory DeletePatch(8) at patch 8, reason=Area 0.002713 below minimum 0.01
  Mandatory DeletePatch(14) at patch 14, reason=Area 0.001130 below minimum 0.01
  Mandatory DeletePatch(16) at patch 16, reason=Area 0.000290 below minimum 0.01
  Total patches: 14, total adds: 20, total deletes: 11
  step 450/1000: loss=0.123321, patches=17
[SRD rewrite] deleted patch=11, position=(0.332, -0.593, -0.667), reason=delete has no image effect
[SRD rewrite] restored patch=13, position=(0.332, -0.593, -0.667), improvement=0.000561
SRD step 500: evaluated 27 candidates, 1 promising, accepted 2
  Accepted RestorePatch(10) at patch 13, improvement=0.000561
  Mandatory DeletePatch(11) at patch 11, reason=delete has no image effect
  Total patches: 14, total adds: 21, total deletes: 12
  step 500/1000: loss=0.117111, patches=14
[SRD rewrite] deleted patch=13, position=(0.376, -0.554, -0.753), reason=Area 0.001976 below minimum 0.01
[SRD rewrite] deleted patch=10, position=(0.955, -0.287, 1.004), reason=Area 0.002086 below minimum 0.01
SRD step 550: evaluated 27 candidates, 0 promising, accepted 2
  Mandatory DeletePatch(10) at patch 10, reason=Area 0.002086 below minimum 0.01
  Mandatory DeletePatch(13) at patch 13, reason=Area 0.001976 below minimum 0.01
  Total patches: 12, total adds: 21, total deletes: 14
  step 550/1000: loss=0.106003, patches=14
[SRD rewrite] deleted patch=6, position=(0.447, 0.588, 0.709), reason=Area 0.002626 below minimum 0.01
SRD step 600: evaluated 27 candidates, 0 promising, accepted 1
  Mandatory DeletePatch(6) at patch 6, reason=Area 0.002626 below minimum 0.01
  Total patches: 11, total adds: 21, total deletes: 15
  step 600/1000: loss=0.108939, patches=12
[SRD rewrite] deleted patch=6, position=(0.205, 0.461, 0.796), reason=Area 0.007116 below minimum 0.01
SRD step 650: evaluated 27 candidates, 0 promising, accepted 1
  Mandatory DeletePatch(6) at patch 6, reason=Area 0.007116 below minimum 0.01
  Total patches: 10, total adds: 21, total deletes: 16
  step 650/1000: loss=0.106339, patches=11
[SRD rewrite] added patch=10, position=(0.966, -0.185, -0.257), improvement=0.001037
[SRD rewrite] added patch=11, position=(0.950, -0.238, 0.690), improvement=0.000835
[SRD rewrite] restored patch=12, position=(0.376, -0.554, -0.753), improvement=0.000226
SRD step 700: evaluated 27 candidates, 4 promising, accepted 3
  Accepted AddPatch at patch 10, improvement=0.001037
  Accepted AddPatch at patch 11, improvement=0.000835
  Accepted RestorePatch(10) at patch 12, improvement=0.000226
  Total patches: 13, total adds: 24, total deletes: 16
  step 700/1000: loss=0.106413, patches=10
[SRD rewrite] deleted patch=12, position=(0.376, -0.554, -0.753), reason=Area 0.001976 below minimum 0.01
[SRD rewrite] deleted patch=11, position=(0.955, -0.235, 0.772), reason=Area 0.002693 below minimum 0.01
[SRD rewrite] deleted patch=10, position=(0.966, -0.185, -0.257), reason=Area 0.009291 below minimum 0.01
SRD step 750: evaluated 27 candidates, 0 promising, accepted 3
  Mandatory DeletePatch(10) at patch 10, reason=Area 0.009291 below minimum 0.01
  Mandatory DeletePatch(11) at patch 11, reason=Area 0.002693 below minimum 0.01
  Mandatory DeletePatch(12) at patch 12, reason=Area 0.001976 below minimum 0.01
  Total patches: 10, total adds: 24, total deletes: 19
  step 750/1000: loss=0.099083, patches=13
[SRD rewrite] added patch=10, position=(0.978, -0.114, -0.388), improvement=0.000187
SRD step 800: evaluated 27 candidates, 1 promising, accepted 1
  Accepted AddPatch at patch 10, improvement=0.000187
  Total patches: 11, total adds: 25, total deletes: 19
  step 800/1000: loss=0.109360, patches=10
SRD step 850: evaluated 27 candidates, 0 promising, accepted 0
  Total patches: 11, total adds: 25, total deletes: 19
  step 850/1000: loss=0.103595, patches=11
SRD step 900: evaluated 27 candidates, 0 promising, accepted 0
  Total patches: 11, total adds: 25, total deletes: 19
  step 900/1000: loss=0.105021, patches=11
[SRD rewrite] restored patch=11, position=(0.980, -0.262, 0.764), improvement=0.001074
[SRD rewrite] added patch=12, position=(-0.252, -2.311, 0.054), improvement=0.000653
[SRD rewrite] restored patch=13, position=(0.376, -0.554, -0.753), improvement=0.000653
SRD step 950: evaluated 27 candidates, 5 promising, accepted 3
  Accepted RestorePatch(5) at patch 11, improvement=0.001074
  Accepted AddPatch at patch 12, improvement=0.000653
  Accepted RestorePatch(13) at patch 13, improvement=0.000653
  Total patches: 14, total adds: 28, total deletes: 19
  step 950/1000: loss=0.102547, patches=11
[SRD rewrite] deleted patch=13, position=(0.401, -0.529, -0.779), reason=Area 0.001262 below minimum 0.01
[SRD rewrite] deleted patch=12, position=(-0.252, -2.311, 0.054), reason=Area 0.009291 below minimum 0.01
[SRD rewrite] deleted patch=11, position=(0.978, -0.238, 0.771), reason=Area 0.000742 below minimum 0.01
SRD step 1000: evaluated 27 candidates, 0 promising, accepted 3
  Mandatory DeletePatch(11) at patch 11, reason=Area 0.000742 below minimum 0.01
  Mandatory DeletePatch(12) at patch 12, reason=Area 0.009291 below minimum 0.01
  Mandatory DeletePatch(13) at patch 13, reason=Area 0.001262 below minimum 0.01
  Total patches: 11, total adds: 28, total deletes: 22
  step 1000/1000: loss=0.095519, patches=14
[Trial 3] done: loss=0.097763, time=2160.2s
[Run] report written to results/slurm/20260718_0340/patchsize_water_fire_5/patches_5/with_srd/with_srd.txt
[Swept volume] building (resolution=256)...
[Run] mode=full, trials=3, seeds=[0, 1, 2], steps=1000, srd=False, ablation_flags={'disable_swept_volume_adds': True, 'loss_only_deletion': True, 'disable_splitting': False}
[Trial 1/3] seed=0
[Patch] mapbox-earcut is not installed; falling back to fan fill, so non-convex pieces will render incorrectly. Install it with: pip install mapbox-earcut
  step 50/1000: loss=0.441937, patches=5
  step 100/1000: loss=0.407856, patches=5
  step 150/1000: loss=0.366644, patches=5
  step 200/1000: loss=0.349705, patches=5
  step 250/1000: loss=0.333690, patches=5
  step 300/1000: loss=0.320988, patches=5
  step 350/1000: loss=0.320294, patches=5
  step 400/1000: loss=0.316524, patches=5
  step 450/1000: loss=0.307097, patches=5
  step 500/1000: loss=0.293069, patches=5
  step 550/1000: loss=0.284409, patches=5
  step 600/1000: loss=0.275973, patches=5
  step 650/1000: loss=0.270822, patches=5
  step 700/1000: loss=0.266687, patches=5
  step 750/1000: loss=0.260162, patches=5
  step 800/1000: loss=0.252714, patches=5
  step 850/1000: loss=0.251650, patches=5
  step 900/1000: loss=0.247129, patches=5
  step 950/1000: loss=0.246178, patches=5
  step 1000/1000: loss=0.245545, patches=5
[Trial 1] done: loss=0.245618, time=244.5s
[Trial 2/3] seed=1
  step 50/1000: loss=0.357350, patches=5
  step 100/1000: loss=0.276939, patches=5
  step 150/1000: loss=0.257500, patches=5
  step 200/1000: loss=0.247667, patches=5
  step 250/1000: loss=0.232761, patches=5
  step 300/1000: loss=0.222098, patches=5
  step 350/1000: loss=0.211711, patches=5
  step 400/1000: loss=0.208533, patches=5
  step 450/1000: loss=0.203225, patches=5
  step 500/1000: loss=0.205350, patches=5
  step 550/1000: loss=0.206723, patches=5
  step 600/1000: loss=0.208960, patches=5
  step 650/1000: loss=0.213495, patches=5
  step 700/1000: loss=0.215649, patches=5
  step 750/1000: loss=0.214903, patches=5
  step 800/1000: loss=0.213942, patches=5
  step 850/1000: loss=0.213155, patches=5
  step 900/1000: loss=0.214228, patches=5
  step 950/1000: loss=0.215279, patches=5
  step 1000/1000: loss=0.204975, patches=5
[Trial 2] done: loss=0.204315, time=261.5s
[Trial 3/3] seed=2
  step 50/1000: loss=0.412154, patches=5
  step 100/1000: loss=0.364173, patches=5
  step 150/1000: loss=0.318122, patches=5
  step 200/1000: loss=0.276268, patches=5
  step 250/1000: loss=0.266288, patches=5
  step 300/1000: loss=0.256389, patches=5
  step 350/1000: loss=0.235111, patches=5
  step 400/1000: loss=0.216667, patches=5
  step 450/1000: loss=0.213534, patches=5
  step 500/1000: loss=0.214441, patches=5
  step 550/1000: loss=0.223688, patches=5
  step 600/1000: loss=0.228260, patches=5
  step 650/1000: loss=0.230970, patches=5
  step 700/1000: loss=0.235147, patches=5
  step 750/1000: loss=0.231926, patches=5
  step 800/1000: loss=0.225544, patches=5
  step 850/1000: loss=0.229611, patches=5
  step 900/1000: loss=0.233610, patches=5
  step 950/1000: loss=0.230137, patches=5
  step 1000/1000: loss=0.233791, patches=5
[Trial 3] done: loss=0.233874, time=255.2s
[Run] report written to results/slurm/20260718_0340/patchsize_water_fire_5/patches_5/without_srd/without_srd.txt

======================================================================
Running 3 trials WITH SRD
======================================================================


======================================================================
Running 3 trials WITHOUT SRD
======================================================================


[Comparison] report written to results/slurm/20260718_0340/patchsize_water_fire_5/patches_5/comparison.txt

======================================================================
SRD Patch Size Comparison
======================================================================
Started: 2026-07-18T05:00:59
Patch sizes: [5]
Trials per size: 3
Steps per trial: 1000
Output directory: results/slurm/20260718_0340/patchsize_water_fire_5
======================================================================


======================================================================
Running comparison with 5 initial patches
  Target 1: images/water.png
  Target 2: images/fire.png
  Trials: 3, Steps: 1000
======================================================================

[OK] Comparison with 5 patches completed successfully

======================================================================
Comparison Summary
======================================================================
Successful: 1/1
Total time: 7132.7 seconds (1.98 hours)
Summary report: results/slurm/20260718_0340/patchsize_water_fire_5/SUMMARY.txt
======================================================================

