## SLURM PROLOG ###############################################################
##    Job ID : 4093801
##  Job Name : 20260718_1833_ablation_cat_face_bass_full
##  Nodelist : gpu2263
##      CPUs : 
##  Mem/Node : 128000 MB
## Directory : /oscar/home/cjmok/automated-perspective-sculptor
##   Job Started : Sat Jul 18 06:33:14 PM EDT 2026
###############################################################################
[Swept volume] building (resolution=256)...
[Run] mode=full, trials=3, seeds=[0, 1, 2], steps=2000, srd=True, ablation_flags={'disable_swept_volume_adds': False, 'loss_only_deletion': False, 'disable_splitting': False}
[Trial 1/3] seed=0
[Patch] mapbox-earcut is not installed; falling back to fan fill, so non-convex pieces will render incorrectly. Install it with: pip install mapbox-earcut
[SRD rewrite] added patch=20, position=(0.771, 0.324, -1.337), improvement=0.026742
[SRD rewrite] added patch=21, position=(0.712, 0.327, -1.347), improvement=0.026657
[SRD rewrite] added patch=22, position=(0.762, 0.337, -1.328), improvement=0.026651
SRD step 50: evaluated 27 candidates, 27 promising, accepted 3
  Accepted AddPatch at patch 20, improvement=0.026742
  Accepted AddPatch at patch 21, improvement=0.026657
  Accepted AddPatch at patch 22, improvement=0.026651
  Total patches: 23, total adds: 3, total deletes: 0
  step 50/2000: loss=0.603188, patches=20
[SRD rewrite] deleted patch=22, position=(0.784, 0.412, -1.280), reason=Area 0.001004 below minimum 0.01
[SRD rewrite] deleted patch=21, position=(0.633, 0.325, -1.346), reason=Area 0.003107 below minimum 0.01
[SRD rewrite] deleted patch=20, position=(0.782, 0.251, -1.274), reason=Area 0.002914 below minimum 0.01
[SRD rewrite] deleted patch=15, position=(0.371, 0.402, 1.964), reason=Area 0.007344 below minimum 0.01
[SRD rewrite] added patch=19, position=(-0.738, 0.322, 1.136), improvement=0.011343
[SRD rewrite] added patch=20, position=(-0.081, 0.370, -0.010), improvement=0.010609
[SRD rewrite] added patch=21, position=(0.329, 0.298, 0.109), improvement=0.010582
SRD step 100: evaluated 27 candidates, 23 promising, accepted 7
  Accepted AddPatch at patch 19, improvement=0.011343
  Accepted AddPatch at patch 20, improvement=0.010609
  Accepted AddPatch at patch 21, improvement=0.010582
  Mandatory DeletePatch(15) at patch 15, reason=Area 0.007344 below minimum 0.01
  Mandatory DeletePatch(20) at patch 20, reason=Area 0.002914 below minimum 0.01
  Mandatory DeletePatch(21) at patch 21, reason=Area 0.003107 below minimum 0.01
  Mandatory DeletePatch(22) at patch 22, reason=Area 0.001004 below minimum 0.01
  Total patches: 22, total adds: 6, total deletes: 4
  step 100/2000: loss=0.410930, patches=23
[SRD rewrite] deleted patch=20, position=(-0.095, 0.329, 0.010), reason=delete has no image effect
[SRD rewrite] added patch=21, position=(-0.428, -0.674, 1.633), improvement=0.006813
[SRD rewrite] added patch=22, position=(-0.316, 0.368, 1.576), improvement=0.005529
[SRD rewrite] added patch=23, position=(-1.380, 0.141, -1.695), improvement=0.005321
SRD step 150: evaluated 27 candidates, 25 promising, accepted 4
  Accepted AddPatch at patch 21, improvement=0.006813
  Accepted AddPatch at patch 22, improvement=0.005529
  Accepted AddPatch at patch 23, improvement=0.005321
  Mandatory DeletePatch(20) at patch 20, reason=delete has no image effect
  Total patches: 24, total adds: 9, total deletes: 5
  step 150/2000: loss=0.318413, patches=22
[SRD rewrite] deleted patch=5, position=(0.741, -0.518, 1.700), reason=Area 0.006851 below minimum 0.01
[SRD rewrite] deleted patch=2, position=(0.483, -0.476, 1.772), reason=Area 0.008362 below minimum 0.01
[SRD rewrite] added patch=22, position=(-0.567, -0.724, 1.770), improvement=0.008359
[SRD rewrite] added patch=23, position=(0.680, -0.472, 1.394), improvement=0.008333
[SRD rewrite] added patch=24, position=(-0.248, 0.303, 1.618), improvement=0.008321
SRD step 200: evaluated 27 candidates, 22 promising, accepted 5
  Accepted AddPatch at patch 22, improvement=0.008359
  Accepted AddPatch at patch 23, improvement=0.008333
  Accepted AddPatch at patch 24, improvement=0.008321
  Mandatory DeletePatch(2) at patch 2, reason=Area 0.008362 below minimum 0.01
  Mandatory DeletePatch(5) at patch 5, reason=Area 0.006851 below minimum 0.01
  Total patches: 25, total adds: 12, total deletes: 7
  step 200/2000: loss=0.234115, patches=24
[SRD rewrite] deleted patch=24, position=(-0.248, 0.291, 1.621), reason=Area 0.004138 below minimum 0.01
[SRD rewrite] deleted patch=23, position=(0.729, -0.478, 1.342), reason=Area 0.001515 below minimum 0.01
[SRD rewrite] deleted patch=22, position=(-0.617, -0.774, 1.716), reason=Area 0.003216 below minimum 0.01
[SRD rewrite] deleted patch=15, position=(1.513, 0.193, -1.331), reason=Area 0.006253 below minimum 0.01
SRD step 250: evaluated 27 candidates, 0 promising, accepted 4
  Mandatory DeletePatch(15) at patch 15, reason=Area 0.006253 below minimum 0.01
  Mandatory DeletePatch(22) at patch 22, reason=Area 0.003216 below minimum 0.01
  Mandatory DeletePatch(23) at patch 23, reason=Area 0.001515 below minimum 0.01
  Mandatory DeletePatch(24) at patch 24, reason=Area 0.004138 below minimum 0.01
  Total patches: 21, total adds: 12, total deletes: 11
  step 250/2000: loss=0.184087, patches=25
SRD step 300: evaluated 27 candidates, 0 promising, accepted 0
  Total patches: 21, total adds: 12, total deletes: 11
  step 300/2000: loss=0.175148, patches=21
SRD step 350: evaluated 27 candidates, 0 promising, accepted 0
  Total patches: 21, total adds: 12, total deletes: 11
  step 350/2000: loss=0.165625, patches=21
[SRD rewrite] deleted patch=14, position=(0.530, -0.524, 2.219), reason=Area 0.003618 below minimum 0.01
[SRD rewrite] added patch=20, position=(0.632, 0.793, 0.796), improvement=0.003527
[SRD rewrite] added patch=21, position=(1.012, 0.161, -1.246), improvement=0.001274
[SRD rewrite] added patch=22, position=(-0.179, 0.381, 1.598), improvement=0.000840
SRD step 400: evaluated 27 candidates, 7 promising, accepted 4
  Accepted AddPatch at patch 20, improvement=0.003527
  Accepted AddPatch at patch 21, improvement=0.001274
  Accepted AddPatch at patch 22, improvement=0.000840
  Mandatory DeletePatch(14) at patch 14, reason=Area 0.003618 below minimum 0.01
  Total patches: 23, total adds: 15, total deletes: 12
  step 400/2000: loss=0.159233, patches=21
[SRD rewrite] deleted patch=22, position=(-0.198, 0.420, 1.571), reason=Area 0.000291 below minimum 0.01
[SRD rewrite] added patch=22, position=(-0.721, 0.124, -1.513), improvement=0.000731
[SRD rewrite] restored patch=23, position=(-0.248, 0.291, 1.621), improvement=0.000498
[SRD rewrite] added patch=24, position=(0.296, 0.853, -0.437), improvement=0.000222
SRD step 450: evaluated 27 candidates, 5 promising, accepted 4
  Accepted AddPatch at patch 22, improvement=0.000731
  Accepted RestorePatch(7) at patch 23, improvement=0.000498
  Accepted AddPatch at patch 24, improvement=0.000222
  Mandatory DeletePatch(22) at patch 22, reason=Area 0.000291 below minimum 0.01
  Total patches: 25, total adds: 18, total deletes: 13
  step 450/2000: loss=0.149989, patches=23
[SRD rewrite] deleted patch=23, position=(-0.211, 0.384, 1.632), reason=Area 0.000259 below minimum 0.01
[SRD rewrite] deleted patch=22, position=(-0.769, -0.011, -1.598), reason=Area 0.000320 below minimum 0.01
SRD step 500: evaluated 27 candidates, 0 promising, accepted 2
  Mandatory DeletePatch(22) at patch 22, reason=Area 0.000320 below minimum 0.01
  Mandatory DeletePatch(23) at patch 23, reason=Area 0.000259 below minimum 0.01
  Total patches: 23, total adds: 18, total deletes: 15
  step 500/2000: loss=0.141919, patches=25
SRD step 550: evaluated 27 candidates, 0 promising, accepted 0
  Total patches: 23, total adds: 18, total deletes: 15
  step 550/2000: loss=0.142868, patches=23
SRD step 600: evaluated 27 candidates, 0 promising, accepted 0
  Total patches: 23, total adds: 18, total deletes: 15
  step 600/2000: loss=0.140041, patches=23
[SRD rewrite] deleted patch=18, position=(-0.360, 0.579, 1.581), reason=Area 0.007850 below minimum 0.01
SRD step 650: evaluated 27 candidates, 0 promising, accepted 1
  Mandatory DeletePatch(18) at patch 18, reason=Area 0.007850 below minimum 0.01
  Total patches: 22, total adds: 18, total deletes: 16
  step 650/2000: loss=0.140610, patches=23
[SRD rewrite] deleted patch=21, position=(0.313, 0.858, -0.281), reason=delete has no image effect
[SRD rewrite] added patch=21, position=(-0.614, -0.067, 1.557), improvement=0.000544
SRD step 700: evaluated 27 candidates, 1 promising, accepted 2
  Accepted AddPatch at patch 21, improvement=0.000544
  Mandatory DeletePatch(21) at patch 21, reason=delete has no image effect
  Total patches: 22, total adds: 19, total deletes: 17
  step 700/2000: loss=0.142738, patches=22
[SRD rewrite] deleted patch=21, position=(-0.546, 0.008, 1.599), reason=Area 0.007542 below minimum 0.01
SRD step 750: evaluated 27 candidates, 0 promising, accepted 1
  Mandatory DeletePatch(21) at patch 21, reason=Area 0.007542 below minimum 0.01
  Total patches: 21, total adds: 19, total deletes: 18
  step 750/2000: loss=0.137259, patches=22
[SRD rewrite] deleted patch=20, position=(0.909, 0.150, -1.142), reason=delete has no image effect
SRD step 800: evaluated 27 candidates, 0 promising, accepted 1
  Mandatory DeletePatch(20) at patch 20, reason=delete has no image effect
  Total patches: 20, total adds: 19, total deletes: 19
  step 800/2000: loss=0.139611, patches=21
[SRD rewrite] deleted patch=3, position=(-2.373, -0.484, -1.570), reason=Area 0.009862 below minimum 0.01
[SRD rewrite] added patch=19, position=(-0.612, 0.337, -1.809), improvement=0.002245
[SRD rewrite] restored patch=20, position=(0.909, 0.150, -1.142), improvement=0.002026
[SRD rewrite] restored patch=21, position=(0.313, 0.858, -0.281), improvement=0.001885
SRD step 850: evaluated 27 candidates, 20 promising, accepted 4
  Accepted AddPatch at patch 19, improvement=0.002245
  Accepted RestorePatch(17) at patch 20, improvement=0.002026
  Accepted RestorePatch(15) at patch 21, improvement=0.001885
  Mandatory DeletePatch(3) at patch 3, reason=Area 0.009862 below minimum 0.01
  Total patches: 22, total adds: 22, total deletes: 20
  step 850/2000: loss=0.142972, patches=20
[SRD rewrite] deleted patch=19, position=(-0.666, 0.191, -1.786), reason=Area 0.000328 below minimum 0.01
[SRD rewrite] deleted patch=4, position=(0.678, 0.656, 1.282), reason=Area 0.009168 below minimum 0.01
[SRD rewrite] deleted patch=18, position=(0.909, 0.150, -1.142), reason=delete has no image effect
SRD step 900: evaluated 27 candidates, 0 promising, accepted 3
  Mandatory DeletePatch(4) at patch 4, reason=Area 0.009168 below minimum 0.01
  Mandatory DeletePatch(19) at patch 19, reason=Area 0.000328 below minimum 0.01
  Mandatory DeletePatch(18) at patch 18, reason=delete has no image effect
  Total patches: 19, total adds: 22, total deletes: 23
  step 900/2000: loss=0.136634, patches=22
[SRD rewrite] added patch=19, position=(1.152, 0.141, -1.334), improvement=0.000047
SRD step 950: evaluated 27 candidates, 1 promising, accepted 1
  Accepted AddPatch at patch 19, improvement=0.000047
  Total patches: 20, total adds: 23, total deletes: 23
  step 950/2000: loss=0.143204, patches=19
[SRD rewrite] deleted patch=19, position=(1.121, 0.114, -1.304), reason=Area 0.009528 below minimum 0.01
SRD step 1000: evaluated 27 candidates, 0 promising, accepted 1
  Mandatory DeletePatch(19) at patch 19, reason=Area 0.009528 below minimum 0.01
  Total patches: 19, total adds: 23, total deletes: 24
  step 1000/2000: loss=0.137824, patches=20
SRD step 1050: evaluated 27 candidates, 0 promising, accepted 0
  Total patches: 19, total adds: 23, total deletes: 24
  step 1050/2000: loss=0.133593, patches=19
SRD step 1100: evaluated 27 candidates, 0 promising, accepted 0
  Total patches: 19, total adds: 23, total deletes: 24
  step 1100/2000: loss=0.132903, patches=19
SRD step 1150: evaluated 27 candidates, 0 promising, accepted 0
  Total patches: 19, total adds: 23, total deletes: 24
  step 1150/2000: loss=0.131194, patches=19
SRD step 1200: evaluated 27 candidates, 0 promising, accepted 0
  Total patches: 19, total adds: 23, total deletes: 24
  step 1200/2000: loss=0.131936, patches=19
SRD step 1250: evaluated 27 candidates, 0 promising, accepted 0
  Total patches: 19, total adds: 23, total deletes: 24
  step 1250/2000: loss=0.133547, patches=19
SRD step 1300: evaluated 27 candidates, 0 promising, accepted 0
  Total patches: 19, total adds: 23, total deletes: 24
  step 1300/2000: loss=0.132876, patches=19
SRD step 1350: evaluated 27 candidates, 0 promising, accepted 0
  Total patches: 19, total adds: 23, total deletes: 24
  step 1350/2000: loss=0.134638, patches=19
[SRD rewrite] deleted patch=5, position=(-0.458, 0.802, 0.733), reason=Area 0.009437 below minimum 0.01
SRD step 1400: evaluated 27 candidates, 0 promising, accepted 1
  Mandatory DeletePatch(5) at patch 5, reason=Area 0.009437 below minimum 0.01
  Total patches: 18, total adds: 23, total deletes: 25
  step 1400/2000: loss=0.131169, patches=19
[SRD rewrite] deleted patch=9, position=(-0.055, -2.283, 0.207), reason=no image contribution, delete has no image effect
SRD step 1450: evaluated 27 candidates, 0 promising, accepted 1
  Mandatory DeletePatch(9) at patch 9, reason=no image contribution, delete has no image effect
  Total patches: 17, total adds: 23, total deletes: 26
  step 1450/2000: loss=0.129840, patches=18
SRD step 1500: evaluated 27 candidates, 0 promising, accepted 0
  Total patches: 17, total adds: 23, total deletes: 26
  step 1500/2000: loss=0.131588, patches=17
SRD step 1550: evaluated 27 candidates, 0 promising, accepted 0
  Total patches: 17, total adds: 23, total deletes: 26
  step 1550/2000: loss=0.130561, patches=17
SRD step 1600: evaluated 27 candidates, 0 promising, accepted 0
  Total patches: 17, total adds: 23, total deletes: 26
  step 1600/2000: loss=0.128929, patches=17
SRD step 1650: evaluated 27 candidates, 0 promising, accepted 0
  Total patches: 17, total adds: 23, total deletes: 26
  step 1650/2000: loss=0.130528, patches=17
[SRD rewrite] deleted patch=14, position=(1.340, 1.768, -2.242), reason=Area 0.002456 below minimum 0.01
SRD step 1700: evaluated 27 candidates, 0 promising, accepted 1
  Mandatory DeletePatch(14) at patch 14, reason=Area 0.002456 below minimum 0.01
  Total patches: 16, total adds: 23, total deletes: 27
  step 1700/2000: loss=0.131969, patches=17
SRD step 1750: evaluated 27 candidates, 0 promising, accepted 0
  Total patches: 16, total adds: 23, total deletes: 27
  step 1750/2000: loss=0.129368, patches=16
SRD step 1800: evaluated 27 candidates, 0 promising, accepted 0
  Total patches: 16, total adds: 23, total deletes: 27
  step 1800/2000: loss=0.132360, patches=16
SRD step 1850: evaluated 27 candidates, 0 promising, accepted 0
  Total patches: 16, total adds: 23, total deletes: 27
  step 1850/2000: loss=0.131773, patches=16
SRD step 1900: evaluated 27 candidates, 0 promising, accepted 0
  Total patches: 16, total adds: 23, total deletes: 27
  step 1900/2000: loss=0.138057, patches=16
SRD step 1950: evaluated 27 candidates, 0 promising, accepted 0
  Total patches: 16, total adds: 23, total deletes: 27
  step 1950/2000: loss=0.144115, patches=16
SRD step 2000: evaluated 27 candidates, 0 promising, accepted 0
  Total patches: 16, total adds: 23, total deletes: 27
  step 2000/2000: loss=0.145901, patches=16
[SRD rewrite] deleted patch=2, position=(-2.431, 1.372, -1.084), reason=final deletion pass improved loss
[SRD rewrite] deleted patch=4, position=(0.181, -1.611, -2.237), reason=final deletion pass improved loss
[Trial 1] done: loss=0.138409, time=7495.4s
[Trial 2/3] seed=1
[SRD rewrite] split patch=16, children=19,20, improvement=0.012880
[SRD rewrite] added patch=21, position=(0.503, 0.461, 1.375), improvement=0.012961
[SRD rewrite] added patch=22, position=(0.868, 0.406, -0.247), improvement=0.012901
SRD step 50: evaluated 27 candidates, 24 promising, accepted 3
  Accepted AddPatch at patch 21, improvement=0.012961
  Accepted AddPatch at patch 22, improvement=0.012901
  Accepted SplitPatch(16) at patch 16, improvement=0.012880
  Total patches: 23, total adds: 3, total deletes: 0
  step 50/2000: loss=0.487475, patches=20
[SRD rewrite] deleted patch=21, position=(0.519, 0.500, 1.418), reason=Area 0.002180 below minimum 0.01
[SRD rewrite] deleted patch=20, position=(1.127, 0.188, -1.515), reason=Area 0.007225 below minimum 0.01
[SRD rewrite] added patch=21, position=(0.187, 0.162, -0.006), improvement=0.007240
[SRD rewrite] added patch=22, position=(0.205, 0.036, 0.135), improvement=0.007209
[SRD rewrite] added patch=23, position=(0.397, 0.166, 0.017), improvement=0.007169
SRD step 100: evaluated 27 candidates, 25 promising, accepted 5
  Accepted AddPatch at patch 21, improvement=0.007240
  Accepted AddPatch at patch 22, improvement=0.007209
  Accepted AddPatch at patch 23, improvement=0.007169
  Mandatory DeletePatch(20) at patch 20, reason=Area 0.007225 below minimum 0.01
  Mandatory DeletePatch(21) at patch 21, reason=Area 0.002180 below minimum 0.01
  Total patches: 24, total adds: 6, total deletes: 2
  step 100/2000: loss=0.393293, patches=23
[SRD rewrite] added patch=24, position=(0.621, -0.600, 1.439), improvement=0.007167
[SRD rewrite] added patch=25, position=(0.695, -0.665, 1.485), improvement=0.006018
[SRD rewrite] added patch=26, position=(-0.113, -0.199, 1.449), improvement=0.005987
SRD step 150: evaluated 27 candidates, 23 promising, accepted 3
  Accepted AddPatch at patch 24, improvement=0.007167
  Accepted AddPatch at patch 25, improvement=0.006018
  Accepted AddPatch at patch 26, improvement=0.005987
  Total patches: 27, total adds: 9, total deletes: 2
  step 150/2000: loss=0.334677, patches=24
[SRD rewrite] added patch=27, position=(1.154, 1.213, 0.193), improvement=0.006986
[SRD rewrite] added patch=28, position=(0.689, -0.735, 1.219), improvement=0.006970
[SRD rewrite] added patch=29, position=(-0.870, -0.560, 1.692), improvement=0.006931
SRD step 200: evaluated 27 candidates, 24 promising, accepted 3
  Accepted AddPatch at patch 27, improvement=0.006986
  Accepted AddPatch at patch 28, improvement=0.006970
  Accepted AddPatch at patch 29, improvement=0.006931
  Total patches: 30, total adds: 12, total deletes: 2
  step 200/2000: loss=0.274222, patches=27
[SRD rewrite] deleted patch=29, position=(-0.821, -0.584, 1.608), reason=Area 0.009380 below minimum 0.01
[SRD rewrite] added patch=29, position=(-0.337, -1.010, 1.133), improvement=0.003456
[SRD rewrite] added patch=30, position=(-0.437, -0.763, 1.957), improvement=0.002796
[SRD rewrite] restored patch=31, position=(-0.821, -0.584, 1.608), improvement=0.002012
SRD step 250: evaluated 27 candidates, 21 promising, accepted 4
  Accepted AddPatch at patch 29, improvement=0.003456
  Accepted AddPatch at patch 30, improvement=0.002796
  Accepted RestorePatch(3) at patch 31, improvement=0.002012
  Mandatory DeletePatch(29) at patch 29, reason=Area 0.009380 below minimum 0.01
  Total patches: 32, total adds: 15, total deletes: 3
  step 250/2000: loss=0.197675, patches=30
[SRD rewrite] deleted patch=31, position=(-0.849, -0.605, 1.604), reason=Area 0.005001 below minimum 0.01
[SRD rewrite] deleted patch=22, position=(0.181, 0.125, 0.250), reason=delete has no image effect
[SRD rewrite] deleted patch=21, position=(0.156, 0.172, 0.013), reason=delete has no image effect
SRD step 300: evaluated 27 candidates, 0 promising, accepted 3
  Mandatory DeletePatch(31) at patch 31, reason=Area 0.005001 below minimum 0.01
  Mandatory DeletePatch(21) at patch 21, reason=delete has no image effect
  Mandatory DeletePatch(22) at patch 22, reason=delete has no image effect
  Total patches: 29, total adds: 15, total deletes: 6
  step 300/2000: loss=0.143208, patches=32
[SRD rewrite] deleted patch=28, position=(-0.602, -0.748, 1.865), reason=Area 0.005934 below minimum 0.01
SRD step 350: evaluated 27 candidates, 0 promising, accepted 1
  Mandatory DeletePatch(28) at patch 28, reason=Area 0.005934 below minimum 0.01
  Total patches: 28, total adds: 15, total deletes: 7
  step 350/2000: loss=0.138468, patches=29
[SRD rewrite] deleted patch=6, position=(-0.869, 0.208, -1.656), reason=delete has no image effect
SRD step 400: evaluated 27 candidates, 0 promising, accepted 1
  Mandatory DeletePatch(6) at patch 6, reason=delete has no image effect
  Total patches: 27, total adds: 15, total deletes: 8
  step 400/2000: loss=0.127121, patches=28
[SRD rewrite] deleted patch=5, position=(-0.747, 1.338, -0.829), reason=Area 0.004719 below minimum 0.01
SRD step 450: evaluated 27 candidates, 0 promising, accepted 1
  Mandatory DeletePatch(5) at patch 5, reason=Area 0.004719 below minimum 0.01
  Total patches: 26, total adds: 15, total deletes: 9
  step 450/2000: loss=0.122942, patches=27
[SRD rewrite] added patch=26, position=(-0.325, -0.213, 1.445), improvement=0.002051
[SRD rewrite] added patch=27, position=(1.203, 1.277, -0.327), improvement=0.001155
[SRD rewrite] added patch=28, position=(0.247, -0.240, 1.730), improvement=0.000999
SRD step 500: evaluated 27 candidates, 18 promising, accepted 3
  Accepted AddPatch at patch 26, improvement=0.002051
  Accepted AddPatch at patch 27, improvement=0.001155
  Accepted AddPatch at patch 28, improvement=0.000999
  Total patches: 29, total adds: 18, total deletes: 9
  step 500/2000: loss=0.122788, patches=26
[SRD rewrite] deleted patch=28, position=(0.199, -0.257, 1.618), reason=Area 0.003765 below minimum 0.01
[SRD rewrite] deleted patch=27, position=(1.184, 1.291, -0.341), reason=Area 0.001032 below minimum 0.01
[SRD rewrite] deleted patch=26, position=(-0.312, -0.195, 1.500), reason=Area 0.005492 below minimum 0.01
SRD step 550: evaluated 27 candidates, 0 promising, accepted 3
  Mandatory DeletePatch(26) at patch 26, reason=Area 0.005492 below minimum 0.01
  Mandatory DeletePatch(27) at patch 27, reason=Area 0.001032 below minimum 0.01
  Mandatory DeletePatch(28) at patch 28, reason=Area 0.003765 below minimum 0.01
  Total patches: 26, total adds: 18, total deletes: 12
  step 550/2000: loss=0.113523, patches=29
[SRD rewrite] deleted patch=4, position=(-1.337, 0.285, -1.259), reason=delete has no image effect
SRD step 600: evaluated 27 candidates, 0 promising, accepted 1
  Mandatory DeletePatch(4) at patch 4, reason=delete has no image effect
  Total patches: 25, total adds: 18, total deletes: 13
  step 600/2000: loss=0.110249, patches=26
SRD step 650: evaluated 27 candidates, 0 promising, accepted 0
  Total patches: 25, total adds: 18, total deletes: 13
  step 650/2000: loss=0.106957, patches=25
SRD step 700: evaluated 27 candidates, 0 promising, accepted 0
  Total patches: 25, total adds: 18, total deletes: 13
  step 700/2000: loss=0.103783, patches=25
SRD step 750: evaluated 27 candidates, 0 promising, accepted 0
  Total patches: 25, total adds: 18, total deletes: 13
  step 750/2000: loss=0.102912, patches=25
SRD step 800: evaluated 27 candidates, 0 promising, accepted 0
  Total patches: 25, total adds: 18, total deletes: 13
  step 800/2000: loss=0.097088, patches=25
SRD step 850: evaluated 27 candidates, 0 promising, accepted 0
  Total patches: 25, total adds: 18, total deletes: 13
  step 850/2000: loss=0.092842, patches=25
SRD step 900: evaluated 27 candidates, 0 promising, accepted 0
  Total patches: 25, total adds: 18, total deletes: 13
  step 900/2000: loss=0.087718, patches=25
SRD step 950: evaluated 26 candidates, 0 promising, accepted 0
  Total patches: 25, total adds: 18, total deletes: 13
  step 950/2000: loss=0.080744, patches=25
SRD step 1000: evaluated 27 candidates, 0 promising, accepted 0
  Total patches: 25, total adds: 18, total deletes: 13
  step 1000/2000: loss=0.076128, patches=25
SRD step 1050: evaluated 27 candidates, 0 promising, accepted 0
  Total patches: 25, total adds: 18, total deletes: 13
  step 1050/2000: loss=0.074497, patches=25
SRD step 1100: evaluated 26 candidates, 0 promising, accepted 0
  Total patches: 25, total adds: 18, total deletes: 13
  step 1100/2000: loss=0.072354, patches=25
SRD step 1150: evaluated 27 candidates, 0 promising, accepted 0
  Total patches: 25, total adds: 18, total deletes: 13
  step 1150/2000: loss=0.072204, patches=25
[SRD rewrite] deleted patch=3, position=(-0.668, -0.393, 1.081), reason=Area 0.005861 below minimum 0.01
SRD step 1200: evaluated 27 candidates, 0 promising, accepted 1
  Mandatory DeletePatch(3) at patch 3, reason=Area 0.005861 below minimum 0.01
  Total patches: 24, total adds: 18, total deletes: 14
  step 1200/2000: loss=0.072112, patches=25
SRD step 1250: evaluated 27 candidates, 0 promising, accepted 0
  Total patches: 24, total adds: 18, total deletes: 14
  step 1250/2000: loss=0.071676, patches=24
SRD step 1300: evaluated 27 candidates, 0 promising, accepted 0
  Total patches: 24, total adds: 18, total deletes: 14
  step 1300/2000: loss=0.070158, patches=24
SRD step 1350: evaluated 27 candidates, 0 promising, accepted 0
  Total patches: 24, total adds: 18, total deletes: 14
  step 1350/2000: loss=0.071000, patches=24
SRD step 1400: evaluated 27 candidates, 0 promising, accepted 0
  Total patches: 24, total adds: 18, total deletes: 14
  step 1400/2000: loss=0.071713, patches=24
SRD step 1450: evaluated 27 candidates, 0 promising, accepted 0
  Total patches: 24, total adds: 18, total deletes: 14
  step 1450/2000: loss=0.076377, patches=24
SRD step 1500: evaluated 27 candidates, 0 promising, accepted 0
  Total patches: 24, total adds: 18, total deletes: 14
  step 1500/2000: loss=0.076773, patches=24
SRD step 1550: evaluated 27 candidates, 0 promising, accepted 0
  Total patches: 24, total adds: 18, total deletes: 14
  step 1550/2000: loss=0.073808, patches=24
SRD step 1600: evaluated 27 candidates, 0 promising, accepted 0
  Total patches: 24, total adds: 18, total deletes: 14
  step 1600/2000: loss=0.071823, patches=24
SRD step 1650: evaluated 27 candidates, 0 promising, accepted 0
  Total patches: 24, total adds: 18, total deletes: 14
  step 1650/2000: loss=0.073246, patches=24
[SRD rewrite] deleted patch=19, position=(-0.033, -0.944, 1.615), reason=Area 0.006701 below minimum 0.01
SRD step 1700: evaluated 27 candidates, 0 promising, accepted 1
  Mandatory DeletePatch(19) at patch 19, reason=Area 0.006701 below minimum 0.01
  Total patches: 23, total adds: 18, total deletes: 15
  step 1700/2000: loss=0.072086, patches=24
SRD step 1750: evaluated 27 candidates, 0 promising, accepted 0
  Total patches: 23, total adds: 18, total deletes: 15
  step 1750/2000: loss=0.074286, patches=23
SRD step 1800: evaluated 27 candidates, 0 promising, accepted 0
  Total patches: 23, total adds: 18, total deletes: 15
  step 1800/2000: loss=0.073873, patches=23
SRD step 1850: evaluated 27 candidates, 0 promising, accepted 0
  Total patches: 23, total adds: 18, total deletes: 15
  step 1850/2000: loss=0.074133, patches=23
SRD step 1900: evaluated 27 candidates, 0 promising, accepted 0
  Total patches: 23, total adds: 18, total deletes: 15
  step 1900/2000: loss=0.074566, patches=23
SRD step 1950: evaluated 27 candidates, 0 promising, accepted 0
  Total patches: 23, total adds: 18, total deletes: 15
  step 1950/2000: loss=0.075291, patches=23
SRD step 2000: evaluated 27 candidates, 0 promising, accepted 0
  Total patches: 23, total adds: 18, total deletes: 15
  step 2000/2000: loss=0.076276, patches=23
[SRD rewrite] deleted patch=13, position=(0.967, 1.380, -2.368), reason=final deletion pass improved loss
[Trial 2] done: loss=0.072335, time=9991.6s
[Trial 3/3] seed=2
[SRD rewrite] added patch=20, position=(0.546, 0.336, 1.241), improvement=0.019205
[SRD rewrite] added patch=21, position=(0.292, 0.019, 1.400), improvement=0.018706
[SRD rewrite] added patch=22, position=(0.512, 0.315, 1.202), improvement=0.018404
SRD step 50: evaluated 27 candidates, 27 promising, accepted 3
  Accepted AddPatch at patch 20, improvement=0.019205
  Accepted AddPatch at patch 21, improvement=0.018706
  Accepted AddPatch at patch 22, improvement=0.018404
  Total patches: 23, total adds: 3, total deletes: 0
  step 50/2000: loss=0.540971, patches=20
[SRD rewrite] deleted patch=22, position=(0.637, 0.446, 1.151), reason=Area 0.000279 below minimum 0.01
[SRD rewrite] added patch=22, position=(-0.103, -0.301, 1.656), improvement=0.009956
[SRD rewrite] added patch=23, position=(-0.857, 0.367, -0.076), improvement=0.009894
[SRD rewrite] added patch=24, position=(-0.225, -0.536, 1.639), improvement=0.009836
SRD step 100: evaluated 27 candidates, 24 promising, accepted 4
  Accepted AddPatch at patch 22, improvement=0.009956
  Accepted AddPatch at patch 23, improvement=0.009894
  Accepted AddPatch at patch 24, improvement=0.009836
  Mandatory DeletePatch(22) at patch 22, reason=Area 0.000279 below minimum 0.01
  Total patches: 25, total adds: 6, total deletes: 1
  step 100/2000: loss=0.405953, patches=23
[SRD rewrite] deleted patch=20, position=(0.622, 0.474, 1.412), reason=Area 0.004844 below minimum 0.01
[SRD rewrite] deleted patch=19, position=(-1.887, 0.196, 0.305), reason=Area 0.007159 below minimum 0.01
[SRD rewrite] added patch=23, position=(0.354, -0.568, 1.500), improvement=0.010542
[SRD rewrite] added patch=24, position=(0.481, -0.623, 1.650), improvement=0.010441
[SRD rewrite] added patch=25, position=(-0.360, 0.248, 1.641), improvement=0.010262
SRD step 150: evaluated 27 candidates, 21 promising, accepted 5
  Accepted AddPatch at patch 23, improvement=0.010542
  Accepted AddPatch at patch 24, improvement=0.010441
  Accepted AddPatch at patch 25, improvement=0.010262
  Mandatory DeletePatch(19) at patch 19, reason=Area 0.007159 below minimum 0.01
  Mandatory DeletePatch(20) at patch 20, reason=Area 0.004844 below minimum 0.01
  Total patches: 26, total adds: 9, total deletes: 3
  step 150/2000: loss=0.313624, patches=25
[SRD rewrite] added patch=26, position=(0.272, -0.909, 1.119), improvement=0.007647
[SRD rewrite] added patch=27, position=(0.844, -0.484, 1.599), improvement=0.007007
[SRD rewrite] added patch=28, position=(0.533, -0.590, 1.408), improvement=0.006980
SRD step 200: evaluated 27 candidates, 20 promising, accepted 3
  Accepted AddPatch at patch 26, improvement=0.007647
  Accepted AddPatch at patch 27, improvement=0.007007
  Accepted AddPatch at patch 28, improvement=0.006980
  Total patches: 29, total adds: 12, total deletes: 3
  step 200/2000: loss=0.251303, patches=26
[SRD rewrite] added patch=29, position=(-0.140, -0.992, 1.642), improvement=0.006855
[SRD rewrite] added patch=30, position=(0.837, -0.593, 1.315), improvement=0.005967
[SRD rewrite] added patch=31, position=(0.778, -0.576, 1.684), improvement=0.005515
SRD step 250: evaluated 27 candidates, 23 promising, accepted 3
  Accepted AddPatch at patch 29, improvement=0.006855
  Accepted AddPatch at patch 30, improvement=0.005967
  Accepted AddPatch at patch 31, improvement=0.005515
  Total patches: 32, total adds: 15, total deletes: 3
  step 250/2000: loss=0.198586, patches=29
[SRD rewrite] deleted patch=31, position=(0.751, -0.577, 1.609), reason=Area 0.000548 below minimum 0.01
SRD step 300: evaluated 27 candidates, 0 promising, accepted 1
  Mandatory DeletePatch(31) at patch 31, reason=Area 0.000548 below minimum 0.01
  Total patches: 31, total adds: 15, total deletes: 4
  step 300/2000: loss=0.159037, patches=32
[SRD rewrite] deleted patch=23, position=(0.260, -0.467, 1.385), reason=Area 0.007732 below minimum 0.01
SRD step 350: evaluated 27 candidates, 0 promising, accepted 1
  Mandatory DeletePatch(23) at patch 23, reason=Area 0.007732 below minimum 0.01
  Total patches: 30, total adds: 15, total deletes: 5
  step 350/2000: loss=0.150161, patches=31
SRD step 400: evaluated 27 candidates, 0 promising, accepted 0
  Total patches: 30, total adds: 15, total deletes: 5
  step 400/2000: loss=0.136349, patches=30
SRD step 450: evaluated 27 candidates, 0 promising, accepted 0
  Total patches: 30, total adds: 15, total deletes: 5
  step 450/2000: loss=0.119547, patches=30
[SRD rewrite] deleted patch=26, position=(0.844, -0.837, 1.692), reason=Area 0.008802 below minimum 0.01
[SRD rewrite] added patch=29, position=(-0.771, 0.671, 0.324), improvement=0.003743
[SRD rewrite] added patch=30, position=(0.872, 0.736, -0.894), improvement=0.003716
[SRD rewrite] added patch=31, position=(-0.413, 0.467, 1.654), improvement=0.003458
SRD step 500: evaluated 27 candidates, 25 promising, accepted 4
  Accepted AddPatch at patch 29, improvement=0.003743
  Accepted AddPatch at patch 30, improvement=0.003716
  Accepted AddPatch at patch 31, improvement=0.003458
  Mandatory DeletePatch(26) at patch 26, reason=Area 0.008802 below minimum 0.01
  Total patches: 32, total adds: 18, total deletes: 6
  step 500/2000: loss=0.105574, patches=30
[SRD rewrite] deleted patch=31, position=(-0.451, 0.464, 1.619), reason=Area 0.004109 below minimum 0.01
[SRD rewrite] deleted patch=29, position=(-0.771, 0.671, 0.324), reason=Area 0.009291 below minimum 0.01
SRD step 550: evaluated 27 candidates, 0 promising, accepted 2
  Mandatory DeletePatch(29) at patch 29, reason=Area 0.009291 below minimum 0.01
  Mandatory DeletePatch(31) at patch 31, reason=Area 0.004109 below minimum 0.01
  Total patches: 30, total adds: 18, total deletes: 8
  step 550/2000: loss=0.093090, patches=32
SRD step 600: evaluated 27 candidates, 0 promising, accepted 0
  Total patches: 30, total adds: 18, total deletes: 8
  step 600/2000: loss=0.090393, patches=30
[SRD rewrite] deleted patch=24, position=(-0.388, 0.302, 1.645), reason=Area 0.008861 below minimum 0.01
SRD step 650: evaluated 27 candidates, 0 promising, accepted 1
  Mandatory DeletePatch(24) at patch 24, reason=Area 0.008861 below minimum 0.01
  Total patches: 29, total adds: 18, total deletes: 9
  step 650/2000: loss=0.091033, patches=30
SRD step 700: evaluated 27 candidates, 0 promising, accepted 0
  Total patches: 29, total adds: 18, total deletes: 9
  step 700/2000: loss=0.087715, patches=29
SRD step 750: evaluated 27 candidates, 0 promising, accepted 0
  Total patches: 29, total adds: 18, total deletes: 9
  step 750/2000: loss=0.084115, patches=29
SRD step 800: evaluated 27 candidates, 0 promising, accepted 0
  Total patches: 29, total adds: 18, total deletes: 9
  step 800/2000: loss=0.083403, patches=29
SRD step 850: evaluated 27 candidates, 0 promising, accepted 0
  Total patches: 29, total adds: 18, total deletes: 9
  step 850/2000: loss=0.087245, patches=29
SRD step 900: evaluated 27 candidates, 0 promising, accepted 0
  Total patches: 29, total adds: 18, total deletes: 9
  step 900/2000: loss=0.090644, patches=29
[SRD rewrite] deleted patch=26, position=(-0.256, -0.886, 1.654), reason=Area 0.006086 below minimum 0.01
[SRD rewrite] deleted patch=16, position=(-1.373, 0.357, -1.807), reason=delete has no image effect
SRD step 950: evaluated 27 candidates, 0 promising, accepted 2
  Mandatory DeletePatch(26) at patch 26, reason=Area 0.006086 below minimum 0.01
  Mandatory DeletePatch(16) at patch 16, reason=delete has no image effect
  Total patches: 27, total adds: 18, total deletes: 11
  step 950/2000: loss=0.090567, patches=29
[SRD rewrite] deleted patch=12, position=(-1.872, 1.199, 1.088), reason=Area 0.009600 below minimum 0.01
SRD step 1000: evaluated 27 candidates, 0 promising, accepted 1
  Mandatory DeletePatch(12) at patch 12, reason=Area 0.009600 below minimum 0.01
  Total patches: 26, total adds: 18, total deletes: 12
  step 1000/2000: loss=0.089080, patches=27
[SRD rewrite] deleted patch=23, position=(0.344, -0.410, 0.999), reason=Area 0.008706 below minimum 0.01
SRD step 1050: evaluated 27 candidates, 0 promising, accepted 1
  Mandatory DeletePatch(23) at patch 23, reason=Area 0.008706 below minimum 0.01
  Total patches: 25, total adds: 18, total deletes: 13
  step 1050/2000: loss=0.088229, patches=26
SRD step 1100: evaluated 27 candidates, 0 promising, accepted 0
  Total patches: 25, total adds: 18, total deletes: 13
  step 1100/2000: loss=0.087874, patches=25
SRD step 1150: evaluated 27 candidates, 0 promising, accepted 0
  Total patches: 25, total adds: 18, total deletes: 13
  step 1150/2000: loss=0.090526, patches=25
SRD step 1200: evaluated 27 candidates, 0 promising, accepted 0
  Total patches: 25, total adds: 18, total deletes: 13
  step 1200/2000: loss=0.090781, patches=25
[SRD rewrite] added patch=25, position=(-0.840, 0.702, -0.005), improvement=0.000619
[SRD rewrite] restored patch=26, position=(0.344, -0.410, 0.999), improvement=0.000330
[SRD rewrite] added patch=27, position=(-1.317, 1.339, -0.570), improvement=0.000330
SRD step 1250: evaluated 27 candidates, 6 promising, accepted 3
  Accepted AddPatch at patch 25, improvement=0.000619
  Accepted RestorePatch(12) at patch 26, improvement=0.000330
  Accepted AddPatch at patch 27, improvement=0.000330
  Total patches: 28, total adds: 21, total deletes: 13
  step 1250/2000: loss=0.091520, patches=25
[SRD rewrite] deleted patch=27, position=(-1.273, 1.325, -0.616), reason=Area 0.001563 below minimum 0.01
[SRD rewrite] deleted patch=26, position=(0.390, -0.383, 0.959), reason=Area 0.000407 below minimum 0.01
[SRD rewrite] deleted patch=19, position=(-0.833, 0.388, -0.085), reason=delete has no image effect
SRD step 1300: evaluated 26 candidates, 0 promising, accepted 3
  Mandatory DeletePatch(26) at patch 26, reason=Area 0.000407 below minimum 0.01
  Mandatory DeletePatch(27) at patch 27, reason=Area 0.001563 below minimum 0.01
  Mandatory DeletePatch(19) at patch 19, reason=delete has no image effect
  Total patches: 25, total adds: 21, total deletes: 16
  step 1300/2000: loss=0.085933, patches=28
SRD step 1350: evaluated 27 candidates, 0 promising, accepted 0
  Total patches: 25, total adds: 21, total deletes: 16
  step 1350/2000: loss=0.087614, patches=25
SRD step 1400: evaluated 27 candidates, 0 promising, accepted 0
  Total patches: 25, total adds: 21, total deletes: 16
  step 1400/2000: loss=0.085763, patches=25
SRD step 1450: evaluated 27 candidates, 0 promising, accepted 0
  Total patches: 25, total adds: 21, total deletes: 16
  step 1450/2000: loss=0.087637, patches=25
SRD step 1500: evaluated 27 candidates, 0 promising, accepted 0
  Total patches: 25, total adds: 21, total deletes: 16
  step 1500/2000: loss=0.085301, patches=25
[SRD rewrite] deleted patch=20, position=(-0.076, -0.471, 1.441), reason=Area 0.009662 below minimum 0.01
[SRD rewrite] deleted patch=18, position=(-0.497, -0.029, 1.605), reason=Area 0.009084 below minimum 0.01
SRD step 1550: evaluated 27 candidates, 0 promising, accepted 2
  Mandatory DeletePatch(18) at patch 18, reason=Area 0.009084 below minimum 0.01
  Mandatory DeletePatch(20) at patch 20, reason=Area 0.009662 below minimum 0.01
  Total patches: 23, total adds: 21, total deletes: 18
  step 1550/2000: loss=0.093461, patches=25
SRD step 1600: evaluated 27 candidates, 0 promising, accepted 0
  Total patches: 23, total adds: 21, total deletes: 18
  step 1600/2000: loss=0.096943, patches=23
SRD step 1650: evaluated 27 candidates, 0 promising, accepted 0
  Total patches: 23, total adds: 21, total deletes: 18
  step 1650/2000: loss=0.097270, patches=23
SRD step 1700: evaluated 27 candidates, 0 promising, accepted 0
  Total patches: 23, total adds: 21, total deletes: 18
  step 1700/2000: loss=0.097857, patches=23
[SRD rewrite] deleted patch=22, position=(-0.803, 0.679, -0.028), reason=Area 0.009414 below minimum 0.01
SRD step 1750: evaluated 27 candidates, 0 promising, accepted 1
  Mandatory DeletePatch(22) at patch 22, reason=Area 0.009414 below minimum 0.01
  Total patches: 22, total adds: 21, total deletes: 19
  step 1750/2000: loss=0.098954, patches=23
SRD step 1800: evaluated 27 candidates, 0 promising, accepted 0
  Total patches: 22, total adds: 21, total deletes: 19
  step 1800/2000: loss=0.102924, patches=22
SRD step 1850: evaluated 27 candidates, 0 promising, accepted 0
  Total patches: 22, total adds: 21, total deletes: 19
  step 1850/2000: loss=0.099243, patches=22
SRD step 1900: evaluated 27 candidates, 0 promising, accepted 0
  Total patches: 22, total adds: 21, total deletes: 19
  step 1900/2000: loss=0.098589, patches=22
SRD step 1950: evaluated 27 candidates, 0 promising, accepted 0
  Total patches: 22, total adds: 21, total deletes: 19
  step 1950/2000: loss=0.102510, patches=22
SRD step 2000: evaluated 27 candidates, 0 promising, accepted 0
  Total patches: 22, total adds: 21, total deletes: 19
  step 2000/2000: loss=0.102598, patches=22
[SRD rewrite] deleted patch=1, position=(-0.535, 0.925, -2.345), reason=final deletion pass improved loss
[SRD rewrite] deleted patch=10, position=(-2.099, -0.156, 0.975), reason=final deletion pass improved loss
[Trial 3] done: loss=0.097950, time=10326.8s
[Run] report written to results/slurm/20260718_1833/ablation_cat_face_bass_full/output.txt
