[Swept volume] building (resolution=108)...
[Run] mode=ablation, trials=3, seeds=[0, 1, 2], steps=2000, srd=True, ablation_flags={'disable_swept_volume_adds': True, 'loss_only_deletion': True, 'disable_splitting': True}
[Trial 1/3] seed=0
[Patch] mapbox-earcut is not installed; falling back to fan fill, so non-convex pieces will render incorrectly. Install it with: pip install mapbox-earcut
[SRD rewrite] deleted patch=12, position=(1.971, 0.779, -1.384), reason=accepted rewrite
[SRD rewrite] deleted patch=4, position=(-1.761, -0.814, 0.610), reason=accepted rewrite
[SRD rewrite] deleted patch=0, position=(1.206, -1.404, -0.534), reason=accepted rewrite
[SRD rewrite] added patch=17, position=(1.076, 0.514, 0.224), improvement=0.020070
[SRD rewrite] added patch=18, position=(0.729, -0.312, 1.959), improvement=0.019376
[SRD rewrite] added patch=19, position=(0.585, 2.219, 0.909), improvement=0.018712
SRD step 50: evaluated 32 candidates, 31 promising, accepted 6
  Accepted DeletePatch(12) at patch 12, improvement=0.026224
  Accepted AddPatch at patch 17, improvement=0.020070
  Accepted AddPatch at patch 18, improvement=0.019376
  Accepted DeletePatch(0) at patch 0, improvement=0.019154
  Accepted AddPatch at patch 19, improvement=0.018712
  Accepted DeletePatch(4) at patch 4, improvement=0.017759
  Total patches: 20, total adds: 3, total deletes: 3
  step 50/2000: loss=0.465957, patches=20
[SRD rewrite] added patch=20, position=(0.450, 1.151, -0.940), improvement=0.007305
[SRD rewrite] added patch=21, position=(-1.642, 0.105, -2.228), improvement=0.007077
[SRD rewrite] added patch=22, position=(0.535, 1.073, -0.153), improvement=0.007063
SRD step 100: evaluated 32 candidates, 19 promising, accepted 3
  Accepted AddPatch at patch 20, improvement=0.007305
  Accepted AddPatch at patch 21, improvement=0.007077
  Accepted AddPatch at patch 22, improvement=0.007063
  Total patches: 23, total adds: 6, total deletes: 3
  step 100/2000: loss=0.315588, patches=20
[SRD rewrite] deleted patch=8, position=(-0.821, -1.140, 2.120), reason=accepted rewrite
[SRD rewrite] added patch=22, position=(-0.503, -0.991, 1.376), improvement=0.005375
[SRD rewrite] added patch=23, position=(-0.039, 1.078, -0.069), improvement=0.005268
[SRD rewrite] added patch=24, position=(-0.009, 1.723, -1.528), improvement=0.004792
SRD step 150: evaluated 32 candidates, 21 promising, accepted 4
  Accepted DeletePatch(8) at patch 8, improvement=0.013763
  Accepted AddPatch at patch 22, improvement=0.005375
  Accepted AddPatch at patch 23, improvement=0.005268
  Accepted AddPatch at patch 24, improvement=0.004792
  Total patches: 25, total adds: 9, total deletes: 4
  step 150/2000: loss=0.268024, patches=23
[SRD rewrite] added patch=25, position=(-0.512, 1.193, -0.255), improvement=0.002792
[SRD rewrite] added patch=26, position=(-1.277, -0.628, -2.272), improvement=0.001501
[SRD rewrite] added patch=27, position=(-2.002, 2.227, 1.847), improvement=0.001447
SRD step 200: evaluated 32 candidates, 13 promising, accepted 3
  Accepted AddPatch at patch 25, improvement=0.002792
  Accepted AddPatch at patch 26, improvement=0.001501
  Accepted AddPatch at patch 27, improvement=0.001447
  Total patches: 28, total adds: 12, total deletes: 4
  step 200/2000: loss=0.211734, patches=25
[SRD rewrite] added patch=28, position=(0.998, 2.340, 2.472), improvement=0.001419
[SRD rewrite] added patch=29, position=(0.212, 2.456, -0.584), improvement=0.001419
[SRD rewrite] added patch=30, position=(1.669, 2.074, 0.836), improvement=0.001419
SRD step 250: evaluated 32 candidates, 10 promising, accepted 3
  Accepted AddPatch at patch 28, improvement=0.001419
  Accepted AddPatch at patch 29, improvement=0.001419
  Accepted AddPatch at patch 30, improvement=0.001419
  Total patches: 31, total adds: 15, total deletes: 4
  step 250/2000: loss=0.172743, patches=28
SRD step 300: evaluated 32 candidates, 0 promising, accepted 0
  Total patches: 31, total adds: 15, total deletes: 4
  step 300/2000: loss=0.151559, patches=31
SRD step 350: evaluated 32 candidates, 0 promising, accepted 0
  Total patches: 31, total adds: 15, total deletes: 4
  step 350/2000: loss=0.147080, patches=31
SRD step 400: evaluated 32 candidates, 0 promising, accepted 0
  Total patches: 31, total adds: 15, total deletes: 4
  step 400/2000: loss=0.137235, patches=31
SRD step 450: evaluated 32 candidates, 0 promising, accepted 0
  Total patches: 31, total adds: 15, total deletes: 4
  step 450/2000: loss=0.133795, patches=31
SRD step 500: evaluated 32 candidates, 0 promising, accepted 0
  Total patches: 31, total adds: 15, total deletes: 4
  step 500/2000: loss=0.131886, patches=31
SRD step 550: evaluated 32 candidates, 0 promising, accepted 0
  Total patches: 31, total adds: 15, total deletes: 4
  step 550/2000: loss=0.128855, patches=31
SRD step 600: evaluated 32 candidates, 0 promising, accepted 0
  Total patches: 31, total adds: 15, total deletes: 4
  step 600/2000: loss=0.127288, patches=31
SRD step 650: evaluated 32 candidates, 0 promising, accepted 0
  Total patches: 31, total adds: 15, total deletes: 4
  step 650/2000: loss=0.125626, patches=31
SRD step 700: evaluated 32 candidates, 0 promising, accepted 0
  Total patches: 31, total adds: 15, total deletes: 4
  step 700/2000: loss=0.125951, patches=31
SRD step 750: evaluated 32 candidates, 0 promising, accepted 0
  Total patches: 31, total adds: 15, total deletes: 4
  step 750/2000: loss=0.127087, patches=31
SRD step 800: evaluated 32 candidates, 0 promising, accepted 0
  Total patches: 31, total adds: 15, total deletes: 4
  step 800/2000: loss=0.130598, patches=31
SRD step 850: evaluated 32 candidates, 0 promising, accepted 0
  Total patches: 31, total adds: 15, total deletes: 4
  step 850/2000: loss=0.125315, patches=31
SRD step 900: evaluated 32 candidates, 0 promising, accepted 0
  Total patches: 31, total adds: 15, total deletes: 4
  step 900/2000: loss=0.121880, patches=31
SRD step 950: evaluated 32 candidates, 0 promising, accepted 0
  Total patches: 31, total adds: 15, total deletes: 4
  step 950/2000: loss=0.116264, patches=31
SRD step 1000: evaluated 32 candidates, 0 promising, accepted 0
  Total patches: 31, total adds: 15, total deletes: 4
  step 1000/2000: loss=0.117000, patches=31
SRD step 1050: evaluated 32 candidates, 0 promising, accepted 0
  Total patches: 31, total adds: 15, total deletes: 4
  step 1050/2000: loss=0.116301, patches=31
SRD step 1100: evaluated 32 candidates, 0 promising, accepted 0
  Total patches: 31, total adds: 15, total deletes: 4
  step 1100/2000: loss=0.116047, patches=31
SRD step 1150: evaluated 32 candidates, 0 promising, accepted 0
  Total patches: 31, total adds: 15, total deletes: 4
  step 1150/2000: loss=0.114256, patches=31
SRD step 1200: evaluated 32 candidates, 0 promising, accepted 0
  Total patches: 31, total adds: 15, total deletes: 4
  step 1200/2000: loss=0.115227, patches=31
SRD step 1250: evaluated 32 candidates, 0 promising, accepted 0
  Total patches: 31, total adds: 15, total deletes: 4
  step 1250/2000: loss=0.114856, patches=31
SRD step 1300: evaluated 32 candidates, 0 promising, accepted 0
  Total patches: 31, total adds: 15, total deletes: 4
  step 1300/2000: loss=0.115259, patches=31
SRD step 1350: evaluated 32 candidates, 0 promising, accepted 0
  Total patches: 31, total adds: 15, total deletes: 4
  step 1350/2000: loss=0.115254, patches=31
SRD step 1400: evaluated 32 candidates, 0 promising, accepted 0
  Total patches: 31, total adds: 15, total deletes: 4
  step 1400/2000: loss=0.114814, patches=31
SRD step 1450: evaluated 32 candidates, 0 promising, accepted 0
  Total patches: 31, total adds: 15, total deletes: 4
  step 1450/2000: loss=0.113852, patches=31
SRD step 1500: evaluated 32 candidates, 0 promising, accepted 0
  Total patches: 31, total adds: 15, total deletes: 4
  step 1500/2000: loss=0.113851, patches=31
SRD step 1550: evaluated 32 candidates, 0 promising, accepted 0
  Total patches: 31, total adds: 15, total deletes: 4
  step 1550/2000: loss=0.113091, patches=31
SRD step 1600: evaluated 32 candidates, 0 promising, accepted 0
  Total patches: 31, total adds: 15, total deletes: 4
  step 1600/2000: loss=0.112782, patches=31
SRD step 1650: evaluated 32 candidates, 0 promising, accepted 0
  Total patches: 31, total adds: 15, total deletes: 4
  step 1650/2000: loss=0.112108, patches=31
SRD step 1700: evaluated 32 candidates, 0 promising, accepted 0
  Total patches: 31, total adds: 15, total deletes: 4
  step 1700/2000: loss=0.112890, patches=31
SRD step 1750: evaluated 32 candidates, 0 promising, accepted 0
  Total patches: 31, total adds: 15, total deletes: 4
  step 1750/2000: loss=0.113556, patches=31
SRD step 1800: evaluated 32 candidates, 0 promising, accepted 0
  Total patches: 31, total adds: 15, total deletes: 4
  step 1800/2000: loss=0.113506, patches=31
SRD step 1850: evaluated 32 candidates, 0 promising, accepted 0
  Total patches: 31, total adds: 15, total deletes: 4
  step 1850/2000: loss=0.115121, patches=31
SRD step 1900: evaluated 32 candidates, 0 promising, accepted 0
  Total patches: 31, total adds: 15, total deletes: 4
  step 1900/2000: loss=0.112533, patches=31
SRD step 1950: evaluated 32 candidates, 0 promising, accepted 0
  Total patches: 31, total adds: 15, total deletes: 4
  step 1950/2000: loss=0.114513, patches=31
SRD step 2000: evaluated 32 candidates, 0 promising, accepted 0
  Total patches: 31, total adds: 15, total deletes: 4
  step 2000/2000: loss=0.112908, patches=31
[SRD rewrite] deleted patch=2, position=(-1.979, -1.124, 1.344), reason=final deletion pass improved loss
[SRD rewrite] deleted patch=4, position=(0.824, 0.566, 1.328), reason=final deletion pass improved loss
[SRD rewrite] deleted patch=5, position=(1.093, 0.305, 0.260), reason=final deletion pass improved loss
[SRD rewrite] deleted patch=6, position=(-1.972, 1.632, 0.670), reason=final deletion pass improved loss
[SRD rewrite] deleted patch=20, position=(1.792, -1.108, -2.184), reason=final deletion pass improved loss
[SRD rewrite] deleted patch=21, position=(-0.863, -2.592, -2.412), reason=final deletion pass improved loss
[SRD rewrite] deleted patch=21, position=(-2.414, 2.759, 1.350), reason=final deletion pass improved loss
[Trial 1] done: loss=0.106462, time=11724.4s
[Trial 2/3] seed=1
[SRD rewrite] deleted patch=19, position=(-0.155, 1.274, -0.327), reason=accepted rewrite
[SRD rewrite] deleted patch=14, position=(0.881, -0.101, 1.564), reason=accepted rewrite
[SRD rewrite] added patch=18, position=(0.618, 1.255, -0.756), improvement=0.022154
[SRD rewrite] added patch=19, position=(0.194, -0.404, 0.926), improvement=0.021380
[SRD rewrite] added patch=20, position=(1.891, -2.363, 0.852), improvement=0.020235
SRD step 50: evaluated 32 candidates, 29 promising, accepted 5
  Accepted AddPatch at patch 18, improvement=0.022154
  Accepted AddPatch at patch 19, improvement=0.021380
  Accepted AddPatch at patch 20, improvement=0.020235
  Accepted DeletePatch(14) at patch 14, improvement=0.006907
  Accepted DeletePatch(19) at patch 19, improvement=0.004470
  Total patches: 21, total adds: 3, total deletes: 2
  step 50/2000: loss=0.492945, patches=20
[SRD rewrite] deleted patch=20, position=(1.891, -2.363, 0.852), reason=accepted rewrite
[SRD rewrite] deleted patch=11, position=(-0.818, 0.316, 0.423), reason=accepted rewrite
[SRD rewrite] added patch=19, position=(-1.301, -0.031, 0.600), improvement=0.007932
[SRD rewrite] added patch=20, position=(0.399, -0.599, 0.255), improvement=0.007379
[SRD rewrite] added patch=21, position=(0.582, -2.320, 0.772), improvement=0.006366
SRD step 100: evaluated 32 candidates, 24 promising, accepted 5
  Accepted AddPatch at patch 19, improvement=0.007932
  Accepted AddPatch at patch 20, improvement=0.007379
  Accepted AddPatch at patch 21, improvement=0.006366
  Accepted DeletePatch(20) at patch 20, improvement=0.002456
  Accepted DeletePatch(11) at patch 11, improvement=0.001365
  Total patches: 22, total adds: 6, total deletes: 4
  step 100/2000: loss=0.369064, patches=21
[SRD rewrite] deleted patch=11, position=(-1.015, -1.402, 2.124), reason=accepted rewrite
[SRD rewrite] added patch=21, position=(-0.834, -2.455, 0.027), improvement=0.005389
[SRD rewrite] restored patch=22, position=(1.891, -2.363, 0.852), improvement=0.005389
[SRD rewrite] added patch=23, position=(1.900, 2.019, 0.814), improvement=0.005389
SRD step 150: evaluated 32 candidates, 28 promising, accepted 4
  Accepted DeletePatch(11) at patch 11, improvement=0.016356
  Accepted AddPatch at patch 21, improvement=0.005389
  Accepted RestorePatch(2) at patch 22, improvement=0.005389
  Accepted AddPatch at patch 23, improvement=0.005389
  Total patches: 24, total adds: 9, total deletes: 5
  step 150/2000: loss=0.282553, patches=22
SRD step 200: evaluated 32 candidates, 0 promising, accepted 0
  Total patches: 24, total adds: 9, total deletes: 5
  step 200/2000: loss=0.217674, patches=24
[SRD rewrite] added patch=24, position=(2.159, 2.184, 1.722), improvement=0.001341
[SRD rewrite] added patch=25, position=(-0.116, -2.434, -0.735), improvement=0.001341
[SRD rewrite] added patch=26, position=(-0.010, -0.833, 1.973), improvement=0.000817
SRD step 250: evaluated 32 candidates, 4 promising, accepted 3
  Accepted AddPatch at patch 24, improvement=0.001341
  Accepted AddPatch at patch 25, improvement=0.001341
  Accepted AddPatch at patch 26, improvement=0.000817
  Total patches: 27, total adds: 12, total deletes: 5
  step 250/2000: loss=0.196167, patches=24
SRD step 300: evaluated 32 candidates, 0 promising, accepted 0
  Total patches: 27, total adds: 12, total deletes: 5
  step 300/2000: loss=0.172804, patches=27
[SRD rewrite] added patch=27, position=(-0.368, -0.772, 0.875), improvement=0.000600
SRD step 350: evaluated 32 candidates, 1 promising, accepted 1
  Accepted AddPatch at patch 27, improvement=0.000600
  Total patches: 28, total adds: 13, total deletes: 5
  step 350/2000: loss=0.156387, patches=27
[SRD rewrite] deleted patch=2, position=(0.051, -1.909, 1.986), reason=accepted rewrite
[SRD rewrite] added patch=27, position=(0.542, -2.494, -0.145), improvement=0.001302
[SRD rewrite] added patch=28, position=(0.307, 2.111, 0.755), improvement=0.001173
[SRD rewrite] added patch=29, position=(0.866, -0.007, -2.460), improvement=0.000432
SRD step 400: evaluated 32 candidates, 7 promising, accepted 4
  Accepted DeletePatch(2) at patch 2, improvement=0.004996
  Accepted AddPatch at patch 27, improvement=0.001302
  Accepted AddPatch at patch 28, improvement=0.001173
  Accepted AddPatch at patch 29, improvement=0.000432
  Total patches: 30, total adds: 16, total deletes: 6
  step 400/2000: loss=0.148359, patches=28
SRD step 450: evaluated 32 candidates, 0 promising, accepted 0
  Total patches: 30, total adds: 16, total deletes: 6
  step 450/2000: loss=0.126128, patches=30
SRD step 500: evaluated 32 candidates, 0 promising, accepted 0
  Total patches: 30, total adds: 16, total deletes: 6
  step 500/2000: loss=0.116694, patches=30
SRD step 550: evaluated 32 candidates, 0 promising, accepted 0
  Total patches: 30, total adds: 16, total deletes: 6
  step 550/2000: loss=0.115707, patches=30
SRD step 600: evaluated 32 candidates, 0 promising, accepted 0
  Total patches: 30, total adds: 16, total deletes: 6
  step 600/2000: loss=0.118155, patches=30
SRD step 650: evaluated 32 candidates, 0 promising, accepted 0
  Total patches: 30, total adds: 16, total deletes: 6
  step 650/2000: loss=0.116479, patches=30
SRD step 700: evaluated 32 candidates, 0 promising, accepted 0
  Total patches: 30, total adds: 16, total deletes: 6
  step 700/2000: loss=0.114036, patches=30
SRD step 750: evaluated 32 candidates, 0 promising, accepted 0
  Total patches: 30, total adds: 16, total deletes: 6
  step 750/2000: loss=0.115484, patches=30
SRD step 800: evaluated 32 candidates, 0 promising, accepted 0
  Total patches: 30, total adds: 16, total deletes: 6
  step 800/2000: loss=0.116566, patches=30
SRD step 850: evaluated 32 candidates, 0 promising, accepted 0
  Total patches: 30, total adds: 16, total deletes: 6
  step 850/2000: loss=0.126212, patches=30
[SRD rewrite] deleted patch=12, position=(1.789, 0.441, -1.980), reason=accepted rewrite
SRD step 900: evaluated 32 candidates, 1 promising, accepted 1
  Accepted DeletePatch(12) at patch 12, improvement=0.005671
  Total patches: 29, total adds: 16, total deletes: 7
  step 900/2000: loss=0.131132, patches=30
SRD step 950: evaluated 32 candidates, 0 promising, accepted 0
  Total patches: 29, total adds: 16, total deletes: 7
  step 950/2000: loss=0.117406, patches=29
SRD step 1000: evaluated 32 candidates, 0 promising, accepted 0
  Total patches: 29, total adds: 16, total deletes: 7
  step 1000/2000: loss=0.117347, patches=29
SRD step 1050: evaluated 32 candidates, 0 promising, accepted 0
  Total patches: 29, total adds: 16, total deletes: 7
  step 1050/2000: loss=0.118768, patches=29
SRD step 1100: evaluated 32 candidates, 0 promising, accepted 0
  Total patches: 29, total adds: 16, total deletes: 7
  step 1100/2000: loss=0.119615, patches=29
SRD step 1150: evaluated 32 candidates, 0 promising, accepted 0
  Total patches: 29, total adds: 16, total deletes: 7
  step 1150/2000: loss=0.118527, patches=29
SRD step 1200: evaluated 32 candidates, 0 promising, accepted 0
  Total patches: 29, total adds: 16, total deletes: 7
  step 1200/2000: loss=0.116671, patches=29
SRD step 1250: evaluated 32 candidates, 0 promising, accepted 0
  Total patches: 29, total adds: 16, total deletes: 7
  step 1250/2000: loss=0.116106, patches=29
SRD step 1300: evaluated 32 candidates, 0 promising, accepted 0
  Total patches: 29, total adds: 16, total deletes: 7
  step 1300/2000: loss=0.115149, patches=29
SRD step 1350: evaluated 32 candidates, 0 promising, accepted 0
  Total patches: 29, total adds: 16, total deletes: 7
  step 1350/2000: loss=0.115569, patches=29
SRD step 1400: evaluated 32 candidates, 0 promising, accepted 0
  Total patches: 29, total adds: 16, total deletes: 7
  step 1400/2000: loss=0.113028, patches=29
SRD step 1450: evaluated 32 candidates, 0 promising, accepted 0
  Total patches: 29, total adds: 16, total deletes: 7
  step 1450/2000: loss=0.112750, patches=29
SRD step 1500: evaluated 32 candidates, 0 promising, accepted 0
  Total patches: 29, total adds: 16, total deletes: 7
  step 1500/2000: loss=0.112779, patches=29
SRD step 1550: evaluated 32 candidates, 0 promising, accepted 0
  Total patches: 29, total adds: 16, total deletes: 7
  step 1550/2000: loss=0.112547, patches=29
SRD step 1600: evaluated 32 candidates, 0 promising, accepted 0
  Total patches: 29, total adds: 16, total deletes: 7
  step 1600/2000: loss=0.115786, patches=29
SRD step 1650: evaluated 32 candidates, 0 promising, accepted 0
  Total patches: 29, total adds: 16, total deletes: 7
  step 1650/2000: loss=0.122513, patches=29
SRD step 1700: evaluated 32 candidates, 0 promising, accepted 0
  Total patches: 29, total adds: 16, total deletes: 7
  step 1700/2000: loss=0.117837, patches=29
SRD step 1750: evaluated 32 candidates, 0 promising, accepted 0
  Total patches: 29, total adds: 16, total deletes: 7
  step 1750/2000: loss=0.116750, patches=29
SRD step 1800: evaluated 32 candidates, 0 promising, accepted 0
  Total patches: 29, total adds: 16, total deletes: 7
  step 1800/2000: loss=0.114269, patches=29
SRD step 1850: evaluated 32 candidates, 0 promising, accepted 0
  Total patches: 29, total adds: 16, total deletes: 7
  step 1850/2000: loss=0.115692, patches=29
SRD step 1900: evaluated 32 candidates, 0 promising, accepted 0
  Total patches: 29, total adds: 16, total deletes: 7
  step 1900/2000: loss=0.114646, patches=29
SRD step 1950: evaluated 32 candidates, 0 promising, accepted 0
  Total patches: 29, total adds: 16, total deletes: 7
  step 1950/2000: loss=0.115197, patches=29
SRD step 2000: evaluated 32 candidates, 0 promising, accepted 0
  Total patches: 29, total adds: 16, total deletes: 7
  step 2000/2000: loss=0.114015, patches=29
[SRD rewrite] deleted patch=5, position=(0.218, 0.020, 2.352), reason=final deletion pass improved loss
[SRD rewrite] deleted patch=10, position=(0.857, -0.557, 2.453), reason=final deletion pass improved loss
[SRD rewrite] deleted patch=22, position=(-0.010, -0.833, 1.973), reason=final deletion pass improved loss
[Trial 2] done: loss=0.110278, time=11359.9s
[Trial 3/3] seed=2
[SRD rewrite] deleted patch=16, position=(-0.979, 0.143, 1.858), reason=accepted rewrite
[SRD rewrite] deleted patch=15, position=(-1.280, 1.365, -1.500), reason=accepted rewrite
[SRD rewrite] deleted patch=9, position=(1.016, 1.123, -0.216), reason=accepted rewrite
[SRD rewrite] added patch=17, position=(-0.362, -0.316, 1.383), improvement=0.017235
[SRD rewrite] added patch=18, position=(0.788, -1.427, -0.416), improvement=0.015970
[SRD rewrite] added patch=19, position=(-1.166, 0.606, 0.146), improvement=0.015554
SRD step 50: evaluated 32 candidates, 32 promising, accepted 6
  Accepted DeletePatch(16) at patch 16, improvement=0.020397
  Accepted AddPatch at patch 17, improvement=0.017235
  Accepted AddPatch at patch 18, improvement=0.015970
  Accepted AddPatch at patch 19, improvement=0.015554
  Accepted DeletePatch(9) at patch 9, improvement=0.009564
  Accepted DeletePatch(15) at patch 15, improvement=0.008725
  Total patches: 20, total adds: 3, total deletes: 3
  step 50/2000: loss=0.622509, patches=20
[SRD rewrite] deleted patch=19, position=(-1.205, 0.612, 0.032), reason=accepted rewrite
[SRD rewrite] deleted patch=12, position=(0.786, -0.465, 1.805), reason=accepted rewrite
[SRD rewrite] added patch=18, position=(0.675, 1.349, -0.293), improvement=0.009340
[SRD rewrite] added patch=19, position=(-0.770, 0.196, -0.344), improvement=0.007844
[SRD rewrite] added patch=20, position=(-0.592, 2.324, 1.402), improvement=0.007694
SRD step 100: evaluated 32 candidates, 29 promising, accepted 5
  Accepted AddPatch at patch 18, improvement=0.009340
  Accepted AddPatch at patch 19, improvement=0.007844
  Accepted AddPatch at patch 20, improvement=0.007694
  Accepted DeletePatch(12) at patch 12, improvement=0.006348
  Accepted DeletePatch(19) at patch 19, improvement=0.004086
  Total patches: 21, total adds: 6, total deletes: 5
  step 100/2000: loss=0.491892, patches=20
[SRD rewrite] deleted patch=19, position=(-0.786, 0.128, -0.472), reason=accepted rewrite
[SRD rewrite] deleted patch=4, position=(-0.589, 0.845, -2.083), reason=accepted rewrite
[SRD rewrite] added patch=19, position=(0.709, -2.063, 1.079), improvement=0.015688
[SRD rewrite] added patch=20, position=(-1.429, 0.897, -0.131), improvement=0.015079
[SRD rewrite] restored patch=21, position=(-1.205, 0.612, 0.032), improvement=0.014963
SRD step 150: evaluated 32 candidates, 30 promising, accepted 5
  Accepted AddPatch at patch 19, improvement=0.015688
  Accepted AddPatch at patch 20, improvement=0.015079
  Accepted RestorePatch(3) at patch 21, improvement=0.014963
  Accepted DeletePatch(4) at patch 4, improvement=0.013703
  Accepted DeletePatch(19) at patch 19, improvement=0.004594
  Total patches: 22, total adds: 9, total deletes: 7
  step 150/2000: loss=0.366079, patches=21
[SRD rewrite] deleted patch=3, position=(0.364, 0.517, 2.161), reason=accepted rewrite
[SRD rewrite] added patch=21, position=(-0.080, 2.293, 0.384), improvement=0.002603
[SRD rewrite] added patch=22, position=(1.028, -2.008, 2.019), improvement=0.002603
[SRD rewrite] added patch=23, position=(0.568, 0.192, 2.011), improvement=0.001745
SRD step 200: evaluated 32 candidates, 19 promising, accepted 4
  Accepted AddPatch at patch 21, improvement=0.002603
  Accepted AddPatch at patch 22, improvement=0.002603
  Accepted AddPatch at patch 23, improvement=0.001745
  Accepted DeletePatch(3) at patch 3, improvement=0.001166
  Total patches: 24, total adds: 12, total deletes: 8
  step 200/2000: loss=0.267179, patches=22
[SRD rewrite] deleted patch=13, position=(-1.652, 0.351, 0.756), reason=accepted rewrite
[SRD rewrite] deleted patch=8, position=(-1.550, 0.792, -0.893), reason=accepted rewrite
SRD step 250: evaluated 32 candidates, 2 promising, accepted 2
  Accepted DeletePatch(8) at patch 8, improvement=0.006602
  Accepted DeletePatch(13) at patch 13, improvement=0.000819
  Total patches: 22, total adds: 12, total deletes: 10
  step 250/2000: loss=0.229011, patches=24
[SRD rewrite] added patch=22, position=(0.910, -0.582, 0.421), improvement=0.000572
SRD step 300: evaluated 32 candidates, 1 promising, accepted 1
  Accepted AddPatch at patch 22, improvement=0.000572
  Total patches: 23, total adds: 13, total deletes: 10
  step 300/2000: loss=0.187868, patches=22
SRD step 350: evaluated 32 candidates, 0 promising, accepted 0
  Total patches: 23, total adds: 13, total deletes: 10
  step 350/2000: loss=0.162923, patches=23
SRD step 400: evaluated 32 candidates, 0 promising, accepted 0
  Total patches: 23, total adds: 13, total deletes: 10
  step 400/2000: loss=0.147309, patches=23
SRD step 450: evaluated 32 candidates, 0 promising, accepted 0
  Total patches: 23, total adds: 13, total deletes: 10
  step 450/2000: loss=0.141379, patches=23
SRD step 500: evaluated 32 candidates, 0 promising, accepted 0
  Total patches: 23, total adds: 13, total deletes: 10
  step 500/2000: loss=0.138418, patches=23
SRD step 550: evaluated 32 candidates, 0 promising, accepted 0
  Total patches: 23, total adds: 13, total deletes: 10
  step 550/2000: loss=0.135760, patches=23
SRD step 600: evaluated 32 candidates, 0 promising, accepted 0
  Total patches: 23, total adds: 13, total deletes: 10
  step 600/2000: loss=0.134949, patches=23
SRD step 650: evaluated 32 candidates, 0 promising, accepted 0
  Total patches: 23, total adds: 13, total deletes: 10
  step 650/2000: loss=0.132231, patches=23
SRD step 700: evaluated 32 candidates, 0 promising, accepted 0
  Total patches: 23, total adds: 13, total deletes: 10
  step 700/2000: loss=0.131908, patches=23
SRD step 750: evaluated 32 candidates, 0 promising, accepted 0
  Total patches: 23, total adds: 13, total deletes: 10
  step 750/2000: loss=0.130480, patches=23
SRD step 800: evaluated 32 candidates, 0 promising, accepted 0
  Total patches: 23, total adds: 13, total deletes: 10
  step 800/2000: loss=0.128351, patches=23
SRD step 850: evaluated 32 candidates, 0 promising, accepted 0
  Total patches: 23, total adds: 13, total deletes: 10
  step 850/2000: loss=0.128430, patches=23
SRD step 900: evaluated 32 candidates, 0 promising, accepted 0
  Total patches: 23, total adds: 13, total deletes: 10
  step 900/2000: loss=0.127058, patches=23
SRD step 950: evaluated 32 candidates, 0 promising, accepted 0
  Total patches: 23, total adds: 13, total deletes: 10
  step 950/2000: loss=0.127950, patches=23
SRD step 1000: evaluated 32 candidates, 0 promising, accepted 0
  Total patches: 23, total adds: 13, total deletes: 10
  step 1000/2000: loss=0.126107, patches=23
SRD step 1050: evaluated 32 candidates, 0 promising, accepted 0
  Total patches: 23, total adds: 13, total deletes: 10
  step 1050/2000: loss=0.127270, patches=23
SRD step 1100: evaluated 32 candidates, 0 promising, accepted 0
  Total patches: 23, total adds: 13, total deletes: 10
  step 1100/2000: loss=0.125369, patches=23
SRD step 1150: evaluated 32 candidates, 0 promising, accepted 0
  Total patches: 23, total adds: 13, total deletes: 10
  step 1150/2000: loss=0.124579, patches=23
SRD step 1200: evaluated 32 candidates, 0 promising, accepted 0
  Total patches: 23, total adds: 13, total deletes: 10
  step 1200/2000: loss=0.124189, patches=23
SRD step 1250: evaluated 32 candidates, 0 promising, accepted 0
  Total patches: 23, total adds: 13, total deletes: 10
  step 1250/2000: loss=0.127423, patches=23
SRD step 1300: evaluated 32 candidates, 0 promising, accepted 0
  Total patches: 23, total adds: 13, total deletes: 10
  step 1300/2000: loss=0.125662, patches=23
SRD step 1350: evaluated 32 candidates, 0 promising, accepted 0
  Total patches: 23, total adds: 13, total deletes: 10
  step 1350/2000: loss=0.125902, patches=23
SRD step 1400: evaluated 32 candidates, 0 promising, accepted 0
  Total patches: 23, total adds: 13, total deletes: 10
  step 1400/2000: loss=0.124389, patches=23
SRD step 1450: evaluated 32 candidates, 0 promising, accepted 0
  Total patches: 23, total adds: 13, total deletes: 10
  step 1450/2000: loss=0.125020, patches=23
SRD step 1500: evaluated 32 candidates, 0 promising, accepted 0
  Total patches: 23, total adds: 13, total deletes: 10
  step 1500/2000: loss=0.123591, patches=23
SRD step 1550: evaluated 32 candidates, 0 promising, accepted 0
  Total patches: 23, total adds: 13, total deletes: 10
  step 1550/2000: loss=0.124395, patches=23
SRD step 1600: evaluated 32 candidates, 0 promising, accepted 0
  Total patches: 23, total adds: 13, total deletes: 10
  step 1600/2000: loss=0.121738, patches=23
SRD step 1650: evaluated 32 candidates, 0 promising, accepted 0
  Total patches: 23, total adds: 13, total deletes: 10
  step 1650/2000: loss=0.123129, patches=23
SRD step 1700: evaluated 32 candidates, 0 promising, accepted 0
  Total patches: 23, total adds: 13, total deletes: 10
  step 1700/2000: loss=0.122354, patches=23
SRD step 1750: evaluated 32 candidates, 0 promising, accepted 0
  Total patches: 23, total adds: 13, total deletes: 10
  step 1750/2000: loss=0.123466, patches=23
SRD step 1800: evaluated 32 candidates, 0 promising, accepted 0
  Total patches: 23, total adds: 13, total deletes: 10
  step 1800/2000: loss=0.120125, patches=23
SRD step 1850: evaluated 32 candidates, 0 promising, accepted 0
  Total patches: 23, total adds: 13, total deletes: 10
  step 1850/2000: loss=0.120765, patches=23
SRD step 1900: evaluated 32 candidates, 0 promising, accepted 0
  Total patches: 23, total adds: 13, total deletes: 10
  step 1900/2000: loss=0.120555, patches=23
SRD step 1950: evaluated 32 candidates, 0 promising, accepted 0
  Total patches: 23, total adds: 13, total deletes: 10
  step 1950/2000: loss=0.120162, patches=23
SRD step 2000: evaluated 32 candidates, 0 promising, accepted 0
  Total patches: 23, total adds: 13, total deletes: 10
  step 2000/2000: loss=0.121726, patches=23
[SRD rewrite] deleted patch=8, position=(-2.330, -2.904, 0.898), reason=final deletion pass improved loss
[SRD rewrite] deleted patch=14, position=(-0.592, 2.324, 1.402), reason=final deletion pass improved loss
[SRD rewrite] deleted patch=16, position=(-2.405, 2.439, -0.125), reason=final deletion pass improved loss
[Trial 3] done: loss=0.119930, time=8983.0s
[Run] report written to results/slurm/20260717_1249/ablation_sun_moon_ablation/output.txt
