## SLURM PROLOG ###############################################################
##    Job ID : 4093827
##  Job Name : 20260718_1833_patchsize_cat_face_bass_10
##  Nodelist : gpu2252
##      CPUs : 
##  Mem/Node : 128000 MB
## Directory : /oscar/home/cjmok/automated-perspective-sculptor
##   Job Started : Sat Jul 18 09:05:07 PM EDT 2026
###############################################################################
[Swept volume] building (resolution=256)...
[Run] mode=full, trials=3, seeds=[0, 1, 2], steps=1000, srd=True, ablation_flags={'disable_swept_volume_adds': False, 'loss_only_deletion': False, 'disable_splitting': False}
[Trial 1/3] seed=0
[Patch] mapbox-earcut is not installed; falling back to fan fill, so non-convex pieces will render incorrectly. Install it with: pip install mapbox-earcut
[SRD rewrite] split patch=4, children=9,10, improvement=0.023370
[SRD rewrite] split patch=2, children=10,11, improvement=0.020717
[SRD rewrite] added patch=12, position=(-0.657, 0.479, -1.172), improvement=0.019774
SRD step 50: evaluated 27 candidates, 27 promising, accepted 3
  Accepted SplitPatch(4) at patch 4, improvement=0.023370
  Accepted SplitPatch(2) at patch 2, improvement=0.020717
  Accepted AddPatch at patch 12, improvement=0.019774
  Total patches: 13, total adds: 3, total deletes: 0
  step 50/1000: loss=0.611248, patches=10
[SRD rewrite] deleted patch=10, position=(0.196, -0.244, 1.855), reason=Area 0.003485 below minimum 0.01
[SRD rewrite] deleted patch=9, position=(-2.210, 0.098, -1.500), reason=Area 0.009721 below minimum 0.01
[SRD rewrite] deleted patch=8, position=(-2.052, 0.081, -1.691), reason=Area 0.002016 below minimum 0.01
[SRD rewrite] added patch=10, position=(0.534, 0.226, -1.208), improvement=0.012195
[SRD rewrite] added patch=11, position=(0.442, 0.460, -0.956), improvement=0.012017
[SRD rewrite] added patch=12, position=(-0.220, 0.345, -1.472), improvement=0.011814
SRD step 100: evaluated 27 candidates, 26 promising, accepted 6
  Accepted AddPatch at patch 10, improvement=0.012195
  Accepted AddPatch at patch 11, improvement=0.012017
  Accepted AddPatch at patch 12, improvement=0.011814
  Mandatory DeletePatch(8) at patch 8, reason=Area 0.002016 below minimum 0.01
  Mandatory DeletePatch(9) at patch 9, reason=Area 0.009721 below minimum 0.01
  Mandatory DeletePatch(10) at patch 10, reason=Area 0.003485 below minimum 0.01
  Total patches: 13, total adds: 6, total deletes: 3
  step 100/1000: loss=0.437232, patches=13
[SRD rewrite] added patch=13, position=(-0.321, 0.416, -1.655), improvement=0.006647
[SRD rewrite] added patch=14, position=(0.446, 0.208, 1.425), improvement=0.006530
[SRD rewrite] added patch=15, position=(-0.111, 0.185, 1.565), improvement=0.006483
SRD step 150: evaluated 27 candidates, 26 promising, accepted 3
  Accepted AddPatch at patch 13, improvement=0.006647
  Accepted AddPatch at patch 14, improvement=0.006530
  Accepted AddPatch at patch 15, improvement=0.006483
  Total patches: 16, total adds: 9, total deletes: 3
  step 150/1000: loss=0.343214, patches=13
[SRD rewrite] deleted patch=15, position=(-0.083, 0.207, 1.605), reason=Area 0.000218 below minimum 0.01
[SRD rewrite] deleted patch=14, position=(0.362, 0.294, 1.490), reason=Area 0.004332 below minimum 0.01
[SRD rewrite] deleted patch=13, position=(-0.321, 0.416, -1.655), reason=Area 0.009291 below minimum 0.01
[SRD rewrite] added patch=13, position=(-0.245, 0.215, -1.674), improvement=0.000519
[SRD rewrite] added patch=14, position=(-0.572, 0.340, -1.717), improvement=0.000413
[SRD rewrite] added patch=15, position=(-0.974, 0.230, -1.526), improvement=0.000372
SRD step 200: evaluated 27 candidates, 6 promising, accepted 6
  Accepted AddPatch at patch 13, improvement=0.000519
  Accepted AddPatch at patch 14, improvement=0.000413
  Accepted AddPatch at patch 15, improvement=0.000372
  Mandatory DeletePatch(13) at patch 13, reason=Area 0.009291 below minimum 0.01
  Mandatory DeletePatch(14) at patch 14, reason=Area 0.004332 below minimum 0.01
  Mandatory DeletePatch(15) at patch 15, reason=Area 0.000218 below minimum 0.01
  Total patches: 16, total adds: 12, total deletes: 6
  step 200/1000: loss=0.289410, patches=16
[SRD rewrite] deleted patch=15, position=(-1.030, 0.173, -1.470), reason=Area 0.001647 below minimum 0.01
[SRD rewrite] deleted patch=11, position=(0.631, 0.900, -0.693), reason=Area 0.000192 below minimum 0.01
[SRD rewrite] added patch=14, position=(-1.297, 0.328, -1.323), improvement=0.000833
[SRD rewrite] added patch=15, position=(-0.262, 0.229, -1.566), improvement=0.000535
SRD step 250: evaluated 27 candidates, 18 promising, accepted 5
  Accepted AddPatch at patch 14, improvement=0.000833
  Accepted AddPatch at patch 15, improvement=0.000535
  Accepted SplitPatch(4) at patch 4, improvement=0.000478
  Mandatory DeletePatch(11) at patch 11, reason=Area 0.000192 below minimum 0.01
  Mandatory DeletePatch(15) at patch 15, reason=Area 0.001647 below minimum 0.01
  Total patches: 16, total adds: 14, total deletes: 8
  step 250/1000: loss=0.269059, patches=16
[SRD rewrite] deleted patch=15, position=(-0.169, 0.200, -1.500), reason=Area 0.000341 below minimum 0.01
[SRD rewrite] deleted patch=12, position=(-0.396, 0.464, -1.528), reason=Area 0.009066 below minimum 0.01
[SRD rewrite] deleted patch=3, position=(0.589, -0.517, 1.512), reason=Area 0.007199 below minimum 0.01
SRD step 300: evaluated 27 candidates, 0 promising, accepted 3
  Mandatory DeletePatch(3) at patch 3, reason=Area 0.007199 below minimum 0.01
  Mandatory DeletePatch(12) at patch 12, reason=Area 0.009066 below minimum 0.01
  Mandatory DeletePatch(15) at patch 15, reason=Area 0.000341 below minimum 0.01
  Total patches: 13, total adds: 14, total deletes: 11
  step 300/1000: loss=0.250890, patches=16
[SRD rewrite] added patch=13, position=(0.730, 0.167, 1.394), improvement=0.002421
[SRD rewrite] added patch=14, position=(-0.874, 0.099, 1.913), improvement=0.002294
[SRD rewrite] added patch=15, position=(-0.801, 0.576, -1.694), improvement=0.001265
SRD step 350: evaluated 27 candidates, 9 promising, accepted 3
  Accepted AddPatch at patch 13, improvement=0.002421
  Accepted AddPatch at patch 14, improvement=0.002294
  Accepted AddPatch at patch 15, improvement=0.001265
  Total patches: 16, total adds: 17, total deletes: 11
  step 350/1000: loss=0.247511, patches=13
[SRD rewrite] deleted patch=15, position=(-0.894, 0.639, -1.620), reason=Area 0.009470 below minimum 0.01
[SRD rewrite] deleted patch=13, position=(0.725, 0.287, 1.429), reason=Area 0.001989 below minimum 0.01
[SRD rewrite] deleted patch=11, position=(-0.992, 0.495, -1.534), reason=Area 0.008761 below minimum 0.01
SRD step 400: evaluated 27 candidates, 0 promising, accepted 3
  Mandatory DeletePatch(11) at patch 11, reason=Area 0.008761 below minimum 0.01
  Mandatory DeletePatch(13) at patch 13, reason=Area 0.001989 below minimum 0.01
  Mandatory DeletePatch(15) at patch 15, reason=Area 0.009470 below minimum 0.01
  Total patches: 13, total adds: 17, total deletes: 14
  step 400/1000: loss=0.235050, patches=16
[SRD rewrite] added patch=13, position=(0.457, -0.756, 1.346), improvement=0.000402
SRD step 450: evaluated 27 candidates, 1 promising, accepted 1
  Accepted AddPatch at patch 13, improvement=0.000402
  Total patches: 14, total adds: 18, total deletes: 14
  step 450/1000: loss=0.235835, patches=13
SRD step 500: evaluated 27 candidates, 0 promising, accepted 0
  Total patches: 14, total adds: 18, total deletes: 14
  step 500/1000: loss=0.206838, patches=14
[SRD rewrite] added patch=14, position=(0.673, 0.303, 1.326), improvement=0.000101
SRD step 550: evaluated 27 candidates, 9 promising, accepted 3
  Accepted AddPatch at patch 14, improvement=0.000101
  Accepted SplitPatch(3) at patch 3, improvement=0.000075
  Accepted SplitPatch(6) at patch 6, improvement=0.000075
  Total patches: 15, total adds: 19, total deletes: 14
  step 550/1000: loss=0.191856, patches=14
[SRD rewrite] deleted patch=14, position=(0.679, 0.371, 1.394), reason=Area 0.007995 below minimum 0.01
[SRD rewrite] deleted patch=7, position=(-0.260, 0.053, 1.913), reason=Area 0.004496 below minimum 0.01
SRD step 600: evaluated 27 candidates, 0 promising, accepted 2
  Mandatory DeletePatch(7) at patch 7, reason=Area 0.004496 below minimum 0.01
  Mandatory DeletePatch(14) at patch 14, reason=Area 0.007995 below minimum 0.01
  Total patches: 13, total adds: 19, total deletes: 16
  step 600/1000: loss=0.183204, patches=15
SRD step 650: evaluated 27 candidates, 0 promising, accepted 0
  Total patches: 13, total adds: 19, total deletes: 16
  step 650/1000: loss=0.189994, patches=13
[SRD rewrite] added patch=13, position=(0.649, 0.461, 0.962), improvement=0.000509
[SRD rewrite] added patch=14, position=(-0.018, 0.001, 1.528), improvement=0.000488
[SRD rewrite] added patch=15, position=(-0.283, -0.058, 1.601), improvement=0.000216
SRD step 700: evaluated 27 candidates, 6 promising, accepted 3
  Accepted AddPatch at patch 13, improvement=0.000509
  Accepted AddPatch at patch 14, improvement=0.000488
  Accepted AddPatch at patch 15, improvement=0.000216
  Total patches: 16, total adds: 22, total deletes: 16
  step 700/1000: loss=0.186442, patches=13
[SRD rewrite] deleted patch=15, position=(-0.228, 0.007, 1.568), reason=Area 0.000711 below minimum 0.01
[SRD rewrite] deleted patch=14, position=(-0.052, 0.037, 1.505), reason=Area 0.000818 below minimum 0.01
[SRD rewrite] deleted patch=13, position=(0.667, 0.432, 1.028), reason=Area 0.000211 below minimum 0.01
SRD step 750: evaluated 27 candidates, 0 promising, accepted 3
  Mandatory DeletePatch(13) at patch 13, reason=Area 0.000211 below minimum 0.01
  Mandatory DeletePatch(14) at patch 14, reason=Area 0.000818 below minimum 0.01
  Mandatory DeletePatch(15) at patch 15, reason=Area 0.000711 below minimum 0.01
  Total patches: 13, total adds: 22, total deletes: 19
  step 750/1000: loss=0.177433, patches=16
SRD step 800: evaluated 27 candidates, 0 promising, accepted 0
  Total patches: 13, total adds: 22, total deletes: 19
  step 800/1000: loss=0.173689, patches=13
SRD step 850: evaluated 27 candidates, 0 promising, accepted 0
  Total patches: 13, total adds: 22, total deletes: 19
  step 850/1000: loss=0.171008, patches=13
SRD step 900: evaluated 27 candidates, 0 promising, accepted 0
  Total patches: 13, total adds: 22, total deletes: 19
  step 900/1000: loss=0.161109, patches=13
SRD step 950: evaluated 27 candidates, 0 promising, accepted 0
  Total patches: 13, total adds: 22, total deletes: 19
  step 950/1000: loss=0.153742, patches=13
SRD step 1000: evaluated 27 candidates, 0 promising, accepted 0
  Total patches: 13, total adds: 22, total deletes: 19
  step 1000/1000: loss=0.154824, patches=13
[SRD rewrite] deleted patch=2, position=(-2.031, 2.619, -1.302), reason=final deletion pass improved loss
[SRD rewrite] deleted patch=9, position=(-1.154, 0.385, -1.790), reason=final deletion pass improved loss
[Trial 1] done: loss=0.149983, time=2589.6s
[Trial 2/3] seed=1
[SRD rewrite] split patch=4, children=9,10, improvement=0.018686
[SRD rewrite] added patch=11, position=(0.664, 0.403, -0.199), improvement=0.015552
[SRD rewrite] added patch=12, position=(0.512, 0.381, -1.371), improvement=0.014779
SRD step 50: evaluated 27 candidates, 27 promising, accepted 3
  Accepted SplitPatch(4) at patch 4, improvement=0.018686
  Accepted AddPatch at patch 11, improvement=0.015552
  Accepted AddPatch at patch 12, improvement=0.014779
  Total patches: 13, total adds: 3, total deletes: 0
  step 50/1000: loss=0.561589, patches=10
[SRD rewrite] deleted patch=9, position=(-1.719, 1.425, -0.408), reason=Area 0.000793 below minimum 0.01
[SRD rewrite] split patch=5, children=11,12, improvement=0.009824
[SRD rewrite] added patch=13, position=(0.047, 0.036, 1.581), improvement=0.008178
[SRD rewrite] added patch=14, position=(0.370, 0.077, 1.433), improvement=0.007279
SRD step 100: evaluated 27 candidates, 15 promising, accepted 4
  Accepted SplitPatch(5) at patch 5, improvement=0.009824
  Accepted AddPatch at patch 13, improvement=0.008178
  Accepted AddPatch at patch 14, improvement=0.007279
  Mandatory DeletePatch(9) at patch 9, reason=Area 0.000793 below minimum 0.01
  Total patches: 15, total adds: 6, total deletes: 1
  step 100/1000: loss=0.461990, patches=13
[SRD rewrite] deleted patch=12, position=(-0.629, -0.271, -1.471), reason=Area 0.001540 below minimum 0.01
[SRD rewrite] deleted patch=11, position=(-0.715, -0.081, -1.575), reason=Area 0.001870 below minimum 0.01
[SRD rewrite] deleted patch=8, position=(-1.496, 1.681, -0.707), reason=Area 0.009002 below minimum 0.01
[SRD rewrite] added patch=12, position=(0.702, -0.648, 1.484), improvement=0.008149
[SRD rewrite] added patch=13, position=(0.141, -0.107, 1.394), improvement=0.007942
[SRD rewrite] added patch=14, position=(1.252, 0.290, -1.370), improvement=0.007671
SRD step 150: evaluated 27 candidates, 15 promising, accepted 6
  Accepted AddPatch at patch 12, improvement=0.008149
  Accepted AddPatch at patch 13, improvement=0.007942
  Accepted AddPatch at patch 14, improvement=0.007671
  Mandatory DeletePatch(8) at patch 8, reason=Area 0.009002 below minimum 0.01
  Mandatory DeletePatch(11) at patch 11, reason=Area 0.001870 below minimum 0.01
  Mandatory DeletePatch(12) at patch 12, reason=Area 0.001540 below minimum 0.01
  Total patches: 15, total adds: 9, total deletes: 4
  step 150/1000: loss=0.399574, patches=15
[SRD rewrite] deleted patch=14, position=(1.252, 0.290, -1.370), reason=Area 0.009291 below minimum 0.01
[SRD rewrite] added patch=14, position=(0.692, -0.741, 1.219), improvement=0.006098
[SRD rewrite] added patch=15, position=(-0.656, -0.521, 1.776), improvement=0.005962
[SRD rewrite] added patch=16, position=(-0.874, -0.324, 1.743), improvement=0.005352
SRD step 200: evaluated 27 candidates, 20 promising, accepted 4
  Accepted AddPatch at patch 14, improvement=0.006098
  Accepted AddPatch at patch 15, improvement=0.005962
  Accepted AddPatch at patch 16, improvement=0.005352
  Mandatory DeletePatch(14) at patch 14, reason=Area 0.009291 below minimum 0.01
  Total patches: 17, total adds: 12, total deletes: 5
  step 200/1000: loss=0.356943, patches=15
[SRD rewrite] deleted patch=16, position=(-0.951, -0.358, 1.645), reason=Area 0.002319 below minimum 0.01
[SRD rewrite] deleted patch=8, position=(0.829, 0.671, 0.178), reason=Area 0.007527 below minimum 0.01
SRD step 250: evaluated 27 candidates, 0 promising, accepted 2
  Mandatory DeletePatch(8) at patch 8, reason=Area 0.007527 below minimum 0.01
  Mandatory DeletePatch(16) at patch 16, reason=Area 0.002319 below minimum 0.01
  Total patches: 15, total adds: 12, total deletes: 7
  step 250/1000: loss=0.294112, patches=17
[SRD rewrite] deleted patch=13, position=(0.910, -0.631, 1.354), reason=Area 0.000990 below minimum 0.01
[SRD rewrite] added patch=14, position=(-0.447, -0.747, 1.948), improvement=0.000075
SRD step 300: evaluated 27 candidates, 1 promising, accepted 2
  Accepted AddPatch at patch 14, improvement=0.000075
  Mandatory DeletePatch(13) at patch 13, reason=Area 0.000990 below minimum 0.01
  Total patches: 15, total adds: 13, total deletes: 8
  step 300/1000: loss=0.279020, patches=15
[SRD rewrite] deleted patch=10, position=(0.309, 0.434, 1.478), reason=Area 0.008640 below minimum 0.01
[SRD rewrite] added patch=14, position=(-0.640, 0.072, -0.004), improvement=0.003611
[SRD rewrite] added patch=15, position=(-0.350, 0.084, 0.012), improvement=0.003443
[SRD rewrite] added patch=16, position=(-0.840, 0.128, 0.045), improvement=0.003328
SRD step 350: evaluated 27 candidates, 11 promising, accepted 4
  Accepted AddPatch at patch 14, improvement=0.003611
  Accepted AddPatch at patch 15, improvement=0.003443
  Accepted AddPatch at patch 16, improvement=0.003328
  Mandatory DeletePatch(10) at patch 10, reason=Area 0.008640 below minimum 0.01
  Total patches: 17, total adds: 16, total deletes: 9
  step 350/1000: loss=0.262736, patches=15
[SRD rewrite] deleted patch=3, position=(-0.757, -0.574, -0.532), reason=Area 0.009715 below minimum 0.01
[SRD rewrite] added patch=16, position=(-0.247, -0.952, 1.389), improvement=0.006665
[SRD rewrite] added patch=17, position=(-0.355, -0.612, 1.622), improvement=0.006137
[SRD rewrite] added patch=18, position=(-0.454, -0.748, 1.532), improvement=0.005857
SRD step 400: evaluated 27 candidates, 13 promising, accepted 4
  Accepted AddPatch at patch 16, improvement=0.006665
  Accepted AddPatch at patch 17, improvement=0.006137
  Accepted AddPatch at patch 18, improvement=0.005857
  Mandatory DeletePatch(3) at patch 3, reason=Area 0.009715 below minimum 0.01
  Total patches: 19, total adds: 19, total deletes: 10
  step 400/1000: loss=0.236366, patches=17
[SRD rewrite] added patch=19, position=(0.856, -0.642, 1.354), improvement=0.001406
[SRD rewrite] added patch=20, position=(0.129, -0.131, 1.110), improvement=0.000898
[SRD rewrite] added patch=21, position=(0.398, 0.154, -0.215), improvement=0.000701
SRD step 450: evaluated 27 candidates, 7 promising, accepted 3
  Accepted AddPatch at patch 19, improvement=0.001406
  Accepted AddPatch at patch 20, improvement=0.000898
  Accepted AddPatch at patch 21, improvement=0.000701
  Total patches: 22, total adds: 22, total deletes: 10
  step 450/1000: loss=0.187002, patches=19
[SRD rewrite] deleted patch=20, position=(0.184, -0.023, 0.939), reason=Area 0.001915 below minimum 0.01
[SRD rewrite] deleted patch=18, position=(-0.495, -0.685, 1.569), reason=Area 0.000240 below minimum 0.01
[SRD rewrite] deleted patch=17, position=(-0.406, -0.566, 1.544), reason=Area 0.006302 below minimum 0.01
[SRD rewrite] deleted patch=13, position=(-0.732, 0.230, -0.038), reason=Area 0.006364 below minimum 0.01
[SRD rewrite] deleted patch=14, position=(-0.986, 0.208, 0.111), reason=delete has no image effect
SRD step 500: evaluated 27 candidates, 0 promising, accepted 5
  Mandatory DeletePatch(13) at patch 13, reason=Area 0.006364 below minimum 0.01
  Mandatory DeletePatch(17) at patch 17, reason=Area 0.006302 below minimum 0.01
  Mandatory DeletePatch(18) at patch 18, reason=Area 0.000240 below minimum 0.01
  Mandatory DeletePatch(20) at patch 20, reason=Area 0.001915 below minimum 0.01
  Mandatory DeletePatch(14) at patch 14, reason=delete has no image effect
  Total patches: 17, total adds: 22, total deletes: 15
  step 500/1000: loss=0.165830, patches=22
[SRD rewrite] deleted patch=12, position=(-0.602, -0.764, 1.706), reason=Area 0.001093 below minimum 0.01
SRD step 550: evaluated 27 candidates, 0 promising, accepted 1
  Mandatory DeletePatch(12) at patch 12, reason=Area 0.001093 below minimum 0.01
  Total patches: 16, total adds: 22, total deletes: 16
  step 550/1000: loss=0.159528, patches=17
[SRD rewrite] deleted patch=13, position=(-0.570, -0.829, 1.718), reason=Area 0.007422 below minimum 0.01
[SRD rewrite] deleted patch=3, position=(-0.011, 0.847, -0.296), reason=delete has no image effect
SRD step 600: evaluated 27 candidates, 0 promising, accepted 2
  Mandatory DeletePatch(13) at patch 13, reason=Area 0.007422 below minimum 0.01
  Mandatory DeletePatch(3) at patch 3, reason=delete has no image effect
  Total patches: 14, total adds: 22, total deletes: 18
  step 600/1000: loss=0.155735, patches=16
[SRD rewrite] added patch=14, position=(-1.225, 1.305, -0.197), improvement=0.001250
[SRD rewrite] added patch=15, position=(-1.219, 1.317, -0.249), improvement=0.001201
[SRD rewrite] restored patch=16, position=(0.309, 0.434, 1.478), improvement=0.001042
SRD step 650: evaluated 27 candidates, 9 promising, accepted 3
  Accepted AddPatch at patch 14, improvement=0.001250
  Accepted AddPatch at patch 15, improvement=0.001201
  Accepted RestorePatch(10) at patch 16, improvement=0.001042
  Total patches: 17, total adds: 25, total deletes: 18
  step 650/1000: loss=0.155134, patches=14
[SRD rewrite] deleted patch=16, position=(0.407, 0.504, 1.467), reason=Area 0.001351 below minimum 0.01
[SRD rewrite] deleted patch=15, position=(-1.183, 1.374, -0.330), reason=Area 0.002283 below minimum 0.01
[SRD rewrite] deleted patch=14, position=(-1.225, 1.312, -0.127), reason=Area 0.009898 below minimum 0.01
SRD step 700: evaluated 27 candidates, 0 promising, accepted 3
  Mandatory DeletePatch(14) at patch 14, reason=Area 0.009898 below minimum 0.01
  Mandatory DeletePatch(15) at patch 15, reason=Area 0.002283 below minimum 0.01
  Mandatory DeletePatch(16) at patch 16, reason=Area 0.001351 below minimum 0.01
  Total patches: 14, total adds: 25, total deletes: 21
  step 700/1000: loss=0.142294, patches=17
[SRD rewrite] deleted patch=13, position=(0.467, 0.129, -0.196), reason=Area 0.008115 below minimum 0.01
SRD step 750: evaluated 27 candidates, 0 promising, accepted 1
  Mandatory DeletePatch(13) at patch 13, reason=Area 0.008115 below minimum 0.01
  Total patches: 13, total adds: 25, total deletes: 22
  step 750/1000: loss=0.146660, patches=14
SRD step 800: evaluated 27 candidates, 0 promising, accepted 0
  Total patches: 13, total adds: 25, total deletes: 22
  step 800/1000: loss=0.156668, patches=13
SRD step 850: evaluated 27 candidates, 0 promising, accepted 0
  Total patches: 13, total adds: 25, total deletes: 22
  step 850/1000: loss=0.155465, patches=13
SRD step 900: evaluated 27 candidates, 0 promising, accepted 0
  Total patches: 13, total adds: 25, total deletes: 22
  step 900/1000: loss=0.156704, patches=13
SRD step 950: evaluated 27 candidates, 0 promising, accepted 0
  Total patches: 13, total adds: 25, total deletes: 22
  step 950/1000: loss=0.155589, patches=13
SRD step 1000: evaluated 27 candidates, 0 promising, accepted 0
  Total patches: 13, total adds: 25, total deletes: 22
  step 1000/1000: loss=0.154679, patches=13
[Trial 2] done: loss=0.154335, time=2841.9s
[Trial 3/3] seed=2
[SRD rewrite] added patch=10, position=(0.396, 0.156, 1.308), improvement=0.012978
[SRD rewrite] added patch=11, position=(0.395, 0.170, 1.347), improvement=0.012977
[SRD rewrite] added patch=12, position=(-0.229, 0.182, 1.637), improvement=0.012688
SRD step 50: evaluated 27 candidates, 15 promising, accepted 3
  Accepted AddPatch at patch 10, improvement=0.012978
  Accepted AddPatch at patch 11, improvement=0.012977
  Accepted AddPatch at patch 12, improvement=0.012688
  Total patches: 13, total adds: 3, total deletes: 0
  step 50/1000: loss=0.551346, patches=10
[SRD rewrite] added patch=13, position=(-0.041, 0.443, 1.416), improvement=0.015359
[SRD rewrite] added patch=14, position=(0.724, 0.403, 1.140), improvement=0.015109
[SRD rewrite] added patch=15, position=(-0.034, 0.421, 1.165), improvement=0.014966
SRD step 100: evaluated 27 candidates, 12 promising, accepted 3
  Accepted AddPatch at patch 13, improvement=0.015359
  Accepted AddPatch at patch 14, improvement=0.015109
  Accepted AddPatch at patch 15, improvement=0.014966
  Total patches: 16, total adds: 6, total deletes: 0
  step 100/1000: loss=0.408865, patches=13
[SRD rewrite] deleted patch=14, position=(0.719, 0.401, 1.249), reason=Area 0.002332 below minimum 0.01
[SRD rewrite] deleted patch=12, position=(-0.223, 0.295, 1.594), reason=Area 0.007895 below minimum 0.01
[SRD rewrite] restored patch=14, position=(0.719, 0.401, 1.249), improvement=0.003258
[SRD rewrite] added patch=15, position=(0.008, 0.324, 1.536), improvement=0.003112
[SRD rewrite] added patch=16, position=(-0.718, 0.091, -1.393), improvement=0.003033
SRD step 150: evaluated 27 candidates, 18 promising, accepted 5
  Accepted RestorePatch(0) at patch 14, improvement=0.003258
  Accepted AddPatch at patch 15, improvement=0.003112
  Accepted AddPatch at patch 16, improvement=0.003033
  Mandatory DeletePatch(12) at patch 12, reason=Area 0.007895 below minimum 0.01
  Mandatory DeletePatch(14) at patch 14, reason=Area 0.002332 below minimum 0.01
  Total patches: 17, total adds: 9, total deletes: 2
  step 150/1000: loss=0.317968, patches=16
[SRD rewrite] deleted patch=15, position=(-0.079, 0.366, 1.576), reason=Area 0.000471 below minimum 0.01
[SRD rewrite] deleted patch=14, position=(0.763, 0.367, 1.365), reason=Area 0.000510 below minimum 0.01
[SRD rewrite] added patch=15, position=(0.830, -0.601, 1.328), improvement=0.003986
[SRD rewrite] added patch=16, position=(0.222, -0.773, 1.740), improvement=0.001566
[SRD rewrite] restored patch=17, position=(-0.223, 0.295, 1.594), improvement=0.001108
SRD step 200: evaluated 27 candidates, 9 promising, accepted 5
  Accepted AddPatch at patch 15, improvement=0.003986
  Accepted AddPatch at patch 16, improvement=0.001566
  Accepted RestorePatch(0) at patch 17, improvement=0.001108
  Mandatory DeletePatch(14) at patch 14, reason=Area 0.000510 below minimum 0.01
  Mandatory DeletePatch(15) at patch 15, reason=Area 0.000471 below minimum 0.01
  Total patches: 18, total adds: 12, total deletes: 4
  step 200/1000: loss=0.264734, patches=17
[SRD rewrite] deleted patch=17, position=(-0.368, 0.411, 1.632), reason=Area 0.000394 below minimum 0.01
[SRD rewrite] deleted patch=16, position=(0.152, -0.804, 1.617), reason=Area 0.003836 below minimum 0.01
SRD step 250: evaluated 27 candidates, 0 promising, accepted 2
  Mandatory DeletePatch(16) at patch 16, reason=Area 0.003836 below minimum 0.01
  Mandatory DeletePatch(17) at patch 17, reason=Area 0.000394 below minimum 0.01
  Total patches: 16, total adds: 12, total deletes: 6
  step 250/1000: loss=0.218513, patches=18
[SRD rewrite] added patch=16, position=(-1.051, 1.115, 0.868), improvement=0.001345
[SRD rewrite] added patch=17, position=(1.061, -0.016, 1.095), improvement=0.001020
[SRD rewrite] added patch=18, position=(1.057, 0.219, 0.886), improvement=0.000788
SRD step 300: evaluated 27 candidates, 7 promising, accepted 3
  Accepted AddPatch at patch 16, improvement=0.001345
  Accepted AddPatch at patch 17, improvement=0.001020
  Accepted AddPatch at patch 18, improvement=0.000788
  Total patches: 19, total adds: 15, total deletes: 6
  step 300/1000: loss=0.190253, patches=16
[SRD rewrite] deleted patch=18, position=(1.056, 0.206, 0.896), reason=Area 0.000875 below minimum 0.01
[SRD rewrite] deleted patch=12, position=(-0.241, 0.683, 1.442), reason=Area 0.004896 below minimum 0.01
[SRD rewrite] deleted patch=11, position=(0.656, 0.385, 1.408), reason=Area 0.008285 below minimum 0.01
[SRD rewrite] deleted patch=4, position=(-0.437, 0.839, 0.925), reason=delete has no image effect
[SRD rewrite] restored patch=15, position=(-0.241, 0.683, 1.442), improvement=0.001205
[SRD rewrite] added patch=16, position=(0.458, -0.126, 1.125), improvement=0.001173
[SRD rewrite] added patch=17, position=(0.035, -1.097, 1.037), improvement=0.001148
SRD step 350: evaluated 27 candidates, 6 promising, accepted 7
  Accepted RestorePatch(5) at patch 15, improvement=0.001205
  Accepted AddPatch at patch 16, improvement=0.001173
  Accepted AddPatch at patch 17, improvement=0.001148
  Mandatory DeletePatch(11) at patch 11, reason=Area 0.008285 below minimum 0.01
  Mandatory DeletePatch(12) at patch 12, reason=Area 0.004896 below minimum 0.01
  Mandatory DeletePatch(18) at patch 18, reason=Area 0.000875 below minimum 0.01
  Mandatory DeletePatch(4) at patch 4, reason=delete has no image effect
  Total patches: 18, total adds: 18, total deletes: 10
  step 350/1000: loss=0.180709, patches=19
[SRD rewrite] deleted patch=17, position=(0.029, -1.128, 1.003), reason=Area 0.005143 below minimum 0.01
[SRD rewrite] deleted patch=16, position=(0.542, -0.040, 0.991), reason=Area 0.008502 below minimum 0.01
[SRD rewrite] deleted patch=15, position=(-0.260, 0.719, 1.448), reason=Area 0.000392 below minimum 0.01
SRD step 400: evaluated 27 candidates, 0 promising, accepted 3
  Mandatory DeletePatch(15) at patch 15, reason=Area 0.000392 below minimum 0.01
  Mandatory DeletePatch(16) at patch 16, reason=Area 0.008502 below minimum 0.01
  Mandatory DeletePatch(17) at patch 17, reason=Area 0.005143 below minimum 0.01
  Total patches: 15, total adds: 18, total deletes: 13
  step 400/1000: loss=0.168083, patches=18
[SRD rewrite] deleted patch=10, position=(0.126, 0.762, 1.254), reason=Area 0.000291 below minimum 0.01
SRD step 450: evaluated 27 candidates, 0 promising, accepted 1
  Mandatory DeletePatch(10) at patch 10, reason=Area 0.000291 below minimum 0.01
  Total patches: 14, total adds: 18, total deletes: 14
  step 450/1000: loss=0.171958, patches=15
SRD step 500: evaluated 27 candidates, 0 promising, accepted 0
  Total patches: 14, total adds: 18, total deletes: 14
  step 500/1000: loss=0.173791, patches=14
SRD step 550: evaluated 27 candidates, 0 promising, accepted 0
  Total patches: 14, total adds: 18, total deletes: 14
  step 550/1000: loss=0.171731, patches=14
SRD step 600: evaluated 27 candidates, 0 promising, accepted 0
  Total patches: 14, total adds: 18, total deletes: 14
  step 600/1000: loss=0.168864, patches=14
SRD step 650: evaluated 27 candidates, 0 promising, accepted 0
  Total patches: 14, total adds: 18, total deletes: 14
  step 650/1000: loss=0.165076, patches=14
SRD step 700: evaluated 27 candidates, 0 promising, accepted 0
  Total patches: 14, total adds: 18, total deletes: 14
  step 700/1000: loss=0.159331, patches=14
SRD step 750: evaluated 27 candidates, 0 promising, accepted 0
  Total patches: 14, total adds: 18, total deletes: 14
  step 750/1000: loss=0.155825, patches=14
SRD step 800: evaluated 27 candidates, 0 promising, accepted 0
  Total patches: 14, total adds: 18, total deletes: 14
  step 800/1000: loss=0.148717, patches=14
SRD step 850: evaluated 27 candidates, 0 promising, accepted 0
  Total patches: 14, total adds: 18, total deletes: 14
  step 850/1000: loss=0.146744, patches=14
SRD step 900: evaluated 27 candidates, 0 promising, accepted 0
  Total patches: 14, total adds: 18, total deletes: 14
  step 900/1000: loss=0.141375, patches=14
SRD step 950: evaluated 27 candidates, 0 promising, accepted 0
  Total patches: 14, total adds: 18, total deletes: 14
  step 950/1000: loss=0.139682, patches=14
[SRD rewrite] deleted patch=1, position=(-0.354, -2.489, -2.071), reason=Area 0.009945 below minimum 0.01
SRD step 1000: evaluated 27 candidates, 0 promising, accepted 1
  Mandatory DeletePatch(1) at patch 1, reason=Area 0.009945 below minimum 0.01
  Total patches: 13, total adds: 18, total deletes: 15
  step 1000/1000: loss=0.138146, patches=14
[Trial 3] done: loss=0.134479, time=2854.9s
[Run] report written to results/slurm/20260718_1833/patchsize_cat_face_bass_10/patches_10/with_srd/with_srd.txt
[Swept volume] building (resolution=256)...
[Run] mode=full, trials=3, seeds=[0, 1, 2], steps=1000, srd=False, ablation_flags={'disable_swept_volume_adds': True, 'loss_only_deletion': True, 'disable_splitting': False}
[Trial 1/3] seed=0
[Patch] mapbox-earcut is not installed; falling back to fan fill, so non-convex pieces will render incorrectly. Install it with: pip install mapbox-earcut
  step 50/1000: loss=0.611248, patches=10
  step 100/1000: loss=0.454519, patches=10
  step 150/1000: loss=0.373049, patches=10
  step 200/1000: loss=0.341743, patches=10
  step 250/1000: loss=0.330384, patches=10
  step 300/1000: loss=0.324534, patches=10
  step 350/1000: loss=0.319896, patches=10
  step 400/1000: loss=0.313568, patches=10
  step 450/1000: loss=0.300777, patches=10
  step 500/1000: loss=0.289368, patches=10
  step 550/1000: loss=0.274047, patches=10
  step 600/1000: loss=0.257169, patches=10
  step 650/1000: loss=0.238644, patches=10
  step 700/1000: loss=0.235024, patches=10
  step 750/1000: loss=0.224495, patches=10
  step 800/1000: loss=0.220382, patches=10
  step 850/1000: loss=0.220602, patches=10
  step 900/1000: loss=0.220738, patches=10
  step 950/1000: loss=0.220953, patches=10
  step 1000/1000: loss=0.222386, patches=10
[Trial 1] done: loss=0.227222, time=494.9s
[Trial 2/3] seed=1
  step 50/1000: loss=0.561589, patches=10
  step 100/1000: loss=0.470976, patches=10
  step 150/1000: loss=0.433515, patches=10
  step 200/1000: loss=0.388486, patches=10
  step 250/1000: loss=0.360882, patches=10
  step 300/1000: loss=0.349814, patches=10
  step 350/1000: loss=0.342889, patches=10
  step 400/1000: loss=0.332059, patches=10
  step 450/1000: loss=0.319368, patches=10
  step 500/1000: loss=0.312699, patches=10
  step 550/1000: loss=0.280942, patches=10
  step 600/1000: loss=0.263562, patches=10
  step 650/1000: loss=0.246865, patches=10
  step 700/1000: loss=0.238180, patches=10
  step 750/1000: loss=0.220185, patches=10
  step 800/1000: loss=0.218541, patches=10
  step 850/1000: loss=0.224990, patches=10
  step 900/1000: loss=0.208406, patches=10
  step 950/1000: loss=0.207773, patches=10
  step 1000/1000: loss=0.208989, patches=10
[Trial 2] done: loss=0.208573, time=498.0s
[Trial 3/3] seed=2
  step 50/1000: loss=0.551346, patches=10
  step 100/1000: loss=0.432598, patches=10
  step 150/1000: loss=0.362287, patches=10
  step 200/1000: loss=0.310500, patches=10
  step 250/1000: loss=0.288269, patches=10
  step 300/1000: loss=0.271701, patches=10
  step 350/1000: loss=0.273164, patches=10
  step 400/1000: loss=0.261205, patches=10
  step 450/1000: loss=0.258950, patches=10
  step 500/1000: loss=0.254864, patches=10
  step 550/1000: loss=0.254915, patches=10
  step 600/1000: loss=0.254765, patches=10
  step 650/1000: loss=0.255142, patches=10
  step 700/1000: loss=0.262364, patches=10
  step 750/1000: loss=0.262171, patches=10
  step 800/1000: loss=0.267258, patches=10
  step 850/1000: loss=0.276752, patches=10
  step 900/1000: loss=0.282600, patches=10
  step 950/1000: loss=0.283373, patches=10
  step 1000/1000: loss=0.274284, patches=10
[Trial 3] done: loss=0.274124, time=517.2s
[Run] report written to results/slurm/20260718_1833/patchsize_cat_face_bass_10/patches_10/without_srd/without_srd.txt

======================================================================
Running 3 trials WITH SRD
======================================================================


======================================================================
Running 3 trials WITHOUT SRD
======================================================================


[Comparison] report written to results/slurm/20260718_1833/patchsize_cat_face_bass_10/patches_10/comparison.txt

======================================================================
SRD Patch Size Comparison
======================================================================
Started: 2026-07-18T21:05:09
Patch sizes: [10]
Trials per size: 3
Steps per trial: 1000
Output directory: results/slurm/20260718_1833/patchsize_cat_face_bass_10
======================================================================


======================================================================
Running comparison with 10 initial patches
  Target 1: images/cat_face.png
  Target 2: images/bass.png
  Trials: 3, Steps: 1000
======================================================================

[OK] Comparison with 10 patches completed successfully

======================================================================
Comparison Summary
======================================================================
Successful: 1/1
Total time: 10712.0 seconds (2.98 hours)
Summary report: results/slurm/20260718_1833/patchsize_cat_face_bass_10/SUMMARY.txt
======================================================================

