## SLURM PROLOG ###############################################################
##    Job ID : 4080011
##  Job Name : 20260718_0340_patchsize_horse_circle_5
##  Nodelist : gpu2255
##      CPUs : 
##  Mem/Node : 128000 MB
## Directory : /oscar/home/cjmok/automated-perspective-sculptor
##   Job Started : Sat Jul 18 04:40:57 AM EDT 2026
###############################################################################
[Swept volume] building (resolution=256)...
[Run] mode=full, trials=3, seeds=[0, 1, 2], steps=1000, srd=True, ablation_flags={'disable_swept_volume_adds': False, 'loss_only_deletion': False, 'disable_splitting': False}
[Trial 1/3] seed=0
[Patch] mapbox-earcut is not installed; falling back to fan fill, so non-convex pieces will render incorrectly. Install it with: pip install mapbox-earcut
[SRD rewrite] added patch=5, position=(-0.852, 0.061, -0.093), improvement=0.021679
[SRD rewrite] added patch=6, position=(-0.777, 0.066, 0.010), improvement=0.021646
[SRD rewrite] added patch=7, position=(0.791, 0.436, -1.053), improvement=0.021621
SRD step 50: evaluated 27 candidates, 22 promising, accepted 3
  Accepted AddPatch at patch 5, improvement=0.021679
  Accepted AddPatch at patch 6, improvement=0.021646
  Accepted AddPatch at patch 7, improvement=0.021621
  Total patches: 8, total adds: 3, total deletes: 0
  step 50/1000: loss=0.827734, patches=5
[SRD rewrite] added patch=8, position=(-0.716, -0.113, -0.244), improvement=0.019817
[SRD rewrite] added patch=9, position=(-0.795, 0.026, 0.396), improvement=0.019332
[SRD rewrite] added patch=10, position=(-0.742, 0.127, -0.786), improvement=0.018928
SRD step 100: evaluated 27 candidates, 23 promising, accepted 3
  Accepted AddPatch at patch 8, improvement=0.019817
  Accepted AddPatch at patch 9, improvement=0.019332
  Accepted AddPatch at patch 10, improvement=0.018928
  Total patches: 11, total adds: 6, total deletes: 0
  step 100/1000: loss=0.637821, patches=8
[SRD rewrite] added patch=11, position=(-0.868, -0.211, -1.694), improvement=0.014387
[SRD rewrite] added patch=12, position=(-1.015, -0.064, -0.539), improvement=0.014235
[SRD rewrite] added patch=13, position=(-0.448, -0.139, -0.200), improvement=0.014044
SRD step 150: evaluated 27 candidates, 25 promising, accepted 3
  Accepted AddPatch at patch 11, improvement=0.014387
  Accepted AddPatch at patch 12, improvement=0.014235
  Accepted AddPatch at patch 13, improvement=0.014044
  Total patches: 14, total adds: 9, total deletes: 0
  step 150/1000: loss=0.452527, patches=11
[SRD rewrite] deleted patch=12, position=(-1.042, -0.116, -0.477), reason=Area 0.008523 below minimum 0.01
[SRD rewrite] added patch=13, position=(-0.972, -0.263, -0.242), improvement=0.006896
[SRD rewrite] added patch=14, position=(0.702, 0.826, -1.114), improvement=0.006694
[SRD rewrite] added patch=15, position=(-0.960, -0.309, -0.596), improvement=0.006441
SRD step 200: evaluated 27 candidates, 23 promising, accepted 4
  Accepted AddPatch at patch 13, improvement=0.006896
  Accepted AddPatch at patch 14, improvement=0.006694
  Accepted AddPatch at patch 15, improvement=0.006441
  Mandatory DeletePatch(12) at patch 12, reason=Area 0.008523 below minimum 0.01
  Total patches: 16, total adds: 12, total deletes: 1
  step 200/1000: loss=0.376692, patches=14
[SRD rewrite] deleted patch=14, position=(0.849, 0.699, -1.080), reason=Area 0.000941 below minimum 0.01
[SRD rewrite] deleted patch=13, position=(-1.078, -0.272, -0.230), reason=Area 0.004810 below minimum 0.01
[SRD rewrite] added patch=14, position=(0.719, 0.570, -0.747), improvement=0.002249
[SRD rewrite] added patch=15, position=(0.570, 0.610, -0.611), improvement=0.002002
[SRD rewrite] restored patch=16, position=(-1.078, -0.272, -0.230), improvement=0.001977
SRD step 250: evaluated 27 candidates, 21 promising, accepted 5
  Accepted AddPatch at patch 14, improvement=0.002249
  Accepted AddPatch at patch 15, improvement=0.002002
  Accepted RestorePatch(2) at patch 16, improvement=0.001977
  Mandatory DeletePatch(13) at patch 13, reason=Area 0.004810 below minimum 0.01
  Mandatory DeletePatch(14) at patch 14, reason=Area 0.000941 below minimum 0.01
  Total patches: 17, total adds: 15, total deletes: 3
  step 250/1000: loss=0.328168, patches=16
[SRD rewrite] deleted patch=16, position=(-1.170, -0.157, -0.277), reason=Area 0.000447 below minimum 0.01
[SRD rewrite] deleted patch=15, position=(0.441, 0.501, -0.670), reason=Area 0.000299 below minimum 0.01
[SRD rewrite] deleted patch=14, position=(0.572, 0.457, -0.704), reason=Area 0.000262 below minimum 0.01
[SRD rewrite] added patch=14, position=(-0.861, -0.525, -0.596), improvement=0.001770
[SRD rewrite] restored patch=15, position=(0.441, 0.501, -0.670), improvement=0.001724
[SRD rewrite] restored patch=16, position=(-1.170, -0.157, -0.277), improvement=0.001661
SRD step 300: evaluated 27 candidates, 24 promising, accepted 6
  Accepted AddPatch at patch 14, improvement=0.001770
  Accepted RestorePatch(3) at patch 15, improvement=0.001724
  Accepted RestorePatch(2) at patch 16, improvement=0.001661
  Mandatory DeletePatch(14) at patch 14, reason=Area 0.000262 below minimum 0.01
  Mandatory DeletePatch(15) at patch 15, reason=Area 0.000299 below minimum 0.01
  Mandatory DeletePatch(16) at patch 16, reason=Area 0.000447 below minimum 0.01
  Total patches: 17, total adds: 18, total deletes: 6
  step 300/1000: loss=0.286468, patches=17
[SRD rewrite] deleted patch=16, position=(-1.246, -0.078, -0.351), reason=Area 0.000447 below minimum 0.01
[SRD rewrite] deleted patch=15, position=(0.241, 0.594, -0.624), reason=Area 0.000299 below minimum 0.01
SRD step 350: evaluated 27 candidates, 0 promising, accepted 2
  Mandatory DeletePatch(15) at patch 15, reason=Area 0.000299 below minimum 0.01
  Mandatory DeletePatch(16) at patch 16, reason=Area 0.000447 below minimum 0.01
  Total patches: 15, total adds: 18, total deletes: 8
  step 350/1000: loss=0.254901, patches=17
[SRD rewrite] deleted patch=14, position=(-0.972, -0.434, -0.520), reason=Area 0.002944 below minimum 0.01
SRD step 400: evaluated 27 candidates, 0 promising, accepted 1
  Mandatory DeletePatch(14) at patch 14, reason=Area 0.002944 below minimum 0.01
  Total patches: 14, total adds: 18, total deletes: 9
  step 400/1000: loss=0.250875, patches=15
[SRD rewrite] deleted patch=13, position=(-1.214, -0.086, -0.578), reason=Area 0.001940 below minimum 0.01
[SRD rewrite] added patch=13, position=(1.346, 1.076, -0.498), improvement=0.000347
[SRD rewrite] restored patch=14, position=(-1.214, -0.086, -0.578), improvement=0.000259
[SRD rewrite] restored patch=15, position=(0.241, 0.594, -0.624), improvement=0.000166
SRD step 450: evaluated 27 candidates, 6 promising, accepted 4
  Accepted AddPatch at patch 13, improvement=0.000347
  Accepted RestorePatch(6) at patch 14, improvement=0.000259
  Accepted RestorePatch(4) at patch 15, improvement=0.000166
  Mandatory DeletePatch(13) at patch 13, reason=Area 0.001940 below minimum 0.01
  Total patches: 16, total adds: 21, total deletes: 10
  step 450/1000: loss=0.251701, patches=14
[SRD rewrite] deleted patch=15, position=(0.138, 0.681, -0.580), reason=Area 0.000576 below minimum 0.01
[SRD rewrite] deleted patch=14, position=(-1.141, -0.008, -0.635), reason=Area 0.000171 below minimum 0.01
SRD step 500: evaluated 27 candidates, 0 promising, accepted 2
  Mandatory DeletePatch(14) at patch 14, reason=Area 0.000171 below minimum 0.01
  Mandatory DeletePatch(15) at patch 15, reason=Area 0.000576 below minimum 0.01
  Total patches: 14, total adds: 21, total deletes: 12
  step 500/1000: loss=0.245350, patches=16
[SRD rewrite] added patch=14, position=(1.640, 1.021, 0.375), improvement=0.000569
[SRD rewrite] added patch=15, position=(-0.978, -0.125, 1.439), improvement=0.000397
SRD step 550: evaluated 27 candidates, 2 promising, accepted 2
  Accepted AddPatch at patch 14, improvement=0.000569
  Accepted AddPatch at patch 15, improvement=0.000397
  Total patches: 16, total adds: 23, total deletes: 12
  step 550/1000: loss=0.245930, patches=14
[SRD rewrite] deleted patch=14, position=(1.780, 1.145, 0.380), reason=Area 0.001930 below minimum 0.01
[SRD rewrite] deleted patch=12, position=(-0.081, -0.127, -0.179), reason=Area 0.007875 below minimum 0.01
SRD step 600: evaluated 27 candidates, 0 promising, accepted 2
  Mandatory DeletePatch(12) at patch 12, reason=Area 0.007875 below minimum 0.01
  Mandatory DeletePatch(14) at patch 14, reason=Area 0.001930 below minimum 0.01
  Total patches: 14, total adds: 23, total deletes: 14
  step 600/1000: loss=0.240964, patches=16
[SRD rewrite] added patch=14, position=(-0.879, -0.175, 1.693), improvement=0.005046
[SRD rewrite] added patch=15, position=(-0.873, -0.528, -1.206), improvement=0.004490
[SRD rewrite] added patch=16, position=(-2.375, 0.073, -1.950), improvement=0.004114
SRD step 650: evaluated 27 candidates, 27 promising, accepted 3
  Accepted AddPatch at patch 14, improvement=0.005046
  Accepted AddPatch at patch 15, improvement=0.004490
  Accepted AddPatch at patch 16, improvement=0.004114
  Total patches: 17, total adds: 26, total deletes: 14
  step 650/1000: loss=0.247692, patches=14
[SRD rewrite] deleted patch=15, position=(-0.923, -0.513, -1.138), reason=Area 0.001211 below minimum 0.01
[SRD rewrite] deleted patch=14, position=(-0.914, -0.188, 1.706), reason=Area 0.005432 below minimum 0.01
[SRD rewrite] deleted patch=12, position=(1.365, 1.194, -0.492), reason=Area 0.006837 below minimum 0.01
SRD step 700: evaluated 27 candidates, 0 promising, accepted 3
  Mandatory DeletePatch(12) at patch 12, reason=Area 0.006837 below minimum 0.01
  Mandatory DeletePatch(14) at patch 14, reason=Area 0.005432 below minimum 0.01
  Mandatory DeletePatch(15) at patch 15, reason=Area 0.001211 below minimum 0.01
  Total patches: 14, total adds: 26, total deletes: 17
  step 700/1000: loss=0.232621, patches=17
[SRD rewrite] added patch=14, position=(-0.996, -0.146, -0.792), improvement=0.001588
[SRD rewrite] added patch=15, position=(-1.454, -0.178, -1.756), improvement=0.001550
[SRD rewrite] added patch=16, position=(0.576, 0.603, -0.600), improvement=0.001476
SRD step 750: evaluated 27 candidates, 10 promising, accepted 3
  Accepted AddPatch at patch 14, improvement=0.001588
  Accepted AddPatch at patch 15, improvement=0.001550
  Accepted AddPatch at patch 16, improvement=0.001476
  Total patches: 17, total adds: 29, total deletes: 17
  step 750/1000: loss=0.235964, patches=14
[SRD rewrite] deleted patch=16, position=(0.420, 0.506, -0.598), reason=Area 0.000207 below minimum 0.01
[SRD rewrite] deleted patch=15, position=(-1.507, -0.137, -1.863), reason=Area 0.007943 below minimum 0.01
[SRD rewrite] deleted patch=9, position=(-1.040, 0.388, 1.303), reason=Area 0.007203 below minimum 0.01
SRD step 800: evaluated 27 candidates, 0 promising, accepted 3
  Mandatory DeletePatch(9) at patch 9, reason=Area 0.007203 below minimum 0.01
  Mandatory DeletePatch(15) at patch 15, reason=Area 0.007943 below minimum 0.01
  Mandatory DeletePatch(16) at patch 16, reason=Area 0.000207 below minimum 0.01
  Total patches: 14, total adds: 29, total deletes: 20
  step 800/1000: loss=0.217024, patches=17
[SRD rewrite] added patch=14, position=(1.485, 1.130, -0.204), improvement=0.003132
[SRD rewrite] added patch=15, position=(-0.979, -0.024, -1.501), improvement=0.002834
[SRD rewrite] restored patch=16, position=(-1.507, -0.137, -1.863), improvement=0.002807
SRD step 850: evaluated 27 candidates, 11 promising, accepted 3
  Accepted AddPatch at patch 14, improvement=0.003132
  Accepted AddPatch at patch 15, improvement=0.002834
  Accepted RestorePatch(13) at patch 16, improvement=0.002807
  Total patches: 17, total adds: 32, total deletes: 20
  step 850/1000: loss=0.220314, patches=14
[SRD rewrite] deleted patch=15, position=(-0.887, 0.065, -1.600), reason=Area 0.000248 below minimum 0.01
[SRD rewrite] deleted patch=8, position=(-0.512, 0.396, -0.206), reason=delete has no image effect
[SRD rewrite] added patch=15, position=(1.329, 0.966, -0.629), improvement=0.000823
[SRD rewrite] added patch=16, position=(1.401, 0.186, -1.075), improvement=0.000806
[SRD rewrite] added patch=17, position=(-1.447, -0.165, -1.570), improvement=0.000719
SRD step 900: evaluated 27 candidates, 7 promising, accepted 5
  Accepted AddPatch at patch 15, improvement=0.000823
  Accepted AddPatch at patch 16, improvement=0.000806
  Accepted AddPatch at patch 17, improvement=0.000719
  Mandatory DeletePatch(15) at patch 15, reason=Area 0.000248 below minimum 0.01
  Mandatory DeletePatch(8) at patch 8, reason=delete has no image effect
  Total patches: 18, total adds: 35, total deletes: 22
  step 900/1000: loss=0.204429, patches=17
[SRD rewrite] deleted patch=17, position=(-1.567, -0.043, -1.698), reason=Area 0.000311 below minimum 0.01
[SRD rewrite] restored patch=17, position=(1.365, 1.194, -0.492), improvement=0.001116
SRD step 950: evaluated 27 candidates, 1 promising, accepted 2
  Accepted RestorePatch(11) at patch 17, improvement=0.001116
  Mandatory DeletePatch(17) at patch 17, reason=Area 0.000311 below minimum 0.01
  Total patches: 18, total adds: 36, total deletes: 23
  step 950/1000: loss=0.197770, patches=18
[SRD rewrite] deleted patch=17, position=(1.343, 1.189, -0.605), reason=Area 0.004935 below minimum 0.01
[SRD rewrite] deleted patch=15, position=(1.461, 1.063, -0.919), reason=Area 0.008355 below minimum 0.01
SRD step 1000: evaluated 27 candidates, 0 promising, accepted 2
  Mandatory DeletePatch(15) at patch 15, reason=Area 0.008355 below minimum 0.01
  Mandatory DeletePatch(17) at patch 17, reason=Area 0.004935 below minimum 0.01
  Total patches: 16, total adds: 36, total deletes: 25
  step 1000/1000: loss=0.200913, patches=18
[SRD rewrite] deleted patch=13, position=(1.707, 1.265, -0.628), reason=final deletion pass improved loss
[Trial 1] done: loss=0.202249, time=2733.5s
[Trial 2/3] seed=1
[SRD rewrite] added patch=5, position=(0.727, 0.527, 0.849), improvement=0.012266
[SRD rewrite] added patch=6, position=(0.650, 0.249, -0.723), improvement=0.011852
[SRD rewrite] added patch=7, position=(-0.735, 0.042, 0.130), improvement=0.011279
SRD step 50: evaluated 27 candidates, 19 promising, accepted 3
  Accepted AddPatch at patch 5, improvement=0.012266
  Accepted AddPatch at patch 6, improvement=0.011852
  Accepted AddPatch at patch 7, improvement=0.011279
  Total patches: 8, total adds: 3, total deletes: 0
  step 50/1000: loss=0.855307, patches=5
[SRD rewrite] added patch=8, position=(0.769, 0.237, 0.194), improvement=0.017436
[SRD rewrite] added patch=9, position=(0.799, -0.031, 0.281), improvement=0.016707
[SRD rewrite] added patch=10, position=(0.903, 0.210, -1.222), improvement=0.016308
SRD step 100: evaluated 27 candidates, 20 promising, accepted 3
  Accepted AddPatch at patch 8, improvement=0.017436
  Accepted AddPatch at patch 9, improvement=0.016707
  Accepted AddPatch at patch 10, improvement=0.016308
  Total patches: 11, total adds: 6, total deletes: 0
  step 100/1000: loss=0.677137, patches=8
[SRD rewrite] added patch=11, position=(-0.119, 0.249, -0.104), improvement=0.014584
[SRD rewrite] added patch=12, position=(-0.564, -0.025, -0.171), improvement=0.014560
[SRD rewrite] added patch=13, position=(-0.731, -0.050, -0.286), improvement=0.014526
SRD step 150: evaluated 27 candidates, 22 promising, accepted 3
  Accepted AddPatch at patch 11, improvement=0.014584
  Accepted AddPatch at patch 12, improvement=0.014560
  Accepted AddPatch at patch 13, improvement=0.014526
  Total patches: 14, total adds: 9, total deletes: 0
  step 150/1000: loss=0.522635, patches=11
[SRD rewrite] deleted patch=13, position=(-0.619, -0.159, -0.266), reason=Area 0.001940 below minimum 0.01
[SRD rewrite] deleted patch=12, position=(-0.497, -0.049, -0.189), reason=Area 0.004406 below minimum 0.01
[SRD rewrite] added patch=12, position=(1.434, 1.085, 0.033), improvement=0.004852
[SRD rewrite] added patch=13, position=(1.298, 1.107, 0.162), improvement=0.004666
[SRD rewrite] added patch=14, position=(1.220, 1.065, 0.114), improvement=0.004479
SRD step 200: evaluated 27 candidates, 24 promising, accepted 5
  Accepted AddPatch at patch 12, improvement=0.004852
  Accepted AddPatch at patch 13, improvement=0.004666
  Accepted AddPatch at patch 14, improvement=0.004479
  Mandatory DeletePatch(12) at patch 12, reason=Area 0.004406 below minimum 0.01
  Mandatory DeletePatch(13) at patch 13, reason=Area 0.001940 below minimum 0.01
  Total patches: 15, total adds: 12, total deletes: 2
  step 200/1000: loss=0.389193, patches=14
[SRD rewrite] added patch=15, position=(1.171, -0.068, -0.582), improvement=0.001966
[SRD rewrite] restored patch=16, position=(-0.619, -0.159, -0.266), improvement=0.001724
[SRD rewrite] added patch=17, position=(0.880, 0.644, 1.081), improvement=0.001692
SRD step 250: evaluated 27 candidates, 23 promising, accepted 3
  Accepted AddPatch at patch 15, improvement=0.001966
  Accepted RestorePatch(0) at patch 16, improvement=0.001724
  Accepted AddPatch at patch 17, improvement=0.001692
  Total patches: 18, total adds: 15, total deletes: 2
  step 250/1000: loss=0.328992, patches=15
[SRD rewrite] deleted patch=15, position=(1.277, 0.006, -0.463), reason=Area 0.005833 below minimum 0.01
[SRD rewrite] deleted patch=15, position=(-0.598, -0.177, -0.176), reason=delete has no image effect
[SRD rewrite] restored patch=16, position=(1.277, 0.006, -0.463), improvement=0.001340
[SRD rewrite] added patch=17, position=(1.360, 0.143, -1.041), improvement=0.001050
[SRD rewrite] restored patch=18, position=(-0.497, -0.049, -0.189), improvement=0.000951
SRD step 300: evaluated 27 candidates, 9 promising, accepted 5
  Accepted RestorePatch(1) at patch 16, improvement=0.001340
  Accepted AddPatch at patch 17, improvement=0.001050
  Accepted RestorePatch(0) at patch 18, improvement=0.000951
  Mandatory DeletePatch(15) at patch 15, reason=Area 0.005833 below minimum 0.01
  Mandatory DeletePatch(15) at patch 15, reason=delete has no image effect
  Total patches: 19, total adds: 18, total deletes: 4
  step 300/1000: loss=0.299418, patches=18
[SRD rewrite] deleted patch=18, position=(-0.497, -0.049, -0.189), reason=Area 0.004406 below minimum 0.01
[SRD rewrite] deleted patch=17, position=(1.350, 0.110, -0.979), reason=Area 0.002840 below minimum 0.01
[SRD rewrite] deleted patch=16, position=(1.287, -0.014, -0.454), reason=Area 0.001218 below minimum 0.01
[SRD rewrite] deleted patch=8, position=(1.181, 0.592, 0.218), reason=Area 0.004420 below minimum 0.01
SRD step 350: evaluated 27 candidates, 0 promising, accepted 4
  Mandatory DeletePatch(8) at patch 8, reason=Area 0.004420 below minimum 0.01
  Mandatory DeletePatch(16) at patch 16, reason=Area 0.001218 below minimum 0.01
  Mandatory DeletePatch(17) at patch 17, reason=Area 0.002840 below minimum 0.01
  Mandatory DeletePatch(18) at patch 18, reason=Area 0.004406 below minimum 0.01
  Total patches: 15, total adds: 18, total deletes: 8
  step 350/1000: loss=0.285234, patches=19
[SRD rewrite] deleted patch=12, position=(1.125, 1.281, 0.221), reason=Area 0.009717 below minimum 0.01
SRD step 400: evaluated 27 candidates, 0 promising, accepted 1
  Mandatory DeletePatch(12) at patch 12, reason=Area 0.009717 below minimum 0.01
  Total patches: 14, total adds: 18, total deletes: 9
  step 400/1000: loss=0.291395, patches=15
[SRD rewrite] deleted patch=12, position=(1.070, 1.421, 0.006), reason=Area 0.004145 below minimum 0.01
[SRD rewrite] added patch=13, position=(-0.631, -0.518, -0.153), improvement=0.000921
[SRD rewrite] added patch=14, position=(1.425, -0.153, -0.396), improvement=0.000829
[SRD rewrite] restored patch=15, position=(1.125, 1.281, 0.221), improvement=0.000159
SRD step 450: evaluated 27 candidates, 3 promising, accepted 4
  Accepted AddPatch at patch 13, improvement=0.000921
  Accepted AddPatch at patch 14, improvement=0.000829
  Accepted RestorePatch(5) at patch 15, improvement=0.000159
  Mandatory DeletePatch(12) at patch 12, reason=Area 0.004145 below minimum 0.01
  Total patches: 16, total adds: 21, total deletes: 10
  step 450/1000: loss=0.283564, patches=14
[SRD rewrite] deleted patch=15, position=(1.197, 1.344, 0.124), reason=Area 0.001337 below minimum 0.01
[SRD rewrite] restored patch=15, position=(-0.598, -0.177, -0.176), improvement=0.000025
SRD step 500: evaluated 27 candidates, 1 promising, accepted 2
  Accepted RestorePatch(0) at patch 15, improvement=0.000025
  Mandatory DeletePatch(15) at patch 15, reason=Area 0.001337 below minimum 0.01
  Total patches: 16, total adds: 22, total deletes: 11
  step 500/1000: loss=0.259841, patches=16
[SRD rewrite] deleted patch=15, position=(-0.554, -0.120, -0.208), reason=Area 0.007178 below minimum 0.01
[SRD rewrite] added patch=15, position=(-0.774, -0.724, 0.524), improvement=0.000538
[SRD rewrite] added patch=16, position=(-0.929, -0.886, -0.614), improvement=0.000417
SRD step 550: evaluated 27 candidates, 2 promising, accepted 3
  Accepted AddPatch at patch 15, improvement=0.000538
  Accepted AddPatch at patch 16, improvement=0.000417
  Mandatory DeletePatch(15) at patch 15, reason=Area 0.007178 below minimum 0.01
  Total patches: 17, total adds: 24, total deletes: 12
  step 550/1000: loss=0.250709, patches=16
[SRD rewrite] deleted patch=10, position=(-0.121, 0.305, -0.072), reason=Area 0.008853 below minimum 0.01
SRD step 600: evaluated 27 candidates, 0 promising, accepted 1
  Mandatory DeletePatch(10) at patch 10, reason=Area 0.008853 below minimum 0.01
  Total patches: 16, total adds: 24, total deletes: 13
  step 600/1000: loss=0.237714, patches=17
[SRD rewrite] added patch=16, position=(-0.654, -0.585, 1.230), improvement=0.001776
[SRD rewrite] added patch=17, position=(0.472, 0.579, 1.349), improvement=0.001765
[SRD rewrite] restored patch=18, position=(1.350, 0.110, -0.979), improvement=0.001525
SRD step 650: evaluated 27 candidates, 17 promising, accepted 3
  Accepted AddPatch at patch 16, improvement=0.001776
  Accepted AddPatch at patch 17, improvement=0.001765
  Accepted RestorePatch(1) at patch 18, improvement=0.001525
  Total patches: 19, total adds: 27, total deletes: 13
  step 650/1000: loss=0.239283, patches=16
[SRD rewrite] deleted patch=18, position=(1.350, 0.110, -0.979), reason=Area 0.002840 below minimum 0.01
[SRD rewrite] added patch=18, position=(-1.050, 0.198, -0.349), improvement=0.000069
[SRD rewrite] added patch=19, position=(-1.284, 0.517, -0.201), improvement=0.000030
SRD step 700: evaluated 27 candidates, 2 promising, accepted 3
  Accepted AddPatch at patch 18, improvement=0.000069
  Accepted AddPatch at patch 19, improvement=0.000030
  Mandatory DeletePatch(18) at patch 18, reason=Area 0.002840 below minimum 0.01
  Total patches: 20, total adds: 29, total deletes: 14
  step 700/1000: loss=0.232627, patches=19
[SRD rewrite] deleted patch=19, position=(-1.236, 0.602, -0.281), reason=Area 0.000258 below minimum 0.01
[SRD rewrite] deleted patch=18, position=(-0.954, 0.304, -0.367), reason=Area 0.000202 below minimum 0.01
[SRD rewrite] added patch=18, position=(-1.583, -0.016, -1.850), improvement=0.000516
[SRD rewrite] added patch=19, position=(-1.401, -0.558, -0.898), improvement=0.000466
[SRD rewrite] added patch=20, position=(-0.982, -0.053, 1.978), improvement=0.000364
SRD step 750: evaluated 27 candidates, 3 promising, accepted 5
  Accepted AddPatch at patch 18, improvement=0.000516
  Accepted AddPatch at patch 19, improvement=0.000466
  Accepted AddPatch at patch 20, improvement=0.000364
  Mandatory DeletePatch(18) at patch 18, reason=Area 0.000202 below minimum 0.01
  Mandatory DeletePatch(19) at patch 19, reason=Area 0.000258 below minimum 0.01
  Total patches: 21, total adds: 32, total deletes: 16
  step 750/1000: loss=0.215336, patches=20
[SRD rewrite] deleted patch=20, position=(-0.980, -0.046, 1.928), reason=Area 0.004152 below minimum 0.01
[SRD rewrite] restored patch=20, position=(-1.236, 0.602, -0.281), improvement=0.002073
[SRD rewrite] restored patch=21, position=(-0.554, -0.120, -0.208), improvement=0.002062
[SRD rewrite] restored patch=22, position=(-0.121, 0.305, -0.072), improvement=0.002059
SRD step 800: evaluated 27 candidates, 19 promising, accepted 4
  Accepted RestorePatch(8) at patch 20, improvement=0.002073
  Accepted RestorePatch(5) at patch 21, improvement=0.002062
  Accepted RestorePatch(6) at patch 22, improvement=0.002059
  Mandatory DeletePatch(20) at patch 20, reason=Area 0.004152 below minimum 0.01
  Total patches: 23, total adds: 35, total deletes: 17
  step 800/1000: loss=0.203475, patches=21
[SRD rewrite] deleted patch=22, position=(-0.055, 0.399, 0.015), reason=Area 0.000314 below minimum 0.01
[SRD rewrite] deleted patch=21, position=(-0.657, -0.224, -0.107), reason=Area 0.000503 below minimum 0.01
[SRD rewrite] deleted patch=20, position=(-1.218, 0.620, -0.299), reason=Area 0.000207 below minimum 0.01
SRD step 850: evaluated 27 candidates, 0 promising, accepted 3
  Mandatory DeletePatch(20) at patch 20, reason=Area 0.000207 below minimum 0.01
  Mandatory DeletePatch(21) at patch 21, reason=Area 0.000503 below minimum 0.01
  Mandatory DeletePatch(22) at patch 22, reason=Area 0.000314 below minimum 0.01
  Total patches: 20, total adds: 35, total deletes: 20
  step 850/1000: loss=0.176553, patches=23
[SRD rewrite] added patch=20, position=(-1.289, 0.531, -0.464), improvement=0.000918
[SRD rewrite] restored patch=21, position=(-0.657, -0.224, -0.107), improvement=0.000757
[SRD rewrite] restored patch=22, position=(-0.055, 0.399, 0.015), improvement=0.000757
SRD step 900: evaluated 27 candidates, 11 promising, accepted 3
  Accepted AddPatch at patch 20, improvement=0.000918
  Accepted RestorePatch(9) at patch 21, improvement=0.000757
  Accepted RestorePatch(8) at patch 22, improvement=0.000757
  Total patches: 23, total adds: 38, total deletes: 20
  step 900/1000: loss=0.169222, patches=20
[SRD rewrite] deleted patch=22, position=(-0.055, 0.399, 0.015), reason=Area 0.000314 below minimum 0.01
[SRD rewrite] deleted patch=21, position=(-0.657, -0.224, -0.107), reason=Area 0.000503 below minimum 0.01
[SRD rewrite] deleted patch=20, position=(-1.285, 0.588, -0.524), reason=Area 0.002612 below minimum 0.01
SRD step 950: evaluated 27 candidates, 0 promising, accepted 3
  Mandatory DeletePatch(20) at patch 20, reason=Area 0.002612 below minimum 0.01
  Mandatory DeletePatch(21) at patch 21, reason=Area 0.000503 below minimum 0.01
  Mandatory DeletePatch(22) at patch 22, reason=Area 0.000314 below minimum 0.01
  Total patches: 20, total adds: 38, total deletes: 23
  step 950/1000: loss=0.169415, patches=23
SRD step 1000: evaluated 27 candidates, 0 promising, accepted 0
  Total patches: 20, total adds: 38, total deletes: 23
  step 1000/1000: loss=0.146724, patches=20
[Trial 2] done: loss=0.147082, time=3136.2s
[Trial 3/3] seed=2
[SRD rewrite] split patch=0, children=4,5, improvement=0.027305
[SRD rewrite] added patch=6, position=(-0.665, 0.158, -0.507), improvement=0.021547
[SRD rewrite] added patch=7, position=(-0.517, 0.149, 1.195), improvement=0.021404
SRD step 50: evaluated 27 candidates, 13 promising, accepted 3
  Accepted SplitPatch(0) at patch 0, improvement=0.027305
  Accepted AddPatch at patch 6, improvement=0.021547
  Accepted AddPatch at patch 7, improvement=0.021404
  Total patches: 8, total adds: 3, total deletes: 0
  step 50/1000: loss=0.846275, patches=5
[SRD rewrite] deleted patch=6, position=(-0.574, 0.288, -0.342), reason=Area 0.008130 below minimum 0.01
[SRD rewrite] deleted patch=4, position=(1.042, -1.506, 0.252), reason=Area 0.001489 below minimum 0.01
[SRD rewrite] added patch=6, position=(-0.571, -0.047, 0.757), improvement=0.026118
[SRD rewrite] added patch=7, position=(-0.552, 0.047, -0.128), improvement=0.025934
SRD step 100: evaluated 27 candidates, 23 promising, accepted 5
  Accepted AddPatch at patch 6, improvement=0.026118
  Accepted AddPatch at patch 7, improvement=0.025934
  Accepted SplitPatch(3) at patch 3, improvement=0.024527
  Mandatory DeletePatch(4) at patch 4, reason=Area 0.001489 below minimum 0.01
  Mandatory DeletePatch(6) at patch 6, reason=Area 0.008130 below minimum 0.01
  Total patches: 8, total adds: 5, total deletes: 2
  step 100/1000: loss=0.620407, patches=8
[SRD rewrite] deleted patch=7, position=(-0.400, 0.110, 0.048), reason=Area 0.000770 below minimum 0.01
[SRD rewrite] added patch=7, position=(0.728, 0.556, -1.133), improvement=0.013002
[SRD rewrite] added patch=8, position=(-0.878, -0.181, 1.542), improvement=0.012639
[SRD rewrite] added patch=9, position=(0.468, 0.347, -1.348), improvement=0.012610
SRD step 150: evaluated 27 candidates, 25 promising, accepted 4
  Accepted AddPatch at patch 7, improvement=0.013002
  Accepted AddPatch at patch 8, improvement=0.012639
  Accepted AddPatch at patch 9, improvement=0.012610
  Mandatory DeletePatch(7) at patch 7, reason=Area 0.000770 below minimum 0.01
  Total patches: 10, total adds: 8, total deletes: 3
  step 150/1000: loss=0.473235, patches=8
[SRD rewrite] added patch=10, position=(1.060, 0.762, -1.082), improvement=0.006061
[SRD rewrite] added patch=11, position=(0.818, 0.938, -0.615), improvement=0.006003
[SRD rewrite] restored patch=12, position=(-0.400, 0.110, 0.048), improvement=0.004212
SRD step 200: evaluated 27 candidates, 19 promising, accepted 3
  Accepted AddPatch at patch 10, improvement=0.006061
  Accepted AddPatch at patch 11, improvement=0.006003
  Accepted RestorePatch(3) at patch 12, improvement=0.004212
  Total patches: 13, total adds: 11, total deletes: 3
  step 200/1000: loss=0.383663, patches=10
[SRD rewrite] deleted patch=12, position=(-0.382, 0.288, 0.199), reason=Area 0.000328 below minimum 0.01
[SRD rewrite] deleted patch=11, position=(0.750, 1.090, -0.533), reason=Area 0.000574 below minimum 0.01
[SRD rewrite] added patch=11, position=(0.427, 0.384, -1.327), improvement=0.005369
[SRD rewrite] added patch=12, position=(0.838, 0.857, -1.077), improvement=0.004709
[SRD rewrite] restored patch=13, position=(0.750, 1.090, -0.533), improvement=0.004303
SRD step 250: evaluated 27 candidates, 22 promising, accepted 5
  Accepted AddPatch at patch 11, improvement=0.005369
  Accepted AddPatch at patch 12, improvement=0.004709
  Accepted RestorePatch(4) at patch 13, improvement=0.004303
  Mandatory DeletePatch(11) at patch 11, reason=Area 0.000574 below minimum 0.01
  Mandatory DeletePatch(12) at patch 12, reason=Area 0.000328 below minimum 0.01
  Total patches: 14, total adds: 14, total deletes: 5
  step 250/1000: loss=0.332271, patches=13
[SRD rewrite] deleted patch=13, position=(0.947, 1.264, -0.509), reason=Area 0.000519 below minimum 0.01
[SRD rewrite] deleted patch=12, position=(0.924, 0.833, -1.052), reason=Area 0.000312 below minimum 0.01
[SRD rewrite] added patch=12, position=(0.950, 0.352, -1.269), improvement=0.000044
SRD step 300: evaluated 27 candidates, 1 promising, accepted 3
  Accepted AddPatch at patch 12, improvement=0.000044
  Mandatory DeletePatch(12) at patch 12, reason=Area 0.000312 below minimum 0.01
  Mandatory DeletePatch(13) at patch 13, reason=Area 0.000519 below minimum 0.01
  Total patches: 13, total adds: 15, total deletes: 7
  step 300/1000: loss=0.288893, patches=14
[SRD rewrite] added patch=13, position=(0.710, 0.280, -1.237), improvement=0.001439
[SRD rewrite] added patch=14, position=(-0.981, 0.172, -1.604), improvement=0.000851
[SRD rewrite] added patch=15, position=(-0.845, 0.323, -1.573), improvement=0.000753
SRD step 350: evaluated 27 candidates, 6 promising, accepted 3
  Accepted AddPatch at patch 13, improvement=0.001439
  Accepted AddPatch at patch 14, improvement=0.000851
  Accepted AddPatch at patch 15, improvement=0.000753
  Total patches: 16, total adds: 18, total deletes: 7
  step 350/1000: loss=0.271893, patches=13
[SRD rewrite] deleted patch=15, position=(-0.947, 0.450, -1.663), reason=Area 0.000234 below minimum 0.01
[SRD rewrite] deleted patch=14, position=(-1.106, 0.304, -1.702), reason=Area 0.000191 below minimum 0.01
SRD step 400: evaluated 27 candidates, 0 promising, accepted 2
  Mandatory DeletePatch(14) at patch 14, reason=Area 0.000191 below minimum 0.01
  Mandatory DeletePatch(15) at patch 15, reason=Area 0.000234 below minimum 0.01
  Total patches: 14, total adds: 18, total deletes: 9
  step 400/1000: loss=0.254217, patches=16
[SRD rewrite] deleted patch=13, position=(0.561, 0.213, -1.172), reason=Area 0.009126 below minimum 0.01
SRD step 450: evaluated 27 candidates, 0 promising, accepted 1
  Mandatory DeletePatch(13) at patch 13, reason=Area 0.009126 below minimum 0.01
  Total patches: 13, total adds: 18, total deletes: 10
  step 450/1000: loss=0.245377, patches=14
[SRD rewrite] added patch=13, position=(-0.326, -1.393, 0.528), improvement=0.002206
[SRD rewrite] added patch=14, position=(-1.533, 0.100, -1.833), improvement=0.001938
[SRD rewrite] added patch=15, position=(-0.576, 0.304, -1.587), improvement=0.001838
SRD step 500: evaluated 27 candidates, 16 promising, accepted 3
  Accepted AddPatch at patch 13, improvement=0.002206
  Accepted AddPatch at patch 14, improvement=0.001938
  Accepted AddPatch at patch 15, improvement=0.001838
  Total patches: 16, total adds: 21, total deletes: 10
  step 500/1000: loss=0.244021, patches=13
[SRD rewrite] deleted patch=15, position=(-0.470, 0.408, -1.668), reason=Area 0.000301 below minimum 0.01
[SRD rewrite] deleted patch=14, position=(-1.533, 0.100, -1.833), reason=Area 0.009291 below minimum 0.01
SRD step 550: evaluated 27 candidates, 0 promising, accepted 2
  Mandatory DeletePatch(14) at patch 14, reason=Area 0.009291 below minimum 0.01
  Mandatory DeletePatch(15) at patch 15, reason=Area 0.000301 below minimum 0.01
  Total patches: 14, total adds: 21, total deletes: 12
  step 550/1000: loss=0.230620, patches=16
SRD step 600: evaluated 27 candidates, 0 promising, accepted 0
  Total patches: 14, total adds: 21, total deletes: 12
  step 600/1000: loss=0.229336, patches=14
[SRD rewrite] added patch=14, position=(1.750, 1.749, -2.011), improvement=0.002019
[SRD rewrite] restored patch=15, position=(0.561, 0.213, -1.172), improvement=0.001472
[SRD rewrite] restored patch=16, position=(-1.106, 0.304, -1.702), improvement=0.001433
SRD step 650: evaluated 27 candidates, 24 promising, accepted 3
  Accepted AddPatch at patch 14, improvement=0.002019
  Accepted RestorePatch(8) at patch 15, improvement=0.001472
  Accepted RestorePatch(7) at patch 16, improvement=0.001433
  Total patches: 17, total adds: 24, total deletes: 12
  step 650/1000: loss=0.227102, patches=14
[SRD rewrite] deleted patch=16, position=(-1.144, 0.342, -1.740), reason=Area 0.000159 below minimum 0.01
[SRD rewrite] deleted patch=15, position=(0.492, 0.144, -1.096), reason=Area 0.001953 below minimum 0.01
[SRD rewrite] deleted patch=14, position=(1.750, 1.749, -2.011), reason=Area 0.009291 below minimum 0.01
SRD step 700: evaluated 27 candidates, 0 promising, accepted 3
  Mandatory DeletePatch(14) at patch 14, reason=Area 0.009291 below minimum 0.01
  Mandatory DeletePatch(15) at patch 15, reason=Area 0.001953 below minimum 0.01
  Mandatory DeletePatch(16) at patch 16, reason=Area 0.000159 below minimum 0.01
  Total patches: 14, total adds: 24, total deletes: 15
  step 700/1000: loss=0.218828, patches=17
SRD step 750: evaluated 27 candidates, 0 promising, accepted 0
  Total patches: 14, total adds: 24, total deletes: 15
  step 750/1000: loss=0.223965, patches=14
[SRD rewrite] deleted patch=9, position=(0.285, 0.697, -0.883), reason=Area 0.008796 below minimum 0.01
SRD step 800: evaluated 27 candidates, 0 promising, accepted 1
  Mandatory DeletePatch(9) at patch 9, reason=Area 0.008796 below minimum 0.01
  Total patches: 13, total adds: 24, total deletes: 16
  step 800/1000: loss=0.223294, patches=14
SRD step 850: evaluated 27 candidates, 0 promising, accepted 0
  Total patches: 13, total adds: 24, total deletes: 16
  step 850/1000: loss=0.224628, patches=13
SRD step 900: evaluated 27 candidates, 0 promising, accepted 0
  Total patches: 13, total adds: 24, total deletes: 16
  step 900/1000: loss=0.227414, patches=13
SRD step 950: evaluated 27 candidates, 0 promising, accepted 0
  Total patches: 13, total adds: 24, total deletes: 16
  step 950/1000: loss=0.229760, patches=13
[SRD rewrite] added patch=13, position=(-1.165, 0.217, 0.308), improvement=0.000363
[SRD rewrite] added patch=14, position=(-1.165, -0.009, 0.262), improvement=0.000049
SRD step 1000: evaluated 27 candidates, 2 promising, accepted 2
  Accepted AddPatch at patch 13, improvement=0.000363
  Accepted AddPatch at patch 14, improvement=0.000049
  Total patches: 15, total adds: 26, total deletes: 16
  step 1000/1000: loss=0.230653, patches=13
[SRD rewrite] deleted patch=14, position=(-1.165, -0.009, 0.262), reason=Area 0.009291 below minimum 0.01
[SRD rewrite] deleted patch=13, position=(-1.165, 0.217, 0.308), reason=Area 0.009291 below minimum 0.01
[Trial 3] done: loss=0.230751, time=2377.8s
[Run] report written to results/slurm/20260718_0340/patchsize_horse_circle_5/patches_5/with_srd/with_srd.txt
[Swept volume] building (resolution=256)...
[Run] mode=full, trials=3, seeds=[0, 1, 2], steps=1000, srd=False, ablation_flags={'disable_swept_volume_adds': True, 'loss_only_deletion': True, 'disable_splitting': False}
[Trial 1/3] seed=0
[Patch] mapbox-earcut is not installed; falling back to fan fill, so non-convex pieces will render incorrectly. Install it with: pip install mapbox-earcut
  step 50/1000: loss=0.827734, patches=5
  step 100/1000: loss=0.657076, patches=5
  step 150/1000: loss=0.547166, patches=5
  step 200/1000: loss=0.468609, patches=5
  step 250/1000: loss=0.431163, patches=5
  step 300/1000: loss=0.406630, patches=5
  step 350/1000: loss=0.388320, patches=5
  step 400/1000: loss=0.363477, patches=5
  step 450/1000: loss=0.342896, patches=5
  step 500/1000: loss=0.331923, patches=5
  step 550/1000: loss=0.326436, patches=5
  step 600/1000: loss=0.334961, patches=5
  step 650/1000: loss=0.332115, patches=5
  step 700/1000: loss=0.327687, patches=5
  step 750/1000: loss=0.328470, patches=5
  step 800/1000: loss=0.337839, patches=5
  step 850/1000: loss=0.342100, patches=5
  step 900/1000: loss=0.344001, patches=5
  step 950/1000: loss=0.352241, patches=5
  step 1000/1000: loss=0.351078, patches=5
[Trial 1] done: loss=0.351107, time=262.3s
[Trial 2/3] seed=1
  step 50/1000: loss=0.855307, patches=5
  step 100/1000: loss=0.735185, patches=5
  step 150/1000: loss=0.678455, patches=5
  step 200/1000: loss=0.628273, patches=5
  step 250/1000: loss=0.601534, patches=5
  step 300/1000: loss=0.566804, patches=5
  step 350/1000: loss=0.504291, patches=5
  step 400/1000: loss=0.425432, patches=5
  step 450/1000: loss=0.395833, patches=5
  step 500/1000: loss=0.377833, patches=5
  step 550/1000: loss=0.377022, patches=5
  step 600/1000: loss=0.370038, patches=5
  step 650/1000: loss=0.364050, patches=5
  step 700/1000: loss=0.358119, patches=5
  step 750/1000: loss=0.355263, patches=5
  step 800/1000: loss=0.353003, patches=5
  step 850/1000: loss=0.350066, patches=5
  step 900/1000: loss=0.349431, patches=5
  step 950/1000: loss=0.348139, patches=5
  step 1000/1000: loss=0.345972, patches=5
[Trial 2] done: loss=0.345900, time=249.2s
[Trial 3/3] seed=2
  step 50/1000: loss=0.846275, patches=5
  step 100/1000: loss=0.641031, patches=5
  step 150/1000: loss=0.511117, patches=5
  step 200/1000: loss=0.462876, patches=5
  step 250/1000: loss=0.442098, patches=5
  step 300/1000: loss=0.427986, patches=5
  step 350/1000: loss=0.426102, patches=5
  step 400/1000: loss=0.429245, patches=5
  step 450/1000: loss=0.381607, patches=5
  step 500/1000: loss=0.370645, patches=5
  step 550/1000: loss=0.366598, patches=5
  step 600/1000: loss=0.363689, patches=5
  step 650/1000: loss=0.360766, patches=5
  step 700/1000: loss=0.360579, patches=5
  step 750/1000: loss=0.359401, patches=5
  step 800/1000: loss=0.357774, patches=5
  step 850/1000: loss=0.357497, patches=5
  step 900/1000: loss=0.357396, patches=5
  step 950/1000: loss=0.353304, patches=5
  step 1000/1000: loss=0.350798, patches=5
[Trial 3] done: loss=0.350811, time=248.7s
[Run] report written to results/slurm/20260718_0340/patchsize_horse_circle_5/patches_5/without_srd/without_srd.txt

======================================================================
Running 3 trials WITH SRD
======================================================================


======================================================================
Running 3 trials WITHOUT SRD
======================================================================


[Comparison] report written to results/slurm/20260718_0340/patchsize_horse_circle_5/patches_5/comparison.txt

======================================================================
SRD Patch Size Comparison
======================================================================
Started: 2026-07-18T04:40:59
Patch sizes: [5]
Trials per size: 3
Steps per trial: 1000
Output directory: results/slurm/20260718_0340/patchsize_horse_circle_5
======================================================================


======================================================================
Running comparison with 5 initial patches
  Target 1: images/horse.png
  Target 2: images/circle.png
  Trials: 3, Steps: 1000
======================================================================

[OK] Comparison with 5 patches completed successfully

======================================================================
Comparison Summary
======================================================================
Successful: 1/1
Total time: 10627.6 seconds (2.95 hours)
Summary report: results/slurm/20260718_0340/patchsize_horse_circle_5/SUMMARY.txt
======================================================================

