## SLURM PROLOG ###############################################################
##    Job ID : 4093833
##  Job Name : 20260718_1833_patchsize_horse_circle_30
##  Nodelist : gpu2109
##      CPUs : 
##  Mem/Node : 128000 MB
## Directory : /oscar/home/cjmok/automated-perspective-sculptor
##   Job Started : Sat Jul 18 09:28:38 PM EDT 2026
###############################################################################
[Swept volume] building (resolution=256)...
[Run] mode=full, trials=3, seeds=[0, 1, 2], steps=1000, srd=True, ablation_flags={'disable_swept_volume_adds': False, 'loss_only_deletion': False, 'disable_splitting': False}
[Trial 1/3] seed=0
[Patch] mapbox-earcut is not installed; falling back to fan fill, so non-convex pieces will render incorrectly. Install it with: pip install mapbox-earcut
[SRD rewrite] added patch=30, position=(0.935, 0.415, -1.253), improvement=0.033450
[SRD rewrite] added patch=31, position=(0.713, 0.242, 0.935), improvement=0.033338
[SRD rewrite] added patch=32, position=(0.567, 0.311, 1.003), improvement=0.033297
SRD step 50: evaluated 27 candidates, 27 promising, accepted 3
  Accepted AddPatch at patch 30, improvement=0.033450
  Accepted AddPatch at patch 31, improvement=0.033338
  Accepted AddPatch at patch 32, improvement=0.033297
  Total patches: 33, total adds: 3, total deletes: 0
  step 50/1000: loss=0.575768, patches=30
[SRD rewrite] deleted patch=32, position=(0.693, 0.313, 1.043), reason=Area 0.009071 below minimum 0.01
[SRD rewrite] deleted patch=31, position=(0.800, 0.200, 0.946), reason=Area 0.000239 below minimum 0.01
[SRD rewrite] deleted patch=30, position=(0.864, 0.506, -1.179), reason=Area 0.005028 below minimum 0.01
[SRD rewrite] split patch=12, children=29,30, improvement=0.009451
[SRD rewrite] added patch=31, position=(1.265, -0.095, -1.171), improvement=0.007505
[SRD rewrite] added patch=32, position=(0.917, 0.328, 0.800), improvement=0.007162
SRD step 100: evaluated 27 candidates, 21 promising, accepted 6
  Accepted SplitPatch(12) at patch 12, improvement=0.009451
  Accepted AddPatch at patch 31, improvement=0.007505
  Accepted AddPatch at patch 32, improvement=0.007162
  Mandatory DeletePatch(30) at patch 30, reason=Area 0.005028 below minimum 0.01
  Mandatory DeletePatch(31) at patch 31, reason=Area 0.000239 below minimum 0.01
  Mandatory DeletePatch(32) at patch 32, reason=Area 0.009071 below minimum 0.01
  Total patches: 33, total adds: 6, total deletes: 3
  step 100/1000: loss=0.381804, patches=33
[SRD rewrite] deleted patch=30, position=(2.203, 0.607, -0.879), reason=Area 0.005674 below minimum 0.01
[SRD rewrite] deleted patch=29, position=(2.241, 0.485, -0.752), reason=Area 0.000637 below minimum 0.01
[SRD rewrite] deleted patch=4, position=(-2.095, -0.490, -1.539), reason=delete has no image effect
[SRD rewrite] added patch=30, position=(0.388, 0.086, 1.112), improvement=0.003890
[SRD rewrite] restored patch=31, position=(0.800, 0.200, 0.946), improvement=0.003874
[SRD rewrite] restored patch=32, position=(0.693, 0.313, 1.043), improvement=0.003867
SRD step 150: evaluated 27 candidates, 24 promising, accepted 6
  Accepted AddPatch at patch 30, improvement=0.003890
  Accepted RestorePatch(1) at patch 31, improvement=0.003874
  Accepted RestorePatch(0) at patch 32, improvement=0.003867
  Mandatory DeletePatch(29) at patch 29, reason=Area 0.000637 below minimum 0.01
  Mandatory DeletePatch(30) at patch 30, reason=Area 0.005674 below minimum 0.01
  Mandatory DeletePatch(4) at patch 4, reason=delete has no image effect
  Total patches: 33, total adds: 9, total deletes: 6
  step 150/1000: loss=0.310208, patches=33
[SRD rewrite] deleted patch=32, position=(0.827, 0.204, 1.108), reason=Area 0.009071 below minimum 0.01
[SRD rewrite] deleted patch=31, position=(0.843, 0.161, 0.976), reason=Area 0.000200 below minimum 0.01
[SRD rewrite] deleted patch=30, position=(0.511, 0.042, 0.944), reason=Area 0.000262 below minimum 0.01
[SRD rewrite] split patch=24, children=29,30, improvement=0.016307
[SRD rewrite] added patch=31, position=(1.199, -0.139, 0.250), improvement=0.002267
[SRD rewrite] added patch=32, position=(1.102, -0.083, 1.147), improvement=0.002239
SRD step 200: evaluated 27 candidates, 22 promising, accepted 6
  Accepted SplitPatch(24) at patch 24, improvement=0.016307
  Accepted AddPatch at patch 31, improvement=0.002267
  Accepted AddPatch at patch 32, improvement=0.002239
  Mandatory DeletePatch(30) at patch 30, reason=Area 0.000262 below minimum 0.01
  Mandatory DeletePatch(31) at patch 31, reason=Area 0.000200 below minimum 0.01
  Mandatory DeletePatch(32) at patch 32, reason=Area 0.009071 below minimum 0.01
  Total patches: 33, total adds: 12, total deletes: 9
  step 200/1000: loss=0.267413, patches=33
[SRD rewrite] deleted patch=30, position=(-0.772, -1.310, 1.208), reason=Area 0.000724 below minimum 0.01
[SRD rewrite] deleted patch=29, position=(-0.757, -1.371, 1.170), reason=Area 0.001365 below minimum 0.01
[SRD rewrite] split patch=7, children=30,31, improvement=0.010018
[SRD rewrite] added patch=32, position=(1.067, -0.220, 0.459), improvement=0.009580
[SRD rewrite] added patch=33, position=(1.103, -0.147, -0.657), improvement=0.009411
SRD step 250: evaluated 27 candidates, 27 promising, accepted 5
  Accepted SplitPatch(7) at patch 7, improvement=0.010018
  Accepted AddPatch at patch 32, improvement=0.009580
  Accepted AddPatch at patch 33, improvement=0.009411
  Mandatory DeletePatch(29) at patch 29, reason=Area 0.001365 below minimum 0.01
  Mandatory DeletePatch(30) at patch 30, reason=Area 0.000724 below minimum 0.01
  Total patches: 34, total adds: 15, total deletes: 11
  step 250/1000: loss=0.206510, patches=33
[SRD rewrite] deleted patch=33, position=(1.117, -0.118, -0.779), reason=Area 0.008358 below minimum 0.01
[SRD rewrite] deleted patch=31, position=(1.141, 0.225, -2.211), reason=Area 0.003231 below minimum 0.01
[SRD rewrite] deleted patch=30, position=(1.110, 0.055, -2.178), reason=Area 0.001945 below minimum 0.01
[SRD rewrite] deleted patch=28, position=(1.106, -0.029, 0.587), reason=Area 0.004971 below minimum 0.01
[SRD rewrite] deleted patch=13, position=(-1.144, 0.151, -1.711), reason=delete has no image effect
SRD step 300: evaluated 27 candidates, 0 promising, accepted 5
  Mandatory DeletePatch(28) at patch 28, reason=Area 0.004971 below minimum 0.01
  Mandatory DeletePatch(30) at patch 30, reason=Area 0.001945 below minimum 0.01
  Mandatory DeletePatch(31) at patch 31, reason=Area 0.003231 below minimum 0.01
  Mandatory DeletePatch(33) at patch 33, reason=Area 0.008358 below minimum 0.01
  Mandatory DeletePatch(13) at patch 13, reason=delete has no image effect
  Total patches: 29, total adds: 15, total deletes: 16
  step 300/1000: loss=0.164662, patches=34
[SRD rewrite] added patch=29, position=(-1.193, -1.024, -1.414), improvement=0.000912
[SRD rewrite] added patch=30, position=(-1.012, -0.422, 2.024), improvement=0.000898
[SRD rewrite] added patch=31, position=(0.995, 0.805, -1.046), improvement=0.000675
SRD step 350: evaluated 27 candidates, 8 promising, accepted 3
  Accepted AddPatch at patch 29, improvement=0.000912
  Accepted AddPatch at patch 30, improvement=0.000898
  Accepted AddPatch at patch 31, improvement=0.000675
  Total patches: 32, total adds: 18, total deletes: 16
  step 350/1000: loss=0.149525, patches=29
[SRD rewrite] deleted patch=31, position=(1.086, 0.903, -1.018), reason=Area 0.000475 below minimum 0.01
[SRD rewrite] deleted patch=30, position=(-1.037, -0.439, 1.935), reason=Area 0.003200 below minimum 0.01
[SRD rewrite] deleted patch=28, position=(1.091, 0.109, 0.975), reason=Area 0.000258 below minimum 0.01
SRD step 400: evaluated 27 candidates, 0 promising, accepted 3
  Mandatory DeletePatch(28) at patch 28, reason=Area 0.000258 below minimum 0.01
  Mandatory DeletePatch(30) at patch 30, reason=Area 0.003200 below minimum 0.01
  Mandatory DeletePatch(31) at patch 31, reason=Area 0.000475 below minimum 0.01
  Total patches: 29, total adds: 18, total deletes: 19
  step 400/1000: loss=0.134171, patches=32
[SRD rewrite] added patch=29, position=(-0.728, -0.755, 1.286), improvement=0.000787
[SRD rewrite] added patch=30, position=(-0.978, -1.126, -1.150), improvement=0.000002
SRD step 450: evaluated 27 candidates, 2 promising, accepted 2
  Accepted AddPatch at patch 29, improvement=0.000787
  Accepted AddPatch at patch 30, improvement=0.000002
  Total patches: 31, total adds: 20, total deletes: 19
  step 450/1000: loss=0.132531, patches=29
[SRD rewrite] deleted patch=30, position=(-1.006, -1.195, -1.229), reason=Area 0.006541 below minimum 0.01
SRD step 500: evaluated 27 candidates, 0 promising, accepted 1
  Mandatory DeletePatch(30) at patch 30, reason=Area 0.006541 below minimum 0.01
  Total patches: 30, total adds: 20, total deletes: 20
  step 500/1000: loss=0.120446, patches=31
[SRD rewrite] deleted patch=26, position=(0.996, 0.464, 1.040), reason=Area 0.009430 below minimum 0.01
[SRD rewrite] deleted patch=7, position=(-0.246, -0.024, 0.408), reason=delete has no image effect
SRD step 550: evaluated 27 candidates, 0 promising, accepted 2
  Mandatory DeletePatch(26) at patch 26, reason=Area 0.009430 below minimum 0.01
  Mandatory DeletePatch(7) at patch 7, reason=delete has no image effect
  Total patches: 28, total adds: 20, total deletes: 22
  step 550/1000: loss=0.122970, patches=30
SRD step 600: evaluated 27 candidates, 0 promising, accepted 0
  Total patches: 28, total adds: 20, total deletes: 22
  step 600/1000: loss=0.131163, patches=28
[SRD rewrite] deleted patch=18, position=(-0.624, 0.796, -0.687), reason=Area 0.003583 below minimum 0.01
SRD step 650: evaluated 27 candidates, 0 promising, accepted 1
  Mandatory DeletePatch(18) at patch 18, reason=Area 0.003583 below minimum 0.01
  Total patches: 27, total adds: 20, total deletes: 23
  step 650/1000: loss=0.131877, patches=28
[SRD rewrite] added patch=27, position=(0.798, 0.601, -0.233), improvement=0.001149
[SRD rewrite] added patch=28, position=(-1.022, 0.289, -1.719), improvement=0.001075
[SRD rewrite] added patch=29, position=(-0.730, 0.127, -1.682), improvement=0.001067
SRD step 700: evaluated 27 candidates, 7 promising, accepted 3
  Accepted AddPatch at patch 27, improvement=0.001149
  Accepted AddPatch at patch 28, improvement=0.001075
  Accepted AddPatch at patch 29, improvement=0.001067
  Total patches: 30, total adds: 23, total deletes: 23
  step 700/1000: loss=0.129784, patches=27
[SRD rewrite] deleted patch=29, position=(-0.642, 0.221, -1.769), reason=Area 0.000512 below minimum 0.01
[SRD rewrite] deleted patch=28, position=(-1.037, 0.286, -1.704), reason=Area 0.003207 below minimum 0.01
[SRD rewrite] deleted patch=27, position=(0.705, 0.643, -0.238), reason=Area 0.000696 below minimum 0.01
[SRD rewrite] deleted patch=25, position=(-0.649, -1.652, -2.190), reason=Area 0.008750 below minimum 0.01
SRD step 750: evaluated 27 candidates, 0 promising, accepted 4
  Mandatory DeletePatch(25) at patch 25, reason=Area 0.008750 below minimum 0.01
  Mandatory DeletePatch(27) at patch 27, reason=Area 0.000696 below minimum 0.01
  Mandatory DeletePatch(28) at patch 28, reason=Area 0.003207 below minimum 0.01
  Mandatory DeletePatch(29) at patch 29, reason=Area 0.000512 below minimum 0.01
  Total patches: 26, total adds: 23, total deletes: 27
  step 750/1000: loss=0.130169, patches=30
[SRD rewrite] deleted patch=11, position=(-0.000, 0.647, -1.289), reason=Area 0.009271 below minimum 0.01
SRD step 800: evaluated 27 candidates, 0 promising, accepted 1
  Mandatory DeletePatch(11) at patch 11, reason=Area 0.009271 below minimum 0.01
  Total patches: 25, total adds: 23, total deletes: 28
  step 800/1000: loss=0.136793, patches=26
SRD step 850: evaluated 27 candidates, 0 promising, accepted 0
  Total patches: 25, total adds: 23, total deletes: 28
  step 850/1000: loss=0.148118, patches=25
SRD step 900: evaluated 27 candidates, 0 promising, accepted 0
  Total patches: 25, total adds: 23, total deletes: 28
  step 900/1000: loss=0.155066, patches=25
SRD step 950: evaluated 27 candidates, 0 promising, accepted 0
  Total patches: 25, total adds: 23, total deletes: 28
  step 950/1000: loss=0.155854, patches=25
SRD step 1000: evaluated 27 candidates, 0 promising, accepted 0
  Total patches: 25, total adds: 23, total deletes: 28
  step 1000/1000: loss=0.155536, patches=25
[SRD rewrite] deleted patch=8, position=(-0.300, -0.423, -2.297), reason=final deletion pass improved loss
[SRD rewrite] deleted patch=13, position=(1.536, 0.764, 1.677), reason=final deletion pass improved loss
[Trial 1] done: loss=0.138822, time=5650.4s
[Trial 2/3] seed=1
[SRD rewrite] split patch=10, children=29,30, improvement=0.031778
[SRD rewrite] added patch=31, position=(0.742, 0.513, 0.860), improvement=0.029698
[SRD rewrite] added patch=32, position=(0.700, 0.398, 1.091), improvement=0.029419
SRD step 50: evaluated 27 candidates, 26 promising, accepted 3
  Accepted SplitPatch(10) at patch 10, improvement=0.031778
  Accepted AddPatch at patch 31, improvement=0.029698
  Accepted AddPatch at patch 32, improvement=0.029419
  Total patches: 33, total adds: 3, total deletes: 0
  step 50/1000: loss=0.630283, patches=30
[SRD rewrite] deleted patch=30, position=(-0.951, 0.398, -2.165), reason=Area 0.000561 below minimum 0.01
[SRD rewrite] deleted patch=29, position=(-0.957, 0.280, -2.188), reason=Area 0.002232 below minimum 0.01
[SRD rewrite] deleted patch=23, position=(-0.073, 0.025, 1.918), reason=delete has no image effect
[SRD rewrite] deleted patch=4, position=(-1.916, -0.499, -0.771), reason=delete has no image effect
[SRD rewrite] deleted patch=3, position=(-0.295, -0.004, 1.977), reason=delete has no image effect
[SRD rewrite] added patch=28, position=(1.034, 1.067, 0.600), improvement=0.015050
[SRD rewrite] added patch=29, position=(1.122, 0.897, 0.575), improvement=0.014472
[SRD rewrite] restored patch=30, position=(-1.916, -0.499, -0.771), improvement=0.013028
SRD step 100: evaluated 27 candidates, 24 promising, accepted 8
  Accepted AddPatch at patch 28, improvement=0.015050
  Accepted AddPatch at patch 29, improvement=0.014472
  Accepted RestorePatch(4) at patch 30, improvement=0.013028
  Mandatory DeletePatch(29) at patch 29, reason=Area 0.002232 below minimum 0.01
  Mandatory DeletePatch(30) at patch 30, reason=Area 0.000561 below minimum 0.01
  Mandatory DeletePatch(3) at patch 3, reason=delete has no image effect
  Mandatory DeletePatch(4) at patch 4, reason=delete has no image effect
  Mandatory DeletePatch(23) at patch 23, reason=delete has no image effect
  Total patches: 31, total adds: 6, total deletes: 5
  step 100/1000: loss=0.409254, patches=33
[SRD rewrite] deleted patch=30, position=(-1.968, -0.551, -0.823), reason=delete has no image effect
[SRD rewrite] added patch=30, position=(0.748, 0.996, -0.905), improvement=0.004532
[SRD rewrite] added patch=31, position=(1.225, 0.851, -0.772), improvement=0.004402
[SRD rewrite] added patch=32, position=(0.952, 1.024, -0.663), improvement=0.004018
SRD step 150: evaluated 27 candidates, 22 promising, accepted 4
  Accepted AddPatch at patch 30, improvement=0.004532
  Accepted AddPatch at patch 31, improvement=0.004402
  Accepted AddPatch at patch 32, improvement=0.004018
  Mandatory DeletePatch(30) at patch 30, reason=delete has no image effect
  Total patches: 33, total adds: 9, total deletes: 6
  step 150/1000: loss=0.324359, patches=31
[SRD rewrite] deleted patch=3, position=(-1.333, 0.542, 1.392), reason=Area 0.005444 below minimum 0.01
[SRD rewrite] deleted patch=20, position=(-0.660, 0.543, -0.775), reason=delete has no image effect
[SRD rewrite] added patch=31, position=(1.710, 0.991, 0.634), improvement=0.002004
[SRD rewrite] added patch=32, position=(-1.664, -0.695, -1.455), improvement=0.001989
[SRD rewrite] added patch=33, position=(1.443, 1.141, 0.104), improvement=0.001912
SRD step 200: evaluated 27 candidates, 20 promising, accepted 5
  Accepted AddPatch at patch 31, improvement=0.002004
  Accepted AddPatch at patch 32, improvement=0.001989
  Accepted AddPatch at patch 33, improvement=0.001912
  Mandatory DeletePatch(3) at patch 3, reason=Area 0.005444 below minimum 0.01
  Mandatory DeletePatch(20) at patch 20, reason=delete has no image effect
  Total patches: 34, total adds: 12, total deletes: 8
  step 200/1000: loss=0.292333, patches=33
[SRD rewrite] split patch=8, children=33,34, improvement=0.009084
[SRD rewrite] added patch=35, position=(1.582, 1.140, 0.331), improvement=0.000380
[SRD rewrite] added patch=36, position=(-0.704, -0.770, 1.416), improvement=0.000280
SRD step 250: evaluated 27 candidates, 4 promising, accepted 3
  Accepted SplitPatch(8) at patch 8, improvement=0.009084
  Accepted AddPatch at patch 35, improvement=0.000380
  Accepted AddPatch at patch 36, improvement=0.000280
  Total patches: 37, total adds: 15, total deletes: 8
  step 250/1000: loss=0.285115, patches=34
[SRD rewrite] deleted patch=34, position=(-1.053, -1.891, -0.148), reason=Area 0.000815 below minimum 0.01
[SRD rewrite] deleted patch=33, position=(-0.984, -1.952, -0.233), reason=Area 0.003345 below minimum 0.01
[SRD rewrite] deleted patch=22, position=(-0.326, 0.220, -0.312), reason=delete has no image effect
[SRD rewrite] deleted patch=6, position=(-0.941, -0.382, -1.758), reason=delete has no image effect
SRD step 300: evaluated 27 candidates, 0 promising, accepted 4
  Mandatory DeletePatch(33) at patch 33, reason=Area 0.003345 below minimum 0.01
  Mandatory DeletePatch(34) at patch 34, reason=Area 0.000815 below minimum 0.01
  Mandatory DeletePatch(6) at patch 6, reason=delete has no image effect
  Mandatory DeletePatch(22) at patch 22, reason=delete has no image effect
  Total patches: 33, total adds: 15, total deletes: 12
  step 300/1000: loss=0.263623, patches=37
[SRD rewrite] deleted patch=31, position=(1.703, 1.238, 0.174), reason=Area 0.002360 below minimum 0.01
SRD step 350: evaluated 27 candidates, 0 promising, accepted 1
  Mandatory DeletePatch(31) at patch 31, reason=Area 0.002360 below minimum 0.01
  Total patches: 32, total adds: 15, total deletes: 13
  step 350/1000: loss=0.241791, patches=33
[SRD rewrite] deleted patch=27, position=(0.899, 1.252, -0.407), reason=delete has no image effect
SRD step 400: evaluated 27 candidates, 0 promising, accepted 1
  Mandatory DeletePatch(27) at patch 27, reason=delete has no image effect
  Total patches: 31, total adds: 15, total deletes: 14
  step 400/1000: loss=0.221228, patches=32
SRD step 450: evaluated 27 candidates, 0 promising, accepted 0
  Total patches: 31, total adds: 15, total deletes: 14
  step 450/1000: loss=0.213218, patches=31
[SRD rewrite] deleted patch=18, position=(-0.760, 0.708, -1.092), reason=delete has no image effect
[SRD rewrite] split patch=8, children=29,30, improvement=0.001767
SRD step 500: evaluated 27 candidates, 1 promising, accepted 2
  Accepted SplitPatch(8) at patch 8, improvement=0.001767
  Mandatory DeletePatch(18) at patch 18, reason=delete has no image effect
  Total patches: 31, total adds: 16, total deletes: 15
  step 500/1000: loss=0.203720, patches=31
[SRD rewrite] deleted patch=30, position=(1.301, -0.602, 2.448), reason=Area 0.001788 below minimum 0.01
[SRD rewrite] deleted patch=27, position=(1.844, 1.105, -0.280), reason=Area 0.009248 below minimum 0.01
[SRD rewrite] deleted patch=23, position=(0.512, 1.220, -0.833), reason=Area 0.002298 below minimum 0.01
[SRD rewrite] deleted patch=21, position=(1.316, 1.269, -0.247), reason=Area 0.007616 below minimum 0.01
SRD step 550: evaluated 27 candidates, 0 promising, accepted 4
  Mandatory DeletePatch(21) at patch 21, reason=Area 0.007616 below minimum 0.01
  Mandatory DeletePatch(23) at patch 23, reason=Area 0.002298 below minimum 0.01
  Mandatory DeletePatch(27) at patch 27, reason=Area 0.009248 below minimum 0.01
  Mandatory DeletePatch(30) at patch 30, reason=Area 0.001788 below minimum 0.01
  Total patches: 27, total adds: 16, total deletes: 19
  step 550/1000: loss=0.194510, patches=31
SRD step 600: evaluated 27 candidates, 0 promising, accepted 0
  Total patches: 27, total adds: 16, total deletes: 19
  step 600/1000: loss=0.176380, patches=27
SRD step 650: evaluated 27 candidates, 0 promising, accepted 0
  Total patches: 27, total adds: 16, total deletes: 19
  step 650/1000: loss=0.158180, patches=27
SRD step 700: evaluated 27 candidates, 0 promising, accepted 0
  Total patches: 27, total adds: 16, total deletes: 19
  step 700/1000: loss=0.157664, patches=27
SRD step 750: evaluated 27 candidates, 0 promising, accepted 0
  Total patches: 27, total adds: 16, total deletes: 19
  step 750/1000: loss=0.153729, patches=27
[SRD rewrite] added patch=27, position=(0.048, -0.052, 1.161), improvement=0.002966
[SRD rewrite] added patch=28, position=(0.060, -0.003, -0.220), improvement=0.002449
[SRD rewrite] added patch=29, position=(-2.103, 0.352, -0.581), improvement=0.002290
SRD step 800: evaluated 27 candidates, 21 promising, accepted 3
  Accepted AddPatch at patch 27, improvement=0.002966
  Accepted AddPatch at patch 28, improvement=0.002449
  Accepted AddPatch at patch 29, improvement=0.002290
  Total patches: 30, total adds: 19, total deletes: 19
  step 800/1000: loss=0.145742, patches=27
[SRD rewrite] deleted patch=28, position=(-0.030, -0.002, -0.132), reason=Area 0.000300 below minimum 0.01
SRD step 850: evaluated 27 candidates, 0 promising, accepted 1
  Mandatory DeletePatch(28) at patch 28, reason=Area 0.000300 below minimum 0.01
  Total patches: 29, total adds: 19, total deletes: 20
  step 850/1000: loss=0.132810, patches=30
SRD step 900: evaluated 27 candidates, 0 promising, accepted 0
  Total patches: 29, total adds: 19, total deletes: 20
  step 900/1000: loss=0.128278, patches=29
SRD step 950: evaluated 27 candidates, 0 promising, accepted 0
  Total patches: 29, total adds: 19, total deletes: 20
  step 950/1000: loss=0.125456, patches=29
[SRD rewrite] deleted patch=22, position=(1.375, 1.163, -0.491), reason=Area 0.004713 below minimum 0.01
SRD step 1000: evaluated 27 candidates, 0 promising, accepted 1
  Mandatory DeletePatch(22) at patch 22, reason=Area 0.004713 below minimum 0.01
  Total patches: 28, total adds: 19, total deletes: 21
  step 1000/1000: loss=0.124635, patches=29
[SRD rewrite] deleted patch=13, position=(-1.214, 0.827, -2.461), reason=final deletion pass improved loss
[Trial 2] done: loss=0.123998, time=5946.1s
[Trial 3/3] seed=2
[SRD rewrite] added patch=30, position=(0.709, 0.279, 0.844), improvement=0.036256
[SRD rewrite] added patch=31, position=(0.873, 0.669, -0.987), improvement=0.036210
[SRD rewrite] added patch=32, position=(0.798, 0.337, -0.856), improvement=0.036175
SRD step 50: evaluated 27 candidates, 27 promising, accepted 3
  Accepted AddPatch at patch 30, improvement=0.036256
  Accepted AddPatch at patch 31, improvement=0.036210
  Accepted AddPatch at patch 32, improvement=0.036175
  Total patches: 33, total adds: 3, total deletes: 0
  step 50/1000: loss=0.682270, patches=30
[SRD rewrite] deleted patch=32, position=(0.848, 0.289, -0.829), reason=Area 0.002304 below minimum 0.01
[SRD rewrite] added patch=32, position=(1.101, 1.067, -0.495), improvement=0.013158
[SRD rewrite] added patch=33, position=(0.814, 0.767, -0.520), improvement=0.012707
[SRD rewrite] added patch=34, position=(0.680, 0.316, 1.256), improvement=0.012706
SRD step 100: evaluated 27 candidates, 26 promising, accepted 4
  Accepted AddPatch at patch 32, improvement=0.013158
  Accepted AddPatch at patch 33, improvement=0.012707
  Accepted AddPatch at patch 34, improvement=0.012706
  Mandatory DeletePatch(32) at patch 32, reason=Area 0.002304 below minimum 0.01
  Total patches: 35, total adds: 6, total deletes: 1
  step 100/1000: loss=0.462511, patches=33
[SRD rewrite] deleted patch=30, position=(0.675, 0.121, 1.056), reason=Area 0.001666 below minimum 0.01
[SRD rewrite] deleted patch=21, position=(-1.390, -0.465, -2.088), reason=Area 0.006201 below minimum 0.01
[SRD rewrite] deleted patch=15, position=(-2.091, 0.299, -1.851), reason=delete has no image effect
[SRD rewrite] split patch=27, children=31,32, improvement=0.005447
[SRD rewrite] added patch=33, position=(1.360, 1.076, -0.094), improvement=0.005423
[SRD rewrite] added patch=34, position=(1.271, 0.907, 0.855), improvement=0.005294
SRD step 150: evaluated 27 candidates, 23 promising, accepted 6
  Accepted SplitPatch(27) at patch 27, improvement=0.005447
  Accepted AddPatch at patch 33, improvement=0.005423
  Accepted AddPatch at patch 34, improvement=0.005294
  Mandatory DeletePatch(21) at patch 21, reason=Area 0.006201 below minimum 0.01
  Mandatory DeletePatch(30) at patch 30, reason=Area 0.001666 below minimum 0.01
  Mandatory DeletePatch(15) at patch 15, reason=delete has no image effect
  Total patches: 35, total adds: 9, total deletes: 4
  step 150/1000: loss=0.380583, patches=35
[SRD rewrite] deleted patch=32, position=(-2.008, -0.635, -2.036), reason=Area 0.003428 below minimum 0.01
[SRD rewrite] deleted patch=31, position=(-1.990, -0.639, -2.058), reason=Area 0.006383 below minimum 0.01
[SRD rewrite] deleted patch=29, position=(1.063, 0.725, -0.328), reason=Area 0.009465 below minimum 0.01
[SRD rewrite] added patch=32, position=(1.849, 1.009, 0.006), improvement=0.000682
[SRD rewrite] added patch=33, position=(1.070, 0.614, -1.192), improvement=0.000340
[SRD rewrite] added patch=34, position=(-0.170, -0.140, -1.169), improvement=0.000242
SRD step 200: evaluated 27 candidates, 5 promising, accepted 6
  Accepted AddPatch at patch 32, improvement=0.000682
  Accepted AddPatch at patch 33, improvement=0.000340
  Accepted AddPatch at patch 34, improvement=0.000242
  Mandatory DeletePatch(29) at patch 29, reason=Area 0.009465 below minimum 0.01
  Mandatory DeletePatch(31) at patch 31, reason=Area 0.006383 below minimum 0.01
  Mandatory DeletePatch(32) at patch 32, reason=Area 0.003428 below minimum 0.01
  Total patches: 35, total adds: 12, total deletes: 7
  step 200/1000: loss=0.319160, patches=35
[SRD rewrite] deleted patch=34, position=(-0.073, -0.043, -1.267), reason=Area 0.000343 below minimum 0.01
[SRD rewrite] deleted patch=33, position=(1.197, 0.589, -1.183), reason=Area 0.000248 below minimum 0.01
[SRD rewrite] deleted patch=30, position=(1.476, 1.178, -0.338), reason=Area 0.007375 below minimum 0.01
[SRD rewrite] deleted patch=23, position=(-2.264, -0.197, 0.953), reason=Area 0.007732 below minimum 0.01
[SRD rewrite] added patch=31, position=(1.606, 0.884, 0.801), improvement=0.006027
[SRD rewrite] added patch=32, position=(-2.185, 0.146, -1.069), improvement=0.005515
[SRD rewrite] added patch=33, position=(-0.934, -0.806, -1.180), improvement=0.004915
SRD step 250: evaluated 27 candidates, 24 promising, accepted 7
  Accepted AddPatch at patch 31, improvement=0.006027
  Accepted AddPatch at patch 32, improvement=0.005515
  Accepted AddPatch at patch 33, improvement=0.004915
  Mandatory DeletePatch(23) at patch 23, reason=Area 0.007732 below minimum 0.01
  Mandatory DeletePatch(30) at patch 30, reason=Area 0.007375 below minimum 0.01
  Mandatory DeletePatch(33) at patch 33, reason=Area 0.000248 below minimum 0.01
  Mandatory DeletePatch(34) at patch 34, reason=Area 0.000343 below minimum 0.01
  Total patches: 34, total adds: 15, total deletes: 11
  step 250/1000: loss=0.266555, patches=35
[SRD rewrite] deleted patch=33, position=(-0.938, -0.827, -1.259), reason=Area 0.001835 below minimum 0.01
[SRD rewrite] deleted patch=32, position=(-2.198, 0.167, -1.186), reason=Area 0.003630 below minimum 0.01
[SRD rewrite] deleted patch=31, position=(1.617, 0.887, 0.795), reason=Area 0.007889 below minimum 0.01
SRD step 300: evaluated 27 candidates, 0 promising, accepted 3
  Mandatory DeletePatch(31) at patch 31, reason=Area 0.007889 below minimum 0.01
  Mandatory DeletePatch(32) at patch 32, reason=Area 0.003630 below minimum 0.01
  Mandatory DeletePatch(33) at patch 33, reason=Area 0.001835 below minimum 0.01
  Total patches: 31, total adds: 15, total deletes: 14
  step 300/1000: loss=0.227495, patches=34
SRD step 350: evaluated 27 candidates, 0 promising, accepted 0
  Total patches: 31, total adds: 15, total deletes: 14
  step 350/1000: loss=0.217790, patches=31
[SRD rewrite] deleted patch=9, position=(1.647, -1.253, -2.319), reason=Area 0.007776 below minimum 0.01
[SRD rewrite] added patch=30, position=(1.722, 1.001, 0.502), improvement=0.001390
[SRD rewrite] added patch=31, position=(-1.789, 0.085, 0.501), improvement=0.001020
[SRD rewrite] restored patch=32, position=(-2.198, 0.167, -1.186), improvement=0.000727
SRD step 400: evaluated 27 candidates, 18 promising, accepted 4
  Accepted AddPatch at patch 30, improvement=0.001390
  Accepted AddPatch at patch 31, improvement=0.001020
  Accepted RestorePatch(13) at patch 32, improvement=0.000727
  Mandatory DeletePatch(9) at patch 9, reason=Area 0.007776 below minimum 0.01
  Total patches: 33, total adds: 18, total deletes: 15
  step 400/1000: loss=0.225516, patches=31
[SRD rewrite] deleted patch=32, position=(-2.208, 0.177, -1.207), reason=Area 0.003363 below minimum 0.01
[SRD rewrite] deleted patch=31, position=(-1.813, 0.087, 0.443), reason=Area 0.003168 below minimum 0.01
SRD step 450: evaluated 27 candidates, 0 promising, accepted 2
  Mandatory DeletePatch(31) at patch 31, reason=Area 0.003168 below minimum 0.01
  Mandatory DeletePatch(32) at patch 32, reason=Area 0.003363 below minimum 0.01
  Total patches: 31, total adds: 18, total deletes: 17
  step 450/1000: loss=0.217030, patches=33
[SRD rewrite] deleted patch=20, position=(-0.085, 0.655, -0.577), reason=Area 0.007841 below minimum 0.01
[SRD rewrite] added patch=30, position=(-2.447, 0.133, -2.064), improvement=0.000633
[SRD rewrite] added patch=31, position=(0.735, -0.565, 0.850), improvement=0.000115
[SRD rewrite] added patch=32, position=(-2.002, 0.306, -0.218), improvement=0.000075
SRD step 500: evaluated 27 candidates, 3 promising, accepted 4
  Accepted AddPatch at patch 30, improvement=0.000633
  Accepted AddPatch at patch 31, improvement=0.000115
  Accepted AddPatch at patch 32, improvement=0.000075
  Mandatory DeletePatch(20) at patch 20, reason=Area 0.007841 below minimum 0.01
  Total patches: 33, total adds: 21, total deletes: 18
  step 500/1000: loss=0.200978, patches=31
SRD step 550: evaluated 27 candidates, 0 promising, accepted 0
  Total patches: 33, total adds: 21, total deletes: 18
  step 550/1000: loss=0.161739, patches=33
[SRD rewrite] deleted patch=0, position=(1.086, -2.042, 0.892), reason=no image contribution, delete has no image effect
SRD step 600: evaluated 27 candidates, 0 promising, accepted 1
  Mandatory DeletePatch(0) at patch 0, reason=no image contribution, delete has no image effect
  Total patches: 32, total adds: 21, total deletes: 19
  step 600/1000: loss=0.155750, patches=33
[SRD rewrite] added patch=32, position=(1.668, 1.088, 0.394), improvement=0.001781
SRD step 650: evaluated 27 candidates, 13 promising, accepted 3
  Accepted AddPatch at patch 32, improvement=0.001781
  Accepted SplitPatch(0) at patch 0, improvement=0.001215
  Accepted SplitPatch(23) at patch 23, improvement=0.001215
  Total patches: 33, total adds: 22, total deletes: 19
  step 650/1000: loss=0.153542, patches=32
[SRD rewrite] deleted patch=24, position=(1.244, 1.253, -0.231), reason=Area 0.006425 below minimum 0.01
[SRD rewrite] added patch=32, position=(-1.819, 0.221, 0.526), improvement=0.001527
[SRD rewrite] added patch=33, position=(-1.916, 0.349, 0.128), improvement=0.001286
[SRD rewrite] added patch=34, position=(-0.796, -0.775, 0.740), improvement=0.001114
SRD step 700: evaluated 27 candidates, 18 promising, accepted 4
  Accepted AddPatch at patch 32, improvement=0.001527
  Accepted AddPatch at patch 33, improvement=0.001286
  Accepted AddPatch at patch 34, improvement=0.001114
  Mandatory DeletePatch(24) at patch 24, reason=Area 0.006425 below minimum 0.01
  Total patches: 35, total adds: 25, total deletes: 20
  step 700/1000: loss=0.147095, patches=33
[SRD rewrite] deleted patch=34, position=(-0.757, -0.768, 0.790), reason=Area 0.002196 below minimum 0.01
[SRD rewrite] deleted patch=33, position=(-1.916, 0.349, 0.128), reason=Area 0.009291 below minimum 0.01
[SRD rewrite] deleted patch=32, position=(-1.841, 0.260, 0.418), reason=Area 0.000360 below minimum 0.01
SRD step 750: evaluated 27 candidates, 0 promising, accepted 3
  Mandatory DeletePatch(32) at patch 32, reason=Area 0.000360 below minimum 0.01
  Mandatory DeletePatch(33) at patch 33, reason=Area 0.009291 below minimum 0.01
  Mandatory DeletePatch(34) at patch 34, reason=Area 0.002196 below minimum 0.01
  Total patches: 32, total adds: 25, total deletes: 23
  step 750/1000: loss=0.140854, patches=35
[SRD rewrite] deleted patch=21, position=(1.318, -0.166, -0.435), reason=Area 0.008892 below minimum 0.01
[SRD rewrite] deleted patch=20, position=(1.071, 0.325, 0.762), reason=Area 0.004617 below minimum 0.01
SRD step 800: evaluated 27 candidates, 0 promising, accepted 2
  Mandatory DeletePatch(20) at patch 20, reason=Area 0.004617 below minimum 0.01
  Mandatory DeletePatch(21) at patch 21, reason=Area 0.008892 below minimum 0.01
  Total patches: 30, total adds: 25, total deletes: 25
  step 800/1000: loss=0.139314, patches=32
[SRD rewrite] deleted patch=23, position=(1.178, 1.282, -0.266), reason=Area 0.003412 below minimum 0.01
SRD step 850: evaluated 27 candidates, 0 promising, accepted 1
  Mandatory DeletePatch(23) at patch 23, reason=Area 0.003412 below minimum 0.01
  Total patches: 29, total adds: 25, total deletes: 26
  step 850/1000: loss=0.151319, patches=30
SRD step 900: evaluated 27 candidates, 0 promising, accepted 0
  Total patches: 29, total adds: 25, total deletes: 26
  step 900/1000: loss=0.158681, patches=29
[SRD rewrite] deleted patch=9, position=(-1.791, -1.048, -0.452), reason=delete has no image effect
SRD step 950: evaluated 27 candidates, 0 promising, accepted 1
  Mandatory DeletePatch(9) at patch 9, reason=delete has no image effect
  Total patches: 28, total adds: 25, total deletes: 27
  step 950/1000: loss=0.170926, patches=29
SRD step 1000: evaluated 27 candidates, 0 promising, accepted 0
  Total patches: 28, total adds: 25, total deletes: 27
  step 1000/1000: loss=0.173255, patches=28
[SRD rewrite] deleted patch=6, position=(-2.302, -0.113, 0.389), reason=final deletion pass improved loss
[SRD rewrite] deleted patch=8, position=(-2.178, -1.737, 1.465), reason=final deletion pass improved loss
[SRD rewrite] deleted patch=8, position=(1.285, -1.939, 1.507), reason=final deletion pass improved loss
[SRD rewrite] deleted patch=19, position=(2.002, 0.779, -0.886), reason=final deletion pass improved loss
[SRD rewrite] deleted patch=20, position=(-1.939, 0.162, -2.091), reason=final deletion pass improved loss
[SRD rewrite] deleted patch=22, position=(1.975, 1.354, -0.628), reason=final deletion pass improved loss
[Trial 3] done: loss=0.143402, time=6411.0s
[Run] report written to results/slurm/20260718_1833/patchsize_horse_circle_30/patches_30/with_srd/with_srd.txt
[Swept volume] building (resolution=256)...
[Run] mode=full, trials=3, seeds=[0, 1, 2], steps=1000, srd=False, ablation_flags={'disable_swept_volume_adds': True, 'loss_only_deletion': True, 'disable_splitting': False}
[Trial 1/3] seed=0
[Patch] mapbox-earcut is not installed; falling back to fan fill, so non-convex pieces will render incorrectly. Install it with: pip install mapbox-earcut
  step 50/1000: loss=0.575768, patches=30
  step 100/1000: loss=0.390409, patches=30
  step 150/1000: loss=0.281400, patches=30
  step 200/1000: loss=0.210552, patches=30
  step 250/1000: loss=0.173360, patches=30
  step 300/1000: loss=0.160113, patches=30
  step 350/1000: loss=0.157455, patches=30
  step 400/1000: loss=0.156241, patches=30
  step 450/1000: loss=0.168087, patches=30
  step 500/1000: loss=0.166415, patches=30
  step 550/1000: loss=0.162655, patches=30
  step 600/1000: loss=0.154351, patches=30
  step 650/1000: loss=0.148864, patches=30
  step 700/1000: loss=0.148571, patches=30
  step 750/1000: loss=0.148753, patches=30
  step 800/1000: loss=0.151901, patches=30
  step 850/1000: loss=0.153382, patches=30
  step 900/1000: loss=0.151881, patches=30
  step 950/1000: loss=0.152420, patches=30
  step 1000/1000: loss=0.152548, patches=30
[Trial 1] done: loss=0.151230, time=1599.2s
[Trial 2/3] seed=1
  step 50/1000: loss=0.630487, patches=30
  step 100/1000: loss=0.424435, patches=30
  step 150/1000: loss=0.343729, patches=30
  step 200/1000: loss=0.320317, patches=30
  step 250/1000: loss=0.316549, patches=30
  step 300/1000: loss=0.299469, patches=30
  step 350/1000: loss=0.269126, patches=30
  step 400/1000: loss=0.256872, patches=30
  step 450/1000: loss=0.235975, patches=30
  step 500/1000: loss=0.222635, patches=30
  step 550/1000: loss=0.217591, patches=30
  step 600/1000: loss=0.214667, patches=30
  step 650/1000: loss=0.211914, patches=30
  step 700/1000: loss=0.209589, patches=30
  step 750/1000: loss=0.214230, patches=30
  step 800/1000: loss=0.210681, patches=30
  step 850/1000: loss=0.205799, patches=30
  step 900/1000: loss=0.198387, patches=30
  step 950/1000: loss=0.198405, patches=30
  step 1000/1000: loss=0.198686, patches=30
[Trial 2] done: loss=0.198726, time=1595.3s
[Trial 3/3] seed=2
  step 50/1000: loss=0.682270, patches=30
  step 100/1000: loss=0.470063, patches=30
  step 150/1000: loss=0.397163, patches=30
  step 200/1000: loss=0.338585, patches=30
  step 250/1000: loss=0.325064, patches=30
  step 300/1000: loss=0.307784, patches=30
  step 350/1000: loss=0.303882, patches=30
  step 400/1000: loss=0.292982, patches=30
  step 450/1000: loss=0.285781, patches=30
  step 500/1000: loss=0.279403, patches=30
  step 550/1000: loss=0.272719, patches=30
  step 600/1000: loss=0.267302, patches=30
  step 650/1000: loss=0.263057, patches=30
  step 700/1000: loss=0.260626, patches=30
  step 750/1000: loss=0.262716, patches=30
  step 800/1000: loss=0.261933, patches=30
  step 850/1000: loss=0.268051, patches=30
  step 900/1000: loss=0.257175, patches=30
  step 950/1000: loss=0.250181, patches=30
  step 1000/1000: loss=0.251306, patches=30
[Trial 3] done: loss=0.250525, time=1566.9s
[Run] report written to results/slurm/20260718_1833/patchsize_horse_circle_30/patches_30/without_srd/without_srd.txt

======================================================================
Running 3 trials WITH SRD
======================================================================


======================================================================
Running 3 trials WITHOUT SRD
======================================================================


[Comparison] report written to results/slurm/20260718_1833/patchsize_horse_circle_30/patches_30/comparison.txt

======================================================================
SRD Patch Size Comparison
======================================================================
Started: 2026-07-18T21:28:41
Patch sizes: [30]
Trials per size: 3
Steps per trial: 1000
Output directory: results/slurm/20260718_1833/patchsize_horse_circle_30
======================================================================


======================================================================
Running comparison with 30 initial patches
  Target 1: images/horse.png
  Target 2: images/circle.png
  Trials: 3, Steps: 1000
======================================================================

[OK] Comparison with 30 patches completed successfully

======================================================================
Comparison Summary
======================================================================
Successful: 1/1
Total time: 24297.7 seconds (6.75 hours)
Summary report: results/slurm/20260718_1833/patchsize_horse_circle_30/SUMMARY.txt
======================================================================

