## SLURM PROLOG ###############################################################
##    Job ID : 4093818
##  Job Name : 20260718_1833_comparison_sun_moon_srd
##  Nodelist : gpu2605
##      CPUs : 
##  Mem/Node : 128000 MB
## Directory : /oscar/home/cjmok/automated-perspective-sculptor
##   Job Started : Sat Jul 18 07:58:42 PM EDT 2026
###############################################################################
[Swept volume] building (resolution=256)...
[Run] mode=full, trials=3, seeds=[0, 1, 2], steps=2000, srd=True, ablation_flags={'disable_swept_volume_adds': False, 'loss_only_deletion': False, 'disable_splitting': False}
[Trial 1/3] seed=0
[Patch] mapbox-earcut is not installed; falling back to fan fill, so non-convex pieces will render incorrectly. Install it with: pip install mapbox-earcut
[SRD rewrite] added patch=20, position=(-0.576, 0.161, 1.173), improvement=0.021529
[SRD rewrite] added patch=21, position=(-0.036, -0.477, 1.082), improvement=0.020856
[SRD rewrite] added patch=22, position=(-0.579, -0.052, 1.012), improvement=0.020836
SRD step 50: evaluated 27 candidates, 27 promising, accepted 3
  Accepted AddPatch at patch 20, improvement=0.021529
  Accepted AddPatch at patch 21, improvement=0.020856
  Accepted AddPatch at patch 22, improvement=0.020836
  Total patches: 23, total adds: 3, total deletes: 0
  step 50/2000: loss=0.498827, patches=20
[SRD rewrite] added patch=23, position=(-0.640, -0.112, 1.495), improvement=0.006390
[SRD rewrite] added patch=24, position=(0.636, -0.070, 1.223), improvement=0.006087
[SRD rewrite] added patch=25, position=(-0.299, -0.185, 1.372), improvement=0.005971
SRD step 100: evaluated 27 candidates, 27 promising, accepted 3
  Accepted AddPatch at patch 23, improvement=0.006390
  Accepted AddPatch at patch 24, improvement=0.006087
  Accepted AddPatch at patch 25, improvement=0.005971
  Total patches: 26, total adds: 6, total deletes: 0
  step 100/2000: loss=0.372735, patches=23
[SRD rewrite] deleted patch=25, position=(-0.219, -0.070, 1.441), reason=Area 0.004454 below minimum 0.01
[SRD rewrite] deleted patch=23, position=(-0.621, -0.030, 1.515), reason=Area 0.006814 below minimum 0.01
[SRD rewrite] deleted patch=0, position=(0.705, 0.463, 1.863), reason=Area 0.007340 below minimum 0.01
[SRD rewrite] added patch=23, position=(0.613, -0.926, 1.008), improvement=0.005938
[SRD rewrite] added patch=24, position=(0.748, -1.035, 0.047), improvement=0.005883
[SRD rewrite] added patch=25, position=(-0.319, -0.002, 1.276), improvement=0.005747
SRD step 150: evaluated 27 candidates, 24 promising, accepted 6
  Accepted AddPatch at patch 23, improvement=0.005938
  Accepted AddPatch at patch 24, improvement=0.005883
  Accepted AddPatch at patch 25, improvement=0.005747
  Mandatory DeletePatch(0) at patch 0, reason=Area 0.007340 below minimum 0.01
  Mandatory DeletePatch(23) at patch 23, reason=Area 0.006814 below minimum 0.01
  Mandatory DeletePatch(25) at patch 25, reason=Area 0.004454 below minimum 0.01
  Total patches: 26, total adds: 9, total deletes: 3
  step 150/2000: loss=0.320867, patches=26
[SRD rewrite] deleted patch=24, position=(0.736, -0.946, 0.098), reason=Area 0.005531 below minimum 0.01
[SRD rewrite] split patch=3, children=24,25, improvement=0.005787
[SRD rewrite] added patch=26, position=(-0.669, -0.945, 0.590), improvement=0.002609
[SRD rewrite] added patch=27, position=(-0.682, -0.984, 0.445), improvement=0.002511
SRD step 200: evaluated 27 candidates, 23 promising, accepted 4
  Accepted SplitPatch(3) at patch 3, improvement=0.005787
  Accepted AddPatch at patch 26, improvement=0.002609
  Accepted AddPatch at patch 27, improvement=0.002511
  Mandatory DeletePatch(24) at patch 24, reason=Area 0.005531 below minimum 0.01
  Total patches: 28, total adds: 12, total deletes: 4
  step 200/2000: loss=0.278292, patches=26
[SRD rewrite] deleted patch=27, position=(-0.695, -1.008, 0.412), reason=Area 0.004999 below minimum 0.01
[SRD rewrite] deleted patch=25, position=(-1.448, 0.327, 0.459), reason=Area 0.008217 below minimum 0.01
[SRD rewrite] deleted patch=24, position=(-1.410, 0.347, 0.369), reason=Area 0.001256 below minimum 0.01
[SRD rewrite] added patch=25, position=(1.132, -0.573, 0.542), improvement=0.002917
[SRD rewrite] added patch=26, position=(1.103, 0.532, 0.743), improvement=0.002437
[SRD rewrite] added patch=27, position=(-0.817, 0.103, 1.080), improvement=0.002331
SRD step 250: evaluated 27 candidates, 23 promising, accepted 6
  Accepted AddPatch at patch 25, improvement=0.002917
  Accepted AddPatch at patch 26, improvement=0.002437
  Accepted AddPatch at patch 27, improvement=0.002331
  Mandatory DeletePatch(24) at patch 24, reason=Area 0.001256 below minimum 0.01
  Mandatory DeletePatch(25) at patch 25, reason=Area 0.008217 below minimum 0.01
  Mandatory DeletePatch(27) at patch 27, reason=Area 0.004999 below minimum 0.01
  Total patches: 28, total adds: 15, total deletes: 7
  step 250/2000: loss=0.245832, patches=28
[SRD rewrite] deleted patch=21, position=(0.659, 0.166, 1.283), reason=Area 0.003161 below minimum 0.01
[SRD rewrite] added patch=27, position=(-0.710, 0.977, 0.435), improvement=0.004119
[SRD rewrite] added patch=28, position=(-0.014, 0.204, 0.978), improvement=0.002884
[SRD rewrite] added patch=29, position=(0.699, -0.936, 0.557), improvement=0.002687
SRD step 300: evaluated 27 candidates, 25 promising, accepted 4
  Accepted AddPatch at patch 27, improvement=0.004119
  Accepted AddPatch at patch 28, improvement=0.002884
  Accepted AddPatch at patch 29, improvement=0.002687
  Mandatory DeletePatch(21) at patch 21, reason=Area 0.003161 below minimum 0.01
  Total patches: 30, total adds: 18, total deletes: 8
  step 300/2000: loss=0.194785, patches=28
[SRD rewrite] deleted patch=29, position=(0.731, -0.949, 0.713), reason=Area 0.000237 below minimum 0.01
[SRD rewrite] deleted patch=28, position=(-0.199, 0.217, 1.130), reason=Area 0.000207 below minimum 0.01
SRD step 350: evaluated 27 candidates, 0 promising, accepted 2
  Mandatory DeletePatch(28) at patch 28, reason=Area 0.000207 below minimum 0.01
  Mandatory DeletePatch(29) at patch 29, reason=Area 0.000237 below minimum 0.01
  Total patches: 28, total adds: 18, total deletes: 10
  step 350/2000: loss=0.168736, patches=30
[SRD rewrite] deleted patch=13, position=(-0.393, 0.007, 0.370), reason=Area 0.005466 below minimum 0.01
SRD step 400: evaluated 27 candidates, 0 promising, accepted 1
  Mandatory DeletePatch(13) at patch 13, reason=Area 0.005466 below minimum 0.01
  Total patches: 27, total adds: 18, total deletes: 11
  step 400/2000: loss=0.149343, patches=28
[SRD rewrite] deleted patch=21, position=(-0.230, 0.279, 1.404), reason=Area 0.009690 below minimum 0.01
[SRD rewrite] deleted patch=8, position=(-0.436, 0.192, 1.489), reason=Area 0.002231 below minimum 0.01
SRD step 450: evaluated 27 candidates, 0 promising, accepted 2
  Mandatory DeletePatch(8) at patch 8, reason=Area 0.002231 below minimum 0.01
  Mandatory DeletePatch(21) at patch 21, reason=Area 0.009690 below minimum 0.01
  Total patches: 25, total adds: 18, total deletes: 13
  step 450/2000: loss=0.143655, patches=27
[SRD rewrite] deleted patch=4, position=(0.384, -0.657, 0.172), reason=Area 0.003741 below minimum 0.01
SRD step 500: evaluated 27 candidates, 0 promising, accepted 1
  Mandatory DeletePatch(4) at patch 4, reason=Area 0.003741 below minimum 0.01
  Total patches: 24, total adds: 18, total deletes: 14
  step 500/2000: loss=0.141174, patches=25
[SRD rewrite] deleted patch=17, position=(-0.691, 0.163, 0.863), reason=Area 0.009759 below minimum 0.01
SRD step 550: evaluated 27 candidates, 0 promising, accepted 1
  Mandatory DeletePatch(17) at patch 17, reason=Area 0.009759 below minimum 0.01
  Total patches: 23, total adds: 18, total deletes: 15
  step 550/2000: loss=0.140599, patches=24
SRD step 600: evaluated 27 candidates, 0 promising, accepted 0
  Total patches: 23, total adds: 18, total deletes: 15
  step 600/2000: loss=0.134388, patches=23
SRD step 650: evaluated 27 candidates, 0 promising, accepted 0
  Total patches: 23, total adds: 18, total deletes: 15
  step 650/2000: loss=0.132459, patches=23
SRD step 700: evaluated 27 candidates, 0 promising, accepted 0
  Total patches: 23, total adds: 18, total deletes: 15
  step 700/2000: loss=0.130281, patches=23
SRD step 750: evaluated 27 candidates, 0 promising, accepted 0
  Total patches: 23, total adds: 18, total deletes: 15
  step 750/2000: loss=0.127158, patches=23
[SRD rewrite] deleted patch=2, position=(-2.276, -0.739, 1.804), reason=Area 0.005859 below minimum 0.01
SRD step 800: evaluated 27 candidates, 0 promising, accepted 1
  Mandatory DeletePatch(2) at patch 2, reason=Area 0.005859 below minimum 0.01
  Total patches: 22, total adds: 18, total deletes: 16
  step 800/2000: loss=0.122153, patches=23
[SRD rewrite] deleted patch=14, position=(-0.516, 0.444, 1.432), reason=Area 0.007511 below minimum 0.01
SRD step 850: evaluated 27 candidates, 0 promising, accepted 1
  Mandatory DeletePatch(14) at patch 14, reason=Area 0.007511 below minimum 0.01
  Total patches: 21, total adds: 18, total deletes: 17
  step 850/2000: loss=0.121492, patches=22
[SRD rewrite] deleted patch=14, position=(-0.597, 0.105, 1.559), reason=Area 0.009571 below minimum 0.01
[SRD rewrite] deleted patch=1, position=(0.674, 0.374, 0.330), reason=Area 0.009637 below minimum 0.01
SRD step 900: evaluated 27 candidates, 0 promising, accepted 2
  Mandatory DeletePatch(1) at patch 1, reason=Area 0.009637 below minimum 0.01
  Mandatory DeletePatch(14) at patch 14, reason=Area 0.009571 below minimum 0.01
  Total patches: 19, total adds: 18, total deletes: 19
  step 900/2000: loss=0.118043, patches=21
SRD step 950: evaluated 27 candidates, 0 promising, accepted 0
  Total patches: 19, total adds: 18, total deletes: 19
  step 950/2000: loss=0.116870, patches=19
SRD step 1000: evaluated 27 candidates, 0 promising, accepted 0
  Total patches: 19, total adds: 18, total deletes: 19
  step 1000/2000: loss=0.116441, patches=19
SRD step 1050: evaluated 27 candidates, 0 promising, accepted 0
  Total patches: 19, total adds: 18, total deletes: 19
  step 1050/2000: loss=0.120001, patches=19
SRD step 1100: evaluated 27 candidates, 0 promising, accepted 0
  Total patches: 19, total adds: 18, total deletes: 19
  step 1100/2000: loss=0.112140, patches=19
SRD step 1150: evaluated 27 candidates, 0 promising, accepted 0
  Total patches: 19, total adds: 18, total deletes: 19
  step 1150/2000: loss=0.109961, patches=19
SRD step 1200: evaluated 27 candidates, 0 promising, accepted 0
  Total patches: 19, total adds: 18, total deletes: 19
  step 1200/2000: loss=0.107900, patches=19
SRD step 1250: evaluated 27 candidates, 0 promising, accepted 0
  Total patches: 19, total adds: 18, total deletes: 19
  step 1250/2000: loss=0.116316, patches=19
SRD step 1300: evaluated 27 candidates, 0 promising, accepted 0
  Total patches: 19, total adds: 18, total deletes: 19
  step 1300/2000: loss=0.112011, patches=19
SRD step 1350: evaluated 27 candidates, 0 promising, accepted 0
  Total patches: 19, total adds: 18, total deletes: 19
  step 1350/2000: loss=0.108646, patches=19
[SRD rewrite] deleted patch=10, position=(0.049, 0.785, 0.083), reason=Area 0.009797 below minimum 0.01
SRD step 1400: evaluated 27 candidates, 0 promising, accepted 1
  Mandatory DeletePatch(10) at patch 10, reason=Area 0.009797 below minimum 0.01
  Total patches: 18, total adds: 18, total deletes: 20
  step 1400/2000: loss=0.105507, patches=19
SRD step 1450: evaluated 27 candidates, 0 promising, accepted 0
  Total patches: 18, total adds: 18, total deletes: 20
  step 1450/2000: loss=0.104731, patches=18
SRD step 1500: evaluated 27 candidates, 0 promising, accepted 0
  Total patches: 18, total adds: 18, total deletes: 20
  step 1500/2000: loss=0.104430, patches=18
SRD step 1550: evaluated 27 candidates, 0 promising, accepted 0
  Total patches: 18, total adds: 18, total deletes: 20
  step 1550/2000: loss=0.104413, patches=18
SRD step 1600: evaluated 27 candidates, 0 promising, accepted 0
  Total patches: 18, total adds: 18, total deletes: 20
  step 1600/2000: loss=0.112028, patches=18
[SRD rewrite] deleted patch=6, position=(1.135, 0.054, 0.314), reason=Area 0.009804 below minimum 0.01
SRD step 1650: evaluated 27 candidates, 0 promising, accepted 1
  Mandatory DeletePatch(6) at patch 6, reason=Area 0.009804 below minimum 0.01
  Total patches: 17, total adds: 18, total deletes: 21
  step 1650/2000: loss=0.113237, patches=18
SRD step 1700: evaluated 27 candidates, 0 promising, accepted 0
  Total patches: 17, total adds: 18, total deletes: 21
  step 1700/2000: loss=0.116551, patches=17
SRD step 1750: evaluated 27 candidates, 0 promising, accepted 0
  Total patches: 17, total adds: 18, total deletes: 21
  step 1750/2000: loss=0.116520, patches=17
SRD step 1800: evaluated 27 candidates, 0 promising, accepted 0
  Total patches: 17, total adds: 18, total deletes: 21
  step 1800/2000: loss=0.116810, patches=17
SRD step 1850: evaluated 27 candidates, 0 promising, accepted 0
  Total patches: 17, total adds: 18, total deletes: 21
  step 1850/2000: loss=0.117393, patches=17
SRD step 1900: evaluated 27 candidates, 0 promising, accepted 0
  Total patches: 17, total adds: 18, total deletes: 21
  step 1900/2000: loss=0.117404, patches=17
[SRD rewrite] deleted patch=2, position=(0.729, 1.129, -1.313), reason=Area 0.002473 below minimum 0.01
SRD step 1950: evaluated 27 candidates, 0 promising, accepted 1
  Mandatory DeletePatch(2) at patch 2, reason=Area 0.002473 below minimum 0.01
  Total patches: 16, total adds: 18, total deletes: 22
  step 1950/2000: loss=0.121239, patches=17
SRD step 2000: evaluated 27 candidates, 0 promising, accepted 0
  Total patches: 16, total adds: 18, total deletes: 22
  step 2000/2000: loss=0.122699, patches=16
[SRD rewrite] deleted patch=5, position=(-2.161, 1.808, 1.969), reason=final deletion pass improved loss
[Trial 1] done: loss=0.117662, time=8018.5s
[Trial 2/3] seed=1
[SRD rewrite] added patch=20, position=(0.239, -0.408, 0.951), improvement=0.023103
[SRD rewrite] added patch=21, position=(-0.630, -0.005, 1.308), improvement=0.022992
[SRD rewrite] added patch=22, position=(-0.531, -0.082, 1.356), improvement=0.022848
SRD step 50: evaluated 27 candidates, 27 promising, accepted 3
  Accepted AddPatch at patch 20, improvement=0.023103
  Accepted AddPatch at patch 21, improvement=0.022992
  Accepted AddPatch at patch 22, improvement=0.022848
  Total patches: 23, total adds: 3, total deletes: 0
  step 50/2000: loss=0.504454, patches=20
[SRD rewrite] split patch=10, children=22,23, improvement=0.014170
[SRD rewrite] added patch=24, position=(0.615, -0.289, 1.264), improvement=0.009157
[SRD rewrite] added patch=25, position=(0.463, -0.474, 1.140), improvement=0.008804
SRD step 100: evaluated 27 candidates, 25 promising, accepted 3
  Accepted SplitPatch(10) at patch 10, improvement=0.014170
  Accepted AddPatch at patch 24, improvement=0.009157
  Accepted AddPatch at patch 25, improvement=0.008804
  Total patches: 26, total adds: 6, total deletes: 0
  step 100/2000: loss=0.359935, patches=23
[SRD rewrite] deleted patch=24, position=(0.632, -0.293, 1.285), reason=Area 0.000290 below minimum 0.01
[SRD rewrite] deleted patch=23, position=(-0.484, -0.859, 1.663), reason=Area 0.000677 below minimum 0.01
[SRD rewrite] deleted patch=22, position=(-0.242, -1.013, 1.733), reason=Area 0.002050 below minimum 0.01
[SRD rewrite] deleted patch=2, position=(0.751, 0.948, -0.162), reason=Area 0.005985 below minimum 0.01
[SRD rewrite] added patch=22, position=(-0.643, 0.839, 1.160), improvement=0.008039
[SRD rewrite] added patch=23, position=(-0.792, -0.052, 1.164), improvement=0.006957
[SRD rewrite] added patch=24, position=(0.766, -0.357, 0.778), improvement=0.006916
SRD step 150: evaluated 27 candidates, 21 promising, accepted 7
  Accepted AddPatch at patch 22, improvement=0.008039
  Accepted AddPatch at patch 23, improvement=0.006957
  Accepted AddPatch at patch 24, improvement=0.006916
  Mandatory DeletePatch(2) at patch 2, reason=Area 0.005985 below minimum 0.01
  Mandatory DeletePatch(22) at patch 22, reason=Area 0.002050 below minimum 0.01
  Mandatory DeletePatch(23) at patch 23, reason=Area 0.000677 below minimum 0.01
  Mandatory DeletePatch(24) at patch 24, reason=Area 0.000290 below minimum 0.01
  Total patches: 25, total adds: 9, total deletes: 4
  step 150/2000: loss=0.295679, patches=26
[SRD rewrite] added patch=25, position=(-1.221, 0.006, 1.262), improvement=0.003677
[SRD rewrite] added patch=26, position=(1.321, -0.044, 0.590), improvement=0.003634
[SRD rewrite] added patch=27, position=(0.327, -0.439, 1.064), improvement=0.003120
SRD step 200: evaluated 27 candidates, 19 promising, accepted 3
  Accepted AddPatch at patch 25, improvement=0.003677
  Accepted AddPatch at patch 26, improvement=0.003634
  Accepted AddPatch at patch 27, improvement=0.003120
  Total patches: 28, total adds: 12, total deletes: 4
  step 200/2000: loss=0.226180, patches=25
[SRD rewrite] deleted patch=27, position=(0.382, -0.455, 1.078), reason=Area 0.000181 below minimum 0.01
[SRD rewrite] deleted patch=25, position=(-1.249, 0.006, 1.229), reason=Area 0.008410 below minimum 0.01
[SRD rewrite] added patch=26, position=(-0.599, 0.839, 0.832), improvement=0.002514
[SRD rewrite] added patch=27, position=(1.082, 0.554, 0.973), improvement=0.002127
[SRD rewrite] added patch=28, position=(1.321, 0.066, 0.644), improvement=0.001874
SRD step 250: evaluated 27 candidates, 13 promising, accepted 5
  Accepted AddPatch at patch 26, improvement=0.002514
  Accepted AddPatch at patch 27, improvement=0.002127
  Accepted AddPatch at patch 28, improvement=0.001874
  Mandatory DeletePatch(25) at patch 25, reason=Area 0.008410 below minimum 0.01
  Mandatory DeletePatch(27) at patch 27, reason=Area 0.000181 below minimum 0.01
  Total patches: 29, total adds: 15, total deletes: 6
  step 250/2000: loss=0.188379, patches=28
[SRD rewrite] deleted patch=28, position=(1.325, 0.053, 0.725), reason=Area 0.001397 below minimum 0.01
[SRD rewrite] deleted patch=14, position=(0.713, -0.065, 2.036), reason=Area 0.000881 below minimum 0.01
SRD step 300: evaluated 27 candidates, 0 promising, accepted 2
  Mandatory DeletePatch(14) at patch 14, reason=Area 0.000881 below minimum 0.01
  Mandatory DeletePatch(28) at patch 28, reason=Area 0.001397 below minimum 0.01
  Total patches: 27, total adds: 15, total deletes: 8
  step 300/2000: loss=0.153435, patches=29
[SRD rewrite] deleted patch=5, position=(-0.078, 1.340, 0.276), reason=Area 0.004697 below minimum 0.01
SRD step 350: evaluated 27 candidates, 0 promising, accepted 1
  Mandatory DeletePatch(5) at patch 5, reason=Area 0.004697 below minimum 0.01
  Total patches: 26, total adds: 15, total deletes: 9
  step 350/2000: loss=0.156392, patches=27
SRD step 400: evaluated 27 candidates, 0 promising, accepted 0
  Total patches: 26, total adds: 15, total deletes: 9
  step 400/2000: loss=0.159972, patches=26
SRD step 450: evaluated 27 candidates, 0 promising, accepted 0
  Total patches: 26, total adds: 15, total deletes: 9
  step 450/2000: loss=0.148802, patches=26
[SRD rewrite] split patch=10, children=25,26, improvement=0.003344
SRD step 500: evaluated 27 candidates, 1 promising, accepted 1
  Accepted SplitPatch(10) at patch 10, improvement=0.003344
  Total patches: 27, total adds: 16, total deletes: 9
  step 500/2000: loss=0.138553, patches=26
[SRD rewrite] deleted patch=26, position=(1.720, -0.282, 2.465), reason=Area 0.003613 below minimum 0.01
[SRD rewrite] deleted patch=25, position=(1.749, -0.392, 2.438), reason=Area 0.000716 below minimum 0.01
SRD step 550: evaluated 27 candidates, 0 promising, accepted 2
  Mandatory DeletePatch(25) at patch 25, reason=Area 0.000716 below minimum 0.01
  Mandatory DeletePatch(26) at patch 26, reason=Area 0.003613 below minimum 0.01
  Total patches: 25, total adds: 16, total deletes: 11
  step 550/2000: loss=0.123314, patches=27
[SRD rewrite] deleted patch=18, position=(0.490, -0.566, 1.234), reason=Area 0.009867 below minimum 0.01
[SRD rewrite] deleted patch=0, position=(0.097, -2.329, 0.037), reason=no image contribution, delete has no image effect
SRD step 600: evaluated 27 candidates, 0 promising, accepted 2
  Mandatory DeletePatch(18) at patch 18, reason=Area 0.009867 below minimum 0.01
  Mandatory DeletePatch(0) at patch 0, reason=no image contribution, delete has no image effect
  Total patches: 23, total adds: 16, total deletes: 13
  step 600/2000: loss=0.115405, patches=25
[SRD rewrite] deleted patch=2, position=(0.416, -2.479, -0.408), reason=no image contribution, delete has no image effect
SRD step 650: evaluated 27 candidates, 0 promising, accepted 1
  Mandatory DeletePatch(2) at patch 2, reason=no image contribution, delete has no image effect
  Total patches: 22, total adds: 16, total deletes: 14
  step 650/2000: loss=0.116525, patches=23
SRD step 700: evaluated 27 candidates, 0 promising, accepted 0
  Total patches: 22, total adds: 16, total deletes: 14
  step 700/2000: loss=0.118440, patches=22
SRD step 750: evaluated 27 candidates, 0 promising, accepted 0
  Total patches: 22, total adds: 16, total deletes: 14
  step 750/2000: loss=0.115740, patches=22
SRD step 800: evaluated 27 candidates, 0 promising, accepted 0
  Total patches: 22, total adds: 16, total deletes: 14
  step 800/2000: loss=0.112669, patches=22
[SRD rewrite] deleted patch=14, position=(-0.545, 0.364, 1.332), reason=Area 0.009334 below minimum 0.01
SRD step 850: evaluated 27 candidates, 0 promising, accepted 1
  Mandatory DeletePatch(14) at patch 14, reason=Area 0.009334 below minimum 0.01
  Total patches: 21, total adds: 16, total deletes: 15
  step 850/2000: loss=0.121577, patches=22
[SRD rewrite] deleted patch=19, position=(-0.388, 0.806, 0.786), reason=Area 0.007616 below minimum 0.01
SRD step 900: evaluated 27 candidates, 0 promising, accepted 1
  Mandatory DeletePatch(19) at patch 19, reason=Area 0.007616 below minimum 0.01
  Total patches: 20, total adds: 16, total deletes: 16
  step 900/2000: loss=0.122047, patches=21
SRD step 950: evaluated 27 candidates, 0 promising, accepted 0
  Total patches: 20, total adds: 16, total deletes: 16
  step 950/2000: loss=0.119214, patches=20
[SRD rewrite] deleted patch=13, position=(0.701, -0.130, 1.304), reason=Area 0.009940 below minimum 0.01
[SRD rewrite] deleted patch=7, position=(0.380, -0.642, 2.280), reason=Area 0.006353 below minimum 0.01
SRD step 1000: evaluated 27 candidates, 0 promising, accepted 2
  Mandatory DeletePatch(7) at patch 7, reason=Area 0.006353 below minimum 0.01
  Mandatory DeletePatch(13) at patch 13, reason=Area 0.009940 below minimum 0.01
  Total patches: 18, total adds: 16, total deletes: 18
  step 1000/2000: loss=0.125675, patches=20
SRD step 1050: evaluated 27 candidates, 0 promising, accepted 0
  Total patches: 18, total adds: 16, total deletes: 18
  step 1050/2000: loss=0.132795, patches=18
SRD step 1100: evaluated 27 candidates, 0 promising, accepted 0
  Total patches: 18, total adds: 16, total deletes: 18
  step 1100/2000: loss=0.135565, patches=18
SRD step 1150: evaluated 27 candidates, 0 promising, accepted 0
  Total patches: 18, total adds: 16, total deletes: 18
  step 1150/2000: loss=0.134252, patches=18
SRD step 1200: evaluated 27 candidates, 0 promising, accepted 0
  Total patches: 18, total adds: 16, total deletes: 18
  step 1200/2000: loss=0.128335, patches=18
SRD step 1250: evaluated 27 candidates, 0 promising, accepted 0
  Total patches: 18, total adds: 16, total deletes: 18
  step 1250/2000: loss=0.128536, patches=18
SRD step 1300: evaluated 27 candidates, 0 promising, accepted 0
  Total patches: 18, total adds: 16, total deletes: 18
  step 1300/2000: loss=0.127563, patches=18
SRD step 1350: evaluated 27 candidates, 0 promising, accepted 0
  Total patches: 18, total adds: 16, total deletes: 18
  step 1350/2000: loss=0.127169, patches=18
SRD step 1400: evaluated 27 candidates, 0 promising, accepted 0
  Total patches: 18, total adds: 16, total deletes: 18
  step 1400/2000: loss=0.125646, patches=18
SRD step 1450: evaluated 27 candidates, 0 promising, accepted 0
  Total patches: 18, total adds: 16, total deletes: 18
  step 1450/2000: loss=0.126426, patches=18
SRD step 1500: evaluated 27 candidates, 0 promising, accepted 0
  Total patches: 18, total adds: 16, total deletes: 18
  step 1500/2000: loss=0.126487, patches=18
SRD step 1550: evaluated 27 candidates, 0 promising, accepted 0
  Total patches: 18, total adds: 16, total deletes: 18
  step 1550/2000: loss=0.126363, patches=18
SRD step 1600: evaluated 27 candidates, 0 promising, accepted 0
  Total patches: 18, total adds: 16, total deletes: 18
  step 1600/2000: loss=0.126295, patches=18
SRD step 1650: evaluated 27 candidates, 0 promising, accepted 0
  Total patches: 18, total adds: 16, total deletes: 18
  step 1650/2000: loss=0.125656, patches=18
SRD step 1700: evaluated 27 candidates, 0 promising, accepted 0
  Total patches: 18, total adds: 16, total deletes: 18
  step 1700/2000: loss=0.125438, patches=18
SRD step 1750: evaluated 27 candidates, 0 promising, accepted 0
  Total patches: 18, total adds: 16, total deletes: 18
  step 1750/2000: loss=0.122927, patches=18
[SRD rewrite] deleted patch=12, position=(-0.471, 0.516, 1.410), reason=Area 0.006027 below minimum 0.01
SRD step 1800: evaluated 27 candidates, 0 promising, accepted 1
  Mandatory DeletePatch(12) at patch 12, reason=Area 0.006027 below minimum 0.01
  Total patches: 17, total adds: 16, total deletes: 19
  step 1800/2000: loss=0.122843, patches=18
SRD step 1850: evaluated 27 candidates, 0 promising, accepted 0
  Total patches: 17, total adds: 16, total deletes: 19
  step 1850/2000: loss=0.118078, patches=17
SRD step 1900: evaluated 27 candidates, 0 promising, accepted 0
  Total patches: 17, total adds: 16, total deletes: 19
  step 1900/2000: loss=0.116503, patches=17
SRD step 1950: evaluated 27 candidates, 0 promising, accepted 0
  Total patches: 17, total adds: 16, total deletes: 19
  step 1950/2000: loss=0.116361, patches=17
[SRD rewrite] deleted patch=8, position=(-0.140, 0.853, 0.424), reason=Area 0.005375 below minimum 0.01
[SRD rewrite] deleted patch=4, position=(0.206, 0.698, 1.256), reason=Area 0.002369 below minimum 0.01
SRD step 2000: evaluated 27 candidates, 0 promising, accepted 2
  Mandatory DeletePatch(4) at patch 4, reason=Area 0.002369 below minimum 0.01
  Mandatory DeletePatch(8) at patch 8, reason=Area 0.005375 below minimum 0.01
  Total patches: 15, total adds: 16, total deletes: 21
  step 2000/2000: loss=0.118399, patches=17
[Trial 2] done: loss=0.118248, time=8142.9s
[Trial 3/3] seed=2
[SRD rewrite] added patch=20, position=(0.358, -0.279, 1.317), improvement=0.026019
[SRD rewrite] added patch=21, position=(0.225, -0.359, 0.911), improvement=0.025905
[SRD rewrite] added patch=22, position=(-0.270, -0.504, 1.024), improvement=0.025090
SRD step 50: evaluated 27 candidates, 27 promising, accepted 3
  Accepted AddPatch at patch 20, improvement=0.026019
  Accepted AddPatch at patch 21, improvement=0.025905
  Accepted AddPatch at patch 22, improvement=0.025090
  Total patches: 23, total adds: 3, total deletes: 0
  step 50/2000: loss=0.443043, patches=20
[SRD rewrite] added patch=23, position=(-0.684, -0.935, 0.974), improvement=0.011670
[SRD rewrite] added patch=24, position=(-0.018, -0.444, 1.348), improvement=0.011297
[SRD rewrite] added patch=25, position=(0.416, -0.420, 0.947), improvement=0.011166
SRD step 100: evaluated 27 candidates, 25 promising, accepted 3
  Accepted AddPatch at patch 23, improvement=0.011670
  Accepted AddPatch at patch 24, improvement=0.011297
  Accepted AddPatch at patch 25, improvement=0.011166
  Total patches: 26, total adds: 6, total deletes: 0
  step 100/2000: loss=0.297003, patches=23
[SRD rewrite] added patch=26, position=(-0.618, -0.896, 1.114), improvement=0.006718
[SRD rewrite] added patch=27, position=(-0.523, -0.463, 0.683), improvement=0.006412
[SRD rewrite] added patch=28, position=(-1.360, -0.034, 0.974), improvement=0.005856
SRD step 150: evaluated 27 candidates, 21 promising, accepted 3
  Accepted AddPatch at patch 26, improvement=0.006718
  Accepted AddPatch at patch 27, improvement=0.006412
  Accepted AddPatch at patch 28, improvement=0.005856
  Total patches: 29, total adds: 9, total deletes: 0
  step 150/2000: loss=0.211829, patches=26
[SRD rewrite] deleted patch=28, position=(-1.361, -0.013, 0.977), reason=Area 0.009055 below minimum 0.01
SRD step 200: evaluated 27 candidates, 0 promising, accepted 1
  Mandatory DeletePatch(28) at patch 28, reason=Area 0.009055 below minimum 0.01
  Total patches: 28, total adds: 9, total deletes: 1
  step 200/2000: loss=0.168235, patches=29
[SRD rewrite] deleted patch=26, position=(-0.631, -0.867, 1.282), reason=Area 0.008026 below minimum 0.01
[SRD rewrite] deleted patch=24, position=(-0.162, -0.268, 1.421), reason=Area 0.007885 below minimum 0.01
[SRD rewrite] deleted patch=20, position=(0.470, -0.111, 1.320), reason=Area 0.007028 below minimum 0.01
SRD step 250: evaluated 27 candidates, 0 promising, accepted 3
  Mandatory DeletePatch(20) at patch 20, reason=Area 0.007028 below minimum 0.01
  Mandatory DeletePatch(24) at patch 24, reason=Area 0.007885 below minimum 0.01
  Mandatory DeletePatch(26) at patch 26, reason=Area 0.008026 below minimum 0.01
  Total patches: 25, total adds: 9, total deletes: 4
  step 250/2000: loss=0.157021, patches=28
SRD step 300: evaluated 27 candidates, 0 promising, accepted 0
  Total patches: 25, total adds: 9, total deletes: 4
  step 300/2000: loss=0.145235, patches=25
SRD step 350: evaluated 27 candidates, 0 promising, accepted 0
  Total patches: 25, total adds: 9, total deletes: 4
  step 350/2000: loss=0.135488, patches=25
SRD step 400: evaluated 27 candidates, 0 promising, accepted 0
  Total patches: 25, total adds: 9, total deletes: 4
  step 400/2000: loss=0.136115, patches=25
[SRD rewrite] deleted patch=21, position=(-0.476, -0.474, 1.412), reason=Area 0.009983 below minimum 0.01
SRD step 450: evaluated 27 candidates, 0 promising, accepted 1
  Mandatory DeletePatch(21) at patch 21, reason=Area 0.009983 below minimum 0.01
  Total patches: 24, total adds: 9, total deletes: 5
  step 450/2000: loss=0.135134, patches=25
SRD step 500: evaluated 27 candidates, 0 promising, accepted 0
  Total patches: 24, total adds: 9, total deletes: 5
  step 500/2000: loss=0.130270, patches=24
SRD step 550: evaluated 27 candidates, 0 promising, accepted 0
  Total patches: 24, total adds: 9, total deletes: 5
  step 550/2000: loss=0.130307, patches=24
SRD step 600: evaluated 27 candidates, 0 promising, accepted 0
  Total patches: 24, total adds: 9, total deletes: 5
  step 600/2000: loss=0.129063, patches=24
SRD step 650: evaluated 27 candidates, 0 promising, accepted 0
  Total patches: 24, total adds: 9, total deletes: 5
  step 650/2000: loss=0.130792, patches=24
SRD step 700: evaluated 27 candidates, 0 promising, accepted 0
  Total patches: 24, total adds: 9, total deletes: 5
  step 700/2000: loss=0.130794, patches=24
SRD step 750: evaluated 27 candidates, 0 promising, accepted 0
  Total patches: 24, total adds: 9, total deletes: 5
  step 750/2000: loss=0.130607, patches=24
SRD step 800: evaluated 27 candidates, 0 promising, accepted 0
  Total patches: 24, total adds: 9, total deletes: 5
  step 800/2000: loss=0.126201, patches=24
SRD step 850: evaluated 27 candidates, 0 promising, accepted 0
  Total patches: 24, total adds: 9, total deletes: 5
  step 850/2000: loss=0.131583, patches=24
SRD step 900: evaluated 27 candidates, 0 promising, accepted 0
  Total patches: 24, total adds: 9, total deletes: 5
  step 900/2000: loss=0.127420, patches=24
SRD step 950: evaluated 27 candidates, 0 promising, accepted 0
  Total patches: 24, total adds: 9, total deletes: 5
  step 950/2000: loss=0.127174, patches=24
SRD step 1000: evaluated 27 candidates, 0 promising, accepted 0
  Total patches: 24, total adds: 9, total deletes: 5
  step 1000/2000: loss=0.130246, patches=24
SRD step 1050: evaluated 27 candidates, 0 promising, accepted 0
  Total patches: 24, total adds: 9, total deletes: 5
  step 1050/2000: loss=0.128661, patches=24
SRD step 1100: evaluated 27 candidates, 0 promising, accepted 0
  Total patches: 24, total adds: 9, total deletes: 5
  step 1100/2000: loss=0.127718, patches=24
SRD step 1150: evaluated 27 candidates, 0 promising, accepted 0
  Total patches: 24, total adds: 9, total deletes: 5
  step 1150/2000: loss=0.128021, patches=24
SRD step 1200: evaluated 27 candidates, 0 promising, accepted 0
  Total patches: 24, total adds: 9, total deletes: 5
  step 1200/2000: loss=0.128453, patches=24
SRD step 1250: evaluated 27 candidates, 0 promising, accepted 0
  Total patches: 24, total adds: 9, total deletes: 5
  step 1250/2000: loss=0.133259, patches=24
SRD step 1300: evaluated 27 candidates, 0 promising, accepted 0
  Total patches: 24, total adds: 9, total deletes: 5
  step 1300/2000: loss=0.130360, patches=24
SRD step 1350: evaluated 27 candidates, 0 promising, accepted 0
  Total patches: 24, total adds: 9, total deletes: 5
  step 1350/2000: loss=0.132101, patches=24
SRD step 1400: evaluated 27 candidates, 0 promising, accepted 0
  Total patches: 24, total adds: 9, total deletes: 5
  step 1400/2000: loss=0.131863, patches=24
SRD step 1450: evaluated 27 candidates, 0 promising, accepted 0
  Total patches: 24, total adds: 9, total deletes: 5
  step 1450/2000: loss=0.127747, patches=24
SRD step 1500: evaluated 27 candidates, 0 promising, accepted 0
  Total patches: 24, total adds: 9, total deletes: 5
  step 1500/2000: loss=0.131968, patches=24
SRD step 1550: evaluated 27 candidates, 0 promising, accepted 0
  Total patches: 24, total adds: 9, total deletes: 5
  step 1550/2000: loss=0.130463, patches=24
SRD step 1600: evaluated 27 candidates, 0 promising, accepted 0
  Total patches: 24, total adds: 9, total deletes: 5
  step 1600/2000: loss=0.130387, patches=24
SRD step 1650: evaluated 27 candidates, 0 promising, accepted 0
  Total patches: 24, total adds: 9, total deletes: 5
  step 1650/2000: loss=0.130172, patches=24
SRD step 1700: evaluated 27 candidates, 0 promising, accepted 0
  Total patches: 24, total adds: 9, total deletes: 5
  step 1700/2000: loss=0.128823, patches=24
[SRD rewrite] deleted patch=15, position=(-2.038, 2.478, 0.624), reason=Area 0.008656 below minimum 0.01
SRD step 1750: evaluated 27 candidates, 0 promising, accepted 1
  Mandatory DeletePatch(15) at patch 15, reason=Area 0.008656 below minimum 0.01
  Total patches: 23, total adds: 9, total deletes: 6
  step 1750/2000: loss=0.129564, patches=24
SRD step 1800: evaluated 27 candidates, 0 promising, accepted 0
  Total patches: 23, total adds: 9, total deletes: 6
  step 1800/2000: loss=0.125887, patches=23
[SRD rewrite] deleted patch=6, position=(-0.097, 0.750, 0.127), reason=Area 0.008962 below minimum 0.01
SRD step 1850: evaluated 27 candidates, 0 promising, accepted 1
  Mandatory DeletePatch(6) at patch 6, reason=Area 0.008962 below minimum 0.01
  Total patches: 22, total adds: 9, total deletes: 7
  step 1850/2000: loss=0.126868, patches=23
SRD step 1900: evaluated 27 candidates, 0 promising, accepted 0
  Total patches: 22, total adds: 9, total deletes: 7
  step 1900/2000: loss=0.128933, patches=22
SRD step 1950: evaluated 27 candidates, 0 promising, accepted 0
  Total patches: 22, total adds: 9, total deletes: 7
  step 1950/2000: loss=0.128596, patches=22
SRD step 2000: evaluated 27 candidates, 0 promising, accepted 0
  Total patches: 22, total adds: 9, total deletes: 7
  step 2000/2000: loss=0.127285, patches=22
[SRD rewrite] deleted patch=10, position=(-1.482, -0.147, 2.459), reason=final deletion pass improved loss
[Trial 3] done: loss=0.103901, time=9488.6s
[Run] report written to results/slurm/20260718_1833/comparison_sun_moon_srd/output.txt
