## SLURM PROLOG ###############################################################
##    Job ID : 4080000
##  Job Name : 20260718_0340_patchsize_acm_scf_20
##  Nodelist : gpu2604
##      CPUs : 
##  Mem/Node : 128000 MB
## Directory : /oscar/home/cjmok/automated-perspective-sculptor
##   Job Started : Sat Jul 18 03:43:58 AM EDT 2026
###############################################################################
[Swept volume] building (resolution=256)...
[Run] mode=full, trials=3, seeds=[0, 1, 2], steps=1000, srd=True, ablation_flags={'disable_swept_volume_adds': False, 'loss_only_deletion': False, 'disable_splitting': False}
[Trial 1/3] seed=0
[Patch] mapbox-earcut is not installed; falling back to fan fill, so non-convex pieces will render incorrectly. Install it with: pip install mapbox-earcut
[SRD rewrite] split patch=4, children=19,20, improvement=0.010687
[SRD rewrite] added patch=21, position=(1.767, 0.990, -0.327), improvement=0.007834
SRD step 50: evaluated 27 candidates, 27 promising, accepted 3
  Accepted SplitPatch(4) at patch 4, improvement=0.010687
  Accepted SplitPatch(0) at patch 0, improvement=0.007885
  Accepted AddPatch at patch 21, improvement=0.007834
  Total patches: 22, total adds: 2, total deletes: 0
  step 50/1000: loss=0.670797, patches=20
[SRD rewrite] deleted patch=20, position=(-2.396, -0.685, -1.010), reason=Area 0.002159 below minimum 0.01
[SRD rewrite] deleted patch=19, position=(-2.460, -0.565, -1.027), reason=Area 0.000974 below minimum 0.01
[SRD rewrite] added patch=20, position=(1.262, -0.821, 0.751), improvement=0.012178
[SRD rewrite] added patch=21, position=(0.658, 0.695, 0.763), improvement=0.011109
[SRD rewrite] added patch=22, position=(-0.398, -0.888, 1.337), improvement=0.010557
SRD step 100: evaluated 27 candidates, 27 promising, accepted 5
  Accepted AddPatch at patch 20, improvement=0.012178
  Accepted AddPatch at patch 21, improvement=0.011109
  Accepted AddPatch at patch 22, improvement=0.010557
  Mandatory DeletePatch(19) at patch 19, reason=Area 0.000974 below minimum 0.01
  Mandatory DeletePatch(20) at patch 20, reason=Area 0.002159 below minimum 0.01
  Total patches: 23, total adds: 5, total deletes: 2
  step 100/1000: loss=0.568598, patches=22
[SRD rewrite] split patch=2, children=22,23, improvement=0.009327
[SRD rewrite] added patch=24, position=(0.674, 0.513, -0.248), improvement=0.008835
[SRD rewrite] added patch=25, position=(-0.483, 1.519, -2.058), improvement=0.007964
SRD step 150: evaluated 27 candidates, 21 promising, accepted 3
  Accepted SplitPatch(2) at patch 2, improvement=0.009327
  Accepted AddPatch at patch 24, improvement=0.008835
  Accepted AddPatch at patch 25, improvement=0.007964
  Total patches: 26, total adds: 8, total deletes: 2
  step 150/1000: loss=0.509120, patches=23
[SRD rewrite] deleted patch=23, position=(0.352, -0.807, 1.552), reason=Area 0.001009 below minimum 0.01
[SRD rewrite] deleted patch=22, position=(0.475, -0.910, 1.625), reason=Area 0.006557 below minimum 0.01
[SRD rewrite] split patch=10, children=23,24, improvement=0.006027
[SRD rewrite] added patch=25, position=(0.154, 1.086, -0.724), improvement=0.005578
[SRD rewrite] added patch=26, position=(-0.494, -0.050, 0.774), improvement=0.005007
SRD step 200: evaluated 27 candidates, 19 promising, accepted 5
  Accepted SplitPatch(10) at patch 10, improvement=0.006027
  Accepted AddPatch at patch 25, improvement=0.005578
  Accepted AddPatch at patch 26, improvement=0.005007
  Mandatory DeletePatch(22) at patch 22, reason=Area 0.006557 below minimum 0.01
  Mandatory DeletePatch(23) at patch 23, reason=Area 0.001009 below minimum 0.01
  Total patches: 27, total adds: 11, total deletes: 4
  step 200/1000: loss=0.457424, patches=26
[SRD rewrite] deleted patch=24, position=(2.337, -0.049, -0.912), reason=Area 0.001175 below minimum 0.01
[SRD rewrite] deleted patch=23, position=(2.389, -0.193, -0.873), reason=Area 0.006290 below minimum 0.01
[SRD rewrite] deleted patch=10, position=(-1.884, 0.913, 0.978), reason=Area 0.008025 below minimum 0.01
[SRD rewrite] added patch=24, position=(0.750, 1.074, -0.434), improvement=0.009665
SRD step 250: evaluated 27 candidates, 23 promising, accepted 6
  Accepted AddPatch at patch 24, improvement=0.009665
  Accepted SplitPatch(6) at patch 6, improvement=0.008956
  Accepted SplitPatch(15) at patch 15, improvement=0.008956
  Mandatory DeletePatch(10) at patch 10, reason=Area 0.008025 below minimum 0.01
  Mandatory DeletePatch(23) at patch 23, reason=Area 0.006290 below minimum 0.01
  Mandatory DeletePatch(24) at patch 24, reason=Area 0.001175 below minimum 0.01
  Total patches: 25, total adds: 12, total deletes: 7
  step 250/1000: loss=0.421629, patches=27
[SRD rewrite] deleted patch=19, position=(-0.432, -0.851, 1.209), reason=delete has no image effect
SRD step 300: evaluated 27 candidates, 0 promising, accepted 1
  Mandatory DeletePatch(19) at patch 19, reason=delete has no image effect
  Total patches: 24, total adds: 12, total deletes: 8
  step 300/1000: loss=0.382486, patches=25
[SRD rewrite] deleted patch=18, position=(0.772, 0.804, 0.604), reason=Area 0.008583 below minimum 0.01
SRD step 350: evaluated 27 candidates, 0 promising, accepted 1
  Mandatory DeletePatch(18) at patch 18, reason=Area 0.008583 below minimum 0.01
  Total patches: 23, total adds: 12, total deletes: 9
  step 350/1000: loss=0.365737, patches=24
SRD step 400: evaluated 27 candidates, 0 promising, accepted 0
  Total patches: 23, total adds: 12, total deletes: 9
  step 400/1000: loss=0.357027, patches=23
SRD step 450: evaluated 27 candidates, 0 promising, accepted 0
  Total patches: 23, total adds: 12, total deletes: 9
  step 450/1000: loss=0.349185, patches=23
SRD step 500: evaluated 27 candidates, 0 promising, accepted 0
  Total patches: 23, total adds: 12, total deletes: 9
  step 500/1000: loss=0.342173, patches=23
SRD step 550: evaluated 27 candidates, 0 promising, accepted 0
  Total patches: 23, total adds: 12, total deletes: 9
  step 550/1000: loss=0.333464, patches=23
SRD step 600: evaluated 27 candidates, 0 promising, accepted 0
  Total patches: 23, total adds: 12, total deletes: 9
  step 600/1000: loss=0.333258, patches=23
SRD step 650: evaluated 27 candidates, 0 promising, accepted 0
  Total patches: 23, total adds: 12, total deletes: 9
  step 650/1000: loss=0.326033, patches=23
[SRD rewrite] added patch=23, position=(0.093, 0.581, 0.461), improvement=0.001860
[SRD rewrite] added patch=24, position=(0.152, 0.936, -1.006), improvement=0.001090
[SRD rewrite] restored patch=25, position=(-0.432, -0.851, 1.209), improvement=0.001084
SRD step 700: evaluated 27 candidates, 5 promising, accepted 3
  Accepted AddPatch at patch 23, improvement=0.001860
  Accepted AddPatch at patch 24, improvement=0.001090
  Accepted RestorePatch(10) at patch 25, improvement=0.001084
  Total patches: 26, total adds: 15, total deletes: 9
  step 700/1000: loss=0.330934, patches=23
[SRD rewrite] deleted patch=24, position=(0.194, 0.944, -1.074), reason=Area 0.009535 below minimum 0.01
SRD step 750: evaluated 27 candidates, 0 promising, accepted 1
  Mandatory DeletePatch(24) at patch 24, reason=Area 0.009535 below minimum 0.01
  Total patches: 25, total adds: 15, total deletes: 10
  step 750/1000: loss=0.307731, patches=26
[SRD rewrite] deleted patch=24, position=(-0.425, -0.777, 1.224), reason=delete has no image effect
SRD step 800: evaluated 27 candidates, 0 promising, accepted 1
  Mandatory DeletePatch(24) at patch 24, reason=delete has no image effect
  Total patches: 24, total adds: 15, total deletes: 11
  step 800/1000: loss=0.311709, patches=25
SRD step 850: evaluated 27 candidates, 0 promising, accepted 0
  Total patches: 24, total adds: 15, total deletes: 11
  step 850/1000: loss=0.310919, patches=24
SRD step 900: evaluated 27 candidates, 0 promising, accepted 0
  Total patches: 24, total adds: 15, total deletes: 11
  step 900/1000: loss=0.306687, patches=24
[SRD rewrite] deleted patch=2, position=(-2.272, -0.564, -0.932), reason=Area 0.005530 below minimum 0.01
SRD step 950: evaluated 27 candidates, 0 promising, accepted 1
  Mandatory DeletePatch(2) at patch 2, reason=Area 0.005530 below minimum 0.01
  Total patches: 23, total adds: 15, total deletes: 12
  step 950/1000: loss=0.309585, patches=24
SRD step 1000: evaluated 27 candidates, 0 promising, accepted 0
  Total patches: 23, total adds: 15, total deletes: 12
  step 1000/1000: loss=0.309552, patches=23
[SRD rewrite] deleted patch=7, position=(-1.582, -0.981, 2.110), reason=final deletion pass improved loss
[SRD rewrite] deleted patch=20, position=(0.639, 0.835, -0.825), reason=final deletion pass improved loss
[Trial 1] done: loss=0.297690, time=4522.1s
[Trial 2/3] seed=1
[SRD rewrite] split patch=10, children=19,20, improvement=0.012246
[SRD rewrite] added patch=21, position=(0.795, 1.007, -0.602), improvement=0.009931
[SRD rewrite] added patch=22, position=(1.457, -0.522, -0.429), improvement=0.009920
SRD step 50: evaluated 27 candidates, 22 promising, accepted 3
  Accepted SplitPatch(10) at patch 10, improvement=0.012246
  Accepted AddPatch at patch 21, improvement=0.009931
  Accepted AddPatch at patch 22, improvement=0.009920
  Total patches: 23, total adds: 3, total deletes: 0
  step 50/1000: loss=0.697074, patches=20
[SRD rewrite] deleted patch=20, position=(-0.820, 0.149, 2.310), reason=Area 0.001183 below minimum 0.01
[SRD rewrite] deleted patch=19, position=(-1.000, 0.152, 2.182), reason=Area 0.003333 below minimum 0.01
[SRD rewrite] added patch=21, position=(0.859, 0.537, 0.426), improvement=0.007927
[SRD rewrite] added patch=22, position=(-1.768, -0.478, -1.225), improvement=0.007583
[SRD rewrite] added patch=23, position=(-1.311, 0.890, 1.008), improvement=0.007364
SRD step 100: evaluated 27 candidates, 27 promising, accepted 5
  Accepted AddPatch at patch 21, improvement=0.007927
  Accepted AddPatch at patch 22, improvement=0.007583
  Accepted AddPatch at patch 23, improvement=0.007364
  Mandatory DeletePatch(19) at patch 19, reason=Area 0.003333 below minimum 0.01
  Mandatory DeletePatch(20) at patch 20, reason=Area 0.001183 below minimum 0.01
  Total patches: 24, total adds: 6, total deletes: 2
  step 100/1000: loss=0.594190, patches=23
[SRD rewrite] split patch=12, children=23,24, improvement=0.005981
[SRD rewrite] added patch=25, position=(0.404, -0.110, 1.863), improvement=0.006250
[SRD rewrite] added patch=26, position=(0.975, -0.170, 1.467), improvement=0.005259
SRD step 150: evaluated 27 candidates, 24 promising, accepted 3
  Accepted AddPatch at patch 25, improvement=0.006250
  Accepted SplitPatch(12) at patch 12, improvement=0.005981
  Accepted AddPatch at patch 26, improvement=0.005259
  Total patches: 27, total adds: 9, total deletes: 2
  step 150/1000: loss=0.538659, patches=24
[SRD rewrite] deleted patch=25, position=(0.350, -0.169, 1.814), reason=Area 0.007191 below minimum 0.01
[SRD rewrite] deleted patch=23, position=(0.605, 0.096, 1.940), reason=Area 0.005137 below minimum 0.01
[SRD rewrite] deleted patch=20, position=(0.824, 0.552, 0.588), reason=Area 0.003587 below minimum 0.01
[SRD rewrite] added patch=24, position=(1.396, 0.141, 1.075), improvement=0.004543
[SRD rewrite] added patch=25, position=(0.108, -0.763, 2.275), improvement=0.003852
[SRD rewrite] added patch=26, position=(1.321, -0.319, -0.955), improvement=0.003617
SRD step 200: evaluated 27 candidates, 24 promising, accepted 6
  Accepted AddPatch at patch 24, improvement=0.004543
  Accepted AddPatch at patch 25, improvement=0.003852
  Accepted AddPatch at patch 26, improvement=0.003617
  Mandatory DeletePatch(20) at patch 20, reason=Area 0.003587 below minimum 0.01
  Mandatory DeletePatch(23) at patch 23, reason=Area 0.005137 below minimum 0.01
  Mandatory DeletePatch(25) at patch 25, reason=Area 0.007191 below minimum 0.01
  Total patches: 27, total adds: 12, total deletes: 5
  step 200/1000: loss=0.500822, patches=27
[SRD rewrite] deleted patch=25, position=(0.030, -0.769, 2.157), reason=Area 0.004497 below minimum 0.01
[SRD rewrite] added patch=26, position=(0.026, 0.658, 0.691), improvement=0.002536
[SRD rewrite] added patch=27, position=(-0.652, 0.122, -1.162), improvement=0.001848
SRD step 250: evaluated 27 candidates, 21 promising, accepted 4
  Accepted AddPatch at patch 26, improvement=0.002536
  Accepted AddPatch at patch 27, improvement=0.001848
  Accepted SplitPatch(10) at patch 10, improvement=0.001741
  Mandatory DeletePatch(25) at patch 25, reason=Area 0.004497 below minimum 0.01
  Total patches: 28, total adds: 14, total deletes: 6
  step 250/1000: loss=0.451245, patches=27
[SRD rewrite] deleted patch=27, position=(-0.672, 0.227, -1.290), reason=Area 0.007686 below minimum 0.01
[SRD rewrite] deleted patch=26, position=(0.136, 0.602, 0.628), reason=Area 0.005598 below minimum 0.01
[SRD rewrite] deleted patch=2, position=(1.188, -0.511, 2.111), reason=Area 0.009463 below minimum 0.01
[SRD rewrite] added patch=25, position=(0.067, -1.061, 0.749), improvement=0.002092
[SRD rewrite] added patch=26, position=(-0.534, 0.061, 1.057), improvement=0.001856
[SRD rewrite] added patch=27, position=(1.371, -0.307, -0.939), improvement=0.001684
SRD step 300: evaluated 27 candidates, 13 promising, accepted 6
  Accepted AddPatch at patch 25, improvement=0.002092
  Accepted AddPatch at patch 26, improvement=0.001856
  Accepted AddPatch at patch 27, improvement=0.001684
  Mandatory DeletePatch(2) at patch 2, reason=Area 0.009463 below minimum 0.01
  Mandatory DeletePatch(26) at patch 26, reason=Area 0.005598 below minimum 0.01
  Mandatory DeletePatch(27) at patch 27, reason=Area 0.007686 below minimum 0.01
  Total patches: 28, total adds: 17, total deletes: 9
  step 300/1000: loss=0.411462, patches=28
[SRD rewrite] deleted patch=21, position=(0.698, 0.070, 2.237), reason=Area 0.009569 below minimum 0.01
SRD step 350: evaluated 27 candidates, 26 promising, accepted 4
  Accepted SplitPatch(8) at patch 8, improvement=0.011214
  Accepted SplitPatch(10) at patch 10, improvement=0.011214
  Accepted SplitPatch(6) at patch 6, improvement=0.011214
  Mandatory DeletePatch(21) at patch 21, reason=Area 0.009569 below minimum 0.01
  Total patches: 27, total adds: 17, total deletes: 10
  step 350/1000: loss=0.369389, patches=28
[SRD rewrite] deleted patch=12, position=(-0.646, -0.541, -1.044), reason=Area 0.004043 below minimum 0.01
SRD step 400: evaluated 27 candidates, 0 promising, accepted 1
  Mandatory DeletePatch(12) at patch 12, reason=Area 0.004043 below minimum 0.01
  Total patches: 26, total adds: 17, total deletes: 11
  step 400/1000: loss=0.339274, patches=27
[SRD rewrite] restored patch=26, position=(-0.820, 0.149, 2.310), improvement=0.000770
[SRD rewrite] added patch=27, position=(1.748, 0.603, -0.219), improvement=0.000636
[SRD rewrite] added patch=28, position=(-1.369, -0.087, -2.421), improvement=0.000566
SRD step 450: evaluated 27 candidates, 13 promising, accepted 3
  Accepted RestorePatch(1) at patch 26, improvement=0.000770
  Accepted AddPatch at patch 27, improvement=0.000636
  Accepted AddPatch at patch 28, improvement=0.000566
  Total patches: 29, total adds: 20, total deletes: 11
  step 450/1000: loss=0.342686, patches=26
[SRD rewrite] deleted patch=26, position=(-0.780, 0.033, 2.438), reason=Area 0.003315 below minimum 0.01
SRD step 500: evaluated 27 candidates, 0 promising, accepted 1
  Mandatory DeletePatch(26) at patch 26, reason=Area 0.003315 below minimum 0.01
  Total patches: 28, total adds: 20, total deletes: 12
  step 500/1000: loss=0.323089, patches=29
SRD step 550: evaluated 27 candidates, 0 promising, accepted 0
  Total patches: 28, total adds: 20, total deletes: 12
  step 550/1000: loss=0.309172, patches=28
[SRD rewrite] deleted patch=13, position=(-1.883, 0.161, 1.477), reason=Area 0.009104 below minimum 0.01
SRD step 600: evaluated 27 candidates, 0 promising, accepted 1
  Mandatory DeletePatch(13) at patch 13, reason=Area 0.009104 below minimum 0.01
  Total patches: 27, total adds: 20, total deletes: 13
  step 600/1000: loss=0.320979, patches=28
[SRD rewrite] deleted patch=21, position=(1.087, -0.433, -1.161), reason=Area 0.009447 below minimum 0.01
SRD step 650: evaluated 27 candidates, 0 promising, accepted 1
  Mandatory DeletePatch(21) at patch 21, reason=Area 0.009447 below minimum 0.01
  Total patches: 26, total adds: 20, total deletes: 14
  step 650/1000: loss=0.315692, patches=27
SRD step 700: evaluated 27 candidates, 0 promising, accepted 0
  Total patches: 26, total adds: 20, total deletes: 14
  step 700/1000: loss=0.308879, patches=26
SRD step 750: evaluated 27 candidates, 0 promising, accepted 0
  Total patches: 26, total adds: 20, total deletes: 14
  step 750/1000: loss=0.301793, patches=26
[SRD rewrite] deleted patch=7, position=(0.322, 0.779, 1.808), reason=Area 0.003858 below minimum 0.01
[SRD rewrite] added patch=25, position=(0.067, 0.850, 0.944), improvement=0.000114
[SRD rewrite] added patch=26, position=(0.050, 0.818, 0.967), improvement=0.000100
SRD step 800: evaluated 27 candidates, 2 promising, accepted 3
  Accepted AddPatch at patch 25, improvement=0.000114
  Accepted AddPatch at patch 26, improvement=0.000100
  Mandatory DeletePatch(7) at patch 7, reason=Area 0.003858 below minimum 0.01
  Total patches: 27, total adds: 22, total deletes: 15
  step 800/1000: loss=0.296018, patches=26
[SRD rewrite] deleted patch=26, position=(0.133, 0.782, 0.958), reason=Area 0.004557 below minimum 0.01
SRD step 850: evaluated 27 candidates, 0 promising, accepted 1
  Mandatory DeletePatch(26) at patch 26, reason=Area 0.004557 below minimum 0.01
  Total patches: 26, total adds: 22, total deletes: 16
  step 850/1000: loss=0.283674, patches=27
SRD step 900: evaluated 27 candidates, 0 promising, accepted 0
  Total patches: 26, total adds: 22, total deletes: 16
  step 900/1000: loss=0.277099, patches=26
[SRD rewrite] deleted patch=3, position=(-1.898, 0.038, -1.565), reason=Area 0.006424 below minimum 0.01
SRD step 950: evaluated 27 candidates, 0 promising, accepted 1
  Mandatory DeletePatch(3) at patch 3, reason=Area 0.006424 below minimum 0.01
  Total patches: 25, total adds: 22, total deletes: 17
  step 950/1000: loss=0.271334, patches=26
SRD step 1000: evaluated 27 candidates, 0 promising, accepted 0
  Total patches: 25, total adds: 22, total deletes: 17
  step 1000/1000: loss=0.263521, patches=25
[SRD rewrite] deleted patch=1, position=(0.592, -0.998, 2.336), reason=final deletion pass improved loss
[Trial 2] done: loss=0.258395, time=5004.6s
[Trial 3/3] seed=2
[SRD rewrite] split patch=15, children=19,20, improvement=0.017131
[SRD rewrite] added patch=21, position=(1.393, -0.064, 0.539), improvement=0.017050
[SRD rewrite] added patch=22, position=(0.056, -0.698, -0.422), improvement=0.016557
SRD step 50: evaluated 27 candidates, 27 promising, accepted 3
  Accepted SplitPatch(15) at patch 15, improvement=0.017131
  Accepted AddPatch at patch 21, improvement=0.017050
  Accepted AddPatch at patch 22, improvement=0.016557
  Total patches: 23, total adds: 3, total deletes: 0
  step 50/1000: loss=0.676059, patches=20
[SRD rewrite] deleted patch=20, position=(-2.196, 1.092, 0.210), reason=Area 0.002238 below minimum 0.01
[SRD rewrite] deleted patch=19, position=(-2.147, 1.222, 0.194), reason=Area 0.003678 below minimum 0.01
[SRD rewrite] added patch=21, position=(0.105, 0.592, -0.267), improvement=0.008232
[SRD rewrite] added patch=22, position=(-0.622, -0.007, -0.868), improvement=0.007963
[SRD rewrite] added patch=23, position=(-0.664, -0.363, -1.411), improvement=0.007897
SRD step 100: evaluated 27 candidates, 27 promising, accepted 5
  Accepted AddPatch at patch 21, improvement=0.008232
  Accepted AddPatch at patch 22, improvement=0.007963
  Accepted AddPatch at patch 23, improvement=0.007897
  Mandatory DeletePatch(19) at patch 19, reason=Area 0.003678 below minimum 0.01
  Mandatory DeletePatch(20) at patch 20, reason=Area 0.002238 below minimum 0.01
  Total patches: 24, total adds: 6, total deletes: 2
  step 100/1000: loss=0.577144, patches=23
[SRD rewrite] added patch=24, position=(0.693, 0.217, 1.268), improvement=0.010280
[SRD rewrite] added patch=25, position=(-0.357, -1.153, -0.438), improvement=0.009664
[SRD rewrite] restored patch=26, position=(-2.196, 1.092, 0.210), improvement=0.007938
SRD step 150: evaluated 27 candidates, 22 promising, accepted 3
  Accepted AddPatch at patch 24, improvement=0.010280
  Accepted AddPatch at patch 25, improvement=0.009664
  Accepted RestorePatch(1) at patch 26, improvement=0.007938
  Total patches: 27, total adds: 9, total deletes: 2
  step 150/1000: loss=0.502503, patches=24
[SRD rewrite] deleted patch=26, position=(-2.322, 1.113, 0.338), reason=Area 0.000440 below minimum 0.01
[SRD rewrite] added patch=26, position=(0.879, 0.833, -0.932), improvement=0.007014
[SRD rewrite] added patch=27, position=(0.066, 1.064, -0.884), improvement=0.006566
[SRD rewrite] added patch=28, position=(0.497, -1.060, -1.272), improvement=0.006156
SRD step 200: evaluated 27 candidates, 24 promising, accepted 4
  Accepted AddPatch at patch 26, improvement=0.007014
  Accepted AddPatch at patch 27, improvement=0.006566
  Accepted AddPatch at patch 28, improvement=0.006156
  Mandatory DeletePatch(26) at patch 26, reason=Area 0.000440 below minimum 0.01
  Total patches: 29, total adds: 12, total deletes: 3
  step 200/1000: loss=0.433450, patches=27
[SRD rewrite] split patch=2, children=28,29, improvement=0.017950
[SRD rewrite] added patch=30, position=(-0.183, -0.987, 1.045), improvement=0.003538
[SRD rewrite] added patch=31, position=(0.093, -0.909, -0.377), improvement=0.002977
SRD step 250: evaluated 27 candidates, 25 promising, accepted 3
  Accepted SplitPatch(2) at patch 2, improvement=0.017950
  Accepted AddPatch at patch 30, improvement=0.003538
  Accepted AddPatch at patch 31, improvement=0.002977
  Total patches: 32, total adds: 15, total deletes: 3
  step 250/1000: loss=0.397361, patches=29
[SRD rewrite] deleted patch=29, position=(-1.551, -0.864, 2.446), reason=Area 0.003672 below minimum 0.01
[SRD rewrite] deleted patch=28, position=(-1.516, -1.041, 2.438), reason=Area 0.001365 below minimum 0.01
[SRD rewrite] deleted patch=14, position=(-1.745, -1.629, 1.113), reason=Area 0.009654 below minimum 0.01
[SRD rewrite] deleted patch=6, position=(-1.903, 0.480, -1.663), reason=Area 0.000605 below minimum 0.01
[SRD rewrite] added patch=28, position=(-0.140, -1.067, 0.854), improvement=0.015170
[SRD rewrite] added patch=29, position=(0.840, 0.513, 0.251), improvement=0.014780
[SRD rewrite] added patch=30, position=(-0.453, -1.046, 0.813), improvement=0.014382
SRD step 300: evaluated 27 candidates, 27 promising, accepted 7
  Accepted AddPatch at patch 28, improvement=0.015170
  Accepted AddPatch at patch 29, improvement=0.014780
  Accepted AddPatch at patch 30, improvement=0.014382
  Mandatory DeletePatch(6) at patch 6, reason=Area 0.000605 below minimum 0.01
  Mandatory DeletePatch(14) at patch 14, reason=Area 0.009654 below minimum 0.01
  Mandatory DeletePatch(28) at patch 28, reason=Area 0.001365 below minimum 0.01
  Mandatory DeletePatch(29) at patch 29, reason=Area 0.003672 below minimum 0.01
  Total patches: 31, total adds: 18, total deletes: 7
  step 300/1000: loss=0.350918, patches=32
SRD step 350: evaluated 27 candidates, 0 promising, accepted 0
  Total patches: 31, total adds: 18, total deletes: 7
  step 350/1000: loss=0.313711, patches=31
[SRD rewrite] deleted patch=15, position=(-1.426, -0.789, -2.459), reason=delete has no image effect
SRD step 400: evaluated 27 candidates, 0 promising, accepted 1
  Mandatory DeletePatch(15) at patch 15, reason=delete has no image effect
  Total patches: 30, total adds: 18, total deletes: 8
  step 400/1000: loss=0.288080, patches=31
[SRD rewrite] deleted patch=29, position=(-0.557, -0.878, 0.846), reason=Area 0.004805 below minimum 0.01
[SRD rewrite] added patch=29, position=(1.555, 0.464, 0.202), improvement=0.001082
SRD step 450: evaluated 27 candidates, 14 promising, accepted 4
  Accepted AddPatch at patch 29, improvement=0.001082
  Accepted SplitPatch(21) at patch 21, improvement=0.000533
  Accepted SplitPatch(18) at patch 18, improvement=0.000533
  Mandatory DeletePatch(29) at patch 29, reason=Area 0.004805 below minimum 0.01
  Total patches: 30, total adds: 19, total deletes: 9
  step 450/1000: loss=0.269974, patches=30
[SRD rewrite] added patch=30, position=(1.704, 1.077, -0.226), improvement=0.000796
[SRD rewrite] added patch=31, position=(1.036, -0.204, 1.437), improvement=0.000628
[SRD rewrite] added patch=32, position=(-0.025, 1.310, 0.024), improvement=0.000397
SRD step 500: evaluated 27 candidates, 12 promising, accepted 3
  Accepted AddPatch at patch 30, improvement=0.000796
  Accepted AddPatch at patch 31, improvement=0.000628
  Accepted AddPatch at patch 32, improvement=0.000397
  Total patches: 33, total adds: 22, total deletes: 9
  step 500/1000: loss=0.252364, patches=30
[SRD rewrite] deleted patch=32, position=(0.020, 1.307, 0.075), reason=Area 0.002105 below minimum 0.01
[SRD rewrite] deleted patch=31, position=(0.932, -0.232, 1.323), reason=Area 0.001798 below minimum 0.01
[SRD rewrite] deleted patch=23, position=(-0.180, 1.283, -0.416), reason=delete has no image effect
SRD step 550: evaluated 27 candidates, 0 promising, accepted 3
  Mandatory DeletePatch(31) at patch 31, reason=Area 0.001798 below minimum 0.01
  Mandatory DeletePatch(32) at patch 32, reason=Area 0.002105 below minimum 0.01
  Mandatory DeletePatch(23) at patch 23, reason=delete has no image effect
  Total patches: 30, total adds: 22, total deletes: 12
  step 550/1000: loss=0.239741, patches=33
SRD step 600: evaluated 27 candidates, 0 promising, accepted 0
  Total patches: 30, total adds: 22, total deletes: 12
  step 600/1000: loss=0.233018, patches=30
SRD step 650: evaluated 27 candidates, 0 promising, accepted 0
  Total patches: 30, total adds: 22, total deletes: 12
  step 650/1000: loss=0.225136, patches=30
SRD step 700: evaluated 27 candidates, 0 promising, accepted 0
  Total patches: 30, total adds: 22, total deletes: 12
  step 700/1000: loss=0.227472, patches=30
[SRD rewrite] deleted patch=23, position=(1.116, -0.562, -2.113), reason=Area 0.008284 below minimum 0.01
SRD step 750: evaluated 27 candidates, 0 promising, accepted 1
  Mandatory DeletePatch(23) at patch 23, reason=Area 0.008284 below minimum 0.01
  Total patches: 29, total adds: 22, total deletes: 13
  step 750/1000: loss=0.223641, patches=30
SRD step 800: evaluated 27 candidates, 0 promising, accepted 0
  Total patches: 29, total adds: 22, total deletes: 13
  step 800/1000: loss=0.211793, patches=29
SRD step 850: evaluated 27 candidates, 0 promising, accepted 0
  Total patches: 29, total adds: 22, total deletes: 13
  step 850/1000: loss=0.212993, patches=29
[SRD rewrite] deleted patch=28, position=(1.631, 1.344, -0.848), reason=Area 0.008035 below minimum 0.01
[SRD rewrite] added patch=28, position=(-1.394, -0.359, -1.468), improvement=0.000229
SRD step 900: evaluated 27 candidates, 1 promising, accepted 2
  Accepted AddPatch at patch 28, improvement=0.000229
  Mandatory DeletePatch(28) at patch 28, reason=Area 0.008035 below minimum 0.01
  Total patches: 29, total adds: 23, total deletes: 14
  step 900/1000: loss=0.216237, patches=29
SRD step 950: evaluated 27 candidates, 0 promising, accepted 0
  Total patches: 29, total adds: 23, total deletes: 14
  step 950/1000: loss=0.209922, patches=29
SRD step 1000: evaluated 27 candidates, 0 promising, accepted 0
  Total patches: 29, total adds: 23, total deletes: 14
  step 1000/1000: loss=0.210398, patches=29
[SRD rewrite] deleted patch=19, position=(0.085, -1.893, -2.061), reason=final deletion pass improved loss
[SRD rewrite] deleted patch=27, position=(-1.263, -0.285, -1.714), reason=final deletion pass improved loss
[Trial 3] done: loss=0.201601, time=5695.8s
[Run] report written to results/slurm/20260718_0340/patchsize_acm_scf_20/patches_20/with_srd/with_srd.txt
[Swept volume] building (resolution=256)...
[Run] mode=full, trials=3, seeds=[0, 1, 2], steps=1000, srd=False, ablation_flags={'disable_swept_volume_adds': True, 'loss_only_deletion': True, 'disable_splitting': False}
[Trial 1/3] seed=0
[Patch] mapbox-earcut is not installed; falling back to fan fill, so non-convex pieces will render incorrectly. Install it with: pip install mapbox-earcut
  step 50/1000: loss=0.670797, patches=20
  step 100/1000: loss=0.594296, patches=20
  step 150/1000: loss=0.543674, patches=20
  step 200/1000: loss=0.521945, patches=20
  step 250/1000: loss=0.515920, patches=20
  step 300/1000: loss=0.490492, patches=20
  step 350/1000: loss=0.467492, patches=20
  step 400/1000: loss=0.435486, patches=20
  step 450/1000: loss=0.411585, patches=20
  step 500/1000: loss=0.404410, patches=20
  step 550/1000: loss=0.396651, patches=20
  step 600/1000: loss=0.394196, patches=20
  step 650/1000: loss=0.394817, patches=20
  step 700/1000: loss=0.393674, patches=20
  step 750/1000: loss=0.388462, patches=20
  step 800/1000: loss=0.387785, patches=20
  step 850/1000: loss=0.386645, patches=20
  step 900/1000: loss=0.382047, patches=20
  step 950/1000: loss=0.378255, patches=20
  step 1000/1000: loss=0.374173, patches=20
[Trial 1] done: loss=0.373490, time=996.3s
[Trial 2/3] seed=1
  step 50/1000: loss=0.697074, patches=20
  step 100/1000: loss=0.627000, patches=20
  step 150/1000: loss=0.585781, patches=20
  step 200/1000: loss=0.533087, patches=20
  step 250/1000: loss=0.490881, patches=20
  step 300/1000: loss=0.465774, patches=20
  step 350/1000: loss=0.459898, patches=20
  step 400/1000: loss=0.446561, patches=20
  step 450/1000: loss=0.430373, patches=20
  step 500/1000: loss=0.422430, patches=20
  step 550/1000: loss=0.422194, patches=20
  step 600/1000: loss=0.403761, patches=20
  step 650/1000: loss=0.396487, patches=20
  step 700/1000: loss=0.392000, patches=20
  step 750/1000: loss=0.386037, patches=20
  step 800/1000: loss=0.384664, patches=20
  step 850/1000: loss=0.384583, patches=20
  step 900/1000: loss=0.384885, patches=20
  step 950/1000: loss=0.383327, patches=20
  step 1000/1000: loss=0.383157, patches=20
[Trial 2] done: loss=0.383367, time=1019.1s
[Trial 3/3] seed=2
  step 50/1000: loss=0.676059, patches=20
  step 100/1000: loss=0.597001, patches=20
  step 150/1000: loss=0.550129, patches=20
  step 200/1000: loss=0.518929, patches=20
  step 250/1000: loss=0.497344, patches=20
  step 300/1000: loss=0.475645, patches=20
  step 350/1000: loss=0.460020, patches=20
  step 400/1000: loss=0.460566, patches=20
  step 450/1000: loss=0.459179, patches=20
  step 500/1000: loss=0.460207, patches=20
  step 550/1000: loss=0.460594, patches=20
  step 600/1000: loss=0.452308, patches=20
  step 650/1000: loss=0.449577, patches=20
  step 700/1000: loss=0.444947, patches=20
  step 750/1000: loss=0.439615, patches=20
  step 800/1000: loss=0.434978, patches=20
  step 850/1000: loss=0.417177, patches=20
  step 900/1000: loss=0.422152, patches=20
  step 950/1000: loss=0.399983, patches=20
  step 1000/1000: loss=0.389634, patches=20
[Trial 3] done: loss=0.390069, time=1040.1s
[Run] report written to results/slurm/20260718_0340/patchsize_acm_scf_20/patches_20/without_srd/without_srd.txt

======================================================================
Running 3 trials WITH SRD
======================================================================


======================================================================
Running 3 trials WITHOUT SRD
======================================================================


[Comparison] report written to results/slurm/20260718_0340/patchsize_acm_scf_20/patches_20/comparison.txt

======================================================================
SRD Patch Size Comparison
======================================================================
Started: 2026-07-18T03:44:01
Patch sizes: [20]
Trials per size: 3
Steps per trial: 1000
Output directory: results/slurm/20260718_0340/patchsize_acm_scf_20
======================================================================


======================================================================
Running comparison with 20 initial patches
  Target 1: images/acm.png
  Target 2: images/scf.png
  Trials: 3, Steps: 1000
======================================================================

[OK] Comparison with 20 patches completed successfully

======================================================================
Comparison Summary
======================================================================
Successful: 1/1
Total time: 19130.2 seconds (5.31 hours)
Summary report: results/slurm/20260718_0340/patchsize_acm_scf_20/SUMMARY.txt
======================================================================

