## SLURM PROLOG ###############################################################
##    Job ID : 4080016
##  Job Name : 20260718_0340_patchsize_water_fire_10
##  Nodelist : gpu2603
##      CPUs : 
##  Mem/Node : 128000 MB
## Directory : /oscar/home/cjmok/automated-perspective-sculptor
##   Job Started : Sat Jul 18 04:53:49 AM EDT 2026
###############################################################################
[Swept volume] building (resolution=256)...
[Run] mode=full, trials=3, seeds=[0, 1, 2], steps=1000, srd=True, ablation_flags={'disable_swept_volume_adds': False, 'loss_only_deletion': False, 'disable_splitting': False}
[Trial 1/3] seed=0
[Patch] mapbox-earcut is not installed; falling back to fan fill, so non-convex pieces will render incorrectly. Install it with: pip install mapbox-earcut
[SRD rewrite] split patch=4, children=9,10, improvement=0.025342
[SRD rewrite] added patch=11, position=(0.848, -0.067, 0.689), improvement=0.016166
[SRD rewrite] added patch=12, position=(0.582, -0.631, 1.008), improvement=0.015886
SRD step 50: evaluated 27 candidates, 23 promising, accepted 3
  Accepted SplitPatch(4) at patch 4, improvement=0.025342
  Accepted AddPatch at patch 11, improvement=0.016166
  Accepted AddPatch at patch 12, improvement=0.015886
  Total patches: 13, total adds: 3, total deletes: 0
  step 50/1000: loss=0.355107, patches=10
[SRD rewrite] deleted patch=12, position=(0.683, -0.531, 1.052), reason=Area 0.002428 below minimum 0.01
[SRD rewrite] deleted patch=11, position=(0.835, -0.045, 0.796), reason=Area 0.008339 below minimum 0.01
[SRD rewrite] deleted patch=10, position=(-1.051, -1.131, -1.371), reason=Area 0.006113 below minimum 0.01
[SRD rewrite] deleted patch=9, position=(-0.802, -1.148, -1.454), reason=Area 0.000856 below minimum 0.01
[SRD rewrite] restored patch=9, position=(0.835, -0.045, 0.796), improvement=0.005476
[SRD rewrite] added patch=10, position=(0.604, -0.104, -0.488), improvement=0.004692
[SRD rewrite] added patch=11, position=(0.693, -0.234, -0.643), improvement=0.004380
SRD step 100: evaluated 27 candidates, 13 promising, accepted 7
  Accepted RestorePatch(2) at patch 9, improvement=0.005476
  Accepted AddPatch at patch 10, improvement=0.004692
  Accepted AddPatch at patch 11, improvement=0.004380
  Mandatory DeletePatch(9) at patch 9, reason=Area 0.000856 below minimum 0.01
  Mandatory DeletePatch(10) at patch 10, reason=Area 0.006113 below minimum 0.01
  Mandatory DeletePatch(11) at patch 11, reason=Area 0.008339 below minimum 0.01
  Mandatory DeletePatch(12) at patch 12, reason=Area 0.002428 below minimum 0.01
  Total patches: 12, total adds: 6, total deletes: 4
  step 100/1000: loss=0.249262, patches=13
[SRD rewrite] deleted patch=11, position=(0.529, -0.068, -0.549), reason=Area 0.000551 below minimum 0.01
[SRD rewrite] deleted patch=10, position=(0.592, -0.089, -0.372), reason=Area 0.001185 below minimum 0.01
[SRD rewrite] added patch=10, position=(0.680, -0.063, -0.488), improvement=0.001871
[SRD rewrite] restored patch=11, position=(0.529, -0.068, -0.549), improvement=0.001841
[SRD rewrite] added patch=12, position=(0.996, -0.228, 0.649), improvement=0.001832
SRD step 150: evaluated 27 candidates, 16 promising, accepted 5
  Accepted AddPatch at patch 10, improvement=0.001871
  Accepted RestorePatch(4) at patch 11, improvement=0.001841
  Accepted AddPatch at patch 12, improvement=0.001832
  Mandatory DeletePatch(10) at patch 10, reason=Area 0.001185 below minimum 0.01
  Mandatory DeletePatch(11) at patch 11, reason=Area 0.000551 below minimum 0.01
  Total patches: 13, total adds: 9, total deletes: 6
  step 150/1000: loss=0.202086, patches=12
[SRD rewrite] deleted patch=12, position=(0.968, -0.232, 0.609), reason=Area 0.006758 below minimum 0.01
[SRD rewrite] deleted patch=11, position=(0.389, 0.040, -0.611), reason=Area 0.000262 below minimum 0.01
[SRD rewrite] deleted patch=10, position=(0.607, 0.045, -0.375), reason=Area 0.000483 below minimum 0.01
[SRD rewrite] deleted patch=4, position=(0.586, 0.387, 0.789), reason=Area 0.004825 below minimum 0.01
SRD step 200: evaluated 27 candidates, 0 promising, accepted 4
  Mandatory DeletePatch(4) at patch 4, reason=Area 0.004825 below minimum 0.01
  Mandatory DeletePatch(10) at patch 10, reason=Area 0.000483 below minimum 0.01
  Mandatory DeletePatch(11) at patch 11, reason=Area 0.000262 below minimum 0.01
  Mandatory DeletePatch(12) at patch 12, reason=Area 0.006758 below minimum 0.01
  Total patches: 9, total adds: 9, total deletes: 10
  step 200/1000: loss=0.171204, patches=13
[SRD rewrite] added patch=9, position=(0.551, 0.200, 0.601), improvement=0.002236
[SRD rewrite] added patch=10, position=(0.457, 0.579, 0.132), improvement=0.002216
[SRD rewrite] added patch=11, position=(0.565, 0.120, -0.304), improvement=0.001983
SRD step 250: evaluated 27 candidates, 22 promising, accepted 3
  Accepted AddPatch at patch 9, improvement=0.002236
  Accepted AddPatch at patch 10, improvement=0.002216
  Accepted AddPatch at patch 11, improvement=0.001983
  Total patches: 12, total adds: 12, total deletes: 10
  step 250/1000: loss=0.167791, patches=9
[SRD rewrite] deleted patch=11, position=(0.427, 0.157, -0.180), reason=Area 0.001953 below minimum 0.01
[SRD rewrite] deleted patch=10, position=(0.515, 0.700, 0.200), reason=Area 0.000327 below minimum 0.01
[SRD rewrite] deleted patch=9, position=(0.672, 0.302, 0.691), reason=Area 0.002007 below minimum 0.01
[SRD rewrite] deleted patch=8, position=(0.763, 0.182, 0.839), reason=Area 0.003021 below minimum 0.01
SRD step 300: evaluated 27 candidates, 0 promising, accepted 4
  Mandatory DeletePatch(8) at patch 8, reason=Area 0.003021 below minimum 0.01
  Mandatory DeletePatch(9) at patch 9, reason=Area 0.002007 below minimum 0.01
  Mandatory DeletePatch(10) at patch 10, reason=Area 0.000327 below minimum 0.01
  Mandatory DeletePatch(11) at patch 11, reason=Area 0.001953 below minimum 0.01
  Total patches: 8, total adds: 12, total deletes: 14
  step 300/1000: loss=0.155219, patches=12
[SRD rewrite] added patch=8, position=(0.516, -1.100, -0.760), improvement=0.001644
[SRD rewrite] added patch=9, position=(0.587, 0.112, -0.201), improvement=0.001630
[SRD rewrite] restored patch=10, position=(0.586, 0.387, 0.789), improvement=0.001361
SRD step 350: evaluated 27 candidates, 19 promising, accepted 3
  Accepted AddPatch at patch 8, improvement=0.001644
  Accepted AddPatch at patch 9, improvement=0.001630
  Accepted RestorePatch(8) at patch 10, improvement=0.001361
  Total patches: 11, total adds: 15, total deletes: 14
  step 350/1000: loss=0.164481, patches=8
[SRD rewrite] deleted patch=10, position=(0.578, 0.472, 0.755), reason=Area 0.000987 below minimum 0.01
[SRD rewrite] deleted patch=9, position=(0.463, 0.167, -0.122), reason=Area 0.000372 below minimum 0.01
[SRD rewrite] deleted patch=8, position=(0.583, -1.060, -0.864), reason=Area 0.000288 below minimum 0.01
SRD step 400: evaluated 27 candidates, 0 promising, accepted 3
  Mandatory DeletePatch(8) at patch 8, reason=Area 0.000288 below minimum 0.01
  Mandatory DeletePatch(9) at patch 9, reason=Area 0.000372 below minimum 0.01
  Mandatory DeletePatch(10) at patch 10, reason=Area 0.000987 below minimum 0.01
  Total patches: 8, total adds: 15, total deletes: 17
  step 400/1000: loss=0.157685, patches=11
SRD step 450: evaluated 27 candidates, 0 promising, accepted 0
  Total patches: 8, total adds: 15, total deletes: 17
  step 450/1000: loss=0.162913, patches=8
[SRD rewrite] added patch=8, position=(0.065, 0.520, -0.158), improvement=0.001478
[SRD rewrite] added patch=9, position=(0.536, 0.365, -0.285), improvement=0.000866
[SRD rewrite] added patch=10, position=(0.448, 0.453, -0.213), improvement=0.000802
SRD step 500: evaluated 27 candidates, 5 promising, accepted 3
  Accepted AddPatch at patch 8, improvement=0.001478
  Accepted AddPatch at patch 9, improvement=0.000866
  Accepted AddPatch at patch 10, improvement=0.000802
  Total patches: 11, total adds: 18, total deletes: 17
  step 500/1000: loss=0.163918, patches=8
[SRD rewrite] deleted patch=10, position=(0.347, 0.356, -0.180), reason=Area 0.000556 below minimum 0.01
[SRD rewrite] deleted patch=9, position=(0.517, 0.395, -0.189), reason=Area 0.001150 below minimum 0.01
[SRD rewrite] deleted patch=2, position=(-0.033, 0.580, 0.764), reason=Area 0.007239 below minimum 0.01
SRD step 550: evaluated 27 candidates, 0 promising, accepted 3
  Mandatory DeletePatch(2) at patch 2, reason=Area 0.007239 below minimum 0.01
  Mandatory DeletePatch(9) at patch 9, reason=Area 0.001150 below minimum 0.01
  Mandatory DeletePatch(10) at patch 10, reason=Area 0.000556 below minimum 0.01
  Total patches: 8, total adds: 18, total deletes: 20
  step 550/1000: loss=0.159649, patches=11
[SRD rewrite] restored patch=8, position=(0.347, 0.356, -0.180), improvement=0.001651
[SRD rewrite] added patch=9, position=(2.155, -2.010, 0.653), improvement=0.001454
SRD step 600: evaluated 27 candidates, 22 promising, accepted 3
  Accepted RestorePatch(15) at patch 8, improvement=0.001651
  Accepted AddPatch at patch 9, improvement=0.001454
  Accepted SplitPatch(3) at patch 3, improvement=0.001060
  Total patches: 10, total adds: 20, total deletes: 20
  step 600/1000: loss=0.163791, patches=8
[SRD rewrite] deleted patch=9, position=(2.192, -2.046, 0.689), reason=Area 0.005503 below minimum 0.01
[SRD rewrite] deleted patch=8, position=(0.347, 0.356, -0.180), reason=Area 0.000556 below minimum 0.01
SRD step 650: evaluated 27 candidates, 0 promising, accepted 2
  Mandatory DeletePatch(8) at patch 8, reason=Area 0.000556 below minimum 0.01
  Mandatory DeletePatch(9) at patch 9, reason=Area 0.005503 below minimum 0.01
  Total patches: 8, total adds: 20, total deletes: 22
  step 650/1000: loss=0.157793, patches=10
[SRD rewrite] added patch=8, position=(0.663, 0.229, 0.095), improvement=0.000212
SRD step 700: evaluated 27 candidates, 1 promising, accepted 1
  Accepted AddPatch at patch 8, improvement=0.000212
  Total patches: 9, total adds: 21, total deletes: 22
  step 700/1000: loss=0.160399, patches=8
[SRD rewrite] deleted patch=8, position=(0.692, 0.346, 0.209), reason=Area 0.004671 below minimum 0.01
SRD step 750: evaluated 27 candidates, 0 promising, accepted 1
  Mandatory DeletePatch(8) at patch 8, reason=Area 0.004671 below minimum 0.01
  Total patches: 8, total adds: 21, total deletes: 23
  step 750/1000: loss=0.157050, patches=9
SRD step 800: evaluated 27 candidates, 0 promising, accepted 0
  Total patches: 8, total adds: 21, total deletes: 23
  step 800/1000: loss=0.157944, patches=8
[SRD rewrite] added patch=8, position=(1.165, -1.008, -0.700), improvement=0.001325
[SRD rewrite] added patch=9, position=(1.071, -1.017, -0.716), improvement=0.001306
[SRD rewrite] restored patch=10, position=(0.517, 0.395, -0.189), improvement=0.001093
SRD step 850: evaluated 27 candidates, 12 promising, accepted 3
  Accepted AddPatch at patch 8, improvement=0.001325
  Accepted AddPatch at patch 9, improvement=0.001306
  Accepted RestorePatch(15) at patch 10, improvement=0.001093
  Total patches: 11, total adds: 24, total deletes: 23
  step 850/1000: loss=0.158118, patches=8
[SRD rewrite] deleted patch=10, position=(0.441, 0.471, -0.113), reason=Area 0.000407 below minimum 0.01
[SRD rewrite] deleted patch=9, position=(1.004, -1.094, -0.781), reason=Area 0.000778 below minimum 0.01
[SRD rewrite] deleted patch=8, position=(1.202, -1.093, -0.711), reason=Area 0.000579 below minimum 0.01
SRD step 900: evaluated 27 candidates, 0 promising, accepted 3
  Mandatory DeletePatch(8) at patch 8, reason=Area 0.000579 below minimum 0.01
  Mandatory DeletePatch(9) at patch 9, reason=Area 0.000778 below minimum 0.01
  Mandatory DeletePatch(10) at patch 10, reason=Area 0.000407 below minimum 0.01
  Total patches: 8, total adds: 24, total deletes: 26
  step 900/1000: loss=0.153012, patches=11
SRD step 950: evaluated 27 candidates, 0 promising, accepted 0
  Total patches: 8, total adds: 24, total deletes: 26
  step 950/1000: loss=0.156930, patches=8
SRD step 1000: evaluated 27 candidates, 0 promising, accepted 0
  Total patches: 8, total adds: 24, total deletes: 26
  step 1000/1000: loss=0.154961, patches=8
[Trial 1] done: loss=0.154886, time=2728.8s
[Trial 2/3] seed=1
[SRD rewrite] added patch=10, position=(0.620, -0.052, 0.653), improvement=0.015712
[SRD rewrite] added patch=11, position=(0.678, -0.124, 0.704), improvement=0.015387
[SRD rewrite] added patch=12, position=(0.637, -0.193, 0.640), improvement=0.015214
SRD step 50: evaluated 27 candidates, 23 promising, accepted 3
  Accepted AddPatch at patch 10, improvement=0.015712
  Accepted AddPatch at patch 11, improvement=0.015387
  Accepted AddPatch at patch 12, improvement=0.015214
  Total patches: 13, total adds: 3, total deletes: 0
  step 50/1000: loss=0.325424, patches=10
[SRD rewrite] deleted patch=12, position=(0.640, -0.041, 0.741), reason=Area 0.006699 below minimum 0.01
[SRD rewrite] deleted patch=11, position=(0.808, 0.006, 0.793), reason=Area 0.005374 below minimum 0.01
[SRD rewrite] deleted patch=10, position=(0.623, 0.071, 0.785), reason=Area 0.001948 below minimum 0.01
[SRD rewrite] added patch=10, position=(0.854, -0.135, 0.733), improvement=0.003153
[SRD rewrite] added patch=11, position=(0.600, 0.125, -0.226), improvement=0.003053
[SRD rewrite] added patch=12, position=(0.835, -0.141, 0.649), improvement=0.003041
SRD step 100: evaluated 27 candidates, 14 promising, accepted 6
  Accepted AddPatch at patch 10, improvement=0.003153
  Accepted AddPatch at patch 11, improvement=0.003053
  Accepted AddPatch at patch 12, improvement=0.003041
  Mandatory DeletePatch(10) at patch 10, reason=Area 0.001948 below minimum 0.01
  Mandatory DeletePatch(11) at patch 11, reason=Area 0.005374 below minimum 0.01
  Mandatory DeletePatch(12) at patch 12, reason=Area 0.006699 below minimum 0.01
  Total patches: 13, total adds: 6, total deletes: 3
  step 100/1000: loss=0.220267, patches=13
[SRD rewrite] deleted patch=12, position=(0.961, -0.020, 0.656), reason=Area 0.001074 below minimum 0.01
[SRD rewrite] deleted patch=11, position=(0.600, 0.163, -0.195), reason=Area 0.000229 below minimum 0.01
[SRD rewrite] deleted patch=10, position=(0.922, -0.028, 0.790), reason=Area 0.001027 below minimum 0.01
SRD step 150: evaluated 27 candidates, 0 promising, accepted 3
  Mandatory DeletePatch(10) at patch 10, reason=Area 0.001027 below minimum 0.01
  Mandatory DeletePatch(11) at patch 11, reason=Area 0.000229 below minimum 0.01
  Mandatory DeletePatch(12) at patch 12, reason=Area 0.001074 below minimum 0.01
  Total patches: 10, total adds: 6, total deletes: 6
  step 150/1000: loss=0.182948, patches=13
[SRD rewrite] added patch=10, position=(-0.252, -1.221, -0.769), improvement=0.004929
[SRD rewrite] added patch=11, position=(0.723, 0.323, -0.113), improvement=0.004358
[SRD rewrite] added patch=12, position=(0.895, -0.102, 0.748), improvement=0.003807
SRD step 200: evaluated 27 candidates, 14 promising, accepted 3
  Accepted AddPatch at patch 10, improvement=0.004929
  Accepted AddPatch at patch 11, improvement=0.004358
  Accepted AddPatch at patch 12, improvement=0.003807
  Total patches: 13, total adds: 9, total deletes: 6
  step 200/1000: loss=0.175006, patches=10
[SRD rewrite] deleted patch=12, position=(0.957, -0.011, 0.799), reason=Area 0.000305 below minimum 0.01
[SRD rewrite] deleted patch=11, position=(0.715, 0.352, -0.096), reason=Area 0.002609 below minimum 0.01
[SRD rewrite] restored patch=11, position=(0.715, 0.352, -0.096), improvement=0.001425
[SRD rewrite] added patch=12, position=(-0.585, -1.166, -0.956), improvement=0.001394
[SRD rewrite] restored patch=13, position=(0.808, 0.006, 0.793), improvement=0.001230
SRD step 250: evaluated 27 candidates, 14 promising, accepted 5
  Accepted RestorePatch(7) at patch 11, improvement=0.001425
  Accepted AddPatch at patch 12, improvement=0.001394
  Accepted RestorePatch(1) at patch 13, improvement=0.001230
  Mandatory DeletePatch(11) at patch 11, reason=Area 0.002609 below minimum 0.01
  Mandatory DeletePatch(12) at patch 12, reason=Area 0.000305 below minimum 0.01
  Total patches: 14, total adds: 12, total deletes: 8
  step 250/1000: loss=0.144471, patches=13
[SRD rewrite] deleted patch=13, position=(0.856, 0.079, 0.791), reason=Area 0.000263 below minimum 0.01
[SRD rewrite] deleted patch=12, position=(-0.621, -1.136, -1.027), reason=Area 0.009668 below minimum 0.01
[SRD rewrite] deleted patch=11, position=(0.693, 0.403, -0.147), reason=Area 0.004964 below minimum 0.01
[SRD rewrite] split patch=9, children=10,11, improvement=0.002419
SRD step 300: evaluated 27 candidates, 1 promising, accepted 4
  Accepted SplitPatch(9) at patch 9, improvement=0.002419
  Mandatory DeletePatch(11) at patch 11, reason=Area 0.004964 below minimum 0.01
  Mandatory DeletePatch(12) at patch 12, reason=Area 0.009668 below minimum 0.01
  Mandatory DeletePatch(13) at patch 13, reason=Area 0.000263 below minimum 0.01
  Total patches: 12, total adds: 13, total deletes: 11
  step 300/1000: loss=0.128839, patches=14
[SRD rewrite] deleted patch=11, position=(0.015, -1.549, -0.499), reason=Area 0.005747 below minimum 0.01
[SRD rewrite] deleted patch=10, position=(-0.146, -1.612, -0.567), reason=Area 0.001367 below minimum 0.01
[SRD rewrite] added patch=10, position=(0.673, 0.415, -0.389), improvement=0.000685
[SRD rewrite] added patch=11, position=(0.516, 0.348, -0.045), improvement=0.000579
[SRD rewrite] restored patch=12, position=(0.693, 0.403, -0.147), improvement=0.000297
SRD step 350: evaluated 27 candidates, 4 promising, accepted 5
  Accepted AddPatch at patch 10, improvement=0.000685
  Accepted AddPatch at patch 11, improvement=0.000579
  Accepted RestorePatch(8) at patch 12, improvement=0.000297
  Mandatory DeletePatch(10) at patch 10, reason=Area 0.001367 below minimum 0.01
  Mandatory DeletePatch(11) at patch 11, reason=Area 0.005747 below minimum 0.01
  Total patches: 13, total adds: 16, total deletes: 13
  step 350/1000: loss=0.118125, patches=12
[SRD rewrite] deleted patch=12, position=(0.680, 0.415, -0.154), reason=Area 0.003949 below minimum 0.01
[SRD rewrite] deleted patch=11, position=(0.640, 0.343, -0.079), reason=Area 0.000388 below minimum 0.01
[SRD rewrite] deleted patch=10, position=(0.684, 0.496, -0.371), reason=Area 0.003108 below minimum 0.01
SRD step 400: evaluated 27 candidates, 0 promising, accepted 3
  Mandatory DeletePatch(10) at patch 10, reason=Area 0.003108 below minimum 0.01
  Mandatory DeletePatch(11) at patch 11, reason=Area 0.000388 below minimum 0.01
  Mandatory DeletePatch(12) at patch 12, reason=Area 0.003949 below minimum 0.01
  Total patches: 10, total adds: 16, total deletes: 16
  step 400/1000: loss=0.102326, patches=13
[SRD rewrite] added patch=10, position=(0.744, 0.335, -0.378), improvement=0.001000
[SRD rewrite] restored patch=11, position=(0.856, 0.079, 0.791), improvement=0.000605
[SRD rewrite] restored patch=12, position=(0.600, 0.163, -0.195), improvement=0.000586
SRD step 450: evaluated 27 candidates, 6 promising, accepted 3
  Accepted AddPatch at patch 10, improvement=0.001000
  Accepted RestorePatch(6) at patch 11, improvement=0.000605
  Accepted RestorePatch(3) at patch 12, improvement=0.000586
  Total patches: 13, total adds: 19, total deletes: 16
  step 450/1000: loss=0.100714, patches=10
[SRD rewrite] deleted patch=12, position=(0.521, 0.259, -0.155), reason=Area 0.000229 below minimum 0.01
[SRD rewrite] deleted patch=11, position=(0.886, 0.054, 0.817), reason=Area 0.000185 below minimum 0.01
[SRD rewrite] deleted patch=10, position=(0.681, 0.446, -0.269), reason=Area 0.003945 below minimum 0.01
SRD step 500: evaluated 27 candidates, 0 promising, accepted 3
  Mandatory DeletePatch(10) at patch 10, reason=Area 0.003945 below minimum 0.01
  Mandatory DeletePatch(11) at patch 11, reason=Area 0.000185 below minimum 0.01
  Mandatory DeletePatch(12) at patch 12, reason=Area 0.000229 below minimum 0.01
  Total patches: 10, total adds: 19, total deletes: 19
  step 500/1000: loss=0.091511, patches=13
[SRD rewrite] added patch=10, position=(0.692, 0.388, -0.207), improvement=0.001708
[SRD rewrite] restored patch=11, position=(0.886, 0.054, 0.817), improvement=0.001242
[SRD rewrite] added patch=12, position=(0.673, -0.446, -0.672), improvement=0.001148
SRD step 550: evaluated 27 candidates, 12 promising, accepted 3
  Accepted AddPatch at patch 10, improvement=0.001708
  Accepted RestorePatch(13) at patch 11, improvement=0.001242
  Accepted AddPatch at patch 12, improvement=0.001148
  Total patches: 13, total adds: 22, total deletes: 19
  step 550/1000: loss=0.096041, patches=10
[SRD rewrite] deleted patch=12, position=(0.589, -0.462, -0.756), reason=Area 0.000723 below minimum 0.01
[SRD rewrite] deleted patch=11, position=(0.881, 0.058, 0.810), reason=Area 0.000177 below minimum 0.01
[SRD rewrite] deleted patch=10, position=(0.669, 0.434, -0.152), reason=Area 0.004331 below minimum 0.01
SRD step 600: evaluated 27 candidates, 0 promising, accepted 3
  Mandatory DeletePatch(10) at patch 10, reason=Area 0.004331 below minimum 0.01
  Mandatory DeletePatch(11) at patch 11, reason=Area 0.000177 below minimum 0.01
  Mandatory DeletePatch(12) at patch 12, reason=Area 0.000723 below minimum 0.01
  Total patches: 10, total adds: 22, total deletes: 22
  step 600/1000: loss=0.088546, patches=13
[SRD rewrite] added patch=10, position=(-0.449, -0.042, 0.757), improvement=0.000271
SRD step 650: evaluated 27 candidates, 1 promising, accepted 1
  Accepted AddPatch at patch 10, improvement=0.000271
  Total patches: 11, total adds: 23, total deletes: 22
  step 650/1000: loss=0.093381, patches=10
SRD step 700: evaluated 27 candidates, 0 promising, accepted 0
  Total patches: 11, total adds: 23, total deletes: 22
  step 700/1000: loss=0.092149, patches=11
SRD step 750: evaluated 27 candidates, 0 promising, accepted 0
  Total patches: 11, total adds: 23, total deletes: 22
  step 750/1000: loss=0.088742, patches=11
SRD step 800: evaluated 27 candidates, 0 promising, accepted 0
  Total patches: 11, total adds: 23, total deletes: 22
  step 800/1000: loss=0.087004, patches=11
SRD step 850: evaluated 27 candidates, 0 promising, accepted 0
  Total patches: 11, total adds: 23, total deletes: 22
  step 850/1000: loss=0.086125, patches=11
SRD step 900: evaluated 27 candidates, 0 promising, accepted 0
  Total patches: 11, total adds: 23, total deletes: 22
  step 900/1000: loss=0.085901, patches=11
SRD step 950: evaluated 27 candidates, 0 promising, accepted 0
  Total patches: 11, total adds: 23, total deletes: 22
  step 950/1000: loss=0.084887, patches=11
SRD step 1000: evaluated 27 candidates, 0 promising, accepted 0
  Total patches: 11, total adds: 23, total deletes: 22
  step 1000/1000: loss=0.090612, patches=11
[Trial 2] done: loss=0.090668, time=3443.3s
[Trial 3/3] seed=2
[SRD rewrite] added patch=10, position=(0.699, -0.690, 0.978), improvement=0.016431
[SRD rewrite] added patch=11, position=(1.051, -0.193, -0.538), improvement=0.015753
[SRD rewrite] added patch=12, position=(0.611, -0.643, 0.906), improvement=0.015695
SRD step 50: evaluated 27 candidates, 23 promising, accepted 3
  Accepted AddPatch at patch 10, improvement=0.016431
  Accepted AddPatch at patch 11, improvement=0.015753
  Accepted AddPatch at patch 12, improvement=0.015695
  Total patches: 13, total adds: 3, total deletes: 0
  step 50/1000: loss=0.364370, patches=10
[SRD rewrite] added patch=13, position=(0.957, -0.620, 1.011), improvement=0.009642
[SRD rewrite] added patch=14, position=(0.477, -0.930, -0.945), improvement=0.009561
[SRD rewrite] added patch=15, position=(0.413, -0.710, 0.962), improvement=0.009050
SRD step 100: evaluated 27 candidates, 20 promising, accepted 3
  Accepted AddPatch at patch 13, improvement=0.009642
  Accepted AddPatch at patch 14, improvement=0.009561
  Accepted AddPatch at patch 15, improvement=0.009050
  Total patches: 16, total adds: 6, total deletes: 0
  step 100/1000: loss=0.269580, patches=13
[SRD rewrite] deleted patch=15, position=(0.482, -0.881, 1.011), reason=Area 0.000306 below minimum 0.01
[SRD rewrite] deleted patch=13, position=(0.929, -0.616, 1.005), reason=Area 0.003960 below minimum 0.01
[SRD rewrite] deleted patch=10, position=(0.807, -0.740, 1.005), reason=Area 0.001046 below minimum 0.01
[SRD rewrite] added patch=13, position=(0.875, -0.739, 0.918), improvement=0.003153
[SRD rewrite] added patch=14, position=(0.944, -0.505, 0.859), improvement=0.002549
[SRD rewrite] restored patch=15, position=(0.482, -0.881, 1.011), improvement=0.002342
SRD step 150: evaluated 27 candidates, 12 promising, accepted 6
  Accepted AddPatch at patch 13, improvement=0.003153
  Accepted AddPatch at patch 14, improvement=0.002549
  Accepted RestorePatch(0) at patch 15, improvement=0.002342
  Mandatory DeletePatch(10) at patch 10, reason=Area 0.001046 below minimum 0.01
  Mandatory DeletePatch(13) at patch 13, reason=Area 0.003960 below minimum 0.01
  Mandatory DeletePatch(15) at patch 15, reason=Area 0.000306 below minimum 0.01
  Total patches: 16, total adds: 9, total deletes: 3
  step 150/1000: loss=0.203380, patches=16
[SRD rewrite] deleted patch=15, position=(0.483, -0.999, 1.015), reason=Area 0.000306 below minimum 0.01
[SRD rewrite] deleted patch=14, position=(1.026, -0.491, 1.010), reason=Area 0.000313 below minimum 0.01
[SRD rewrite] deleted patch=13, position=(0.950, -0.736, 0.970), reason=Area 0.001511 below minimum 0.01
[SRD rewrite] added patch=13, position=(0.943, -0.281, -0.626), improvement=0.000455
SRD step 200: evaluated 27 candidates, 1 promising, accepted 4
  Accepted AddPatch at patch 13, improvement=0.000455
  Mandatory DeletePatch(13) at patch 13, reason=Area 0.001511 below minimum 0.01
  Mandatory DeletePatch(14) at patch 14, reason=Area 0.000313 below minimum 0.01
  Mandatory DeletePatch(15) at patch 15, reason=Area 0.000306 below minimum 0.01
  Total patches: 14, total adds: 10, total deletes: 6
  step 200/1000: loss=0.170339, patches=16
[SRD rewrite] deleted patch=13, position=(0.786, -0.141, -0.538), reason=Area 0.002382 below minimum 0.01
[SRD rewrite] deleted patch=9, position=(0.922, 0.050, -0.004), reason=Area 0.001988 below minimum 0.01
[SRD rewrite] restored patch=12, position=(0.922, 0.050, -0.004), improvement=0.001120
[SRD rewrite] added patch=13, position=(0.267, 0.505, 0.122), improvement=0.000743
[SRD rewrite] restored patch=14, position=(1.026, -0.491, 1.010), improvement=0.000080
SRD step 250: evaluated 27 candidates, 3 promising, accepted 5
  Accepted RestorePatch(6) at patch 12, improvement=0.001120
  Accepted AddPatch at patch 13, improvement=0.000743
  Accepted RestorePatch(3) at patch 14, improvement=0.000080
  Mandatory DeletePatch(9) at patch 9, reason=Area 0.001988 below minimum 0.01
  Mandatory DeletePatch(13) at patch 13, reason=Area 0.002382 below minimum 0.01
  Total patches: 15, total adds: 13, total deletes: 8
  step 250/1000: loss=0.155072, patches=14
[SRD rewrite] deleted patch=14, position=(1.129, -0.488, 1.047), reason=Area 0.000313 below minimum 0.01
[SRD rewrite] deleted patch=13, position=(0.150, 0.629, 0.165), reason=Area 0.000284 below minimum 0.01
[SRD rewrite] deleted patch=12, position=(0.920, 0.043, 0.054), reason=Area 0.000456 below minimum 0.01
SRD step 300: evaluated 27 candidates, 0 promising, accepted 3
  Mandatory DeletePatch(12) at patch 12, reason=Area 0.000456 below minimum 0.01
  Mandatory DeletePatch(13) at patch 13, reason=Area 0.000284 below minimum 0.01
  Mandatory DeletePatch(14) at patch 14, reason=Area 0.000313 below minimum 0.01
  Total patches: 12, total adds: 13, total deletes: 11
  step 300/1000: loss=0.153289, patches=15
[SRD rewrite] deleted patch=10, position=(0.048, -0.392, 1.172), reason=Area 0.008094 below minimum 0.01
SRD step 350: evaluated 27 candidates, 0 promising, accepted 1
  Mandatory DeletePatch(10) at patch 10, reason=Area 0.008094 below minimum 0.01
  Total patches: 11, total adds: 13, total deletes: 12
  step 350/1000: loss=0.152962, patches=12
SRD step 400: evaluated 27 candidates, 0 promising, accepted 0
  Total patches: 11, total adds: 13, total deletes: 12
  step 400/1000: loss=0.152017, patches=11
[SRD rewrite] added patch=11, position=(0.854, 0.126, -0.475), improvement=0.000296
[SRD rewrite] restored patch=12, position=(0.786, -0.141, -0.538), improvement=0.000007
SRD step 450: evaluated 27 candidates, 2 promising, accepted 2
  Accepted AddPatch at patch 11, improvement=0.000296
  Accepted RestorePatch(4) at patch 12, improvement=0.000007
  Total patches: 13, total adds: 15, total deletes: 12
  step 450/1000: loss=0.152878, patches=11
[SRD rewrite] deleted patch=12, position=(0.735, -0.075, -0.526), reason=Area 0.002208 below minimum 0.01
[SRD rewrite] added patch=12, position=(-0.174, -0.955, 1.007), improvement=0.000460
SRD step 500: evaluated 27 candidates, 1 promising, accepted 2
  Accepted AddPatch at patch 12, improvement=0.000460
  Mandatory DeletePatch(12) at patch 12, reason=Area 0.002208 below minimum 0.01
  Total patches: 13, total adds: 16, total deletes: 13
  step 500/1000: loss=0.146381, patches=13
[SRD rewrite] deleted patch=12, position=(-0.282, -0.948, 1.083), reason=Area 0.007251 below minimum 0.01
SRD step 550: evaluated 27 candidates, 0 promising, accepted 1
  Mandatory DeletePatch(12) at patch 12, reason=Area 0.007251 below minimum 0.01
  Total patches: 12, total adds: 16, total deletes: 14
  step 550/1000: loss=0.145317, patches=13
[SRD rewrite] restored patch=12, position=(-0.282, -0.948, 1.083), improvement=0.000216
[SRD rewrite] added patch=13, position=(1.181, -0.779, -0.802), improvement=0.000013
SRD step 600: evaluated 27 candidates, 3 promising, accepted 2
  Accepted RestorePatch(9) at patch 12, improvement=0.000216
  Accepted AddPatch at patch 13, improvement=0.000013
  Total patches: 14, total adds: 18, total deletes: 14
  step 600/1000: loss=0.145971, patches=12
[SRD rewrite] deleted patch=12, position=(-0.343, -0.947, 1.109), reason=Area 0.004584 below minimum 0.01
SRD step 650: evaluated 27 candidates, 0 promising, accepted 1
  Mandatory DeletePatch(12) at patch 12, reason=Area 0.004584 below minimum 0.01
  Total patches: 13, total adds: 18, total deletes: 15
  step 650/1000: loss=0.134443, patches=14
[SRD rewrite] deleted patch=11, position=(0.872, 0.158, -0.448), reason=Area 0.008374 below minimum 0.01
SRD step 700: evaluated 27 candidates, 0 promising, accepted 1
  Mandatory DeletePatch(11) at patch 11, reason=Area 0.008374 below minimum 0.01
  Total patches: 12, total adds: 18, total deletes: 16
  step 700/1000: loss=0.138016, patches=13
[SRD rewrite] restored patch=12, position=(-0.343, -0.947, 1.109), improvement=0.001095
[SRD rewrite] restored patch=13, position=(0.872, 0.158, -0.448), improvement=0.000943
[SRD rewrite] restored patch=14, position=(0.950, -0.736, 0.970), improvement=0.000307
SRD step 750: evaluated 27 candidates, 11 promising, accepted 3
  Accepted RestorePatch(9) at patch 12, improvement=0.001095
  Accepted RestorePatch(10) at patch 13, improvement=0.000943
  Accepted RestorePatch(3) at patch 14, improvement=0.000307
  Total patches: 15, total adds: 21, total deletes: 16
  step 750/1000: loss=0.132800, patches=12
[SRD rewrite] deleted patch=14, position=(1.108, -0.856, 0.963), reason=Area 0.000325 below minimum 0.01
[SRD rewrite] deleted patch=13, position=(0.863, 0.167, -0.478), reason=Area 0.009422 below minimum 0.01
[SRD rewrite] deleted patch=12, position=(-0.418, -0.909, 1.123), reason=Area 0.007437 below minimum 0.01
SRD step 800: evaluated 27 candidates, 0 promising, accepted 3
  Mandatory DeletePatch(12) at patch 12, reason=Area 0.007437 below minimum 0.01
  Mandatory DeletePatch(13) at patch 13, reason=Area 0.009422 below minimum 0.01
  Mandatory DeletePatch(14) at patch 14, reason=Area 0.000325 below minimum 0.01
  Total patches: 12, total adds: 21, total deletes: 19
  step 800/1000: loss=0.130915, patches=15
SRD step 850: evaluated 27 candidates, 0 promising, accepted 0
  Total patches: 12, total adds: 21, total deletes: 19
  step 850/1000: loss=0.135402, patches=12
SRD step 900: evaluated 27 candidates, 0 promising, accepted 0
  Total patches: 12, total adds: 21, total deletes: 19
  step 900/1000: loss=0.131253, patches=12
[SRD rewrite] deleted patch=5, position=(0.234, 1.268, 0.320), reason=Area 0.008726 below minimum 0.01
SRD step 950: evaluated 27 candidates, 0 promising, accepted 1
  Mandatory DeletePatch(5) at patch 5, reason=Area 0.008726 below minimum 0.01
  Total patches: 11, total adds: 21, total deletes: 20
  step 950/1000: loss=0.129023, patches=12
[SRD rewrite] deleted patch=4, position=(0.204, 1.291, -0.358), reason=Area 0.007410 below minimum 0.01
[SRD rewrite] deleted patch=4, position=(1.520, -1.792, 2.163), reason=no image contribution, delete has no image effect
SRD step 1000: evaluated 27 candidates, 0 promising, accepted 2
  Mandatory DeletePatch(4) at patch 4, reason=Area 0.007410 below minimum 0.01
  Mandatory DeletePatch(4) at patch 4, reason=no image contribution, delete has no image effect
  Total patches: 9, total adds: 21, total deletes: 22
  step 1000/1000: loss=0.126939, patches=11
[Trial 3] done: loss=0.129138, time=3753.1s
[Run] report written to results/slurm/20260718_0340/patchsize_water_fire_10/patches_10/with_srd/with_srd.txt
[Swept volume] building (resolution=256)...
[Run] mode=full, trials=3, seeds=[0, 1, 2], steps=1000, srd=False, ablation_flags={'disable_swept_volume_adds': True, 'loss_only_deletion': True, 'disable_splitting': False}
[Trial 1/3] seed=0
[Patch] mapbox-earcut is not installed; falling back to fan fill, so non-convex pieces will render incorrectly. Install it with: pip install mapbox-earcut
  step 50/1000: loss=0.355107, patches=10
  step 100/1000: loss=0.269174, patches=10
  step 150/1000: loss=0.218895, patches=10
  step 200/1000: loss=0.198084, patches=10
  step 250/1000: loss=0.188937, patches=10
  step 300/1000: loss=0.184983, patches=10
  step 350/1000: loss=0.182430, patches=10
  step 400/1000: loss=0.181846, patches=10
  step 450/1000: loss=0.180767, patches=10
  step 500/1000: loss=0.180290, patches=10
  step 550/1000: loss=0.181127, patches=10
  step 600/1000: loss=0.180115, patches=10
  step 650/1000: loss=0.181753, patches=10
  step 700/1000: loss=0.179380, patches=10
  step 750/1000: loss=0.174833, patches=10
  step 800/1000: loss=0.172440, patches=10
  step 850/1000: loss=0.170708, patches=10
  step 900/1000: loss=0.171118, patches=10
  step 950/1000: loss=0.169280, patches=10
  step 1000/1000: loss=0.168834, patches=10
[Trial 1] done: loss=0.168771, time=786.9s
[Trial 2/3] seed=1
  step 50/1000: loss=0.325424, patches=10
  step 100/1000: loss=0.218904, patches=10
  step 150/1000: loss=0.192350, patches=10
  step 200/1000: loss=0.171116, patches=10
  step 250/1000: loss=0.162360, patches=10
  step 300/1000: loss=0.159183, patches=10
  step 350/1000: loss=0.151918, patches=10
  step 400/1000: loss=0.152829, patches=10
  step 450/1000: loss=0.149193, patches=10
  step 500/1000: loss=0.144521, patches=10
  step 550/1000: loss=0.142901, patches=10
  step 600/1000: loss=0.138425, patches=10
  step 650/1000: loss=0.126138, patches=10
  step 700/1000: loss=0.126343, patches=10
  step 750/1000: loss=0.134463, patches=10
  step 800/1000: loss=0.134145, patches=10
  step 850/1000: loss=0.137940, patches=10
  step 900/1000: loss=0.138385, patches=10
  step 950/1000: loss=0.136367, patches=10
  step 1000/1000: loss=0.135492, patches=10
[Trial 2] done: loss=0.135799, time=829.3s
[Trial 3/3] seed=2
  step 50/1000: loss=0.364370, patches=10
  step 100/1000: loss=0.277201, patches=10
  step 150/1000: loss=0.210893, patches=10
  step 200/1000: loss=0.207511, patches=10
  step 250/1000: loss=0.211684, patches=10
  step 300/1000: loss=0.211927, patches=10
  step 350/1000: loss=0.197657, patches=10
  step 400/1000: loss=0.187953, patches=10
  step 450/1000: loss=0.180685, patches=10
  step 500/1000: loss=0.174979, patches=10
  step 550/1000: loss=0.181946, patches=10
  step 600/1000: loss=0.178385, patches=10
  step 650/1000: loss=0.177175, patches=10
  step 700/1000: loss=0.175788, patches=10
  step 750/1000: loss=0.178514, patches=10
  step 800/1000: loss=0.179822, patches=10
  step 850/1000: loss=0.183899, patches=10
  step 900/1000: loss=0.184811, patches=10
  step 950/1000: loss=0.184890, patches=10
  step 1000/1000: loss=0.186050, patches=10
[Trial 3] done: loss=0.186196, time=808.0s
[Run] report written to results/slurm/20260718_0340/patchsize_water_fire_10/patches_10/without_srd/without_srd.txt

======================================================================
Running 3 trials WITH SRD
======================================================================


======================================================================
Running 3 trials WITHOUT SRD
======================================================================


[Comparison] report written to results/slurm/20260718_0340/patchsize_water_fire_10/patches_10/comparison.txt

======================================================================
SRD Patch Size Comparison
======================================================================
Started: 2026-07-18T04:53:52
Patch sizes: [10]
Trials per size: 3
Steps per trial: 1000
Output directory: results/slurm/20260718_0340/patchsize_water_fire_10
======================================================================


======================================================================
Running comparison with 10 initial patches
  Target 1: images/water.png
  Target 2: images/fire.png
  Trials: 3, Steps: 1000
======================================================================

[OK] Comparison with 10 patches completed successfully

======================================================================
Comparison Summary
======================================================================
Successful: 1/1
Total time: 12999.0 seconds (3.61 hours)
Summary report: results/slurm/20260718_0340/patchsize_water_fire_10/SUMMARY.txt
======================================================================

