## SLURM PROLOG ###############################################################
##    Job ID : 4093837
##  Job Name : 20260718_1833_patchsize_sun_moon_30
##  Nodelist : gpu2102
##      CPUs : 
##  Mem/Node : 128000 MB
## Directory : /oscar/home/cjmok/automated-perspective-sculptor
##   Job Started : Sat Jul 18 10:38:07 PM EDT 2026
###############################################################################
[Swept volume] building (resolution=256)...
[Run] mode=full, trials=3, seeds=[0, 1, 2], steps=1000, srd=True, ablation_flags={'disable_swept_volume_adds': False, 'loss_only_deletion': False, 'disable_splitting': False}
[Trial 1/3] seed=0
[Patch] mapbox-earcut is not installed; falling back to fan fill, so non-convex pieces will render incorrectly. Install it with: pip install mapbox-earcut
[SRD rewrite] added patch=30, position=(-0.315, 0.212, 1.439), improvement=0.019508
[SRD rewrite] added patch=31, position=(-0.586, -0.053, 1.006), improvement=0.019371
[SRD rewrite] added patch=32, position=(-0.293, -0.497, 0.734), improvement=0.019322
SRD step 50: evaluated 27 candidates, 27 promising, accepted 3
  Accepted AddPatch at patch 30, improvement=0.019508
  Accepted AddPatch at patch 31, improvement=0.019371
  Accepted AddPatch at patch 32, improvement=0.019322
  Total patches: 33, total adds: 3, total deletes: 0
  step 50/1000: loss=0.469329, patches=30
[SRD rewrite] deleted patch=30, position=(-0.311, 0.208, 1.447), reason=Area 0.009222 below minimum 0.01
[SRD rewrite] added patch=32, position=(1.173, -0.583, 0.502), improvement=0.009773
[SRD rewrite] added patch=33, position=(-0.034, -0.350, 1.382), improvement=0.009401
[SRD rewrite] added patch=34, position=(-0.691, -0.874, 0.664), improvement=0.009374
SRD step 100: evaluated 27 candidates, 27 promising, accepted 4
  Accepted AddPatch at patch 32, improvement=0.009773
  Accepted AddPatch at patch 33, improvement=0.009401
  Accepted AddPatch at patch 34, improvement=0.009374
  Mandatory DeletePatch(30) at patch 30, reason=Area 0.009222 below minimum 0.01
  Total patches: 35, total adds: 6, total deletes: 1
  step 100/1000: loss=0.343432, patches=33
[SRD rewrite] deleted patch=33, position=(-0.086, -0.268, 1.409), reason=Area 0.000752 below minimum 0.01
[SRD rewrite] split patch=12, children=33,34, improvement=0.013312
[SRD rewrite] added patch=35, position=(0.477, -0.410, 1.296), improvement=0.006610
[SRD rewrite] added patch=36, position=(0.763, -1.031, 0.054), improvement=0.006342
SRD step 150: evaluated 27 candidates, 23 promising, accepted 4
  Accepted SplitPatch(12) at patch 12, improvement=0.013312
  Accepted AddPatch at patch 35, improvement=0.006610
  Accepted AddPatch at patch 36, improvement=0.006342
  Mandatory DeletePatch(33) at patch 33, reason=Area 0.000752 below minimum 0.01
  Total patches: 37, total adds: 9, total deletes: 2
  step 150/1000: loss=0.280291, patches=35
[SRD rewrite] deleted patch=35, position=(0.519, -0.381, 1.262), reason=Area 0.000316 below minimum 0.01
[SRD rewrite] deleted patch=34, position=(1.773, 0.667, -0.752), reason=Area 0.005545 below minimum 0.01
[SRD rewrite] deleted patch=33, position=(1.703, 0.543, -0.777), reason=Area 0.000848 below minimum 0.01
[SRD rewrite] deleted patch=0, position=(0.736, 0.344, 1.875), reason=Area 0.009851 below minimum 0.01
[SRD rewrite] deleted patch=19, position=(0.703, 0.918, -0.028), reason=delete has no image effect
[SRD rewrite] added patch=32, position=(-0.045, -0.328, 0.830), improvement=0.000424
SRD step 200: evaluated 27 candidates, 1 promising, accepted 6
  Accepted AddPatch at patch 32, improvement=0.000424
  Mandatory DeletePatch(0) at patch 0, reason=Area 0.009851 below minimum 0.01
  Mandatory DeletePatch(33) at patch 33, reason=Area 0.000848 below minimum 0.01
  Mandatory DeletePatch(34) at patch 34, reason=Area 0.005545 below minimum 0.01
  Mandatory DeletePatch(35) at patch 35, reason=Area 0.000316 below minimum 0.01
  Mandatory DeletePatch(19) at patch 19, reason=delete has no image effect
  Total patches: 33, total adds: 10, total deletes: 7
  step 200/1000: loss=0.229156, patches=37
[SRD rewrite] deleted patch=32, position=(-0.107, -0.195, 0.980), reason=Area 0.000257 below minimum 0.01
[SRD rewrite] deleted patch=22, position=(-0.754, 0.585, 1.217), reason=Area 0.000382 below minimum 0.01
[SRD rewrite] deleted patch=13, position=(-0.021, 0.085, 0.384), reason=Area 0.007984 below minimum 0.01
SRD step 250: evaluated 27 candidates, 0 promising, accepted 3
  Mandatory DeletePatch(13) at patch 13, reason=Area 0.007984 below minimum 0.01
  Mandatory DeletePatch(22) at patch 22, reason=Area 0.000382 below minimum 0.01
  Mandatory DeletePatch(32) at patch 32, reason=Area 0.000257 below minimum 0.01
  Total patches: 30, total adds: 10, total deletes: 10
  step 250/1000: loss=0.207004, patches=33
SRD step 300: evaluated 27 candidates, 0 promising, accepted 0
  Total patches: 30, total adds: 10, total deletes: 10
  step 300/1000: loss=0.190504, patches=30
[SRD rewrite] deleted patch=3, position=(-1.082, 0.561, 0.392), reason=delete has no image effect
SRD step 350: evaluated 27 candidates, 0 promising, accepted 1
  Mandatory DeletePatch(3) at patch 3, reason=delete has no image effect
  Total patches: 29, total adds: 10, total deletes: 11
  step 350/1000: loss=0.178358, patches=30
[SRD rewrite] added patch=29, position=(-1.243, -0.069, 0.879), improvement=0.002644
[SRD rewrite] added patch=30, position=(0.750, 1.037, 0.724), improvement=0.001962
[SRD rewrite] restored patch=31, position=(-0.754, 0.585, 1.217), improvement=0.001482
SRD step 400: evaluated 27 candidates, 22 promising, accepted 3
  Accepted AddPatch at patch 29, improvement=0.002644
  Accepted AddPatch at patch 30, improvement=0.001962
  Accepted RestorePatch(9) at patch 31, improvement=0.001482
  Total patches: 32, total adds: 13, total deletes: 11
  step 400/1000: loss=0.179759, patches=29
[SRD rewrite] deleted patch=31, position=(-0.730, 0.636, 1.265), reason=Area 0.000826 below minimum 0.01
[SRD rewrite] deleted patch=30, position=(0.702, 1.033, 0.848), reason=Area 0.007840 below minimum 0.01
SRD step 450: evaluated 27 candidates, 0 promising, accepted 2
  Mandatory DeletePatch(30) at patch 30, reason=Area 0.007840 below minimum 0.01
  Mandatory DeletePatch(31) at patch 31, reason=Area 0.000826 below minimum 0.01
  Total patches: 30, total adds: 13, total deletes: 13
  step 450/1000: loss=0.163500, patches=32
SRD step 500: evaluated 27 candidates, 0 promising, accepted 0
  Total patches: 30, total adds: 13, total deletes: 13
  step 500/1000: loss=0.156832, patches=30
SRD step 550: evaluated 27 candidates, 0 promising, accepted 0
  Total patches: 30, total adds: 13, total deletes: 13
  step 550/1000: loss=0.154396, patches=30
[SRD rewrite] deleted patch=28, position=(0.579, -0.775, 0.053), reason=Area 0.004434 below minimum 0.01
SRD step 600: evaluated 27 candidates, 0 promising, accepted 1
  Mandatory DeletePatch(28) at patch 28, reason=Area 0.004434 below minimum 0.01
  Total patches: 29, total adds: 13, total deletes: 14
  step 600/1000: loss=0.152594, patches=30
[SRD rewrite] deleted patch=24, position=(-0.664, 0.172, 0.863), reason=delete has no image effect
[SRD rewrite] restored patch=28, position=(-1.082, 0.561, 0.392), improvement=0.000120
[SRD rewrite] restored patch=29, position=(0.579, -0.775, 0.053), improvement=0.000114
SRD step 650: evaluated 27 candidates, 2 promising, accepted 3
  Accepted RestorePatch(10) at patch 28, improvement=0.000120
  Accepted RestorePatch(13) at patch 29, improvement=0.000114
  Mandatory DeletePatch(24) at patch 24, reason=delete has no image effect
  Total patches: 30, total adds: 15, total deletes: 15
  step 650/1000: loss=0.147187, patches=29
[SRD rewrite] deleted patch=29, position=(0.572, -0.758, 0.066), reason=Area 0.002150 below minimum 0.01
SRD step 700: evaluated 27 candidates, 0 promising, accepted 1
  Mandatory DeletePatch(29) at patch 29, reason=Area 0.002150 below minimum 0.01
  Total patches: 29, total adds: 15, total deletes: 16
  step 700/1000: loss=0.146165, patches=30
[SRD rewrite] deleted patch=22, position=(0.653, -0.822, 0.015), reason=Area 0.009568 below minimum 0.01
[SRD rewrite] deleted patch=18, position=(0.623, -2.714, -1.600), reason=no image contribution, delete has no image effect
[SRD rewrite] deleted patch=2, position=(-2.274, -0.088, 1.843), reason=delete has no image effect
SRD step 750: evaluated 27 candidates, 0 promising, accepted 3
  Mandatory DeletePatch(22) at patch 22, reason=Area 0.009568 below minimum 0.01
  Mandatory DeletePatch(2) at patch 2, reason=delete has no image effect
  Mandatory DeletePatch(18) at patch 18, reason=no image contribution, delete has no image effect
  Total patches: 26, total adds: 15, total deletes: 19
  step 750/1000: loss=0.142054, patches=29
SRD step 800: evaluated 27 candidates, 0 promising, accepted 0
  Total patches: 26, total adds: 15, total deletes: 19
  step 800/1000: loss=0.137607, patches=26
[SRD rewrite] deleted patch=7, position=(-0.577, -0.258, 2.259), reason=Area 0.003593 below minimum 0.01
SRD step 850: evaluated 27 candidates, 0 promising, accepted 1
  Mandatory DeletePatch(7) at patch 7, reason=Area 0.003593 below minimum 0.01
  Total patches: 25, total adds: 15, total deletes: 20
  step 850/1000: loss=0.132613, patches=26
[SRD rewrite] deleted patch=24, position=(-1.078, 0.567, 0.408), reason=delete has no image effect
SRD step 900: evaluated 27 candidates, 0 promising, accepted 1
  Mandatory DeletePatch(24) at patch 24, reason=delete has no image effect
  Total patches: 24, total adds: 15, total deletes: 21
  step 900/1000: loss=0.131822, patches=25
SRD step 950: evaluated 27 candidates, 0 promising, accepted 0
  Total patches: 24, total adds: 15, total deletes: 21
  step 950/1000: loss=0.131488, patches=24
SRD step 1000: evaluated 27 candidates, 0 promising, accepted 0
  Total patches: 24, total adds: 15, total deletes: 21
  step 1000/1000: loss=0.130219, patches=24
[SRD rewrite] deleted patch=8, position=(-2.022, -1.403, 0.734), reason=final deletion pass improved loss
[SRD rewrite] deleted patch=12, position=(0.297, -0.476, 2.314), reason=final deletion pass improved loss
[Trial 1] done: loss=0.117424, time=5766.0s
[Trial 2/3] seed=1
[SRD rewrite] added patch=30, position=(0.341, -0.193, 1.001), improvement=0.022584
[SRD rewrite] added patch=31, position=(0.204, -0.342, 1.008), improvement=0.021969
[SRD rewrite] added patch=32, position=(0.174, -0.171, 1.064), improvement=0.021559
SRD step 50: evaluated 27 candidates, 27 promising, accepted 3
  Accepted AddPatch at patch 30, improvement=0.022584
  Accepted AddPatch at patch 31, improvement=0.021969
  Accepted AddPatch at patch 32, improvement=0.021559
  Total patches: 33, total adds: 3, total deletes: 0
  step 50/1000: loss=0.440165, patches=30
[SRD rewrite] added patch=33, position=(0.623, -0.285, 1.267), improvement=0.007930
[SRD rewrite] added patch=34, position=(0.349, -0.478, 0.555), improvement=0.007714
[SRD rewrite] added patch=35, position=(0.022, -1.146, -0.205), improvement=0.007708
SRD step 100: evaluated 27 candidates, 25 promising, accepted 3
  Accepted AddPatch at patch 33, improvement=0.007930
  Accepted AddPatch at patch 34, improvement=0.007714
  Accepted AddPatch at patch 35, improvement=0.007708
  Total patches: 36, total adds: 6, total deletes: 0
  step 100/1000: loss=0.288693, patches=33
[SRD rewrite] deleted patch=32, position=(0.093, -0.133, 1.358), reason=Area 0.002048 below minimum 0.01
[SRD rewrite] deleted patch=30, position=(0.492, -0.265, 0.822), reason=Area 0.008258 below minimum 0.01
[SRD rewrite] deleted patch=2, position=(0.795, 1.018, -0.347), reason=Area 0.004241 below minimum 0.01
[SRD rewrite] added patch=33, position=(0.682, -0.972, 0.908), improvement=0.000178
[SRD rewrite] added patch=34, position=(0.803, -1.203, -0.554), improvement=0.000102
SRD step 150: evaluated 27 candidates, 2 promising, accepted 5
  Accepted AddPatch at patch 33, improvement=0.000178
  Accepted AddPatch at patch 34, improvement=0.000102
  Mandatory DeletePatch(2) at patch 2, reason=Area 0.004241 below minimum 0.01
  Mandatory DeletePatch(30) at patch 30, reason=Area 0.008258 below minimum 0.01
  Mandatory DeletePatch(32) at patch 32, reason=Area 0.002048 below minimum 0.01
  Total patches: 35, total adds: 8, total deletes: 3
  step 150/1000: loss=0.234622, patches=36
[SRD rewrite] deleted patch=25, position=(-0.193, 1.105, -0.257), reason=Area 0.003884 below minimum 0.01
[SRD rewrite] deleted patch=23, position=(-0.055, -0.107, 1.424), reason=Area 0.001832 below minimum 0.01
[SRD rewrite] added patch=33, position=(-1.019, 0.473, 1.416), improvement=0.000954
[SRD rewrite] added patch=34, position=(1.321, -0.042, 0.592), improvement=0.000855
[SRD rewrite] added patch=35, position=(1.263, -0.048, 0.999), improvement=0.000763
SRD step 200: evaluated 27 candidates, 5 promising, accepted 5
  Accepted AddPatch at patch 33, improvement=0.000954
  Accepted AddPatch at patch 34, improvement=0.000855
  Accepted AddPatch at patch 35, improvement=0.000763
  Mandatory DeletePatch(23) at patch 23, reason=Area 0.001832 below minimum 0.01
  Mandatory DeletePatch(25) at patch 25, reason=Area 0.003884 below minimum 0.01
  Total patches: 36, total adds: 11, total deletes: 5
  step 200/1000: loss=0.200579, patches=35
[SRD rewrite] deleted patch=28, position=(0.659, -0.207, 1.279), reason=Area 0.005374 below minimum 0.01
[SRD rewrite] added patch=35, position=(-1.173, -0.069, 1.350), improvement=0.000803
[SRD rewrite] added patch=36, position=(0.728, 0.336, 1.119), improvement=0.000347
[SRD rewrite] restored patch=37, position=(-0.055, -0.107, 1.424), improvement=0.000189
SRD step 250: evaluated 27 candidates, 7 promising, accepted 4
  Accepted AddPatch at patch 35, improvement=0.000803
  Accepted AddPatch at patch 36, improvement=0.000347
  Accepted RestorePatch(4) at patch 37, improvement=0.000189
  Mandatory DeletePatch(28) at patch 28, reason=Area 0.005374 below minimum 0.01
  Total patches: 38, total adds: 14, total deletes: 6
  step 250/1000: loss=0.163434, patches=36
[SRD rewrite] deleted patch=37, position=(-0.041, -0.130, 1.429), reason=Area 0.000134 below minimum 0.01
[SRD rewrite] deleted patch=29, position=(0.059, -0.916, -0.032), reason=Area 0.009610 below minimum 0.01
[SRD rewrite] deleted patch=0, position=(-0.004, -1.418, 0.730), reason=Area 0.001789 below minimum 0.01
SRD step 300: evaluated 27 candidates, 0 promising, accepted 3
  Mandatory DeletePatch(0) at patch 0, reason=Area 0.001789 below minimum 0.01
  Mandatory DeletePatch(29) at patch 29, reason=Area 0.009610 below minimum 0.01
  Mandatory DeletePatch(37) at patch 37, reason=Area 0.000134 below minimum 0.01
  Total patches: 35, total adds: 14, total deletes: 9
  step 300/1000: loss=0.139976, patches=38
[SRD rewrite] deleted patch=14, position=(0.739, -0.088, 1.924), reason=Area 0.005479 below minimum 0.01
SRD step 350: evaluated 27 candidates, 0 promising, accepted 1
  Mandatory DeletePatch(14) at patch 14, reason=Area 0.005479 below minimum 0.01
  Total patches: 34, total adds: 14, total deletes: 10
  step 350/1000: loss=0.122822, patches=35
SRD step 400: evaluated 27 candidates, 0 promising, accepted 0
  Total patches: 34, total adds: 14, total deletes: 10
  step 400/1000: loss=0.118713, patches=34
[SRD rewrite] deleted patch=10, position=(-0.301, -0.561, 2.481), reason=Area 0.003573 below minimum 0.01
SRD step 450: evaluated 27 candidates, 0 promising, accepted 1
  Mandatory DeletePatch(10) at patch 10, reason=Area 0.003573 below minimum 0.01
  Total patches: 33, total adds: 14, total deletes: 11
  step 450/1000: loss=0.113758, patches=34
SRD step 500: evaluated 27 candidates, 0 promising, accepted 0
  Total patches: 33, total adds: 14, total deletes: 11
  step 500/1000: loss=0.109112, patches=33
SRD step 550: evaluated 27 candidates, 0 promising, accepted 0
  Total patches: 33, total adds: 14, total deletes: 11
  step 550/1000: loss=0.106486, patches=33
[SRD rewrite] deleted patch=16, position=(-1.867, -1.823, 1.074), reason=Area 0.008375 below minimum 0.01
SRD step 600: evaluated 27 candidates, 0 promising, accepted 1
  Mandatory DeletePatch(16) at patch 16, reason=Area 0.008375 below minimum 0.01
  Total patches: 32, total adds: 14, total deletes: 12
  step 600/1000: loss=0.102125, patches=33
SRD step 650: evaluated 27 candidates, 0 promising, accepted 0
  Total patches: 32, total adds: 14, total deletes: 12
  step 650/1000: loss=0.098490, patches=32
SRD step 700: evaluated 27 candidates, 0 promising, accepted 0
  Total patches: 32, total adds: 14, total deletes: 12
  step 700/1000: loss=0.098343, patches=32
SRD step 750: evaluated 27 candidates, 0 promising, accepted 0
  Total patches: 32, total adds: 14, total deletes: 12
  step 750/1000: loss=0.090525, patches=32
SRD step 800: evaluated 27 candidates, 0 promising, accepted 0
  Total patches: 32, total adds: 14, total deletes: 12
  step 800/1000: loss=0.093564, patches=32
[SRD rewrite] deleted patch=16, position=(-0.291, 0.295, 0.272), reason=Area 0.005915 below minimum 0.01
SRD step 850: evaluated 27 candidates, 0 promising, accepted 1
  Mandatory DeletePatch(16) at patch 16, reason=Area 0.005915 below minimum 0.01
  Total patches: 31, total adds: 14, total deletes: 13
  step 850/1000: loss=0.094247, patches=32
SRD step 900: evaluated 27 candidates, 0 promising, accepted 0
  Total patches: 31, total adds: 14, total deletes: 13
  step 900/1000: loss=0.095273, patches=31
SRD step 950: evaluated 27 candidates, 0 promising, accepted 0
  Total patches: 31, total adds: 14, total deletes: 13
  step 950/1000: loss=0.097187, patches=31
SRD step 1000: evaluated 27 candidates, 0 promising, accepted 0
  Total patches: 31, total adds: 14, total deletes: 13
  step 1000/1000: loss=0.101557, patches=31
[SRD rewrite] deleted patch=10, position=(0.856, 0.034, 2.444), reason=final deletion pass improved loss
[SRD rewrite] deleted patch=12, position=(-2.180, 0.508, 2.110), reason=final deletion pass improved loss
[SRD rewrite] deleted patch=18, position=(-0.538, -0.659, 2.396), reason=final deletion pass improved loss
[Trial 2] done: loss=0.091973, time=6720.3s
[Trial 3/3] seed=2
[SRD rewrite] added patch=30, position=(-0.029, 0.285, 1.211), improvement=0.022368
[SRD rewrite] added patch=31, position=(-0.419, 0.395, 1.086), improvement=0.021846
[SRD rewrite] added patch=32, position=(0.232, -0.363, 0.913), improvement=0.021709
SRD step 50: evaluated 27 candidates, 27 promising, accepted 3
  Accepted AddPatch at patch 30, improvement=0.022368
  Accepted AddPatch at patch 31, improvement=0.021846
  Accepted AddPatch at patch 32, improvement=0.021709
  Total patches: 33, total adds: 3, total deletes: 0
  step 50/1000: loss=0.422449, patches=30
[SRD rewrite] added patch=33, position=(-0.676, -0.907, 0.815), improvement=0.000187
SRD step 100: evaluated 27 candidates, 1 promising, accepted 1
  Accepted AddPatch at patch 33, improvement=0.000187
  Total patches: 34, total adds: 4, total deletes: 0
  step 100/1000: loss=0.295022, patches=33
[SRD rewrite] deleted patch=33, position=(-0.671, -0.898, 0.764), reason=Area 0.005151 below minimum 0.01
[SRD rewrite] deleted patch=2, position=(-0.748, -0.108, 0.604), reason=Area 0.006776 below minimum 0.01
[SRD rewrite] added patch=32, position=(0.286, -0.615, 0.415), improvement=0.006481
[SRD rewrite] added patch=33, position=(-0.515, -0.454, 0.670), improvement=0.006204
[SRD rewrite] added patch=34, position=(-0.269, -0.507, 0.996), improvement=0.005945
SRD step 150: evaluated 27 candidates, 24 promising, accepted 5
  Accepted AddPatch at patch 32, improvement=0.006481
  Accepted AddPatch at patch 33, improvement=0.006204
  Accepted AddPatch at patch 34, improvement=0.005945
  Mandatory DeletePatch(2) at patch 2, reason=Area 0.006776 below minimum 0.01
  Mandatory DeletePatch(33) at patch 33, reason=Area 0.005151 below minimum 0.01
  Total patches: 35, total adds: 7, total deletes: 2
  step 150/1000: loss=0.241131, patches=34
[SRD rewrite] deleted patch=14, position=(-1.608, -1.752, -0.015), reason=Area 0.008582 below minimum 0.01
[SRD rewrite] added patch=34, position=(-0.613, -0.925, 0.773), improvement=0.002311
[SRD rewrite] added patch=35, position=(-0.739, -0.973, 0.192), improvement=0.001829
[SRD rewrite] added patch=36, position=(-0.621, -0.867, 1.186), improvement=0.001666
SRD step 200: evaluated 27 candidates, 10 promising, accepted 4
  Accepted AddPatch at patch 34, improvement=0.002311
  Accepted AddPatch at patch 35, improvement=0.001829
  Accepted AddPatch at patch 36, improvement=0.001666
  Mandatory DeletePatch(14) at patch 14, reason=Area 0.008582 below minimum 0.01
  Total patches: 37, total adds: 10, total deletes: 3
  step 200/1000: loss=0.189009, patches=35
[SRD rewrite] deleted patch=33, position=(-0.442, -0.476, 1.264), reason=Area 0.008630 below minimum 0.01
[SRD rewrite] deleted patch=18, position=(1.635, -0.713, 0.147), reason=Area 0.006898 below minimum 0.01
SRD step 250: evaluated 27 candidates, 0 promising, accepted 2
  Mandatory DeletePatch(18) at patch 18, reason=Area 0.006898 below minimum 0.01
  Mandatory DeletePatch(33) at patch 33, reason=Area 0.008630 below minimum 0.01
  Total patches: 35, total adds: 10, total deletes: 5
  step 250/1000: loss=0.156194, patches=37
[SRD rewrite] deleted patch=20, position=(0.128, 0.041, 0.370), reason=Area 0.001053 below minimum 0.01
[SRD rewrite] deleted patch=21, position=(-0.907, 0.457, 0.878), reason=delete has no image effect
SRD step 300: evaluated 27 candidates, 0 promising, accepted 2
  Mandatory DeletePatch(20) at patch 20, reason=Area 0.001053 below minimum 0.01
  Mandatory DeletePatch(21) at patch 21, reason=delete has no image effect
  Total patches: 33, total adds: 10, total deletes: 7
  step 300/1000: loss=0.137522, patches=35
SRD step 350: evaluated 27 candidates, 0 promising, accepted 0
  Total patches: 33, total adds: 10, total deletes: 7
  step 350/1000: loss=0.123092, patches=33
SRD step 400: evaluated 27 candidates, 0 promising, accepted 0
  Total patches: 33, total adds: 10, total deletes: 7
  step 400/1000: loss=0.117674, patches=33
[SRD rewrite] deleted patch=26, position=(-0.460, 0.534, 0.972), reason=Area 0.008354 below minimum 0.01
SRD step 450: evaluated 27 candidates, 0 promising, accepted 1
  Mandatory DeletePatch(26) at patch 26, reason=Area 0.008354 below minimum 0.01
  Total patches: 32, total adds: 10, total deletes: 8
  step 450/1000: loss=0.109911, patches=33
SRD step 500: evaluated 27 candidates, 0 promising, accepted 0
  Total patches: 32, total adds: 10, total deletes: 8
  step 500/1000: loss=0.108342, patches=32
SRD step 550: evaluated 27 candidates, 0 promising, accepted 0
  Total patches: 32, total adds: 10, total deletes: 8
  step 550/1000: loss=0.108898, patches=32
[SRD rewrite] deleted patch=31, position=(-0.606, -0.816, 1.326), reason=Area 0.008409 below minimum 0.01
SRD step 600: evaluated 27 candidates, 0 promising, accepted 1
  Mandatory DeletePatch(31) at patch 31, reason=Area 0.008409 below minimum 0.01
  Total patches: 31, total adds: 10, total deletes: 9
  step 600/1000: loss=0.116171, patches=32
SRD step 650: evaluated 27 candidates, 0 promising, accepted 0
  Total patches: 31, total adds: 10, total deletes: 9
  step 650/1000: loss=0.125268, patches=31
SRD step 700: evaluated 27 candidates, 0 promising, accepted 0
  Total patches: 31, total adds: 10, total deletes: 9
  step 700/1000: loss=0.120168, patches=31
[SRD rewrite] deleted patch=30, position=(-0.695, -0.878, 0.212), reason=delete has no image effect
SRD step 750: evaluated 27 candidates, 0 promising, accepted 1
  Mandatory DeletePatch(30) at patch 30, reason=delete has no image effect
  Total patches: 30, total adds: 10, total deletes: 10
  step 750/1000: loss=0.116017, patches=31
SRD step 800: evaluated 27 candidates, 0 promising, accepted 0
  Total patches: 30, total adds: 10, total deletes: 10
  step 800/1000: loss=0.114652, patches=30
[SRD rewrite] deleted patch=0, position=(0.732, 1.149, -0.085), reason=delete has no image effect
SRD step 850: evaluated 27 candidates, 0 promising, accepted 1
  Mandatory DeletePatch(0) at patch 0, reason=delete has no image effect
  Total patches: 29, total adds: 10, total deletes: 11
  step 850/1000: loss=0.104694, patches=30
SRD step 900: evaluated 27 candidates, 0 promising, accepted 0
  Total patches: 29, total adds: 10, total deletes: 11
  step 900/1000: loss=0.109260, patches=29
SRD step 950: evaluated 27 candidates, 0 promising, accepted 0
  Total patches: 29, total adds: 10, total deletes: 11
  step 950/1000: loss=0.106836, patches=29
SRD step 1000: evaluated 27 candidates, 0 promising, accepted 0
  Total patches: 29, total adds: 10, total deletes: 11
  step 1000/1000: loss=0.104239, patches=29
[SRD rewrite] deleted patch=9, position=(-1.484, -0.147, 2.459), reason=final deletion pass improved loss
[SRD rewrite] deleted patch=18, position=(1.884, -0.134, 1.002), reason=final deletion pass improved loss
[SRD rewrite] deleted patch=21, position=(-1.636, -2.451, -0.293), reason=final deletion pass improved loss
[Trial 3] done: loss=0.072121, time=6397.2s
[Run] report written to results/slurm/20260718_1833/patchsize_sun_moon_30/patches_30/with_srd/with_srd.txt
[Swept volume] building (resolution=256)...
[Run] mode=full, trials=3, seeds=[0, 1, 2], steps=1000, srd=False, ablation_flags={'disable_swept_volume_adds': True, 'loss_only_deletion': True, 'disable_splitting': False}
[Trial 1/3] seed=0
[Patch] mapbox-earcut is not installed; falling back to fan fill, so non-convex pieces will render incorrectly. Install it with: pip install mapbox-earcut
  step 50/1000: loss=0.469329, patches=30
  step 100/1000: loss=0.350045, patches=30
  step 150/1000: loss=0.287506, patches=30
  step 200/1000: loss=0.261725, patches=30
  step 250/1000: loss=0.239340, patches=30
  step 300/1000: loss=0.229378, patches=30
  step 350/1000: loss=0.221333, patches=30
  step 400/1000: loss=0.220243, patches=30
  step 450/1000: loss=0.211099, patches=30
  step 500/1000: loss=0.207707, patches=30
  step 550/1000: loss=0.207309, patches=30
  step 600/1000: loss=0.195089, patches=30
  step 650/1000: loss=0.184879, patches=30
  step 700/1000: loss=0.182275, patches=30
  step 750/1000: loss=0.184329, patches=30
  step 800/1000: loss=0.194043, patches=30
  step 850/1000: loss=0.191860, patches=30
  step 900/1000: loss=0.185930, patches=30
  step 950/1000: loss=0.182786, patches=30
  step 1000/1000: loss=0.177379, patches=30
[Trial 1] done: loss=0.178842, time=1554.3s
[Trial 2/3] seed=1
  step 50/1000: loss=0.440165, patches=30
  step 100/1000: loss=0.287109, patches=30
  step 150/1000: loss=0.252417, patches=30
  step 200/1000: loss=0.227025, patches=30
  step 250/1000: loss=0.218402, patches=30
  step 300/1000: loss=0.224148, patches=30
  step 350/1000: loss=0.218166, patches=30
  step 400/1000: loss=0.209170, patches=30
  step 450/1000: loss=0.213940, patches=30
  step 500/1000: loss=0.212824, patches=30
  step 550/1000: loss=0.200593, patches=30
  step 600/1000: loss=0.196303, patches=30
  step 650/1000: loss=0.188893, patches=30
  step 700/1000: loss=0.182755, patches=30
  step 750/1000: loss=0.176282, patches=30
  step 800/1000: loss=0.171453, patches=30
  step 850/1000: loss=0.164878, patches=30
  step 900/1000: loss=0.164469, patches=30
  step 950/1000: loss=0.160570, patches=30
  step 1000/1000: loss=0.159617, patches=30
[Trial 2] done: loss=0.159487, time=1561.9s
[Trial 3/3] seed=2
  step 50/1000: loss=0.422449, patches=30
  step 100/1000: loss=0.305243, patches=30
  step 150/1000: loss=0.255984, patches=30
  step 200/1000: loss=0.218245, patches=30
  step 250/1000: loss=0.200190, patches=30
  step 300/1000: loss=0.170623, patches=30
  step 350/1000: loss=0.154309, patches=30
  step 400/1000: loss=0.146871, patches=30
  step 450/1000: loss=0.139186, patches=30
  step 500/1000: loss=0.132012, patches=30
  step 550/1000: loss=0.131774, patches=30
  step 600/1000: loss=0.127503, patches=30
  step 650/1000: loss=0.125765, patches=30
  step 700/1000: loss=0.125379, patches=30
  step 750/1000: loss=0.126299, patches=30
  step 800/1000: loss=0.126062, patches=30
  step 850/1000: loss=0.123618, patches=30
  step 900/1000: loss=0.124413, patches=30
  step 950/1000: loss=0.124102, patches=30
  step 1000/1000: loss=0.127696, patches=30
[Trial 3] done: loss=0.127320, time=1555.9s
[Run] report written to results/slurm/20260718_1833/patchsize_sun_moon_30/patches_30/without_srd/without_srd.txt

======================================================================
Running 3 trials WITH SRD
======================================================================


======================================================================
Running 3 trials WITHOUT SRD
======================================================================


[Comparison] report written to results/slurm/20260718_1833/patchsize_sun_moon_30/patches_30/comparison.txt

======================================================================
SRD Patch Size Comparison
======================================================================
Started: 2026-07-18T22:38:10
Patch sizes: [30]
Trials per size: 3
Steps per trial: 1000
Output directory: results/slurm/20260718_1833/patchsize_sun_moon_30
======================================================================


======================================================================
Running comparison with 30 initial patches
  Target 1: images/sun.png
  Target 2: images/moon.png
  Trials: 3, Steps: 1000
======================================================================

[OK] Comparison with 30 patches completed successfully

======================================================================
Comparison Summary
======================================================================
Successful: 1/1
Total time: 24138.5 seconds (6.71 hours)
Summary report: results/slurm/20260718_1833/patchsize_sun_moon_30/SUMMARY.txt
======================================================================

