## SLURM PROLOG ###############################################################
##    Job ID : 4080018
##  Job Name : 20260718_0340_patchsize_water_fire_30
##  Nodelist : gpu2258
##      CPUs : 
##  Mem/Node : 128000 MB
## Directory : /oscar/home/cjmok/automated-perspective-sculptor
##   Job Started : Sat Jul 18 05:00:50 AM EDT 2026
###############################################################################
[Swept volume] building (resolution=256)...
[Run] mode=full, trials=3, seeds=[0, 1, 2], steps=1000, srd=True, ablation_flags={'disable_swept_volume_adds': False, 'loss_only_deletion': False, 'disable_splitting': False}
[Trial 1/3] seed=0
[Patch] mapbox-earcut is not installed; falling back to fan fill, so non-convex pieces will render incorrectly. Install it with: pip install mapbox-earcut
[SRD rewrite] split patch=12, children=29,30, improvement=0.015938
[SRD rewrite] added patch=31, position=(0.799, -0.152, -0.694), improvement=0.015328
[SRD rewrite] added patch=32, position=(0.698, 0.324, -0.360), improvement=0.015224
SRD step 50: evaluated 27 candidates, 27 promising, accepted 3
  Accepted SplitPatch(12) at patch 12, improvement=0.015938
  Accepted AddPatch at patch 31, improvement=0.015328
  Accepted AddPatch at patch 32, improvement=0.015224
  Total patches: 33, total adds: 3, total deletes: 0
  step 50/1000: loss=0.230199, patches=30
[SRD rewrite] deleted patch=32, position=(0.747, 0.329, -0.329), reason=Area 0.003594 below minimum 0.01
[SRD rewrite] deleted patch=30, position=(1.760, -0.496, -0.758), reason=Area 0.004011 below minimum 0.01
[SRD rewrite] deleted patch=29, position=(1.761, -0.502, -0.830), reason=Area 0.002250 below minimum 0.01
[SRD rewrite] split patch=2, children=29,30, improvement=0.011142
[SRD rewrite] added patch=31, position=(0.601, 0.515, -0.473), improvement=0.006055
[SRD rewrite] added patch=32, position=(0.625, -0.191, -0.710), improvement=0.006012
SRD step 100: evaluated 27 candidates, 24 promising, accepted 6
  Accepted SplitPatch(2) at patch 2, improvement=0.011142
  Accepted AddPatch at patch 31, improvement=0.006055
  Accepted AddPatch at patch 32, improvement=0.006012
  Mandatory DeletePatch(29) at patch 29, reason=Area 0.002250 below minimum 0.01
  Mandatory DeletePatch(30) at patch 30, reason=Area 0.004011 below minimum 0.01
  Mandatory DeletePatch(32) at patch 32, reason=Area 0.003594 below minimum 0.01
  Total patches: 33, total adds: 6, total deletes: 3
  step 100/1000: loss=0.149339, patches=33
[SRD rewrite] deleted patch=32, position=(0.701, -0.193, -0.845), reason=Area 0.000269 below minimum 0.01
[SRD rewrite] deleted patch=31, position=(0.664, 0.534, -0.427), reason=Area 0.001593 below minimum 0.01
[SRD rewrite] deleted patch=30, position=(0.525, 0.357, 1.222), reason=Area 0.000988 below minimum 0.01
[SRD rewrite] deleted patch=29, position=(0.467, 0.270, 1.232), reason=Area 0.000920 below minimum 0.01
[SRD rewrite] split patch=3, children=28,29, improvement=0.009515
[SRD rewrite] split patch=2, children=29,30, improvement=0.004439
[SRD rewrite] added patch=31, position=(0.415, -0.632, 1.047), improvement=0.003864
SRD step 150: evaluated 27 candidates, 25 promising, accepted 7
  Accepted SplitPatch(3) at patch 3, improvement=0.009515
  Accepted SplitPatch(2) at patch 2, improvement=0.004439
  Accepted AddPatch at patch 31, improvement=0.003864
  Mandatory DeletePatch(29) at patch 29, reason=Area 0.000920 below minimum 0.01
  Mandatory DeletePatch(30) at patch 30, reason=Area 0.000988 below minimum 0.01
  Mandatory DeletePatch(31) at patch 31, reason=Area 0.001593 below minimum 0.01
  Mandatory DeletePatch(32) at patch 32, reason=Area 0.000269 below minimum 0.01
  Total patches: 32, total adds: 9, total deletes: 7
  step 150/1000: loss=0.095370, patches=33
[SRD rewrite] deleted patch=31, position=(0.414, -0.583, 1.081), reason=Area 0.002664 below minimum 0.01
[SRD rewrite] deleted patch=30, position=(-1.584, -0.537, -0.989), reason=Area 0.002077 below minimum 0.01
[SRD rewrite] deleted patch=29, position=(-1.570, -0.670, -1.050), reason=Area 0.001956 below minimum 0.01
[SRD rewrite] deleted patch=28, position=(-1.260, -1.259, -1.091), reason=Area 0.000568 below minimum 0.01
[SRD rewrite] deleted patch=27, position=(-1.236, -1.413, -1.102), reason=Area 0.000705 below minimum 0.01
[SRD rewrite] deleted patch=20, position=(-0.077, -0.918, -0.832), reason=Area 0.003922 below minimum 0.01
[SRD rewrite] deleted patch=5, position=(0.639, 0.371, 0.470), reason=Area 0.002195 below minimum 0.01
[SRD rewrite] deleted patch=2, position=(0.595, 0.374, 0.640), reason=Area 0.006419 below minimum 0.01
SRD step 200: evaluated 27 candidates, 0 promising, accepted 8
  Mandatory DeletePatch(2) at patch 2, reason=Area 0.006419 below minimum 0.01
  Mandatory DeletePatch(5) at patch 5, reason=Area 0.002195 below minimum 0.01
  Mandatory DeletePatch(20) at patch 20, reason=Area 0.003922 below minimum 0.01
  Mandatory DeletePatch(27) at patch 27, reason=Area 0.000705 below minimum 0.01
  Mandatory DeletePatch(28) at patch 28, reason=Area 0.000568 below minimum 0.01
  Mandatory DeletePatch(29) at patch 29, reason=Area 0.001956 below minimum 0.01
  Mandatory DeletePatch(30) at patch 30, reason=Area 0.002077 below minimum 0.01
  Mandatory DeletePatch(31) at patch 31, reason=Area 0.002664 below minimum 0.01
  Total patches: 24, total adds: 9, total deletes: 15
  step 200/1000: loss=0.070294, patches=32
[SRD rewrite] deleted patch=15, position=(1.569, -1.937, 1.427), reason=no image contribution, delete has no image effect
[SRD rewrite] deleted patch=3, position=(0.759, -1.285, -0.361), reason=delete has no image effect
SRD step 250: evaluated 27 candidates, 0 promising, accepted 2
  Mandatory DeletePatch(3) at patch 3, reason=delete has no image effect
  Mandatory DeletePatch(15) at patch 15, reason=no image contribution, delete has no image effect
  Total patches: 22, total adds: 9, total deletes: 17
  step 250/1000: loss=0.064252, patches=24
SRD step 300: evaluated 27 candidates, 0 promising, accepted 0
  Total patches: 22, total adds: 9, total deletes: 17
  step 300/1000: loss=0.061326, patches=22
SRD step 350: evaluated 27 candidates, 0 promising, accepted 0
  Total patches: 22, total adds: 9, total deletes: 17
  step 350/1000: loss=0.057296, patches=22
SRD step 400: evaluated 27 candidates, 0 promising, accepted 0
  Total patches: 22, total adds: 9, total deletes: 17
  step 400/1000: loss=0.054980, patches=22
SRD step 450: evaluated 27 candidates, 0 promising, accepted 0
  Total patches: 22, total adds: 9, total deletes: 17
  step 450/1000: loss=0.054932, patches=22
[SRD rewrite] deleted patch=21, position=(0.705, 0.126, -0.681), reason=Area 0.009472 below minimum 0.01
SRD step 500: evaluated 27 candidates, 0 promising, accepted 1
  Mandatory DeletePatch(21) at patch 21, reason=Area 0.009472 below minimum 0.01
  Total patches: 21, total adds: 9, total deletes: 18
  step 500/1000: loss=0.054217, patches=22
[SRD rewrite] deleted patch=17, position=(-0.071, -0.863, 0.360), reason=Area 0.008698 below minimum 0.01
SRD step 550: evaluated 27 candidates, 0 promising, accepted 1
  Mandatory DeletePatch(17) at patch 17, reason=Area 0.008698 below minimum 0.01
  Total patches: 20, total adds: 9, total deletes: 19
  step 550/1000: loss=0.054122, patches=21
SRD step 600: evaluated 27 candidates, 0 promising, accepted 0
  Total patches: 20, total adds: 9, total deletes: 19
  step 600/1000: loss=0.053064, patches=20
SRD step 650: evaluated 27 candidates, 0 promising, accepted 0
  Total patches: 20, total adds: 9, total deletes: 19
  step 650/1000: loss=0.050878, patches=20
SRD step 700: evaluated 27 candidates, 0 promising, accepted 0
  Total patches: 20, total adds: 9, total deletes: 19
  step 700/1000: loss=0.052600, patches=20
SRD step 750: evaluated 27 candidates, 0 promising, accepted 0
  Total patches: 20, total adds: 9, total deletes: 19
  step 750/1000: loss=0.051090, patches=20
SRD step 800: evaluated 27 candidates, 0 promising, accepted 0
  Total patches: 20, total adds: 9, total deletes: 19
  step 800/1000: loss=0.049818, patches=20
SRD step 850: evaluated 27 candidates, 0 promising, accepted 0
  Total patches: 20, total adds: 9, total deletes: 19
  step 850/1000: loss=0.051084, patches=20
SRD step 900: evaluated 27 candidates, 0 promising, accepted 0
  Total patches: 20, total adds: 9, total deletes: 19
  step 900/1000: loss=0.050984, patches=20
SRD step 950: evaluated 27 candidates, 0 promising, accepted 0
  Total patches: 20, total adds: 9, total deletes: 19
  step 950/1000: loss=0.050451, patches=20
SRD step 1000: evaluated 27 candidates, 0 promising, accepted 0
  Total patches: 20, total adds: 9, total deletes: 19
  step 1000/1000: loss=0.049908, patches=20
[Trial 1] done: loss=0.050295, time=4457.1s
[Trial 2/3] seed=1
[SRD rewrite] split patch=9, children=29,30, improvement=0.019378
[SRD rewrite] added patch=31, position=(0.743, 0.062, 0.610), improvement=0.015167
[SRD rewrite] added patch=32, position=(0.653, 0.068, 0.767), improvement=0.014791
SRD step 50: evaluated 27 candidates, 27 promising, accepted 3
  Accepted SplitPatch(9) at patch 9, improvement=0.019378
  Accepted AddPatch at patch 31, improvement=0.015167
  Accepted AddPatch at patch 32, improvement=0.014791
  Total patches: 33, total adds: 3, total deletes: 0
  step 50/1000: loss=0.206336, patches=30
[SRD rewrite] deleted patch=30, position=(0.157, -1.428, -0.858), reason=Area 0.001084 below minimum 0.01
[SRD rewrite] deleted patch=29, position=(0.141, -1.244, -0.947), reason=Area 0.001248 below minimum 0.01
[SRD rewrite] deleted patch=20, position=(0.158, -0.531, -0.987), reason=delete has no image effect
SRD step 100: evaluated 27 candidates, 18 promising, accepted 6
  Accepted SplitPatch(25) at patch 25, improvement=0.003741
  Accepted SplitPatch(10) at patch 10, improvement=0.003741
  Accepted SplitPatch(20) at patch 20, improvement=0.003741
  Mandatory DeletePatch(29) at patch 29, reason=Area 0.001248 below minimum 0.01
  Mandatory DeletePatch(30) at patch 30, reason=Area 0.001084 below minimum 0.01
  Mandatory DeletePatch(20) at patch 20, reason=delete has no image effect
  Total patches: 30, total adds: 3, total deletes: 3
  step 100/1000: loss=0.095137, patches=33
[SRD rewrite] deleted patch=14, position=(0.097, -0.114, -0.846), reason=Area 0.005205 below minimum 0.01
SRD step 150: evaluated 27 candidates, 10 promising, accepted 4
  Accepted SplitPatch(6) at patch 6, improvement=0.000364
  Accepted SplitPatch(12) at patch 12, improvement=0.000364
  Accepted SplitPatch(26) at patch 26, improvement=0.000364
  Mandatory DeletePatch(14) at patch 14, reason=Area 0.005205 below minimum 0.01
  Total patches: 29, total adds: 3, total deletes: 4
  step 150/1000: loss=0.067328, patches=30
[SRD rewrite] deleted patch=28, position=(0.620, 0.223, 0.833), reason=Area 0.002692 below minimum 0.01
[SRD rewrite] deleted patch=27, position=(0.722, 0.139, 0.817), reason=Area 0.008347 below minimum 0.01
[SRD rewrite] deleted patch=11, position=(-0.022, -1.068, -0.957), reason=Area 0.004660 below minimum 0.01
SRD step 200: evaluated 27 candidates, 0 promising, accepted 3
  Mandatory DeletePatch(11) at patch 11, reason=Area 0.004660 below minimum 0.01
  Mandatory DeletePatch(27) at patch 27, reason=Area 0.008347 below minimum 0.01
  Mandatory DeletePatch(28) at patch 28, reason=Area 0.002692 below minimum 0.01
  Total patches: 26, total adds: 3, total deletes: 7
  step 200/1000: loss=0.055002, patches=29
[SRD rewrite] added patch=26, position=(-0.307, -1.099, 0.965), improvement=0.002653
[SRD rewrite] added patch=27, position=(-0.276, -1.345, -0.512), improvement=0.001897
[SRD rewrite] added patch=28, position=(-0.198, -1.007, 1.223), improvement=0.001622
SRD step 250: evaluated 27 candidates, 17 promising, accepted 3
  Accepted AddPatch at patch 26, improvement=0.002653
  Accepted AddPatch at patch 27, improvement=0.001897
  Accepted AddPatch at patch 28, improvement=0.001622
  Total patches: 29, total adds: 6, total deletes: 7
  step 250/1000: loss=0.062311, patches=26
[SRD rewrite] deleted patch=28, position=(-0.259, -1.051, 1.122), reason=Area 0.001671 below minimum 0.01
[SRD rewrite] deleted patch=27, position=(-0.252, -1.377, -0.411), reason=Area 0.005232 below minimum 0.01
SRD step 300: evaluated 27 candidates, 0 promising, accepted 2
  Mandatory DeletePatch(27) at patch 27, reason=Area 0.005232 below minimum 0.01
  Mandatory DeletePatch(28) at patch 28, reason=Area 0.001671 below minimum 0.01
  Total patches: 27, total adds: 6, total deletes: 9
  step 300/1000: loss=0.046396, patches=29
[SRD rewrite] deleted patch=11, position=(0.696, 0.452, -0.403), reason=Area 0.008356 below minimum 0.01
SRD step 350: evaluated 27 candidates, 0 promising, accepted 1
  Mandatory DeletePatch(11) at patch 11, reason=Area 0.008356 below minimum 0.01
  Total patches: 26, total adds: 6, total deletes: 10
  step 350/1000: loss=0.039066, patches=27
[SRD rewrite] deleted patch=14, position=(0.329, -0.337, 1.068), reason=Area 0.006667 below minimum 0.01
SRD step 400: evaluated 27 candidates, 0 promising, accepted 1
  Mandatory DeletePatch(14) at patch 14, reason=Area 0.006667 below minimum 0.01
  Total patches: 25, total adds: 6, total deletes: 11
  step 400/1000: loss=0.042655, patches=26
SRD step 450: evaluated 27 candidates, 0 promising, accepted 0
  Total patches: 25, total adds: 6, total deletes: 11
  step 450/1000: loss=0.035909, patches=25
SRD step 500: evaluated 27 candidates, 0 promising, accepted 0
  Total patches: 25, total adds: 6, total deletes: 11
  step 500/1000: loss=0.036221, patches=25
SRD step 550: evaluated 27 candidates, 0 promising, accepted 0
  Total patches: 25, total adds: 6, total deletes: 11
  step 550/1000: loss=0.036341, patches=25
SRD step 600: evaluated 27 candidates, 0 promising, accepted 0
  Total patches: 25, total adds: 6, total deletes: 11
  step 600/1000: loss=0.036649, patches=25
SRD step 650: evaluated 27 candidates, 0 promising, accepted 0
  Total patches: 25, total adds: 6, total deletes: 11
  step 650/1000: loss=0.037308, patches=25
SRD step 700: evaluated 27 candidates, 0 promising, accepted 0
  Total patches: 25, total adds: 6, total deletes: 11
  step 700/1000: loss=0.038192, patches=25
SRD step 750: evaluated 27 candidates, 0 promising, accepted 0
  Total patches: 25, total adds: 6, total deletes: 11
  step 750/1000: loss=0.038863, patches=25
SRD step 800: evaluated 27 candidates, 0 promising, accepted 0
  Total patches: 25, total adds: 6, total deletes: 11
  step 800/1000: loss=0.036561, patches=25
SRD step 850: evaluated 27 candidates, 0 promising, accepted 0
  Total patches: 25, total adds: 6, total deletes: 11
  step 850/1000: loss=0.037924, patches=25
SRD step 900: evaluated 27 candidates, 0 promising, accepted 0
  Total patches: 25, total adds: 6, total deletes: 11
  step 900/1000: loss=0.039799, patches=25
[SRD rewrite] deleted patch=0, position=(0.151, 1.227, 0.273), reason=Area 0.007624 below minimum 0.01
[SRD rewrite] deleted patch=23, position=(-0.295, -1.077, 0.900), reason=delete has no image effect
SRD step 950: evaluated 27 candidates, 0 promising, accepted 2
  Mandatory DeletePatch(0) at patch 0, reason=Area 0.007624 below minimum 0.01
  Mandatory DeletePatch(23) at patch 23, reason=delete has no image effect
  Total patches: 23, total adds: 6, total deletes: 13
  step 950/1000: loss=0.036804, patches=25
SRD step 1000: evaluated 27 candidates, 0 promising, accepted 0
  Total patches: 23, total adds: 6, total deletes: 13
  step 1000/1000: loss=0.036001, patches=23
[Trial 2] done: loss=0.036054, time=5164.8s
[Trial 3/3] seed=2
[SRD rewrite] split patch=2, children=29,30, improvement=0.014814
[SRD rewrite] added patch=31, position=(0.456, -0.452, 0.820), improvement=0.014913
[SRD rewrite] added patch=32, position=(0.754, -0.527, 0.983), improvement=0.014146
SRD step 50: evaluated 27 candidates, 27 promising, accepted 3
  Accepted AddPatch at patch 31, improvement=0.014913
  Accepted SplitPatch(2) at patch 2, improvement=0.014814
  Accepted AddPatch at patch 32, improvement=0.014146
  Total patches: 33, total adds: 3, total deletes: 0
  step 50/1000: loss=0.283314, patches=30
[SRD rewrite] deleted patch=30, position=(-0.165, -0.045, 1.382), reason=Area 0.003659 below minimum 0.01
[SRD rewrite] deleted patch=29, position=(-0.157, 0.205, 1.383), reason=Area 0.000733 below minimum 0.01
[SRD rewrite] deleted patch=6, position=(-0.686, -1.488, -0.844), reason=Area 0.005043 below minimum 0.01
[SRD rewrite] added patch=30, position=(1.135, -0.545, -0.811), improvement=0.006714
[SRD rewrite] added patch=31, position=(0.551, -0.054, 0.778), improvement=0.006177
[SRD rewrite] restored patch=32, position=(-0.686, -1.488, -0.844), improvement=0.006049
SRD step 100: evaluated 27 candidates, 25 promising, accepted 6
  Accepted AddPatch at patch 30, improvement=0.006714
  Accepted AddPatch at patch 31, improvement=0.006177
  Accepted RestorePatch(3) at patch 32, improvement=0.006049
  Mandatory DeletePatch(6) at patch 6, reason=Area 0.005043 below minimum 0.01
  Mandatory DeletePatch(29) at patch 29, reason=Area 0.000733 below minimum 0.01
  Mandatory DeletePatch(30) at patch 30, reason=Area 0.003659 below minimum 0.01
  Total patches: 33, total adds: 6, total deletes: 3
  step 100/1000: loss=0.173875, patches=33
[SRD rewrite] deleted patch=32, position=(-0.852, -1.650, -0.746), reason=Area 0.005043 below minimum 0.01
[SRD rewrite] split patch=5, children=31,32, improvement=0.000112
SRD step 150: evaluated 27 candidates, 1 promising, accepted 2
  Accepted SplitPatch(5) at patch 5, improvement=0.000112
  Mandatory DeletePatch(32) at patch 32, reason=Area 0.005043 below minimum 0.01
  Total patches: 33, total adds: 7, total deletes: 4
  step 150/1000: loss=0.155823, patches=33
[SRD rewrite] deleted patch=32, position=(0.815, 0.020, 1.617), reason=Area 0.001707 below minimum 0.01
[SRD rewrite] deleted patch=31, position=(0.793, 0.069, 1.569), reason=Area 0.002647 below minimum 0.01
[SRD rewrite] added patch=31, position=(0.594, -0.051, -0.668), improvement=0.000318
[SRD rewrite] added patch=32, position=(0.962, -0.080, -0.717), improvement=0.000297
[SRD rewrite] added patch=33, position=(1.006, -0.590, 0.794), improvement=0.000276
SRD step 200: evaluated 27 candidates, 4 promising, accepted 5
  Accepted AddPatch at patch 31, improvement=0.000318
  Accepted AddPatch at patch 32, improvement=0.000297
  Accepted AddPatch at patch 33, improvement=0.000276
  Mandatory DeletePatch(31) at patch 31, reason=Area 0.002647 below minimum 0.01
  Mandatory DeletePatch(32) at patch 32, reason=Area 0.001707 below minimum 0.01
  Total patches: 34, total adds: 10, total deletes: 6
  step 200/1000: loss=0.140753, patches=33
[SRD rewrite] deleted patch=30, position=(0.529, 0.056, 0.834), reason=Area 0.003708 below minimum 0.01
[SRD rewrite] deleted patch=9, position=(-0.254, -0.137, -1.648), reason=Area 0.009313 below minimum 0.01
[SRD rewrite] deleted patch=1, position=(0.107, 0.345, -1.622), reason=Area 0.005257 below minimum 0.01
[SRD rewrite] added patch=31, position=(0.838, -0.674, 0.903), improvement=0.006043
[SRD rewrite] added patch=32, position=(0.877, -0.625, 0.829), improvement=0.005564
SRD step 250: evaluated 27 candidates, 22 promising, accepted 6
  Accepted AddPatch at patch 31, improvement=0.006043
  Accepted AddPatch at patch 32, improvement=0.005564
  Accepted SplitPatch(23) at patch 23, improvement=0.005284
  Mandatory DeletePatch(1) at patch 1, reason=Area 0.005257 below minimum 0.01
  Mandatory DeletePatch(9) at patch 9, reason=Area 0.009313 below minimum 0.01
  Mandatory DeletePatch(30) at patch 30, reason=Area 0.003708 below minimum 0.01
  Total patches: 33, total adds: 12, total deletes: 9
  step 250/1000: loss=0.127708, patches=34
[SRD rewrite] deleted patch=32, position=(0.895, -0.645, 0.880), reason=Area 0.005910 below minimum 0.01
[SRD rewrite] split patch=19, children=31,32, improvement=0.005657
SRD step 300: evaluated 27 candidates, 1 promising, accepted 2
  Accepted SplitPatch(19) at patch 19, improvement=0.005657
  Mandatory DeletePatch(32) at patch 32, reason=Area 0.005910 below minimum 0.01
  Total patches: 33, total adds: 13, total deletes: 10
  step 300/1000: loss=0.105110, patches=33
[SRD rewrite] deleted patch=32, position=(2.208, -0.233, -0.298), reason=Area 0.002049 below minimum 0.01
[SRD rewrite] deleted patch=26, position=(1.190, -0.401, -0.830), reason=Area 0.009905 below minimum 0.01
[SRD rewrite] deleted patch=25, position=(0.757, -0.334, 1.026), reason=Area 0.009945 below minimum 0.01
[SRD rewrite] deleted patch=21, position=(1.248, -0.869, -0.828), reason=Area 0.008596 below minimum 0.01
SRD step 350: evaluated 27 candidates, 0 promising, accepted 4
  Mandatory DeletePatch(21) at patch 21, reason=Area 0.008596 below minimum 0.01
  Mandatory DeletePatch(25) at patch 25, reason=Area 0.009945 below minimum 0.01
  Mandatory DeletePatch(26) at patch 26, reason=Area 0.009905 below minimum 0.01
  Mandatory DeletePatch(32) at patch 32, reason=Area 0.002049 below minimum 0.01
  Total patches: 29, total adds: 13, total deletes: 14
  step 350/1000: loss=0.062438, patches=33
[SRD rewrite] deleted patch=5, position=(0.966, -0.088, -0.125), reason=Area 0.008302 below minimum 0.01
[SRD rewrite] deleted patch=16, position=(1.526, -2.245, 0.206), reason=no image contribution, delete has no image effect
SRD step 400: evaluated 27 candidates, 0 promising, accepted 2
  Mandatory DeletePatch(5) at patch 5, reason=Area 0.008302 below minimum 0.01
  Mandatory DeletePatch(16) at patch 16, reason=no image contribution, delete has no image effect
  Total patches: 27, total adds: 13, total deletes: 16
  step 400/1000: loss=0.056267, patches=29
SRD step 450: evaluated 27 candidates, 0 promising, accepted 0
  Total patches: 27, total adds: 13, total deletes: 16
  step 450/1000: loss=0.061637, patches=27
SRD step 500: evaluated 27 candidates, 0 promising, accepted 0
  Total patches: 27, total adds: 13, total deletes: 16
  step 500/1000: loss=0.065831, patches=27
[SRD rewrite] deleted patch=22, position=(0.453, -0.068, -0.792), reason=delete has no image effect
SRD step 550: evaluated 27 candidates, 0 promising, accepted 1
  Mandatory DeletePatch(22) at patch 22, reason=delete has no image effect
  Total patches: 26, total adds: 13, total deletes: 17
  step 550/1000: loss=0.061509, patches=27
[SRD rewrite] deleted patch=7, position=(2.264, -0.964, 1.484), reason=Area 0.008246 below minimum 0.01
[SRD rewrite] restored patch=25, position=(2.208, -0.233, -0.298), improvement=0.002207
[SRD rewrite] restored patch=26, position=(1.190, -0.401, -0.830), improvement=0.001349
[SRD rewrite] restored patch=27, position=(0.757, -0.334, 1.026), improvement=0.001251
SRD step 600: evaluated 27 candidates, 14 promising, accepted 4
  Accepted RestorePatch(12) at patch 25, improvement=0.002207
  Accepted RestorePatch(13) at patch 26, improvement=0.001349
  Accepted RestorePatch(14) at patch 27, improvement=0.001251
  Mandatory DeletePatch(7) at patch 7, reason=Area 0.008246 below minimum 0.01
  Total patches: 28, total adds: 16, total deletes: 18
  step 600/1000: loss=0.062662, patches=26
[SRD rewrite] deleted patch=27, position=(0.781, -0.340, 1.023), reason=Area 0.004570 below minimum 0.01
[SRD rewrite] deleted patch=26, position=(1.170, -0.407, -0.769), reason=Area 0.005577 below minimum 0.01
[SRD rewrite] deleted patch=25, position=(2.259, -0.357, -0.415), reason=Area 0.002059 below minimum 0.01
SRD step 650: evaluated 27 candidates, 0 promising, accepted 3
  Mandatory DeletePatch(25) at patch 25, reason=Area 0.002059 below minimum 0.01
  Mandatory DeletePatch(26) at patch 26, reason=Area 0.005577 below minimum 0.01
  Mandatory DeletePatch(27) at patch 27, reason=Area 0.004570 below minimum 0.01
  Total patches: 25, total adds: 16, total deletes: 21
  step 650/1000: loss=0.054637, patches=28
SRD step 700: evaluated 27 candidates, 0 promising, accepted 0
  Total patches: 25, total adds: 16, total deletes: 21
  step 700/1000: loss=0.055431, patches=25
SRD step 750: evaluated 27 candidates, 0 promising, accepted 0
  Total patches: 25, total adds: 16, total deletes: 21
  step 750/1000: loss=0.051849, patches=25
[SRD rewrite] deleted patch=15, position=(1.488, -1.489, 2.302), reason=Area 0.001875 below minimum 0.01
SRD step 800: evaluated 27 candidates, 0 promising, accepted 1
  Mandatory DeletePatch(15) at patch 15, reason=Area 0.001875 below minimum 0.01
  Total patches: 24, total adds: 16, total deletes: 22
  step 800/1000: loss=0.050345, patches=25
SRD step 850: evaluated 27 candidates, 0 promising, accepted 0
  Total patches: 24, total adds: 16, total deletes: 22
  step 850/1000: loss=0.047456, patches=24
SRD step 900: evaluated 27 candidates, 0 promising, accepted 0
  Total patches: 24, total adds: 16, total deletes: 22
  step 900/1000: loss=0.046210, patches=24
SRD step 950: evaluated 27 candidates, 0 promising, accepted 0
  Total patches: 24, total adds: 16, total deletes: 22
  step 950/1000: loss=0.044153, patches=24
SRD step 1000: evaluated 27 candidates, 0 promising, accepted 0
  Total patches: 24, total adds: 16, total deletes: 22
  step 1000/1000: loss=0.046201, patches=24
[SRD rewrite] deleted patch=6, position=(-0.662, -1.843, 2.379), reason=final deletion pass improved loss
[SRD rewrite] deleted patch=7, position=(-1.431, -2.610, -0.209), reason=final deletion pass improved loss
[Trial 3] done: loss=0.046453, time=5384.6s
[Run] report written to results/slurm/20260718_0340/patchsize_water_fire_30/patches_30/with_srd/with_srd.txt
[Swept volume] building (resolution=256)...
[Run] mode=full, trials=3, seeds=[0, 1, 2], steps=1000, srd=False, ablation_flags={'disable_swept_volume_adds': True, 'loss_only_deletion': True, 'disable_splitting': False}
[Trial 1/3] seed=0
[Patch] mapbox-earcut is not installed; falling back to fan fill, so non-convex pieces will render incorrectly. Install it with: pip install mapbox-earcut
  step 50/1000: loss=0.230199, patches=30
  step 100/1000: loss=0.160042, patches=30
  step 150/1000: loss=0.108659, patches=30
  step 200/1000: loss=0.091961, patches=30
  step 250/1000: loss=0.091260, patches=30
  step 300/1000: loss=0.087479, patches=30
  step 350/1000: loss=0.085988, patches=30
  step 400/1000: loss=0.082890, patches=30
  step 450/1000: loss=0.078157, patches=30
  step 500/1000: loss=0.077821, patches=30
  step 550/1000: loss=0.071661, patches=30
  step 600/1000: loss=0.073596, patches=30
  step 650/1000: loss=0.070916, patches=30
  step 700/1000: loss=0.068210, patches=30
  step 750/1000: loss=0.070060, patches=30
  step 800/1000: loss=0.069616, patches=30
  step 850/1000: loss=0.070423, patches=30
  step 900/1000: loss=0.068988, patches=30
  step 950/1000: loss=0.068431, patches=30
  step 1000/1000: loss=0.069010, patches=30
[Trial 1] done: loss=0.068431, time=1584.7s
[Trial 2/3] seed=1
  step 50/1000: loss=0.206336, patches=30
  step 100/1000: loss=0.107928, patches=30
  step 150/1000: loss=0.080481, patches=30
  step 200/1000: loss=0.055132, patches=30
  step 250/1000: loss=0.046595, patches=30
  step 300/1000: loss=0.041760, patches=30
  step 350/1000: loss=0.041239, patches=30
  step 400/1000: loss=0.036839, patches=30
  step 450/1000: loss=0.037663, patches=30
  step 500/1000: loss=0.034981, patches=30
  step 550/1000: loss=0.034525, patches=30
  step 600/1000: loss=0.034510, patches=30
  step 650/1000: loss=0.033343, patches=30
  step 700/1000: loss=0.033749, patches=30
  step 750/1000: loss=0.034256, patches=30
  step 800/1000: loss=0.034717, patches=30
  step 850/1000: loss=0.033996, patches=30
  step 900/1000: loss=0.036543, patches=30
  step 950/1000: loss=0.035096, patches=30
  step 1000/1000: loss=0.035593, patches=30
[Trial 2] done: loss=0.035480, time=1644.6s
[Trial 3/3] seed=2
  step 50/1000: loss=0.283314, patches=30
  step 100/1000: loss=0.178113, patches=30
  step 150/1000: loss=0.155759, patches=30
  step 200/1000: loss=0.147608, patches=30
  step 250/1000: loss=0.143408, patches=30
  step 300/1000: loss=0.100415, patches=30
  step 350/1000: loss=0.097372, patches=30
  step 400/1000: loss=0.082866, patches=30
  step 450/1000: loss=0.066109, patches=30
  step 500/1000: loss=0.067251, patches=30
  step 550/1000: loss=0.075055, patches=30
  step 600/1000: loss=0.074008, patches=30
  step 650/1000: loss=0.073082, patches=30
  step 700/1000: loss=0.068740, patches=30
  step 750/1000: loss=0.069989, patches=30
  step 800/1000: loss=0.067621, patches=30
  step 850/1000: loss=0.059071, patches=30
  step 900/1000: loss=0.059270, patches=30
  step 950/1000: loss=0.059622, patches=30
  step 1000/1000: loss=0.060377, patches=30
[Trial 3] done: loss=0.060227, time=1558.3s
[Run] report written to results/slurm/20260718_0340/patchsize_water_fire_30/patches_30/without_srd/without_srd.txt

======================================================================
Running 3 trials WITH SRD
======================================================================


======================================================================
Running 3 trials WITHOUT SRD
======================================================================


[Comparison] report written to results/slurm/20260718_0340/patchsize_water_fire_30/patches_30/comparison.txt

======================================================================
SRD Patch Size Comparison
======================================================================
Started: 2026-07-18T05:00:55
Patch sizes: [30]
Trials per size: 3
Steps per trial: 1000
Output directory: results/slurm/20260718_0340/patchsize_water_fire_30
======================================================================


======================================================================
Running comparison with 30 initial patches
  Target 1: images/water.png
  Target 2: images/fire.png
  Trials: 3, Steps: 1000
======================================================================

[OK] Comparison with 30 patches completed successfully

======================================================================
Comparison Summary
======================================================================
Successful: 1/1
Total time: 20206.2 seconds (5.61 hours)
Summary report: results/slurm/20260718_0340/patchsize_water_fire_30/SUMMARY.txt
======================================================================

