## SLURM PROLOG ###############################################################
##    Job ID : 4093800
##  Job Name : 20260718_1833_ablation_cat_face_bass_ablation
##  Nodelist : gpu2263
##      CPUs : 
##  Mem/Node : 128000 MB
## Directory : /oscar/home/cjmok/automated-perspective-sculptor
##   Job Started : Sat Jul 18 06:33:14 PM EDT 2026
###############################################################################
[Swept volume] building (resolution=256)...
[Run] mode=ablation, trials=3, seeds=[0, 1, 2], steps=2000, srd=True, ablation_flags={'disable_swept_volume_adds': True, 'loss_only_deletion': True, 'disable_splitting': True}
[Trial 1/3] seed=0
[Patch] mapbox-earcut is not installed; falling back to fan fill, so non-convex pieces will render incorrectly. Install it with: pip install mapbox-earcut
[SRD rewrite] deleted patch=14, position=(-0.315, 0.211, -2.024), reason=accepted rewrite
[SRD rewrite] deleted patch=12, position=(1.766, 0.378, -1.367), reason=accepted rewrite
[SRD rewrite] deleted patch=4, position=(-2.179, -0.075, -1.553), reason=accepted rewrite
[SRD rewrite] added patch=17, position=(-1.234, -0.168, -1.278), improvement=0.027155
[SRD rewrite] added patch=18, position=(0.729, -0.312, 1.959), improvement=0.026965
[SRD rewrite] added patch=19, position=(-0.681, 0.351, -0.307), improvement=0.026230
SRD step 50: evaluated 32 candidates, 31 promising, accepted 6
  Accepted AddPatch at patch 17, improvement=0.027155
  Accepted AddPatch at patch 18, improvement=0.026965
  Accepted AddPatch at patch 19, improvement=0.026230
  Accepted DeletePatch(4) at patch 4, improvement=0.020113
  Accepted DeletePatch(14) at patch 14, improvement=0.014175
  Accepted DeletePatch(12) at patch 12, improvement=0.013603
  Total patches: 20, total adds: 3, total deletes: 3
  step 50/2000: loss=0.603188, patches=20
[SRD rewrite] deleted patch=11, position=(-1.383, 0.640, -1.793), reason=accepted rewrite
[SRD rewrite] deleted patch=4, position=(0.597, -0.472, 1.836), reason=accepted rewrite
[SRD rewrite] added patch=18, position=(-0.662, -0.321, 1.960), improvement=0.016552
[SRD rewrite] added patch=19, position=(1.779, -2.441, -0.700), improvement=0.015500
[SRD rewrite] added patch=20, position=(1.905, 2.382, 0.588), improvement=0.015500
SRD step 100: evaluated 32 candidates, 27 promising, accepted 5
  Accepted AddPatch at patch 18, improvement=0.016552
  Accepted AddPatch at patch 19, improvement=0.015500
  Accepted AddPatch at patch 20, improvement=0.015500
  Accepted DeletePatch(11) at patch 11, improvement=0.005739
  Accepted DeletePatch(4) at patch 4, improvement=0.002880
  Total patches: 21, total adds: 6, total deletes: 5
  step 100/2000: loss=0.386471, patches=20
[SRD rewrite] deleted patch=8, position=(-0.613, 0.080, -1.948), reason=accepted rewrite
[SRD rewrite] added patch=20, position=(1.402, 2.425, 1.268), improvement=0.008249
[SRD rewrite] added patch=21, position=(-0.359, -1.011, -0.494), improvement=0.008001
[SRD rewrite] added patch=22, position=(0.047, -2.068, 0.800), improvement=0.007413
SRD step 150: evaluated 32 candidates, 26 promising, accepted 4
  Accepted AddPatch at patch 20, improvement=0.008249
  Accepted AddPatch at patch 21, improvement=0.008001
  Accepted DeletePatch(8) at patch 8, improvement=0.007632
  Accepted AddPatch at patch 22, improvement=0.007413
  Total patches: 23, total adds: 9, total deletes: 6
  step 150/2000: loss=0.302539, patches=21
[SRD rewrite] deleted patch=20, position=(1.402, 2.425, 1.268), reason=accepted rewrite
[SRD rewrite] added patch=22, position=(-0.861, 1.284, 0.680), improvement=0.005293
[SRD rewrite] added patch=23, position=(-0.426, -0.697, 1.643), improvement=0.005267
[SRD rewrite] restored patch=24, position=(-1.383, 0.640, -1.793), improvement=0.005090
SRD step 200: evaluated 32 candidates, 25 promising, accepted 4
  Accepted AddPatch at patch 22, improvement=0.005293
  Accepted AddPatch at patch 23, improvement=0.005267
  Accepted RestorePatch(3) at patch 24, improvement=0.005090
  Accepted DeletePatch(20) at patch 20, improvement=0.000347
  Total patches: 25, total adds: 12, total deletes: 7
  step 200/2000: loss=0.229751, patches=23
[SRD rewrite] added patch=25, position=(0.212, 2.456, -0.584), improvement=0.003064
[SRD rewrite] added patch=26, position=(1.669, 2.074, 0.836), improvement=0.003064
[SRD rewrite] added patch=27, position=(2.031, -2.457, 2.344), improvement=0.003064
SRD step 250: evaluated 32 candidates, 21 promising, accepted 3
  Accepted AddPatch at patch 25, improvement=0.003064
  Accepted AddPatch at patch 26, improvement=0.003064
  Accepted AddPatch at patch 27, improvement=0.003064
  Total patches: 28, total adds: 15, total deletes: 7
  step 250/2000: loss=0.182193, patches=25
[SRD rewrite] added patch=28, position=(2.204, -2.237, 0.481), improvement=0.000076
[SRD rewrite] restored patch=29, position=(1.402, 2.425, 1.268), improvement=0.000076
[SRD rewrite] added patch=30, position=(0.863, 0.145, -0.978), improvement=0.000076
SRD step 300: evaluated 32 candidates, 6 promising, accepted 3
  Accepted AddPatch at patch 28, improvement=0.000076
  Accepted RestorePatch(5) at patch 29, improvement=0.000076
  Accepted AddPatch at patch 30, improvement=0.000076
  Total patches: 31, total adds: 18, total deletes: 7
  step 300/2000: loss=0.161671, patches=28
[SRD rewrite] added patch=31, position=(-0.678, 0.839, 0.359), improvement=0.003994
[SRD rewrite] added patch=32, position=(-0.221, 0.712, -1.230), improvement=0.003710
[SRD rewrite] added patch=33, position=(-1.030, -0.235, -0.030), improvement=0.003230
SRD step 350: evaluated 32 candidates, 15 promising, accepted 3
  Accepted AddPatch at patch 31, improvement=0.003994
  Accepted AddPatch at patch 32, improvement=0.003710
  Accepted AddPatch at patch 33, improvement=0.003230
  Total patches: 34, total adds: 21, total deletes: 7
  step 350/2000: loss=0.146959, patches=31
SRD step 400: evaluated 32 candidates, 0 promising, accepted 0
  Total patches: 34, total adds: 21, total deletes: 7
  step 400/2000: loss=0.134773, patches=34
SRD step 450: evaluated 32 candidates, 0 promising, accepted 0
  Total patches: 34, total adds: 21, total deletes: 7
  step 450/2000: loss=0.128222, patches=34
SRD step 500: evaluated 32 candidates, 0 promising, accepted 0
  Total patches: 34, total adds: 21, total deletes: 7
  step 500/2000: loss=0.127508, patches=34
SRD step 550: evaluated 32 candidates, 0 promising, accepted 0
  Total patches: 34, total adds: 21, total deletes: 7
  step 550/2000: loss=0.126884, patches=34
SRD step 600: evaluated 32 candidates, 0 promising, accepted 0
  Total patches: 34, total adds: 21, total deletes: 7
  step 600/2000: loss=0.120946, patches=34
SRD step 650: evaluated 32 candidates, 0 promising, accepted 0
  Total patches: 34, total adds: 21, total deletes: 7
  step 650/2000: loss=0.118034, patches=34
SRD step 700: evaluated 32 candidates, 0 promising, accepted 0
  Total patches: 34, total adds: 21, total deletes: 7
  step 700/2000: loss=0.114361, patches=34
SRD step 750: evaluated 32 candidates, 0 promising, accepted 0
  Total patches: 34, total adds: 21, total deletes: 7
  step 750/2000: loss=0.109752, patches=34
[SRD rewrite] added patch=34, position=(0.116, 0.542, -0.701), improvement=0.000069
SRD step 800: evaluated 32 candidates, 1 promising, accepted 1
  Accepted AddPatch at patch 34, improvement=0.000069
  Total patches: 35, total adds: 22, total deletes: 7
  step 800/2000: loss=0.107029, patches=34
SRD step 850: evaluated 32 candidates, 0 promising, accepted 0
  Total patches: 35, total adds: 22, total deletes: 7
  step 850/2000: loss=0.101689, patches=35
SRD step 900: evaluated 32 candidates, 0 promising, accepted 0
  Total patches: 35, total adds: 22, total deletes: 7
  step 900/2000: loss=0.095829, patches=35
SRD step 950: evaluated 32 candidates, 0 promising, accepted 0
  Total patches: 35, total adds: 22, total deletes: 7
  step 950/2000: loss=0.099825, patches=35
SRD step 1000: evaluated 32 candidates, 0 promising, accepted 0
  Total patches: 35, total adds: 22, total deletes: 7
  step 1000/2000: loss=0.097781, patches=35
SRD step 1050: evaluated 32 candidates, 0 promising, accepted 0
  Total patches: 35, total adds: 22, total deletes: 7
  step 1050/2000: loss=0.100907, patches=35
SRD step 1100: evaluated 32 candidates, 0 promising, accepted 0
  Total patches: 35, total adds: 22, total deletes: 7
  step 1100/2000: loss=0.094563, patches=35
SRD step 1150: evaluated 32 candidates, 0 promising, accepted 0
  Total patches: 35, total adds: 22, total deletes: 7
  step 1150/2000: loss=0.096172, patches=35
SRD step 1200: evaluated 32 candidates, 0 promising, accepted 0
  Total patches: 35, total adds: 22, total deletes: 7
  step 1200/2000: loss=0.095839, patches=35
SRD step 1250: evaluated 32 candidates, 0 promising, accepted 0
  Total patches: 35, total adds: 22, total deletes: 7
  step 1250/2000: loss=0.103242, patches=35
SRD step 1300: evaluated 32 candidates, 0 promising, accepted 0
  Total patches: 35, total adds: 22, total deletes: 7
  step 1300/2000: loss=0.104155, patches=35
SRD step 1350: evaluated 32 candidates, 0 promising, accepted 0
  Total patches: 35, total adds: 22, total deletes: 7
  step 1350/2000: loss=0.104434, patches=35
SRD step 1400: evaluated 32 candidates, 0 promising, accepted 0
  Total patches: 35, total adds: 22, total deletes: 7
  step 1400/2000: loss=0.097254, patches=35
SRD step 1450: evaluated 32 candidates, 0 promising, accepted 0
  Total patches: 35, total adds: 22, total deletes: 7
  step 1450/2000: loss=0.092136, patches=35
SRD step 1500: evaluated 32 candidates, 0 promising, accepted 0
  Total patches: 35, total adds: 22, total deletes: 7
  step 1500/2000: loss=0.094899, patches=35
SRD step 1550: evaluated 32 candidates, 0 promising, accepted 0
  Total patches: 35, total adds: 22, total deletes: 7
  step 1550/2000: loss=0.090604, patches=35
SRD step 1600: evaluated 32 candidates, 0 promising, accepted 0
  Total patches: 35, total adds: 22, total deletes: 7
  step 1600/2000: loss=0.095550, patches=35
SRD step 1650: evaluated 32 candidates, 0 promising, accepted 0
  Total patches: 35, total adds: 22, total deletes: 7
  step 1650/2000: loss=0.099647, patches=35
SRD step 1700: evaluated 32 candidates, 0 promising, accepted 0
  Total patches: 35, total adds: 22, total deletes: 7
  step 1700/2000: loss=0.096748, patches=35
SRD step 1750: evaluated 32 candidates, 0 promising, accepted 0
  Total patches: 35, total adds: 22, total deletes: 7
  step 1750/2000: loss=0.097959, patches=35
SRD step 1800: evaluated 32 candidates, 0 promising, accepted 0
  Total patches: 35, total adds: 22, total deletes: 7
  step 1800/2000: loss=0.096348, patches=35
SRD step 1850: evaluated 32 candidates, 0 promising, accepted 0
  Total patches: 35, total adds: 22, total deletes: 7
  step 1850/2000: loss=0.098540, patches=35
SRD step 1900: evaluated 32 candidates, 0 promising, accepted 0
  Total patches: 35, total adds: 22, total deletes: 7
  step 1900/2000: loss=0.093648, patches=35
SRD step 1950: evaluated 32 candidates, 0 promising, accepted 0
  Total patches: 35, total adds: 22, total deletes: 7
  step 1950/2000: loss=0.092676, patches=35
SRD step 2000: evaluated 32 candidates, 0 promising, accepted 0
  Total patches: 35, total adds: 22, total deletes: 7
  step 2000/2000: loss=0.096975, patches=35
[SRD rewrite] deleted patch=2, position=(1.462, -0.325, 1.584), reason=final deletion pass improved loss
[SRD rewrite] deleted patch=2, position=(-2.452, 0.710, -0.098), reason=final deletion pass improved loss
[SRD rewrite] deleted patch=13, position=(0.125, 0.010, 1.560), reason=final deletion pass improved loss
[SRD rewrite] deleted patch=17, position=(-1.460, -1.486, -1.670), reason=final deletion pass improved loss
[SRD rewrite] deleted patch=17, position=(-0.031, -2.202, 0.663), reason=final deletion pass improved loss
[SRD rewrite] deleted patch=27, position=(-0.044, 0.972, -1.155), reason=final deletion pass improved loss
[SRD rewrite] deleted patch=27, position=(-1.179, -0.121, -0.083), reason=final deletion pass improved loss
[Trial 1] done: loss=0.094033, time=13560.8s
[Trial 2/3] seed=1
[SRD rewrite] deleted patch=0, position=(-0.443, 0.042, 1.839), reason=accepted rewrite
[SRD rewrite] added patch=19, position=(0.166, 0.959, -0.922), improvement=0.012479
[SRD rewrite] added patch=20, position=(1.891, -2.363, 0.852), improvement=0.012189
[SRD rewrite] added patch=21, position=(1.102, -2.499, -0.988), improvement=0.012189
SRD step 50: evaluated 32 candidates, 28 promising, accepted 4
  Accepted AddPatch at patch 19, improvement=0.012479
  Accepted AddPatch at patch 20, improvement=0.012189
  Accepted AddPatch at patch 21, improvement=0.012189
  Accepted DeletePatch(0) at patch 0, improvement=0.006016
  Total patches: 22, total adds: 3, total deletes: 1
  step 50/2000: loss=0.487475, patches=20
[SRD rewrite] added patch=22, position=(0.248, 2.131, 2.094), improvement=0.007586
[SRD rewrite] added patch=23, position=(2.245, 2.251, 0.283), improvement=0.007586
[SRD rewrite] added patch=24, position=(0.532, 0.344, -0.913), improvement=0.007549
SRD step 100: evaluated 32 candidates, 27 promising, accepted 3
  Accepted AddPatch at patch 22, improvement=0.007586
  Accepted AddPatch at patch 23, improvement=0.007586
  Accepted AddPatch at patch 24, improvement=0.007549
  Total patches: 25, total adds: 6, total deletes: 1
  step 100/2000: loss=0.401376, patches=22
SRD step 150: evaluated 32 candidates, 0 promising, accepted 0
  Total patches: 25, total adds: 6, total deletes: 1
  step 150/2000: loss=0.357216, patches=25
[SRD rewrite] added patch=25, position=(0.208, 2.374, 0.683), improvement=0.000790
[SRD rewrite] added patch=26, position=(-0.215, -2.215, 0.043), improvement=0.000377
[SRD rewrite] added patch=27, position=(-1.013, -2.362, 0.467), improvement=0.000170
SRD step 200: evaluated 32 candidates, 5 promising, accepted 3
  Accepted AddPatch at patch 25, improvement=0.000790
  Accepted AddPatch at patch 26, improvement=0.000377
  Accepted AddPatch at patch 27, improvement=0.000170
  Total patches: 28, total adds: 9, total deletes: 1
  step 200/2000: loss=0.340158, patches=25
[SRD rewrite] deleted patch=17, position=(0.520, 0.425, -2.319), reason=accepted rewrite
[SRD rewrite] added patch=27, position=(-0.010, -0.833, 1.973), improvement=0.001746
[SRD rewrite] added patch=28, position=(-2.276, -1.357, 1.712), improvement=0.000899
[SRD rewrite] added patch=29, position=(-0.108, -0.504, -1.123), improvement=0.000776
SRD step 250: evaluated 32 candidates, 5 promising, accepted 4
  Accepted AddPatch at patch 27, improvement=0.001746
  Accepted DeletePatch(17) at patch 17, improvement=0.001669
  Accepted AddPatch at patch 28, improvement=0.000899
  Accepted AddPatch at patch 29, improvement=0.000776
  Total patches: 30, total adds: 12, total deletes: 2
  step 250/2000: loss=0.328563, patches=28
SRD step 300: evaluated 32 candidates, 0 promising, accepted 0
  Total patches: 30, total adds: 12, total deletes: 2
  step 300/2000: loss=0.316411, patches=30
SRD step 350: evaluated 32 candidates, 0 promising, accepted 0
  Total patches: 30, total adds: 12, total deletes: 2
  step 350/2000: loss=0.303819, patches=30
SRD step 400: evaluated 32 candidates, 0 promising, accepted 0
  Total patches: 30, total adds: 12, total deletes: 2
  step 400/2000: loss=0.284143, patches=30
SRD step 450: evaluated 32 candidates, 0 promising, accepted 0
  Total patches: 30, total adds: 12, total deletes: 2
  step 450/2000: loss=0.310023, patches=30
SRD step 500: evaluated 32 candidates, 0 promising, accepted 0
  Total patches: 30, total adds: 12, total deletes: 2
  step 500/2000: loss=0.323774, patches=30
[SRD rewrite] added patch=30, position=(1.944, -2.051, 2.334), improvement=0.000037
SRD step 550: evaluated 32 candidates, 1 promising, accepted 1
  Accepted AddPatch at patch 30, improvement=0.000037
  Total patches: 31, total adds: 13, total deletes: 2
  step 550/2000: loss=0.305369, patches=30
SRD step 600: evaluated 32 candidates, 0 promising, accepted 0
  Total patches: 31, total adds: 13, total deletes: 2
  step 600/2000: loss=0.304765, patches=31
SRD step 650: evaluated 32 candidates, 0 promising, accepted 0
  Total patches: 31, total adds: 13, total deletes: 2
  step 650/2000: loss=0.299968, patches=31
SRD step 700: evaluated 32 candidates, 0 promising, accepted 0
  Total patches: 31, total adds: 13, total deletes: 2
  step 700/2000: loss=0.294709, patches=31
[SRD rewrite] added patch=31, position=(0.257, -0.892, 1.401), improvement=0.001426
SRD step 750: evaluated 32 candidates, 1 promising, accepted 1
  Accepted AddPatch at patch 31, improvement=0.001426
  Total patches: 32, total adds: 14, total deletes: 2
  step 750/2000: loss=0.293860, patches=31
[SRD rewrite] deleted patch=28, position=(-1.770, -1.748, 2.500), reason=accepted rewrite
SRD step 800: evaluated 32 candidates, 1 promising, accepted 1
  Accepted DeletePatch(28) at patch 28, improvement=0.025852
  Total patches: 31, total adds: 14, total deletes: 3
  step 800/2000: loss=0.272526, patches=32
SRD step 850: evaluated 32 candidates, 0 promising, accepted 0
  Total patches: 31, total adds: 14, total deletes: 3
  step 850/2000: loss=0.226486, patches=31
SRD step 900: evaluated 32 candidates, 0 promising, accepted 0
  Total patches: 31, total adds: 14, total deletes: 3
  step 900/2000: loss=0.218165, patches=31
[SRD rewrite] deleted patch=2, position=(-0.220, -1.133, -0.129), reason=accepted rewrite
SRD step 950: evaluated 32 candidates, 1 promising, accepted 1
  Accepted DeletePatch(2) at patch 2, improvement=0.003476
  Total patches: 30, total adds: 14, total deletes: 4
  step 950/2000: loss=0.202204, patches=31
SRD step 1000: evaluated 32 candidates, 0 promising, accepted 0
  Total patches: 30, total adds: 14, total deletes: 4
  step 1000/2000: loss=0.183872, patches=30
SRD step 1050: evaluated 32 candidates, 0 promising, accepted 0
  Total patches: 30, total adds: 14, total deletes: 4
  step 1050/2000: loss=0.178120, patches=30
SRD step 1100: evaluated 32 candidates, 0 promising, accepted 0
  Total patches: 30, total adds: 14, total deletes: 4
  step 1100/2000: loss=0.166801, patches=30
SRD step 1150: evaluated 32 candidates, 0 promising, accepted 0
  Total patches: 30, total adds: 14, total deletes: 4
  step 1150/2000: loss=0.163913, patches=30
SRD step 1200: evaluated 32 candidates, 0 promising, accepted 0
  Total patches: 30, total adds: 14, total deletes: 4
  step 1200/2000: loss=0.160757, patches=30
SRD step 1250: evaluated 32 candidates, 0 promising, accepted 0
  Total patches: 30, total adds: 14, total deletes: 4
  step 1250/2000: loss=0.161473, patches=30
SRD step 1300: evaluated 32 candidates, 0 promising, accepted 0
  Total patches: 30, total adds: 14, total deletes: 4
  step 1300/2000: loss=0.163556, patches=30
SRD step 1350: evaluated 32 candidates, 0 promising, accepted 0
  Total patches: 30, total adds: 14, total deletes: 4
  step 1350/2000: loss=0.162681, patches=30
SRD step 1400: evaluated 32 candidates, 0 promising, accepted 0
  Total patches: 30, total adds: 14, total deletes: 4
  step 1400/2000: loss=0.163106, patches=30
SRD step 1450: evaluated 32 candidates, 0 promising, accepted 0
  Total patches: 30, total adds: 14, total deletes: 4
  step 1450/2000: loss=0.163096, patches=30
SRD step 1500: evaluated 32 candidates, 0 promising, accepted 0
  Total patches: 30, total adds: 14, total deletes: 4
  step 1500/2000: loss=0.162326, patches=30
SRD step 1550: evaluated 32 candidates, 0 promising, accepted 0
  Total patches: 30, total adds: 14, total deletes: 4
  step 1550/2000: loss=0.162007, patches=30
SRD step 1600: evaluated 32 candidates, 0 promising, accepted 0
  Total patches: 30, total adds: 14, total deletes: 4
  step 1600/2000: loss=0.163907, patches=30
[SRD rewrite] deleted patch=27, position=(-0.740, -1.414, -2.024), reason=accepted rewrite
SRD step 1650: evaluated 32 candidates, 1 promising, accepted 1
  Accepted DeletePatch(27) at patch 27, improvement=0.000312
  Total patches: 29, total adds: 14, total deletes: 5
  step 1650/2000: loss=0.167589, patches=30
SRD step 1700: evaluated 32 candidates, 0 promising, accepted 0
  Total patches: 29, total adds: 14, total deletes: 5
  step 1700/2000: loss=0.160663, patches=29
SRD step 1750: evaluated 32 candidates, 0 promising, accepted 0
  Total patches: 29, total adds: 14, total deletes: 5
  step 1750/2000: loss=0.158429, patches=29
SRD step 1800: evaluated 32 candidates, 0 promising, accepted 0
  Total patches: 29, total adds: 14, total deletes: 5
  step 1800/2000: loss=0.157857, patches=29
SRD step 1850: evaluated 32 candidates, 0 promising, accepted 0
  Total patches: 29, total adds: 14, total deletes: 5
  step 1850/2000: loss=0.158897, patches=29
SRD step 1900: evaluated 32 candidates, 0 promising, accepted 0
  Total patches: 29, total adds: 14, total deletes: 5
  step 1900/2000: loss=0.158307, patches=29
SRD step 1950: evaluated 32 candidates, 0 promising, accepted 0
  Total patches: 29, total adds: 14, total deletes: 5
  step 1950/2000: loss=0.158799, patches=29
SRD step 2000: evaluated 32 candidates, 0 promising, accepted 0
  Total patches: 29, total adds: 14, total deletes: 5
  step 2000/2000: loss=0.157709, patches=29
[SRD rewrite] deleted patch=17, position=(0.077, 1.055, -0.930), reason=final deletion pass improved loss
[SRD rewrite] deleted patch=24, position=(-1.283, -2.224, 0.082), reason=final deletion pass improved loss
[SRD rewrite] deleted patch=24, position=(-0.709, -0.331, 2.441), reason=final deletion pass improved loss
[Trial 2] done: loss=0.152720, time=12083.4s
[Trial 3/3] seed=2
[SRD rewrite] deleted patch=16, position=(-1.483, 1.670, -0.289), reason=accepted rewrite
[SRD rewrite] deleted patch=15, position=(-1.630, 1.479, -0.229), reason=accepted rewrite
[SRD rewrite] deleted patch=7, position=(-1.400, 0.557, -1.692), reason=accepted rewrite
[SRD rewrite] added patch=17, position=(-0.293, 0.020, -0.882), improvement=0.019224
[SRD rewrite] added patch=18, position=(-1.166, 0.606, 0.146), improvement=0.018104
[SRD rewrite] added patch=19, position=(-0.425, -0.746, 0.255), improvement=0.017420
SRD step 50: evaluated 32 candidates, 31 promising, accepted 6
  Accepted AddPatch at patch 17, improvement=0.019224
  Accepted AddPatch at patch 18, improvement=0.018104
  Accepted AddPatch at patch 19, improvement=0.017420
  Accepted DeletePatch(16) at patch 16, improvement=0.012817
  Accepted DeletePatch(15) at patch 15, improvement=0.010914
  Accepted DeletePatch(7) at patch 7, improvement=0.003058
  Total patches: 20, total adds: 3, total deletes: 3
  step 50/2000: loss=0.540971, patches=20
[SRD rewrite] deleted patch=19, position=(-0.477, -0.769, 0.135), reason=accepted rewrite
[SRD rewrite] restored patch=19, position=(-1.400, 0.557, -1.692), improvement=0.007964
[SRD rewrite] added patch=20, position=(-0.770, 0.196, -0.344), improvement=0.006702
[SRD rewrite] added patch=21, position=(0.837, 0.963, -0.781), improvement=0.006421
SRD step 100: evaluated 32 candidates, 28 promising, accepted 4
  Accepted RestorePatch(2) at patch 19, improvement=0.007964
  Accepted AddPatch at patch 20, improvement=0.006702
  Accepted AddPatch at patch 21, improvement=0.006421
  Accepted DeletePatch(19) at patch 19, improvement=0.001470
  Total patches: 22, total adds: 6, total deletes: 4
  step 100/2000: loss=0.397966, patches=20
[SRD rewrite] added patch=22, position=(-0.139, -1.203, 0.962), improvement=0.005281
[SRD rewrite] added patch=23, position=(-0.183, -0.053, -1.196), improvement=0.004051
[SRD rewrite] added patch=24, position=(-0.317, -2.425, 1.965), improvement=0.003934
SRD step 150: evaluated 32 candidates, 18 promising, accepted 3
  Accepted AddPatch at patch 22, improvement=0.005281
  Accepted AddPatch at patch 23, improvement=0.004051
  Accepted AddPatch at patch 24, improvement=0.003934
  Total patches: 25, total adds: 9, total deletes: 4
  step 150/2000: loss=0.348826, patches=22
[SRD rewrite] added patch=25, position=(-0.911, 0.360, -0.638), improvement=0.006161
[SRD rewrite] added patch=26, position=(-0.080, 2.293, 0.384), improvement=0.006151
[SRD rewrite] added patch=27, position=(-0.104, 0.873, -0.096), improvement=0.005963
SRD step 200: evaluated 32 candidates, 22 promising, accepted 3
  Accepted AddPatch at patch 25, improvement=0.006161
  Accepted AddPatch at patch 26, improvement=0.006151
  Accepted AddPatch at patch 27, improvement=0.005963
  Total patches: 28, total adds: 12, total deletes: 4
  step 200/2000: loss=0.292019, patches=25
[SRD rewrite] deleted patch=10, position=(-1.884, -0.108, 0.879), reason=accepted rewrite
[SRD rewrite] added patch=27, position=(-1.287, 0.124, -2.193), improvement=0.004313
[SRD rewrite] added patch=28, position=(2.120, 2.393, -0.428), improvement=0.004313
[SRD rewrite] added patch=29, position=(0.739, -2.180, 1.563), improvement=0.004313
SRD step 250: evaluated 32 candidates, 23 promising, accepted 4
  Accepted DeletePatch(10) at patch 10, improvement=0.004680
  Accepted AddPatch at patch 27, improvement=0.004313
  Accepted AddPatch at patch 28, improvement=0.004313
  Accepted AddPatch at patch 29, improvement=0.004313
  Total patches: 30, total adds: 15, total deletes: 5
  step 250/2000: loss=0.253901, patches=28
[SRD rewrite] added patch=30, position=(-0.319, -0.097, 1.873), improvement=0.003827
[SRD rewrite] added patch=31, position=(-1.212, 0.981, -0.441), improvement=0.002591
[SRD rewrite] added patch=32, position=(-0.882, -0.926, -0.111), improvement=0.002151
SRD step 300: evaluated 32 candidates, 17 promising, accepted 3
  Accepted AddPatch at patch 30, improvement=0.003827
  Accepted AddPatch at patch 31, improvement=0.002591
  Accepted AddPatch at patch 32, improvement=0.002151
  Total patches: 33, total adds: 18, total deletes: 5
  step 300/2000: loss=0.208629, patches=30
[SRD rewrite] added patch=33, position=(1.007, 0.170, -1.070), improvement=0.000306
[SRD rewrite] added patch=34, position=(1.616, 1.880, 2.204), improvement=0.000306
[SRD rewrite] added patch=35, position=(1.508, 2.447, -0.251), improvement=0.000306
SRD step 350: evaluated 32 candidates, 4 promising, accepted 3
  Accepted AddPatch at patch 33, improvement=0.000306
  Accepted AddPatch at patch 34, improvement=0.000306
  Accepted AddPatch at patch 35, improvement=0.000306
  Total patches: 36, total adds: 21, total deletes: 5
  step 350/2000: loss=0.173547, patches=33
SRD step 400: evaluated 32 candidates, 0 promising, accepted 0
  Total patches: 36, total adds: 21, total deletes: 5
  step 400/2000: loss=0.144427, patches=36
SRD step 450: evaluated 32 candidates, 0 promising, accepted 0
  Total patches: 36, total adds: 21, total deletes: 5
  step 450/2000: loss=0.129726, patches=36
[SRD rewrite] deleted patch=1, position=(-0.800, -0.238, -2.391), reason=accepted rewrite
SRD step 500: evaluated 32 candidates, 1 promising, accepted 1
  Accepted DeletePatch(1) at patch 1, improvement=0.001776
  Total patches: 35, total adds: 21, total deletes: 6
  step 500/2000: loss=0.123380, patches=36
SRD step 550: evaluated 32 candidates, 0 promising, accepted 0
  Total patches: 35, total adds: 21, total deletes: 6
  step 550/2000: loss=0.115121, patches=35
SRD step 600: evaluated 32 candidates, 0 promising, accepted 0
  Total patches: 35, total adds: 21, total deletes: 6
  step 600/2000: loss=0.110992, patches=35
SRD step 650: evaluated 32 candidates, 0 promising, accepted 0
  Total patches: 35, total adds: 21, total deletes: 6
  step 650/2000: loss=0.107269, patches=35
SRD step 700: evaluated 32 candidates, 0 promising, accepted 0
  Total patches: 35, total adds: 21, total deletes: 6
  step 700/2000: loss=0.108340, patches=35
SRD step 750: evaluated 32 candidates, 0 promising, accepted 0
  Total patches: 35, total adds: 21, total deletes: 6
  step 750/2000: loss=0.103569, patches=35
SRD step 800: evaluated 32 candidates, 0 promising, accepted 0
  Total patches: 35, total adds: 21, total deletes: 6
  step 800/2000: loss=0.102176, patches=35
SRD step 850: evaluated 32 candidates, 0 promising, accepted 0
  Total patches: 35, total adds: 21, total deletes: 6
  step 850/2000: loss=0.102964, patches=35
SRD step 900: evaluated 32 candidates, 0 promising, accepted 0
  Total patches: 35, total adds: 21, total deletes: 6
  step 900/2000: loss=0.101139, patches=35
SRD step 950: evaluated 32 candidates, 0 promising, accepted 0
  Total patches: 35, total adds: 21, total deletes: 6
  step 950/2000: loss=0.100391, patches=35
SRD step 1000: evaluated 32 candidates, 0 promising, accepted 0
  Total patches: 35, total adds: 21, total deletes: 6
  step 1000/2000: loss=0.101204, patches=35
SRD step 1050: evaluated 32 candidates, 0 promising, accepted 0
  Total patches: 35, total adds: 21, total deletes: 6
  step 1050/2000: loss=0.097965, patches=35
SRD step 1100: evaluated 32 candidates, 0 promising, accepted 0
  Total patches: 35, total adds: 21, total deletes: 6
  step 1100/2000: loss=0.096838, patches=35
SRD step 1150: evaluated 32 candidates, 0 promising, accepted 0
  Total patches: 35, total adds: 21, total deletes: 6
  step 1150/2000: loss=0.096225, patches=35
SRD step 1200: evaluated 32 candidates, 0 promising, accepted 0
  Total patches: 35, total adds: 21, total deletes: 6
  step 1200/2000: loss=0.095952, patches=35
SRD step 1250: evaluated 32 candidates, 0 promising, accepted 0
  Total patches: 35, total adds: 21, total deletes: 6
  step 1250/2000: loss=0.096054, patches=35
SRD step 1300: evaluated 32 candidates, 0 promising, accepted 0
  Total patches: 35, total adds: 21, total deletes: 6
  step 1300/2000: loss=0.093044, patches=35
SRD step 1350: evaluated 32 candidates, 0 promising, accepted 0
  Total patches: 35, total adds: 21, total deletes: 6
  step 1350/2000: loss=0.091346, patches=35
SRD step 1400: evaluated 32 candidates, 0 promising, accepted 0
  Total patches: 35, total adds: 21, total deletes: 6
  step 1400/2000: loss=0.088440, patches=35
SRD step 1450: evaluated 32 candidates, 0 promising, accepted 0
  Total patches: 35, total adds: 21, total deletes: 6
  step 1450/2000: loss=0.086155, patches=35
SRD step 1500: evaluated 32 candidates, 0 promising, accepted 0
  Total patches: 35, total adds: 21, total deletes: 6
  step 1500/2000: loss=0.086215, patches=35
SRD step 1550: evaluated 32 candidates, 0 promising, accepted 0
  Total patches: 35, total adds: 21, total deletes: 6
  step 1550/2000: loss=0.087954, patches=35
SRD step 1600: evaluated 32 candidates, 0 promising, accepted 0
  Total patches: 35, total adds: 21, total deletes: 6
  step 1600/2000: loss=0.087321, patches=35
SRD step 1650: evaluated 32 candidates, 0 promising, accepted 0
  Total patches: 35, total adds: 21, total deletes: 6
  step 1650/2000: loss=0.089165, patches=35
SRD step 1700: evaluated 32 candidates, 0 promising, accepted 0
  Total patches: 35, total adds: 21, total deletes: 6
  step 1700/2000: loss=0.089791, patches=35
SRD step 1750: evaluated 32 candidates, 0 promising, accepted 0
  Total patches: 35, total adds: 21, total deletes: 6
  step 1750/2000: loss=0.089323, patches=35
SRD step 1800: evaluated 32 candidates, 0 promising, accepted 0
  Total patches: 35, total adds: 21, total deletes: 6
  step 1800/2000: loss=0.089044, patches=35
SRD step 1850: evaluated 32 candidates, 0 promising, accepted 0
  Total patches: 35, total adds: 21, total deletes: 6
  step 1850/2000: loss=0.088921, patches=35
SRD step 1900: evaluated 32 candidates, 0 promising, accepted 0
  Total patches: 35, total adds: 21, total deletes: 6
  step 1900/2000: loss=0.088023, patches=35
SRD step 1950: evaluated 32 candidates, 0 promising, accepted 0
  Total patches: 35, total adds: 21, total deletes: 6
  step 1950/2000: loss=0.087216, patches=35
SRD step 2000: evaluated 32 candidates, 0 promising, accepted 0
  Total patches: 35, total adds: 21, total deletes: 6
  step 2000/2000: loss=0.086527, patches=35
[SRD rewrite] deleted patch=21, position=(-0.102, -0.537, -1.932), reason=final deletion pass improved loss
[SRD rewrite] deleted patch=25, position=(-1.238, 0.108, -2.242), reason=final deletion pass improved loss
[Trial 3] done: loss=0.085775, time=14015.1s
[Run] report written to results/slurm/20260718_1833/ablation_cat_face_bass_ablation/output.txt
