## SLURM PROLOG ###############################################################
##    Job ID : 4093808
##  Job Name : 20260718_1833_ablation_sun_moon_full
##  Nodelist : gpu2503
##      CPUs : 
##  Mem/Node : 128000 MB
## Directory : /oscar/home/cjmok/automated-perspective-sculptor
##   Job Started : Sat Jul 18 06:38:15 PM EDT 2026
###############################################################################
[Swept volume] building (resolution=256)...
[Run] mode=full, trials=3, seeds=[0, 1, 2], steps=2000, srd=True, ablation_flags={'disable_swept_volume_adds': False, 'loss_only_deletion': False, 'disable_splitting': False}
[Trial 1/3] seed=0
[Patch] mapbox-earcut is not installed; falling back to fan fill, so non-convex pieces will render incorrectly. Install it with: pip install mapbox-earcut
[SRD rewrite] added patch=20, position=(-0.571, 0.160, 1.166), improvement=0.021206
[SRD rewrite] added patch=21, position=(-0.026, -0.488, 1.083), improvement=0.020830
[SRD rewrite] added patch=22, position=(-0.579, -0.053, 1.015), improvement=0.020794
SRD step 50: evaluated 27 candidates, 27 promising, accepted 3
  Accepted AddPatch at patch 20, improvement=0.021206
  Accepted AddPatch at patch 21, improvement=0.020830
  Accepted AddPatch at patch 22, improvement=0.020794
  Total patches: 23, total adds: 3, total deletes: 0
  step 50/2000: loss=0.498827, patches=20
[SRD rewrite] added patch=23, position=(-0.632, -0.106, 1.507), improvement=0.008271
[SRD rewrite] added patch=24, position=(-0.068, -1.021, 0.532), improvement=0.008038
[SRD rewrite] added patch=25, position=(0.736, -0.897, 0.423), improvement=0.008016
SRD step 100: evaluated 27 candidates, 27 promising, accepted 3
  Accepted AddPatch at patch 23, improvement=0.008271
  Accepted AddPatch at patch 24, improvement=0.008038
  Accepted AddPatch at patch 25, improvement=0.008016
  Total patches: 26, total adds: 6, total deletes: 0
  step 100/2000: loss=0.373634, patches=23
[SRD rewrite] deleted patch=23, position=(-0.615, -0.030, 1.515), reason=Area 0.006193 below minimum 0.01
[SRD rewrite] deleted patch=0, position=(0.705, 0.463, 1.863), reason=Area 0.007340 below minimum 0.01
[SRD rewrite] split patch=3, children=23,24, improvement=0.015577
[SRD rewrite] added patch=25, position=(-0.671, 0.968, 0.221), improvement=0.011517
[SRD rewrite] added patch=26, position=(-0.679, -0.069, 1.242), improvement=0.010915
SRD step 150: evaluated 27 candidates, 27 promising, accepted 5
  Accepted SplitPatch(3) at patch 3, improvement=0.015577
  Accepted AddPatch at patch 25, improvement=0.011517
  Accepted AddPatch at patch 26, improvement=0.010915
  Mandatory DeletePatch(0) at patch 0, reason=Area 0.007340 below minimum 0.01
  Mandatory DeletePatch(23) at patch 23, reason=Area 0.006193 below minimum 0.01
  Total patches: 27, total adds: 9, total deletes: 2
  step 150/2000: loss=0.307503, patches=26
[SRD rewrite] deleted patch=26, position=(-0.643, 0.052, 1.105), reason=Area 0.001185 below minimum 0.01
[SRD rewrite] deleted patch=24, position=(-1.621, 0.478, 0.450), reason=Area 0.003799 below minimum 0.01
[SRD rewrite] deleted patch=23, position=(-1.498, 0.215, 0.305), reason=Area 0.000648 below minimum 0.01
SRD step 200: evaluated 27 candidates, 0 promising, accepted 3
  Mandatory DeletePatch(23) at patch 23, reason=Area 0.000648 below minimum 0.01
  Mandatory DeletePatch(24) at patch 24, reason=Area 0.003799 below minimum 0.01
  Mandatory DeletePatch(26) at patch 26, reason=Area 0.001185 below minimum 0.01
  Total patches: 24, total adds: 9, total deletes: 5
  step 200/2000: loss=0.250381, patches=27
[SRD rewrite] added patch=24, position=(-0.694, -0.894, 0.489), improvement=0.000291
[SRD rewrite] added patch=25, position=(1.125, -0.572, 0.543), improvement=0.000189
[SRD rewrite] added patch=26, position=(-0.636, -0.864, 0.575), improvement=0.000104
SRD step 250: evaluated 27 candidates, 4 promising, accepted 3
  Accepted AddPatch at patch 24, improvement=0.000291
  Accepted AddPatch at patch 25, improvement=0.000189
  Accepted AddPatch at patch 26, improvement=0.000104
  Total patches: 27, total adds: 12, total deletes: 5
  step 250/2000: loss=0.234414, patches=24
[SRD rewrite] deleted patch=8, position=(-0.579, -0.018, 1.607), reason=Area 0.002688 below minimum 0.01
[SRD rewrite] added patch=26, position=(0.068, -1.337, -0.792), improvement=0.003074
[SRD rewrite] added patch=27, position=(0.783, -0.351, 0.693), improvement=0.002264
[SRD rewrite] restored patch=28, position=(-0.579, -0.018, 1.607), improvement=0.002255
SRD step 300: evaluated 27 candidates, 21 promising, accepted 4
  Accepted AddPatch at patch 26, improvement=0.003074
  Accepted AddPatch at patch 27, improvement=0.002264
  Accepted RestorePatch(6) at patch 28, improvement=0.002255
  Mandatory DeletePatch(8) at patch 8, reason=Area 0.002688 below minimum 0.01
  Total patches: 29, total adds: 15, total deletes: 6
  step 300/2000: loss=0.193039, patches=27
[SRD rewrite] deleted patch=28, position=(-0.584, 0.032, 1.614), reason=Area 0.002030 below minimum 0.01
[SRD rewrite] deleted patch=27, position=(0.839, -0.393, 0.720), reason=Area 0.001401 below minimum 0.01
SRD step 350: evaluated 27 candidates, 0 promising, accepted 2
  Mandatory DeletePatch(27) at patch 27, reason=Area 0.001401 below minimum 0.01
  Mandatory DeletePatch(28) at patch 28, reason=Area 0.002030 below minimum 0.01
  Total patches: 27, total adds: 15, total deletes: 8
  step 350/2000: loss=0.162745, patches=29
SRD step 400: evaluated 27 candidates, 0 promising, accepted 0
  Total patches: 27, total adds: 15, total deletes: 8
  step 400/2000: loss=0.171296, patches=27
[SRD rewrite] deleted patch=12, position=(-0.723, 0.067, 0.376), reason=Area 0.007860 below minimum 0.01
[SRD rewrite] deleted patch=4, position=(0.342, -0.748, 0.168), reason=Area 0.005634 below minimum 0.01
[SRD rewrite] added patch=25, position=(-1.203, -0.065, 1.183), improvement=0.000107
[SRD rewrite] added patch=26, position=(-0.895, 0.093, 0.621), improvement=0.000029
SRD step 450: evaluated 27 candidates, 2 promising, accepted 4
  Accepted AddPatch at patch 25, improvement=0.000107
  Accepted AddPatch at patch 26, improvement=0.000029
  Mandatory DeletePatch(4) at patch 4, reason=Area 0.005634 below minimum 0.01
  Mandatory DeletePatch(12) at patch 12, reason=Area 0.007860 below minimum 0.01
  Total patches: 27, total adds: 17, total deletes: 10
  step 450/2000: loss=0.172680, patches=27
[SRD rewrite] deleted patch=4, position=(1.257, 1.161, -0.783), reason=Area 0.004849 below minimum 0.01
SRD step 500: evaluated 27 candidates, 0 promising, accepted 1
  Mandatory DeletePatch(4) at patch 4, reason=Area 0.004849 below minimum 0.01
  Total patches: 26, total adds: 17, total deletes: 11
  step 500/2000: loss=0.137202, patches=27
[SRD rewrite] deleted patch=23, position=(-0.196, -1.201, -0.523), reason=Area 0.005549 below minimum 0.01
SRD step 550: evaluated 27 candidates, 0 promising, accepted 1
  Mandatory DeletePatch(23) at patch 23, reason=Area 0.005549 below minimum 0.01
  Total patches: 25, total adds: 17, total deletes: 12
  step 550/2000: loss=0.124315, patches=26
[SRD rewrite] deleted patch=15, position=(-0.592, 0.056, 1.538), reason=Area 0.006444 below minimum 0.01
[SRD rewrite] deleted patch=23, position=(-0.975, 0.100, 0.563), reason=delete has no image effect
SRD step 600: evaluated 27 candidates, 0 promising, accepted 2
  Mandatory DeletePatch(15) at patch 15, reason=Area 0.006444 below minimum 0.01
  Mandatory DeletePatch(23) at patch 23, reason=delete has no image effect
  Total patches: 23, total adds: 17, total deletes: 14
  step 600/2000: loss=0.118047, patches=25
[SRD rewrite] deleted patch=15, position=(-0.717, 0.221, 0.397), reason=Area 0.002019 below minimum 0.01
SRD step 650: evaluated 27 candidates, 0 promising, accepted 1
  Mandatory DeletePatch(15) at patch 15, reason=Area 0.002019 below minimum 0.01
  Total patches: 22, total adds: 17, total deletes: 15
  step 650/2000: loss=0.109639, patches=23
SRD step 700: evaluated 27 candidates, 0 promising, accepted 0
  Total patches: 22, total adds: 17, total deletes: 15
  step 700/2000: loss=0.101399, patches=22
SRD step 750: evaluated 27 candidates, 0 promising, accepted 0
  Total patches: 22, total adds: 17, total deletes: 15
  step 750/2000: loss=0.099091, patches=22
[SRD rewrite] deleted patch=14, position=(-0.543, 0.379, 1.464), reason=Area 0.005466 below minimum 0.01
SRD step 800: evaluated 27 candidates, 0 promising, accepted 1
  Mandatory DeletePatch(14) at patch 14, reason=Area 0.005466 below minimum 0.01
  Total patches: 21, total adds: 17, total deletes: 16
  step 800/2000: loss=0.095299, patches=22
SRD step 850: evaluated 27 candidates, 0 promising, accepted 0
  Total patches: 21, total adds: 17, total deletes: 16
  step 850/2000: loss=0.094426, patches=21
[SRD rewrite] deleted patch=1, position=(0.724, 0.223, 0.384), reason=Area 0.009420 below minimum 0.01
SRD step 900: evaluated 27 candidates, 0 promising, accepted 1
  Mandatory DeletePatch(1) at patch 1, reason=Area 0.009420 below minimum 0.01
  Total patches: 20, total adds: 17, total deletes: 17
  step 900/2000: loss=0.095153, patches=21
SRD step 950: evaluated 27 candidates, 0 promising, accepted 0
  Total patches: 20, total adds: 17, total deletes: 17
  step 950/2000: loss=0.093906, patches=20
SRD step 1000: evaluated 27 candidates, 0 promising, accepted 0
  Total patches: 20, total adds: 17, total deletes: 17
  step 1000/2000: loss=0.091816, patches=20
SRD step 1050: evaluated 27 candidates, 0 promising, accepted 0
  Total patches: 20, total adds: 17, total deletes: 17
  step 1050/2000: loss=0.090876, patches=20
SRD step 1100: evaluated 27 candidates, 0 promising, accepted 0
  Total patches: 20, total adds: 17, total deletes: 17
  step 1100/2000: loss=0.089220, patches=20
[SRD rewrite] deleted patch=6, position=(0.997, 0.118, 0.323), reason=Area 0.009450 below minimum 0.01
SRD step 1150: evaluated 27 candidates, 0 promising, accepted 1
  Mandatory DeletePatch(6) at patch 6, reason=Area 0.009450 below minimum 0.01
  Total patches: 19, total adds: 17, total deletes: 18
  step 1150/2000: loss=0.088750, patches=20
[SRD rewrite] deleted patch=9, position=(0.029, 0.768, 0.166), reason=Area 0.008911 below minimum 0.01
SRD step 1200: evaluated 27 candidates, 0 promising, accepted 1
  Mandatory DeletePatch(9) at patch 9, reason=Area 0.008911 below minimum 0.01
  Total patches: 18, total adds: 17, total deletes: 19
  step 1200/2000: loss=0.088033, patches=19
SRD step 1250: evaluated 27 candidates, 0 promising, accepted 0
  Total patches: 18, total adds: 17, total deletes: 19
  step 1250/2000: loss=0.087786, patches=18
SRD step 1300: evaluated 27 candidates, 0 promising, accepted 0
  Total patches: 18, total adds: 17, total deletes: 19
  step 1300/2000: loss=0.085960, patches=18
SRD step 1350: evaluated 27 candidates, 0 promising, accepted 0
  Total patches: 18, total adds: 17, total deletes: 19
  step 1350/2000: loss=0.085331, patches=18
SRD step 1400: evaluated 27 candidates, 0 promising, accepted 0
  Total patches: 18, total adds: 17, total deletes: 19
  step 1400/2000: loss=0.085025, patches=18
SRD step 1450: evaluated 27 candidates, 0 promising, accepted 0
  Total patches: 18, total adds: 17, total deletes: 19
  step 1450/2000: loss=0.086268, patches=18
SRD step 1500: evaluated 27 candidates, 0 promising, accepted 0
  Total patches: 18, total adds: 17, total deletes: 19
  step 1500/2000: loss=0.085645, patches=18
SRD step 1550: evaluated 27 candidates, 0 promising, accepted 0
  Total patches: 18, total adds: 17, total deletes: 19
  step 1550/2000: loss=0.086720, patches=18
SRD step 1600: evaluated 27 candidates, 0 promising, accepted 0
  Total patches: 18, total adds: 17, total deletes: 19
  step 1600/2000: loss=0.085714, patches=18
SRD step 1650: evaluated 27 candidates, 0 promising, accepted 0
  Total patches: 18, total adds: 17, total deletes: 19
  step 1650/2000: loss=0.086803, patches=18
SRD step 1700: evaluated 27 candidates, 0 promising, accepted 0
  Total patches: 18, total adds: 17, total deletes: 19
  step 1700/2000: loss=0.086113, patches=18
SRD step 1750: evaluated 27 candidates, 0 promising, accepted 0
  Total patches: 18, total adds: 17, total deletes: 19
  step 1750/2000: loss=0.086309, patches=18
SRD step 1800: evaluated 27 candidates, 0 promising, accepted 0
  Total patches: 18, total adds: 17, total deletes: 19
  step 1800/2000: loss=0.086767, patches=18
SRD step 1850: evaluated 27 candidates, 0 promising, accepted 0
  Total patches: 18, total adds: 17, total deletes: 19
  step 1850/2000: loss=0.086341, patches=18
SRD step 1900: evaluated 27 candidates, 0 promising, accepted 0
  Total patches: 18, total adds: 17, total deletes: 19
  step 1900/2000: loss=0.084835, patches=18
SRD step 1950: evaluated 27 candidates, 0 promising, accepted 0
  Total patches: 18, total adds: 17, total deletes: 19
  step 1950/2000: loss=0.084224, patches=18
SRD step 2000: evaluated 27 candidates, 0 promising, accepted 0
  Total patches: 18, total adds: 17, total deletes: 19
  step 2000/2000: loss=0.085961, patches=18
[SRD rewrite] deleted patch=1, position=(-2.199, 0.021, 1.710), reason=final deletion pass improved loss
[Trial 1] done: loss=0.083133, time=12823.2s
[Trial 2/3] seed=1
[SRD rewrite] added patch=20, position=(-0.539, -0.091, 1.360), improvement=0.023075
[SRD rewrite] added patch=21, position=(0.248, -0.410, 0.953), improvement=0.022847
[SRD rewrite] added patch=22, position=(-0.633, -0.005, 1.304), improvement=0.022790
SRD step 50: evaluated 27 candidates, 27 promising, accepted 3
  Accepted AddPatch at patch 20, improvement=0.023075
  Accepted AddPatch at patch 21, improvement=0.022847
  Accepted AddPatch at patch 22, improvement=0.022790
  Total patches: 23, total adds: 3, total deletes: 0
  step 50/2000: loss=0.504454, patches=20
[SRD rewrite] split patch=10, children=22,23, improvement=0.012308
[SRD rewrite] added patch=24, position=(0.641, -0.860, 0.978), improvement=0.007779
[SRD rewrite] added patch=25, position=(0.238, -0.493, 1.183), improvement=0.006789
SRD step 100: evaluated 27 candidates, 23 promising, accepted 3
  Accepted SplitPatch(10) at patch 10, improvement=0.012308
  Accepted AddPatch at patch 24, improvement=0.007779
  Accepted AddPatch at patch 25, improvement=0.006789
  Total patches: 26, total adds: 6, total deletes: 0
  step 100/2000: loss=0.355671, patches=23
[SRD rewrite] deleted patch=23, position=(-0.475, -0.843, 1.734), reason=Area 0.001421 below minimum 0.01
[SRD rewrite] deleted patch=22, position=(-0.200, -1.127, 1.742), reason=Area 0.001780 below minimum 0.01
[SRD rewrite] deleted patch=2, position=(0.754, 0.945, -0.150), reason=Area 0.003358 below minimum 0.01
[SRD rewrite] added patch=23, position=(-0.639, 0.841, 1.166), improvement=0.008469
[SRD rewrite] added patch=24, position=(0.669, -0.962, 0.905), improvement=0.007684
[SRD rewrite] restored patch=25, position=(0.754, 0.945, -0.150), improvement=0.007643
SRD step 150: evaluated 27 candidates, 19 promising, accepted 6
  Accepted AddPatch at patch 23, improvement=0.008469
  Accepted AddPatch at patch 24, improvement=0.007684
  Accepted RestorePatch(3) at patch 25, improvement=0.007643
  Mandatory DeletePatch(2) at patch 2, reason=Area 0.003358 below minimum 0.01
  Mandatory DeletePatch(22) at patch 22, reason=Area 0.001780 below minimum 0.01
  Mandatory DeletePatch(23) at patch 23, reason=Area 0.001421 below minimum 0.01
  Total patches: 26, total adds: 9, total deletes: 3
  step 150/2000: loss=0.288832, patches=26
[SRD rewrite] deleted patch=25, position=(0.709, 0.825, 0.001), reason=Area 0.000224 below minimum 0.01
[SRD rewrite] split patch=0, children=24,25, improvement=0.009103
[SRD rewrite] added patch=26, position=(-0.736, 1.028, 0.206), improvement=0.001449
[SRD rewrite] added patch=27, position=(1.325, -0.049, 0.594), improvement=0.001349
SRD step 200: evaluated 27 candidates, 16 promising, accepted 4
  Accepted SplitPatch(0) at patch 0, improvement=0.009103
  Accepted AddPatch at patch 26, improvement=0.001449
  Accepted AddPatch at patch 27, improvement=0.001349
  Mandatory DeletePatch(25) at patch 25, reason=Area 0.000224 below minimum 0.01
  Total patches: 28, total adds: 12, total deletes: 4
  step 200/2000: loss=0.240261, patches=26
[SRD rewrite] deleted patch=25, position=(0.115, -1.917, 0.229), reason=Area 0.004202 below minimum 0.01
[SRD rewrite] deleted patch=24, position=(0.138, -1.789, 0.244), reason=Area 0.000459 below minimum 0.01
[SRD rewrite] deleted patch=10, position=(0.643, 0.375, 1.980), reason=Area 0.008785 below minimum 0.01
[SRD rewrite] added patch=25, position=(1.095, 0.567, 0.971), improvement=0.007658
[SRD rewrite] added patch=26, position=(-0.780, -0.017, 1.186), improvement=0.006570
[SRD rewrite] added patch=27, position=(-0.690, 0.111, 0.853), improvement=0.006251
SRD step 250: evaluated 27 candidates, 18 promising, accepted 6
  Accepted AddPatch at patch 25, improvement=0.007658
  Accepted AddPatch at patch 26, improvement=0.006570
  Accepted AddPatch at patch 27, improvement=0.006251
  Mandatory DeletePatch(10) at patch 10, reason=Area 0.008785 below minimum 0.01
  Mandatory DeletePatch(24) at patch 24, reason=Area 0.000459 below minimum 0.01
  Mandatory DeletePatch(25) at patch 25, reason=Area 0.004202 below minimum 0.01
  Total patches: 28, total adds: 15, total deletes: 7
  step 250/2000: loss=0.190384, patches=28
[SRD rewrite] deleted patch=27, position=(-0.718, 0.185, 0.952), reason=Area 0.000599 below minimum 0.01
[SRD rewrite] added patch=27, position=(1.109, -0.486, 0.630), improvement=0.000716
[SRD rewrite] added patch=28, position=(0.801, -1.227, -0.816), improvement=0.000473
[SRD rewrite] added patch=29, position=(1.357, -0.006, 0.780), improvement=0.000196
SRD step 300: evaluated 27 candidates, 4 promising, accepted 4
  Accepted AddPatch at patch 27, improvement=0.000716
  Accepted AddPatch at patch 28, improvement=0.000473
  Accepted AddPatch at patch 29, improvement=0.000196
  Mandatory DeletePatch(27) at patch 27, reason=Area 0.000599 below minimum 0.01
  Total patches: 30, total adds: 18, total deletes: 8
  step 300/2000: loss=0.157023, patches=28
[SRD rewrite] deleted patch=29, position=(1.349, 0.012, 0.816), reason=Area 0.006430 below minimum 0.01
[SRD rewrite] deleted patch=18, position=(-0.598, 0.219, 1.485), reason=Area 0.007954 below minimum 0.01
[SRD rewrite] deleted patch=4, position=(-0.169, 1.177, 0.124), reason=Area 0.005082 below minimum 0.01
[SRD rewrite] deleted patch=21, position=(-0.694, 1.069, 0.365), reason=delete has no image effect
SRD step 350: evaluated 27 candidates, 0 promising, accepted 4
  Mandatory DeletePatch(4) at patch 4, reason=Area 0.005082 below minimum 0.01
  Mandatory DeletePatch(18) at patch 18, reason=Area 0.007954 below minimum 0.01
  Mandatory DeletePatch(29) at patch 29, reason=Area 0.006430 below minimum 0.01
  Mandatory DeletePatch(21) at patch 21, reason=delete has no image effect
  Total patches: 26, total adds: 18, total deletes: 12
  step 350/2000: loss=0.125870, patches=30
SRD step 400: evaluated 27 candidates, 0 promising, accepted 0
  Total patches: 26, total adds: 18, total deletes: 12
  step 400/2000: loss=0.113423, patches=26
SRD step 450: evaluated 27 candidates, 0 promising, accepted 0
  Total patches: 26, total adds: 18, total deletes: 12
  step 450/2000: loss=0.108948, patches=26
SRD step 500: evaluated 27 candidates, 0 promising, accepted 0
  Total patches: 26, total adds: 18, total deletes: 12
  step 500/2000: loss=0.106806, patches=26
SRD step 550: evaluated 27 candidates, 0 promising, accepted 0
  Total patches: 26, total adds: 18, total deletes: 12
  step 550/2000: loss=0.108781, patches=26
SRD step 600: evaluated 27 candidates, 0 promising, accepted 0
  Total patches: 26, total adds: 18, total deletes: 12
  step 600/2000: loss=0.108105, patches=26
[SRD rewrite] deleted patch=18, position=(0.302, -0.615, 1.242), reason=Area 0.006898 below minimum 0.01
SRD step 650: evaluated 27 candidates, 0 promising, accepted 1
  Mandatory DeletePatch(18) at patch 18, reason=Area 0.006898 below minimum 0.01
  Total patches: 25, total adds: 18, total deletes: 13
  step 650/2000: loss=0.109030, patches=26
SRD step 700: evaluated 27 candidates, 0 promising, accepted 0
  Total patches: 25, total adds: 18, total deletes: 13
  step 700/2000: loss=0.108993, patches=25
SRD step 750: evaluated 27 candidates, 0 promising, accepted 0
  Total patches: 25, total adds: 18, total deletes: 13
  step 750/2000: loss=0.106519, patches=25
SRD step 800: evaluated 27 candidates, 0 promising, accepted 0
  Total patches: 25, total adds: 18, total deletes: 13
  step 800/2000: loss=0.106777, patches=25
SRD step 850: evaluated 27 candidates, 0 promising, accepted 0
  Total patches: 25, total adds: 18, total deletes: 13
  step 850/2000: loss=0.104052, patches=25
SRD step 900: evaluated 27 candidates, 0 promising, accepted 0
  Total patches: 25, total adds: 18, total deletes: 13
  step 900/2000: loss=0.107298, patches=25
SRD step 950: evaluated 27 candidates, 0 promising, accepted 0
  Total patches: 25, total adds: 18, total deletes: 13
  step 950/2000: loss=0.105544, patches=25
SRD step 1000: evaluated 27 candidates, 0 promising, accepted 0
  Total patches: 25, total adds: 18, total deletes: 13
  step 1000/2000: loss=0.103288, patches=25
SRD step 1050: evaluated 27 candidates, 0 promising, accepted 0
  Total patches: 25, total adds: 18, total deletes: 13
  step 1050/2000: loss=0.098869, patches=25
SRD step 1100: evaluated 27 candidates, 0 promising, accepted 0
  Total patches: 25, total adds: 18, total deletes: 13
  step 1100/2000: loss=0.097562, patches=25
SRD step 1150: evaluated 27 candidates, 0 promising, accepted 0
  Total patches: 25, total adds: 18, total deletes: 13
  step 1150/2000: loss=0.097363, patches=25
SRD step 1200: evaluated 27 candidates, 0 promising, accepted 0
  Total patches: 25, total adds: 18, total deletes: 13
  step 1200/2000: loss=0.097569, patches=25
[SRD rewrite] deleted patch=11, position=(0.477, -0.301, 2.042), reason=Area 0.005897 below minimum 0.01
SRD step 1250: evaluated 27 candidates, 0 promising, accepted 1
  Mandatory DeletePatch(11) at patch 11, reason=Area 0.005897 below minimum 0.01
  Total patches: 24, total adds: 18, total deletes: 14
  step 1250/2000: loss=0.096717, patches=25
SRD step 1300: evaluated 27 candidates, 0 promising, accepted 0
  Total patches: 24, total adds: 18, total deletes: 14
  step 1300/2000: loss=0.096222, patches=24
SRD step 1350: evaluated 27 candidates, 0 promising, accepted 0
  Total patches: 24, total adds: 18, total deletes: 14
  step 1350/2000: loss=0.097395, patches=24
SRD step 1400: evaluated 27 candidates, 0 promising, accepted 0
  Total patches: 24, total adds: 18, total deletes: 14
  step 1400/2000: loss=0.096538, patches=24
SRD step 1450: evaluated 27 candidates, 0 promising, accepted 0
  Total patches: 24, total adds: 18, total deletes: 14
  step 1450/2000: loss=0.100235, patches=24
SRD step 1500: evaluated 27 candidates, 0 promising, accepted 0
  Total patches: 24, total adds: 18, total deletes: 14
  step 1500/2000: loss=0.098287, patches=24
SRD step 1550: evaluated 26 candidates, 0 promising, accepted 0
  Total patches: 24, total adds: 18, total deletes: 14
  step 1550/2000: loss=0.096657, patches=24
SRD step 1600: evaluated 27 candidates, 0 promising, accepted 0
  Total patches: 24, total adds: 18, total deletes: 14
  step 1600/2000: loss=0.098905, patches=24
SRD step 1650: evaluated 27 candidates, 0 promising, accepted 0
  Total patches: 24, total adds: 18, total deletes: 14
  step 1650/2000: loss=0.094327, patches=24
SRD step 1700: evaluated 27 candidates, 0 promising, accepted 0
  Total patches: 24, total adds: 18, total deletes: 14
  step 1700/2000: loss=0.094248, patches=24
SRD step 1750: evaluated 27 candidates, 0 promising, accepted 0
  Total patches: 24, total adds: 18, total deletes: 14
  step 1750/2000: loss=0.093609, patches=24
SRD step 1800: evaluated 27 candidates, 0 promising, accepted 0
  Total patches: 24, total adds: 18, total deletes: 14
  step 1800/2000: loss=0.094946, patches=24
SRD step 1850: evaluated 27 candidates, 0 promising, accepted 0
  Total patches: 24, total adds: 18, total deletes: 14
  step 1850/2000: loss=0.092142, patches=24
SRD step 1900: evaluated 27 candidates, 0 promising, accepted 0
  Total patches: 24, total adds: 18, total deletes: 14
  step 1900/2000: loss=0.092028, patches=24
SRD step 1950: evaluated 27 candidates, 0 promising, accepted 0
  Total patches: 24, total adds: 18, total deletes: 14
  step 1950/2000: loss=0.092612, patches=24
SRD step 2000: evaluated 27 candidates, 0 promising, accepted 0
  Total patches: 24, total adds: 18, total deletes: 14
  step 2000/2000: loss=0.092812, patches=24
[SRD rewrite] deleted patch=8, position=(-0.228, -0.498, 2.100), reason=final deletion pass improved loss
[Trial 2] done: loss=0.070746, time=15510.0s
[Trial 3/3] seed=2
[SRD rewrite] added patch=20, position=(0.361, -0.290, 1.325), improvement=0.026019
[SRD rewrite] added patch=21, position=(0.219, -0.367, 0.917), improvement=0.025566
[SRD rewrite] added patch=22, position=(-0.263, -0.496, 1.033), improvement=0.025410
SRD step 50: evaluated 27 candidates, 27 promising, accepted 3
  Accepted AddPatch at patch 20, improvement=0.026019
  Accepted AddPatch at patch 21, improvement=0.025566
  Accepted AddPatch at patch 22, improvement=0.025410
  Total patches: 23, total adds: 3, total deletes: 0
  step 50/2000: loss=0.443043, patches=20
[SRD rewrite] added patch=23, position=(-0.015, -0.446, 1.342), improvement=0.010688
[SRD rewrite] added patch=24, position=(0.331, -0.489, 0.873), improvement=0.010288
[SRD rewrite] added patch=25, position=(-0.023, -0.542, 0.739), improvement=0.010194
SRD step 100: evaluated 27 candidates, 25 promising, accepted 3
  Accepted AddPatch at patch 23, improvement=0.010688
  Accepted AddPatch at patch 24, improvement=0.010288
  Accepted AddPatch at patch 25, improvement=0.010194
  Total patches: 26, total adds: 6, total deletes: 0
  step 100/2000: loss=0.293520, patches=23
[SRD rewrite] deleted patch=25, position=(0.008, -0.433, 0.909), reason=Area 0.000224 below minimum 0.01
[SRD rewrite] added patch=25, position=(-1.303, -0.018, 1.055), improvement=0.000957
[SRD rewrite] added patch=26, position=(0.052, -0.469, 1.152), improvement=0.000596
[SRD rewrite] added patch=27, position=(0.185, -0.347, 0.866), improvement=0.000414
SRD step 150: evaluated 27 candidates, 5 promising, accepted 4
  Accepted AddPatch at patch 25, improvement=0.000957
  Accepted AddPatch at patch 26, improvement=0.000596
  Accepted AddPatch at patch 27, improvement=0.000414
  Mandatory DeletePatch(25) at patch 25, reason=Area 0.000224 below minimum 0.01
  Total patches: 28, total adds: 9, total deletes: 1
  step 150/2000: loss=0.227038, patches=26
[SRD rewrite] deleted patch=27, position=(0.315, -0.354, 0.900), reason=Area 0.002754 below minimum 0.01
[SRD rewrite] deleted patch=26, position=(0.040, -0.495, 1.226), reason=Area 0.007423 below minimum 0.01
[SRD rewrite] deleted patch=25, position=(-1.299, -0.008, 1.083), reason=Area 0.004264 below minimum 0.01
[SRD rewrite] deleted patch=24, position=(0.386, -0.440, 0.905), reason=Area 0.004348 below minimum 0.01
SRD step 200: evaluated 27 candidates, 0 promising, accepted 4
  Mandatory DeletePatch(24) at patch 24, reason=Area 0.004348 below minimum 0.01
  Mandatory DeletePatch(25) at patch 25, reason=Area 0.004264 below minimum 0.01
  Mandatory DeletePatch(26) at patch 26, reason=Area 0.007423 below minimum 0.01
  Mandatory DeletePatch(27) at patch 27, reason=Area 0.002754 below minimum 0.01
  Total patches: 24, total adds: 9, total deletes: 5
  step 200/2000: loss=0.192425, patches=28
[SRD rewrite] added patch=24, position=(-0.621, -0.873, 1.191), improvement=0.001902
[SRD rewrite] added patch=25, position=(0.676, -0.861, 0.822), improvement=0.001572
[SRD rewrite] added patch=26, position=(-0.428, -0.332, 0.721), improvement=0.001443
SRD step 250: evaluated 27 candidates, 19 promising, accepted 3
  Accepted AddPatch at patch 24, improvement=0.001902
  Accepted AddPatch at patch 25, improvement=0.001572
  Accepted AddPatch at patch 26, improvement=0.001443
  Total patches: 27, total adds: 12, total deletes: 5
  step 250/2000: loss=0.168113, patches=24
[SRD rewrite] deleted patch=25, position=(0.620, -0.885, 0.961), reason=Area 0.007693 below minimum 0.01
SRD step 300: evaluated 27 candidates, 0 promising, accepted 1
  Mandatory DeletePatch(25) at patch 25, reason=Area 0.007693 below minimum 0.01
  Total patches: 26, total adds: 12, total deletes: 6
  step 300/2000: loss=0.146719, patches=27
[SRD rewrite] deleted patch=23, position=(-0.041, -0.267, 1.379), reason=Area 0.007525 below minimum 0.01
SRD step 350: evaluated 27 candidates, 0 promising, accepted 1
  Mandatory DeletePatch(23) at patch 23, reason=Area 0.007525 below minimum 0.01
  Total patches: 25, total adds: 12, total deletes: 7
  step 350/2000: loss=0.137096, patches=26
SRD step 400: evaluated 27 candidates, 0 promising, accepted 0
  Total patches: 25, total adds: 12, total deletes: 7
  step 400/2000: loss=0.134589, patches=25
SRD step 450: evaluated 27 candidates, 0 promising, accepted 0
  Total patches: 25, total adds: 12, total deletes: 7
  step 450/2000: loss=0.133894, patches=25
SRD step 500: evaluated 27 candidates, 0 promising, accepted 0
  Total patches: 25, total adds: 12, total deletes: 7
  step 500/2000: loss=0.131358, patches=25
SRD step 550: evaluated 27 candidates, 0 promising, accepted 0
  Total patches: 25, total adds: 12, total deletes: 7
  step 550/2000: loss=0.128592, patches=25
SRD step 600: evaluated 27 candidates, 0 promising, accepted 0
  Total patches: 25, total adds: 12, total deletes: 7
  step 600/2000: loss=0.129106, patches=25
[SRD rewrite] deleted patch=6, position=(0.281, 0.670, 0.183), reason=Area 0.005771 below minimum 0.01
SRD step 650: evaluated 27 candidates, 0 promising, accepted 1
  Mandatory DeletePatch(6) at patch 6, reason=Area 0.005771 below minimum 0.01
  Total patches: 24, total adds: 12, total deletes: 8
  step 650/2000: loss=0.126020, patches=25
SRD step 700: evaluated 27 candidates, 0 promising, accepted 0
  Total patches: 24, total adds: 12, total deletes: 8
  step 700/2000: loss=0.127437, patches=24
SRD step 750: evaluated 27 candidates, 0 promising, accepted 0
  Total patches: 24, total adds: 12, total deletes: 8
  step 750/2000: loss=0.128099, patches=24
[SRD rewrite] deleted patch=23, position=(-0.567, -0.423, 0.976), reason=Area 0.009043 below minimum 0.01
SRD step 800: evaluated 27 candidates, 0 promising, accepted 1
  Mandatory DeletePatch(23) at patch 23, reason=Area 0.009043 below minimum 0.01
  Total patches: 23, total adds: 12, total deletes: 9
  step 800/2000: loss=0.128554, patches=24
SRD step 850: evaluated 27 candidates, 0 promising, accepted 0
  Total patches: 23, total adds: 12, total deletes: 9
  step 850/2000: loss=0.127889, patches=23
SRD step 900: evaluated 27 candidates, 0 promising, accepted 0
  Total patches: 23, total adds: 12, total deletes: 9
  step 900/2000: loss=0.129292, patches=23
[SRD rewrite] deleted patch=12, position=(0.592, 0.551, 0.246), reason=Area 0.009307 below minimum 0.01
SRD step 950: evaluated 27 candidates, 0 promising, accepted 1
  Mandatory DeletePatch(12) at patch 12, reason=Area 0.009307 below minimum 0.01
  Total patches: 22, total adds: 12, total deletes: 10
  step 950/2000: loss=0.133356, patches=23
[SRD rewrite] deleted patch=3, position=(0.805, 0.178, 0.316), reason=Area 0.008766 below minimum 0.01
SRD step 1000: evaluated 27 candidates, 0 promising, accepted 1
  Mandatory DeletePatch(3) at patch 3, reason=Area 0.008766 below minimum 0.01
  Total patches: 21, total adds: 12, total deletes: 11
  step 1000/2000: loss=0.130126, patches=22
SRD step 1050: evaluated 27 candidates, 0 promising, accepted 0
  Total patches: 21, total adds: 12, total deletes: 11
  step 1050/2000: loss=0.136481, patches=21
SRD step 1100: evaluated 27 candidates, 0 promising, accepted 0
  Total patches: 21, total adds: 12, total deletes: 11
  step 1100/2000: loss=0.138517, patches=21
SRD step 1150: evaluated 27 candidates, 0 promising, accepted 0
  Total patches: 21, total adds: 12, total deletes: 11
  step 1150/2000: loss=0.134627, patches=21
SRD step 1200: evaluated 27 candidates, 0 promising, accepted 0
  Total patches: 21, total adds: 12, total deletes: 11
  step 1200/2000: loss=0.136252, patches=21
SRD step 1250: evaluated 27 candidates, 0 promising, accepted 0
  Total patches: 21, total adds: 12, total deletes: 11
  step 1250/2000: loss=0.135956, patches=21
SRD step 1300: evaluated 27 candidates, 0 promising, accepted 0
  Total patches: 21, total adds: 12, total deletes: 11
  step 1300/2000: loss=0.136501, patches=21
SRD step 1350: evaluated 27 candidates, 0 promising, accepted 0
  Total patches: 21, total adds: 12, total deletes: 11
  step 1350/2000: loss=0.137358, patches=21
SRD step 1400: evaluated 27 candidates, 0 promising, accepted 0
  Total patches: 21, total adds: 12, total deletes: 11
  step 1400/2000: loss=0.133795, patches=21
SRD step 1450: evaluated 27 candidates, 0 promising, accepted 0
  Total patches: 21, total adds: 12, total deletes: 11
  step 1450/2000: loss=0.134374, patches=21
[SRD rewrite] deleted patch=17, position=(0.627, -0.405, 1.275), reason=Area 0.009902 below minimum 0.01
SRD step 1500: evaluated 27 candidates, 0 promising, accepted 1
  Mandatory DeletePatch(17) at patch 17, reason=Area 0.009902 below minimum 0.01
  Total patches: 20, total adds: 12, total deletes: 12
  step 1500/2000: loss=0.137876, patches=21
SRD step 1550: evaluated 27 candidates, 0 promising, accepted 0
  Total patches: 20, total adds: 12, total deletes: 12
  step 1550/2000: loss=0.135888, patches=20
SRD step 1600: evaluated 27 candidates, 0 promising, accepted 0
  Total patches: 20, total adds: 12, total deletes: 12
  step 1600/2000: loss=0.135846, patches=20
SRD step 1650: evaluated 27 candidates, 0 promising, accepted 0
  Total patches: 20, total adds: 12, total deletes: 12
  step 1650/2000: loss=0.136712, patches=20
SRD step 1700: evaluated 27 candidates, 0 promising, accepted 0
  Total patches: 20, total adds: 12, total deletes: 12
  step 1700/2000: loss=0.137210, patches=20
SRD step 1750: evaluated 27 candidates, 0 promising, accepted 0
  Total patches: 20, total adds: 12, total deletes: 12
  step 1750/2000: loss=0.135094, patches=20
SRD step 1800: evaluated 27 candidates, 0 promising, accepted 0
  Total patches: 20, total adds: 12, total deletes: 12
  step 1800/2000: loss=0.136083, patches=20
SRD step 1850: evaluated 27 candidates, 0 promising, accepted 0
  Total patches: 20, total adds: 12, total deletes: 12
  step 1850/2000: loss=0.130920, patches=20
[SRD rewrite] deleted patch=1, position=(-0.520, 0.384, 1.462), reason=Area 0.007912 below minimum 0.01
SRD step 1900: evaluated 27 candidates, 0 promising, accepted 1
  Mandatory DeletePatch(1) at patch 1, reason=Area 0.007912 below minimum 0.01
  Total patches: 19, total adds: 12, total deletes: 13
  step 1900/2000: loss=0.134980, patches=20
SRD step 1950: evaluated 27 candidates, 0 promising, accepted 0
  Total patches: 19, total adds: 12, total deletes: 13
  step 1950/2000: loss=0.138859, patches=19
SRD step 2000: evaluated 27 candidates, 0 promising, accepted 0
  Total patches: 19, total adds: 12, total deletes: 13
  step 2000/2000: loss=0.132168, patches=19
[SRD rewrite] deleted patch=8, position=(-1.390, -0.208, 2.459), reason=final deletion pass improved loss
[Trial 3] done: loss=0.106537, time=13848.6s
[Run] report written to results/slurm/20260718_1833/ablation_sun_moon_full/output.txt
