## SLURM PROLOG ###############################################################
##    Job ID : 4079940
##  Job Name : 20260718_0323_comparison_sun_moon_srd
##  Nodelist : gpu2601
##      CPUs : 
##  Mem/Node : 128000 MB
## Directory : /oscar/home/cjmok/automated-perspective-sculptor
##   Job Started : Sat Jul 18 03:39:57 AM EDT 2026
###############################################################################
[Swept volume] building (resolution=256)...
[Run] mode=full, trials=3, seeds=[0, 1, 2], steps=2000, srd=True, ablation_flags={'disable_swept_volume_adds': False, 'loss_only_deletion': False, 'disable_splitting': False}
[Trial 1/3] seed=0
[Patch] mapbox-earcut is not installed; falling back to fan fill, so non-convex pieces will render incorrectly. Install it with: pip install mapbox-earcut
[SRD rewrite] added patch=20, position=(-0.577, 0.170, 1.161), improvement=0.021219
[SRD rewrite] added patch=21, position=(-0.571, -0.046, 1.007), improvement=0.021007
[SRD rewrite] added patch=22, position=(-0.029, -0.479, 1.083), improvement=0.020980
SRD step 50: evaluated 27 candidates, 27 promising, accepted 3
  Accepted AddPatch at patch 20, improvement=0.021219
  Accepted AddPatch at patch 21, improvement=0.021007
  Accepted AddPatch at patch 22, improvement=0.020980
  Total patches: 23, total adds: 3, total deletes: 0
  step 50/2000: loss=0.498827, patches=20
[SRD rewrite] added patch=23, position=(-0.645, -0.104, 1.500), improvement=0.008541
[SRD rewrite] added patch=24, position=(0.554, 0.283, 1.270), improvement=0.008162
[SRD rewrite] added patch=25, position=(-0.108, 0.002, 1.400), improvement=0.007918
SRD step 100: evaluated 27 candidates, 27 promising, accepted 3
  Accepted AddPatch at patch 23, improvement=0.008541
  Accepted AddPatch at patch 24, improvement=0.008162
  Accepted AddPatch at patch 25, improvement=0.007918
  Total patches: 26, total adds: 6, total deletes: 0
  step 100/2000: loss=0.373591, patches=23
[SRD rewrite] deleted patch=24, position=(0.608, 0.270, 1.274), reason=Area 0.009851 below minimum 0.01
[SRD rewrite] deleted patch=23, position=(-0.605, -0.037, 1.521), reason=Area 0.001778 below minimum 0.01
[SRD rewrite] deleted patch=0, position=(0.705, 0.463, 1.863), reason=Area 0.007340 below minimum 0.01
[SRD rewrite] added patch=23, position=(-0.674, 0.968, 0.219), improvement=0.005433
[SRD rewrite] added patch=24, position=(-0.430, -0.187, 1.481), improvement=0.004648
[SRD rewrite] added patch=25, position=(0.639, -0.061, 1.232), improvement=0.004557
SRD step 150: evaluated 27 candidates, 23 promising, accepted 6
  Accepted AddPatch at patch 23, improvement=0.005433
  Accepted AddPatch at patch 24, improvement=0.004648
  Accepted AddPatch at patch 25, improvement=0.004557
  Mandatory DeletePatch(0) at patch 0, reason=Area 0.007340 below minimum 0.01
  Mandatory DeletePatch(23) at patch 23, reason=Area 0.001778 below minimum 0.01
  Mandatory DeletePatch(24) at patch 24, reason=Area 0.009851 below minimum 0.01
  Total patches: 26, total adds: 9, total deletes: 3
  step 150/2000: loss=0.317423, patches=26
[SRD rewrite] deleted patch=25, position=(0.638, -0.031, 1.286), reason=Area 0.008834 below minimum 0.01
[SRD rewrite] deleted patch=24, position=(-0.446, -0.095, 1.500), reason=Area 0.000197 below minimum 0.01
[SRD rewrite] split patch=3, children=23,24, improvement=0.005136
[SRD rewrite] added patch=25, position=(0.619, -0.926, 1.007), improvement=0.002815
[SRD rewrite] added patch=26, position=(-0.324, -0.002, 1.280), improvement=0.002240
SRD step 200: evaluated 27 candidates, 26 promising, accepted 5
  Accepted SplitPatch(3) at patch 3, improvement=0.005136
  Accepted AddPatch at patch 25, improvement=0.002815
  Accepted AddPatch at patch 26, improvement=0.002240
  Mandatory DeletePatch(24) at patch 24, reason=Area 0.000197 below minimum 0.01
  Mandatory DeletePatch(25) at patch 25, reason=Area 0.008834 below minimum 0.01
  Total patches: 27, total adds: 12, total deletes: 5
  step 200/2000: loss=0.282726, patches=26
[SRD rewrite] deleted patch=26, position=(-0.346, 0.099, 1.144), reason=Area 0.000787 below minimum 0.01
[SRD rewrite] deleted patch=24, position=(-1.390, 0.467, 0.415), reason=Area 0.001355 below minimum 0.01
[SRD rewrite] deleted patch=23, position=(-1.375, 0.257, 0.349), reason=Area 0.000424 below minimum 0.01
[SRD rewrite] added patch=24, position=(-0.675, -0.948, 0.591), improvement=0.003512
[SRD rewrite] added patch=25, position=(-0.680, -0.990, 0.434), improvement=0.003495
[SRD rewrite] added patch=26, position=(0.663, -0.859, 0.998), improvement=0.002862
SRD step 250: evaluated 27 candidates, 27 promising, accepted 6
  Accepted AddPatch at patch 24, improvement=0.003512
  Accepted AddPatch at patch 25, improvement=0.003495
  Accepted AddPatch at patch 26, improvement=0.002862
  Mandatory DeletePatch(23) at patch 23, reason=Area 0.000424 below minimum 0.01
  Mandatory DeletePatch(24) at patch 24, reason=Area 0.001355 below minimum 0.01
  Mandatory DeletePatch(26) at patch 26, reason=Area 0.000787 below minimum 0.01
  Total patches: 27, total adds: 15, total deletes: 8
  step 250/2000: loss=0.239520, patches=27
[SRD rewrite] deleted patch=26, position=(0.694, -0.894, 0.976), reason=Area 0.000719 below minimum 0.01
[SRD rewrite] deleted patch=25, position=(-0.744, -0.963, 0.614), reason=Area 0.000316 below minimum 0.01
[SRD rewrite] deleted patch=8, position=(-0.530, 0.014, 1.550), reason=Area 0.003034 below minimum 0.01
[SRD rewrite] deleted patch=12, position=(-0.178, -0.060, 0.370), reason=delete has no image effect
[SRD rewrite] split patch=9, children=22,23, improvement=0.000121
SRD step 300: evaluated 27 candidates, 1 promising, accepted 5
  Accepted SplitPatch(9) at patch 9, improvement=0.000121
  Mandatory DeletePatch(8) at patch 8, reason=Area 0.003034 below minimum 0.01
  Mandatory DeletePatch(25) at patch 25, reason=Area 0.000316 below minimum 0.01
  Mandatory DeletePatch(26) at patch 26, reason=Area 0.000719 below minimum 0.01
  Mandatory DeletePatch(12) at patch 12, reason=delete has no image effect
  Total patches: 24, total adds: 16, total deletes: 12
  step 300/2000: loss=0.223034, patches=27
[SRD rewrite] deleted patch=23, position=(1.220, 0.128, -0.243), reason=Area 0.001992 below minimum 0.01
[SRD rewrite] deleted patch=22, position=(1.487, 0.153, -0.249), reason=Area 0.005271 below minimum 0.01
[SRD rewrite] deleted patch=18, position=(0.017, 0.191, 1.393), reason=Area 0.004017 below minimum 0.01
SRD step 350: evaluated 27 candidates, 0 promising, accepted 3
  Mandatory DeletePatch(18) at patch 18, reason=Area 0.004017 below minimum 0.01
  Mandatory DeletePatch(22) at patch 22, reason=Area 0.005271 below minimum 0.01
  Mandatory DeletePatch(23) at patch 23, reason=Area 0.001992 below minimum 0.01
  Total patches: 21, total adds: 16, total deletes: 15
  step 350/2000: loss=0.215288, patches=24
[SRD rewrite] deleted patch=5, position=(1.207, 1.176, -0.667), reason=Area 0.004212 below minimum 0.01
SRD step 400: evaluated 27 candidates, 0 promising, accepted 1
  Mandatory DeletePatch(5) at patch 5, reason=Area 0.004212 below minimum 0.01
  Total patches: 20, total adds: 16, total deletes: 16
  step 400/2000: loss=0.199614, patches=21
[SRD rewrite] deleted patch=4, position=(0.049, -0.667, 0.174), reason=Area 0.007549 below minimum 0.01
[SRD rewrite] deleted patch=14, position=(-0.655, 0.098, 0.876), reason=delete has no image effect
SRD step 450: evaluated 27 candidates, 0 promising, accepted 2
  Mandatory DeletePatch(4) at patch 4, reason=Area 0.007549 below minimum 0.01
  Mandatory DeletePatch(14) at patch 14, reason=delete has no image effect
  Total patches: 18, total adds: 16, total deletes: 18
  step 450/2000: loss=0.199952, patches=20
SRD step 500: evaluated 27 candidates, 0 promising, accepted 0
  Total patches: 18, total adds: 16, total deletes: 18
  step 500/2000: loss=0.202759, patches=18
SRD step 550: evaluated 27 candidates, 0 promising, accepted 0
  Total patches: 18, total adds: 16, total deletes: 18
  step 550/2000: loss=0.198893, patches=18
SRD step 600: evaluated 27 candidates, 0 promising, accepted 0
  Total patches: 18, total adds: 16, total deletes: 18
  step 600/2000: loss=0.198262, patches=18
SRD step 650: evaluated 27 candidates, 0 promising, accepted 0
  Total patches: 18, total adds: 16, total deletes: 18
  step 650/2000: loss=0.195117, patches=18
SRD step 700: evaluated 27 candidates, 0 promising, accepted 0
  Total patches: 18, total adds: 16, total deletes: 18
  step 700/2000: loss=0.186862, patches=18
[SRD rewrite] added patch=18, position=(-0.635, -0.260, 1.416), improvement=0.000102
SRD step 750: evaluated 27 candidates, 1 promising, accepted 1
  Accepted AddPatch at patch 18, improvement=0.000102
  Total patches: 19, total adds: 17, total deletes: 18
  step 750/2000: loss=0.190639, patches=18
SRD step 800: evaluated 27 candidates, 0 promising, accepted 0
  Total patches: 19, total adds: 17, total deletes: 18
  step 800/2000: loss=0.179713, patches=19
SRD step 850: evaluated 27 candidates, 0 promising, accepted 0
  Total patches: 19, total adds: 17, total deletes: 18
  step 850/2000: loss=0.187856, patches=19
[SRD rewrite] deleted patch=18, position=(-0.651, -0.131, 1.525), reason=Area 0.008781 below minimum 0.01
[SRD rewrite] deleted patch=13, position=(-0.495, 0.523, 1.257), reason=Area 0.003243 below minimum 0.01
[SRD rewrite] deleted patch=1, position=(0.656, 0.433, 0.285), reason=delete has no image effect
SRD step 900: evaluated 27 candidates, 0 promising, accepted 3
  Mandatory DeletePatch(13) at patch 13, reason=Area 0.003243 below minimum 0.01
  Mandatory DeletePatch(18) at patch 18, reason=Area 0.008781 below minimum 0.01
  Mandatory DeletePatch(1) at patch 1, reason=delete has no image effect
  Total patches: 16, total adds: 17, total deletes: 21
  step 900/2000: loss=0.199551, patches=19
[SRD rewrite] added patch=16, position=(1.036, 0.575, 0.845), improvement=0.002082
[SRD rewrite] added patch=17, position=(0.028, -1.349, -0.695), improvement=0.000863
[SRD rewrite] restored patch=18, position=(-0.605, -0.037, 1.521), improvement=0.000588
SRD step 950: evaluated 27 candidates, 18 promising, accepted 3
  Accepted AddPatch at patch 16, improvement=0.002082
  Accepted AddPatch at patch 17, improvement=0.000863
  Accepted RestorePatch(1) at patch 18, improvement=0.000588
  Total patches: 19, total adds: 20, total deletes: 21
  step 950/2000: loss=0.229307, patches=16
[SRD rewrite] deleted patch=18, position=(-0.682, 0.059, 1.612), reason=Area 0.000253 below minimum 0.01
[SRD rewrite] deleted patch=17, position=(-0.112, -1.200, -0.630), reason=Area 0.000783 below minimum 0.01
SRD step 1000: evaluated 27 candidates, 0 promising, accepted 2
  Mandatory DeletePatch(17) at patch 17, reason=Area 0.000783 below minimum 0.01
  Mandatory DeletePatch(18) at patch 18, reason=Area 0.000253 below minimum 0.01
  Total patches: 17, total adds: 20, total deletes: 23
  step 1000/2000: loss=0.202153, patches=19
[SRD rewrite] deleted patch=12, position=(-0.584, 0.301, 1.494), reason=Area 0.006662 below minimum 0.01
SRD step 1050: evaluated 27 candidates, 0 promising, accepted 1
  Mandatory DeletePatch(12) at patch 12, reason=Area 0.006662 below minimum 0.01
  Total patches: 16, total adds: 20, total deletes: 24
  step 1050/2000: loss=0.170128, patches=17
SRD step 1100: evaluated 27 candidates, 0 promising, accepted 0
  Total patches: 16, total adds: 20, total deletes: 24
  step 1100/2000: loss=0.161320, patches=16
SRD step 1150: evaluated 27 candidates, 0 promising, accepted 0
  Total patches: 16, total adds: 20, total deletes: 24
  step 1150/2000: loss=0.150984, patches=16
SRD step 1200: evaluated 27 candidates, 0 promising, accepted 0
  Total patches: 16, total adds: 20, total deletes: 24
  step 1200/2000: loss=0.142879, patches=16
[SRD rewrite] deleted patch=3, position=(2.394, 2.175, 0.982), reason=no image contribution, delete has no image effect
SRD step 1250: evaluated 27 candidates, 0 promising, accepted 1
  Mandatory DeletePatch(3) at patch 3, reason=no image contribution, delete has no image effect
  Total patches: 15, total adds: 20, total deletes: 25
  step 1250/2000: loss=0.142748, patches=16
SRD step 1300: evaluated 27 candidates, 0 promising, accepted 0
  Total patches: 15, total adds: 20, total deletes: 25
  step 1300/2000: loss=0.143483, patches=15
SRD step 1350: evaluated 27 candidates, 0 promising, accepted 0
  Total patches: 15, total adds: 20, total deletes: 25
  step 1350/2000: loss=0.141880, patches=15
[SRD rewrite] deleted patch=5, position=(-2.447, -0.708, 1.503), reason=delete has no image effect
SRD step 1400: evaluated 27 candidates, 0 promising, accepted 1
  Mandatory DeletePatch(5) at patch 5, reason=delete has no image effect
  Total patches: 14, total adds: 20, total deletes: 26
  step 1400/2000: loss=0.141609, patches=15
[SRD rewrite] deleted patch=7, position=(-0.188, 0.622, 0.190), reason=Area 0.000621 below minimum 0.01
SRD step 1450: evaluated 27 candidates, 0 promising, accepted 1
  Mandatory DeletePatch(7) at patch 7, reason=Area 0.000621 below minimum 0.01
  Total patches: 13, total adds: 20, total deletes: 27
  step 1450/2000: loss=0.145446, patches=14
SRD step 1500: evaluated 27 candidates, 0 promising, accepted 0
  Total patches: 13, total adds: 20, total deletes: 27
  step 1500/2000: loss=0.144519, patches=13
SRD step 1550: evaluated 27 candidates, 0 promising, accepted 0
  Total patches: 13, total adds: 20, total deletes: 27
  step 1550/2000: loss=0.143788, patches=13
SRD step 1600: evaluated 27 candidates, 0 promising, accepted 0
  Total patches: 13, total adds: 20, total deletes: 27
  step 1600/2000: loss=0.144507, patches=13
SRD step 1650: evaluated 27 candidates, 0 promising, accepted 0
  Total patches: 13, total adds: 20, total deletes: 27
  step 1650/2000: loss=0.144183, patches=13
SRD step 1700: evaluated 27 candidates, 0 promising, accepted 0
  Total patches: 13, total adds: 20, total deletes: 27
  step 1700/2000: loss=0.144656, patches=13
[SRD rewrite] deleted patch=6, position=(-0.153, 1.193, 1.082), reason=Area 0.008292 below minimum 0.01
SRD step 1750: evaluated 27 candidates, 0 promising, accepted 1
  Mandatory DeletePatch(6) at patch 6, reason=Area 0.008292 below minimum 0.01
  Total patches: 12, total adds: 20, total deletes: 28
  step 1750/2000: loss=0.140826, patches=13
[SRD rewrite] deleted patch=7, position=(0.942, 0.051, 1.297), reason=Area 0.009476 below minimum 0.01
SRD step 1800: evaluated 27 candidates, 0 promising, accepted 1
  Mandatory DeletePatch(7) at patch 7, reason=Area 0.009476 below minimum 0.01
  Total patches: 11, total adds: 20, total deletes: 29
  step 1800/2000: loss=0.141627, patches=12
SRD step 1850: evaluated 27 candidates, 0 promising, accepted 0
  Total patches: 11, total adds: 20, total deletes: 29
  step 1850/2000: loss=0.142424, patches=11
SRD step 1900: evaluated 27 candidates, 0 promising, accepted 0
  Total patches: 11, total adds: 20, total deletes: 29
  step 1900/2000: loss=0.141932, patches=11
SRD step 1950: evaluated 27 candidates, 0 promising, accepted 0
  Total patches: 11, total adds: 20, total deletes: 29
  step 1950/2000: loss=0.140013, patches=11
SRD step 2000: evaluated 27 candidates, 0 promising, accepted 0
  Total patches: 11, total adds: 20, total deletes: 29
  step 2000/2000: loss=0.140136, patches=11
[Trial 1] done: loss=0.140248, time=6461.8s
[Trial 2/3] seed=1
[SRD rewrite] added patch=20, position=(0.253, -0.402, 0.948), improvement=0.023093
[SRD rewrite] added patch=21, position=(0.212, -0.335, 1.003), improvement=0.022845
[SRD rewrite] added patch=22, position=(-0.580, 0.056, 0.900), improvement=0.022770
SRD step 50: evaluated 27 candidates, 27 promising, accepted 3
  Accepted AddPatch at patch 20, improvement=0.023093
  Accepted AddPatch at patch 21, improvement=0.022845
  Accepted AddPatch at patch 22, improvement=0.022770
  Total patches: 23, total adds: 3, total deletes: 0
  step 50/2000: loss=0.504454, patches=20
[SRD rewrite] added patch=23, position=(0.591, -0.290, 1.181), improvement=0.012293
[SRD rewrite] added patch=24, position=(0.708, -0.927, 0.553), improvement=0.012013
[SRD rewrite] added patch=25, position=(0.351, -0.456, 1.240), improvement=0.011932
SRD step 100: evaluated 27 candidates, 25 promising, accepted 3
  Accepted AddPatch at patch 23, improvement=0.012293
  Accepted AddPatch at patch 24, improvement=0.012013
  Accepted AddPatch at patch 25, improvement=0.011932
  Total patches: 26, total adds: 6, total deletes: 0
  step 100/2000: loss=0.362408, patches=23
[SRD rewrite] deleted patch=25, position=(0.317, -0.446, 1.288), reason=Area 0.004288 below minimum 0.01
[SRD rewrite] deleted patch=23, position=(0.613, -0.309, 1.185), reason=Area 0.006515 below minimum 0.01
[SRD rewrite] deleted patch=22, position=(-0.678, 0.183, 1.119), reason=Area 0.006982 below minimum 0.01
[SRD rewrite] deleted patch=2, position=(0.753, 0.935, -0.120), reason=Area 0.001231 below minimum 0.01
SRD step 150: evaluated 27 candidates, 0 promising, accepted 4
  Mandatory DeletePatch(2) at patch 2, reason=Area 0.001231 below minimum 0.01
  Mandatory DeletePatch(22) at patch 22, reason=Area 0.006982 below minimum 0.01
  Mandatory DeletePatch(23) at patch 23, reason=Area 0.006515 below minimum 0.01
  Mandatory DeletePatch(25) at patch 25, reason=Area 0.004288 below minimum 0.01
  Total patches: 22, total adds: 6, total deletes: 4
  step 150/2000: loss=0.299757, patches=26
[SRD rewrite] added patch=22, position=(-0.629, 0.841, 1.171), improvement=0.004228
[SRD rewrite] added patch=23, position=(0.635, -0.193, 1.282), improvement=0.002455
[SRD rewrite] added patch=24, position=(0.096, -0.552, 0.925), improvement=0.002371
SRD step 200: evaluated 27 candidates, 22 promising, accepted 3
  Accepted AddPatch at patch 22, improvement=0.004228
  Accepted AddPatch at patch 23, improvement=0.002455
  Accepted AddPatch at patch 24, improvement=0.002371
  Total patches: 25, total adds: 9, total deletes: 4
  step 200/2000: loss=0.274789, patches=22
[SRD rewrite] deleted patch=24, position=(0.195, -0.690, 0.967), reason=Area 0.001046 below minimum 0.01
[SRD rewrite] deleted patch=23, position=(0.647, -0.210, 1.277), reason=Area 0.006787 below minimum 0.01
[SRD rewrite] deleted patch=20, position=(0.615, -0.278, 1.272), reason=Area 0.004838 below minimum 0.01
SRD step 250: evaluated 27 candidates, 0 promising, accepted 3
  Mandatory DeletePatch(20) at patch 20, reason=Area 0.004838 below minimum 0.01
  Mandatory DeletePatch(23) at patch 23, reason=Area 0.006787 below minimum 0.01
  Mandatory DeletePatch(24) at patch 24, reason=Area 0.001046 below minimum 0.01
  Total patches: 22, total adds: 9, total deletes: 7
  step 250/2000: loss=0.245424, patches=25
[SRD rewrite] added patch=22, position=(-0.594, 0.836, 0.830), improvement=0.001151
[SRD rewrite] added patch=23, position=(1.324, 0.067, 0.633), improvement=0.000833
[SRD rewrite] added patch=24, position=(-0.597, 0.808, 1.293), improvement=0.000500
SRD step 300: evaluated 27 candidates, 9 promising, accepted 3
  Accepted AddPatch at patch 22, improvement=0.001151
  Accepted AddPatch at patch 23, improvement=0.000833
  Accepted AddPatch at patch 24, improvement=0.000500
  Total patches: 25, total adds: 12, total deletes: 7
  step 300/2000: loss=0.223061, patches=22
[SRD rewrite] deleted patch=24, position=(-0.604, 0.748, 1.363), reason=Area 0.002291 below minimum 0.01
[SRD rewrite] deleted patch=5, position=(-0.098, 1.311, 0.264), reason=Area 0.003694 below minimum 0.01
[SRD rewrite] added patch=23, position=(-0.643, -0.861, 1.299), improvement=0.000758
[SRD rewrite] added patch=24, position=(-0.605, 0.757, 1.320), improvement=0.000696
[SRD rewrite] added patch=25, position=(-0.028, -0.027, 1.434), improvement=0.000581
SRD step 350: evaluated 27 candidates, 7 promising, accepted 5
  Accepted AddPatch at patch 23, improvement=0.000758
  Accepted AddPatch at patch 24, improvement=0.000696
  Accepted AddPatch at patch 25, improvement=0.000581
  Mandatory DeletePatch(5) at patch 5, reason=Area 0.003694 below minimum 0.01
  Mandatory DeletePatch(24) at patch 24, reason=Area 0.002291 below minimum 0.01
  Total patches: 26, total adds: 15, total deletes: 9
  step 350/2000: loss=0.186496, patches=25
[SRD rewrite] deleted patch=25, position=(-0.086, -0.046, 1.408), reason=Area 0.000349 below minimum 0.01
[SRD rewrite] deleted patch=24, position=(-0.616, 0.747, 1.363), reason=Area 0.001270 below minimum 0.01
[SRD rewrite] deleted patch=0, position=(0.194, -2.318, -0.042), reason=no image contribution, delete has no image effect
SRD step 400: evaluated 27 candidates, 0 promising, accepted 3
  Mandatory DeletePatch(24) at patch 24, reason=Area 0.001270 below minimum 0.01
  Mandatory DeletePatch(25) at patch 25, reason=Area 0.000349 below minimum 0.01
  Mandatory DeletePatch(0) at patch 0, reason=no image contribution, delete has no image effect
  Total patches: 23, total adds: 15, total deletes: 12
  step 400/2000: loss=0.161315, patches=26
SRD step 450: evaluated 27 candidates, 0 promising, accepted 0
  Total patches: 23, total adds: 15, total deletes: 12
  step 450/2000: loss=0.150513, patches=23
[SRD rewrite] deleted patch=2, position=(-0.199, -1.231, -1.397), reason=Area 0.006630 below minimum 0.01
SRD step 500: evaluated 27 candidates, 0 promising, accepted 1
  Mandatory DeletePatch(2) at patch 2, reason=Area 0.006630 below minimum 0.01
  Total patches: 22, total adds: 15, total deletes: 13
  step 500/2000: loss=0.141554, patches=23
[SRD rewrite] deleted patch=12, position=(0.510, -0.310, 2.156), reason=Area 0.009746 below minimum 0.01
SRD step 550: evaluated 27 candidates, 0 promising, accepted 1
  Mandatory DeletePatch(12) at patch 12, reason=Area 0.009746 below minimum 0.01
  Total patches: 21, total adds: 15, total deletes: 14
  step 550/2000: loss=0.145187, patches=22
SRD step 600: evaluated 27 candidates, 0 promising, accepted 0
  Total patches: 21, total adds: 15, total deletes: 14
  step 600/2000: loss=0.140681, patches=21
SRD step 650: evaluated 27 candidates, 0 promising, accepted 0
  Total patches: 21, total adds: 15, total deletes: 14
  step 650/2000: loss=0.141401, patches=21
SRD step 700: evaluated 27 candidates, 0 promising, accepted 0
  Total patches: 21, total adds: 15, total deletes: 14
  step 700/2000: loss=0.140880, patches=21
SRD step 750: evaluated 27 candidates, 0 promising, accepted 0
  Total patches: 21, total adds: 15, total deletes: 14
  step 750/2000: loss=0.130723, patches=21
SRD step 800: evaluated 27 candidates, 0 promising, accepted 0
  Total patches: 21, total adds: 15, total deletes: 14
  step 800/2000: loss=0.135449, patches=21
SRD step 850: evaluated 27 candidates, 0 promising, accepted 0
  Total patches: 21, total adds: 15, total deletes: 14
  step 850/2000: loss=0.139682, patches=21
SRD step 900: evaluated 27 candidates, 0 promising, accepted 0
  Total patches: 21, total adds: 15, total deletes: 14
  step 900/2000: loss=0.136662, patches=21
SRD step 950: evaluated 27 candidates, 0 promising, accepted 0
  Total patches: 21, total adds: 15, total deletes: 14
  step 950/2000: loss=0.134967, patches=21
SRD step 1000: evaluated 27 candidates, 0 promising, accepted 0
  Total patches: 21, total adds: 15, total deletes: 14
  step 1000/2000: loss=0.140175, patches=21
SRD step 1050: evaluated 27 candidates, 0 promising, accepted 0
  Total patches: 21, total adds: 15, total deletes: 14
  step 1050/2000: loss=0.139718, patches=21
SRD step 1100: evaluated 27 candidates, 0 promising, accepted 0
  Total patches: 21, total adds: 15, total deletes: 14
  step 1100/2000: loss=0.137081, patches=21
SRD step 1150: evaluated 27 candidates, 0 promising, accepted 0
  Total patches: 21, total adds: 15, total deletes: 14
  step 1150/2000: loss=0.137381, patches=21
SRD step 1200: evaluated 27 candidates, 0 promising, accepted 0
  Total patches: 21, total adds: 15, total deletes: 14
  step 1200/2000: loss=0.135210, patches=21
SRD step 1250: evaluated 27 candidates, 0 promising, accepted 0
  Total patches: 21, total adds: 15, total deletes: 14
  step 1250/2000: loss=0.132825, patches=21
[SRD rewrite] deleted patch=18, position=(-0.456, 0.692, 0.946), reason=Area 0.009624 below minimum 0.01
SRD step 1300: evaluated 27 candidates, 0 promising, accepted 1
  Mandatory DeletePatch(18) at patch 18, reason=Area 0.009624 below minimum 0.01
  Total patches: 20, total adds: 15, total deletes: 15
  step 1300/2000: loss=0.136405, patches=21
SRD step 1350: evaluated 27 candidates, 0 promising, accepted 0
  Total patches: 20, total adds: 15, total deletes: 15
  step 1350/2000: loss=0.137495, patches=20
SRD step 1400: evaluated 27 candidates, 0 promising, accepted 0
  Total patches: 20, total adds: 15, total deletes: 15
  step 1400/2000: loss=0.136254, patches=20
SRD step 1450: evaluated 27 candidates, 0 promising, accepted 0
  Total patches: 20, total adds: 15, total deletes: 15
  step 1450/2000: loss=0.144171, patches=20
SRD step 1500: evaluated 27 candidates, 0 promising, accepted 0
  Total patches: 20, total adds: 15, total deletes: 15
  step 1500/2000: loss=0.142124, patches=20
SRD step 1550: evaluated 27 candidates, 0 promising, accepted 0
  Total patches: 20, total adds: 15, total deletes: 15
  step 1550/2000: loss=0.133310, patches=20
SRD step 1600: evaluated 27 candidates, 0 promising, accepted 0
  Total patches: 20, total adds: 15, total deletes: 15
  step 1600/2000: loss=0.132704, patches=20
SRD step 1650: evaluated 27 candidates, 0 promising, accepted 0
  Total patches: 20, total adds: 15, total deletes: 15
  step 1650/2000: loss=0.133380, patches=20
SRD step 1700: evaluated 27 candidates, 0 promising, accepted 0
  Total patches: 20, total adds: 15, total deletes: 15
  step 1700/2000: loss=0.134856, patches=20
SRD step 1750: evaluated 27 candidates, 0 promising, accepted 0
  Total patches: 20, total adds: 15, total deletes: 15
  step 1750/2000: loss=0.131083, patches=20
SRD step 1800: evaluated 27 candidates, 0 promising, accepted 0
  Total patches: 20, total adds: 15, total deletes: 15
  step 1800/2000: loss=0.136011, patches=20
SRD step 1850: evaluated 27 candidates, 0 promising, accepted 0
  Total patches: 20, total adds: 15, total deletes: 15
  step 1850/2000: loss=0.130972, patches=20
SRD step 1900: evaluated 27 candidates, 0 promising, accepted 0
  Total patches: 20, total adds: 15, total deletes: 15
  step 1900/2000: loss=0.133213, patches=20
SRD step 1950: evaluated 27 candidates, 0 promising, accepted 0
  Total patches: 20, total adds: 15, total deletes: 15
  step 1950/2000: loss=0.133304, patches=20
SRD step 2000: evaluated 27 candidates, 0 promising, accepted 0
  Total patches: 20, total adds: 15, total deletes: 15
  step 2000/2000: loss=0.133954, patches=20
[SRD rewrite] deleted patch=5, position=(0.396, 0.917, 2.070), reason=final deletion pass improved loss
[SRD rewrite] deleted patch=7, position=(-0.256, -0.443, 2.099), reason=final deletion pass improved loss
[Trial 2] done: loss=0.122673, time=8195.5s
[Trial 3/3] seed=2
[SRD rewrite] added patch=20, position=(0.360, -0.286, 1.331), improvement=0.025975
[SRD rewrite] added patch=21, position=(0.226, -0.371, 0.914), improvement=0.025609
[SRD rewrite] added patch=22, position=(-0.267, -0.507, 1.029), improvement=0.025179
SRD step 50: evaluated 27 candidates, 27 promising, accepted 3
  Accepted AddPatch at patch 20, improvement=0.025975
  Accepted AddPatch at patch 21, improvement=0.025609
  Accepted AddPatch at patch 22, improvement=0.025179
  Total patches: 23, total adds: 3, total deletes: 0
  step 50/2000: loss=0.443043, patches=20
[SRD rewrite] added patch=23, position=(-0.082, -0.548, 1.171), improvement=0.011052
[SRD rewrite] added patch=24, position=(-0.550, -0.357, 1.131), improvement=0.010638
[SRD rewrite] added patch=25, position=(-0.013, -0.438, 1.339), improvement=0.010625
SRD step 100: evaluated 27 candidates, 23 promising, accepted 3
  Accepted AddPatch at patch 23, improvement=0.011052
  Accepted AddPatch at patch 24, improvement=0.010638
  Accepted AddPatch at patch 25, improvement=0.010625
  Total patches: 26, total adds: 6, total deletes: 0
  step 100/2000: loss=0.292434, patches=23
[SRD rewrite] deleted patch=24, position=(-0.581, -0.395, 1.082), reason=Area 0.004610 below minimum 0.01
[SRD rewrite] added patch=25, position=(-0.756, -0.953, 0.307), improvement=0.001419
[SRD rewrite] added patch=26, position=(0.194, -0.342, 0.657), improvement=0.001325
[SRD rewrite] added patch=27, position=(-0.069, -0.479, 0.778), improvement=0.001281
SRD step 150: evaluated 27 candidates, 15 promising, accepted 4
  Accepted AddPatch at patch 25, improvement=0.001419
  Accepted AddPatch at patch 26, improvement=0.001325
  Accepted AddPatch at patch 27, improvement=0.001281
  Mandatory DeletePatch(24) at patch 24, reason=Area 0.004610 below minimum 0.01
  Total patches: 28, total adds: 9, total deletes: 1
  step 150/2000: loss=0.219831, patches=26
[SRD rewrite] deleted patch=27, position=(-0.108, -0.413, 0.861), reason=Area 0.003228 below minimum 0.01
[SRD rewrite] deleted patch=20, position=(0.418, -0.153, 1.324), reason=Area 0.007959 below minimum 0.01
[SRD rewrite] added patch=26, position=(1.267, -0.027, 1.206), improvement=0.002664
[SRD rewrite] added patch=27, position=(-1.305, -0.006, 1.047), improvement=0.002251
[SRD rewrite] added patch=28, position=(0.480, -0.307, 0.839), improvement=0.001993
SRD step 200: evaluated 27 candidates, 19 promising, accepted 5
  Accepted AddPatch at patch 26, improvement=0.002664
  Accepted AddPatch at patch 27, improvement=0.002251
  Accepted AddPatch at patch 28, improvement=0.001993
  Mandatory DeletePatch(20) at patch 20, reason=Area 0.007959 below minimum 0.01
  Mandatory DeletePatch(27) at patch 27, reason=Area 0.003228 below minimum 0.01
  Total patches: 29, total adds: 12, total deletes: 3
  step 200/2000: loss=0.182181, patches=28
[SRD rewrite] deleted patch=28, position=(0.550, -0.188, 0.828), reason=Area 0.000352 below minimum 0.01
[SRD rewrite] deleted patch=27, position=(-1.307, -0.007, 1.080), reason=Area 0.007358 below minimum 0.01
SRD step 250: evaluated 27 candidates, 0 promising, accepted 2
  Mandatory DeletePatch(27) at patch 27, reason=Area 0.007358 below minimum 0.01
  Mandatory DeletePatch(28) at patch 28, reason=Area 0.000352 below minimum 0.01
  Total patches: 27, total adds: 12, total deletes: 5
  step 250/2000: loss=0.143448, patches=29
SRD step 300: evaluated 27 candidates, 0 promising, accepted 0
  Total patches: 27, total adds: 12, total deletes: 5
  step 300/2000: loss=0.128800, patches=27
SRD step 350: evaluated 27 candidates, 0 promising, accepted 0
  Total patches: 27, total adds: 12, total deletes: 5
  step 350/2000: loss=0.124498, patches=27
[SRD rewrite] deleted patch=23, position=(-0.157, -0.252, 1.426), reason=Area 0.006917 below minimum 0.01
SRD step 400: evaluated 27 candidates, 0 promising, accepted 1
  Mandatory DeletePatch(23) at patch 23, reason=Area 0.006917 below minimum 0.01
  Total patches: 26, total adds: 12, total deletes: 6
  step 400/2000: loss=0.119833, patches=27
[SRD rewrite] deleted patch=24, position=(0.570, -0.238, 0.817), reason=Area 0.004391 below minimum 0.01
SRD step 450: evaluated 27 candidates, 0 promising, accepted 1
  Mandatory DeletePatch(24) at patch 24, reason=Area 0.004391 below minimum 0.01
  Total patches: 25, total adds: 12, total deletes: 7
  step 450/2000: loss=0.120680, patches=26
SRD step 500: evaluated 27 candidates, 0 promising, accepted 0
  Total patches: 25, total adds: 12, total deletes: 7
  step 500/2000: loss=0.117014, patches=25
[SRD rewrite] deleted patch=22, position=(-0.391, -0.565, 1.319), reason=Area 0.004015 below minimum 0.01
SRD step 550: evaluated 27 candidates, 0 promising, accepted 1
  Mandatory DeletePatch(22) at patch 22, reason=Area 0.004015 below minimum 0.01
  Total patches: 24, total adds: 12, total deletes: 8
  step 550/2000: loss=0.118061, patches=25
[SRD rewrite] deleted patch=6, position=(0.448, 0.648, 0.197), reason=Area 0.008956 below minimum 0.01
SRD step 600: evaluated 27 candidates, 0 promising, accepted 1
  Mandatory DeletePatch(6) at patch 6, reason=Area 0.008956 below minimum 0.01
  Total patches: 23, total adds: 12, total deletes: 9
  step 600/2000: loss=0.116192, patches=24
SRD step 650: evaluated 27 candidates, 0 promising, accepted 0
  Total patches: 23, total adds: 12, total deletes: 9
  step 650/2000: loss=0.115361, patches=23
SRD step 700: evaluated 27 candidates, 0 promising, accepted 0
  Total patches: 23, total adds: 12, total deletes: 9
  step 700/2000: loss=0.113374, patches=23
[SRD rewrite] deleted patch=12, position=(0.636, 0.441, 0.259), reason=Area 0.005669 below minimum 0.01
SRD step 750: evaluated 27 candidates, 0 promising, accepted 1
  Mandatory DeletePatch(12) at patch 12, reason=Area 0.005669 below minimum 0.01
  Total patches: 22, total adds: 12, total deletes: 10
  step 750/2000: loss=0.111309, patches=23
SRD step 800: evaluated 27 candidates, 0 promising, accepted 0
  Total patches: 22, total adds: 12, total deletes: 10
  step 800/2000: loss=0.117886, patches=22
SRD step 850: evaluated 27 candidates, 0 promising, accepted 0
  Total patches: 22, total adds: 12, total deletes: 10
  step 850/2000: loss=0.118758, patches=22
SRD step 900: evaluated 27 candidates, 0 promising, accepted 0
  Total patches: 22, total adds: 12, total deletes: 10
  step 900/2000: loss=0.119292, patches=22
SRD step 950: evaluated 27 candidates, 0 promising, accepted 0
  Total patches: 22, total adds: 12, total deletes: 10
  step 950/2000: loss=0.114931, patches=22
SRD step 1000: evaluated 27 candidates, 0 promising, accepted 0
  Total patches: 22, total adds: 12, total deletes: 10
  step 1000/2000: loss=0.114583, patches=22
SRD step 1050: evaluated 27 candidates, 0 promising, accepted 0
  Total patches: 22, total adds: 12, total deletes: 10
  step 1050/2000: loss=0.114875, patches=22
SRD step 1100: evaluated 27 candidates, 0 promising, accepted 0
  Total patches: 22, total adds: 12, total deletes: 10
  step 1100/2000: loss=0.117860, patches=22
SRD step 1150: evaluated 27 candidates, 0 promising, accepted 0
  Total patches: 22, total adds: 12, total deletes: 10
  step 1150/2000: loss=0.116939, patches=22
SRD step 1200: evaluated 27 candidates, 0 promising, accepted 0
  Total patches: 22, total adds: 12, total deletes: 10
  step 1200/2000: loss=0.123206, patches=22
SRD step 1250: evaluated 27 candidates, 0 promising, accepted 0
  Total patches: 22, total adds: 12, total deletes: 10
  step 1250/2000: loss=0.118655, patches=22
SRD step 1300: evaluated 27 candidates, 0 promising, accepted 0
  Total patches: 22, total adds: 12, total deletes: 10
  step 1300/2000: loss=0.119866, patches=22
SRD step 1350: evaluated 27 candidates, 0 promising, accepted 0
  Total patches: 22, total adds: 12, total deletes: 10
  step 1350/2000: loss=0.116561, patches=22
SRD step 1400: evaluated 27 candidates, 0 promising, accepted 0
  Total patches: 22, total adds: 12, total deletes: 10
  step 1400/2000: loss=0.119488, patches=22
SRD step 1450: evaluated 27 candidates, 0 promising, accepted 0
  Total patches: 22, total adds: 12, total deletes: 10
  step 1450/2000: loss=0.115504, patches=22
SRD step 1500: evaluated 27 candidates, 0 promising, accepted 0
  Total patches: 22, total adds: 12, total deletes: 10
  step 1500/2000: loss=0.120191, patches=22
SRD step 1550: evaluated 27 candidates, 0 promising, accepted 0
  Total patches: 22, total adds: 12, total deletes: 10
  step 1550/2000: loss=0.119487, patches=22
SRD step 1600: evaluated 27 candidates, 0 promising, accepted 0
  Total patches: 22, total adds: 12, total deletes: 10
  step 1600/2000: loss=0.119218, patches=22
[SRD rewrite] deleted patch=3, position=(0.762, -0.176, 0.301), reason=Area 0.008966 below minimum 0.01
SRD step 1650: evaluated 27 candidates, 0 promising, accepted 1
  Mandatory DeletePatch(3) at patch 3, reason=Area 0.008966 below minimum 0.01
  Total patches: 21, total adds: 12, total deletes: 11
  step 1650/2000: loss=0.120841, patches=22
SRD step 1700: evaluated 27 candidates, 0 promising, accepted 0
  Total patches: 21, total adds: 12, total deletes: 11
  step 1700/2000: loss=0.119935, patches=21
SRD step 1750: evaluated 27 candidates, 0 promising, accepted 0
  Total patches: 21, total adds: 12, total deletes: 11
  step 1750/2000: loss=0.120439, patches=21
SRD step 1800: evaluated 27 candidates, 0 promising, accepted 0
  Total patches: 21, total adds: 12, total deletes: 11
  step 1800/2000: loss=0.119516, patches=21
SRD step 1850: evaluated 27 candidates, 0 promising, accepted 0
  Total patches: 21, total adds: 12, total deletes: 11
  step 1850/2000: loss=0.118497, patches=21
SRD step 1900: evaluated 27 candidates, 0 promising, accepted 0
  Total patches: 21, total adds: 12, total deletes: 11
  step 1900/2000: loss=0.118170, patches=21
SRD step 1950: evaluated 27 candidates, 0 promising, accepted 0
  Total patches: 21, total adds: 12, total deletes: 11
  step 1950/2000: loss=0.115712, patches=21
SRD step 2000: evaluated 27 candidates, 0 promising, accepted 0
  Total patches: 21, total adds: 12, total deletes: 11
  step 2000/2000: loss=0.118074, patches=21
[SRD rewrite] deleted patch=9, position=(-1.480, -0.148, 2.459), reason=final deletion pass improved loss
[Trial 3] done: loss=0.092075, time=8966.5s
[Run] report written to results/slurm/20260718_0323/comparison_sun_moon_srd/output.txt
