## SLURM PROLOG ###############################################################
##    Job ID : 4093820
##  Job Name : 20260718_1833_comparison_water_fire_srd
##  Nodelist : gpu2605
##      CPUs : 
##  Mem/Node : 128000 MB
## Directory : /oscar/home/cjmok/automated-perspective-sculptor
##   Job Started : Sat Jul 18 08:16:50 PM EDT 2026
###############################################################################
[Swept volume] building (resolution=256)...
[Run] mode=full, trials=3, seeds=[0, 1, 2], steps=2000, srd=True, ablation_flags={'disable_swept_volume_adds': False, 'loss_only_deletion': False, 'disable_splitting': False}
[Trial 1/3] seed=0
[Patch] mapbox-earcut is not installed; falling back to fan fill, so non-convex pieces will render incorrectly. Install it with: pip install mapbox-earcut
[SRD rewrite] added patch=20, position=(0.540, -0.501, 1.047), improvement=0.017238
[SRD rewrite] added patch=21, position=(1.004, -0.068, -0.660), improvement=0.017140
[SRD rewrite] added patch=22, position=(1.049, -0.273, -0.698), improvement=0.016957
SRD step 50: evaluated 27 candidates, 24 promising, accepted 3
  Accepted AddPatch at patch 20, improvement=0.017238
  Accepted AddPatch at patch 21, improvement=0.017140
  Accepted AddPatch at patch 22, improvement=0.016957
  Total patches: 23, total adds: 3, total deletes: 0
  step 50/2000: loss=0.254125, patches=20
[SRD rewrite] deleted patch=5, position=(0.511, 0.482, 0.376), reason=delete has no image effect
[SRD rewrite] added patch=22, position=(0.310, -0.630, 1.021), improvement=0.001351
[SRD rewrite] added patch=23, position=(0.420, -0.632, 1.045), improvement=0.001337
[SRD rewrite] added patch=24, position=(0.651, -0.562, 1.030), improvement=0.001159
SRD step 100: evaluated 27 candidates, 18 promising, accepted 4
  Accepted AddPatch at patch 22, improvement=0.001351
  Accepted AddPatch at patch 23, improvement=0.001337
  Accepted AddPatch at patch 24, improvement=0.001159
  Mandatory DeletePatch(5) at patch 5, reason=delete has no image effect
  Total patches: 25, total adds: 6, total deletes: 1
  step 100/2000: loss=0.160824, patches=23
[SRD rewrite] deleted patch=24, position=(0.717, -0.414, 1.055), reason=Area 0.000366 below minimum 0.01
[SRD rewrite] deleted patch=23, position=(0.367, -0.526, 1.103), reason=Area 0.000286 below minimum 0.01
[SRD rewrite] deleted patch=22, position=(0.343, -0.495, 1.110), reason=Area 0.000206 below minimum 0.01
[SRD rewrite] deleted patch=21, position=(0.866, -0.078, -0.791), reason=Area 0.001483 below minimum 0.01
[SRD rewrite] deleted patch=20, position=(0.935, 0.099, -0.763), reason=Area 0.000178 below minimum 0.01
[SRD rewrite] deleted patch=7, position=(0.696, 0.363, 0.145), reason=Area 0.000575 below minimum 0.01
SRD step 150: evaluated 27 candidates, 0 promising, accepted 6
  Mandatory DeletePatch(7) at patch 7, reason=Area 0.000575 below minimum 0.01
  Mandatory DeletePatch(20) at patch 20, reason=Area 0.000178 below minimum 0.01
  Mandatory DeletePatch(21) at patch 21, reason=Area 0.001483 below minimum 0.01
  Mandatory DeletePatch(22) at patch 22, reason=Area 0.000206 below minimum 0.01
  Mandatory DeletePatch(23) at patch 23, reason=Area 0.000286 below minimum 0.01
  Mandatory DeletePatch(24) at patch 24, reason=Area 0.000366 below minimum 0.01
  Total patches: 19, total adds: 6, total deletes: 7
  step 150/2000: loss=0.133560, patches=25
[SRD rewrite] split patch=4, children=18,19, improvement=0.002126
SRD step 200: evaluated 27 candidates, 1 promising, accepted 1
  Accepted SplitPatch(4) at patch 4, improvement=0.002126
  Total patches: 20, total adds: 7, total deletes: 7
  step 200/2000: loss=0.131792, patches=19
[SRD rewrite] deleted patch=19, position=(-1.370, -1.199, -1.105), reason=Area 0.000640 below minimum 0.01
[SRD rewrite] deleted patch=18, position=(-1.390, -1.390, -1.007), reason=Area 0.000480 below minimum 0.01
SRD step 250: evaluated 27 candidates, 0 promising, accepted 2
  Mandatory DeletePatch(18) at patch 18, reason=Area 0.000480 below minimum 0.01
  Mandatory DeletePatch(19) at patch 19, reason=Area 0.000640 below minimum 0.01
  Total patches: 18, total adds: 7, total deletes: 9
  step 250/2000: loss=0.122096, patches=20
SRD step 300: evaluated 27 candidates, 0 promising, accepted 0
  Total patches: 18, total adds: 7, total deletes: 9
  step 300/2000: loss=0.115129, patches=18
[SRD rewrite] added patch=18, position=(0.371, -0.247, -0.751), improvement=0.001450
[SRD rewrite] added patch=19, position=(-0.394, 0.071, -0.201), improvement=0.001355
[SRD rewrite] added patch=20, position=(0.474, -0.228, -0.681), improvement=0.001250
SRD step 350: evaluated 27 candidates, 9 promising, accepted 3
  Accepted AddPatch at patch 18, improvement=0.001450
  Accepted AddPatch at patch 19, improvement=0.001355
  Accepted AddPatch at patch 20, improvement=0.001250
  Total patches: 21, total adds: 10, total deletes: 9
  step 350/2000: loss=0.116885, patches=18
[SRD rewrite] deleted patch=20, position=(0.460, -0.139, -0.604), reason=Area 0.000206 below minimum 0.01
SRD step 400: evaluated 27 candidates, 0 promising, accepted 1
  Mandatory DeletePatch(20) at patch 20, reason=Area 0.000206 below minimum 0.01
  Total patches: 20, total adds: 10, total deletes: 10
  step 400/2000: loss=0.108496, patches=21
[SRD rewrite] deleted patch=2, position=(0.102, -0.085, 0.858), reason=Area 0.008048 below minimum 0.01
[SRD rewrite] added patch=19, position=(0.525, -1.278, 0.652), improvement=0.000036
SRD step 450: evaluated 27 candidates, 1 promising, accepted 2
  Accepted AddPatch at patch 19, improvement=0.000036
  Mandatory DeletePatch(2) at patch 2, reason=Area 0.008048 below minimum 0.01
  Total patches: 20, total adds: 11, total deletes: 11
  step 450/2000: loss=0.105837, patches=20
[SRD rewrite] deleted patch=19, position=(0.429, -1.329, 0.612), reason=Area 0.006192 below minimum 0.01
SRD step 500: evaluated 27 candidates, 0 promising, accepted 1
  Mandatory DeletePatch(19) at patch 19, reason=Area 0.006192 below minimum 0.01
  Total patches: 19, total adds: 11, total deletes: 12
  step 500/2000: loss=0.103538, patches=20
[SRD rewrite] added patch=19, position=(-0.076, -1.163, 0.974), improvement=0.000005
SRD step 550: evaluated 27 candidates, 1 promising, accepted 1
  Accepted AddPatch at patch 19, improvement=0.000005
  Total patches: 20, total adds: 12, total deletes: 12
  step 550/2000: loss=0.102104, patches=19
[SRD rewrite] deleted patch=19, position=(-0.134, -1.210, 0.948), reason=Area 0.005756 below minimum 0.01
[SRD rewrite] deleted patch=16, position=(0.269, -0.279, 1.081), reason=Area 0.009387 below minimum 0.01
SRD step 600: evaluated 27 candidates, 0 promising, accepted 2
  Mandatory DeletePatch(16) at patch 16, reason=Area 0.009387 below minimum 0.01
  Mandatory DeletePatch(19) at patch 19, reason=Area 0.005756 below minimum 0.01
  Total patches: 18, total adds: 12, total deletes: 14
  step 600/2000: loss=0.103056, patches=20
SRD step 650: evaluated 27 candidates, 0 promising, accepted 0
  Total patches: 18, total adds: 12, total deletes: 14
  step 650/2000: loss=0.100337, patches=18
[SRD rewrite] deleted patch=14, position=(0.850, 0.185, -0.657), reason=Area 0.007186 below minimum 0.01
[SRD rewrite] deleted patch=3, position=(0.064, -0.373, 0.215), reason=Area 0.009797 below minimum 0.01
SRD step 700: evaluated 27 candidates, 0 promising, accepted 2
  Mandatory DeletePatch(3) at patch 3, reason=Area 0.009797 below minimum 0.01
  Mandatory DeletePatch(14) at patch 14, reason=Area 0.007186 below minimum 0.01
  Total patches: 16, total adds: 12, total deletes: 16
  step 700/2000: loss=0.100009, patches=18
[SRD rewrite] deleted patch=3, position=(0.483, -1.308, -0.265), reason=delete has no image effect
SRD step 750: evaluated 27 candidates, 0 promising, accepted 1
  Mandatory DeletePatch(3) at patch 3, reason=delete has no image effect
  Total patches: 15, total adds: 12, total deletes: 17
  step 750/2000: loss=0.103413, patches=16
[SRD rewrite] deleted patch=12, position=(0.883, 0.120, 0.056), reason=Area 0.004184 below minimum 0.01
SRD step 800: evaluated 27 candidates, 0 promising, accepted 1
  Mandatory DeletePatch(12) at patch 12, reason=Area 0.004184 below minimum 0.01
  Total patches: 14, total adds: 12, total deletes: 18
  step 800/2000: loss=0.101832, patches=15
SRD step 850: evaluated 27 candidates, 0 promising, accepted 0
  Total patches: 14, total adds: 12, total deletes: 18
  step 850/2000: loss=0.104555, patches=14
[SRD rewrite] deleted patch=2, position=(-2.270, -0.493, -0.603), reason=Area 0.008531 below minimum 0.01
SRD step 900: evaluated 27 candidates, 0 promising, accepted 1
  Mandatory DeletePatch(2) at patch 2, reason=Area 0.008531 below minimum 0.01
  Total patches: 13, total adds: 12, total deletes: 19
  step 900/2000: loss=0.100751, patches=14
SRD step 950: evaluated 27 candidates, 0 promising, accepted 0
  Total patches: 13, total adds: 12, total deletes: 19
  step 950/2000: loss=0.101676, patches=13
SRD step 1000: evaluated 27 candidates, 0 promising, accepted 0
  Total patches: 13, total adds: 12, total deletes: 19
  step 1000/2000: loss=0.098901, patches=13
SRD step 1050: evaluated 27 candidates, 0 promising, accepted 0
  Total patches: 13, total adds: 12, total deletes: 19
  step 1050/2000: loss=0.098968, patches=13
SRD step 1100: evaluated 27 candidates, 0 promising, accepted 0
  Total patches: 13, total adds: 12, total deletes: 19
  step 1100/2000: loss=0.097157, patches=13
[SRD rewrite] restored patch=13, position=(0.102, -0.085, 0.858), improvement=0.002977
[SRD rewrite] restored patch=14, position=(0.064, -0.373, 0.215), improvement=0.002370
[SRD rewrite] restored patch=15, position=(-1.390, -1.390, -1.007), improvement=0.002270
SRD step 1150: evaluated 27 candidates, 14 promising, accepted 3
  Accepted RestorePatch(11) at patch 13, improvement=0.002977
  Accepted RestorePatch(16) at patch 14, improvement=0.002370
  Accepted RestorePatch(9) at patch 15, improvement=0.002270
  Total patches: 16, total adds: 15, total deletes: 19
  step 1150/2000: loss=0.098186, patches=13
[SRD rewrite] deleted patch=15, position=(-1.355, -1.425, -1.037), reason=Area 0.000480 below minimum 0.01
[SRD rewrite] deleted patch=14, position=(0.043, -0.421, 0.218), reason=Area 0.002659 below minimum 0.01
[SRD rewrite] deleted patch=13, position=(0.048, -0.105, 0.920), reason=Area 0.000279 below minimum 0.01
[SRD rewrite] deleted patch=2, position=(0.141, 0.329, -0.110), reason=Area 0.003199 below minimum 0.01
SRD step 1200: evaluated 27 candidates, 0 promising, accepted 4
  Mandatory DeletePatch(2) at patch 2, reason=Area 0.003199 below minimum 0.01
  Mandatory DeletePatch(13) at patch 13, reason=Area 0.000279 below minimum 0.01
  Mandatory DeletePatch(14) at patch 14, reason=Area 0.002659 below minimum 0.01
  Mandatory DeletePatch(15) at patch 15, reason=Area 0.000480 below minimum 0.01
  Total patches: 12, total adds: 15, total deletes: 23
  step 1200/2000: loss=0.091674, patches=16
[SRD rewrite] deleted patch=2, position=(0.010, 0.668, 0.356), reason=Area 0.007471 below minimum 0.01
SRD step 1250: evaluated 27 candidates, 0 promising, accepted 1
  Mandatory DeletePatch(2) at patch 2, reason=Area 0.007471 below minimum 0.01
  Total patches: 11, total adds: 15, total deletes: 24
  step 1250/2000: loss=0.099046, patches=12
[SRD rewrite] restored patch=11, position=(0.043, -0.421, 0.218), improvement=0.000147
[SRD rewrite] added patch=12, position=(0.944, -0.318, 0.633), improvement=0.000104
SRD step 1300: evaluated 27 candidates, 3 promising, accepted 2
  Accepted RestorePatch(18) at patch 11, improvement=0.000147
  Accepted AddPatch at patch 12, improvement=0.000104
  Total patches: 13, total adds: 17, total deletes: 24
  step 1300/2000: loss=0.102416, patches=11
[SRD rewrite] deleted patch=12, position=(0.969, -0.252, 0.564), reason=Area 0.007144 below minimum 0.01
[SRD rewrite] deleted patch=11, position=(0.036, -0.416, 0.236), reason=Area 0.003414 below minimum 0.01
SRD step 1350: evaluated 27 candidates, 0 promising, accepted 2
  Mandatory DeletePatch(11) at patch 11, reason=Area 0.003414 below minimum 0.01
  Mandatory DeletePatch(12) at patch 12, reason=Area 0.007144 below minimum 0.01
  Total patches: 11, total adds: 17, total deletes: 26
  step 1350/2000: loss=0.099963, patches=13
SRD step 1400: evaluated 27 candidates, 0 promising, accepted 0
  Total patches: 11, total adds: 17, total deletes: 26
  step 1400/2000: loss=0.106790, patches=11
SRD step 1450: evaluated 27 candidates, 0 promising, accepted 0
  Total patches: 11, total adds: 17, total deletes: 26
  step 1450/2000: loss=0.101410, patches=11
SRD step 1500: evaluated 27 candidates, 0 promising, accepted 0
  Total patches: 11, total adds: 17, total deletes: 26
  step 1500/2000: loss=0.098877, patches=11
SRD step 1550: evaluated 27 candidates, 0 promising, accepted 0
  Total patches: 11, total adds: 17, total deletes: 26
  step 1550/2000: loss=0.097314, patches=11
SRD step 1600: evaluated 27 candidates, 0 promising, accepted 0
  Total patches: 11, total adds: 17, total deletes: 26
  step 1600/2000: loss=0.095199, patches=11
SRD step 1650: evaluated 27 candidates, 0 promising, accepted 0
  Total patches: 11, total adds: 17, total deletes: 26
  step 1650/2000: loss=0.094648, patches=11
[SRD rewrite] added patch=11, position=(0.979, -0.623, 1.017), improvement=0.001419
[SRD rewrite] restored patch=12, position=(-1.370, -1.199, -1.105), improvement=0.001168
[SRD rewrite] restored patch=13, position=(0.717, -0.414, 1.055), improvement=0.001077
SRD step 1700: evaluated 27 candidates, 11 promising, accepted 3
  Accepted AddPatch at patch 11, improvement=0.001419
  Accepted RestorePatch(8) at patch 12, improvement=0.001168
  Accepted RestorePatch(1) at patch 13, improvement=0.001077
  Total patches: 14, total adds: 20, total deletes: 26
  step 1700/2000: loss=0.096530, patches=11
[SRD rewrite] deleted patch=13, position=(0.781, -0.301, 1.078), reason=Area 0.000366 below minimum 0.01
[SRD rewrite] deleted patch=12, position=(-1.370, -1.199, -1.105), reason=Area 0.000640 below minimum 0.01
[SRD rewrite] deleted patch=11, position=(1.086, -0.533, 0.999), reason=Area 0.000404 below minimum 0.01
SRD step 1750: evaluated 27 candidates, 0 promising, accepted 3
  Mandatory DeletePatch(11) at patch 11, reason=Area 0.000404 below minimum 0.01
  Mandatory DeletePatch(12) at patch 12, reason=Area 0.000640 below minimum 0.01
  Mandatory DeletePatch(13) at patch 13, reason=Area 0.000366 below minimum 0.01
  Total patches: 11, total adds: 20, total deletes: 29
  step 1750/2000: loss=0.092391, patches=14
[SRD rewrite] added patch=11, position=(-0.233, -0.965, 1.101), improvement=0.000075
SRD step 1800: evaluated 27 candidates, 1 promising, accepted 1
  Accepted AddPatch at patch 11, improvement=0.000075
  Total patches: 12, total adds: 21, total deletes: 29
  step 1800/2000: loss=0.096056, patches=11
SRD step 1850: evaluated 27 candidates, 0 promising, accepted 0
  Total patches: 12, total adds: 21, total deletes: 29
  step 1850/2000: loss=0.094058, patches=12
SRD step 1900: evaluated 27 candidates, 0 promising, accepted 0
  Total patches: 12, total adds: 21, total deletes: 29
  step 1900/2000: loss=0.092772, patches=12
SRD step 1950: evaluated 27 candidates, 0 promising, accepted 0
  Total patches: 12, total adds: 21, total deletes: 29
  step 1950/2000: loss=0.092343, patches=12
SRD step 2000: evaluated 27 candidates, 0 promising, accepted 0
  Total patches: 12, total adds: 21, total deletes: 29
  step 2000/2000: loss=0.092668, patches=12
[SRD rewrite] deleted patch=7, position=(0.375, -0.919, 2.259), reason=final deletion pass improved loss
[Trial 1] done: loss=0.091455, time=5658.5s
[Trial 2/3] seed=1
[SRD rewrite] added patch=20, position=(0.621, -0.058, 0.657), improvement=0.013449
[SRD rewrite] added patch=21, position=(0.825, -0.364, 0.677), improvement=0.013203
[SRD rewrite] added patch=22, position=(0.640, -0.185, 0.644), improvement=0.013168
SRD step 50: evaluated 27 candidates, 26 promising, accepted 3
  Accepted AddPatch at patch 20, improvement=0.013449
  Accepted AddPatch at patch 21, improvement=0.013203
  Accepted AddPatch at patch 22, improvement=0.013168
  Total patches: 23, total adds: 3, total deletes: 0
  step 50/2000: loss=0.291292, patches=20
[SRD rewrite] added patch=23, position=(0.708, -0.054, 0.499), improvement=0.009613
[SRD rewrite] added patch=24, position=(0.873, -0.213, 0.598), improvement=0.009573
[SRD rewrite] added patch=25, position=(0.724, -0.124, 0.591), improvement=0.009364
SRD step 100: evaluated 27 candidates, 26 promising, accepted 3
  Accepted AddPatch at patch 23, improvement=0.009613
  Accepted AddPatch at patch 24, improvement=0.009573
  Accepted AddPatch at patch 25, improvement=0.009364
  Total patches: 26, total adds: 6, total deletes: 0
  step 100/2000: loss=0.185898, patches=23
[SRD rewrite] deleted patch=25, position=(0.880, -0.017, 0.597), reason=Area 0.000371 below minimum 0.01
[SRD rewrite] deleted patch=24, position=(0.935, -0.104, 0.629), reason=Area 0.002840 below minimum 0.01
[SRD rewrite] deleted patch=23, position=(0.841, 0.058, 0.536), reason=Area 0.003890 below minimum 0.01
[SRD rewrite] deleted patch=21, position=(0.932, -0.166, 0.776), reason=Area 0.001707 below minimum 0.01
[SRD rewrite] added patch=22, position=(0.288, 0.797, -0.438), improvement=0.001139
[SRD rewrite] added patch=23, position=(0.836, 0.094, 0.444), improvement=0.001030
[SRD rewrite] added patch=24, position=(0.455, 0.093, 0.457), improvement=0.000655
SRD step 150: evaluated 27 candidates, 20 promising, accepted 7
  Accepted AddPatch at patch 22, improvement=0.001139
  Accepted AddPatch at patch 23, improvement=0.001030
  Accepted AddPatch at patch 24, improvement=0.000655
  Mandatory DeletePatch(21) at patch 21, reason=Area 0.001707 below minimum 0.01
  Mandatory DeletePatch(23) at patch 23, reason=Area 0.003890 below minimum 0.01
  Mandatory DeletePatch(24) at patch 24, reason=Area 0.002840 below minimum 0.01
  Mandatory DeletePatch(25) at patch 25, reason=Area 0.000371 below minimum 0.01
  Total patches: 25, total adds: 9, total deletes: 4
  step 150/2000: loss=0.140162, patches=26
[SRD rewrite] deleted patch=24, position=(0.584, 0.084, 0.429), reason=Area 0.000697 below minimum 0.01
[SRD rewrite] deleted patch=23, position=(0.778, 0.156, 0.483), reason=Area 0.006331 below minimum 0.01
SRD step 200: evaluated 27 candidates, 0 promising, accepted 2
  Mandatory DeletePatch(23) at patch 23, reason=Area 0.006331 below minimum 0.01
  Mandatory DeletePatch(24) at patch 24, reason=Area 0.000697 below minimum 0.01
  Total patches: 23, total adds: 9, total deletes: 6
  step 200/2000: loss=0.116546, patches=25
[SRD rewrite] added patch=23, position=(0.611, 0.168, 0.402), improvement=0.001574
[SRD rewrite] added patch=24, position=(0.326, 0.084, 0.538), improvement=0.001148
[SRD rewrite] restored patch=25, position=(0.584, 0.084, 0.429), improvement=0.001134
SRD step 250: evaluated 27 candidates, 22 promising, accepted 3
  Accepted AddPatch at patch 23, improvement=0.001574
  Accepted AddPatch at patch 24, improvement=0.001148
  Accepted RestorePatch(4) at patch 25, improvement=0.001134
  Total patches: 26, total adds: 12, total deletes: 6
  step 250/2000: loss=0.104653, patches=23
[SRD rewrite] deleted patch=25, position=(0.653, 0.249, 0.262), reason=Area 0.000697 below minimum 0.01
[SRD rewrite] deleted patch=24, position=(0.167, 0.226, 0.522), reason=Area 0.000264 below minimum 0.01
[SRD rewrite] deleted patch=23, position=(0.721, 0.242, 0.458), reason=Area 0.003832 below minimum 0.01
[SRD rewrite] deleted patch=21, position=(0.746, 0.160, 0.821), reason=Area 0.005412 below minimum 0.01
[SRD rewrite] deleted patch=15, position=(0.148, 0.026, -0.816), reason=Area 0.009287 below minimum 0.01
SRD step 300: evaluated 27 candidates, 0 promising, accepted 5
  Mandatory DeletePatch(15) at patch 15, reason=Area 0.009287 below minimum 0.01
  Mandatory DeletePatch(21) at patch 21, reason=Area 0.005412 below minimum 0.01
  Mandatory DeletePatch(23) at patch 23, reason=Area 0.003832 below minimum 0.01
  Mandatory DeletePatch(24) at patch 24, reason=Area 0.000264 below minimum 0.01
  Mandatory DeletePatch(25) at patch 25, reason=Area 0.000697 below minimum 0.01
  Total patches: 21, total adds: 12, total deletes: 11
  step 300/2000: loss=0.086535, patches=26
SRD step 350: evaluated 27 candidates, 0 promising, accepted 0
  Total patches: 21, total adds: 12, total deletes: 11
  step 350/2000: loss=0.075994, patches=21
SRD step 400: evaluated 27 candidates, 0 promising, accepted 0
  Total patches: 21, total adds: 12, total deletes: 11
  step 400/2000: loss=0.063781, patches=21
SRD step 450: evaluated 27 candidates, 0 promising, accepted 0
  Total patches: 21, total adds: 12, total deletes: 11
  step 450/2000: loss=0.061304, patches=21
[SRD rewrite] deleted patch=7, position=(0.635, -0.415, -0.441), reason=Area 0.009896 below minimum 0.01
SRD step 500: evaluated 27 candidates, 0 promising, accepted 1
  Mandatory DeletePatch(7) at patch 7, reason=Area 0.009896 below minimum 0.01
  Total patches: 20, total adds: 12, total deletes: 12
  step 500/2000: loss=0.054027, patches=21
[SRD rewrite] deleted patch=3, position=(0.632, 0.103, -0.722), reason=Area 0.009021 below minimum 0.01
[SRD rewrite] deleted patch=0, position=(0.217, 1.339, 0.321), reason=Area 0.008460 below minimum 0.01
[SRD rewrite] deleted patch=6, position=(-0.019, -2.356, 0.252), reason=no image contribution, delete has no image effect
SRD step 550: evaluated 27 candidates, 0 promising, accepted 3
  Mandatory DeletePatch(0) at patch 0, reason=Area 0.008460 below minimum 0.01
  Mandatory DeletePatch(3) at patch 3, reason=Area 0.009021 below minimum 0.01
  Mandatory DeletePatch(6) at patch 6, reason=no image contribution, delete has no image effect
  Total patches: 17, total adds: 12, total deletes: 15
  step 550/2000: loss=0.053732, patches=20
SRD step 600: evaluated 27 candidates, 0 promising, accepted 0
  Total patches: 17, total adds: 12, total deletes: 15
  step 600/2000: loss=0.057423, patches=17
[SRD rewrite] deleted patch=15, position=(0.548, 0.517, 0.751), reason=Area 0.004461 below minimum 0.01
SRD step 650: evaluated 27 candidates, 0 promising, accepted 1
  Mandatory DeletePatch(15) at patch 15, reason=Area 0.004461 below minimum 0.01
  Total patches: 16, total adds: 12, total deletes: 16
  step 650/2000: loss=0.057595, patches=17
SRD step 700: evaluated 27 candidates, 0 promising, accepted 0
  Total patches: 16, total adds: 12, total deletes: 16
  step 700/2000: loss=0.058947, patches=16
[SRD rewrite] deleted patch=13, position=(-0.383, -0.945, 1.088), reason=Area 0.009639 below minimum 0.01
SRD step 750: evaluated 27 candidates, 0 promising, accepted 1
  Mandatory DeletePatch(13) at patch 13, reason=Area 0.009639 below minimum 0.01
  Total patches: 15, total adds: 12, total deletes: 17
  step 750/2000: loss=0.057023, patches=16
SRD step 800: evaluated 27 candidates, 0 promising, accepted 0
  Total patches: 15, total adds: 12, total deletes: 17
  step 800/2000: loss=0.057909, patches=15
SRD step 850: evaluated 27 candidates, 0 promising, accepted 0
  Total patches: 15, total adds: 12, total deletes: 17
  step 850/2000: loss=0.058236, patches=15
SRD step 900: evaluated 27 candidates, 0 promising, accepted 0
  Total patches: 15, total adds: 12, total deletes: 17
  step 900/2000: loss=0.055682, patches=15
SRD step 950: evaluated 27 candidates, 0 promising, accepted 0
  Total patches: 15, total adds: 12, total deletes: 17
  step 950/2000: loss=0.056058, patches=15
SRD step 1000: evaluated 27 candidates, 0 promising, accepted 0
  Total patches: 15, total adds: 12, total deletes: 17
  step 1000/2000: loss=0.056173, patches=15
SRD step 1050: evaluated 27 candidates, 0 promising, accepted 0
  Total patches: 15, total adds: 12, total deletes: 17
  step 1050/2000: loss=0.059678, patches=15
SRD step 1100: evaluated 27 candidates, 0 promising, accepted 0
  Total patches: 15, total adds: 12, total deletes: 17
  step 1100/2000: loss=0.056612, patches=15
SRD step 1150: evaluated 27 candidates, 0 promising, accepted 0
  Total patches: 15, total adds: 12, total deletes: 17
  step 1150/2000: loss=0.056141, patches=15
SRD step 1200: evaluated 27 candidates, 0 promising, accepted 0
  Total patches: 15, total adds: 12, total deletes: 17
  step 1200/2000: loss=0.059015, patches=15
SRD step 1250: evaluated 27 candidates, 0 promising, accepted 0
  Total patches: 15, total adds: 12, total deletes: 17
  step 1250/2000: loss=0.057512, patches=15
SRD step 1300: evaluated 27 candidates, 0 promising, accepted 0
  Total patches: 15, total adds: 12, total deletes: 17
  step 1300/2000: loss=0.057299, patches=15
SRD step 1350: evaluated 27 candidates, 0 promising, accepted 0
  Total patches: 15, total adds: 12, total deletes: 17
  step 1350/2000: loss=0.058120, patches=15
SRD step 1400: evaluated 27 candidates, 0 promising, accepted 0
  Total patches: 15, total adds: 12, total deletes: 17
  step 1400/2000: loss=0.057293, patches=15
SRD step 1450: evaluated 27 candidates, 0 promising, accepted 0
  Total patches: 15, total adds: 12, total deletes: 17
  step 1450/2000: loss=0.058883, patches=15
SRD step 1500: evaluated 27 candidates, 0 promising, accepted 0
  Total patches: 15, total adds: 12, total deletes: 17
  step 1500/2000: loss=0.060328, patches=15
SRD step 1550: evaluated 27 candidates, 0 promising, accepted 0
  Total patches: 15, total adds: 12, total deletes: 17
  step 1550/2000: loss=0.061428, patches=15
SRD step 1600: evaluated 27 candidates, 0 promising, accepted 0
  Total patches: 15, total adds: 12, total deletes: 17
  step 1600/2000: loss=0.064159, patches=15
SRD step 1650: evaluated 27 candidates, 0 promising, accepted 0
  Total patches: 15, total adds: 12, total deletes: 17
  step 1650/2000: loss=0.066250, patches=15
[SRD rewrite] added patch=15, position=(0.209, 0.713, -0.267), improvement=0.002116
[SRD rewrite] added patch=16, position=(0.513, 0.410, 0.222), improvement=0.002104
[SRD rewrite] restored patch=17, position=(0.148, 0.026, -0.816), improvement=0.002039
SRD step 1700: evaluated 27 candidates, 17 promising, accepted 3
  Accepted AddPatch at patch 15, improvement=0.002116
  Accepted AddPatch at patch 16, improvement=0.002104
  Accepted RestorePatch(9) at patch 17, improvement=0.002039
  Total patches: 18, total adds: 15, total deletes: 17
  step 1700/2000: loss=0.071177, patches=15
[SRD rewrite] deleted patch=17, position=(0.139, 0.020, -0.827), reason=Area 0.007347 below minimum 0.01
[SRD rewrite] deleted patch=16, position=(0.563, 0.546, 0.240), reason=Area 0.004931 below minimum 0.01
[SRD rewrite] deleted patch=15, position=(0.059, 0.745, -0.186), reason=Area 0.000398 below minimum 0.01
SRD step 1750: evaluated 27 candidates, 0 promising, accepted 3
  Mandatory DeletePatch(15) at patch 15, reason=Area 0.000398 below minimum 0.01
  Mandatory DeletePatch(16) at patch 16, reason=Area 0.004931 below minimum 0.01
  Mandatory DeletePatch(17) at patch 17, reason=Area 0.007347 below minimum 0.01
  Total patches: 15, total adds: 15, total deletes: 20
  step 1750/2000: loss=0.063427, patches=18
[SRD rewrite] restored patch=15, position=(0.548, 0.517, 0.751), improvement=0.002546
[SRD rewrite] added patch=16, position=(-0.231, 0.317, -0.501), improvement=0.002544
[SRD rewrite] added patch=17, position=(0.923, -0.057, -0.293), improvement=0.002086
SRD step 1800: evaluated 27 candidates, 16 promising, accepted 3
  Accepted RestorePatch(13) at patch 15, improvement=0.002546
  Accepted AddPatch at patch 16, improvement=0.002544
  Accepted AddPatch at patch 17, improvement=0.002086
  Total patches: 18, total adds: 18, total deletes: 20
  step 1800/2000: loss=0.071599, patches=15
[SRD rewrite] deleted patch=17, position=(0.822, 0.057, -0.233), reason=Area 0.000241 below minimum 0.01
[SRD rewrite] deleted patch=15, position=(0.530, 0.538, 0.736), reason=Area 0.000988 below minimum 0.01
[SRD rewrite] added patch=16, position=(0.492, 0.458, 0.351), improvement=0.001822
[SRD rewrite] added patch=17, position=(0.680, -1.210, -0.429), improvement=0.001682
[SRD rewrite] added patch=18, position=(0.567, 0.489, 0.277), improvement=0.001458
SRD step 1850: evaluated 27 candidates, 20 promising, accepted 5
  Accepted AddPatch at patch 16, improvement=0.001822
  Accepted AddPatch at patch 17, improvement=0.001682
  Accepted AddPatch at patch 18, improvement=0.001458
  Mandatory DeletePatch(15) at patch 15, reason=Area 0.000988 below minimum 0.01
  Mandatory DeletePatch(17) at patch 17, reason=Area 0.000241 below minimum 0.01
  Total patches: 19, total adds: 21, total deletes: 22
  step 1850/2000: loss=0.068190, patches=18
[SRD rewrite] deleted patch=18, position=(0.563, 0.558, 0.240), reason=Area 0.002339 below minimum 0.01
[SRD rewrite] deleted patch=9, position=(0.436, 0.968, -0.469), reason=Area 0.000849 below minimum 0.01
[SRD rewrite] added patch=17, position=(0.729, 0.104, -0.515), improvement=0.000119
SRD step 1900: evaluated 27 candidates, 1 promising, accepted 3
  Accepted AddPatch at patch 17, improvement=0.000119
  Mandatory DeletePatch(9) at patch 9, reason=Area 0.000849 below minimum 0.01
  Mandatory DeletePatch(18) at patch 18, reason=Area 0.002339 below minimum 0.01
  Total patches: 18, total adds: 22, total deletes: 24
  step 1900/2000: loss=0.065857, patches=19
[SRD rewrite] deleted patch=17, position=(0.679, 0.125, -0.496), reason=Area 0.001496 below minimum 0.01
[SRD rewrite] deleted patch=14, position=(-0.245, 0.337, -0.538), reason=Area 0.009119 below minimum 0.01
[SRD rewrite] deleted patch=4, position=(-0.021, 0.642, 0.374), reason=Area 0.009794 below minimum 0.01
SRD step 1950: evaluated 27 candidates, 0 promising, accepted 3
  Mandatory DeletePatch(4) at patch 4, reason=Area 0.009794 below minimum 0.01
  Mandatory DeletePatch(14) at patch 14, reason=Area 0.009119 below minimum 0.01
  Mandatory DeletePatch(17) at patch 17, reason=Area 0.001496 below minimum 0.01
  Total patches: 15, total adds: 22, total deletes: 27
  step 1950/2000: loss=0.062867, patches=18
SRD step 2000: evaluated 27 candidates, 0 promising, accepted 0
  Total patches: 15, total adds: 22, total deletes: 27
  step 2000/2000: loss=0.066698, patches=15
[Trial 2] done: loss=0.066543, time=6868.8s
[Trial 3/3] seed=2
[SRD rewrite] added patch=20, position=(0.703, -0.703, 0.977), improvement=0.021310
[SRD rewrite] added patch=21, position=(0.414, -0.719, 0.969), improvement=0.021161
[SRD rewrite] added patch=22, position=(0.825, -0.031, -0.534), improvement=0.020270
SRD step 50: evaluated 27 candidates, 27 promising, accepted 3
  Accepted AddPatch at patch 20, improvement=0.021310
  Accepted AddPatch at patch 21, improvement=0.021161
  Accepted AddPatch at patch 22, improvement=0.020270
  Total patches: 23, total adds: 3, total deletes: 0
  step 50/2000: loss=0.297601, patches=20
[SRD rewrite] deleted patch=22, position=(0.884, -0.097, -0.508), reason=Area 0.003963 below minimum 0.01
[SRD rewrite] added patch=22, position=(0.675, -1.087, -0.814), improvement=0.005675
[SRD rewrite] added patch=23, position=(0.953, -0.614, 1.013), improvement=0.005440
[SRD rewrite] added patch=24, position=(0.920, -0.515, 0.945), improvement=0.005166
SRD step 100: evaluated 27 candidates, 19 promising, accepted 4
  Accepted AddPatch at patch 22, improvement=0.005675
  Accepted AddPatch at patch 23, improvement=0.005440
  Accepted AddPatch at patch 24, improvement=0.005166
  Mandatory DeletePatch(22) at patch 22, reason=Area 0.003963 below minimum 0.01
  Total patches: 25, total adds: 6, total deletes: 1
  step 100/2000: loss=0.170402, patches=23
[SRD rewrite] deleted patch=20, position=(0.661, -0.631, 1.029), reason=Area 0.008916 below minimum 0.01
[SRD rewrite] deleted patch=12, position=(-0.383, -0.128, -1.398), reason=Area 0.006261 below minimum 0.01
[SRD rewrite] deleted patch=9, position=(0.969, 0.035, 0.091), reason=Area 0.006629 below minimum 0.01
[SRD rewrite] added patch=22, position=(0.162, -1.032, -0.935), improvement=0.003385
[SRD rewrite] added patch=23, position=(0.815, -1.125, -0.701), improvement=0.003236
[SRD rewrite] added patch=24, position=(0.348, -1.002, -0.918), improvement=0.002999
SRD step 150: evaluated 27 candidates, 19 promising, accepted 6
  Accepted AddPatch at patch 22, improvement=0.003385
  Accepted AddPatch at patch 23, improvement=0.003236
  Accepted AddPatch at patch 24, improvement=0.002999
  Mandatory DeletePatch(9) at patch 9, reason=Area 0.006629 below minimum 0.01
  Mandatory DeletePatch(12) at patch 12, reason=Area 0.006261 below minimum 0.01
  Mandatory DeletePatch(20) at patch 20, reason=Area 0.008916 below minimum 0.01
  Total patches: 25, total adds: 9, total deletes: 4
  step 150/2000: loss=0.143144, patches=25
[SRD rewrite] deleted patch=24, position=(0.292, -0.921, -0.863), reason=Area 0.000307 below minimum 0.01
[SRD rewrite] deleted patch=23, position=(0.930, -1.086, -0.714), reason=Area 0.003343 below minimum 0.01
[SRD rewrite] deleted patch=22, position=(0.303, -1.028, -0.928), reason=Area 0.000211 below minimum 0.01
[SRD rewrite] deleted patch=21, position=(0.957, -0.361, 1.001), reason=Area 0.009307 below minimum 0.01
[SRD rewrite] added patch=21, position=(1.158, -0.885, -0.831), improvement=0.000591
[SRD rewrite] restored patch=22, position=(0.957, -0.361, 1.001), improvement=0.000479
[SRD rewrite] added patch=23, position=(1.249, -0.895, -0.770), improvement=0.000145
SRD step 200: evaluated 27 candidates, 6 promising, accepted 7
  Accepted AddPatch at patch 21, improvement=0.000591
  Accepted RestorePatch(7) at patch 22, improvement=0.000479
  Accepted AddPatch at patch 23, improvement=0.000145
  Mandatory DeletePatch(21) at patch 21, reason=Area 0.009307 below minimum 0.01
  Mandatory DeletePatch(22) at patch 22, reason=Area 0.000211 below minimum 0.01
  Mandatory DeletePatch(23) at patch 23, reason=Area 0.003343 below minimum 0.01
  Mandatory DeletePatch(24) at patch 24, reason=Area 0.000307 below minimum 0.01
  Total patches: 24, total adds: 12, total deletes: 8
  step 200/2000: loss=0.119353, patches=25
[SRD rewrite] deleted patch=23, position=(1.232, -0.942, -0.689), reason=Area 0.001337 below minimum 0.01
[SRD rewrite] deleted patch=22, position=(0.970, -0.337, 1.011), reason=Area 0.002111 below minimum 0.01
SRD step 250: evaluated 27 candidates, 0 promising, accepted 2
  Mandatory DeletePatch(22) at patch 22, reason=Area 0.002111 below minimum 0.01
  Mandatory DeletePatch(23) at patch 23, reason=Area 0.001337 below minimum 0.01
  Total patches: 22, total adds: 12, total deletes: 10
  step 250/2000: loss=0.110437, patches=24
[SRD rewrite] added patch=22, position=(0.670, 0.305, 0.483), improvement=0.001379
[SRD rewrite] added patch=23, position=(-0.418, -0.908, 0.576), improvement=0.001371
[SRD rewrite] added patch=24, position=(1.017, -0.696, 0.976), improvement=0.001260
SRD step 300: evaluated 27 candidates, 20 promising, accepted 3
  Accepted AddPatch at patch 22, improvement=0.001379
  Accepted AddPatch at patch 23, improvement=0.001371
  Accepted AddPatch at patch 24, improvement=0.001260
  Total patches: 25, total adds: 15, total deletes: 10
  step 300/2000: loss=0.114018, patches=22
[SRD rewrite] deleted patch=23, position=(-0.459, -0.896, 0.620), reason=Area 0.003369 below minimum 0.01
[SRD rewrite] deleted patch=22, position=(0.653, 0.333, 0.607), reason=Area 0.004567 below minimum 0.01
[SRD rewrite] deleted patch=21, position=(1.274, -0.568, -1.001), reason=Area 0.000340 below minimum 0.01
[SRD rewrite] deleted patch=20, position=(0.964, -0.528, 1.000), reason=Area 0.002784 below minimum 0.01
[SRD rewrite] deleted patch=7, position=(-0.801, -1.849, -0.023), reason=Area 0.009908 below minimum 0.01
[SRD rewrite] restored patch=20, position=(0.292, -0.921, -0.863), improvement=0.001174
[SRD rewrite] added patch=21, position=(-0.023, 0.366, 0.682), improvement=0.001109
[SRD rewrite] added patch=22, position=(-0.421, 0.015, 0.447), improvement=0.000994
SRD step 350: evaluated 27 candidates, 16 promising, accepted 8
  Accepted RestorePatch(4) at patch 20, improvement=0.001174
  Accepted AddPatch at patch 21, improvement=0.001109
  Accepted AddPatch at patch 22, improvement=0.000994
  Mandatory DeletePatch(7) at patch 7, reason=Area 0.009908 below minimum 0.01
  Mandatory DeletePatch(20) at patch 20, reason=Area 0.002784 below minimum 0.01
  Mandatory DeletePatch(21) at patch 21, reason=Area 0.000340 below minimum 0.01
  Mandatory DeletePatch(22) at patch 22, reason=Area 0.004567 below minimum 0.01
  Mandatory DeletePatch(23) at patch 23, reason=Area 0.003369 below minimum 0.01
  Total patches: 23, total adds: 18, total deletes: 15
  step 350/2000: loss=0.093652, patches=25
[SRD rewrite] deleted patch=22, position=(-0.402, -0.001, 0.424), reason=Area 0.006833 below minimum 0.01
[SRD rewrite] deleted patch=21, position=(0.142, 0.313, 0.771), reason=Area 0.003751 below minimum 0.01
[SRD rewrite] deleted patch=20, position=(0.338, -0.775, -1.004), reason=Area 0.000307 below minimum 0.01
SRD step 400: evaluated 27 candidates, 0 promising, accepted 3
  Mandatory DeletePatch(20) at patch 20, reason=Area 0.000307 below minimum 0.01
  Mandatory DeletePatch(21) at patch 21, reason=Area 0.003751 below minimum 0.01
  Mandatory DeletePatch(22) at patch 22, reason=Area 0.006833 below minimum 0.01
  Total patches: 20, total adds: 18, total deletes: 18
  step 400/2000: loss=0.096298, patches=23
SRD step 450: evaluated 27 candidates, 0 promising, accepted 0
  Total patches: 20, total adds: 18, total deletes: 18
  step 450/2000: loss=0.099900, patches=20
SRD step 500: evaluated 27 candidates, 0 promising, accepted 0
  Total patches: 20, total adds: 18, total deletes: 18
  step 500/2000: loss=0.098849, patches=20
[SRD rewrite] deleted patch=19, position=(0.980, -0.579, 0.989), reason=Area 0.007043 below minimum 0.01
[SRD rewrite] added patch=19, position=(-0.271, 0.231, -0.390), improvement=0.000399
[SRD rewrite] added patch=20, position=(0.760, -0.579, 1.042), improvement=0.000343
[SRD rewrite] added patch=21, position=(-0.238, 0.227, 0.698), improvement=0.000130
SRD step 550: evaluated 27 candidates, 5 promising, accepted 4
  Accepted AddPatch at patch 19, improvement=0.000399
  Accepted AddPatch at patch 20, improvement=0.000343
  Accepted AddPatch at patch 21, improvement=0.000130
  Mandatory DeletePatch(19) at patch 19, reason=Area 0.007043 below minimum 0.01
  Total patches: 22, total adds: 21, total deletes: 19
  step 550/2000: loss=0.094424, patches=20
[SRD rewrite] deleted patch=20, position=(0.804, -0.472, 1.029), reason=Area 0.000673 below minimum 0.01
[SRD rewrite] deleted patch=19, position=(-0.237, 0.284, -0.334), reason=Area 0.001735 below minimum 0.01
[SRD rewrite] deleted patch=15, position=(0.133, 0.067, -0.024), reason=Area 0.009495 below minimum 0.01
SRD step 600: evaluated 27 candidates, 0 promising, accepted 3
  Mandatory DeletePatch(15) at patch 15, reason=Area 0.009495 below minimum 0.01
  Mandatory DeletePatch(19) at patch 19, reason=Area 0.001735 below minimum 0.01
  Mandatory DeletePatch(20) at patch 20, reason=Area 0.000673 below minimum 0.01
  Total patches: 19, total adds: 21, total deletes: 22
  step 600/2000: loss=0.083993, patches=22
SRD step 650: evaluated 27 candidates, 0 promising, accepted 0
  Total patches: 19, total adds: 21, total deletes: 22
  step 650/2000: loss=0.080623, patches=19
[SRD rewrite] added patch=19, position=(0.880, -0.570, 0.979), improvement=0.000370
[SRD rewrite] added patch=20, position=(0.923, -0.397, 0.857), improvement=0.000156
[SRD rewrite] added patch=21, position=(0.038, -0.615, 0.940), improvement=0.000066
SRD step 700: evaluated 27 candidates, 3 promising, accepted 3
  Accepted AddPatch at patch 19, improvement=0.000370
  Accepted AddPatch at patch 20, improvement=0.000156
  Accepted AddPatch at patch 21, improvement=0.000066
  Total patches: 22, total adds: 24, total deletes: 22
  step 700/2000: loss=0.079358, patches=19
[SRD rewrite] deleted patch=20, position=(0.961, -0.399, 0.904), reason=Area 0.006512 below minimum 0.01
SRD step 750: evaluated 27 candidates, 0 promising, accepted 1
  Mandatory DeletePatch(20) at patch 20, reason=Area 0.006512 below minimum 0.01
  Total patches: 21, total adds: 24, total deletes: 23
  step 750/2000: loss=0.073125, patches=22
[SRD rewrite] deleted patch=19, position=(0.977, -0.438, 0.998), reason=Area 0.004169 below minimum 0.01
SRD step 800: evaluated 27 candidates, 0 promising, accepted 1
  Mandatory DeletePatch(19) at patch 19, reason=Area 0.004169 below minimum 0.01
  Total patches: 20, total adds: 24, total deletes: 24
  step 800/2000: loss=0.076919, patches=21
[SRD rewrite] deleted patch=19, position=(0.006, -0.393, 1.132), reason=Area 0.003934 below minimum 0.01
[SRD rewrite] deleted patch=16, position=(0.061, -0.320, 1.126), reason=Area 0.006060 below minimum 0.01
SRD step 850: evaluated 27 candidates, 0 promising, accepted 2
  Mandatory DeletePatch(16) at patch 16, reason=Area 0.006060 below minimum 0.01
  Mandatory DeletePatch(19) at patch 19, reason=Area 0.003934 below minimum 0.01
  Total patches: 18, total adds: 24, total deletes: 26
  step 850/2000: loss=0.081840, patches=20
SRD step 900: evaluated 27 candidates, 0 promising, accepted 0
  Total patches: 18, total adds: 24, total deletes: 26
  step 900/2000: loss=0.080636, patches=18
[SRD rewrite] restored patch=18, position=(0.006, -0.393, 1.132), improvement=0.000220
SRD step 950: evaluated 27 candidates, 1 promising, accepted 1
  Accepted RestorePatch(22) at patch 18, improvement=0.000220
  Total patches: 19, total adds: 25, total deletes: 26
  step 950/2000: loss=0.077720, patches=18
[SRD rewrite] deleted patch=18, position=(0.001, -0.373, 1.147), reason=Area 0.000547 below minimum 0.01
SRD step 1000: evaluated 27 candidates, 0 promising, accepted 1
  Mandatory DeletePatch(18) at patch 18, reason=Area 0.000547 below minimum 0.01
  Total patches: 18, total adds: 25, total deletes: 27
  step 1000/2000: loss=0.078661, patches=19
SRD step 1050: evaluated 27 candidates, 0 promising, accepted 0
  Total patches: 18, total adds: 25, total deletes: 27
  step 1050/2000: loss=0.081166, patches=18
[SRD rewrite] restored patch=18, position=(0.133, 0.067, -0.024), improvement=0.001353
[SRD rewrite] added patch=19, position=(0.033, 0.462, 0.164), improvement=0.001116
[SRD rewrite] added patch=20, position=(0.537, -0.192, -0.795), improvement=0.000957
SRD step 1100: evaluated 27 candidates, 16 promising, accepted 3
  Accepted RestorePatch(19) at patch 18, improvement=0.001353
  Accepted AddPatch at patch 19, improvement=0.001116
  Accepted AddPatch at patch 20, improvement=0.000957
  Total patches: 21, total adds: 28, total deletes: 27
  step 1100/2000: loss=0.081181, patches=18
[SRD rewrite] deleted patch=20, position=(0.633, -0.185, -0.777), reason=Area 0.001194 below minimum 0.01
[SRD rewrite] deleted patch=19, position=(-0.074, 0.442, 0.219), reason=Area 0.002232 below minimum 0.01
[SRD rewrite] deleted patch=18, position=(0.114, 0.074, -0.038), reason=Area 0.002970 below minimum 0.01
SRD step 1150: evaluated 27 candidates, 0 promising, accepted 3
  Mandatory DeletePatch(18) at patch 18, reason=Area 0.002970 below minimum 0.01
  Mandatory DeletePatch(19) at patch 19, reason=Area 0.002232 below minimum 0.01
  Mandatory DeletePatch(20) at patch 20, reason=Area 0.001194 below minimum 0.01
  Total patches: 18, total adds: 28, total deletes: 30
  step 1150/2000: loss=0.077067, patches=21
SRD step 1200: evaluated 27 candidates, 0 promising, accepted 0
  Total patches: 18, total adds: 28, total deletes: 30
  step 1200/2000: loss=0.079057, patches=18
SRD step 1250: evaluated 27 candidates, 0 promising, accepted 0
  Total patches: 18, total adds: 28, total deletes: 30
  step 1250/2000: loss=0.077553, patches=18
SRD step 1300: evaluated 27 candidates, 0 promising, accepted 0
  Total patches: 18, total adds: 28, total deletes: 30
  step 1300/2000: loss=0.079190, patches=18
SRD step 1350: evaluated 27 candidates, 0 promising, accepted 0
  Total patches: 18, total adds: 28, total deletes: 30
  step 1350/2000: loss=0.078883, patches=18
SRD step 1400: evaluated 27 candidates, 0 promising, accepted 0
  Total patches: 18, total adds: 28, total deletes: 30
  step 1400/2000: loss=0.081888, patches=18
SRD step 1450: evaluated 27 candidates, 0 promising, accepted 0
  Total patches: 18, total adds: 28, total deletes: 30
  step 1450/2000: loss=0.080485, patches=18
[SRD rewrite] deleted patch=10, position=(2.111, -1.703, 1.830), reason=no image contribution, delete has no image effect
SRD step 1500: evaluated 27 candidates, 0 promising, accepted 1
  Mandatory DeletePatch(10) at patch 10, reason=no image contribution, delete has no image effect
  Total patches: 17, total adds: 28, total deletes: 31
  step 1500/2000: loss=0.078796, patches=18
[SRD rewrite] added patch=17, position=(0.135, 0.475, 0.222), improvement=0.000695
[SRD rewrite] restored patch=18, position=(0.961, -0.399, 0.904), improvement=0.000542
SRD step 1550: evaluated 27 candidates, 17 promising, accepted 3
  Accepted AddPatch at patch 17, improvement=0.000695
  Accepted RestorePatch(19) at patch 18, improvement=0.000542
  Accepted SplitPatch(13) at patch 13, improvement=0.000531
  Total patches: 19, total adds: 30, total deletes: 31
  step 1550/2000: loss=0.079034, patches=17
[SRD rewrite] deleted patch=18, position=(1.014, -0.334, 0.998), reason=Area 0.000658 below minimum 0.01
[SRD rewrite] deleted patch=17, position=(0.017, 0.459, 0.203), reason=Area 0.000328 below minimum 0.01
SRD step 1600: evaluated 27 candidates, 0 promising, accepted 2
  Mandatory DeletePatch(17) at patch 17, reason=Area 0.000328 below minimum 0.01
  Mandatory DeletePatch(18) at patch 18, reason=Area 0.000658 below minimum 0.01
  Total patches: 17, total adds: 30, total deletes: 33
  step 1600/2000: loss=0.073278, patches=19
SRD step 1650: evaluated 27 candidates, 0 promising, accepted 0
  Total patches: 17, total adds: 30, total deletes: 33
  step 1650/2000: loss=0.071006, patches=17
SRD step 1700: evaluated 27 candidates, 0 promising, accepted 0
  Total patches: 17, total adds: 30, total deletes: 33
  step 1700/2000: loss=0.072613, patches=17
SRD step 1750: evaluated 27 candidates, 0 promising, accepted 0
  Total patches: 17, total adds: 30, total deletes: 33
  step 1750/2000: loss=0.070659, patches=17
SRD step 1800: evaluated 27 candidates, 0 promising, accepted 0
  Total patches: 17, total adds: 30, total deletes: 33
  step 1800/2000: loss=0.071571, patches=17
SRD step 1850: evaluated 27 candidates, 0 promising, accepted 0
  Total patches: 17, total adds: 30, total deletes: 33
  step 1850/2000: loss=0.069470, patches=17
[SRD rewrite] added patch=17, position=(0.052, -0.513, -0.703), improvement=0.001101
[SRD rewrite] restored patch=18, position=(0.114, 0.074, -0.038), improvement=0.000767
[SRD rewrite] added patch=19, position=(0.735, 0.221, -0.143), improvement=0.000763
SRD step 1900: evaluated 27 candidates, 18 promising, accepted 3
  Accepted AddPatch at patch 17, improvement=0.001101
  Accepted RestorePatch(24) at patch 18, improvement=0.000767
  Accepted AddPatch at patch 19, improvement=0.000763
  Total patches: 20, total adds: 33, total deletes: 33
  step 1900/2000: loss=0.072200, patches=17
[SRD rewrite] deleted patch=18, position=(0.094, 0.174, -0.033), reason=Area 0.000205 below minimum 0.01
[SRD rewrite] deleted patch=17, position=(0.021, -0.441, -0.702), reason=Area 0.002825 below minimum 0.01
SRD step 1950: evaluated 27 candidates, 0 promising, accepted 2
  Mandatory DeletePatch(17) at patch 17, reason=Area 0.002825 below minimum 0.01
  Mandatory DeletePatch(18) at patch 18, reason=Area 0.000205 below minimum 0.01
  Total patches: 18, total adds: 33, total deletes: 35
  step 1950/2000: loss=0.067624, patches=20
[SRD rewrite] deleted patch=17, position=(0.770, 0.228, -0.081), reason=Area 0.006987 below minimum 0.01
SRD step 2000: evaluated 27 candidates, 0 promising, accepted 1
  Mandatory DeletePatch(17) at patch 17, reason=Area 0.006987 below minimum 0.01
  Total patches: 17, total adds: 33, total deletes: 36
  step 2000/2000: loss=0.068668, patches=18
[SRD rewrite] deleted patch=1, position=(0.254, 1.082, -2.142), reason=final deletion pass improved loss
[SRD rewrite] deleted patch=1, position=(1.550, -0.032, 2.228), reason=final deletion pass improved loss
[SRD rewrite] deleted patch=7, position=(-0.696, -2.017, 2.352), reason=final deletion pass improved loss
[Trial 3] done: loss=0.061660, time=7188.3s
[Run] report written to results/slurm/20260718_1833/comparison_water_fire_srd/output.txt
