## SLURM PROLOG ###############################################################
##    Job ID : 4093834
##  Job Name : 20260718_1833_patchsize_horse_circle_5
##  Nodelist : gpu2101
##      CPUs : 
##  Mem/Node : 128000 MB
## Directory : /oscar/home/cjmok/automated-perspective-sculptor
##   Job Started : Sat Jul 18 09:38:18 PM EDT 2026
###############################################################################
[Swept volume] building (resolution=256)...
[Run] mode=full, trials=3, seeds=[0, 1, 2], steps=1000, srd=True, ablation_flags={'disable_swept_volume_adds': False, 'loss_only_deletion': False, 'disable_splitting': False}
[Trial 1/3] seed=0
[Patch] mapbox-earcut is not installed; falling back to fan fill, so non-convex pieces will render incorrectly. Install it with: pip install mapbox-earcut
[SRD rewrite] added patch=5, position=(0.790, 0.445, -1.057), improvement=0.021693
[SRD rewrite] added patch=6, position=(-0.874, 0.009, -0.692), improvement=0.021667
[SRD rewrite] added patch=7, position=(-0.856, 0.070, -0.082), improvement=0.021600
SRD step 50: evaluated 27 candidates, 23 promising, accepted 3
  Accepted AddPatch at patch 5, improvement=0.021693
  Accepted AddPatch at patch 6, improvement=0.021667
  Accepted AddPatch at patch 7, improvement=0.021600
  Total patches: 8, total adds: 3, total deletes: 0
  step 50/1000: loss=0.827734, patches=5
[SRD rewrite] added patch=8, position=(-0.840, -0.128, -0.873), improvement=0.024733
[SRD rewrite] added patch=9, position=(-0.788, 0.034, 0.395), improvement=0.024575
[SRD rewrite] added patch=10, position=(-0.566, 0.074, 0.381), improvement=0.024530
SRD step 100: evaluated 27 candidates, 27 promising, accepted 3
  Accepted AddPatch at patch 8, improvement=0.024733
  Accepted AddPatch at patch 9, improvement=0.024575
  Accepted AddPatch at patch 10, improvement=0.024530
  Total patches: 11, total adds: 6, total deletes: 0
  step 100/1000: loss=0.622472, patches=8
[SRD rewrite] deleted patch=10, position=(-0.592, 0.059, 0.400), reason=Area 0.003112 below minimum 0.01
[SRD rewrite] added patch=10, position=(-1.321, -0.322, -1.761), improvement=0.011900
[SRD rewrite] added patch=11, position=(-0.930, -0.342, -1.382), improvement=0.011697
[SRD rewrite] added patch=12, position=(-0.585, -0.129, -0.704), improvement=0.011018
SRD step 150: evaluated 27 candidates, 26 promising, accepted 4
  Accepted AddPatch at patch 10, improvement=0.011900
  Accepted AddPatch at patch 11, improvement=0.011697
  Accepted AddPatch at patch 12, improvement=0.011018
  Mandatory DeletePatch(10) at patch 10, reason=Area 0.003112 below minimum 0.01
  Total patches: 13, total adds: 9, total deletes: 1
  step 150/1000: loss=0.456468, patches=11
[SRD rewrite] deleted patch=12, position=(-0.526, -0.213, -0.637), reason=Area 0.002327 below minimum 0.01
[SRD rewrite] added patch=12, position=(-0.636, -0.168, 0.325), improvement=0.004758
[SRD rewrite] added patch=13, position=(-0.853, -0.166, 0.011), improvement=0.004701
[SRD rewrite] added patch=14, position=(-0.650, -0.127, -0.462), improvement=0.004617
SRD step 200: evaluated 27 candidates, 25 promising, accepted 4
  Accepted AddPatch at patch 12, improvement=0.004758
  Accepted AddPatch at patch 13, improvement=0.004701
  Accepted AddPatch at patch 14, improvement=0.004617
  Mandatory DeletePatch(12) at patch 12, reason=Area 0.002327 below minimum 0.01
  Total patches: 15, total adds: 12, total deletes: 2
  step 200/1000: loss=0.378895, patches=13
[SRD rewrite] deleted patch=14, position=(-0.580, -0.196, -0.350), reason=Area 0.008973 below minimum 0.01
[SRD rewrite] deleted patch=12, position=(-0.664, -0.159, 0.340), reason=Area 0.000270 below minimum 0.01
[SRD rewrite] added patch=13, position=(0.938, -0.214, -0.072), improvement=0.002777
[SRD rewrite] added patch=14, position=(1.132, 0.653, -1.121), improvement=0.002747
[SRD rewrite] added patch=15, position=(1.718, 1.026, 0.422), improvement=0.002306
SRD step 250: evaluated 27 candidates, 24 promising, accepted 5
  Accepted AddPatch at patch 13, improvement=0.002777
  Accepted AddPatch at patch 14, improvement=0.002747
  Accepted AddPatch at patch 15, improvement=0.002306
  Mandatory DeletePatch(12) at patch 12, reason=Area 0.000270 below minimum 0.01
  Mandatory DeletePatch(14) at patch 14, reason=Area 0.008973 below minimum 0.01
  Total patches: 16, total adds: 15, total deletes: 4
  step 250/1000: loss=0.334236, patches=15
[SRD rewrite] deleted patch=15, position=(1.814, 1.099, 0.393), reason=Area 0.004188 below minimum 0.01
[SRD rewrite] added patch=15, position=(0.904, -0.206, -0.473), improvement=0.002222
[SRD rewrite] added patch=16, position=(1.145, -0.112, 0.344), improvement=0.001864
[SRD rewrite] added patch=17, position=(1.336, 1.067, -0.507), improvement=0.001776
SRD step 300: evaluated 27 candidates, 24 promising, accepted 4
  Accepted AddPatch at patch 15, improvement=0.002222
  Accepted AddPatch at patch 16, improvement=0.001864
  Accepted AddPatch at patch 17, improvement=0.001776
  Mandatory DeletePatch(15) at patch 15, reason=Area 0.004188 below minimum 0.01
  Total patches: 18, total adds: 18, total deletes: 5
  step 300/1000: loss=0.290586, patches=16
[SRD rewrite] deleted patch=16, position=(1.241, -0.252, 0.186), reason=Area 0.000288 below minimum 0.01
[SRD rewrite] added patch=17, position=(-0.901, -0.182, 1.187), improvement=0.000970
[SRD rewrite] added patch=18, position=(-0.811, 0.005, 1.427), improvement=0.000967
[SRD rewrite] restored patch=19, position=(1.241, -0.252, 0.186), improvement=0.000954
SRD step 350: evaluated 27 candidates, 11 promising, accepted 4
  Accepted AddPatch at patch 17, improvement=0.000970
  Accepted AddPatch at patch 18, improvement=0.000967
  Accepted RestorePatch(5) at patch 19, improvement=0.000954
  Mandatory DeletePatch(16) at patch 16, reason=Area 0.000288 below minimum 0.01
  Total patches: 20, total adds: 21, total deletes: 6
  step 350/1000: loss=0.263377, patches=18
[SRD rewrite] deleted patch=19, position=(1.343, -0.343, 0.107), reason=Area 0.000115 below minimum 0.01
[SRD rewrite] deleted patch=18, position=(-0.891, 0.072, 1.582), reason=Area 0.000306 below minimum 0.01
[SRD rewrite] deleted patch=17, position=(-1.037, -0.232, 1.288), reason=Area 0.000366 below minimum 0.01
SRD step 400: evaluated 27 candidates, 0 promising, accepted 3
  Mandatory DeletePatch(17) at patch 17, reason=Area 0.000366 below minimum 0.01
  Mandatory DeletePatch(18) at patch 18, reason=Area 0.000306 below minimum 0.01
  Mandatory DeletePatch(19) at patch 19, reason=Area 0.000115 below minimum 0.01
  Total patches: 17, total adds: 21, total deletes: 9
  step 400/1000: loss=0.251351, patches=20
[SRD rewrite] deleted patch=9, position=(-1.104, -0.085, 0.382), reason=delete has no image effect
[SRD rewrite] added patch=16, position=(1.041, -0.101, 0.871), improvement=0.001145
[SRD rewrite] added patch=17, position=(1.316, 1.025, 0.286), improvement=0.000813
[SRD rewrite] added patch=18, position=(-1.159, 0.076, 1.324), improvement=0.000785
SRD step 450: evaluated 27 candidates, 9 promising, accepted 4
  Accepted AddPatch at patch 16, improvement=0.001145
  Accepted AddPatch at patch 17, improvement=0.000813
  Accepted AddPatch at patch 18, improvement=0.000785
  Mandatory DeletePatch(9) at patch 9, reason=delete has no image effect
  Total patches: 19, total adds: 24, total deletes: 10
  step 450/1000: loss=0.246987, patches=17
[SRD rewrite] deleted patch=18, position=(-1.157, 0.088, 1.333), reason=Area 0.000858 below minimum 0.01
[SRD rewrite] deleted patch=16, position=(1.150, -0.123, 0.942), reason=Area 0.006799 below minimum 0.01
[SRD rewrite] deleted patch=10, position=(-0.962, -0.371, -1.319), reason=delete has no image effect
[SRD rewrite] added patch=16, position=(1.219, -0.134, 0.914), improvement=0.002096
[SRD rewrite] restored patch=17, position=(1.343, -0.343, 0.107), improvement=0.000674
[SRD rewrite] added patch=18, position=(1.386, 1.161, -0.527), improvement=0.000671
SRD step 500: evaluated 27 candidates, 7 promising, accepted 6
  Accepted AddPatch at patch 16, improvement=0.002096
  Accepted RestorePatch(5) at patch 17, improvement=0.000674
  Accepted AddPatch at patch 18, improvement=0.000671
  Mandatory DeletePatch(16) at patch 16, reason=Area 0.006799 below minimum 0.01
  Mandatory DeletePatch(18) at patch 18, reason=Area 0.000858 below minimum 0.01
  Mandatory DeletePatch(10) at patch 10, reason=delete has no image effect
  Total patches: 19, total adds: 27, total deletes: 13
  step 500/1000: loss=0.235648, patches=19
[SRD rewrite] deleted patch=17, position=(1.401, -0.249, 0.029), reason=Area 0.000116 below minimum 0.01
[SRD rewrite] deleted patch=15, position=(1.507, 1.263, 0.013), reason=Area 0.002717 below minimum 0.01
[SRD rewrite] deleted patch=10, position=(-0.969, -0.288, 0.517), reason=Area 0.000330 below minimum 0.01
[SRD rewrite] restored patch=16, position=(1.150, -0.123, 0.942), improvement=0.000398
SRD step 550: evaluated 27 candidates, 1 promising, accepted 4
  Accepted RestorePatch(9) at patch 16, improvement=0.000398
  Mandatory DeletePatch(10) at patch 10, reason=Area 0.000330 below minimum 0.01
  Mandatory DeletePatch(15) at patch 15, reason=Area 0.002717 below minimum 0.01
  Mandatory DeletePatch(17) at patch 17, reason=Area 0.000116 below minimum 0.01
  Total patches: 17, total adds: 28, total deletes: 16
  step 550/1000: loss=0.230392, patches=19
[SRD rewrite] deleted patch=16, position=(1.230, -0.147, 0.935), reason=Area 0.000441 below minimum 0.01
[SRD rewrite] added patch=16, position=(1.559, 1.056, -0.324), improvement=0.000723
[SRD rewrite] added patch=17, position=(-0.877, -0.468, -1.211), improvement=0.000347
[SRD rewrite] restored patch=18, position=(1.814, 1.099, 0.393), improvement=0.000019
SRD step 600: evaluated 27 candidates, 3 promising, accepted 4
  Accepted AddPatch at patch 16, improvement=0.000723
  Accepted AddPatch at patch 17, improvement=0.000347
  Accepted RestorePatch(4) at patch 18, improvement=0.000019
  Mandatory DeletePatch(16) at patch 16, reason=Area 0.000441 below minimum 0.01
  Total patches: 19, total adds: 31, total deletes: 17
  step 600/1000: loss=0.228346, patches=17
[SRD rewrite] deleted patch=18, position=(1.864, 1.103, 0.319), reason=Area 0.000918 below minimum 0.01
[SRD rewrite] deleted patch=17, position=(-0.892, -0.384, -1.141), reason=Area 0.006157 below minimum 0.01
[SRD rewrite] deleted patch=13, position=(2.187, 0.419, -1.513), reason=Area 0.005120 below minimum 0.01
SRD step 650: evaluated 27 candidates, 0 promising, accepted 3
  Mandatory DeletePatch(13) at patch 13, reason=Area 0.005120 below minimum 0.01
  Mandatory DeletePatch(17) at patch 17, reason=Area 0.006157 below minimum 0.01
  Mandatory DeletePatch(18) at patch 18, reason=Area 0.000918 below minimum 0.01
  Total patches: 16, total adds: 31, total deletes: 20
  step 650/1000: loss=0.221779, patches=19
[SRD rewrite] added patch=16, position=(1.846, 1.085, 0.045), improvement=0.001881
[SRD rewrite] added patch=17, position=(-1.124, -0.384, -0.936), improvement=0.000877
[SRD rewrite] restored patch=18, position=(-0.891, 0.072, 1.582), improvement=0.000641
SRD step 700: evaluated 27 candidates, 6 promising, accepted 3
  Accepted AddPatch at patch 16, improvement=0.001881
  Accepted AddPatch at patch 17, improvement=0.000877
  Accepted RestorePatch(4) at patch 18, improvement=0.000641
  Total patches: 19, total adds: 34, total deletes: 20
  step 700/1000: loss=0.227612, patches=16
[SRD rewrite] deleted patch=18, position=(-0.930, 0.238, 1.696), reason=Area 0.000306 below minimum 0.01
[SRD rewrite] deleted patch=17, position=(-1.037, -0.255, -1.072), reason=Area 0.000141 below minimum 0.01
[SRD rewrite] deleted patch=14, position=(1.300, 0.953, -0.815), reason=Area 0.006442 below minimum 0.01
SRD step 750: evaluated 27 candidates, 0 promising, accepted 3
  Mandatory DeletePatch(14) at patch 14, reason=Area 0.006442 below minimum 0.01
  Mandatory DeletePatch(17) at patch 17, reason=Area 0.000141 below minimum 0.01
  Mandatory DeletePatch(18) at patch 18, reason=Area 0.000306 below minimum 0.01
  Total patches: 16, total adds: 34, total deletes: 23
  step 750/1000: loss=0.216780, patches=19
[SRD rewrite] restored patch=16, position=(1.864, 1.103, 0.319), improvement=0.002652
[SRD rewrite] added patch=17, position=(1.312, 0.937, -0.260), improvement=0.002487
[SRD rewrite] added patch=18, position=(0.203, -0.007, -0.028), improvement=0.001721
SRD step 800: evaluated 27 candidates, 24 promising, accepted 3
  Accepted RestorePatch(12) at patch 16, improvement=0.002652
  Accepted AddPatch at patch 17, improvement=0.002487
  Accepted AddPatch at patch 18, improvement=0.001721
  Total patches: 19, total adds: 37, total deletes: 23
  step 800/1000: loss=0.213126, patches=16
[SRD rewrite] deleted patch=18, position=(0.313, 0.104, -0.133), reason=Area 0.000198 below minimum 0.01
[SRD rewrite] deleted patch=17, position=(1.328, 1.007, -0.393), reason=Area 0.002192 below minimum 0.01
[SRD rewrite] deleted patch=16, position=(1.862, 1.095, 0.277), reason=Area 0.000918 below minimum 0.01
SRD step 850: evaluated 27 candidates, 0 promising, accepted 3
  Mandatory DeletePatch(16) at patch 16, reason=Area 0.000918 below minimum 0.01
  Mandatory DeletePatch(17) at patch 17, reason=Area 0.002192 below minimum 0.01
  Mandatory DeletePatch(18) at patch 18, reason=Area 0.000198 below minimum 0.01
  Total patches: 16, total adds: 37, total deletes: 26
  step 850/1000: loss=0.203420, patches=19
[SRD rewrite] deleted patch=7, position=(-1.058, 0.663, -0.144), reason=Area 0.005926 below minimum 0.01
SRD step 900: evaluated 27 candidates, 0 promising, accepted 1
  Mandatory DeletePatch(7) at patch 7, reason=Area 0.005926 below minimum 0.01
  Total patches: 15, total adds: 37, total deletes: 27
  step 900/1000: loss=0.220955, patches=16
[SRD rewrite] added patch=15, position=(1.021, -0.007, 0.866), improvement=0.002430
[SRD rewrite] added patch=16, position=(-0.944, -0.483, -1.461), improvement=0.002384
[SRD rewrite] restored patch=17, position=(-0.962, -0.371, -1.319), improvement=0.002065
SRD step 950: evaluated 27 candidates, 11 promising, accepted 3
  Accepted AddPatch at patch 15, improvement=0.002430
  Accepted AddPatch at patch 16, improvement=0.002384
  Accepted RestorePatch(7) at patch 17, improvement=0.002065
  Total patches: 18, total adds: 40, total deletes: 27
  step 950/1000: loss=0.218866, patches=15
[SRD rewrite] deleted patch=15, position=(1.045, -0.027, 0.962), reason=Area 0.004337 below minimum 0.01
SRD step 1000: evaluated 27 candidates, 0 promising, accepted 1
  Mandatory DeletePatch(15) at patch 15, reason=Area 0.004337 below minimum 0.01
  Total patches: 17, total adds: 40, total deletes: 28
  step 1000/1000: loss=0.210320, patches=18
[Trial 1] done: loss=0.212721, time=2934.3s
[Trial 2/3] seed=1
[SRD rewrite] added patch=5, position=(0.731, 0.513, 0.858), improvement=0.011960
[SRD rewrite] added patch=6, position=(0.652, 0.251, -0.717), improvement=0.011898
[SRD rewrite] added patch=7, position=(0.555, 0.276, 1.045), improvement=0.011747
SRD step 50: evaluated 27 candidates, 21 promising, accepted 3
  Accepted AddPatch at patch 5, improvement=0.011960
  Accepted AddPatch at patch 6, improvement=0.011898
  Accepted AddPatch at patch 7, improvement=0.011747
  Total patches: 8, total adds: 3, total deletes: 0
  step 50/1000: loss=0.855307, patches=5
[SRD rewrite] added patch=8, position=(0.773, 0.240, 0.184), improvement=0.016862
[SRD rewrite] added patch=9, position=(0.797, 0.238, -0.884), improvement=0.016038
[SRD rewrite] added patch=10, position=(0.704, 0.474, 0.005), improvement=0.016018
SRD step 100: evaluated 27 candidates, 17 promising, accepted 3
  Accepted AddPatch at patch 8, improvement=0.016862
  Accepted AddPatch at patch 9, improvement=0.016038
  Accepted AddPatch at patch 10, improvement=0.016018
  Total patches: 11, total adds: 6, total deletes: 0
  step 100/1000: loss=0.669426, patches=8
[SRD rewrite] added patch=11, position=(0.043, 0.144, 0.017), improvement=0.015795
[SRD rewrite] added patch=12, position=(-0.552, -0.035, -0.161), improvement=0.015792
[SRD rewrite] added patch=13, position=(-0.727, -0.041, -0.282), improvement=0.015772
SRD step 150: evaluated 27 candidates, 24 promising, accepted 3
  Accepted AddPatch at patch 11, improvement=0.015795
  Accepted AddPatch at patch 12, improvement=0.015792
  Accepted AddPatch at patch 13, improvement=0.015772
  Total patches: 14, total adds: 9, total deletes: 0
  step 150/1000: loss=0.524843, patches=11
[SRD rewrite] deleted patch=9, position=(0.829, 0.277, -1.015), reason=Area 0.001197 below minimum 0.01
[SRD rewrite] added patch=13, position=(-0.034, -0.101, -0.017), improvement=0.010006
[SRD rewrite] added patch=14, position=(-1.048, -0.310, 0.037), improvement=0.009852
[SRD rewrite] added patch=15, position=(-0.758, -0.132, 0.002), improvement=0.009764
SRD step 200: evaluated 27 candidates, 23 promising, accepted 4
  Accepted AddPatch at patch 13, improvement=0.010006
  Accepted AddPatch at patch 14, improvement=0.009852
  Accepted AddPatch at patch 15, improvement=0.009764
  Mandatory DeletePatch(9) at patch 9, reason=Area 0.001197 below minimum 0.01
  Total patches: 16, total adds: 12, total deletes: 1
  step 200/1000: loss=0.375714, patches=14
[SRD rewrite] deleted patch=15, position=(-0.673, -0.190, -0.014), reason=Area 0.002895 below minimum 0.01
[SRD rewrite] deleted patch=14, position=(-1.093, -0.326, 0.159), reason=delete has no image effect
[SRD rewrite] added patch=14, position=(1.475, 1.088, 0.446), improvement=0.005859
[SRD rewrite] added patch=15, position=(1.574, 1.128, 0.150), improvement=0.005696
[SRD rewrite] added patch=16, position=(1.692, 0.916, 0.544), improvement=0.005203
SRD step 250: evaluated 27 candidates, 20 promising, accepted 5
  Accepted AddPatch at patch 14, improvement=0.005859
  Accepted AddPatch at patch 15, improvement=0.005696
  Accepted AddPatch at patch 16, improvement=0.005203
  Mandatory DeletePatch(15) at patch 15, reason=Area 0.002895 below minimum 0.01
  Mandatory DeletePatch(14) at patch 14, reason=delete has no image effect
  Total patches: 17, total adds: 15, total deletes: 3
  step 250/1000: loss=0.307100, patches=16
[SRD rewrite] deleted patch=10, position=(0.166, 0.292, 0.189), reason=Area 0.008332 below minimum 0.01
[SRD rewrite] added patch=16, position=(1.435, -0.169, -0.668), improvement=0.001326
[SRD rewrite] added patch=17, position=(1.424, -0.130, -0.831), improvement=0.001003
[SRD rewrite] restored patch=18, position=(0.166, 0.292, 0.189), improvement=0.000529
SRD step 300: evaluated 27 candidates, 9 promising, accepted 4
  Accepted AddPatch at patch 16, improvement=0.001326
  Accepted AddPatch at patch 17, improvement=0.001003
  Accepted RestorePatch(3) at patch 18, improvement=0.000529
  Mandatory DeletePatch(10) at patch 10, reason=Area 0.008332 below minimum 0.01
  Total patches: 19, total adds: 18, total deletes: 4
  step 300/1000: loss=0.274110, patches=17
[SRD rewrite] deleted patch=18, position=(0.166, 0.292, 0.189), reason=Area 0.008332 below minimum 0.01
[SRD rewrite] deleted patch=17, position=(1.454, -0.081, -0.957), reason=Area 0.000580 below minimum 0.01
[SRD rewrite] deleted patch=16, position=(1.508, -0.112, -0.678), reason=Area 0.002648 below minimum 0.01
[SRD rewrite] deleted patch=10, position=(-0.393, -0.100, 0.020), reason=Area 0.008189 below minimum 0.01
SRD step 350: evaluated 27 candidates, 0 promising, accepted 4
  Mandatory DeletePatch(10) at patch 10, reason=Area 0.008189 below minimum 0.01
  Mandatory DeletePatch(16) at patch 16, reason=Area 0.002648 below minimum 0.01
  Mandatory DeletePatch(17) at patch 17, reason=Area 0.000580 below minimum 0.01
  Mandatory DeletePatch(18) at patch 18, reason=Area 0.008332 below minimum 0.01
  Total patches: 15, total adds: 18, total deletes: 8
  step 350/1000: loss=0.251466, patches=19
[SRD rewrite] deleted patch=12, position=(1.345, 1.302, 0.262), reason=Area 0.001205 below minimum 0.01
[SRD rewrite] added patch=14, position=(1.304, -0.171, 0.585), improvement=0.001196
[SRD rewrite] added patch=15, position=(1.648, -0.218, -0.987), improvement=0.000455
SRD step 400: evaluated 27 candidates, 2 promising, accepted 3
  Accepted AddPatch at patch 14, improvement=0.001196
  Accepted AddPatch at patch 15, improvement=0.000455
  Mandatory DeletePatch(12) at patch 12, reason=Area 0.001205 below minimum 0.01
  Total patches: 16, total adds: 20, total deletes: 9
  step 400/1000: loss=0.235669, patches=15
[SRD rewrite] added patch=16, position=(1.398, 0.262, -1.122), improvement=0.001067
[SRD rewrite] restored patch=17, position=(0.829, 0.277, -1.015), improvement=0.000980
[SRD rewrite] added patch=18, position=(1.155, 0.346, 0.421), improvement=0.000951
SRD step 450: evaluated 27 candidates, 13 promising, accepted 3
  Accepted AddPatch at patch 16, improvement=0.001067
  Accepted RestorePatch(0) at patch 17, improvement=0.000980
  Accepted AddPatch at patch 18, improvement=0.000951
  Total patches: 19, total adds: 23, total deletes: 9
  step 450/1000: loss=0.215665, patches=16
[SRD rewrite] deleted patch=18, position=(1.144, 0.367, 0.348), reason=Area 0.005212 below minimum 0.01
[SRD rewrite] deleted patch=17, position=(0.909, 0.202, -1.096), reason=Area 0.000188 below minimum 0.01
[SRD rewrite] deleted patch=16, position=(1.398, 0.262, -1.122), reason=Area 0.009291 below minimum 0.01
[SRD rewrite] deleted patch=12, position=(1.929, 1.161, -0.114), reason=Area 0.003621 below minimum 0.01
SRD step 500: evaluated 27 candidates, 0 promising, accepted 4
  Mandatory DeletePatch(12) at patch 12, reason=Area 0.003621 below minimum 0.01
  Mandatory DeletePatch(16) at patch 16, reason=Area 0.009291 below minimum 0.01
  Mandatory DeletePatch(17) at patch 17, reason=Area 0.000188 below minimum 0.01
  Mandatory DeletePatch(18) at patch 18, reason=Area 0.005212 below minimum 0.01
  Total patches: 15, total adds: 23, total deletes: 13
  step 500/1000: loss=0.207275, patches=19
SRD step 550: evaluated 27 candidates, 0 promising, accepted 0
  Total patches: 15, total adds: 23, total deletes: 13
  step 550/1000: loss=0.214086, patches=15
SRD step 600: evaluated 27 candidates, 0 promising, accepted 0
  Total patches: 15, total adds: 23, total deletes: 13
  step 600/1000: loss=0.215682, patches=15
SRD step 650: evaluated 27 candidates, 0 promising, accepted 0
  Total patches: 15, total adds: 23, total deletes: 13
  step 650/1000: loss=0.218008, patches=15
[SRD rewrite] added patch=15, position=(1.406, 1.108, 0.091), improvement=0.001350
[SRD rewrite] added patch=16, position=(1.444, 1.128, 0.218), improvement=0.001113
[SRD rewrite] restored patch=17, position=(1.398, 0.262, -1.122), improvement=0.000814
SRD step 700: evaluated 27 candidates, 7 promising, accepted 3
  Accepted AddPatch at patch 15, improvement=0.001350
  Accepted AddPatch at patch 16, improvement=0.001113
  Accepted RestorePatch(9) at patch 17, improvement=0.000814
  Total patches: 18, total adds: 26, total deletes: 13
  step 700/1000: loss=0.228637, patches=15
[SRD rewrite] deleted patch=17, position=(1.398, 0.262, -1.122), reason=Area 0.009291 below minimum 0.01
SRD step 750: evaluated 27 candidates, 0 promising, accepted 1
  Mandatory DeletePatch(17) at patch 17, reason=Area 0.009291 below minimum 0.01
  Total patches: 17, total adds: 26, total deletes: 14
  step 750/1000: loss=0.234513, patches=18
[SRD rewrite] deleted patch=9, position=(1.270, 1.298, 0.134), reason=Area 0.003094 below minimum 0.01
SRD step 800: evaluated 27 candidates, 0 promising, accepted 1
  Mandatory DeletePatch(9) at patch 9, reason=Area 0.003094 below minimum 0.01
  Total patches: 16, total adds: 26, total deletes: 15
  step 800/1000: loss=0.239921, patches=17
[SRD rewrite] deleted patch=15, position=(1.704, 1.311, -0.024), reason=Area 0.008150 below minimum 0.01
[SRD rewrite] deleted patch=8, position=(1.081, 0.105, 0.186), reason=Area 0.005532 below minimum 0.01
SRD step 850: evaluated 27 candidates, 0 promising, accepted 2
  Mandatory DeletePatch(8) at patch 8, reason=Area 0.005532 below minimum 0.01
  Mandatory DeletePatch(15) at patch 15, reason=Area 0.008150 below minimum 0.01
  Total patches: 14, total adds: 26, total deletes: 17
  step 850/1000: loss=0.242592, patches=16
SRD step 900: evaluated 27 candidates, 0 promising, accepted 0
  Total patches: 14, total adds: 26, total deletes: 17
  step 900/1000: loss=0.247343, patches=14
[SRD rewrite] added patch=14, position=(-1.477, -0.214, -2.048), improvement=0.001460
[SRD rewrite] added patch=15, position=(-0.567, -0.478, 0.449), improvement=0.001256
[SRD rewrite] added patch=16, position=(0.855, -0.812, 0.832), improvement=0.001252
SRD step 950: evaluated 27 candidates, 12 promising, accepted 3
  Accepted AddPatch at patch 14, improvement=0.001460
  Accepted AddPatch at patch 15, improvement=0.001256
  Accepted AddPatch at patch 16, improvement=0.001252
  Total patches: 17, total adds: 29, total deletes: 17
  step 950/1000: loss=0.247836, patches=14
[SRD rewrite] deleted patch=15, position=(-0.565, -0.489, 0.314), reason=Area 0.000290 below minimum 0.01
[SRD rewrite] deleted patch=14, position=(-1.403, -0.225, -2.153), reason=Area 0.005421 below minimum 0.01
[SRD rewrite] added patch=15, position=(-0.528, -1.443, -0.011), improvement=0.002828
[SRD rewrite] added patch=16, position=(-1.400, -0.300, -1.355), improvement=0.001823
[SRD rewrite] added patch=17, position=(-1.519, -0.260, -1.747), improvement=0.001611
SRD step 1000: evaluated 27 candidates, 14 promising, accepted 5
  Accepted AddPatch at patch 15, improvement=0.002828
  Accepted AddPatch at patch 16, improvement=0.001823
  Accepted AddPatch at patch 17, improvement=0.001611
  Mandatory DeletePatch(14) at patch 14, reason=Area 0.005421 below minimum 0.01
  Mandatory DeletePatch(15) at patch 15, reason=Area 0.000290 below minimum 0.01
  Total patches: 18, total adds: 32, total deletes: 19
  step 1000/1000: loss=0.234683, patches=17
[SRD rewrite] deleted patch=17, position=(-1.519, -0.260, -1.747), reason=Area 0.009291 below minimum 0.01
[SRD rewrite] deleted patch=16, position=(-1.400, -0.300, -1.355), reason=Area 0.009291 below minimum 0.01
[SRD rewrite] deleted patch=15, position=(-0.528, -1.443, -0.011), reason=Area 0.009291 below minimum 0.01
[SRD rewrite] deleted patch=10, position=(2.183, -0.073, -1.828), reason=final deletion pass improved loss
[Trial 2] done: loss=0.220339, time=2885.2s
[Trial 3/3] seed=2
[SRD rewrite] split patch=0, children=4,5, improvement=0.027305
[SRD rewrite] added patch=6, position=(-0.513, 0.154, 1.190), improvement=0.021796
[SRD rewrite] added patch=7, position=(-0.575, -0.047, 0.751), improvement=0.021129
SRD step 50: evaluated 27 candidates, 14 promising, accepted 3
  Accepted SplitPatch(0) at patch 0, improvement=0.027305
  Accepted AddPatch at patch 6, improvement=0.021796
  Accepted AddPatch at patch 7, improvement=0.021129
  Total patches: 8, total adds: 3, total deletes: 0
  step 50/1000: loss=0.846275, patches=5
[SRD rewrite] deleted patch=4, position=(1.042, -1.506, 0.252), reason=Area 0.001489 below minimum 0.01
[SRD rewrite] added patch=7, position=(0.103, 0.192, 0.881), improvement=0.021794
[SRD rewrite] added patch=8, position=(-0.339, 0.183, 0.737), improvement=0.021348
SRD step 100: evaluated 27 candidates, 21 promising, accepted 4
  Accepted AddPatch at patch 7, improvement=0.021794
  Accepted AddPatch at patch 8, improvement=0.021348
  Accepted SplitPatch(3) at patch 3, improvement=0.021025
  Mandatory DeletePatch(4) at patch 4, reason=Area 0.001489 below minimum 0.01
  Total patches: 9, total adds: 5, total deletes: 1
  step 100/1000: loss=0.613082, patches=8
[SRD rewrite] deleted patch=8, position=(-0.286, 0.214, 0.753), reason=Area 0.000282 below minimum 0.01
[SRD rewrite] deleted patch=7, position=(-0.034, 0.105, 1.017), reason=Area 0.001762 below minimum 0.01
[SRD rewrite] added patch=7, position=(1.066, 0.747, -1.092), improvement=0.009169
[SRD rewrite] added patch=8, position=(0.256, 0.257, -0.929), improvement=0.008732
[SRD rewrite] restored patch=9, position=(-0.286, 0.214, 0.753), improvement=0.008294
SRD step 150: evaluated 27 candidates, 25 promising, accepted 5
  Accepted AddPatch at patch 7, improvement=0.009169
  Accepted AddPatch at patch 8, improvement=0.008732
  Accepted RestorePatch(2) at patch 9, improvement=0.008294
  Mandatory DeletePatch(7) at patch 7, reason=Area 0.001762 below minimum 0.01
  Mandatory DeletePatch(8) at patch 8, reason=Area 0.000282 below minimum 0.01
  Total patches: 10, total adds: 8, total deletes: 3
  step 150/1000: loss=0.454604, patches=9
[SRD rewrite] deleted patch=9, position=(-0.423, 0.154, 0.879), reason=Area 0.000282 below minimum 0.01
[SRD rewrite] deleted patch=8, position=(0.364, 0.362, -0.817), reason=Area 0.000656 below minimum 0.01
SRD step 200: evaluated 27 candidates, 0 promising, accepted 2
  Mandatory DeletePatch(8) at patch 8, reason=Area 0.000656 below minimum 0.01
  Mandatory DeletePatch(9) at patch 9, reason=Area 0.000282 below minimum 0.01
  Total patches: 8, total adds: 8, total deletes: 5
  step 200/1000: loss=0.365221, patches=10
[SRD rewrite] added patch=8, position=(0.721, 0.276, -1.249), improvement=0.005176
[SRD rewrite] added patch=9, position=(1.094, 0.649, -0.782), improvement=0.005070
[SRD rewrite] added patch=10, position=(0.984, 0.513, -1.232), improvement=0.004947
SRD step 250: evaluated 27 candidates, 20 promising, accepted 3
  Accepted AddPatch at patch 8, improvement=0.005176
  Accepted AddPatch at patch 9, improvement=0.005070
  Accepted AddPatch at patch 10, improvement=0.004947
  Total patches: 11, total adds: 11, total deletes: 5
  step 250/1000: loss=0.362867, patches=8
[SRD rewrite] added patch=11, position=(0.524, 0.301, -1.416), improvement=0.001337
[SRD rewrite] restored patch=12, position=(0.364, 0.362, -0.817), improvement=0.001308
[SRD rewrite] added patch=13, position=(0.121, 0.149, -0.449), improvement=0.000839
SRD step 300: evaluated 27 candidates, 6 promising, accepted 3
  Accepted AddPatch at patch 11, improvement=0.001337
  Accepted RestorePatch(4) at patch 12, improvement=0.001308
  Accepted AddPatch at patch 13, improvement=0.000839
  Total patches: 14, total adds: 14, total deletes: 5
  step 300/1000: loss=0.324124, patches=11
[SRD rewrite] deleted patch=13, position=(0.271, 0.282, -0.605), reason=Area 0.000297 below minimum 0.01
[SRD rewrite] deleted patch=12, position=(0.371, 0.423, -0.745), reason=Area 0.000344 below minimum 0.01
SRD step 350: evaluated 27 candidates, 0 promising, accepted 2
  Mandatory DeletePatch(12) at patch 12, reason=Area 0.000344 below minimum 0.01
  Mandatory DeletePatch(13) at patch 13, reason=Area 0.000297 below minimum 0.01
  Total patches: 12, total adds: 14, total deletes: 7
  step 350/1000: loss=0.289458, patches=14
[SRD rewrite] deleted patch=9, position=(1.266, 0.681, -0.490), reason=Area 0.008950 below minimum 0.01
[SRD rewrite] added patch=11, position=(0.890, 0.132, -1.286), improvement=0.001670
[SRD rewrite] added patch=12, position=(0.544, 0.284, -1.320), improvement=0.001421
[SRD rewrite] added patch=13, position=(0.379, 0.236, -1.357), improvement=0.001386
SRD step 400: evaluated 27 candidates, 11 promising, accepted 4
  Accepted AddPatch at patch 11, improvement=0.001670
  Accepted AddPatch at patch 12, improvement=0.001421
  Accepted AddPatch at patch 13, improvement=0.001386
  Mandatory DeletePatch(9) at patch 9, reason=Area 0.008950 below minimum 0.01
  Total patches: 14, total adds: 17, total deletes: 8
  step 400/1000: loss=0.272479, patches=12
[SRD rewrite] deleted patch=13, position=(0.331, 0.189, -1.292), reason=Area 0.004824 below minimum 0.01
[SRD rewrite] deleted patch=12, position=(0.503, 0.355, -1.275), reason=Area 0.002481 below minimum 0.01
SRD step 450: evaluated 27 candidates, 0 promising, accepted 2
  Mandatory DeletePatch(12) at patch 12, reason=Area 0.002481 below minimum 0.01
  Mandatory DeletePatch(13) at patch 13, reason=Area 0.004824 below minimum 0.01
  Total patches: 12, total adds: 17, total deletes: 10
  step 450/1000: loss=0.261633, patches=14
[SRD rewrite] deleted patch=11, position=(0.645, 0.094, -1.213), reason=Area 0.005671 below minimum 0.01
SRD step 500: evaluated 27 candidates, 0 promising, accepted 1
  Mandatory DeletePatch(11) at patch 11, reason=Area 0.005671 below minimum 0.01
  Total patches: 11, total adds: 17, total deletes: 11
  step 500/1000: loss=0.257390, patches=12
[SRD rewrite] deleted patch=8, position=(0.458, 0.200, -1.095), reason=delete has no image effect
[SRD rewrite] restored patch=10, position=(1.266, 0.681, -0.490), improvement=0.000987
[SRD rewrite] added patch=11, position=(-1.499, 0.048, -1.879), improvement=0.000695
[SRD rewrite] added patch=12, position=(0.971, 0.089, -1.342), improvement=0.000683
SRD step 550: evaluated 27 candidates, 6 promising, accepted 4
  Accepted RestorePatch(6) at patch 10, improvement=0.000987
  Accepted AddPatch at patch 11, improvement=0.000695
  Accepted AddPatch at patch 12, improvement=0.000683
  Mandatory DeletePatch(8) at patch 8, reason=delete has no image effect
  Total patches: 13, total adds: 20, total deletes: 12
  step 550/1000: loss=0.258805, patches=11
[SRD rewrite] deleted patch=12, position=(0.878, -0.007, -1.292), reason=Area 0.000409 below minimum 0.01
[SRD rewrite] deleted patch=10, position=(1.265, 0.759, -0.524), reason=Area 0.001203 below minimum 0.01
SRD step 600: evaluated 27 candidates, 0 promising, accepted 2
  Mandatory DeletePatch(10) at patch 10, reason=Area 0.001203 below minimum 0.01
  Mandatory DeletePatch(12) at patch 12, reason=Area 0.000409 below minimum 0.01
  Total patches: 11, total adds: 20, total deletes: 14
  step 600/1000: loss=0.251608, patches=13
[SRD rewrite] deleted patch=10, position=(-1.335, 0.207, -2.115), reason=Area 0.004354 below minimum 0.01
[SRD rewrite] added patch=10, position=(-1.583, 0.111, -1.875), improvement=0.000234
[SRD rewrite] added patch=11, position=(0.139, 0.283, -0.644), improvement=0.000061
SRD step 650: evaluated 27 candidates, 2 promising, accepted 3
  Accepted AddPatch at patch 10, improvement=0.000234
  Accepted AddPatch at patch 11, improvement=0.000061
  Mandatory DeletePatch(10) at patch 10, reason=Area 0.004354 below minimum 0.01
  Total patches: 12, total adds: 22, total deletes: 15
  step 650/1000: loss=0.254462, patches=11
[SRD rewrite] deleted patch=11, position=(0.220, 0.365, -0.765), reason=Area 0.003624 below minimum 0.01
[SRD rewrite] added patch=11, position=(-0.029, -0.152, -1.237), improvement=0.000745
[SRD rewrite] restored patch=12, position=(0.878, -0.007, -1.292), improvement=0.000721
[SRD rewrite] restored patch=13, position=(0.458, 0.200, -1.095), improvement=0.000721
SRD step 700: evaluated 27 candidates, 6 promising, accepted 4
  Accepted AddPatch at patch 11, improvement=0.000745
  Accepted RestorePatch(10) at patch 12, improvement=0.000721
  Accepted RestorePatch(9) at patch 13, improvement=0.000721
  Mandatory DeletePatch(11) at patch 11, reason=Area 0.003624 below minimum 0.01
  Total patches: 14, total adds: 25, total deletes: 16
  step 700/1000: loss=0.247363, patches=12
[SRD rewrite] deleted patch=12, position=(0.878, -0.007, -1.292), reason=Area 0.000409 below minimum 0.01
[SRD rewrite] deleted patch=11, position=(0.067, -0.142, -1.350), reason=Area 0.001673 below minimum 0.01
[SRD rewrite] deleted patch=11, position=(0.458, 0.200, -1.095), reason=delete has no image effect
[SRD rewrite] added patch=11, position=(-1.237, 0.056, -1.782), improvement=0.002118
[SRD rewrite] restored patch=12, position=(0.067, -0.142, -1.350), improvement=0.001811
[SRD rewrite] restored patch=13, position=(0.458, 0.200, -1.095), improvement=0.001648
SRD step 750: evaluated 27 candidates, 7 promising, accepted 6
  Accepted AddPatch at patch 11, improvement=0.002118
  Accepted RestorePatch(13) at patch 12, improvement=0.001811
  Accepted RestorePatch(14) at patch 13, improvement=0.001648
  Mandatory DeletePatch(11) at patch 11, reason=Area 0.001673 below minimum 0.01
  Mandatory DeletePatch(12) at patch 12, reason=Area 0.000409 below minimum 0.01
  Mandatory DeletePatch(11) at patch 11, reason=delete has no image effect
  Total patches: 14, total adds: 28, total deletes: 19
  step 750/1000: loss=0.238089, patches=14
[SRD rewrite] deleted patch=12, position=(0.073, -0.141, -1.396), reason=Area 0.002381 below minimum 0.01
[SRD rewrite] deleted patch=11, position=(-1.310, 0.131, -1.745), reason=Area 0.000851 below minimum 0.01
SRD step 800: evaluated 27 candidates, 0 promising, accepted 2
  Mandatory DeletePatch(11) at patch 11, reason=Area 0.000851 below minimum 0.01
  Mandatory DeletePatch(12) at patch 12, reason=Area 0.002381 below minimum 0.01
  Total patches: 12, total adds: 28, total deletes: 21
  step 800/1000: loss=0.233457, patches=14
[SRD rewrite] added patch=12, position=(-1.276, 0.092, -1.738), improvement=0.000462
[SRD rewrite] restored patch=13, position=(-1.310, 0.131, -1.745), improvement=0.000368
[SRD rewrite] restored patch=14, position=(0.503, 0.355, -1.275), improvement=0.000368
SRD step 850: evaluated 27 candidates, 7 promising, accepted 3
  Accepted AddPatch at patch 12, improvement=0.000462
  Accepted RestorePatch(14) at patch 13, improvement=0.000368
  Accepted RestorePatch(7) at patch 14, improvement=0.000368
  Total patches: 15, total adds: 31, total deletes: 21
  step 850/1000: loss=0.236627, patches=12
[SRD rewrite] deleted patch=14, position=(0.503, 0.355, -1.275), reason=Area 0.002481 below minimum 0.01
[SRD rewrite] deleted patch=13, position=(-1.286, 0.124, -1.804), reason=Area 0.000503 below minimum 0.01
[SRD rewrite] deleted patch=12, position=(-1.320, 0.058, -1.750), reason=Area 0.000661 below minimum 0.01
SRD step 900: evaluated 27 candidates, 0 promising, accepted 3
  Mandatory DeletePatch(12) at patch 12, reason=Area 0.000661 below minimum 0.01
  Mandatory DeletePatch(13) at patch 13, reason=Area 0.000503 below minimum 0.01
  Mandatory DeletePatch(14) at patch 14, reason=Area 0.002481 below minimum 0.01
  Total patches: 12, total adds: 31, total deletes: 24
  step 900/1000: loss=0.232347, patches=15
SRD step 950: evaluated 27 candidates, 0 promising, accepted 0
  Total patches: 12, total adds: 31, total deletes: 24
  step 950/1000: loss=0.240386, patches=12
[SRD rewrite] added patch=12, position=(-1.104, 0.130, 0.984), improvement=0.001346
[SRD rewrite] added patch=13, position=(-0.989, -0.090, -1.741), improvement=0.000790
[SRD rewrite] added patch=14, position=(-1.567, 0.281, -1.287), improvement=0.000494
SRD step 1000: evaluated 27 candidates, 5 promising, accepted 3
  Accepted AddPatch at patch 12, improvement=0.001346
  Accepted AddPatch at patch 13, improvement=0.000790
  Accepted AddPatch at patch 14, improvement=0.000494
  Total patches: 15, total adds: 34, total deletes: 24
  step 1000/1000: loss=0.240368, patches=12
[SRD rewrite] deleted patch=14, position=(-1.567, 0.281, -1.287), reason=Area 0.009291 below minimum 0.01
[SRD rewrite] deleted patch=13, position=(-0.989, -0.090, -1.741), reason=Area 0.009291 below minimum 0.01
[SRD rewrite] deleted patch=12, position=(-1.104, 0.130, 0.984), reason=Area 0.009291 below minimum 0.01
[Trial 3] done: loss=0.241310, time=2172.6s
[Run] report written to results/slurm/20260718_1833/patchsize_horse_circle_5/patches_5/with_srd/with_srd.txt
[Swept volume] building (resolution=256)...
[Run] mode=full, trials=3, seeds=[0, 1, 2], steps=1000, srd=False, ablation_flags={'disable_swept_volume_adds': True, 'loss_only_deletion': True, 'disable_splitting': False}
[Trial 1/3] seed=0
[Patch] mapbox-earcut is not installed; falling back to fan fill, so non-convex pieces will render incorrectly. Install it with: pip install mapbox-earcut
  step 50/1000: loss=0.827734, patches=5
  step 100/1000: loss=0.658159, patches=5
  step 150/1000: loss=0.547852, patches=5
  step 200/1000: loss=0.475816, patches=5
  step 250/1000: loss=0.432825, patches=5
  step 300/1000: loss=0.406648, patches=5
  step 350/1000: loss=0.388804, patches=5
  step 400/1000: loss=0.366647, patches=5
  step 450/1000: loss=0.345068, patches=5
  step 500/1000: loss=0.335921, patches=5
  step 550/1000: loss=0.338016, patches=5
  step 600/1000: loss=0.334196, patches=5
  step 650/1000: loss=0.335225, patches=5
  step 700/1000: loss=0.335664, patches=5
  step 750/1000: loss=0.334668, patches=5
  step 800/1000: loss=0.347901, patches=5
  step 850/1000: loss=0.351776, patches=5
  step 900/1000: loss=0.356562, patches=5
  step 950/1000: loss=0.362027, patches=5
  step 1000/1000: loss=0.367539, patches=5
[Trial 1] done: loss=0.367549, time=274.0s
[Trial 2/3] seed=1
  step 50/1000: loss=0.855309, patches=5
  step 100/1000: loss=0.729441, patches=5
  step 150/1000: loss=0.674928, patches=5
  step 200/1000: loss=0.626280, patches=5
  step 250/1000: loss=0.596880, patches=5
  step 300/1000: loss=0.555871, patches=5
  step 350/1000: loss=0.482282, patches=5
  step 400/1000: loss=0.414345, patches=5
  step 450/1000: loss=0.383168, patches=5
  step 500/1000: loss=0.365338, patches=5
  step 550/1000: loss=0.364864, patches=5
  step 600/1000: loss=0.362452, patches=5
  step 650/1000: loss=0.358792, patches=5
  step 700/1000: loss=0.355561, patches=5
  step 750/1000: loss=0.348211, patches=5
  step 800/1000: loss=0.350082, patches=5
  step 850/1000: loss=0.349335, patches=5
  step 900/1000: loss=0.350822, patches=5
  step 950/1000: loss=0.348651, patches=5
  step 1000/1000: loss=0.349936, patches=5
[Trial 2] done: loss=0.349851, time=263.5s
[Trial 3/3] seed=2
  step 50/1000: loss=0.846275, patches=5
  step 100/1000: loss=0.637618, patches=5
  step 150/1000: loss=0.509585, patches=5
  step 200/1000: loss=0.462074, patches=5
  step 250/1000: loss=0.441051, patches=5
  step 300/1000: loss=0.428382, patches=5
  step 350/1000: loss=0.423854, patches=5
  step 400/1000: loss=0.431569, patches=5
  step 450/1000: loss=0.384059, patches=5
  step 500/1000: loss=0.374015, patches=5
  step 550/1000: loss=0.370292, patches=5
  step 600/1000: loss=0.367921, patches=5
  step 650/1000: loss=0.365117, patches=5
  step 700/1000: loss=0.364590, patches=5
  step 750/1000: loss=0.364851, patches=5
  step 800/1000: loss=0.362796, patches=5
  step 850/1000: loss=0.363359, patches=5
  step 900/1000: loss=0.363132, patches=5
  step 950/1000: loss=0.359281, patches=5
  step 1000/1000: loss=0.361253, patches=5
[Trial 3] done: loss=0.361483, time=259.0s
[Run] report written to results/slurm/20260718_1833/patchsize_horse_circle_5/patches_5/without_srd/without_srd.txt

======================================================================
Running 3 trials WITH SRD
======================================================================


======================================================================
Running 3 trials WITHOUT SRD
======================================================================


[Comparison] report written to results/slurm/20260718_1833/patchsize_horse_circle_5/patches_5/comparison.txt

======================================================================
SRD Patch Size Comparison
======================================================================
Started: 2026-07-18T21:38:21
Patch sizes: [5]
Trials per size: 3
Steps per trial: 1000
Output directory: results/slurm/20260718_1833/patchsize_horse_circle_5
======================================================================


======================================================================
Running comparison with 5 initial patches
  Target 1: images/horse.png
  Target 2: images/circle.png
  Trials: 3, Steps: 1000
======================================================================

[OK] Comparison with 5 patches completed successfully

======================================================================
Comparison Summary
======================================================================
Successful: 1/1
Total time: 10510.2 seconds (2.92 hours)
Summary report: results/slurm/20260718_1833/patchsize_horse_circle_5/SUMMARY.txt
======================================================================

