## SLURM PROLOG ###############################################################
##    Job ID : 4093829
##  Job Name : 20260718_1833_patchsize_cat_face_bass_30
##  Nodelist : gpu2255
##      CPUs : 
##  Mem/Node : 128000 MB
## Directory : /oscar/home/cjmok/automated-perspective-sculptor
##   Job Started : Sat Jul 18 09:13:40 PM EDT 2026
###############################################################################
[Swept volume] building (resolution=256)...
[Run] mode=full, trials=3, seeds=[0, 1, 2], steps=1000, srd=True, ablation_flags={'disable_swept_volume_adds': False, 'loss_only_deletion': False, 'disable_splitting': False}
[Trial 1/3] seed=0
[Patch] mapbox-earcut is not installed; falling back to fan fill, so non-convex pieces will render incorrectly. Install it with: pip install mapbox-earcut
[SRD rewrite] split patch=15, children=29,30, improvement=0.030453
[SRD rewrite] added patch=31, position=(-0.047, 0.082, 1.582), improvement=0.030798
[SRD rewrite] added patch=32, position=(-0.008, 0.004, 1.606), improvement=0.029869
SRD step 50: evaluated 27 candidates, 27 promising, accepted 3
  Accepted AddPatch at patch 31, improvement=0.030798
  Accepted SplitPatch(15) at patch 15, improvement=0.030453
  Accepted AddPatch at patch 32, improvement=0.029869
  Total patches: 33, total adds: 3, total deletes: 0
  step 50/1000: loss=0.532235, patches=30
[SRD rewrite] deleted patch=32, position=(-0.115, -0.007, 1.521), reason=Area 0.002532 below minimum 0.01
[SRD rewrite] deleted patch=31, position=(-0.089, 0.135, 1.540), reason=Area 0.002563 below minimum 0.01
[SRD rewrite] deleted patch=30, position=(0.426, 0.401, 1.936), reason=Area 0.001147 below minimum 0.01
[SRD rewrite] split patch=4, children=29,30, improvement=0.019017
[SRD rewrite] added patch=31, position=(-0.737, 0.323, 1.120), improvement=0.014207
[SRD rewrite] added patch=32, position=(0.029, 0.349, 0.390), improvement=0.014151
SRD step 100: evaluated 27 candidates, 27 promising, accepted 6
  Accepted SplitPatch(4) at patch 4, improvement=0.019017
  Accepted AddPatch at patch 31, improvement=0.014207
  Accepted AddPatch at patch 32, improvement=0.014151
  Mandatory DeletePatch(30) at patch 30, reason=Area 0.001147 below minimum 0.01
  Mandatory DeletePatch(31) at patch 31, reason=Area 0.002563 below minimum 0.01
  Mandatory DeletePatch(32) at patch 32, reason=Area 0.002532 below minimum 0.01
  Total patches: 33, total adds: 6, total deletes: 3
  step 100/1000: loss=0.357876, patches=33
[SRD rewrite] deleted patch=30, position=(-2.357, -0.149, -1.543), reason=Area 0.001932 below minimum 0.01
[SRD rewrite] deleted patch=29, position=(-2.248, -0.169, -1.357), reason=Area 0.000878 below minimum 0.01
[SRD rewrite] added patch=31, position=(0.070, -0.950, 1.925), improvement=0.008134
[SRD rewrite] added patch=32, position=(-0.909, -0.245, 1.761), improvement=0.008050
[SRD rewrite] added patch=33, position=(-0.422, -0.672, 1.630), improvement=0.007998
SRD step 150: evaluated 27 candidates, 24 promising, accepted 5
  Accepted AddPatch at patch 31, improvement=0.008134
  Accepted AddPatch at patch 32, improvement=0.008050
  Accepted AddPatch at patch 33, improvement=0.007998
  Mandatory DeletePatch(29) at patch 29, reason=Area 0.000878 below minimum 0.01
  Mandatory DeletePatch(30) at patch 30, reason=Area 0.001932 below minimum 0.01
  Total patches: 34, total adds: 9, total deletes: 5
  step 150/1000: loss=0.253272, patches=33
[SRD rewrite] deleted patch=30, position=(0.266, 0.231, 0.349), reason=Area 0.002877 below minimum 0.01
[SRD rewrite] added patch=33, position=(-0.247, -0.987, 1.207), improvement=0.001868
[SRD rewrite] added patch=34, position=(-0.714, -0.421, 1.676), improvement=0.001178
[SRD rewrite] added patch=35, position=(0.406, 0.269, 1.474), improvement=0.000922
SRD step 200: evaluated 27 candidates, 21 promising, accepted 4
  Accepted AddPatch at patch 33, improvement=0.001868
  Accepted AddPatch at patch 34, improvement=0.001178
  Accepted AddPatch at patch 35, improvement=0.000922
  Mandatory DeletePatch(30) at patch 30, reason=Area 0.002877 below minimum 0.01
  Total patches: 36, total adds: 12, total deletes: 6
  step 200/1000: loss=0.205934, patches=34
[SRD rewrite] deleted patch=35, position=(0.385, 0.261, 1.502), reason=Area 0.000223 below minimum 0.01
[SRD rewrite] deleted patch=16, position=(1.274, 0.214, -1.238), reason=delete has no image effect
[SRD rewrite] split patch=3, children=33,34, improvement=0.001311
[SRD rewrite] added patch=35, position=(0.512, 0.233, 1.445), improvement=0.002160
[SRD rewrite] added patch=36, position=(-0.092, -0.894, 1.963), improvement=0.001506
SRD step 250: evaluated 27 candidates, 24 promising, accepted 5
  Accepted AddPatch at patch 35, improvement=0.002160
  Accepted AddPatch at patch 36, improvement=0.001506
  Accepted SplitPatch(3) at patch 3, improvement=0.001311
  Mandatory DeletePatch(35) at patch 35, reason=Area 0.000223 below minimum 0.01
  Mandatory DeletePatch(16) at patch 16, reason=delete has no image effect
  Total patches: 37, total adds: 15, total deletes: 8
  step 250/1000: loss=0.166191, patches=36
[SRD rewrite] deleted patch=36, position=(-0.187, -0.957, 1.820), reason=Area 0.001305 below minimum 0.01
[SRD rewrite] deleted patch=35, position=(0.549, 0.283, 1.463), reason=Area 0.001722 below minimum 0.01
[SRD rewrite] deleted patch=34, position=(-2.485, 0.681, -1.564), reason=Area 0.003249 below minimum 0.01
[SRD rewrite] deleted patch=33, position=(-2.456, 0.877, -1.644), reason=Area 0.000752 below minimum 0.01
[SRD rewrite] deleted patch=32, position=(-0.929, -0.424, 1.585), reason=Area 0.002592 below minimum 0.01
[SRD rewrite] deleted patch=10, position=(1.337, 0.185, -1.111), reason=delete has no image effect
SRD step 300: evaluated 27 candidates, 0 promising, accepted 6
  Mandatory DeletePatch(32) at patch 32, reason=Area 0.002592 below minimum 0.01
  Mandatory DeletePatch(33) at patch 33, reason=Area 0.000752 below minimum 0.01
  Mandatory DeletePatch(34) at patch 34, reason=Area 0.003249 below minimum 0.01
  Mandatory DeletePatch(35) at patch 35, reason=Area 0.001722 below minimum 0.01
  Mandatory DeletePatch(36) at patch 36, reason=Area 0.001305 below minimum 0.01
  Mandatory DeletePatch(10) at patch 10, reason=delete has no image effect
  Total patches: 31, total adds: 15, total deletes: 14
  step 300/1000: loss=0.158310, patches=37
[SRD rewrite] added patch=31, position=(1.056, -0.047, 1.258), improvement=0.002651
[SRD rewrite] added patch=32, position=(0.741, 0.487, 0.537), improvement=0.002605
[SRD rewrite] restored patch=33, position=(-0.089, 0.135, 1.540), improvement=0.002459
SRD step 350: evaluated 27 candidates, 23 promising, accepted 3
  Accepted AddPatch at patch 31, improvement=0.002651
  Accepted AddPatch at patch 32, improvement=0.002605
  Accepted RestorePatch(2) at patch 33, improvement=0.002459
  Total patches: 34, total adds: 18, total deletes: 14
  step 350/1000: loss=0.140929, patches=31
[SRD rewrite] deleted patch=33, position=(-0.072, 0.191, 1.579), reason=Area 0.002652 below minimum 0.01
[SRD rewrite] deleted patch=32, position=(0.675, 0.423, 0.421), reason=Area 0.000271 below minimum 0.01
[SRD rewrite] deleted patch=31, position=(1.055, -0.062, 1.255), reason=Area 0.008187 below minimum 0.01
[SRD rewrite] deleted patch=3, position=(0.453, -0.866, 1.482), reason=Area 0.009921 below minimum 0.01
SRD step 400: evaluated 27 candidates, 0 promising, accepted 4
  Mandatory DeletePatch(3) at patch 3, reason=Area 0.009921 below minimum 0.01
  Mandatory DeletePatch(31) at patch 31, reason=Area 0.008187 below minimum 0.01
  Mandatory DeletePatch(32) at patch 32, reason=Area 0.000271 below minimum 0.01
  Mandatory DeletePatch(33) at patch 33, reason=Area 0.002652 below minimum 0.01
  Total patches: 30, total adds: 18, total deletes: 18
  step 400/1000: loss=0.121705, patches=34
[SRD rewrite] deleted patch=23, position=(-0.546, -0.252, -1.278), reason=Area 0.007494 below minimum 0.01
SRD step 450: evaluated 27 candidates, 0 promising, accepted 1
  Mandatory DeletePatch(23) at patch 23, reason=Area 0.007494 below minimum 0.01
  Total patches: 29, total adds: 18, total deletes: 19
  step 450/1000: loss=0.134462, patches=30
[SRD rewrite] added patch=29, position=(-0.920, 0.802, -1.534), improvement=0.000623
[SRD rewrite] restored patch=30, position=(0.675, 0.423, 0.421), improvement=0.000264
[SRD rewrite] restored patch=31, position=(1.274, 0.214, -1.238), improvement=0.000263
SRD step 500: evaluated 27 candidates, 5 promising, accepted 3
  Accepted AddPatch at patch 29, improvement=0.000623
  Accepted RestorePatch(17) at patch 30, improvement=0.000264
  Accepted RestorePatch(8) at patch 31, improvement=0.000263
  Total patches: 32, total adds: 21, total deletes: 19
  step 500/1000: loss=0.139133, patches=29
[SRD rewrite] deleted patch=30, position=(0.708, 0.457, 0.388), reason=Area 0.000271 below minimum 0.01
[SRD rewrite] deleted patch=29, position=(-0.931, 0.802, -1.649), reason=Area 0.003376 below minimum 0.01
SRD step 550: evaluated 27 candidates, 0 promising, accepted 2
  Mandatory DeletePatch(29) at patch 29, reason=Area 0.003376 below minimum 0.01
  Mandatory DeletePatch(30) at patch 30, reason=Area 0.000271 below minimum 0.01
  Total patches: 30, total adds: 21, total deletes: 21
  step 550/1000: loss=0.128919, patches=32
SRD step 600: evaluated 27 candidates, 0 promising, accepted 0
  Total patches: 30, total adds: 21, total deletes: 21
  step 600/1000: loss=0.122076, patches=30
[SRD rewrite] deleted patch=22, position=(1.125, 0.411, 0.295), reason=Area 0.004630 below minimum 0.01
SRD step 650: evaluated 27 candidates, 0 promising, accepted 1
  Mandatory DeletePatch(22) at patch 22, reason=Area 0.004630 below minimum 0.01
  Total patches: 29, total adds: 21, total deletes: 22
  step 650/1000: loss=0.115397, patches=30
[SRD rewrite] deleted patch=10, position=(-0.735, 0.269, -1.821), reason=Area 0.007150 below minimum 0.01
SRD step 700: evaluated 27 candidates, 0 promising, accepted 1
  Mandatory DeletePatch(10) at patch 10, reason=Area 0.007150 below minimum 0.01
  Total patches: 28, total adds: 21, total deletes: 23
  step 700/1000: loss=0.108921, patches=29
SRD step 750: evaluated 27 candidates, 0 promising, accepted 0
  Total patches: 28, total adds: 21, total deletes: 23
  step 750/1000: loss=0.104420, patches=28
[SRD rewrite] deleted patch=16, position=(-1.487, 2.906, -2.187), reason=no image contribution, delete has no image effect
SRD step 800: evaluated 27 candidates, 0 promising, accepted 1
  Mandatory DeletePatch(16) at patch 16, reason=no image contribution, delete has no image effect
  Total patches: 27, total adds: 21, total deletes: 24
  step 800/1000: loss=0.099966, patches=28
SRD step 850: evaluated 27 candidates, 0 promising, accepted 0
  Total patches: 27, total adds: 21, total deletes: 24
  step 850/1000: loss=0.090703, patches=27
[SRD rewrite] deleted patch=11, position=(1.693, -1.791, 2.265), reason=no image contribution, delete has no image effect
SRD step 900: evaluated 27 candidates, 0 promising, accepted 1
  Mandatory DeletePatch(11) at patch 11, reason=no image contribution, delete has no image effect
  Total patches: 26, total adds: 21, total deletes: 25
  step 900/1000: loss=0.088481, patches=27
SRD step 950: evaluated 27 candidates, 0 promising, accepted 0
  Total patches: 26, total adds: 21, total deletes: 25
  step 950/1000: loss=0.085544, patches=26
SRD step 1000: evaluated 27 candidates, 0 promising, accepted 0
  Total patches: 26, total adds: 21, total deletes: 25
  step 1000/1000: loss=0.089579, patches=26
[SRD rewrite] deleted patch=7, position=(-0.143, -0.498, -2.262), reason=final deletion pass improved loss
[SRD rewrite] deleted patch=15, position=(-0.915, 0.654, -2.386), reason=final deletion pass improved loss
[Trial 1] done: loss=0.086012, time=5882.5s
[Trial 2/3] seed=1
[SRD rewrite] split patch=16, children=29,30, improvement=0.017960
[SRD rewrite] added patch=31, position=(0.865, 0.401, -0.237), improvement=0.018037
[SRD rewrite] added patch=32, position=(0.507, 0.467, 1.383), improvement=0.018023
SRD step 50: evaluated 27 candidates, 27 promising, accepted 3
  Accepted AddPatch at patch 31, improvement=0.018037
  Accepted AddPatch at patch 32, improvement=0.018023
  Accepted SplitPatch(16) at patch 16, improvement=0.017960
  Total patches: 33, total adds: 3, total deletes: 0
  step 50/1000: loss=0.468443, patches=30
[SRD rewrite] deleted patch=29, position=(0.909, 0.176, -1.394), reason=Area 0.007394 below minimum 0.01
[SRD rewrite] deleted patch=22, position=(-0.969, 0.352, 1.157), reason=delete has no image effect
[SRD rewrite] split patch=20, children=30,31, improvement=0.003621
[SRD rewrite] restored patch=32, position=(0.909, 0.176, -1.394), improvement=0.003818
[SRD rewrite] added patch=33, position=(0.677, 0.288, 0.140), improvement=0.003505
SRD step 100: evaluated 27 candidates, 23 promising, accepted 5
  Accepted RestorePatch(1) at patch 32, improvement=0.003818
  Accepted SplitPatch(20) at patch 20, improvement=0.003621
  Accepted AddPatch at patch 33, improvement=0.003505
  Mandatory DeletePatch(29) at patch 29, reason=Area 0.007394 below minimum 0.01
  Mandatory DeletePatch(22) at patch 22, reason=delete has no image effect
  Total patches: 34, total adds: 6, total deletes: 2
  step 100/1000: loss=0.362856, patches=33
[SRD rewrite] deleted patch=33, position=(0.553, 0.182, 0.009), reason=Area 0.000253 below minimum 0.01
[SRD rewrite] deleted patch=32, position=(0.820, 0.157, -1.376), reason=Area 0.006567 below minimum 0.01
[SRD rewrite] deleted patch=31, position=(-0.559, -0.046, 1.710), reason=Area 0.008719 below minimum 0.01
[SRD rewrite] deleted patch=30, position=(-0.548, -0.153, 1.765), reason=Area 0.005594 below minimum 0.01
[SRD rewrite] added patch=30, position=(0.292, -0.918, 1.190), improvement=0.002342
[SRD rewrite] added patch=31, position=(0.613, -0.599, 1.438), improvement=0.001477
[SRD rewrite] added patch=32, position=(0.704, -0.651, 1.479), improvement=0.001374
SRD step 150: evaluated 27 candidates, 5 promising, accepted 7
  Accepted AddPatch at patch 30, improvement=0.002342
  Accepted AddPatch at patch 31, improvement=0.001477
  Accepted AddPatch at patch 32, improvement=0.001374
  Mandatory DeletePatch(30) at patch 30, reason=Area 0.005594 below minimum 0.01
  Mandatory DeletePatch(31) at patch 31, reason=Area 0.008719 below minimum 0.01
  Mandatory DeletePatch(32) at patch 32, reason=Area 0.006567 below minimum 0.01
  Mandatory DeletePatch(33) at patch 33, reason=Area 0.000253 below minimum 0.01
  Total patches: 33, total adds: 9, total deletes: 6
  step 150/1000: loss=0.316185, patches=34
[SRD rewrite] deleted patch=29, position=(0.549, 0.498, 1.419), reason=Area 0.008876 below minimum 0.01
[SRD rewrite] added patch=32, position=(0.629, -0.806, 1.355), improvement=0.001271
[SRD rewrite] added patch=33, position=(-0.654, -0.517, 1.774), improvement=0.000943
[SRD rewrite] added patch=34, position=(-0.769, -0.357, 1.806), improvement=0.000168
SRD step 200: evaluated 27 candidates, 3 promising, accepted 4
  Accepted AddPatch at patch 32, improvement=0.001271
  Accepted AddPatch at patch 33, improvement=0.000943
  Accepted AddPatch at patch 34, improvement=0.000168
  Mandatory DeletePatch(29) at patch 29, reason=Area 0.008876 below minimum 0.01
  Total patches: 35, total adds: 12, total deletes: 7
  step 200/1000: loss=0.257577, patches=33
[SRD rewrite] deleted patch=34, position=(-0.868, -0.411, 1.725), reason=Area 0.007490 below minimum 0.01
[SRD rewrite] deleted patch=26, position=(-0.232, 0.784, 0.310), reason=Area 0.006637 below minimum 0.01
[SRD rewrite] deleted patch=20, position=(-1.648, 0.659, 0.732), reason=Area 0.006517 below minimum 0.01
[SRD rewrite] split patch=12, children=31,32, improvement=0.003872
[SRD rewrite] added patch=33, position=(-0.518, 0.270, 1.620), improvement=0.003762
[SRD rewrite] added patch=34, position=(-0.488, -0.665, 1.938), improvement=0.003751
SRD step 250: evaluated 27 candidates, 24 promising, accepted 6
  Accepted SplitPatch(12) at patch 12, improvement=0.003872
  Accepted AddPatch at patch 33, improvement=0.003762
  Accepted AddPatch at patch 34, improvement=0.003751
  Mandatory DeletePatch(20) at patch 20, reason=Area 0.006517 below minimum 0.01
  Mandatory DeletePatch(26) at patch 26, reason=Area 0.006637 below minimum 0.01
  Mandatory DeletePatch(34) at patch 34, reason=Area 0.007490 below minimum 0.01
  Total patches: 35, total adds: 15, total deletes: 10
  step 250/1000: loss=0.222353, patches=35
[SRD rewrite] deleted patch=33, position=(-0.392, 0.331, 1.633), reason=Area 0.007015 below minimum 0.01
SRD step 300: evaluated 27 candidates, 0 promising, accepted 1
  Mandatory DeletePatch(33) at patch 33, reason=Area 0.007015 below minimum 0.01
  Total patches: 34, total adds: 15, total deletes: 11
  step 300/1000: loss=0.188387, patches=35
[SRD rewrite] deleted patch=27, position=(0.405, -0.430, 1.345), reason=Area 0.006259 below minimum 0.01
[SRD rewrite] deleted patch=20, position=(-0.543, 0.194, -1.771), reason=Area 0.006312 below minimum 0.01
[SRD rewrite] deleted patch=6, position=(-0.891, 0.217, -1.683), reason=delete has no image effect
SRD step 350: evaluated 27 candidates, 0 promising, accepted 3
  Mandatory DeletePatch(20) at patch 20, reason=Area 0.006312 below minimum 0.01
  Mandatory DeletePatch(27) at patch 27, reason=Area 0.006259 below minimum 0.01
  Mandatory DeletePatch(6) at patch 6, reason=delete has no image effect
  Total patches: 31, total adds: 15, total deletes: 14
  step 350/1000: loss=0.167083, patches=34
[SRD rewrite] added patch=31, position=(-0.503, -0.780, 1.441), improvement=0.002056
[SRD rewrite] added patch=32, position=(-0.317, -0.813, 1.444), improvement=0.001845
[SRD rewrite] added patch=33, position=(-0.248, -0.958, 1.385), improvement=0.001790
SRD step 400: evaluated 27 candidates, 9 promising, accepted 3
  Accepted AddPatch at patch 31, improvement=0.002056
  Accepted AddPatch at patch 32, improvement=0.001845
  Accepted AddPatch at patch 33, improvement=0.001790
  Total patches: 34, total adds: 18, total deletes: 14
  step 400/1000: loss=0.159599, patches=31
[SRD rewrite] deleted patch=30, position=(-0.571, -0.731, 1.815), reason=Area 0.007146 below minimum 0.01
[SRD rewrite] deleted patch=23, position=(1.102, 0.153, -0.160), reason=Area 0.006148 below minimum 0.01
SRD step 450: evaluated 27 candidates, 0 promising, accepted 2
  Mandatory DeletePatch(23) at patch 23, reason=Area 0.006148 below minimum 0.01
  Mandatory DeletePatch(30) at patch 30, reason=Area 0.007146 below minimum 0.01
  Total patches: 32, total adds: 18, total deletes: 16
  step 450/1000: loss=0.114845, patches=34
[SRD rewrite] deleted patch=17, position=(-1.909, 0.902, 1.404), reason=Area 0.006161 below minimum 0.01
[SRD rewrite] deleted patch=7, position=(-0.117, 0.734, 0.242), reason=delete has no image effect
SRD step 500: evaluated 27 candidates, 0 promising, accepted 2
  Mandatory DeletePatch(17) at patch 17, reason=Area 0.006161 below minimum 0.01
  Mandatory DeletePatch(7) at patch 7, reason=delete has no image effect
  Total patches: 30, total adds: 18, total deletes: 18
  step 500/1000: loss=0.109660, patches=32
[SRD rewrite] deleted patch=27, position=(-0.572, -0.884, 1.123), reason=Area 0.009034 below minimum 0.01
SRD step 550: evaluated 27 candidates, 0 promising, accepted 1
  Mandatory DeletePatch(27) at patch 27, reason=Area 0.009034 below minimum 0.01
  Total patches: 29, total adds: 18, total deletes: 19
  step 550/1000: loss=0.102202, patches=30
SRD step 600: evaluated 27 candidates, 0 promising, accepted 0
  Total patches: 29, total adds: 18, total deletes: 19
  step 600/1000: loss=0.100269, patches=29
SRD step 650: evaluated 27 candidates, 0 promising, accepted 0
  Total patches: 29, total adds: 18, total deletes: 19
  step 650/1000: loss=0.099852, patches=29
SRD step 700: evaluated 27 candidates, 0 promising, accepted 0
  Total patches: 29, total adds: 18, total deletes: 19
  step 700/1000: loss=0.096289, patches=29
SRD step 750: evaluated 27 candidates, 0 promising, accepted 0
  Total patches: 29, total adds: 18, total deletes: 19
  step 750/1000: loss=0.091007, patches=29
SRD step 800: evaluated 27 candidates, 0 promising, accepted 0
  Total patches: 29, total adds: 18, total deletes: 19
  step 800/1000: loss=0.092865, patches=29
SRD step 850: evaluated 27 candidates, 0 promising, accepted 0
  Total patches: 29, total adds: 18, total deletes: 19
  step 850/1000: loss=0.093652, patches=29
SRD step 900: evaluated 27 candidates, 0 promising, accepted 0
  Total patches: 29, total adds: 18, total deletes: 19
  step 900/1000: loss=0.093221, patches=29
SRD step 950: evaluated 27 candidates, 0 promising, accepted 0
  Total patches: 29, total adds: 18, total deletes: 19
  step 950/1000: loss=0.091040, patches=29
SRD step 1000: evaluated 27 candidates, 0 promising, accepted 0
  Total patches: 29, total adds: 18, total deletes: 19
  step 1000/1000: loss=0.092674, patches=29
[SRD rewrite] deleted patch=14, position=(0.415, 0.772, -2.375), reason=final deletion pass improved loss
[Trial 2] done: loss=0.090465, time=6217.4s
[Trial 3/3] seed=2
[SRD rewrite] split patch=20, children=29,30, improvement=0.024329
[SRD rewrite] added patch=31, position=(0.640, -0.639, 1.556), improvement=0.023288
[SRD rewrite] added patch=32, position=(0.781, 0.575, -0.752), improvement=0.022802
SRD step 50: evaluated 27 candidates, 27 promising, accepted 3
  Accepted SplitPatch(20) at patch 20, improvement=0.024329
  Accepted AddPatch at patch 31, improvement=0.023288
  Accepted AddPatch at patch 32, improvement=0.022802
  Total patches: 33, total adds: 3, total deletes: 0
  step 50/1000: loss=0.500133, patches=30
[SRD rewrite] deleted patch=30, position=(1.496, 1.209, 0.010), reason=Area 0.007980 below minimum 0.01
[SRD rewrite] deleted patch=29, position=(1.516, 1.242, -0.089), reason=Area 0.006685 below minimum 0.01
[SRD rewrite] deleted patch=28, position=(-1.663, 0.072, -0.081), reason=Area 0.003421 below minimum 0.01
[SRD rewrite] added patch=30, position=(-0.229, -0.538, 1.639), improvement=0.007472
[SRD rewrite] added patch=31, position=(-0.478, -0.738, 1.704), improvement=0.007257
[SRD rewrite] added patch=32, position=(-0.106, -0.296, 1.664), improvement=0.006787
SRD step 100: evaluated 27 candidates, 25 promising, accepted 6
  Accepted AddPatch at patch 30, improvement=0.007472
  Accepted AddPatch at patch 31, improvement=0.007257
  Accepted AddPatch at patch 32, improvement=0.006787
  Mandatory DeletePatch(28) at patch 28, reason=Area 0.003421 below minimum 0.01
  Mandatory DeletePatch(29) at patch 29, reason=Area 0.006685 below minimum 0.01
  Mandatory DeletePatch(30) at patch 30, reason=Area 0.007980 below minimum 0.01
  Total patches: 33, total adds: 6, total deletes: 3
  step 100/1000: loss=0.384248, patches=33
[SRD rewrite] deleted patch=32, position=(-0.186, -0.288, 1.628), reason=Area 0.007480 below minimum 0.01
[SRD rewrite] added patch=32, position=(0.251, -0.897, 1.356), improvement=0.005573
[SRD rewrite] added patch=33, position=(0.447, -0.721, 1.231), improvement=0.004608
[SRD rewrite] added patch=34, position=(0.147, -0.832, 1.867), improvement=0.003613
SRD step 150: evaluated 27 candidates, 21 promising, accepted 4
  Accepted AddPatch at patch 32, improvement=0.005573
  Accepted AddPatch at patch 33, improvement=0.004608
  Accepted AddPatch at patch 34, improvement=0.003613
  Mandatory DeletePatch(32) at patch 32, reason=Area 0.007480 below minimum 0.01
  Total patches: 35, total adds: 9, total deletes: 4
  step 150/1000: loss=0.297810, patches=33
[SRD rewrite] deleted patch=34, position=(0.051, -0.928, 1.718), reason=Area 0.003362 below minimum 0.01
[SRD rewrite] deleted patch=19, position=(-1.747, 0.184, 0.289), reason=Area 0.005930 below minimum 0.01
[SRD rewrite] deleted patch=16, position=(-1.704, 1.449, -0.206), reason=Area 0.009937 below minimum 0.01
[SRD rewrite] split patch=21, children=31,32, improvement=0.010677
[SRD rewrite] added patch=33, position=(-1.258, 1.308, -0.358), improvement=0.007006
[SRD rewrite] added patch=34, position=(0.649, 0.277, -1.532), improvement=0.006698
SRD step 200: evaluated 27 candidates, 24 promising, accepted 6
  Accepted SplitPatch(21) at patch 21, improvement=0.010677
  Accepted AddPatch at patch 33, improvement=0.007006
  Accepted AddPatch at patch 34, improvement=0.006698
  Mandatory DeletePatch(16) at patch 16, reason=Area 0.009937 below minimum 0.01
  Mandatory DeletePatch(19) at patch 19, reason=Area 0.005930 below minimum 0.01
  Mandatory DeletePatch(34) at patch 34, reason=Area 0.003362 below minimum 0.01
  Total patches: 35, total adds: 12, total deletes: 7
  step 200/1000: loss=0.216109, patches=35
[SRD rewrite] deleted patch=34, position=(0.681, 0.274, -1.518), reason=Area 0.000676 below minimum 0.01
[SRD rewrite] deleted patch=32, position=(0.832, -0.296, -1.160), reason=Area 0.001482 below minimum 0.01
[SRD rewrite] deleted patch=31, position=(0.938, -0.044, -1.259), reason=Area 0.000698 below minimum 0.01
[SRD rewrite] deleted patch=18, position=(-0.713, 0.308, -2.436), reason=Area 0.009912 below minimum 0.01
[SRD rewrite] deleted patch=6, position=(0.598, 0.368, -1.477), reason=Area 0.006345 below minimum 0.01
[SRD rewrite] added patch=30, position=(-0.047, 0.229, -1.670), improvement=0.006848
[SRD rewrite] added patch=31, position=(-1.371, 0.360, -1.983), improvement=0.006801
[SRD rewrite] added patch=32, position=(-0.906, 0.331, -0.539), improvement=0.006679
SRD step 250: evaluated 27 candidates, 26 promising, accepted 8
  Accepted AddPatch at patch 30, improvement=0.006848
  Accepted AddPatch at patch 31, improvement=0.006801
  Accepted AddPatch at patch 32, improvement=0.006679
  Mandatory DeletePatch(6) at patch 6, reason=Area 0.006345 below minimum 0.01
  Mandatory DeletePatch(18) at patch 18, reason=Area 0.009912 below minimum 0.01
  Mandatory DeletePatch(31) at patch 31, reason=Area 0.000698 below minimum 0.01
  Mandatory DeletePatch(32) at patch 32, reason=Area 0.001482 below minimum 0.01
  Mandatory DeletePatch(34) at patch 34, reason=Area 0.000676 below minimum 0.01
  Total patches: 33, total adds: 15, total deletes: 12
  step 250/1000: loss=0.150634, patches=35
[SRD rewrite] deleted patch=32, position=(-0.906, 0.331, -0.539), reason=Area 0.009291 below minimum 0.01
[SRD rewrite] deleted patch=31, position=(-1.383, 0.296, -1.970), reason=Area 0.004049 below minimum 0.01
[SRD rewrite] deleted patch=30, position=(-0.086, 0.205, -1.683), reason=Area 0.005574 below minimum 0.01
SRD step 300: evaluated 27 candidates, 0 promising, accepted 3
  Mandatory DeletePatch(30) at patch 30, reason=Area 0.005574 below minimum 0.01
  Mandatory DeletePatch(31) at patch 31, reason=Area 0.004049 below minimum 0.01
  Mandatory DeletePatch(32) at patch 32, reason=Area 0.009291 below minimum 0.01
  Total patches: 30, total adds: 15, total deletes: 15
  step 300/1000: loss=0.117107, patches=33
[SRD rewrite] added patch=30, position=(0.480, 0.162, -1.525), improvement=0.004438
[SRD rewrite] added patch=31, position=(-1.068, 0.221, -1.833), improvement=0.004429
[SRD rewrite] added patch=32, position=(-0.213, -1.127, 1.080), improvement=0.004325
SRD step 350: evaluated 27 candidates, 25 promising, accepted 3
  Accepted AddPatch at patch 30, improvement=0.004438
  Accepted AddPatch at patch 31, improvement=0.004429
  Accepted AddPatch at patch 32, improvement=0.004325
  Total patches: 33, total adds: 18, total deletes: 15
  step 350/1000: loss=0.108410, patches=30
[SRD rewrite] deleted patch=32, position=(-0.230, -1.127, 1.077), reason=Area 0.004195 below minimum 0.01
[SRD rewrite] deleted patch=31, position=(-1.161, 0.311, -1.717), reason=Area 0.000301 below minimum 0.01
[SRD rewrite] deleted patch=30, position=(0.493, 0.180, -1.526), reason=Area 0.000472 below minimum 0.01
SRD step 400: evaluated 27 candidates, 0 promising, accepted 3
  Mandatory DeletePatch(30) at patch 30, reason=Area 0.000472 below minimum 0.01
  Mandatory DeletePatch(31) at patch 31, reason=Area 0.000301 below minimum 0.01
  Mandatory DeletePatch(32) at patch 32, reason=Area 0.004195 below minimum 0.01
  Total patches: 30, total adds: 18, total deletes: 18
  step 400/1000: loss=0.100016, patches=33
[SRD rewrite] deleted patch=1, position=(-0.844, 0.095, -1.933), reason=Area 0.009145 below minimum 0.01
SRD step 450: evaluated 27 candidates, 0 promising, accepted 1
  Mandatory DeletePatch(1) at patch 1, reason=Area 0.009145 below minimum 0.01
  Total patches: 29, total adds: 18, total deletes: 19
  step 450/1000: loss=0.101168, patches=30
[SRD rewrite] deleted patch=24, position=(-0.324, -0.392, 1.464), reason=Area 0.006218 below minimum 0.01
SRD step 500: evaluated 27 candidates, 0 promising, accepted 1
  Mandatory DeletePatch(24) at patch 24, reason=Area 0.006218 below minimum 0.01
  Total patches: 28, total adds: 18, total deletes: 20
  step 500/1000: loss=0.096886, patches=29
SRD step 550: evaluated 27 candidates, 0 promising, accepted 0
  Total patches: 28, total adds: 18, total deletes: 20
  step 550/1000: loss=0.095636, patches=28
SRD step 600: evaluated 27 candidates, 0 promising, accepted 0
  Total patches: 28, total adds: 18, total deletes: 20
  step 600/1000: loss=0.090120, patches=28
SRD step 650: evaluated 27 candidates, 0 promising, accepted 0
  Total patches: 28, total adds: 18, total deletes: 20
  step 650/1000: loss=0.090349, patches=28
SRD step 700: evaluated 27 candidates, 0 promising, accepted 0
  Total patches: 28, total adds: 18, total deletes: 20
  step 700/1000: loss=0.090347, patches=28
SRD step 750: evaluated 27 candidates, 0 promising, accepted 0
  Total patches: 28, total adds: 18, total deletes: 20
  step 750/1000: loss=0.091666, patches=28
SRD step 800: evaluated 27 candidates, 0 promising, accepted 0
  Total patches: 28, total adds: 18, total deletes: 20
  step 800/1000: loss=0.088586, patches=28
[SRD rewrite] restored patch=28, position=(-0.230, -1.127, 1.077), improvement=0.000551
[SRD rewrite] added patch=29, position=(0.868, 0.479, -0.103), improvement=0.000323
[SRD rewrite] added patch=30, position=(0.994, 0.379, 0.409), improvement=0.000315
SRD step 850: evaluated 27 candidates, 4 promising, accepted 3
  Accepted RestorePatch(17) at patch 28, improvement=0.000551
  Accepted AddPatch at patch 29, improvement=0.000323
  Accepted AddPatch at patch 30, improvement=0.000315
  Total patches: 31, total adds: 21, total deletes: 20
  step 850/1000: loss=0.091819, patches=28
[SRD rewrite] deleted patch=30, position=(1.027, 0.333, 0.452), reason=Area 0.000342 below minimum 0.01
[SRD rewrite] deleted patch=29, position=(0.830, 0.538, -0.083), reason=Area 0.000188 below minimum 0.01
[SRD rewrite] deleted patch=28, position=(-0.239, -1.132, 1.076), reason=Area 0.004195 below minimum 0.01
SRD step 900: evaluated 27 candidates, 0 promising, accepted 3
  Mandatory DeletePatch(28) at patch 28, reason=Area 0.004195 below minimum 0.01
  Mandatory DeletePatch(29) at patch 29, reason=Area 0.000188 below minimum 0.01
  Mandatory DeletePatch(30) at patch 30, reason=Area 0.000342 below minimum 0.01
  Total patches: 28, total adds: 21, total deletes: 23
  step 900/1000: loss=0.088163, patches=31
SRD step 950: evaluated 27 candidates, 0 promising, accepted 0
  Total patches: 28, total adds: 21, total deletes: 23
  step 950/1000: loss=0.093941, patches=28
SRD step 1000: evaluated 27 candidates, 0 promising, accepted 0
  Total patches: 28, total adds: 21, total deletes: 23
  step 1000/1000: loss=0.096889, patches=28
[SRD rewrite] deleted patch=9, position=(-2.142, -0.128, 0.975), reason=final deletion pass improved loss
[SRD rewrite] deleted patch=9, position=(-1.849, 0.473, 1.187), reason=final deletion pass improved loss
[SRD rewrite] deleted patch=14, position=(2.362, 0.057, 1.122), reason=final deletion pass improved loss
[SRD rewrite] deleted patch=15, position=(-1.968, 1.070, 0.604), reason=final deletion pass improved loss
[SRD rewrite] deleted patch=16, position=(2.355, -0.338, -1.563), reason=final deletion pass improved loss
[Trial 3] done: loss=0.061618, time=5820.3s
[Run] report written to results/slurm/20260718_1833/patchsize_cat_face_bass_30/patches_30/with_srd/with_srd.txt
[Swept volume] building (resolution=256)...
[Run] mode=full, trials=3, seeds=[0, 1, 2], steps=1000, srd=False, ablation_flags={'disable_swept_volume_adds': True, 'loss_only_deletion': True, 'disable_splitting': False}
[Trial 1/3] seed=0
[Patch] mapbox-earcut is not installed; falling back to fan fill, so non-convex pieces will render incorrectly. Install it with: pip install mapbox-earcut
  step 50/1000: loss=0.532235, patches=30
  step 100/1000: loss=0.357609, patches=30
  step 150/1000: loss=0.283587, patches=30
  step 200/1000: loss=0.239479, patches=30
  step 250/1000: loss=0.207234, patches=30
  step 300/1000: loss=0.187718, patches=30
  step 350/1000: loss=0.172433, patches=30
  step 400/1000: loss=0.169516, patches=30
  step 450/1000: loss=0.160804, patches=30
  step 500/1000: loss=0.164406, patches=30
  step 550/1000: loss=0.161243, patches=30
  step 600/1000: loss=0.160911, patches=30
  step 650/1000: loss=0.161439, patches=30
  step 700/1000: loss=0.155732, patches=30
  step 750/1000: loss=0.158929, patches=30
  step 800/1000: loss=0.155998, patches=30
  step 850/1000: loss=0.152887, patches=30
  step 900/1000: loss=0.154279, patches=30
  step 950/1000: loss=0.156558, patches=30
  step 1000/1000: loss=0.136018, patches=30
[Trial 1] done: loss=0.133565, time=1540.3s
[Trial 2/3] seed=1
  step 50/1000: loss=0.468443, patches=30
  step 100/1000: loss=0.376616, patches=30
  step 150/1000: loss=0.328627, patches=30
  step 200/1000: loss=0.292657, patches=30
  step 250/1000: loss=0.268784, patches=30
  step 300/1000: loss=0.248262, patches=30
  step 350/1000: loss=0.230159, patches=30
  step 400/1000: loss=0.222611, patches=30
  step 450/1000: loss=0.215341, patches=30
  step 500/1000: loss=0.205385, patches=30
  step 550/1000: loss=0.193196, patches=30
  step 600/1000: loss=0.169434, patches=30
  step 650/1000: loss=0.161663, patches=30
  step 700/1000: loss=0.161237, patches=30
  step 750/1000: loss=0.160327, patches=30
  step 800/1000: loss=0.159146, patches=30
  step 850/1000: loss=0.162360, patches=30
  step 900/1000: loss=0.165126, patches=30
  step 950/1000: loss=0.163932, patches=30
  step 1000/1000: loss=0.156880, patches=30
[Trial 2] done: loss=0.156811, time=1598.5s
[Trial 3/3] seed=2
  step 50/1000: loss=0.500133, patches=30
  step 100/1000: loss=0.402173, patches=30
  step 150/1000: loss=0.344432, patches=30
  step 200/1000: loss=0.301434, patches=30
  step 250/1000: loss=0.267070, patches=30
  step 300/1000: loss=0.246626, patches=30
  step 350/1000: loss=0.218830, patches=30
  step 400/1000: loss=0.196952, patches=30
  step 450/1000: loss=0.189957, patches=30
  step 500/1000: loss=0.170948, patches=30
  step 550/1000: loss=0.161469, patches=30
  step 600/1000: loss=0.160402, patches=30
  step 650/1000: loss=0.161921, patches=30
  step 700/1000: loss=0.156178, patches=30
  step 750/1000: loss=0.157374, patches=30
  step 800/1000: loss=0.155408, patches=30
  step 850/1000: loss=0.156401, patches=30
  step 900/1000: loss=0.155284, patches=30
  step 950/1000: loss=0.154777, patches=30
  step 1000/1000: loss=0.151187, patches=30
[Trial 3] done: loss=0.150224, time=1582.7s
[Run] report written to results/slurm/20260718_1833/patchsize_cat_face_bass_30/patches_30/without_srd/without_srd.txt

======================================================================
Running 3 trials WITH SRD
======================================================================


======================================================================
Running 3 trials WITHOUT SRD
======================================================================


[Comparison] report written to results/slurm/20260718_1833/patchsize_cat_face_bass_30/patches_30/comparison.txt

======================================================================
SRD Patch Size Comparison
======================================================================
Started: 2026-07-18T21:13:42
Patch sizes: [30]
Trials per size: 3
Steps per trial: 1000
Output directory: results/slurm/20260718_1833/patchsize_cat_face_bass_30
======================================================================


======================================================================
Running comparison with 30 initial patches
  Target 1: images/cat_face.png
  Target 2: images/bass.png
  Trials: 3, Steps: 1000
======================================================================

[OK] Comparison with 30 patches completed successfully

======================================================================
Comparison Summary
======================================================================
Successful: 1/1
Total time: 23622.8 seconds (6.56 hours)
Summary report: results/slurm/20260718_1833/patchsize_cat_face_bass_30/SUMMARY.txt
======================================================================

