## SLURM PROLOG ###############################################################
##    Job ID : 4093832
##  Job Name : 20260718_1833_patchsize_horse_circle_20
##  Nodelist : gpu2259
##      CPUs : 
##  Mem/Node : 128000 MB
## Directory : /oscar/home/cjmok/automated-perspective-sculptor
##   Job Started : Sat Jul 18 09:19:29 PM EDT 2026
###############################################################################
[Swept volume] building (resolution=256)...
[Run] mode=full, trials=3, seeds=[0, 1, 2], steps=1000, srd=True, ablation_flags={'disable_swept_volume_adds': False, 'loss_only_deletion': False, 'disable_splitting': False}
[Trial 1/3] seed=0
[Patch] mapbox-earcut is not installed; falling back to fan fill, so non-convex pieces will render incorrectly. Install it with: pip install mapbox-earcut
[SRD rewrite] added patch=20, position=(0.558, 0.309, 1.004), improvement=0.032253
[SRD rewrite] added patch=21, position=(0.475, 0.252, 0.936), improvement=0.032028
[SRD rewrite] added patch=22, position=(0.762, 0.215, -0.089), improvement=0.031737
SRD step 50: evaluated 27 candidates, 27 promising, accepted 3
  Accepted AddPatch at patch 20, improvement=0.032253
  Accepted AddPatch at patch 21, improvement=0.032028
  Accepted AddPatch at patch 22, improvement=0.031737
  Total patches: 23, total adds: 3, total deletes: 0
  step 50/1000: loss=0.676119, patches=20
[SRD rewrite] deleted patch=21, position=(0.580, 0.342, 0.890), reason=Area 0.006383 below minimum 0.01
[SRD rewrite] added patch=22, position=(0.906, 0.331, 0.794), improvement=0.018252
[SRD rewrite] added patch=23, position=(-1.422, 0.427, -1.678), improvement=0.017435
[SRD rewrite] added patch=24, position=(-0.940, 0.305, 1.069), improvement=0.017226
SRD step 100: evaluated 27 candidates, 23 promising, accepted 4
  Accepted AddPatch at patch 22, improvement=0.018252
  Accepted AddPatch at patch 23, improvement=0.017435
  Accepted AddPatch at patch 24, improvement=0.017226
  Mandatory DeletePatch(21) at patch 21, reason=Area 0.006383 below minimum 0.01
  Total patches: 25, total adds: 6, total deletes: 1
  step 100/1000: loss=0.455462, patches=23
[SRD rewrite] deleted patch=24, position=(-0.812, 0.419, 1.085), reason=Area 0.000261 below minimum 0.01
[SRD rewrite] deleted patch=23, position=(-1.515, 0.489, -1.587), reason=Area 0.006052 below minimum 0.01
[SRD rewrite] deleted patch=20, position=(0.849, 0.536, 0.886), reason=Area 0.000565 below minimum 0.01
[SRD rewrite] deleted patch=4, position=(-2.089, -0.346, -1.486), reason=delete has no image effect
[SRD rewrite] added patch=21, position=(-0.251, 0.414, -1.499), improvement=0.002189
[SRD rewrite] added patch=22, position=(-1.571, 0.356, -1.772), improvement=0.002120
[SRD rewrite] restored patch=23, position=(-1.515, 0.489, -1.587), improvement=0.002004
SRD step 150: evaluated 27 candidates, 24 promising, accepted 7
  Accepted AddPatch at patch 21, improvement=0.002189
  Accepted AddPatch at patch 22, improvement=0.002120
  Accepted RestorePatch(2) at patch 23, improvement=0.002004
  Mandatory DeletePatch(20) at patch 20, reason=Area 0.000565 below minimum 0.01
  Mandatory DeletePatch(23) at patch 23, reason=Area 0.006052 below minimum 0.01
  Mandatory DeletePatch(24) at patch 24, reason=Area 0.000261 below minimum 0.01
  Mandatory DeletePatch(4) at patch 4, reason=delete has no image effect
  Total patches: 24, total adds: 9, total deletes: 5
  step 150/1000: loss=0.360299, patches=25
[SRD rewrite] deleted patch=22, position=(-1.653, 0.426, -1.705), reason=Area 0.002026 below minimum 0.01
[SRD rewrite] deleted patch=21, position=(-0.252, 0.552, -1.435), reason=Area 0.000442 below minimum 0.01
[SRD rewrite] deleted patch=20, position=(1.057, 0.469, 0.681), reason=Area 0.006424 below minimum 0.01
[SRD rewrite] deleted patch=2, position=(0.485, -0.303, -1.297), reason=delete has no image effect
[SRD rewrite] added patch=20, position=(1.341, 1.008, -0.193), improvement=0.002399
[SRD rewrite] added patch=21, position=(1.206, -0.141, 0.245), improvement=0.002326
[SRD rewrite] added patch=22, position=(1.243, -0.141, -0.194), improvement=0.002284
SRD step 200: evaluated 27 candidates, 26 promising, accepted 7
  Accepted AddPatch at patch 20, improvement=0.002399
  Accepted AddPatch at patch 21, improvement=0.002326
  Accepted AddPatch at patch 22, improvement=0.002284
  Mandatory DeletePatch(20) at patch 20, reason=Area 0.006424 below minimum 0.01
  Mandatory DeletePatch(21) at patch 21, reason=Area 0.000442 below minimum 0.01
  Mandatory DeletePatch(22) at patch 22, reason=Area 0.002026 below minimum 0.01
  Mandatory DeletePatch(2) at patch 2, reason=delete has no image effect
  Total patches: 23, total adds: 12, total deletes: 9
  step 200/1000: loss=0.311455, patches=24
[SRD rewrite] deleted patch=22, position=(1.243, -0.141, -0.194), reason=Area 0.009291 below minimum 0.01
SRD step 250: evaluated 27 candidates, 0 promising, accepted 1
  Mandatory DeletePatch(22) at patch 22, reason=Area 0.009291 below minimum 0.01
  Total patches: 22, total adds: 12, total deletes: 10
  step 250/1000: loss=0.280500, patches=23
[SRD rewrite] deleted patch=19, position=(-1.536, 0.529, -1.500), reason=Area 0.004854 below minimum 0.01
[SRD rewrite] added patch=21, position=(1.712, 1.030, 0.418), improvement=0.003054
[SRD rewrite] added patch=22, position=(1.641, 1.114, -0.024), improvement=0.002516
[SRD rewrite] added patch=23, position=(-0.668, 0.477, 0.441), improvement=0.002274
SRD step 300: evaluated 27 candidates, 27 promising, accepted 4
  Accepted AddPatch at patch 21, improvement=0.003054
  Accepted AddPatch at patch 22, improvement=0.002516
  Accepted AddPatch at patch 23, improvement=0.002274
  Mandatory DeletePatch(19) at patch 19, reason=Area 0.004854 below minimum 0.01
  Total patches: 24, total adds: 15, total deletes: 11
  step 300/1000: loss=0.265098, patches=22
[SRD rewrite] deleted patch=23, position=(-0.655, 0.543, 0.520), reason=Area 0.002843 below minimum 0.01
[SRD rewrite] added patch=23, position=(1.303, 1.200, 0.077), improvement=0.001483
[SRD rewrite] added patch=24, position=(-0.744, -0.601, -0.439), improvement=0.001281
[SRD rewrite] added patch=25, position=(1.389, 1.202, 0.199), improvement=0.001220
SRD step 350: evaluated 27 candidates, 23 promising, accepted 4
  Accepted AddPatch at patch 23, improvement=0.001483
  Accepted AddPatch at patch 24, improvement=0.001281
  Accepted AddPatch at patch 25, improvement=0.001220
  Mandatory DeletePatch(23) at patch 23, reason=Area 0.002843 below minimum 0.01
  Total patches: 26, total adds: 18, total deletes: 12
  step 350/1000: loss=0.248065, patches=24
[SRD rewrite] deleted patch=23, position=(1.299, 1.281, -0.067), reason=Area 0.006419 below minimum 0.01
[SRD rewrite] added patch=25, position=(-0.910, -0.342, 1.626), improvement=0.001699
[SRD rewrite] added patch=26, position=(-2.287, 0.291, -1.457), improvement=0.001547
[SRD rewrite] restored patch=27, position=(1.057, 0.469, 0.681), improvement=0.000950
SRD step 400: evaluated 27 candidates, 18 promising, accepted 4
  Accepted AddPatch at patch 25, improvement=0.001699
  Accepted AddPatch at patch 26, improvement=0.001547
  Accepted RestorePatch(6) at patch 27, improvement=0.000950
  Mandatory DeletePatch(23) at patch 23, reason=Area 0.006419 below minimum 0.01
  Total patches: 28, total adds: 21, total deletes: 13
  step 400/1000: loss=0.222988, patches=26
[SRD rewrite] deleted patch=27, position=(1.100, 0.587, 0.623), reason=Area 0.001289 below minimum 0.01
[SRD rewrite] added patch=27, position=(-0.846, -0.825, 0.375), improvement=0.002327
[SRD rewrite] added patch=28, position=(1.914, 0.988, -0.598), improvement=0.002037
[SRD rewrite] restored patch=29, position=(-0.655, 0.543, 0.520), improvement=0.002004
SRD step 450: evaluated 27 candidates, 26 promising, accepted 4
  Accepted AddPatch at patch 27, improvement=0.002327
  Accepted AddPatch at patch 28, improvement=0.002037
  Accepted RestorePatch(9) at patch 29, improvement=0.002004
  Mandatory DeletePatch(27) at patch 27, reason=Area 0.001289 below minimum 0.01
  Total patches: 30, total adds: 24, total deletes: 14
  step 450/1000: loss=0.204140, patches=28
[SRD rewrite] deleted patch=29, position=(-0.637, 0.620, 0.606), reason=Area 0.003476 below minimum 0.01
[SRD rewrite] deleted patch=28, position=(1.919, 0.991, -0.623), reason=Area 0.009566 below minimum 0.01
[SRD rewrite] deleted patch=18, position=(0.753, 0.163, -0.273), reason=Area 0.009062 below minimum 0.01
SRD step 500: evaluated 27 candidates, 0 promising, accepted 3
  Mandatory DeletePatch(18) at patch 18, reason=Area 0.009062 below minimum 0.01
  Mandatory DeletePatch(28) at patch 28, reason=Area 0.009566 below minimum 0.01
  Mandatory DeletePatch(29) at patch 29, reason=Area 0.003476 below minimum 0.01
  Total patches: 27, total adds: 24, total deletes: 17
  step 500/1000: loss=0.176891, patches=30
[SRD rewrite] deleted patch=18, position=(2.129, 1.163, -1.212), reason=Area 0.004643 below minimum 0.01
[SRD rewrite] added patch=26, position=(-0.805, -0.781, 0.787), improvement=0.000900
[SRD rewrite] added patch=27, position=(-2.093, 0.006, -0.798), improvement=0.000654
[SRD rewrite] restored patch=28, position=(-1.653, 0.426, -1.705), improvement=0.000533
SRD step 550: evaluated 27 candidates, 8 promising, accepted 4
  Accepted AddPatch at patch 26, improvement=0.000900
  Accepted AddPatch at patch 27, improvement=0.000654
  Accepted RestorePatch(4) at patch 28, improvement=0.000533
  Mandatory DeletePatch(18) at patch 18, reason=Area 0.004643 below minimum 0.01
  Total patches: 29, total adds: 27, total deletes: 18
  step 550/1000: loss=0.157773, patches=27
[SRD rewrite] deleted patch=28, position=(-1.686, 0.380, -1.739), reason=Area 0.000671 below minimum 0.01
[SRD rewrite] deleted patch=26, position=(-0.769, -0.817, 0.911), reason=Area 0.001389 below minimum 0.01
[SRD rewrite] deleted patch=22, position=(1.277, 1.482, -0.341), reason=Area 0.005050 below minimum 0.01
[SRD rewrite] deleted patch=20, position=(1.376, 1.065, -0.671), reason=Area 0.004929 below minimum 0.01
SRD step 600: evaluated 27 candidates, 0 promising, accepted 4
  Mandatory DeletePatch(20) at patch 20, reason=Area 0.004929 below minimum 0.01
  Mandatory DeletePatch(22) at patch 22, reason=Area 0.005050 below minimum 0.01
  Mandatory DeletePatch(26) at patch 26, reason=Area 0.001389 below minimum 0.01
  Mandatory DeletePatch(28) at patch 28, reason=Area 0.000671 below minimum 0.01
  Total patches: 25, total adds: 27, total deletes: 22
  step 600/1000: loss=0.149141, patches=29
[SRD rewrite] deleted patch=5, position=(0.720, 1.147, 0.840), reason=Area 0.007240 below minimum 0.01
SRD step 650: evaluated 27 candidates, 0 promising, accepted 1
  Mandatory DeletePatch(5) at patch 5, reason=Area 0.007240 below minimum 0.01
  Total patches: 24, total adds: 27, total deletes: 23
  step 650/1000: loss=0.146950, patches=25
[SRD rewrite] deleted patch=14, position=(-0.696, 0.876, -1.418), reason=Area 0.004187 below minimum 0.01
SRD step 700: evaluated 27 candidates, 0 promising, accepted 1
  Mandatory DeletePatch(14) at patch 14, reason=Area 0.004187 below minimum 0.01
  Total patches: 23, total adds: 27, total deletes: 24
  step 700/1000: loss=0.149033, patches=24
SRD step 750: evaluated 27 candidates, 0 promising, accepted 0
  Total patches: 23, total adds: 27, total deletes: 24
  step 750/1000: loss=0.149313, patches=23
SRD step 800: evaluated 27 candidates, 0 promising, accepted 0
  Total patches: 23, total adds: 27, total deletes: 24
  step 800/1000: loss=0.150767, patches=23
[SRD rewrite] deleted patch=4, position=(-0.329, 0.746, -0.512), reason=Area 0.007661 below minimum 0.01
SRD step 850: evaluated 27 candidates, 0 promising, accepted 1
  Mandatory DeletePatch(4) at patch 4, reason=Area 0.007661 below minimum 0.01
  Total patches: 22, total adds: 27, total deletes: 25
  step 850/1000: loss=0.155510, patches=23
SRD step 900: evaluated 27 candidates, 0 promising, accepted 0
  Total patches: 22, total adds: 27, total deletes: 25
  step 900/1000: loss=0.155281, patches=22
[SRD rewrite] added patch=22, position=(1.619, 0.938, 0.613), improvement=0.003090
[SRD rewrite] added patch=23, position=(1.265, 0.983, 0.371), improvement=0.002261
[SRD rewrite] added patch=24, position=(-1.504, 0.261, -0.643), improvement=0.002222
SRD step 950: evaluated 27 candidates, 24 promising, accepted 3
  Accepted AddPatch at patch 22, improvement=0.003090
  Accepted AddPatch at patch 23, improvement=0.002261
  Accepted AddPatch at patch 24, improvement=0.002222
  Total patches: 25, total adds: 30, total deletes: 25
  step 950/1000: loss=0.154613, patches=22
[SRD rewrite] deleted patch=24, position=(-1.514, 0.253, -0.575), reason=Area 0.000446 below minimum 0.01
SRD step 1000: evaluated 27 candidates, 0 promising, accepted 1
  Mandatory DeletePatch(24) at patch 24, reason=Area 0.000446 below minimum 0.01
  Total patches: 24, total adds: 30, total deletes: 26
  step 1000/1000: loss=0.136628, patches=25
[SRD rewrite] deleted patch=4, position=(1.050, 0.946, -2.080), reason=final deletion pass improved loss
[SRD rewrite] deleted patch=15, position=(2.429, 0.325, -0.785), reason=final deletion pass improved loss
[Trial 1] done: loss=0.115831, time=4688.9s
[Trial 2/3] seed=1
[SRD rewrite] deleted patch=9, position=(-0.548, -0.322, -2.149), reason=delete has no image effect
[SRD rewrite] split patch=11, children=18,19, improvement=0.031773
[SRD rewrite] split patch=8, children=19,20, improvement=0.032645
[SRD rewrite] added patch=21, position=(0.729, 0.527, 0.846), improvement=0.028074
SRD step 50: evaluated 27 candidates, 25 promising, accepted 4
  Accepted SplitPatch(8) at patch 8, improvement=0.032645
  Accepted SplitPatch(11) at patch 11, improvement=0.031773
  Accepted AddPatch at patch 21, improvement=0.028074
  Mandatory DeletePatch(9) at patch 9, reason=delete has no image effect
  Total patches: 22, total adds: 3, total deletes: 1
  step 50/1000: loss=0.703933, patches=20
[SRD rewrite] deleted patch=20, position=(-0.279, -0.204, -2.002), reason=Area 0.000604 below minimum 0.01
[SRD rewrite] deleted patch=19, position=(-0.235, -0.310, -2.131), reason=Area 0.001973 below minimum 0.01
[SRD rewrite] deleted patch=18, position=(-1.345, -1.235, -0.227), reason=Area 0.003705 below minimum 0.01
[SRD rewrite] deleted patch=17, position=(-1.312, -1.469, -0.224), reason=Area 0.000704 below minimum 0.01
[SRD rewrite] added patch=18, position=(1.025, 1.075, 0.602), improvement=0.017217
[SRD rewrite] added patch=19, position=(1.071, 1.129, -0.250), improvement=0.016926
[SRD rewrite] added patch=20, position=(1.035, 0.695, -0.788), improvement=0.016472
SRD step 100: evaluated 27 candidates, 24 promising, accepted 7
  Accepted AddPatch at patch 18, improvement=0.017217
  Accepted AddPatch at patch 19, improvement=0.016926
  Accepted AddPatch at patch 20, improvement=0.016472
  Mandatory DeletePatch(17) at patch 17, reason=Area 0.000704 below minimum 0.01
  Mandatory DeletePatch(18) at patch 18, reason=Area 0.003705 below minimum 0.01
  Mandatory DeletePatch(19) at patch 19, reason=Area 0.001973 below minimum 0.01
  Mandatory DeletePatch(20) at patch 20, reason=Area 0.000604 below minimum 0.01
  Total patches: 21, total adds: 6, total deletes: 5
  step 100/1000: loss=0.426326, patches=22
[SRD rewrite] deleted patch=5, position=(-1.382, 0.525, 1.442), reason=Area 0.007489 below minimum 0.01
[SRD rewrite] added patch=20, position=(-1.280, -0.089, 0.067), improvement=0.002253
[SRD rewrite] added patch=21, position=(1.379, 1.025, 0.519), improvement=0.002238
[SRD rewrite] added patch=22, position=(1.170, 0.966, -0.338), improvement=0.002226
SRD step 150: evaluated 27 candidates, 20 promising, accepted 4
  Accepted AddPatch at patch 20, improvement=0.002253
  Accepted AddPatch at patch 21, improvement=0.002238
  Accepted AddPatch at patch 22, improvement=0.002226
  Mandatory DeletePatch(5) at patch 5, reason=Area 0.007489 below minimum 0.01
  Total patches: 23, total adds: 9, total deletes: 6
  step 150/1000: loss=0.344553, patches=21
[SRD rewrite] deleted patch=0, position=(-0.748, 0.441, -1.437), reason=delete has no image effect
[SRD rewrite] split patch=6, children=21,22, improvement=0.011620
[SRD rewrite] added patch=23, position=(-1.664, -0.698, -1.458), improvement=0.007090
[SRD rewrite] added patch=24, position=(-0.360, 0.079, -1.550), improvement=0.007010
SRD step 200: evaluated 27 candidates, 23 promising, accepted 4
  Accepted SplitPatch(6) at patch 6, improvement=0.011620
  Accepted AddPatch at patch 23, improvement=0.007090
  Accepted AddPatch at patch 24, improvement=0.007010
  Mandatory DeletePatch(0) at patch 0, reason=delete has no image effect
  Total patches: 25, total adds: 12, total deletes: 7
  step 200/1000: loss=0.303942, patches=23
[SRD rewrite] deleted patch=22, position=(-1.172, -0.246, -2.213), reason=Area 0.001104 below minimum 0.01
[SRD rewrite] deleted patch=21, position=(-1.038, -0.077, -2.287), reason=Area 0.000394 below minimum 0.01
[SRD rewrite] deleted patch=15, position=(1.159, 1.281, 0.399), reason=Area 0.005908 below minimum 0.01
[SRD rewrite] added patch=22, position=(1.742, 0.997, 0.129), improvement=0.000306
[SRD rewrite] added patch=23, position=(1.715, 0.971, 0.144), improvement=0.000222
SRD step 250: evaluated 27 candidates, 2 promising, accepted 5
  Accepted AddPatch at patch 22, improvement=0.000306
  Accepted AddPatch at patch 23, improvement=0.000222
  Mandatory DeletePatch(15) at patch 15, reason=Area 0.005908 below minimum 0.01
  Mandatory DeletePatch(21) at patch 21, reason=Area 0.000394 below minimum 0.01
  Mandatory DeletePatch(22) at patch 22, reason=Area 0.001104 below minimum 0.01
  Total patches: 24, total adds: 14, total deletes: 10
  step 250/1000: loss=0.269710, patches=25
[SRD rewrite] deleted patch=22, position=(1.834, 1.037, 0.017), reason=Area 0.003788 below minimum 0.01
SRD step 300: evaluated 27 candidates, 0 promising, accepted 1
  Mandatory DeletePatch(22) at patch 22, reason=Area 0.003788 below minimum 0.01
  Total patches: 23, total adds: 14, total deletes: 11
  step 300/1000: loss=0.259472, patches=24
SRD step 350: evaluated 27 candidates, 0 promising, accepted 0
  Total patches: 23, total adds: 14, total deletes: 11
  step 350/1000: loss=0.248196, patches=23
[SRD rewrite] split patch=12, children=22,23, improvement=0.002229
SRD step 400: evaluated 27 candidates, 2 promising, accepted 1
  Accepted SplitPatch(12) at patch 12, improvement=0.002229
  Total patches: 24, total adds: 15, total deletes: 11
  step 400/1000: loss=0.230135, patches=23
[SRD rewrite] deleted patch=16, position=(-1.309, 0.349, 0.313), reason=Area 0.003767 below minimum 0.01
[SRD rewrite] added patch=23, position=(-2.134, 0.503, -1.013), improvement=0.003065
[SRD rewrite] added patch=24, position=(0.629, 0.311, 1.315), improvement=0.003015
[SRD rewrite] added patch=25, position=(-0.564, 0.226, 1.645), improvement=0.002956
SRD step 450: evaluated 27 candidates, 24 promising, accepted 4
  Accepted AddPatch at patch 23, improvement=0.003065
  Accepted AddPatch at patch 24, improvement=0.003015
  Accepted AddPatch at patch 25, improvement=0.002956
  Mandatory DeletePatch(16) at patch 16, reason=Area 0.003767 below minimum 0.01
  Total patches: 26, total adds: 18, total deletes: 12
  step 450/1000: loss=0.182546, patches=24
[SRD rewrite] deleted patch=25, position=(-0.532, 0.213, 1.632), reason=Area 0.001658 below minimum 0.01
[SRD rewrite] deleted patch=14, position=(1.134, 1.532, -0.281), reason=Area 0.009784 below minimum 0.01
SRD step 500: evaluated 27 candidates, 0 promising, accepted 2
  Mandatory DeletePatch(14) at patch 14, reason=Area 0.009784 below minimum 0.01
  Mandatory DeletePatch(25) at patch 25, reason=Area 0.001658 below minimum 0.01
  Total patches: 24, total adds: 18, total deletes: 14
  step 500/1000: loss=0.173862, patches=26
[SRD rewrite] deleted patch=15, position=(2.025, 1.344, -0.304), reason=Area 0.006321 below minimum 0.01
[SRD rewrite] deleted patch=4, position=(-1.160, 0.546, -1.030), reason=delete has no image effect
SRD step 550: evaluated 27 candidates, 0 promising, accepted 2
  Mandatory DeletePatch(15) at patch 15, reason=Area 0.006321 below minimum 0.01
  Mandatory DeletePatch(4) at patch 4, reason=delete has no image effect
  Total patches: 22, total adds: 18, total deletes: 16
  step 550/1000: loss=0.174443, patches=24
[SRD rewrite] deleted patch=14, position=(1.182, 1.403, -0.526), reason=Area 0.008229 below minimum 0.01
[SRD rewrite] added patch=21, position=(-1.895, 0.210, 0.204), improvement=0.000416
[SRD rewrite] added patch=22, position=(1.030, 0.298, 1.228), improvement=0.000283
[SRD rewrite] added patch=23, position=(1.248, 0.257, -0.067), improvement=0.000101
SRD step 600: evaluated 27 candidates, 4 promising, accepted 4
  Accepted AddPatch at patch 21, improvement=0.000416
  Accepted AddPatch at patch 22, improvement=0.000283
  Accepted AddPatch at patch 23, improvement=0.000101
  Mandatory DeletePatch(14) at patch 14, reason=Area 0.008229 below minimum 0.01
  Total patches: 24, total adds: 21, total deletes: 17
  step 600/1000: loss=0.184310, patches=22
[SRD rewrite] deleted patch=23, position=(1.234, 0.273, -0.067), reason=Area 0.003388 below minimum 0.01
[SRD rewrite] deleted patch=22, position=(1.012, 0.316, 1.252), reason=Area 0.001016 below minimum 0.01
SRD step 650: evaluated 27 candidates, 0 promising, accepted 2
  Mandatory DeletePatch(22) at patch 22, reason=Area 0.001016 below minimum 0.01
  Mandatory DeletePatch(23) at patch 23, reason=Area 0.003388 below minimum 0.01
  Total patches: 22, total adds: 21, total deletes: 19
  step 650/1000: loss=0.181701, patches=24
SRD step 700: evaluated 27 candidates, 0 promising, accepted 0
  Total patches: 22, total adds: 21, total deletes: 19
  step 700/1000: loss=0.180152, patches=22
SRD step 750: evaluated 27 candidates, 0 promising, accepted 0
  Total patches: 22, total adds: 21, total deletes: 19
  step 750/1000: loss=0.193791, patches=22
SRD step 800: evaluated 27 candidates, 0 promising, accepted 0
  Total patches: 22, total adds: 21, total deletes: 19
  step 800/1000: loss=0.205536, patches=22
[SRD rewrite] deleted patch=12, position=(0.979, 0.407, 1.279), reason=Area 0.002709 below minimum 0.01
SRD step 850: evaluated 27 candidates, 0 promising, accepted 1
  Mandatory DeletePatch(12) at patch 12, reason=Area 0.002709 below minimum 0.01
  Total patches: 21, total adds: 21, total deletes: 20
  step 850/1000: loss=0.203353, patches=22
SRD step 900: evaluated 27 candidates, 0 promising, accepted 0
  Total patches: 21, total adds: 21, total deletes: 20
  step 900/1000: loss=0.196410, patches=21
SRD step 950: evaluated 27 candidates, 0 promising, accepted 0
  Total patches: 21, total adds: 21, total deletes: 20
  step 950/1000: loss=0.180401, patches=21
SRD step 1000: evaluated 27 candidates, 0 promising, accepted 0
  Total patches: 21, total adds: 21, total deletes: 20
  step 1000/1000: loss=0.167280, patches=21
[SRD rewrite] deleted patch=13, position=(-1.297, -0.643, -2.332), reason=final deletion pass improved loss
[SRD rewrite] deleted patch=14, position=(2.197, -0.177, -1.936), reason=final deletion pass improved loss
[Trial 2] done: loss=0.156566, time=4363.1s
[Trial 3/3] seed=2
[SRD rewrite] split patch=9, children=19,20, improvement=0.034885
[SRD rewrite] split patch=5, children=20,21, improvement=0.034628
[SRD rewrite] added patch=22, position=(0.800, 0.349, -0.859), improvement=0.034260
SRD step 50: evaluated 27 candidates, 27 promising, accepted 3
  Accepted SplitPatch(9) at patch 9, improvement=0.034885
  Accepted SplitPatch(5) at patch 5, improvement=0.034628
  Accepted AddPatch at patch 22, improvement=0.034260
  Total patches: 23, total adds: 3, total deletes: 0
  step 50/1000: loss=0.697012, patches=20
[SRD rewrite] deleted patch=21, position=(-1.012, -0.559, -2.021), reason=Area 0.000471 below minimum 0.01
[SRD rewrite] deleted patch=20, position=(-0.883, -0.582, -1.876), reason=Area 0.003293 below minimum 0.01
[SRD rewrite] deleted patch=19, position=(1.319, -0.027, -1.915), reason=Area 0.009985 below minimum 0.01
[SRD rewrite] deleted patch=18, position=(1.429, -0.137, -1.839), reason=Area 0.003396 below minimum 0.01
[SRD rewrite] deleted patch=13, position=(-2.037, 0.284, -1.849), reason=delete has no image effect
[SRD rewrite] added patch=18, position=(1.106, 1.073, -0.495), improvement=0.011131
[SRD rewrite] added patch=19, position=(0.912, 0.727, -0.658), improvement=0.011092
[SRD rewrite] added patch=20, position=(-0.559, 0.070, 1.242), improvement=0.010844
SRD step 100: evaluated 27 candidates, 23 promising, accepted 8
  Accepted AddPatch at patch 18, improvement=0.011131
  Accepted AddPatch at patch 19, improvement=0.011092
  Accepted AddPatch at patch 20, improvement=0.010844
  Mandatory DeletePatch(18) at patch 18, reason=Area 0.003396 below minimum 0.01
  Mandatory DeletePatch(19) at patch 19, reason=Area 0.009985 below minimum 0.01
  Mandatory DeletePatch(20) at patch 20, reason=Area 0.003293 below minimum 0.01
  Mandatory DeletePatch(21) at patch 21, reason=Area 0.000471 below minimum 0.01
  Mandatory DeletePatch(13) at patch 13, reason=delete has no image effect
  Total patches: 21, total adds: 6, total deletes: 5
  step 100/1000: loss=0.493841, patches=23
[SRD rewrite] added patch=21, position=(0.532, -0.045, 1.217), improvement=0.006422
[SRD rewrite] added patch=22, position=(1.013, 0.729, -0.896), improvement=0.006297
[SRD rewrite] added patch=23, position=(-0.515, -0.180, 1.531), improvement=0.006259
SRD step 150: evaluated 27 candidates, 22 promising, accepted 3
  Accepted AddPatch at patch 21, improvement=0.006422
  Accepted AddPatch at patch 22, improvement=0.006297
  Accepted AddPatch at patch 23, improvement=0.006259
  Total patches: 24, total adds: 9, total deletes: 5
  step 150/1000: loss=0.380832, patches=21
[SRD rewrite] deleted patch=22, position=(1.091, 0.884, -0.879), reason=Area 0.000254 below minimum 0.01
[SRD rewrite] split patch=6, children=22,23, improvement=0.012064
[SRD rewrite] added patch=24, position=(1.198, -0.147, 0.840), improvement=0.002684
[SRD rewrite] added patch=25, position=(1.361, 1.061, -0.085), improvement=0.002441
SRD step 200: evaluated 27 candidates, 19 promising, accepted 4
  Accepted SplitPatch(6) at patch 6, improvement=0.012064
  Accepted AddPatch at patch 24, improvement=0.002684
  Accepted AddPatch at patch 25, improvement=0.002441
  Mandatory DeletePatch(22) at patch 22, reason=Area 0.000254 below minimum 0.01
  Total patches: 26, total adds: 12, total deletes: 6
  step 200/1000: loss=0.329120, patches=24
[SRD rewrite] deleted patch=23, position=(-2.117, -0.039, 0.991), reason=Area 0.000666 below minimum 0.01
[SRD rewrite] deleted patch=22, position=(-2.066, -0.123, 1.083), reason=Area 0.001066 below minimum 0.01
[SRD rewrite] deleted patch=20, position=(0.601, -0.106, 1.316), reason=Area 0.009093 below minimum 0.01
[SRD rewrite] added patch=23, position=(1.764, 0.992, -0.145), improvement=0.001799
[SRD rewrite] added patch=24, position=(-0.779, -0.913, 0.748), improvement=0.001021
[SRD rewrite] added patch=25, position=(-1.923, -0.505, -0.253), improvement=0.000665
SRD step 250: evaluated 27 candidates, 19 promising, accepted 6
  Accepted AddPatch at patch 23, improvement=0.001799
  Accepted AddPatch at patch 24, improvement=0.001021
  Accepted AddPatch at patch 25, improvement=0.000665
  Mandatory DeletePatch(20) at patch 20, reason=Area 0.009093 below minimum 0.01
  Mandatory DeletePatch(22) at patch 22, reason=Area 0.001066 below minimum 0.01
  Mandatory DeletePatch(23) at patch 23, reason=Area 0.000666 below minimum 0.01
  Total patches: 26, total adds: 15, total deletes: 9
  step 250/1000: loss=0.281842, patches=26
[SRD rewrite] deleted patch=25, position=(-1.875, -0.513, -0.291), reason=Area 0.006119 below minimum 0.01
SRD step 300: evaluated 27 candidates, 0 promising, accepted 1
  Mandatory DeletePatch(25) at patch 25, reason=Area 0.006119 below minimum 0.01
  Total patches: 25, total adds: 15, total deletes: 10
  step 300/1000: loss=0.268654, patches=26
[SRD rewrite] deleted patch=18, position=(0.380, 1.008, -0.230), reason=Area 0.003657 below minimum 0.01
[SRD rewrite] deleted patch=17, position=(1.118, 1.271, -0.348), reason=Area 0.007057 below minimum 0.01
SRD step 350: evaluated 27 candidates, 0 promising, accepted 2
  Mandatory DeletePatch(17) at patch 17, reason=Area 0.007057 below minimum 0.01
  Mandatory DeletePatch(18) at patch 18, reason=Area 0.003657 below minimum 0.01
  Total patches: 23, total adds: 15, total deletes: 12
  step 350/1000: loss=0.283412, patches=25
[SRD rewrite] added patch=23, position=(0.793, -0.289, 1.338), improvement=0.001369
[SRD rewrite] restored patch=24, position=(1.118, 1.271, -0.348), improvement=0.001287
[SRD rewrite] added patch=25, position=(-1.110, 0.228, -0.418), improvement=0.001169
SRD step 400: evaluated 27 candidates, 10 promising, accepted 3
  Accepted AddPatch at patch 23, improvement=0.001369
  Accepted RestorePatch(14) at patch 24, improvement=0.001287
  Accepted AddPatch at patch 25, improvement=0.001169
  Total patches: 26, total adds: 18, total deletes: 12
  step 400/1000: loss=0.279254, patches=23
[SRD rewrite] deleted patch=25, position=(-1.218, 0.230, -0.331), reason=Area 0.007473 below minimum 0.01
[SRD rewrite] deleted patch=24, position=(1.129, 1.274, -0.310), reason=Area 0.003463 below minimum 0.01
[SRD rewrite] deleted patch=23, position=(0.791, -0.264, 1.334), reason=Area 0.006815 below minimum 0.01
SRD step 450: evaluated 27 candidates, 0 promising, accepted 3
  Mandatory DeletePatch(23) at patch 23, reason=Area 0.006815 below minimum 0.01
  Mandatory DeletePatch(24) at patch 24, reason=Area 0.003463 below minimum 0.01
  Mandatory DeletePatch(25) at patch 25, reason=Area 0.007473 below minimum 0.01
  Total patches: 23, total adds: 18, total deletes: 15
  step 450/1000: loss=0.274253, patches=26
[SRD rewrite] added patch=23, position=(1.817, 0.974, -0.248), improvement=0.003912
[SRD rewrite] added patch=24, position=(1.387, 1.054, -0.672), improvement=0.003835
[SRD rewrite] added patch=25, position=(-0.578, -0.505, -1.527), improvement=0.003768
SRD step 500: evaluated 27 candidates, 17 promising, accepted 3
  Accepted AddPatch at patch 23, improvement=0.003912
  Accepted AddPatch at patch 24, improvement=0.003835
  Accepted AddPatch at patch 25, improvement=0.003768
  Total patches: 26, total adds: 21, total deletes: 15
  step 500/1000: loss=0.264322, patches=23
[SRD rewrite] deleted patch=25, position=(-0.555, -0.653, -1.475), reason=Area 0.000310 below minimum 0.01
[SRD rewrite] deleted patch=24, position=(1.384, 1.047, -0.695), reason=Area 0.000349 below minimum 0.01
[SRD rewrite] deleted patch=0, position=(1.003, -2.060, 0.860), reason=no image contribution, delete has no image effect
SRD step 550: evaluated 27 candidates, 0 promising, accepted 3
  Mandatory DeletePatch(24) at patch 24, reason=Area 0.000349 below minimum 0.01
  Mandatory DeletePatch(25) at patch 25, reason=Area 0.000310 below minimum 0.01
  Mandatory DeletePatch(0) at patch 0, reason=no image contribution, delete has no image effect
  Total patches: 23, total adds: 21, total deletes: 18
  step 550/1000: loss=0.245160, patches=26
[SRD rewrite] deleted patch=19, position=(1.110, 1.284, -0.252), reason=Area 0.004571 below minimum 0.01
SRD step 600: evaluated 27 candidates, 0 promising, accepted 1
  Mandatory DeletePatch(19) at patch 19, reason=Area 0.004571 below minimum 0.01
  Total patches: 22, total adds: 21, total deletes: 19
  step 600/1000: loss=0.246469, patches=23
SRD step 650: evaluated 27 candidates, 0 promising, accepted 0
  Total patches: 22, total adds: 21, total deletes: 19
  step 650/1000: loss=0.232717, patches=22
[SRD rewrite] added patch=22, position=(1.244, 0.962, 0.335), improvement=0.000116
[SRD rewrite] added patch=23, position=(1.345, 0.455, -0.865), improvement=0.000084
[SRD rewrite] added patch=24, position=(-0.669, -0.404, 1.017), improvement=0.000063
SRD step 700: evaluated 27 candidates, 4 promising, accepted 3
  Accepted AddPatch at patch 22, improvement=0.000116
  Accepted AddPatch at patch 23, improvement=0.000084
  Accepted AddPatch at patch 24, improvement=0.000063
  Total patches: 25, total adds: 24, total deletes: 19
  step 700/1000: loss=0.220252, patches=22
[SRD rewrite] deleted patch=23, position=(1.391, 0.403, -0.941), reason=Area 0.001177 below minimum 0.01
[SRD rewrite] deleted patch=22, position=(1.400, 1.046, 0.522), reason=Area 0.000386 below minimum 0.01
[SRD rewrite] added patch=23, position=(1.845, 1.061, -0.240), improvement=0.002711
[SRD rewrite] added patch=24, position=(1.579, 1.081, 0.388), improvement=0.002350
[SRD rewrite] added patch=25, position=(0.396, 0.290, -0.430), improvement=0.001893
SRD step 750: evaluated 27 candidates, 23 promising, accepted 5
  Accepted AddPatch at patch 23, improvement=0.002711
  Accepted AddPatch at patch 24, improvement=0.002350
  Accepted AddPatch at patch 25, improvement=0.001893
  Mandatory DeletePatch(22) at patch 22, reason=Area 0.000386 below minimum 0.01
  Mandatory DeletePatch(23) at patch 23, reason=Area 0.001177 below minimum 0.01
  Total patches: 26, total adds: 27, total deletes: 21
  step 750/1000: loss=0.181874, patches=25
[SRD rewrite] deleted patch=25, position=(0.488, 0.208, -0.346), reason=Area 0.000203 below minimum 0.01
[SRD rewrite] deleted patch=22, position=(-0.702, -0.275, 1.096), reason=Area 0.008319 below minimum 0.01
SRD step 800: evaluated 27 candidates, 0 promising, accepted 2
  Mandatory DeletePatch(22) at patch 22, reason=Area 0.008319 below minimum 0.01
  Mandatory DeletePatch(25) at patch 25, reason=Area 0.000203 below minimum 0.01
  Total patches: 24, total adds: 27, total deletes: 23
  step 800/1000: loss=0.170789, patches=26
SRD step 850: evaluated 27 candidates, 0 promising, accepted 0
  Total patches: 24, total adds: 27, total deletes: 23
  step 850/1000: loss=0.162315, patches=24
[SRD rewrite] deleted patch=22, position=(1.950, 1.126, -0.171), reason=Area 0.007379 below minimum 0.01
SRD step 900: evaluated 27 candidates, 0 promising, accepted 1
  Mandatory DeletePatch(22) at patch 22, reason=Area 0.007379 below minimum 0.01
  Total patches: 23, total adds: 27, total deletes: 24
  step 900/1000: loss=0.161544, patches=24
[SRD rewrite] deleted patch=17, position=(-0.320, -0.313, 1.559), reason=Area 0.003616 below minimum 0.01
SRD step 950: evaluated 27 candidates, 0 promising, accepted 1
  Mandatory DeletePatch(17) at patch 17, reason=Area 0.003616 below minimum 0.01
  Total patches: 22, total adds: 27, total deletes: 25
  step 950/1000: loss=0.167975, patches=23
SRD step 1000: evaluated 27 candidates, 0 promising, accepted 0
  Total patches: 22, total adds: 27, total deletes: 25
  step 1000/1000: loss=0.165202, patches=22
[SRD rewrite] deleted patch=9, position=(1.285, -1.939, 1.507), reason=final deletion pass improved loss
[SRD rewrite] deleted patch=13, position=(-2.044, -0.734, 0.557), reason=final deletion pass improved loss
[SRD rewrite] deleted patch=16, position=(1.597, 1.200, -1.035), reason=final deletion pass improved loss
[Trial 3] done: loss=0.157070, time=4526.8s
[Run] report written to results/slurm/20260718_1833/patchsize_horse_circle_20/patches_20/with_srd/with_srd.txt
[Swept volume] building (resolution=256)...
[Run] mode=full, trials=3, seeds=[0, 1, 2], steps=1000, srd=False, ablation_flags={'disable_swept_volume_adds': True, 'loss_only_deletion': True, 'disable_splitting': False}
[Trial 1/3] seed=0
[Patch] mapbox-earcut is not installed; falling back to fan fill, so non-convex pieces will render incorrectly. Install it with: pip install mapbox-earcut
  step 50/1000: loss=0.676119, patches=20
  step 100/1000: loss=0.441644, patches=20
  step 150/1000: loss=0.345963, patches=20
  step 200/1000: loss=0.315791, patches=20
  step 250/1000: loss=0.294801, patches=20
  step 300/1000: loss=0.282338, patches=20
  step 350/1000: loss=0.273035, patches=20
  step 400/1000: loss=0.270219, patches=20
  step 450/1000: loss=0.264351, patches=20
  step 500/1000: loss=0.270940, patches=20
  step 550/1000: loss=0.273406, patches=20
  step 600/1000: loss=0.259526, patches=20
  step 650/1000: loss=0.257382, patches=20
  step 700/1000: loss=0.259272, patches=20
  step 750/1000: loss=0.256851, patches=20
  step 800/1000: loss=0.255802, patches=20
  step 850/1000: loss=0.248585, patches=20
  step 900/1000: loss=0.248429, patches=20
  step 950/1000: loss=0.248301, patches=20
  step 1000/1000: loss=0.249511, patches=20
[Trial 1] done: loss=0.250086, time=1068.6s
[Trial 2/3] seed=1
  step 50/1000: loss=0.703933, patches=20
  step 100/1000: loss=0.440494, patches=20
  step 150/1000: loss=0.354667, patches=20
  step 200/1000: loss=0.320005, patches=20
  step 250/1000: loss=0.296461, patches=20
  step 300/1000: loss=0.263987, patches=20
  step 350/1000: loss=0.256024, patches=20
  step 400/1000: loss=0.252307, patches=20
  step 450/1000: loss=0.247500, patches=20
  step 500/1000: loss=0.244108, patches=20
  step 550/1000: loss=0.240275, patches=20
  step 600/1000: loss=0.232738, patches=20
  step 650/1000: loss=0.234165, patches=20
  step 700/1000: loss=0.235770, patches=20
  step 750/1000: loss=0.241590, patches=20
  step 800/1000: loss=0.240323, patches=20
  step 850/1000: loss=0.228414, patches=20
  step 900/1000: loss=0.229507, patches=20
  step 950/1000: loss=0.226270, patches=20
  step 1000/1000: loss=0.228634, patches=20
[Trial 2] done: loss=0.228707, time=1136.1s
[Trial 3/3] seed=2
  step 50/1000: loss=0.697012, patches=20
  step 100/1000: loss=0.484870, patches=20
  step 150/1000: loss=0.409092, patches=20
  step 200/1000: loss=0.349927, patches=20
  step 250/1000: loss=0.313285, patches=20
  step 300/1000: loss=0.274158, patches=20
  step 350/1000: loss=0.260970, patches=20
  step 400/1000: loss=0.249608, patches=20
  step 450/1000: loss=0.242417, patches=20
  step 500/1000: loss=0.229496, patches=20
  step 550/1000: loss=0.220734, patches=20
  step 600/1000: loss=0.218188, patches=20
  step 650/1000: loss=0.215787, patches=20
  step 700/1000: loss=0.212415, patches=20
  step 750/1000: loss=0.212595, patches=20
  step 800/1000: loss=0.207533, patches=20
  step 850/1000: loss=0.204109, patches=20
  step 900/1000: loss=0.197223, patches=20
  step 950/1000: loss=0.194873, patches=20
  step 1000/1000: loss=0.192875, patches=20
[Trial 3] done: loss=0.192440, time=1110.0s
[Run] report written to results/slurm/20260718_1833/patchsize_horse_circle_20/patches_20/without_srd/without_srd.txt

======================================================================
Running 3 trials WITH SRD
======================================================================


======================================================================
Running 3 trials WITHOUT SRD
======================================================================


[Comparison] report written to results/slurm/20260718_1833/patchsize_horse_circle_20/patches_20/comparison.txt

======================================================================
SRD Patch Size Comparison
======================================================================
Started: 2026-07-18T21:19:34
Patch sizes: [20]
Trials per size: 3
Steps per trial: 1000
Output directory: results/slurm/20260718_1833/patchsize_horse_circle_20
======================================================================


======================================================================
Running comparison with 20 initial patches
  Target 1: images/horse.png
  Target 2: images/circle.png
  Trials: 3, Steps: 1000
======================================================================

[OK] Comparison with 20 patches completed successfully

======================================================================
Comparison Summary
======================================================================
Successful: 1/1
Total time: 18392.4 seconds (5.11 hours)
Summary report: results/slurm/20260718_1833/patchsize_horse_circle_20/SUMMARY.txt
======================================================================

