## SLURM PROLOG ###############################################################
##    Job ID : 4080010
##  Job Name : 20260718_0340_patchsize_horse_circle_30
##  Nodelist : gpu2603
##      CPUs : 
##  Mem/Node : 128000 MB
## Directory : /oscar/home/cjmok/automated-perspective-sculptor
##   Job Started : Sat Jul 18 04:39:25 AM EDT 2026
###############################################################################
[Swept volume] building (resolution=256)...
[Run] mode=full, trials=3, seeds=[0, 1, 2], steps=1000, srd=True, ablation_flags={'disable_swept_volume_adds': False, 'loss_only_deletion': False, 'disable_splitting': False}
[Trial 1/3] seed=0
[Patch] mapbox-earcut is not installed; falling back to fan fill, so non-convex pieces will render incorrectly. Install it with: pip install mapbox-earcut
[SRD rewrite] split patch=12, children=29,30, improvement=0.042588
[SRD rewrite] added patch=31, position=(0.926, 0.421, -1.245), improvement=0.033428
[SRD rewrite] added patch=32, position=(0.723, 0.249, 0.926), improvement=0.033350
SRD step 50: evaluated 27 candidates, 27 promising, accepted 3
  Accepted SplitPatch(12) at patch 12, improvement=0.042588
  Accepted AddPatch at patch 31, improvement=0.033428
  Accepted AddPatch at patch 32, improvement=0.033350
  Total patches: 33, total adds: 3, total deletes: 0
  step 50/1000: loss=0.575768, patches=30
[SRD rewrite] deleted patch=32, position=(0.822, 0.270, 0.933), reason=Area 0.007497 below minimum 0.01
[SRD rewrite] deleted patch=31, position=(0.865, 0.476, -1.180), reason=Area 0.000613 below minimum 0.01
[SRD rewrite] deleted patch=30, position=(2.264, 0.719, -0.894), reason=Area 0.001575 below minimum 0.01
[SRD rewrite] deleted patch=29, position=(2.362, 0.700, -0.879), reason=Area 0.002943 below minimum 0.01
[SRD rewrite] added patch=29, position=(1.263, -0.090, -1.165), improvement=0.014310
[SRD rewrite] added patch=30, position=(1.096, 0.376, -1.267), improvement=0.013941
[SRD rewrite] added patch=31, position=(0.761, 0.906, -1.025), improvement=0.013781
SRD step 100: evaluated 27 candidates, 27 promising, accepted 7
  Accepted AddPatch at patch 29, improvement=0.014310
  Accepted AddPatch at patch 30, improvement=0.013941
  Accepted AddPatch at patch 31, improvement=0.013781
  Mandatory DeletePatch(29) at patch 29, reason=Area 0.002943 below minimum 0.01
  Mandatory DeletePatch(30) at patch 30, reason=Area 0.001575 below minimum 0.01
  Mandatory DeletePatch(31) at patch 31, reason=Area 0.000613 below minimum 0.01
  Mandatory DeletePatch(32) at patch 32, reason=Area 0.007497 below minimum 0.01
  Total patches: 32, total adds: 6, total deletes: 4
  step 100/1000: loss=0.379200, patches=33
[SRD rewrite] deleted patch=31, position=(0.684, 1.023, -0.945), reason=Area 0.005280 below minimum 0.01
[SRD rewrite] deleted patch=30, position=(1.178, 0.310, -1.247), reason=Area 0.000255 below minimum 0.01
[SRD rewrite] added patch=30, position=(-0.464, -0.328, 1.475), improvement=0.005718
[SRD rewrite] added patch=31, position=(1.056, -0.132, 0.204), improvement=0.005547
[SRD rewrite] restored patch=32, position=(0.684, 1.023, -0.945), improvement=0.005449
SRD step 150: evaluated 27 candidates, 20 promising, accepted 5
  Accepted AddPatch at patch 30, improvement=0.005718
  Accepted AddPatch at patch 31, improvement=0.005547
  Accepted RestorePatch(5) at patch 32, improvement=0.005449
  Mandatory DeletePatch(30) at patch 30, reason=Area 0.000255 below minimum 0.01
  Mandatory DeletePatch(31) at patch 31, reason=Area 0.005280 below minimum 0.01
  Total patches: 33, total adds: 9, total deletes: 6
  step 150/1000: loss=0.298526, patches=32
[SRD rewrite] deleted patch=32, position=(0.739, 1.117, -0.999), reason=Area 0.000471 below minimum 0.01
[SRD rewrite] deleted patch=31, position=(1.155, 0.040, 0.369), reason=Area 0.000220 below minimum 0.01
[SRD rewrite] deleted patch=4, position=(-1.930, -0.403, -1.609), reason=delete has no image effect
[SRD rewrite] added patch=30, position=(1.296, -0.282, -0.786), improvement=0.000502
SRD step 200: evaluated 27 candidates, 1 promising, accepted 4
  Accepted AddPatch at patch 30, improvement=0.000502
  Mandatory DeletePatch(31) at patch 31, reason=Area 0.000220 below minimum 0.01
  Mandatory DeletePatch(32) at patch 32, reason=Area 0.000471 below minimum 0.01
  Mandatory DeletePatch(4) at patch 4, reason=delete has no image effect
  Total patches: 31, total adds: 10, total deletes: 9
  step 200/1000: loss=0.238181, patches=33
[SRD rewrite] added patch=31, position=(1.008, -0.159, 0.301), improvement=0.002395
[SRD rewrite] added patch=32, position=(1.113, -0.095, 1.147), improvement=0.001717
[SRD rewrite] added patch=33, position=(-1.307, -0.523, -0.701), improvement=0.001698
SRD step 250: evaluated 27 candidates, 20 promising, accepted 3
  Accepted AddPatch at patch 31, improvement=0.002395
  Accepted AddPatch at patch 32, improvement=0.001717
  Accepted AddPatch at patch 33, improvement=0.001698
  Total patches: 34, total adds: 13, total deletes: 9
  step 250/1000: loss=0.193351, patches=31
[SRD rewrite] deleted patch=33, position=(-1.326, -0.525, -0.582), reason=Area 0.003698 below minimum 0.01
[SRD rewrite] deleted patch=32, position=(1.120, -0.102, 1.293), reason=Area 0.002871 below minimum 0.01
[SRD rewrite] deleted patch=31, position=(1.177, 0.004, 0.473), reason=Area 0.000446 below minimum 0.01
[SRD rewrite] deleted patch=17, position=(1.361, 0.170, -0.884), reason=Area 0.007577 below minimum 0.01
SRD step 300: evaluated 27 candidates, 0 promising, accepted 4
  Mandatory DeletePatch(17) at patch 17, reason=Area 0.007577 below minimum 0.01
  Mandatory DeletePatch(31) at patch 31, reason=Area 0.000446 below minimum 0.01
  Mandatory DeletePatch(32) at patch 32, reason=Area 0.002871 below minimum 0.01
  Mandatory DeletePatch(33) at patch 33, reason=Area 0.003698 below minimum 0.01
  Total patches: 30, total adds: 13, total deletes: 13
  step 300/1000: loss=0.171796, patches=34
SRD step 350: evaluated 27 candidates, 0 promising, accepted 0
  Total patches: 30, total adds: 13, total deletes: 13
  step 350/1000: loss=0.157789, patches=30
[SRD rewrite] added patch=30, position=(-0.651, -0.837, 1.242), improvement=0.001536
[SRD rewrite] added patch=31, position=(-0.942, -0.289, 1.518), improvement=0.001026
[SRD rewrite] added patch=32, position=(1.401, -0.204, 0.637), improvement=0.000457
SRD step 400: evaluated 27 candidates, 8 promising, accepted 3
  Accepted AddPatch at patch 30, improvement=0.001536
  Accepted AddPatch at patch 31, improvement=0.001026
  Accepted AddPatch at patch 32, improvement=0.000457
  Total patches: 33, total adds: 16, total deletes: 13
  step 400/1000: loss=0.144914, patches=30
[SRD rewrite] deleted patch=31, position=(-0.892, -0.297, 1.431), reason=Area 0.002428 below minimum 0.01
SRD step 450: evaluated 27 candidates, 0 promising, accepted 1
  Mandatory DeletePatch(31) at patch 31, reason=Area 0.002428 below minimum 0.01
  Total patches: 32, total adds: 16, total deletes: 14
  step 450/1000: loss=0.137174, patches=33
[SRD rewrite] deleted patch=31, position=(1.369, -0.092, 0.940), reason=Area 0.009214 below minimum 0.01
[SRD rewrite] deleted patch=14, position=(-1.097, 0.212, -1.711), reason=Area 0.009688 below minimum 0.01
SRD step 500: evaluated 27 candidates, 0 promising, accepted 2
  Mandatory DeletePatch(14) at patch 14, reason=Area 0.009688 below minimum 0.01
  Mandatory DeletePatch(31) at patch 31, reason=Area 0.009214 below minimum 0.01
  Total patches: 30, total adds: 16, total deletes: 16
  step 500/1000: loss=0.143711, patches=32
[SRD rewrite] deleted patch=23, position=(-1.035, 0.527, -0.109), reason=delete has no image effect
SRD step 550: evaluated 27 candidates, 0 promising, accepted 1
  Mandatory DeletePatch(23) at patch 23, reason=delete has no image effect
  Total patches: 29, total adds: 16, total deletes: 17
  step 550/1000: loss=0.137304, patches=30
[SRD rewrite] deleted patch=21, position=(-1.955, -2.274, -0.155), reason=Area 0.003519 below minimum 0.01
[SRD rewrite] deleted patch=10, position=(-0.737, -0.636, -2.086), reason=Area 0.005518 below minimum 0.01
[SRD rewrite] deleted patch=20, position=(-0.418, -2.441, 0.136), reason=no image contribution, delete has no image effect
[SRD rewrite] deleted patch=13, position=(-0.590, 0.713, -1.341), reason=delete has no image effect
SRD step 600: evaluated 27 candidates, 0 promising, accepted 4
  Mandatory DeletePatch(10) at patch 10, reason=Area 0.005518 below minimum 0.01
  Mandatory DeletePatch(21) at patch 21, reason=Area 0.003519 below minimum 0.01
  Mandatory DeletePatch(13) at patch 13, reason=delete has no image effect
  Mandatory DeletePatch(20) at patch 20, reason=no image contribution, delete has no image effect
  Total patches: 25, total adds: 16, total deletes: 21
  step 600/1000: loss=0.139644, patches=29
SRD step 650: evaluated 27 candidates, 0 promising, accepted 0
  Total patches: 25, total adds: 16, total deletes: 21
  step 650/1000: loss=0.136813, patches=25
SRD step 700: evaluated 27 candidates, 0 promising, accepted 0
  Total patches: 25, total adds: 16, total deletes: 21
  step 700/1000: loss=0.129968, patches=25
[SRD rewrite] added patch=25, position=(-1.663, -0.676, -1.378), improvement=0.000060
SRD step 750: evaluated 27 candidates, 1 promising, accepted 1
  Accepted AddPatch at patch 25, improvement=0.000060
  Total patches: 26, total adds: 17, total deletes: 21
  step 750/1000: loss=0.126970, patches=25
[SRD rewrite] deleted patch=25, position=(-1.609, -0.609, -1.535), reason=Area 0.000322 below minimum 0.01
[SRD rewrite] deleted patch=21, position=(1.367, 0.099, -1.264), reason=Area 0.008083 below minimum 0.01
[SRD rewrite] deleted patch=8, position=(-0.468, 0.038, -0.078), reason=delete has no image effect
SRD step 800: evaluated 27 candidates, 0 promising, accepted 3
  Mandatory DeletePatch(21) at patch 21, reason=Area 0.008083 below minimum 0.01
  Mandatory DeletePatch(25) at patch 25, reason=Area 0.000322 below minimum 0.01
  Mandatory DeletePatch(8) at patch 8, reason=delete has no image effect
  Total patches: 23, total adds: 17, total deletes: 24
  step 800/1000: loss=0.118697, patches=26
SRD step 850: evaluated 27 candidates, 0 promising, accepted 0
  Total patches: 23, total adds: 17, total deletes: 24
  step 850/1000: loss=0.118919, patches=23
SRD step 900: evaluated 27 candidates, 0 promising, accepted 0
  Total patches: 23, total adds: 17, total deletes: 24
  step 900/1000: loss=0.119567, patches=23
SRD step 950: evaluated 27 candidates, 0 promising, accepted 0
  Total patches: 23, total adds: 17, total deletes: 24
  step 950/1000: loss=0.123747, patches=23
[SRD rewrite] deleted patch=16, position=(-0.885, 0.783, -0.899), reason=Area 0.006705 below minimum 0.01
SRD step 1000: evaluated 27 candidates, 0 promising, accepted 1
  Mandatory DeletePatch(16) at patch 16, reason=Area 0.006705 below minimum 0.01
  Total patches: 22, total adds: 17, total deletes: 25
  step 1000/1000: loss=0.126132, patches=23
[SRD rewrite] deleted patch=7, position=(1.023, 0.730, -2.127), reason=final deletion pass improved loss
[Trial 1] done: loss=0.124673, time=9032.9s
[Trial 2/3] seed=1
[SRD rewrite] added patch=30, position=(0.738, 0.527, 0.853), improvement=0.029631
[SRD rewrite] added patch=31, position=(0.669, 0.321, 0.768), improvement=0.028814
[SRD rewrite] added patch=32, position=(0.659, 0.421, 0.876), improvement=0.028507
SRD step 50: evaluated 27 candidates, 25 promising, accepted 3
  Accepted AddPatch at patch 30, improvement=0.029631
  Accepted AddPatch at patch 31, improvement=0.028814
  Accepted AddPatch at patch 32, improvement=0.028507
  Total patches: 33, total adds: 3, total deletes: 0
  step 50/1000: loss=0.630487, patches=30
[SRD rewrite] deleted patch=24, position=(-0.074, 0.025, 1.918), reason=delete has no image effect
[SRD rewrite] deleted patch=4, position=(-1.916, -0.499, -0.771), reason=delete has no image effect
[SRD rewrite] added patch=31, position=(1.084, 0.984, 0.561), improvement=0.012308
[SRD rewrite] added patch=32, position=(-1.140, -0.257, -1.279), improvement=0.010487
SRD step 100: evaluated 27 candidates, 24 promising, accepted 5
  Accepted AddPatch at patch 31, improvement=0.012308
  Accepted AddPatch at patch 32, improvement=0.010487
  Accepted SplitPatch(27) at patch 27, improvement=0.010065
  Mandatory DeletePatch(4) at patch 4, reason=delete has no image effect
  Mandatory DeletePatch(24) at patch 24, reason=delete has no image effect
  Total patches: 33, total adds: 5, total deletes: 2
  step 100/1000: loss=0.421855, patches=33
[SRD rewrite] deleted patch=30, position=(0.563, 0.335, 1.193), reason=Area 0.009735 below minimum 0.01
[SRD rewrite] deleted patch=29, position=(0.921, 0.155, 1.056), reason=Area 0.001597 below minimum 0.01
[SRD rewrite] deleted patch=3, position=(-0.205, -0.036, 2.068), reason=Area 0.009043 below minimum 0.01
[SRD rewrite] deleted patch=18, position=(-1.397, 0.175, -2.417), reason=delete has no image effect
[SRD rewrite] deleted patch=7, position=(-0.651, -0.412, -2.062), reason=delete has no image effect
[SRD rewrite] added patch=28, position=(0.864, 1.083, -0.644), improvement=0.004831
[SRD rewrite] added patch=29, position=(1.001, 1.160, -0.565), improvement=0.004800
[SRD rewrite] added patch=30, position=(1.134, 0.892, 0.577), improvement=0.004146
SRD step 150: evaluated 27 candidates, 22 promising, accepted 8
  Accepted AddPatch at patch 28, improvement=0.004831
  Accepted AddPatch at patch 29, improvement=0.004800
  Accepted AddPatch at patch 30, improvement=0.004146
  Mandatory DeletePatch(3) at patch 3, reason=Area 0.009043 below minimum 0.01
  Mandatory DeletePatch(29) at patch 29, reason=Area 0.001597 below minimum 0.01
  Mandatory DeletePatch(30) at patch 30, reason=Area 0.009735 below minimum 0.01
  Mandatory DeletePatch(7) at patch 7, reason=delete has no image effect
  Mandatory DeletePatch(18) at patch 18, reason=delete has no image effect
  Total patches: 31, total adds: 8, total deletes: 7
  step 150/1000: loss=0.336410, patches=33
[SRD rewrite] deleted patch=30, position=(1.223, 0.929, 0.757), reason=Area 0.000162 below minimum 0.01
[SRD rewrite] deleted patch=3, position=(-1.475, 0.673, 1.580), reason=Area 0.009126 below minimum 0.01
[SRD rewrite] added patch=29, position=(0.957, 1.036, -0.662), improvement=0.002911
[SRD rewrite] added patch=30, position=(-0.876, 0.123, -0.655), improvement=0.002478
[SRD rewrite] added patch=31, position=(1.324, 0.877, -0.739), improvement=0.002471
SRD step 200: evaluated 27 candidates, 17 promising, accepted 5
  Accepted AddPatch at patch 29, improvement=0.002911
  Accepted AddPatch at patch 30, improvement=0.002478
  Accepted AddPatch at patch 31, improvement=0.002471
  Mandatory DeletePatch(3) at patch 3, reason=Area 0.009126 below minimum 0.01
  Mandatory DeletePatch(30) at patch 30, reason=Area 0.000162 below minimum 0.01
  Total patches: 32, total adds: 11, total deletes: 9
  step 200/1000: loss=0.311381, patches=31
[SRD rewrite] deleted patch=30, position=(-0.855, 0.199, -0.732), reason=Area 0.003239 below minimum 0.01
[SRD rewrite] deleted patch=28, position=(0.944, 1.259, -0.400), reason=Area 0.009090 below minimum 0.01
[SRD rewrite] deleted patch=23, position=(-0.266, 0.223, -0.324), reason=delete has no image effect
SRD step 250: evaluated 27 candidates, 0 promising, accepted 3
  Mandatory DeletePatch(28) at patch 28, reason=Area 0.009090 below minimum 0.01
  Mandatory DeletePatch(30) at patch 30, reason=Area 0.003239 below minimum 0.01
  Mandatory DeletePatch(23) at patch 23, reason=delete has no image effect
  Total patches: 29, total adds: 11, total deletes: 12
  step 250/1000: loss=0.293820, patches=32
[SRD rewrite] added patch=29, position=(-0.557, -0.378, 1.389), improvement=0.004696
[SRD rewrite] added patch=30, position=(1.724, 0.984, 0.638), improvement=0.004450
[SRD rewrite] added patch=31, position=(1.656, -0.492, 0.748), improvement=0.004438
SRD step 300: evaluated 27 candidates, 18 promising, accepted 3
  Accepted AddPatch at patch 29, improvement=0.004696
  Accepted AddPatch at patch 30, improvement=0.004450
  Accepted AddPatch at patch 31, improvement=0.004438
  Total patches: 32, total adds: 14, total deletes: 12
  step 300/1000: loss=0.299677, patches=29
[SRD rewrite] deleted patch=27, position=(0.936, 1.243, -0.500), reason=Area 0.000377 below minimum 0.01
[SRD rewrite] deleted patch=26, position=(0.695, 1.315, -0.441), reason=Area 0.007402 below minimum 0.01
[SRD rewrite] deleted patch=19, position=(-0.682, 0.561, -0.715), reason=delete has no image effect
SRD step 350: evaluated 27 candidates, 0 promising, accepted 3
  Mandatory DeletePatch(26) at patch 26, reason=Area 0.007402 below minimum 0.01
  Mandatory DeletePatch(27) at patch 27, reason=Area 0.000377 below minimum 0.01
  Mandatory DeletePatch(19) at patch 19, reason=delete has no image effect
  Total patches: 29, total adds: 14, total deletes: 15
  step 350/1000: loss=0.268281, patches=32
[SRD rewrite] deleted patch=27, position=(1.795, 1.050, 0.492), reason=Area 0.006693 below minimum 0.01
[SRD rewrite] deleted patch=19, position=(-0.823, 0.670, -1.246), reason=delete has no image effect
[SRD rewrite] added patch=27, position=(0.738, 0.298, 1.341), improvement=0.000510
[SRD rewrite] added patch=28, position=(-1.359, -0.545, 0.426), improvement=0.000417
[SRD rewrite] added patch=29, position=(-0.007, 0.069, 1.053), improvement=0.000143
SRD step 400: evaluated 27 candidates, 4 promising, accepted 5
  Accepted AddPatch at patch 27, improvement=0.000510
  Accepted AddPatch at patch 28, improvement=0.000417
  Accepted AddPatch at patch 29, improvement=0.000143
  Mandatory DeletePatch(27) at patch 27, reason=Area 0.006693 below minimum 0.01
  Mandatory DeletePatch(19) at patch 19, reason=delete has no image effect
  Total patches: 30, total adds: 17, total deletes: 17
  step 400/1000: loss=0.229632, patches=29
[SRD rewrite] deleted patch=29, position=(0.077, -0.013, 0.955), reason=Area 0.000420 below minimum 0.01
[SRD rewrite] deleted patch=28, position=(-1.308, -0.533, 0.579), reason=Area 0.000815 below minimum 0.01
[SRD rewrite] deleted patch=27, position=(0.749, 0.245, 1.358), reason=Area 0.001774 below minimum 0.01
[SRD rewrite] deleted patch=8, position=(-0.577, -2.486, -0.196), reason=no image contribution, delete has no image effect
SRD step 450: evaluated 27 candidates, 0 promising, accepted 4
  Mandatory DeletePatch(27) at patch 27, reason=Area 0.001774 below minimum 0.01
  Mandatory DeletePatch(28) at patch 28, reason=Area 0.000815 below minimum 0.01
  Mandatory DeletePatch(29) at patch 29, reason=Area 0.000420 below minimum 0.01
  Mandatory DeletePatch(8) at patch 8, reason=no image contribution, delete has no image effect
  Total patches: 26, total adds: 17, total deletes: 21
  step 450/1000: loss=0.212290, patches=30
[SRD rewrite] split patch=9, children=25,26, improvement=0.000596
SRD step 500: evaluated 27 candidates, 1 promising, accepted 1
  Accepted SplitPatch(9) at patch 9, improvement=0.000596
  Total patches: 27, total adds: 18, total deletes: 21
  step 500/1000: loss=0.199444, patches=26
[SRD rewrite] deleted patch=26, position=(1.659, -0.376, 2.301), reason=Area 0.008377 below minimum 0.01
[SRD rewrite] deleted patch=25, position=(1.664, -0.554, 2.307), reason=Area 0.001864 below minimum 0.01
[SRD rewrite] added patch=25, position=(-2.420, 0.174, -1.874), improvement=0.004012
[SRD rewrite] added patch=26, position=(1.115, 0.219, 0.609), improvement=0.003944
[SRD rewrite] restored patch=27, position=(0.077, -0.013, 0.955), improvement=0.003766
SRD step 550: evaluated 27 candidates, 23 promising, accepted 5
  Accepted AddPatch at patch 25, improvement=0.004012
  Accepted AddPatch at patch 26, improvement=0.003944
  Accepted RestorePatch(17) at patch 27, improvement=0.003766
  Mandatory DeletePatch(25) at patch 25, reason=Area 0.001864 below minimum 0.01
  Mandatory DeletePatch(26) at patch 26, reason=Area 0.008377 below minimum 0.01
  Total patches: 28, total adds: 21, total deletes: 23
  step 550/1000: loss=0.190023, patches=27
[SRD rewrite] deleted patch=27, position=(0.072, 0.067, 1.093), reason=Area 0.000233 below minimum 0.01
[SRD rewrite] deleted patch=26, position=(1.110, 0.212, 0.746), reason=Area 0.009258 below minimum 0.01
[SRD rewrite] deleted patch=6, position=(-1.499, -0.116, -1.803), reason=Area 0.008822 below minimum 0.01
SRD step 600: evaluated 27 candidates, 0 promising, accepted 3
  Mandatory DeletePatch(6) at patch 6, reason=Area 0.008822 below minimum 0.01
  Mandatory DeletePatch(26) at patch 26, reason=Area 0.009258 below minimum 0.01
  Mandatory DeletePatch(27) at patch 27, reason=Area 0.000233 below minimum 0.01
  Total patches: 25, total adds: 21, total deletes: 26
  step 600/1000: loss=0.175855, patches=28
[SRD rewrite] deleted patch=22, position=(-0.393, -0.403, 1.544), reason=Area 0.004276 below minimum 0.01
SRD step 650: evaluated 27 candidates, 0 promising, accepted 1
  Mandatory DeletePatch(22) at patch 22, reason=Area 0.004276 below minimum 0.01
  Total patches: 24, total adds: 21, total deletes: 27
  step 650/1000: loss=0.179083, patches=25
SRD step 700: evaluated 27 candidates, 0 promising, accepted 0
  Total patches: 24, total adds: 21, total deletes: 27
  step 700/1000: loss=0.176472, patches=24
SRD step 750: evaluated 27 candidates, 0 promising, accepted 0
  Total patches: 24, total adds: 21, total deletes: 27
  step 750/1000: loss=0.174181, patches=24
SRD step 800: evaluated 27 candidates, 0 promising, accepted 0
  Total patches: 24, total adds: 21, total deletes: 27
  step 800/1000: loss=0.172081, patches=24
SRD step 850: evaluated 27 candidates, 0 promising, accepted 0
  Total patches: 24, total adds: 21, total deletes: 27
  step 850/1000: loss=0.171040, patches=24
SRD step 900: evaluated 27 candidates, 0 promising, accepted 0
  Total patches: 24, total adds: 21, total deletes: 27
  step 900/1000: loss=0.171043, patches=24
SRD step 950: evaluated 27 candidates, 0 promising, accepted 0
  Total patches: 24, total adds: 21, total deletes: 27
  step 950/1000: loss=0.178371, patches=24
SRD step 1000: evaluated 27 candidates, 0 promising, accepted 0
  Total patches: 24, total adds: 21, total deletes: 27
  step 1000/1000: loss=0.192363, patches=24
[SRD rewrite] deleted patch=9, position=(1.301, -0.059, 1.198), reason=final deletion pass improved loss
[Trial 2] done: loss=0.180842, time=8586.0s
[Trial 3/3] seed=2
[SRD rewrite] added patch=30, position=(0.613, 0.273, 1.374), improvement=0.036597
[SRD rewrite] added patch=31, position=(0.763, 0.116, 0.727), improvement=0.036356
[SRD rewrite] added patch=32, position=(0.791, 0.351, -0.848), improvement=0.036254
SRD step 50: evaluated 27 candidates, 27 promising, accepted 3
  Accepted AddPatch at patch 30, improvement=0.036597
  Accepted AddPatch at patch 31, improvement=0.036356
  Accepted AddPatch at patch 32, improvement=0.036254
  Total patches: 33, total adds: 3, total deletes: 0
  step 50/1000: loss=0.682270, patches=30
[SRD rewrite] added patch=33, position=(0.861, 0.672, -0.543), improvement=0.011545
[SRD rewrite] added patch=34, position=(0.818, 0.777, -0.512), improvement=0.011492
[SRD rewrite] added patch=35, position=(1.016, 0.978, -0.222), improvement=0.011381
SRD step 100: evaluated 27 candidates, 23 promising, accepted 3
  Accepted AddPatch at patch 33, improvement=0.011545
  Accepted AddPatch at patch 34, improvement=0.011492
  Accepted AddPatch at patch 35, improvement=0.011381
  Total patches: 36, total adds: 6, total deletes: 0
  step 100/1000: loss=0.462483, patches=33
[SRD rewrite] deleted patch=35, position=(1.162, 1.044, -0.209), reason=Area 0.001701 below minimum 0.01
[SRD rewrite] deleted patch=31, position=(0.656, 0.080, 0.994), reason=Area 0.003234 below minimum 0.01
[SRD rewrite] deleted patch=21, position=(-1.403, -0.500, -2.032), reason=Area 0.002094 below minimum 0.01
[SRD rewrite] deleted patch=15, position=(-2.083, 0.323, -1.837), reason=delete has no image effect
[SRD rewrite] added patch=32, position=(1.107, 1.063, -0.499), improvement=0.004715
[SRD rewrite] added patch=33, position=(1.120, 0.920, -0.749), improvement=0.004644
[SRD rewrite] added patch=34, position=(1.072, 0.683, -0.813), improvement=0.004585
SRD step 150: evaluated 27 candidates, 23 promising, accepted 7
  Accepted AddPatch at patch 32, improvement=0.004715
  Accepted AddPatch at patch 33, improvement=0.004644
  Accepted AddPatch at patch 34, improvement=0.004585
  Mandatory DeletePatch(21) at patch 21, reason=Area 0.002094 below minimum 0.01
  Mandatory DeletePatch(31) at patch 31, reason=Area 0.003234 below minimum 0.01
  Mandatory DeletePatch(35) at patch 35, reason=Area 0.001701 below minimum 0.01
  Mandatory DeletePatch(15) at patch 15, reason=delete has no image effect
  Total patches: 35, total adds: 9, total deletes: 4
  step 150/1000: loss=0.385507, patches=36
[SRD rewrite] deleted patch=34, position=(1.207, 0.728, -0.803), reason=Area 0.000272 below minimum 0.01
[SRD rewrite] deleted patch=33, position=(1.187, 1.034, -0.684), reason=Area 0.009691 below minimum 0.01
[SRD rewrite] added patch=33, position=(1.368, 1.066, -0.086), improvement=0.003202
[SRD rewrite] added patch=34, position=(1.072, 0.760, -1.092), improvement=0.002911
[SRD rewrite] added patch=35, position=(1.730, 0.946, 0.640), improvement=0.002847
SRD step 200: evaluated 27 candidates, 23 promising, accepted 5
  Accepted AddPatch at patch 33, improvement=0.003202
  Accepted AddPatch at patch 34, improvement=0.002911
  Accepted AddPatch at patch 35, improvement=0.002847
  Mandatory DeletePatch(33) at patch 33, reason=Area 0.009691 below minimum 0.01
  Mandatory DeletePatch(34) at patch 34, reason=Area 0.000272 below minimum 0.01
  Total patches: 36, total adds: 12, total deletes: 6
  step 200/1000: loss=0.341060, patches=35
[SRD rewrite] deleted patch=34, position=(1.107, 0.825, -1.031), reason=Area 0.003593 below minimum 0.01
[SRD rewrite] deleted patch=31, position=(0.431, 1.035, -0.342), reason=Area 0.007329 below minimum 0.01
[SRD rewrite] deleted patch=23, position=(-2.253, -0.192, 1.027), reason=Area 0.004902 below minimum 0.01
[SRD rewrite] deleted patch=9, position=(1.644, -0.753, -2.047), reason=Area 0.009685 below minimum 0.01
[SRD rewrite] added patch=32, position=(-0.204, -0.120, -1.040), improvement=0.015889
[SRD rewrite] added patch=33, position=(-0.332, 0.396, 1.364), improvement=0.015814
[SRD rewrite] restored patch=34, position=(-2.083, 0.323, -1.837), improvement=0.015688
SRD step 250: evaluated 27 candidates, 26 promising, accepted 7
  Accepted AddPatch at patch 32, improvement=0.015889
  Accepted AddPatch at patch 33, improvement=0.015814
  Accepted RestorePatch(3) at patch 34, improvement=0.015688
  Mandatory DeletePatch(9) at patch 9, reason=Area 0.009685 below minimum 0.01
  Mandatory DeletePatch(23) at patch 23, reason=Area 0.004902 below minimum 0.01
  Mandatory DeletePatch(31) at patch 31, reason=Area 0.007329 below minimum 0.01
  Mandatory DeletePatch(34) at patch 34, reason=Area 0.003593 below minimum 0.01
  Total patches: 35, total adds: 15, total deletes: 10
  step 250/1000: loss=0.275367, patches=36
[SRD rewrite] deleted patch=32, position=(-0.138, -0.002, -1.160), reason=Area 0.000994 below minimum 0.01
[SRD rewrite] deleted patch=28, position=(1.211, 0.521, -0.255), reason=Area 0.001231 below minimum 0.01
[SRD rewrite] deleted patch=32, position=(-2.083, 0.323, -1.837), reason=delete has no image effect
[SRD rewrite] added patch=32, position=(-0.957, -0.339, -1.356), improvement=0.001806
[SRD rewrite] added patch=33, position=(-1.830, 0.336, 0.600), improvement=0.001590
[SRD rewrite] restored patch=34, position=(-0.138, -0.002, -1.160), improvement=0.001519
SRD step 300: evaluated 27 candidates, 24 promising, accepted 6
  Accepted AddPatch at patch 32, improvement=0.001806
  Accepted AddPatch at patch 33, improvement=0.001590
  Accepted RestorePatch(9) at patch 34, improvement=0.001519
  Mandatory DeletePatch(28) at patch 28, reason=Area 0.001231 below minimum 0.01
  Mandatory DeletePatch(32) at patch 32, reason=Area 0.000994 below minimum 0.01
  Mandatory DeletePatch(32) at patch 32, reason=delete has no image effect
  Total patches: 35, total adds: 18, total deletes: 13
  step 300/1000: loss=0.217201, patches=35
[SRD rewrite] deleted patch=34, position=(-0.111, 0.025, -1.187), reason=Area 0.000916 below minimum 0.01
[SRD rewrite] deleted patch=33, position=(-1.788, 0.310, 0.557), reason=Area 0.009948 below minimum 0.01
[SRD rewrite] deleted patch=32, position=(-0.852, -0.455, -1.384), reason=Area 0.000312 below minimum 0.01
[SRD rewrite] deleted patch=28, position=(1.246, 1.249, -0.312), reason=Area 0.002327 below minimum 0.01
SRD step 350: evaluated 27 candidates, 0 promising, accepted 4
  Mandatory DeletePatch(28) at patch 28, reason=Area 0.002327 below minimum 0.01
  Mandatory DeletePatch(32) at patch 32, reason=Area 0.000312 below minimum 0.01
  Mandatory DeletePatch(33) at patch 33, reason=Area 0.009948 below minimum 0.01
  Mandatory DeletePatch(34) at patch 34, reason=Area 0.000916 below minimum 0.01
  Total patches: 31, total adds: 18, total deletes: 17
  step 350/1000: loss=0.198136, patches=35
SRD step 400: evaluated 27 candidates, 0 promising, accepted 0
  Total patches: 31, total adds: 18, total deletes: 17
  step 400/1000: loss=0.198624, patches=31
[SRD rewrite] restored patch=31, position=(0.431, 1.035, -0.342), improvement=0.002037
[SRD rewrite] added patch=32, position=(0.779, 0.400, -1.359), improvement=0.001298
SRD step 450: evaluated 27 candidates, 21 promising, accepted 3
  Accepted RestorePatch(6) at patch 31, improvement=0.002037
  Accepted AddPatch at patch 32, improvement=0.001298
  Accepted SplitPatch(4) at patch 4, improvement=0.001169
  Total patches: 33, total adds: 20, total deletes: 17
  step 450/1000: loss=0.189455, patches=31
[SRD rewrite] deleted patch=32, position=(0.765, 0.304, -1.372), reason=Area 0.000260 below minimum 0.01
[SRD rewrite] deleted patch=31, position=(0.404, 1.026, -0.222), reason=Area 0.000536 below minimum 0.01
SRD step 500: evaluated 27 candidates, 0 promising, accepted 2
  Mandatory DeletePatch(31) at patch 31, reason=Area 0.000536 below minimum 0.01
  Mandatory DeletePatch(32) at patch 32, reason=Area 0.000260 below minimum 0.01
  Total patches: 31, total adds: 20, total deletes: 19
  step 500/1000: loss=0.167096, patches=33
[SRD rewrite] deleted patch=28, position=(1.085, 1.361, -0.298), reason=Area 0.000334 below minimum 0.01
[SRD rewrite] deleted patch=23, position=(1.215, -0.135, -0.254), reason=delete has no image effect
[SRD rewrite] deleted patch=0, position=(1.089, -2.068, 0.847), reason=no image contribution, delete has no image effect
SRD step 550: evaluated 27 candidates, 0 promising, accepted 3
  Mandatory DeletePatch(28) at patch 28, reason=Area 0.000334 below minimum 0.01
  Mandatory DeletePatch(0) at patch 0, reason=no image contribution, delete has no image effect
  Mandatory DeletePatch(23) at patch 23, reason=delete has no image effect
  Total patches: 28, total adds: 20, total deletes: 22
  step 550/1000: loss=0.161577, patches=31
[SRD rewrite] deleted patch=16, position=(-2.212, -0.904, 0.748), reason=Area 0.007366 below minimum 0.01
[SRD rewrite] added patch=27, position=(-1.975, 0.018, -0.180), improvement=0.000217
[SRD rewrite] added patch=28, position=(-1.230, 0.138, -0.244), improvement=0.000061
[SRD rewrite] added patch=29, position=(2.264, 1.735, 1.911), improvement=0.000060
SRD step 600: evaluated 27 candidates, 4 promising, accepted 4
  Accepted AddPatch at patch 27, improvement=0.000217
  Accepted AddPatch at patch 28, improvement=0.000061
  Accepted AddPatch at patch 29, improvement=0.000060
  Mandatory DeletePatch(16) at patch 16, reason=Area 0.007366 below minimum 0.01
  Total patches: 30, total adds: 23, total deletes: 23
  step 600/1000: loss=0.164338, patches=28
[SRD rewrite] deleted patch=29, position=(2.264, 1.735, 1.911), reason=Area 0.009291 below minimum 0.01
[SRD rewrite] deleted patch=28, position=(-1.230, 0.138, -0.244), reason=Area 0.009291 below minimum 0.01
[SRD rewrite] deleted patch=27, position=(-1.934, -0.013, -0.219), reason=Area 0.007416 below minimum 0.01
[SRD rewrite] deleted patch=9, position=(-1.862, -0.966, -0.474), reason=delete has no image effect
SRD step 650: evaluated 27 candidates, 0 promising, accepted 4
  Mandatory DeletePatch(27) at patch 27, reason=Area 0.007416 below minimum 0.01
  Mandatory DeletePatch(28) at patch 28, reason=Area 0.009291 below minimum 0.01
  Mandatory DeletePatch(29) at patch 29, reason=Area 0.009291 below minimum 0.01
  Mandatory DeletePatch(9) at patch 9, reason=delete has no image effect
  Total patches: 26, total adds: 23, total deletes: 27
  step 650/1000: loss=0.159577, patches=30
SRD step 700: evaluated 27 candidates, 0 promising, accepted 0
  Total patches: 26, total adds: 23, total deletes: 27
  step 700/1000: loss=0.163599, patches=26
SRD step 750: evaluated 27 candidates, 0 promising, accepted 0
  Total patches: 26, total adds: 23, total deletes: 27
  step 750/1000: loss=0.167932, patches=26
SRD step 800: evaluated 27 candidates, 0 promising, accepted 0
  Total patches: 26, total adds: 23, total deletes: 27
  step 800/1000: loss=0.167383, patches=26
SRD step 850: evaluated 27 candidates, 0 promising, accepted 0
  Total patches: 26, total adds: 23, total deletes: 27
  step 850/1000: loss=0.167955, patches=26
SRD step 900: evaluated 27 candidates, 0 promising, accepted 0
  Total patches: 26, total adds: 23, total deletes: 27
  step 900/1000: loss=0.165873, patches=26
[SRD rewrite] split patch=6, children=25,26, improvement=0.000756
SRD step 950: evaluated 27 candidates, 1 promising, accepted 1
  Accepted SplitPatch(6) at patch 6, improvement=0.000756
  Total patches: 27, total adds: 24, total deletes: 27
  step 950/1000: loss=0.165176, patches=26
[SRD rewrite] deleted patch=26, position=(-2.353, -0.029, 0.390), reason=Area 0.000536 below minimum 0.01
[SRD rewrite] deleted patch=25, position=(-2.279, -0.136, 0.391), reason=Area 0.000585 below minimum 0.01
SRD step 1000: evaluated 27 candidates, 0 promising, accepted 2
  Mandatory DeletePatch(25) at patch 25, reason=Area 0.000585 below minimum 0.01
  Mandatory DeletePatch(26) at patch 26, reason=Area 0.000536 below minimum 0.01
  Total patches: 25, total adds: 24, total deletes: 29
  step 1000/1000: loss=0.160543, patches=27
[SRD rewrite] deleted patch=9, position=(1.285, -1.939, 1.507), reason=final deletion pass improved loss
[Trial 3] done: loss=0.160073, time=9465.2s
[Run] report written to results/slurm/20260718_0340/patchsize_horse_circle_30/patches_30/with_srd/with_srd.txt
[Swept volume] building (resolution=256)...
[Run] mode=full, trials=3, seeds=[0, 1, 2], steps=1000, srd=False, ablation_flags={'disable_swept_volume_adds': True, 'loss_only_deletion': True, 'disable_splitting': False}
[Trial 1/3] seed=0
[Patch] mapbox-earcut is not installed; falling back to fan fill, so non-convex pieces will render incorrectly. Install it with: pip install mapbox-earcut
  step 50/1000: loss=0.575768, patches=30
  step 100/1000: loss=0.390409, patches=30
  step 150/1000: loss=0.281369, patches=30
  step 200/1000: loss=0.209449, patches=30
  step 250/1000: loss=0.166199, patches=30
  step 300/1000: loss=0.160644, patches=30
  step 350/1000: loss=0.158638, patches=30
  step 400/1000: loss=0.157249, patches=30
  step 450/1000: loss=0.158622, patches=30
  step 500/1000: loss=0.152612, patches=30
  step 550/1000: loss=0.149494, patches=30
  step 600/1000: loss=0.151797, patches=30
  step 650/1000: loss=0.150488, patches=30
  step 700/1000: loss=0.150323, patches=30
  step 750/1000: loss=0.150617, patches=30
  step 800/1000: loss=0.146890, patches=30
  step 850/1000: loss=0.148077, patches=30
  step 900/1000: loss=0.165394, patches=30
  step 950/1000: loss=0.181169, patches=30
  step 1000/1000: loss=0.178572, patches=30
[Trial 1] done: loss=0.177118, time=2583.4s
[Trial 2/3] seed=1
  step 50/1000: loss=0.630283, patches=30
  step 100/1000: loss=0.425695, patches=30
  step 150/1000: loss=0.344909, patches=30
  step 200/1000: loss=0.316334, patches=30
  step 250/1000: loss=0.313059, patches=30
  step 300/1000: loss=0.293107, patches=30
  step 350/1000: loss=0.256049, patches=30
  step 400/1000: loss=0.240343, patches=30
  step 450/1000: loss=0.216686, patches=30
  step 500/1000: loss=0.210194, patches=30
  step 550/1000: loss=0.209759, patches=30
  step 600/1000: loss=0.203118, patches=30
  step 650/1000: loss=0.201385, patches=30
  step 700/1000: loss=0.202509, patches=30
  step 750/1000: loss=0.199704, patches=30
  step 800/1000: loss=0.201415, patches=30
  step 850/1000: loss=0.203373, patches=30
  step 900/1000: loss=0.200683, patches=30
  step 950/1000: loss=0.200411, patches=30
  step 1000/1000: loss=0.202613, patches=30
[Trial 2] done: loss=0.202773, time=2544.3s
[Trial 3/3] seed=2
  step 50/1000: loss=0.682270, patches=30
  step 100/1000: loss=0.470063, patches=30
  step 150/1000: loss=0.397163, patches=30
  step 200/1000: loss=0.338618, patches=30
  step 250/1000: loss=0.323775, patches=30
  step 300/1000: loss=0.303005, patches=30
  step 350/1000: loss=0.296761, patches=30
  step 400/1000: loss=0.287266, patches=30
  step 450/1000: loss=0.276762, patches=30
  step 500/1000: loss=0.269502, patches=30
  step 550/1000: loss=0.266386, patches=30
  step 600/1000: loss=0.261283, patches=30
  step 650/1000: loss=0.258852, patches=30
  step 700/1000: loss=0.258018, patches=30
  step 750/1000: loss=0.257169, patches=30
  step 800/1000: loss=0.253347, patches=30
  step 850/1000: loss=0.251108, patches=30
  step 900/1000: loss=0.248703, patches=30
  step 950/1000: loss=0.246552, patches=30
  step 1000/1000: loss=0.239053, patches=30
[Trial 3] done: loss=0.240041, time=2483.5s
[Run] report written to results/slurm/20260718_0340/patchsize_horse_circle_30/patches_30/without_srd/without_srd.txt

======================================================================
Running 3 trials WITH SRD
======================================================================


======================================================================
Running 3 trials WITHOUT SRD
======================================================================


[Comparison] report written to results/slurm/20260718_0340/patchsize_horse_circle_30/patches_30/comparison.txt

======================================================================
SRD Patch Size Comparison
======================================================================
Started: 2026-07-18T04:39:28
Patch sizes: [30]
Trials per size: 3
Steps per trial: 1000
Output directory: results/slurm/20260718_0340/patchsize_horse_circle_30
======================================================================


======================================================================
Running comparison with 30 initial patches
  Target 1: images/horse.png
  Target 2: images/circle.png
  Trials: 3, Steps: 1000
======================================================================

[OK] Comparison with 30 patches completed successfully

======================================================================
Comparison Summary
======================================================================
Successful: 1/1
Total time: 37152.5 seconds (10.32 hours)
Summary report: results/slurm/20260718_0340/patchsize_horse_circle_30/SUMMARY.txt
======================================================================

