## SLURM PROLOG ###############################################################
##    Job ID : 4079942
##  Job Name : 20260718_0323_comparison_water_fire_basic
##  Nodelist : gpu2603
##      CPUs : 
##  Mem/Node : 128000 MB
## Directory : /oscar/home/cjmok/automated-perspective-sculptor
##   Job Started : Sat Jul 18 03:41:58 AM EDT 2026
###############################################################################
[Swept volume] building (resolution=256)...
[Run] mode=full, trials=3, seeds=[0, 1, 2], steps=2000, srd=False, ablation_flags={'disable_swept_volume_adds': False, 'loss_only_deletion': False, 'disable_splitting': False}
[Trial 1/3] seed=0
[Patch] mapbox-earcut is not installed; falling back to fan fill, so non-convex pieces will render incorrectly. Install it with: pip install mapbox-earcut
  step 50/2000: loss=0.254125, patches=20
  step 100/2000: loss=0.168412, patches=20
  step 150/2000: loss=0.144420, patches=20
  step 200/2000: loss=0.134799, patches=20
  step 250/2000: loss=0.136778, patches=20
  step 300/2000: loss=0.128508, patches=20
  step 350/2000: loss=0.117524, patches=20
  step 400/2000: loss=0.113237, patches=20
  step 450/2000: loss=0.113506, patches=20
  step 500/2000: loss=0.103372, patches=20
  step 550/2000: loss=0.106808, patches=20
  step 600/2000: loss=0.104246, patches=20
  step 650/2000: loss=0.107373, patches=20
  step 700/2000: loss=0.108450, patches=20
  step 750/2000: loss=0.104084, patches=20
  step 800/2000: loss=0.097742, patches=20
  step 850/2000: loss=0.096665, patches=20
  step 900/2000: loss=0.097529, patches=20
  step 950/2000: loss=0.093825, patches=20
  step 1000/2000: loss=0.096114, patches=20
  step 1050/2000: loss=0.096446, patches=20
  step 1100/2000: loss=0.093902, patches=20
  step 1150/2000: loss=0.095714, patches=20
  step 1200/2000: loss=0.093350, patches=20
  step 1250/2000: loss=0.090594, patches=20
  step 1300/2000: loss=0.089322, patches=20
  step 1350/2000: loss=0.086926, patches=20
  step 1400/2000: loss=0.086273, patches=20
  step 1450/2000: loss=0.088005, patches=20
  step 1500/2000: loss=0.085945, patches=20
  step 1550/2000: loss=0.085621, patches=20
  step 1600/2000: loss=0.085402, patches=20
  step 1650/2000: loss=0.087427, patches=20
  step 1700/2000: loss=0.083725, patches=20
  step 1750/2000: loss=0.086186, patches=20
  step 1800/2000: loss=0.085188, patches=20
  step 1850/2000: loss=0.086644, patches=20
  step 1900/2000: loss=0.083948, patches=20
  step 1950/2000: loss=0.084506, patches=20
  step 2000/2000: loss=0.078980, patches=20
[Trial 1] done: loss=0.079860, time=3080.4s
[Trial 2/3] seed=1
  step 50/2000: loss=0.291292, patches=20
  step 100/2000: loss=0.200708, patches=20
  step 150/2000: loss=0.163370, patches=20
  step 200/2000: loss=0.134988, patches=20
  step 250/2000: loss=0.115766, patches=20
  step 300/2000: loss=0.105427, patches=20
  step 350/2000: loss=0.099709, patches=20
  step 400/2000: loss=0.079942, patches=20
  step 450/2000: loss=0.078285, patches=20
  step 500/2000: loss=0.073410, patches=20
  step 550/2000: loss=0.079134, patches=20
  step 600/2000: loss=0.076089, patches=20
  step 650/2000: loss=0.070904, patches=20
  step 700/2000: loss=0.067999, patches=20
  step 750/2000: loss=0.066454, patches=20
  step 800/2000: loss=0.068201, patches=20
  step 850/2000: loss=0.065398, patches=20
  step 900/2000: loss=0.070751, patches=20
  step 950/2000: loss=0.070994, patches=20
  step 1000/2000: loss=0.071372, patches=20
  step 1050/2000: loss=0.074034, patches=20
  step 1100/2000: loss=0.073017, patches=20
  step 1150/2000: loss=0.073753, patches=20
  step 1200/2000: loss=0.065476, patches=20
  step 1250/2000: loss=0.068857, patches=20
  step 1300/2000: loss=0.073290, patches=20
  step 1350/2000: loss=0.071391, patches=20
  step 1400/2000: loss=0.070336, patches=20
  step 1450/2000: loss=0.071598, patches=20
  step 1500/2000: loss=0.074806, patches=20
  step 1550/2000: loss=0.070910, patches=20
  step 1600/2000: loss=0.072604, patches=20
  step 1650/2000: loss=0.072133, patches=20
  step 1700/2000: loss=0.070775, patches=20
  step 1750/2000: loss=0.073376, patches=20
  step 1800/2000: loss=0.073864, patches=20
  step 1850/2000: loss=0.067191, patches=20
  step 1900/2000: loss=0.069050, patches=20
  step 1950/2000: loss=0.066979, patches=20
  step 2000/2000: loss=0.065822, patches=20
[Trial 2] done: loss=0.066948, time=3384.9s
[Trial 3/3] seed=2
  step 50/2000: loss=0.297601, patches=20
  step 100/2000: loss=0.189427, patches=20
  step 150/2000: loss=0.149011, patches=20
  step 200/2000: loss=0.142171, patches=20
  step 250/2000: loss=0.123107, patches=20
  step 300/2000: loss=0.110653, patches=20
  step 350/2000: loss=0.113383, patches=20
  step 400/2000: loss=0.111343, patches=20
  step 450/2000: loss=0.119103, patches=20
  step 500/2000: loss=0.120106, patches=20
  step 550/2000: loss=0.116064, patches=20
  step 600/2000: loss=0.110888, patches=20
  step 650/2000: loss=0.108749, patches=20
  step 700/2000: loss=0.103769, patches=20
  step 750/2000: loss=0.101709, patches=20
  step 800/2000: loss=0.106707, patches=20
  step 850/2000: loss=0.102871, patches=20
  step 900/2000: loss=0.102197, patches=20
  step 950/2000: loss=0.101482, patches=20
  step 1000/2000: loss=0.098757, patches=20
  step 1050/2000: loss=0.098605, patches=20
  step 1100/2000: loss=0.098365, patches=20
  step 1150/2000: loss=0.099711, patches=20
  step 1200/2000: loss=0.096964, patches=20
  step 1250/2000: loss=0.096393, patches=20
  step 1300/2000: loss=0.095137, patches=20
  step 1350/2000: loss=0.095361, patches=20
  step 1400/2000: loss=0.095460, patches=20
  step 1450/2000: loss=0.094828, patches=20
  step 1500/2000: loss=0.092627, patches=20
  step 1550/2000: loss=0.089648, patches=20
  step 1600/2000: loss=0.082187, patches=20
  step 1650/2000: loss=0.081161, patches=20
  step 1700/2000: loss=0.083075, patches=20
  step 1750/2000: loss=0.081646, patches=20
  step 1800/2000: loss=0.080360, patches=20
  step 1850/2000: loss=0.078951, patches=20
  step 1900/2000: loss=0.078705, patches=20
  step 1950/2000: loss=0.080033, patches=20
  step 2000/2000: loss=0.079726, patches=20
[Trial 3] done: loss=0.079782, time=3237.0s
[Run] report written to results/slurm/20260718_0323/comparison_water_fire_basic/output.txt
