## SLURM PROLOG ###############################################################
##    Job ID : 4093809
##  Job Name : 20260718_1833_ablation_water_fire_ablation
##  Nodelist : gpu2601
##      CPUs : 
##  Mem/Node : 128000 MB
## Directory : /oscar/home/cjmok/automated-perspective-sculptor
##   Job Started : Sat Jul 18 07:06:25 PM EDT 2026
###############################################################################
[Swept volume] building (resolution=256)...
[Run] mode=ablation, trials=3, seeds=[0, 1, 2], steps=2000, srd=True, ablation_flags={'disable_swept_volume_adds': True, 'loss_only_deletion': True, 'disable_splitting': True}
[Trial 1/3] seed=0
[Patch] mapbox-earcut is not installed; falling back to fan fill, so non-convex pieces will render incorrectly. Install it with: pip install mapbox-earcut
[SRD rewrite] deleted patch=12, position=(1.745, -0.660, -0.709), reason=accepted rewrite
[SRD rewrite] deleted patch=4, position=(-1.048, -1.156, -1.416), reason=accepted rewrite
[SRD rewrite] deleted patch=3, position=(-1.178, -0.599, -1.077), reason=accepted rewrite
[SRD rewrite] added patch=17, position=(0.729, -0.312, 1.959), improvement=0.015937
[SRD rewrite] added patch=18, position=(0.585, 2.219, 0.909), improvement=0.015922
[SRD rewrite] added patch=19, position=(0.342, -2.406, 0.588), improvement=0.015922
SRD step 50: evaluated 32 candidates, 30 promising, accepted 6
  Accepted DeletePatch(4) at patch 4, improvement=0.018416
  Accepted AddPatch at patch 17, improvement=0.015937
  Accepted AddPatch at patch 18, improvement=0.015922
  Accepted AddPatch at patch 19, improvement=0.015922
  Accepted DeletePatch(12) at patch 12, improvement=0.011542
  Accepted DeletePatch(3) at patch 3, improvement=0.005069
  Total patches: 20, total adds: 3, total deletes: 3
  step 50/2000: loss=0.254125, patches=20
[SRD rewrite] deleted patch=17, position=(0.596, -0.404, 1.813), reason=accepted rewrite
[SRD rewrite] added patch=19, position=(1.779, -2.441, -0.700), improvement=0.003183
[SRD rewrite] added patch=20, position=(1.905, 2.382, 0.588), improvement=0.003183
[SRD rewrite] added patch=21, position=(0.259, -2.332, 2.345), improvement=0.003183
SRD step 100: evaluated 32 candidates, 24 promising, accepted 4
  Accepted AddPatch at patch 19, improvement=0.003183
  Accepted AddPatch at patch 20, improvement=0.003183
  Accepted AddPatch at patch 21, improvement=0.003183
  Accepted DeletePatch(17) at patch 17, improvement=0.001551
  Total patches: 22, total adds: 6, total deletes: 4
  step 100/2000: loss=0.147552, patches=20
[SRD rewrite] deleted patch=19, position=(1.779, -2.441, -0.700), reason=accepted rewrite
[SRD rewrite] added patch=21, position=(-0.443, -0.704, -0.503), improvement=0.004277
[SRD rewrite] added patch=22, position=(0.047, -2.068, 0.800), improvement=0.003671
[SRD rewrite] restored patch=23, position=(0.596, -0.404, 1.813), improvement=0.003425
SRD step 150: evaluated 32 candidates, 23 promising, accepted 4
  Accepted AddPatch at patch 21, improvement=0.004277
  Accepted AddPatch at patch 22, improvement=0.003671
  Accepted RestorePatch(3) at patch 23, improvement=0.003425
  Accepted DeletePatch(19) at patch 19, improvement=0.001583
  Total patches: 24, total adds: 9, total deletes: 5
  step 150/2000: loss=0.123911, patches=22
SRD step 200: evaluated 32 candidates, 0 promising, accepted 0
  Total patches: 24, total adds: 9, total deletes: 5
  step 200/2000: loss=0.111498, patches=24
SRD step 250: evaluated 32 candidates, 0 promising, accepted 0
  Total patches: 24, total adds: 9, total deletes: 5
  step 250/2000: loss=0.104288, patches=24
[SRD rewrite] restored patch=24, position=(1.779, -2.441, -0.700), improvement=0.000131
SRD step 300: evaluated 32 candidates, 4 promising, accepted 1
  Accepted RestorePatch(3) at patch 24, improvement=0.000131
  Total patches: 25, total adds: 10, total deletes: 5
  step 300/2000: loss=0.083567, patches=24
SRD step 350: evaluated 32 candidates, 0 promising, accepted 0
  Total patches: 25, total adds: 10, total deletes: 5
  step 350/2000: loss=0.076223, patches=25
[SRD rewrite] added patch=25, position=(0.555, -2.487, 2.158), improvement=0.000327
[SRD rewrite] added patch=26, position=(-2.339, -0.217, 1.624), improvement=0.000029
SRD step 400: evaluated 32 candidates, 2 promising, accepted 2
  Accepted AddPatch at patch 25, improvement=0.000327
  Accepted AddPatch at patch 26, improvement=0.000029
  Total patches: 27, total adds: 12, total deletes: 5
  step 400/2000: loss=0.074578, patches=25
SRD step 450: evaluated 32 candidates, 0 promising, accepted 0
  Total patches: 27, total adds: 12, total deletes: 5
  step 450/2000: loss=0.068755, patches=27
SRD step 500: evaluated 32 candidates, 0 promising, accepted 0
  Total patches: 27, total adds: 12, total deletes: 5
  step 500/2000: loss=0.064696, patches=27
SRD step 550: evaluated 32 candidates, 0 promising, accepted 0
  Total patches: 27, total adds: 12, total deletes: 5
  step 550/2000: loss=0.060651, patches=27
SRD step 600: evaluated 32 candidates, 0 promising, accepted 0
  Total patches: 27, total adds: 12, total deletes: 5
  step 600/2000: loss=0.061097, patches=27
SRD step 650: evaluated 32 candidates, 0 promising, accepted 0
  Total patches: 27, total adds: 12, total deletes: 5
  step 650/2000: loss=0.059965, patches=27
SRD step 700: evaluated 32 candidates, 0 promising, accepted 0
  Total patches: 27, total adds: 12, total deletes: 5
  step 700/2000: loss=0.059011, patches=27
SRD step 750: evaluated 32 candidates, 0 promising, accepted 0
  Total patches: 27, total adds: 12, total deletes: 5
  step 750/2000: loss=0.058001, patches=27
SRD step 800: evaluated 32 candidates, 0 promising, accepted 0
  Total patches: 27, total adds: 12, total deletes: 5
  step 800/2000: loss=0.056307, patches=27
SRD step 850: evaluated 32 candidates, 0 promising, accepted 0
  Total patches: 27, total adds: 12, total deletes: 5
  step 850/2000: loss=0.056548, patches=27
SRD step 900: evaluated 32 candidates, 0 promising, accepted 0
  Total patches: 27, total adds: 12, total deletes: 5
  step 900/2000: loss=0.056597, patches=27
SRD step 950: evaluated 32 candidates, 0 promising, accepted 0
  Total patches: 27, total adds: 12, total deletes: 5
  step 950/2000: loss=0.056953, patches=27
SRD step 1000: evaluated 32 candidates, 0 promising, accepted 0
  Total patches: 27, total adds: 12, total deletes: 5
  step 1000/2000: loss=0.055262, patches=27
SRD step 1050: evaluated 32 candidates, 0 promising, accepted 0
  Total patches: 27, total adds: 12, total deletes: 5
  step 1050/2000: loss=0.055482, patches=27
SRD step 1100: evaluated 32 candidates, 0 promising, accepted 0
  Total patches: 27, total adds: 12, total deletes: 5
  step 1100/2000: loss=0.055518, patches=27
SRD step 1150: evaluated 32 candidates, 0 promising, accepted 0
  Total patches: 27, total adds: 12, total deletes: 5
  step 1150/2000: loss=0.054997, patches=27
SRD step 1200: evaluated 32 candidates, 0 promising, accepted 0
  Total patches: 27, total adds: 12, total deletes: 5
  step 1200/2000: loss=0.051931, patches=27
SRD step 1250: evaluated 32 candidates, 0 promising, accepted 0
  Total patches: 27, total adds: 12, total deletes: 5
  step 1250/2000: loss=0.052882, patches=27
SRD step 1300: evaluated 32 candidates, 0 promising, accepted 0
  Total patches: 27, total adds: 12, total deletes: 5
  step 1300/2000: loss=0.053667, patches=27
SRD step 1350: evaluated 32 candidates, 0 promising, accepted 0
  Total patches: 27, total adds: 12, total deletes: 5
  step 1350/2000: loss=0.054526, patches=27
SRD step 1400: evaluated 32 candidates, 0 promising, accepted 0
  Total patches: 27, total adds: 12, total deletes: 5
  step 1400/2000: loss=0.053996, patches=27
SRD step 1450: evaluated 32 candidates, 0 promising, accepted 0
  Total patches: 27, total adds: 12, total deletes: 5
  step 1450/2000: loss=0.054596, patches=27
SRD step 1500: evaluated 32 candidates, 0 promising, accepted 0
  Total patches: 27, total adds: 12, total deletes: 5
  step 1500/2000: loss=0.053524, patches=27
SRD step 1550: evaluated 32 candidates, 0 promising, accepted 0
  Total patches: 27, total adds: 12, total deletes: 5
  step 1550/2000: loss=0.052280, patches=27
SRD step 1600: evaluated 32 candidates, 0 promising, accepted 0
  Total patches: 27, total adds: 12, total deletes: 5
  step 1600/2000: loss=0.053682, patches=27
SRD step 1650: evaluated 32 candidates, 0 promising, accepted 0
  Total patches: 27, total adds: 12, total deletes: 5
  step 1650/2000: loss=0.053934, patches=27
SRD step 1700: evaluated 32 candidates, 0 promising, accepted 0
  Total patches: 27, total adds: 12, total deletes: 5
  step 1700/2000: loss=0.054896, patches=27
SRD step 1750: evaluated 32 candidates, 0 promising, accepted 0
  Total patches: 27, total adds: 12, total deletes: 5
  step 1750/2000: loss=0.055291, patches=27
SRD step 1800: evaluated 32 candidates, 0 promising, accepted 0
  Total patches: 27, total adds: 12, total deletes: 5
  step 1800/2000: loss=0.053942, patches=27
SRD step 1850: evaluated 32 candidates, 0 promising, accepted 0
  Total patches: 27, total adds: 12, total deletes: 5
  step 1850/2000: loss=0.055213, patches=27
SRD step 1900: evaluated 32 candidates, 0 promising, accepted 0
  Total patches: 27, total adds: 12, total deletes: 5
  step 1900/2000: loss=0.053099, patches=27
SRD step 1950: evaluated 32 candidates, 0 promising, accepted 0
  Total patches: 27, total adds: 12, total deletes: 5
  step 1950/2000: loss=0.053029, patches=27
SRD step 2000: evaluated 32 candidates, 0 promising, accepted 0
  Total patches: 27, total adds: 12, total deletes: 5
  step 2000/2000: loss=0.053130, patches=27
[SRD rewrite] deleted patch=2, position=(-0.062, 0.008, 1.098), reason=final deletion pass improved loss
[SRD rewrite] deleted patch=3, position=(-0.010, -0.875, 0.188), reason=final deletion pass improved loss
[SRD rewrite] deleted patch=21, position=(-0.167, -1.919, 1.083), reason=final deletion pass improved loss
[Trial 1] done: loss=0.052462, time=10618.6s
[Trial 2/3] seed=1
[SRD rewrite] deleted patch=14, position=(0.770, -0.432, -0.167), reason=accepted rewrite
[SRD rewrite] added patch=19, position=(1.891, -2.363, 0.852), improvement=0.012366
[SRD rewrite] added patch=20, position=(1.102, -2.499, -0.988), improvement=0.012366
[SRD rewrite] added patch=21, position=(0.617, -2.421, 2.147), improvement=0.012366
SRD step 50: evaluated 32 candidates, 28 promising, accepted 4
  Accepted AddPatch at patch 19, improvement=0.012366
  Accepted AddPatch at patch 20, improvement=0.012366
  Accepted AddPatch at patch 21, improvement=0.012366
  Accepted DeletePatch(14) at patch 14, improvement=0.000068
  Total patches: 22, total adds: 3, total deletes: 1
  step 50/2000: loss=0.291292, patches=20
[SRD rewrite] deleted patch=20, position=(1.102, -2.499, -0.988), reason=accepted rewrite
[SRD rewrite] deleted patch=9, position=(0.290, -1.474, -0.878), reason=accepted rewrite
[SRD rewrite] added patch=20, position=(0.708, -0.550, -0.070), improvement=0.008632
[SRD rewrite] restored patch=21, position=(0.770, -0.432, -0.167), improvement=0.008619
[SRD rewrite] added patch=22, position=(0.248, 2.131, 2.094), improvement=0.008026
SRD step 100: evaluated 32 candidates, 29 promising, accepted 5
  Accepted DeletePatch(9) at patch 9, improvement=0.012402
  Accepted AddPatch at patch 20, improvement=0.008632
  Accepted RestorePatch(0) at patch 21, improvement=0.008619
  Accepted AddPatch at patch 22, improvement=0.008026
  Accepted DeletePatch(20) at patch 20, improvement=0.002939
  Total patches: 23, total adds: 6, total deletes: 3
  step 100/2000: loss=0.201573, patches=22
[SRD rewrite] added patch=23, position=(-0.165, -1.407, -0.296), improvement=0.005334
[SRD rewrite] restored patch=24, position=(1.102, -2.499, -0.988), improvement=0.004813
[SRD rewrite] added patch=25, position=(-0.834, -2.455, 0.027), improvement=0.004813
SRD step 150: evaluated 32 candidates, 24 promising, accepted 3
  Accepted AddPatch at patch 23, improvement=0.005334
  Accepted RestorePatch(0) at patch 24, improvement=0.004813
  Accepted AddPatch at patch 25, improvement=0.004813
  Total patches: 26, total adds: 9, total deletes: 3
  step 150/2000: loss=0.151767, patches=23
[SRD rewrite] added patch=26, position=(0.782, -2.444, 1.177), improvement=0.001895
[SRD rewrite] added patch=27, position=(1.398, 2.472, 0.768), improvement=0.001895
[SRD rewrite] added patch=28, position=(2.330, -1.485, 2.464), improvement=0.001895
SRD step 200: evaluated 32 candidates, 15 promising, accepted 3
  Accepted AddPatch at patch 26, improvement=0.001895
  Accepted AddPatch at patch 27, improvement=0.001895
  Accepted AddPatch at patch 28, improvement=0.001895
  Total patches: 29, total adds: 12, total deletes: 3
  step 200/2000: loss=0.113727, patches=26
[SRD rewrite] added patch=29, position=(1.955, -2.364, 0.110), improvement=0.003004
[SRD rewrite] added patch=30, position=(2.159, 2.184, 1.722), improvement=0.003004
[SRD rewrite] added patch=31, position=(-0.116, -2.434, -0.735), improvement=0.003004
SRD step 250: evaluated 32 candidates, 18 promising, accepted 3
  Accepted AddPatch at patch 29, improvement=0.003004
  Accepted AddPatch at patch 30, improvement=0.003004
  Accepted AddPatch at patch 31, improvement=0.003004
  Total patches: 32, total adds: 15, total deletes: 3
  step 250/2000: loss=0.098331, patches=29
[SRD rewrite] deleted patch=20, position=(0.896, -0.614, -0.105), reason=accepted rewrite
[SRD rewrite] added patch=31, position=(0.859, -0.738, 1.779), improvement=0.003457
[SRD rewrite] added patch=32, position=(-2.474, -0.078, 1.797), improvement=0.003296
[SRD rewrite] added patch=33, position=(-0.323, 2.117, 1.030), improvement=0.002875
SRD step 300: evaluated 32 candidates, 18 promising, accepted 4
  Accepted AddPatch at patch 31, improvement=0.003457
  Accepted AddPatch at patch 32, improvement=0.003296
  Accepted AddPatch at patch 33, improvement=0.002875
  Accepted DeletePatch(20) at patch 20, improvement=0.000179
  Total patches: 34, total adds: 18, total deletes: 4
  step 300/2000: loss=0.072879, patches=32
[SRD rewrite] added patch=34, position=(-0.368, -0.772, 0.875), improvement=0.001256
SRD step 350: evaluated 32 candidates, 1 promising, accepted 1
  Accepted AddPatch at patch 34, improvement=0.001256
  Total patches: 35, total adds: 19, total deletes: 4
  step 350/2000: loss=0.061680, patches=34
SRD step 400: evaluated 32 candidates, 0 promising, accepted 0
  Total patches: 35, total adds: 19, total deletes: 4
  step 400/2000: loss=0.050532, patches=35
SRD step 450: evaluated 32 candidates, 0 promising, accepted 0
  Total patches: 35, total adds: 19, total deletes: 4
  step 450/2000: loss=0.048197, patches=35
SRD step 500: evaluated 32 candidates, 0 promising, accepted 0
  Total patches: 35, total adds: 19, total deletes: 4
  step 500/2000: loss=0.049035, patches=35
SRD step 550: evaluated 32 candidates, 0 promising, accepted 0
  Total patches: 35, total adds: 19, total deletes: 4
  step 550/2000: loss=0.044538, patches=35
SRD step 600: evaluated 32 candidates, 0 promising, accepted 0
  Total patches: 35, total adds: 19, total deletes: 4
  step 600/2000: loss=0.045476, patches=35
SRD step 650: evaluated 32 candidates, 0 promising, accepted 0
  Total patches: 35, total adds: 19, total deletes: 4
  step 650/2000: loss=0.045340, patches=35
SRD step 700: evaluated 32 candidates, 0 promising, accepted 0
  Total patches: 35, total adds: 19, total deletes: 4
  step 700/2000: loss=0.045272, patches=35
SRD step 750: evaluated 32 candidates, 0 promising, accepted 0
  Total patches: 35, total adds: 19, total deletes: 4
  step 750/2000: loss=0.046148, patches=35
SRD step 800: evaluated 32 candidates, 0 promising, accepted 0
  Total patches: 35, total adds: 19, total deletes: 4
  step 800/2000: loss=0.046508, patches=35
SRD step 850: evaluated 32 candidates, 0 promising, accepted 0
  Total patches: 35, total adds: 19, total deletes: 4
  step 850/2000: loss=0.045111, patches=35
SRD step 900: evaluated 32 candidates, 0 promising, accepted 0
  Total patches: 35, total adds: 19, total deletes: 4
  step 900/2000: loss=0.045468, patches=35
SRD step 950: evaluated 32 candidates, 0 promising, accepted 0
  Total patches: 35, total adds: 19, total deletes: 4
  step 950/2000: loss=0.043915, patches=35
SRD step 1000: evaluated 32 candidates, 0 promising, accepted 0
  Total patches: 35, total adds: 19, total deletes: 4
  step 1000/2000: loss=0.042464, patches=35
SRD step 1050: evaluated 32 candidates, 0 promising, accepted 0
  Total patches: 35, total adds: 19, total deletes: 4
  step 1050/2000: loss=0.042139, patches=35
SRD step 1100: evaluated 32 candidates, 0 promising, accepted 0
  Total patches: 35, total adds: 19, total deletes: 4
  step 1100/2000: loss=0.041512, patches=35
SRD step 1150: evaluated 32 candidates, 0 promising, accepted 0
  Total patches: 35, total adds: 19, total deletes: 4
  step 1150/2000: loss=0.042766, patches=35
SRD step 1200: evaluated 32 candidates, 0 promising, accepted 0
  Total patches: 35, total adds: 19, total deletes: 4
  step 1200/2000: loss=0.043346, patches=35
SRD step 1250: evaluated 32 candidates, 0 promising, accepted 0
  Total patches: 35, total adds: 19, total deletes: 4
  step 1250/2000: loss=0.042513, patches=35
SRD step 1300: evaluated 32 candidates, 0 promising, accepted 0
  Total patches: 35, total adds: 19, total deletes: 4
  step 1300/2000: loss=0.042141, patches=35
SRD step 1350: evaluated 32 candidates, 0 promising, accepted 0
  Total patches: 35, total adds: 19, total deletes: 4
  step 1350/2000: loss=0.041474, patches=35
SRD step 1400: evaluated 32 candidates, 0 promising, accepted 0
  Total patches: 35, total adds: 19, total deletes: 4
  step 1400/2000: loss=0.040241, patches=35
SRD step 1450: evaluated 32 candidates, 0 promising, accepted 0
  Total patches: 35, total adds: 19, total deletes: 4
  step 1450/2000: loss=0.043015, patches=35
SRD step 1500: evaluated 32 candidates, 0 promising, accepted 0
  Total patches: 35, total adds: 19, total deletes: 4
  step 1500/2000: loss=0.040568, patches=35
SRD step 1550: evaluated 32 candidates, 0 promising, accepted 0
  Total patches: 35, total adds: 19, total deletes: 4
  step 1550/2000: loss=0.042185, patches=35
SRD step 1600: evaluated 32 candidates, 0 promising, accepted 0
  Total patches: 35, total adds: 19, total deletes: 4
  step 1600/2000: loss=0.039533, patches=35
SRD step 1650: evaluated 32 candidates, 0 promising, accepted 0
  Total patches: 35, total adds: 19, total deletes: 4
  step 1650/2000: loss=0.040350, patches=35
SRD step 1700: evaluated 32 candidates, 0 promising, accepted 0
  Total patches: 35, total adds: 19, total deletes: 4
  step 1700/2000: loss=0.039705, patches=35
SRD step 1750: evaluated 32 candidates, 0 promising, accepted 0
  Total patches: 35, total adds: 19, total deletes: 4
  step 1750/2000: loss=0.044134, patches=35
SRD step 1800: evaluated 32 candidates, 0 promising, accepted 0
  Total patches: 35, total adds: 19, total deletes: 4
  step 1800/2000: loss=0.042355, patches=35
SRD step 1850: evaluated 32 candidates, 0 promising, accepted 0
  Total patches: 35, total adds: 19, total deletes: 4
  step 1850/2000: loss=0.041836, patches=35
SRD step 1900: evaluated 32 candidates, 0 promising, accepted 0
  Total patches: 35, total adds: 19, total deletes: 4
  step 1900/2000: loss=0.040867, patches=35
SRD step 1950: evaluated 32 candidates, 0 promising, accepted 0
  Total patches: 35, total adds: 19, total deletes: 4
  step 1950/2000: loss=0.043823, patches=35
SRD step 2000: evaluated 32 candidates, 0 promising, accepted 0
  Total patches: 35, total adds: 19, total deletes: 4
  step 2000/2000: loss=0.040891, patches=35
[SRD rewrite] deleted patch=12, position=(0.896, 0.559, -0.482), reason=final deletion pass improved loss
[SRD rewrite] deleted patch=12, position=(0.044, -0.173, -0.846), reason=final deletion pass improved loss
[SRD rewrite] deleted patch=29, position=(0.044, -0.156, 1.196), reason=final deletion pass improved loss
[SRD rewrite] deleted patch=29, position=(-2.443, -0.078, 1.797), reason=final deletion pass improved loss
[SRD rewrite] deleted patch=29, position=(-0.872, 1.992, 0.732), reason=final deletion pass improved loss
[Trial 2] done: loss=0.039505, time=13835.9s
[Trial 3/3] seed=2
[SRD rewrite] deleted patch=15, position=(-0.493, -1.293, -0.902), reason=accepted rewrite
[SRD rewrite] deleted patch=9, position=(0.906, -0.094, 0.184), reason=accepted rewrite
[SRD rewrite] deleted patch=7, position=(-0.660, -1.458, -0.836), reason=accepted rewrite
[SRD rewrite] added patch=17, position=(-0.293, 0.020, -0.882), improvement=0.019363
[SRD rewrite] added patch=18, position=(0.120, -0.717, -2.272), improvement=0.018569
[SRD rewrite] added patch=19, position=(-0.362, -0.316, 1.383), improvement=0.018523
SRD step 50: evaluated 32 candidates, 30 promising, accepted 6
  Accepted AddPatch at patch 17, improvement=0.019363
  Accepted AddPatch at patch 18, improvement=0.018569
  Accepted AddPatch at patch 19, improvement=0.018523
  Accepted DeletePatch(7) at patch 7, improvement=0.009225
  Accepted DeletePatch(9) at patch 9, improvement=0.008229
  Accepted DeletePatch(15) at patch 15, improvement=0.000280
  Total patches: 20, total adds: 3, total deletes: 3
  step 50/2000: loss=0.297601, patches=20
[SRD rewrite] deleted patch=19, position=(-0.464, -0.332, 1.281), reason=accepted rewrite
[SRD rewrite] restored patch=19, position=(-0.493, -1.293, -0.902), improvement=0.016034
[SRD rewrite] added patch=20, position=(-0.592, 2.324, 1.402), improvement=0.008293
[SRD rewrite] added patch=21, position=(1.726, 2.443, -2.256), improvement=0.008099
SRD step 100: evaluated 32 candidates, 28 promising, accepted 4
  Accepted RestorePatch(0) at patch 19, improvement=0.016034
  Accepted AddPatch at patch 20, improvement=0.008293
  Accepted AddPatch at patch 21, improvement=0.008099
  Accepted DeletePatch(19) at patch 19, improvement=0.001571
  Total patches: 22, total adds: 6, total deletes: 4
  step 100/2000: loss=0.230498, patches=20
SRD step 150: evaluated 32 candidates, 0 promising, accepted 0
  Total patches: 22, total adds: 6, total deletes: 4
  step 150/2000: loss=0.169954, patches=22
[SRD rewrite] added patch=22, position=(-0.080, 2.293, 0.384), improvement=0.002442
[SRD rewrite] added patch=23, position=(-2.488, -0.039, 2.190), improvement=0.002045
[SRD rewrite] restored patch=24, position=(0.906, -0.094, 0.184), improvement=0.001426
SRD step 200: evaluated 32 candidates, 25 promising, accepted 3
  Accepted AddPatch at patch 22, improvement=0.002442
  Accepted AddPatch at patch 23, improvement=0.002045
  Accepted RestorePatch(0) at patch 24, improvement=0.001426
  Total patches: 25, total adds: 9, total deletes: 4
  step 200/2000: loss=0.151204, patches=22
[SRD rewrite] added patch=25, position=(1.092, 2.299, 2.248), improvement=0.000812
[SRD rewrite] added patch=26, position=(0.137, 0.513, 0.778), improvement=0.000526
[SRD rewrite] added patch=27, position=(-0.700, -2.315, 0.730), improvement=0.000113
SRD step 250: evaluated 32 candidates, 4 promising, accepted 3
  Accepted AddPatch at patch 25, improvement=0.000812
  Accepted AddPatch at patch 26, improvement=0.000526
  Accepted AddPatch at patch 27, improvement=0.000113
  Total patches: 28, total adds: 12, total deletes: 4
  step 250/2000: loss=0.122105, patches=25
[SRD rewrite] deleted patch=11, position=(1.634, 0.003, 0.870), reason=accepted rewrite
[SRD rewrite] added patch=27, position=(0.854, -1.236, -0.463), improvement=0.000574
[SRD rewrite] added patch=28, position=(2.335, 2.182, 0.831), improvement=0.000570
[SRD rewrite] added patch=29, position=(0.246, -0.188, -1.808), improvement=0.000173
SRD step 300: evaluated 32 candidates, 5 promising, accepted 4
  Accepted DeletePatch(11) at patch 11, improvement=0.007950
  Accepted AddPatch at patch 27, improvement=0.000574
  Accepted AddPatch at patch 28, improvement=0.000570
  Accepted AddPatch at patch 29, improvement=0.000173
  Total patches: 30, total adds: 15, total deletes: 5
  step 300/2000: loss=0.114072, patches=28
SRD step 350: evaluated 32 candidates, 0 promising, accepted 0
  Total patches: 30, total adds: 15, total deletes: 5
  step 350/2000: loss=0.109121, patches=30
SRD step 400: evaluated 32 candidates, 0 promising, accepted 0
  Total patches: 30, total adds: 15, total deletes: 5
  step 400/2000: loss=0.109746, patches=30
[SRD rewrite] deleted patch=10, position=(-0.291, -0.342, -2.318), reason=accepted rewrite
[SRD rewrite] added patch=29, position=(0.884, -2.429, -0.219), improvement=0.000636
[SRD rewrite] added patch=30, position=(0.181, 0.504, 1.765), improvement=0.000141
SRD step 450: evaluated 32 candidates, 3 promising, accepted 3
  Accepted DeletePatch(10) at patch 10, improvement=0.003598
  Accepted AddPatch at patch 29, improvement=0.000636
  Accepted AddPatch at patch 30, improvement=0.000141
  Total patches: 31, total adds: 17, total deletes: 6
  step 450/2000: loss=0.108712, patches=30
SRD step 500: evaluated 32 candidates, 0 promising, accepted 0
  Total patches: 31, total adds: 17, total deletes: 6
  step 500/2000: loss=0.099088, patches=31
SRD step 550: evaluated 32 candidates, 0 promising, accepted 0
  Total patches: 31, total adds: 17, total deletes: 6
  step 550/2000: loss=0.097756, patches=31
SRD step 600: evaluated 32 candidates, 0 promising, accepted 0
  Total patches: 31, total adds: 17, total deletes: 6
  step 600/2000: loss=0.096469, patches=31
SRD step 650: evaluated 32 candidates, 0 promising, accepted 0
  Total patches: 31, total adds: 17, total deletes: 6
  step 650/2000: loss=0.089268, patches=31
SRD step 700: evaluated 32 candidates, 0 promising, accepted 0
  Total patches: 31, total adds: 17, total deletes: 6
  step 700/2000: loss=0.087204, patches=31
SRD step 750: evaluated 32 candidates, 0 promising, accepted 0
  Total patches: 31, total adds: 17, total deletes: 6
  step 750/2000: loss=0.086647, patches=31
SRD step 800: evaluated 32 candidates, 0 promising, accepted 0
  Total patches: 31, total adds: 17, total deletes: 6
  step 800/2000: loss=0.090246, patches=31
SRD step 850: evaluated 32 candidates, 0 promising, accepted 0
  Total patches: 31, total adds: 17, total deletes: 6
  step 850/2000: loss=0.095660, patches=31
SRD step 900: evaluated 32 candidates, 0 promising, accepted 0
  Total patches: 31, total adds: 17, total deletes: 6
  step 900/2000: loss=0.098475, patches=31
SRD step 950: evaluated 32 candidates, 0 promising, accepted 0
  Total patches: 31, total adds: 17, total deletes: 6
  step 950/2000: loss=0.097878, patches=31
SRD step 1000: evaluated 32 candidates, 0 promising, accepted 0
  Total patches: 31, total adds: 17, total deletes: 6
  step 1000/2000: loss=0.095162, patches=31
SRD step 1050: evaluated 32 candidates, 0 promising, accepted 0
  Total patches: 31, total adds: 17, total deletes: 6
  step 1050/2000: loss=0.095565, patches=31
SRD step 1100: evaluated 32 candidates, 0 promising, accepted 0
  Total patches: 31, total adds: 17, total deletes: 6
  step 1100/2000: loss=0.096345, patches=31
SRD step 1150: evaluated 32 candidates, 0 promising, accepted 0
  Total patches: 31, total adds: 17, total deletes: 6
  step 1150/2000: loss=0.092650, patches=31
SRD step 1200: evaluated 32 candidates, 0 promising, accepted 0
  Total patches: 31, total adds: 17, total deletes: 6
  step 1200/2000: loss=0.092856, patches=31
SRD step 1250: evaluated 32 candidates, 0 promising, accepted 0
  Total patches: 31, total adds: 17, total deletes: 6
  step 1250/2000: loss=0.094623, patches=31
SRD step 1300: evaluated 32 candidates, 0 promising, accepted 0
  Total patches: 31, total adds: 17, total deletes: 6
  step 1300/2000: loss=0.094896, patches=31
SRD step 1350: evaluated 32 candidates, 0 promising, accepted 0
  Total patches: 31, total adds: 17, total deletes: 6
  step 1350/2000: loss=0.090178, patches=31
SRD step 1400: evaluated 32 candidates, 0 promising, accepted 0
  Total patches: 31, total adds: 17, total deletes: 6
  step 1400/2000: loss=0.090141, patches=31
SRD step 1450: evaluated 32 candidates, 0 promising, accepted 0
  Total patches: 31, total adds: 17, total deletes: 6
  step 1450/2000: loss=0.090888, patches=31
SRD step 1500: evaluated 32 candidates, 0 promising, accepted 0
  Total patches: 31, total adds: 17, total deletes: 6
  step 1500/2000: loss=0.090539, patches=31
SRD step 1550: evaluated 32 candidates, 0 promising, accepted 0
  Total patches: 31, total adds: 17, total deletes: 6
  step 1550/2000: loss=0.091443, patches=31
SRD step 1600: evaluated 32 candidates, 0 promising, accepted 0
  Total patches: 31, total adds: 17, total deletes: 6
  step 1600/2000: loss=0.092117, patches=31
SRD step 1650: evaluated 32 candidates, 0 promising, accepted 0
  Total patches: 31, total adds: 17, total deletes: 6
  step 1650/2000: loss=0.091684, patches=31
SRD step 1700: evaluated 32 candidates, 0 promising, accepted 0
  Total patches: 31, total adds: 17, total deletes: 6
  step 1700/2000: loss=0.091370, patches=31
SRD step 1750: evaluated 32 candidates, 0 promising, accepted 0
  Total patches: 31, total adds: 17, total deletes: 6
  step 1750/2000: loss=0.091063, patches=31
SRD step 1800: evaluated 32 candidates, 0 promising, accepted 0
  Total patches: 31, total adds: 17, total deletes: 6
  step 1800/2000: loss=0.090471, patches=31
[SRD rewrite] added patch=31, position=(0.172, 2.258, 0.235), improvement=0.002053
[SRD rewrite] added patch=32, position=(1.645, 2.444, 2.149), improvement=0.002053
[SRD rewrite] added patch=33, position=(-0.229, 0.131, -0.906), improvement=0.001367
SRD step 1850: evaluated 32 candidates, 17 promising, accepted 3
  Accepted AddPatch at patch 31, improvement=0.002053
  Accepted AddPatch at patch 32, improvement=0.002053
  Accepted AddPatch at patch 33, improvement=0.001367
  Total patches: 34, total adds: 20, total deletes: 6
  step 1850/2000: loss=0.076224, patches=31
SRD step 1900: evaluated 32 candidates, 0 promising, accepted 0
  Total patches: 34, total adds: 20, total deletes: 6
  step 1900/2000: loss=0.070975, patches=34
SRD step 1950: evaluated 32 candidates, 0 promising, accepted 0
  Total patches: 34, total adds: 20, total deletes: 6
  step 1950/2000: loss=0.066018, patches=34
SRD step 2000: evaluated 32 candidates, 0 promising, accepted 0
  Total patches: 34, total adds: 20, total deletes: 6
  step 2000/2000: loss=0.065087, patches=34
[SRD rewrite] deleted patch=1, position=(0.513, 1.277, -2.186), reason=final deletion pass improved loss
[SRD rewrite] deleted patch=5, position=(0.407, -0.370, 2.041), reason=final deletion pass improved loss
[SRD rewrite] deleted patch=7, position=(-0.662, -2.418, 2.338), reason=final deletion pass improved loss
[SRD rewrite] deleted patch=12, position=(-0.083, 0.399, -1.069), reason=final deletion pass improved loss
[SRD rewrite] deleted patch=12, position=(1.033, -2.456, -2.398), reason=final deletion pass improved loss
[SRD rewrite] deleted patch=13, position=(-0.592, 2.324, 1.402), reason=final deletion pass improved loss
[SRD rewrite] deleted patch=13, position=(2.091, 2.002, -2.474), reason=final deletion pass improved loss
[SRD rewrite] deleted patch=14, position=(-2.075, -0.448, 2.284), reason=final deletion pass improved loss
[SRD rewrite] deleted patch=22, position=(0.236, 0.993, 1.549), reason=final deletion pass improved loss
[SRD rewrite] deleted patch=24, position=(-0.075, 0.208, -1.151), reason=final deletion pass improved loss
[Trial 3] done: loss=0.057727, time=11758.7s
[Run] report written to results/slurm/20260718_1833/ablation_water_fire_ablation/output.txt
