## SLURM PROLOG ###############################################################
##    Job ID : 4093822
##  Job Name : 20260718_1833_patchsize_acm_scf_20
##  Nodelist : gpu2503
##      CPUs : 
##  Mem/Node : 128000 MB
## Directory : /oscar/home/cjmok/automated-perspective-sculptor
##   Job Started : Sat Jul 18 08:24:53 PM EDT 2026
###############################################################################
[Swept volume] building (resolution=256)...
[Run] mode=full, trials=3, seeds=[0, 1, 2], steps=1000, srd=True, ablation_flags={'disable_swept_volume_adds': False, 'loss_only_deletion': False, 'disable_splitting': False}
[Trial 1/3] seed=0
[Patch] mapbox-earcut is not installed; falling back to fan fill, so non-convex pieces will render incorrectly. Install it with: pip install mapbox-earcut
[SRD rewrite] added patch=20, position=(1.770, 0.987, -0.319), improvement=0.007883
SRD step 50: evaluated 27 candidates, 25 promising, accepted 3
  Accepted AddPatch at patch 20, improvement=0.007883
  Accepted SplitPatch(0) at patch 0, improvement=0.007802
  Accepted SplitPatch(3) at patch 3, improvement=0.007802
  Total patches: 21, total adds: 1, total deletes: 0
  step 50/1000: loss=0.670797, patches=20
[SRD rewrite] added patch=21, position=(0.035, 1.090, 0.363), improvement=0.008988
[SRD rewrite] added patch=22, position=(1.262, -0.814, 0.761), improvement=0.008221
[SRD rewrite] added patch=23, position=(-1.567, 0.159, -1.396), improvement=0.007781
SRD step 100: evaluated 27 candidates, 23 promising, accepted 3
  Accepted AddPatch at patch 21, improvement=0.008988
  Accepted AddPatch at patch 22, improvement=0.008221
  Accepted AddPatch at patch 23, improvement=0.007781
  Total patches: 24, total adds: 4, total deletes: 0
  step 100/1000: loss=0.586198, patches=21
[SRD rewrite] added patch=24, position=(0.100, 0.944, 0.030), improvement=0.011754
[SRD rewrite] added patch=25, position=(-0.240, -1.091, 0.873), improvement=0.011734
[SRD rewrite] added patch=26, position=(0.062, 0.962, 0.239), improvement=0.011386
SRD step 150: evaluated 27 candidates, 22 promising, accepted 3
  Accepted AddPatch at patch 24, improvement=0.011754
  Accepted AddPatch at patch 25, improvement=0.011734
  Accepted AddPatch at patch 26, improvement=0.011386
  Total patches: 27, total adds: 7, total deletes: 0
  step 150/1000: loss=0.501287, patches=24
SRD step 200: evaluated 27 candidates, 0 promising, accepted 0
  Total patches: 27, total adds: 7, total deletes: 0
  step 200/1000: loss=0.434443, patches=27
SRD step 250: evaluated 27 candidates, 0 promising, accepted 0
  Total patches: 27, total adds: 7, total deletes: 0
  step 250/1000: loss=0.403943, patches=27
[SRD rewrite] added patch=27, position=(-1.204, 0.905, 1.036), improvement=0.002750
[SRD rewrite] added patch=28, position=(0.760, 0.609, 0.625), improvement=0.001654
[SRD rewrite] added patch=29, position=(-1.517, 0.636, -0.217), improvement=0.001646
SRD step 300: evaluated 27 candidates, 18 promising, accepted 3
  Accepted AddPatch at patch 27, improvement=0.002750
  Accepted AddPatch at patch 28, improvement=0.001654
  Accepted AddPatch at patch 29, improvement=0.001646
  Total patches: 30, total adds: 10, total deletes: 0
  step 300/1000: loss=0.377862, patches=27
[SRD rewrite] deleted patch=28, position=(0.785, 0.674, 0.647), reason=Area 0.006936 below minimum 0.01
[SRD rewrite] added patch=29, position=(0.841, 1.185, -0.249), improvement=0.000956
[SRD rewrite] added patch=30, position=(0.165, 1.094, -0.779), improvement=0.000850
[SRD rewrite] restored patch=31, position=(0.785, 0.674, 0.647), improvement=0.000749
SRD step 350: evaluated 27 candidates, 19 promising, accepted 4
  Accepted AddPatch at patch 29, improvement=0.000956
  Accepted AddPatch at patch 30, improvement=0.000850
  Accepted RestorePatch(0) at patch 31, improvement=0.000749
  Mandatory DeletePatch(28) at patch 28, reason=Area 0.006936 below minimum 0.01
  Total patches: 32, total adds: 13, total deletes: 1
  step 350/1000: loss=0.332880, patches=30
[SRD rewrite] deleted patch=31, position=(0.791, 0.715, 0.651), reason=Area 0.001002 below minimum 0.01
[SRD rewrite] deleted patch=30, position=(0.178, 1.063, -0.816), reason=Area 0.008251 below minimum 0.01
SRD step 400: evaluated 27 candidates, 0 promising, accepted 2
  Mandatory DeletePatch(30) at patch 30, reason=Area 0.008251 below minimum 0.01
  Mandatory DeletePatch(31) at patch 31, reason=Area 0.001002 below minimum 0.01
  Total patches: 30, total adds: 13, total deletes: 3
  step 400/1000: loss=0.305521, patches=32
[SRD rewrite] deleted patch=29, position=(0.815, 1.216, -0.229), reason=delete has no image effect
SRD step 450: evaluated 27 candidates, 0 promising, accepted 1
  Mandatory DeletePatch(29) at patch 29, reason=delete has no image effect
  Total patches: 29, total adds: 13, total deletes: 4
  step 450/1000: loss=0.289865, patches=30
[SRD rewrite] added patch=29, position=(1.499, -0.562, -0.313), improvement=0.003708
[SRD rewrite] added patch=30, position=(1.461, -0.517, -0.356), improvement=0.003656
[SRD rewrite] restored patch=31, position=(0.178, 1.063, -0.816), improvement=0.003051
SRD step 500: evaluated 27 candidates, 19 promising, accepted 3
  Accepted AddPatch at patch 29, improvement=0.003708
  Accepted AddPatch at patch 30, improvement=0.003656
  Accepted RestorePatch(1) at patch 31, improvement=0.003051
  Total patches: 32, total adds: 16, total deletes: 4
  step 500/1000: loss=0.281114, patches=29
[SRD rewrite] deleted patch=31, position=(0.178, 1.063, -0.816), reason=Area 0.008251 below minimum 0.01
[SRD rewrite] deleted patch=30, position=(1.445, -0.557, -0.221), reason=Area 0.004564 below minimum 0.01
[SRD rewrite] deleted patch=29, position=(1.490, -0.627, -0.168), reason=Area 0.009031 below minimum 0.01
[SRD rewrite] deleted patch=2, position=(0.478, -0.888, 1.630), reason=Area 0.008962 below minimum 0.01
SRD step 550: evaluated 27 candidates, 0 promising, accepted 4
  Mandatory DeletePatch(2) at patch 2, reason=Area 0.008962 below minimum 0.01
  Mandatory DeletePatch(29) at patch 29, reason=Area 0.009031 below minimum 0.01
  Mandatory DeletePatch(30) at patch 30, reason=Area 0.004564 below minimum 0.01
  Mandatory DeletePatch(31) at patch 31, reason=Area 0.008251 below minimum 0.01
  Total patches: 28, total adds: 16, total deletes: 8
  step 550/1000: loss=0.255475, patches=32
[SRD rewrite] deleted patch=25, position=(0.157, 1.197, 0.099), reason=Area 0.006898 below minimum 0.01
SRD step 600: evaluated 27 candidates, 0 promising, accepted 1
  Mandatory DeletePatch(25) at patch 25, reason=Area 0.006898 below minimum 0.01
  Total patches: 27, total adds: 16, total deletes: 9
  step 600/1000: loss=0.262892, patches=28
SRD step 650: evaluated 27 candidates, 0 promising, accepted 0
  Total patches: 27, total adds: 16, total deletes: 9
  step 650/1000: loss=0.249986, patches=27
SRD step 700: evaluated 27 candidates, 0 promising, accepted 0
  Total patches: 27, total adds: 16, total deletes: 9
  step 700/1000: loss=0.241315, patches=27
SRD step 750: evaluated 27 candidates, 0 promising, accepted 0
  Total patches: 27, total adds: 16, total deletes: 9
  step 750/1000: loss=0.232823, patches=27
SRD step 800: evaluated 27 candidates, 0 promising, accepted 0
  Total patches: 27, total adds: 16, total deletes: 9
  step 800/1000: loss=0.232182, patches=27
SRD step 850: evaluated 27 candidates, 0 promising, accepted 0
  Total patches: 27, total adds: 16, total deletes: 9
  step 850/1000: loss=0.233006, patches=27
SRD step 900: evaluated 27 candidates, 0 promising, accepted 0
  Total patches: 27, total adds: 16, total deletes: 9
  step 900/1000: loss=0.226771, patches=27
[SRD rewrite] added patch=27, position=(-0.555, 0.512, -0.261), improvement=0.000711
SRD step 950: evaluated 27 candidates, 1 promising, accepted 1
  Accepted AddPatch at patch 27, improvement=0.000711
  Total patches: 28, total adds: 17, total deletes: 9
  step 950/1000: loss=0.231702, patches=27
SRD step 1000: evaluated 27 candidates, 0 promising, accepted 0
  Total patches: 28, total adds: 17, total deletes: 9
  step 1000/1000: loss=0.226231, patches=28
[SRD rewrite] deleted patch=2, position=(-2.407, -2.014, -0.877), reason=final deletion pass improved loss
[SRD rewrite] deleted patch=8, position=(-1.647, -1.055, 2.168), reason=final deletion pass improved loss
[SRD rewrite] deleted patch=9, position=(2.398, -0.276, -0.504), reason=final deletion pass improved loss
[SRD rewrite] deleted patch=9, position=(-2.166, 0.188, 1.814), reason=final deletion pass improved loss
[Trial 1] done: loss=0.208457, time=8583.5s
[Trial 2/3] seed=1
[SRD rewrite] added patch=20, position=(1.457, -0.514, -0.414), improvement=0.010040
[SRD rewrite] added patch=21, position=(0.786, 1.017, -0.603), improvement=0.009830
[SRD rewrite] added patch=22, position=(0.690, 1.148, -0.408), improvement=0.009466
SRD step 50: evaluated 27 candidates, 22 promising, accepted 3
  Accepted AddPatch at patch 20, improvement=0.010040
  Accepted AddPatch at patch 21, improvement=0.009830
  Accepted AddPatch at patch 22, improvement=0.009466
  Total patches: 23, total adds: 3, total deletes: 0
  step 50/1000: loss=0.697074, patches=20
[SRD rewrite] added patch=23, position=(0.860, 0.544, 0.425), improvement=0.007674
[SRD rewrite] added patch=24, position=(0.672, 0.511, 0.282), improvement=0.007488
[SRD rewrite] added patch=25, position=(1.010, 0.894, -0.797), improvement=0.007297
SRD step 100: evaluated 27 candidates, 27 promising, accepted 3
  Accepted AddPatch at patch 23, improvement=0.007674
  Accepted AddPatch at patch 24, improvement=0.007488
  Accepted AddPatch at patch 25, improvement=0.007297
  Total patches: 26, total adds: 6, total deletes: 0
  step 100/1000: loss=0.594069, patches=23
[SRD rewrite] added patch=26, position=(1.369, -0.305, -0.925), improvement=0.003718
[SRD rewrite] added patch=27, position=(1.419, -0.281, -0.953), improvement=0.003713
[SRD rewrite] added patch=28, position=(-0.664, 0.133, -1.166), improvement=0.003443
SRD step 150: evaluated 27 candidates, 25 promising, accepted 3
  Accepted AddPatch at patch 26, improvement=0.003718
  Accepted AddPatch at patch 27, improvement=0.003713
  Accepted AddPatch at patch 28, improvement=0.003443
  Total patches: 29, total adds: 9, total deletes: 0
  step 150/1000: loss=0.535910, patches=26
[SRD rewrite] deleted patch=28, position=(-0.666, 0.158, -1.139), reason=Area 0.003560 below minimum 0.01
[SRD rewrite] deleted patch=27, position=(1.418, -0.281, -0.934), reason=Area 0.002481 below minimum 0.01
[SRD rewrite] added patch=27, position=(0.058, -1.185, -0.419), improvement=0.003325
[SRD rewrite] added patch=28, position=(0.557, 0.147, 1.165), improvement=0.002720
[SRD rewrite] added patch=29, position=(0.071, 0.835, -0.148), improvement=0.002599
SRD step 200: evaluated 27 candidates, 19 promising, accepted 5
  Accepted AddPatch at patch 27, improvement=0.003325
  Accepted AddPatch at patch 28, improvement=0.002720
  Accepted AddPatch at patch 29, improvement=0.002599
  Mandatory DeletePatch(27) at patch 27, reason=Area 0.002481 below minimum 0.01
  Mandatory DeletePatch(28) at patch 28, reason=Area 0.003560 below minimum 0.01
  Total patches: 30, total adds: 12, total deletes: 2
  step 200/1000: loss=0.479945, patches=29
[SRD rewrite] deleted patch=27, position=(0.058, -1.185, -0.419), reason=Area 0.009291 below minimum 0.01
[SRD rewrite] added patch=29, position=(-0.307, 1.241, -0.368), improvement=0.004245
[SRD rewrite] added patch=30, position=(1.754, 0.602, -0.232), improvement=0.003804
SRD step 250: evaluated 27 candidates, 19 promising, accepted 4
  Accepted AddPatch at patch 29, improvement=0.004245
  Accepted AddPatch at patch 30, improvement=0.003804
  Accepted SplitPatch(20) at patch 20, improvement=0.003652
  Mandatory DeletePatch(27) at patch 27, reason=Area 0.009291 below minimum 0.01
  Total patches: 31, total adds: 14, total deletes: 3
  step 250/1000: loss=0.408510, patches=30
[SRD rewrite] added patch=31, position=(-0.625, -0.042, -0.805), improvement=0.002916
[SRD rewrite] added patch=32, position=(-0.543, 0.045, -0.796), improvement=0.002783
[SRD rewrite] added patch=33, position=(-0.702, 0.994, -1.218), improvement=0.002602
SRD step 300: evaluated 27 candidates, 18 promising, accepted 3
  Accepted AddPatch at patch 31, improvement=0.002916
  Accepted AddPatch at patch 32, improvement=0.002783
  Accepted AddPatch at patch 33, improvement=0.002602
  Total patches: 34, total adds: 17, total deletes: 3
  step 300/1000: loss=0.353631, patches=31
SRD step 350: evaluated 27 candidates, 0 promising, accepted 0
  Total patches: 34, total adds: 17, total deletes: 3
  step 350/1000: loss=0.319366, patches=34
SRD step 400: evaluated 27 candidates, 0 promising, accepted 0
  Total patches: 34, total adds: 17, total deletes: 3
  step 400/1000: loss=0.308747, patches=34
[SRD rewrite] deleted patch=23, position=(0.796, 0.803, 0.609), reason=Area 0.007847 below minimum 0.01
[SRD rewrite] added patch=33, position=(1.133, -0.094, 0.526), improvement=0.002470
[SRD rewrite] restored patch=34, position=(0.058, -1.185, -0.419), improvement=0.000414
[SRD rewrite] added patch=35, position=(-0.546, -0.087, 0.707), improvement=0.000321
SRD step 450: evaluated 27 candidates, 4 promising, accepted 4
  Accepted AddPatch at patch 33, improvement=0.002470
  Accepted RestorePatch(2) at patch 34, improvement=0.000414
  Accepted AddPatch at patch 35, improvement=0.000321
  Mandatory DeletePatch(23) at patch 23, reason=Area 0.007847 below minimum 0.01
  Total patches: 36, total adds: 20, total deletes: 4
  step 450/1000: loss=0.291750, patches=34
[SRD rewrite] deleted patch=22, position=(0.417, 1.348, -0.127), reason=Area 0.009518 below minimum 0.01
[SRD rewrite] deleted patch=17, position=(-2.171, 0.329, 1.747), reason=Area 0.004837 below minimum 0.01
SRD step 500: evaluated 27 candidates, 0 promising, accepted 2
  Mandatory DeletePatch(17) at patch 17, reason=Area 0.004837 below minimum 0.01
  Mandatory DeletePatch(22) at patch 22, reason=Area 0.009518 below minimum 0.01
  Total patches: 34, total adds: 20, total deletes: 6
  step 500/1000: loss=0.259488, patches=36
[SRD rewrite] deleted patch=2, position=(1.245, -0.875, 1.702), reason=Area 0.009934 below minimum 0.01
[SRD rewrite] added patch=33, position=(0.604, -0.320, -0.429), improvement=0.003511
[SRD rewrite] added patch=34, position=(-0.663, 1.151, -0.707), improvement=0.002952
[SRD rewrite] restored patch=35, position=(-0.666, 0.158, -1.139), improvement=0.002904
SRD step 550: evaluated 27 candidates, 23 promising, accepted 4
  Accepted AddPatch at patch 33, improvement=0.003511
  Accepted AddPatch at patch 34, improvement=0.002952
  Accepted RestorePatch(0) at patch 35, improvement=0.002904
  Mandatory DeletePatch(2) at patch 2, reason=Area 0.009934 below minimum 0.01
  Total patches: 36, total adds: 23, total deletes: 7
  step 550/1000: loss=0.234450, patches=34
[SRD rewrite] deleted patch=35, position=(-0.759, 0.249, -1.257), reason=Area 0.000257 below minimum 0.01
SRD step 600: evaluated 27 candidates, 0 promising, accepted 1
  Mandatory DeletePatch(35) at patch 35, reason=Area 0.000257 below minimum 0.01
  Total patches: 35, total adds: 23, total deletes: 8
  step 600/1000: loss=0.213922, patches=36
[SRD rewrite] deleted patch=28, position=(-0.606, 0.193, -0.725), reason=Area 0.002498 below minimum 0.01
SRD step 650: evaluated 27 candidates, 0 promising, accepted 1
  Mandatory DeletePatch(28) at patch 28, reason=Area 0.002498 below minimum 0.01
  Total patches: 34, total adds: 23, total deletes: 9
  step 650/1000: loss=0.205302, patches=35
[SRD rewrite] deleted patch=14, position=(-0.650, -0.537, -1.059), reason=Area 0.005808 below minimum 0.01
SRD step 700: evaluated 27 candidates, 0 promising, accepted 1
  Mandatory DeletePatch(14) at patch 14, reason=Area 0.005808 below minimum 0.01
  Total patches: 33, total adds: 23, total deletes: 10
  step 700/1000: loss=0.210962, patches=34
SRD step 750: evaluated 27 candidates, 0 promising, accepted 0
  Total patches: 33, total adds: 23, total deletes: 10
  step 750/1000: loss=0.207584, patches=33
SRD step 800: evaluated 27 candidates, 0 promising, accepted 0
  Total patches: 33, total adds: 23, total deletes: 10
  step 800/1000: loss=0.200504, patches=33
SRD step 850: evaluated 27 candidates, 0 promising, accepted 0
  Total patches: 33, total adds: 23, total deletes: 10
  step 850/1000: loss=0.209798, patches=33
[SRD rewrite] added patch=33, position=(0.094, 1.085, 0.377), improvement=0.002303
[SRD rewrite] added patch=34, position=(0.905, 0.595, -0.266), improvement=0.002196
[SRD rewrite] added patch=35, position=(-0.278, 1.115, 0.344), improvement=0.002177
SRD step 900: evaluated 27 candidates, 22 promising, accepted 3
  Accepted AddPatch at patch 33, improvement=0.002303
  Accepted AddPatch at patch 34, improvement=0.002196
  Accepted AddPatch at patch 35, improvement=0.002177
  Total patches: 36, total adds: 26, total deletes: 10
  step 900/1000: loss=0.221652, patches=33
SRD step 950: evaluated 27 candidates, 0 promising, accepted 0
  Total patches: 36, total adds: 26, total deletes: 10
  step 950/1000: loss=0.198472, patches=36
[SRD rewrite] deleted patch=24, position=(-0.347, 1.289, -0.320), reason=delete has no image effect
SRD step 1000: evaluated 27 candidates, 18 promising, accepted 4
  Accepted SplitPatch(17) at patch 17, improvement=0.002094
  Accepted SplitPatch(22) at patch 22, improvement=0.002094
  Accepted SplitPatch(20) at patch 20, improvement=0.002094
  Mandatory DeletePatch(24) at patch 24, reason=delete has no image effect
  Total patches: 35, total adds: 26, total deletes: 11
  step 1000/1000: loss=0.203085, patches=36
[SRD rewrite] deleted patch=0, position=(0.553, -1.175, -2.243), reason=final deletion pass improved loss
[SRD rewrite] deleted patch=6, position=(0.570, 0.303, 1.947), reason=final deletion pass improved loss
[Trial 2] done: loss=0.186193, time=10295.5s
[Trial 3/3] seed=2
[SRD rewrite] split patch=15, children=19,20, improvement=0.017131
[SRD rewrite] split patch=1, children=20,21, improvement=0.017557
[SRD rewrite] added patch=22, position=(0.105, 0.596, -0.257), improvement=0.017033
SRD step 50: evaluated 27 candidates, 27 promising, accepted 3
  Accepted SplitPatch(1) at patch 1, improvement=0.017557
  Accepted SplitPatch(15) at patch 15, improvement=0.017131
  Accepted AddPatch at patch 22, improvement=0.017033
  Total patches: 23, total adds: 3, total deletes: 0
  step 50/1000: loss=0.676059, patches=20
[SRD rewrite] deleted patch=21, position=(-1.293, -0.584, 1.611), reason=Area 0.002707 below minimum 0.01
[SRD rewrite] deleted patch=20, position=(-1.296, -0.524, 1.646), reason=Area 0.008353 below minimum 0.01
[SRD rewrite] deleted patch=19, position=(-2.196, 1.092, 0.210), reason=Area 0.002238 below minimum 0.01
[SRD rewrite] deleted patch=18, position=(-2.147, 1.222, 0.194), reason=Area 0.003678 below minimum 0.01
[SRD rewrite] added patch=19, position=(0.700, 0.231, 1.269), improvement=0.008106
[SRD rewrite] added patch=20, position=(-0.600, -0.535, -0.468), improvement=0.007457
[SRD rewrite] added patch=21, position=(0.111, -0.512, -0.829), improvement=0.007166
SRD step 100: evaluated 27 candidates, 24 promising, accepted 7
  Accepted AddPatch at patch 19, improvement=0.008106
  Accepted AddPatch at patch 20, improvement=0.007457
  Accepted AddPatch at patch 21, improvement=0.007166
  Mandatory DeletePatch(18) at patch 18, reason=Area 0.003678 below minimum 0.01
  Mandatory DeletePatch(19) at patch 19, reason=Area 0.002238 below minimum 0.01
  Mandatory DeletePatch(20) at patch 20, reason=Area 0.008353 below minimum 0.01
  Mandatory DeletePatch(21) at patch 21, reason=Area 0.002707 below minimum 0.01
  Total patches: 22, total adds: 6, total deletes: 4
  step 100/1000: loss=0.588410, patches=23
[SRD rewrite] added patch=22, position=(0.965, 0.915, -0.699), improvement=0.005659
[SRD rewrite] added patch=23, position=(0.881, 0.839, -0.925), improvement=0.005427
[SRD rewrite] added patch=24, position=(-0.193, -0.988, 1.054), improvement=0.005045
SRD step 150: evaluated 27 candidates, 21 promising, accepted 3
  Accepted AddPatch at patch 22, improvement=0.005659
  Accepted AddPatch at patch 23, improvement=0.005427
  Accepted AddPatch at patch 24, improvement=0.005045
  Total patches: 25, total adds: 9, total deletes: 4
  step 150/1000: loss=0.525243, patches=22
[SRD rewrite] restored patch=25, position=(-1.293, -0.584, 1.611), improvement=0.002273
[SRD rewrite] added patch=26, position=(-0.523, -0.567, -0.610), improvement=0.002271
[SRD rewrite] added patch=27, position=(-0.645, -0.663, -0.545), improvement=0.002178
SRD step 200: evaluated 27 candidates, 24 promising, accepted 3
  Accepted RestorePatch(2) at patch 25, improvement=0.002273
  Accepted AddPatch at patch 26, improvement=0.002271
  Accepted AddPatch at patch 27, improvement=0.002178
  Total patches: 28, total adds: 12, total deletes: 4
  step 200/1000: loss=0.456248, patches=25
[SRD rewrite] deleted patch=27, position=(-0.632, -0.674, -0.599), reason=Area 0.006881 below minimum 0.01
[SRD rewrite] deleted patch=25, position=(-1.347, -0.574, 1.560), reason=Area 0.008013 below minimum 0.01
SRD step 250: evaluated 27 candidates, 0 promising, accepted 2
  Mandatory DeletePatch(25) at patch 25, reason=Area 0.008013 below minimum 0.01
  Mandatory DeletePatch(27) at patch 27, reason=Area 0.006881 below minimum 0.01
  Total patches: 26, total adds: 12, total deletes: 6
  step 250/1000: loss=0.427209, patches=28
[SRD rewrite] deleted patch=6, position=(-1.914, 0.499, -1.638), reason=Area 0.005167 below minimum 0.01
[SRD rewrite] split patch=1, children=24,25, improvement=0.011977
[SRD rewrite] added patch=26, position=(0.044, -0.987, 0.887), improvement=0.001249
[SRD rewrite] added patch=27, position=(0.924, 0.513, -0.272), improvement=0.000228
SRD step 300: evaluated 27 candidates, 3 promising, accepted 4
  Accepted SplitPatch(1) at patch 1, improvement=0.011977
  Accepted AddPatch at patch 26, improvement=0.001249
  Accepted AddPatch at patch 27, improvement=0.000228
  Mandatory DeletePatch(6) at patch 6, reason=Area 0.005167 below minimum 0.01
  Total patches: 28, total adds: 15, total deletes: 7
  step 300/1000: loss=0.400549, patches=26
[SRD rewrite] deleted patch=25, position=(-1.551, -1.102, 2.460), reason=Area 0.001530 below minimum 0.01
[SRD rewrite] deleted patch=24, position=(-1.501, -1.275, 2.416), reason=Area 0.001183 below minimum 0.01
[SRD rewrite] deleted patch=12, position=(-1.780, -1.567, 1.555), reason=Area 0.009364 below minimum 0.01
[SRD rewrite] added patch=25, position=(1.225, -0.731, 0.987), improvement=0.010477
[SRD rewrite] added patch=26, position=(1.015, 0.070, 0.867), improvement=0.010340
[SRD rewrite] added patch=27, position=(-1.829, -0.426, -1.520), improvement=0.010314
SRD step 350: evaluated 27 candidates, 26 promising, accepted 6
  Accepted AddPatch at patch 25, improvement=0.010477
  Accepted AddPatch at patch 26, improvement=0.010340
  Accepted AddPatch at patch 27, improvement=0.010314
  Mandatory DeletePatch(12) at patch 12, reason=Area 0.009364 below minimum 0.01
  Mandatory DeletePatch(24) at patch 24, reason=Area 0.001183 below minimum 0.01
  Mandatory DeletePatch(25) at patch 25, reason=Area 0.001530 below minimum 0.01
  Total patches: 28, total adds: 18, total deletes: 10
  step 350/1000: loss=0.343300, patches=28
[SRD rewrite] added patch=28, position=(1.557, 0.511, 0.363), improvement=0.000685
[SRD rewrite] restored patch=29, position=(-1.347, -0.574, 1.560), improvement=0.000366
[SRD rewrite] added patch=30, position=(0.062, -0.487, -0.554), improvement=0.000291
SRD step 400: evaluated 27 candidates, 4 promising, accepted 3
  Accepted AddPatch at patch 28, improvement=0.000685
  Accepted RestorePatch(6) at patch 29, improvement=0.000366
  Accepted AddPatch at patch 30, improvement=0.000291
  Total patches: 31, total adds: 21, total deletes: 10
  step 400/1000: loss=0.293049, patches=28
SRD step 450: evaluated 27 candidates, 0 promising, accepted 0
  Total patches: 31, total adds: 21, total deletes: 10
  step 450/1000: loss=0.259070, patches=31
SRD step 500: evaluated 27 candidates, 0 promising, accepted 0
  Total patches: 31, total adds: 21, total deletes: 10
  step 500/1000: loss=0.243958, patches=31
SRD step 550: evaluated 27 candidates, 0 promising, accepted 0
  Total patches: 31, total adds: 21, total deletes: 10
  step 550/1000: loss=0.232189, patches=31
SRD step 600: evaluated 27 candidates, 0 promising, accepted 0
  Total patches: 31, total adds: 21, total deletes: 10
  step 600/1000: loss=0.222904, patches=31
SRD step 650: evaluated 27 candidates, 0 promising, accepted 0
  Total patches: 31, total adds: 21, total deletes: 10
  step 650/1000: loss=0.222603, patches=31
SRD step 700: evaluated 27 candidates, 0 promising, accepted 0
  Total patches: 31, total adds: 21, total deletes: 10
  step 700/1000: loss=0.206400, patches=31
[SRD rewrite] deleted patch=2, position=(-0.577, 1.018, -0.118), reason=delete has no image effect
SRD step 750: evaluated 27 candidates, 0 promising, accepted 1
  Mandatory DeletePatch(2) at patch 2, reason=delete has no image effect
  Total patches: 30, total adds: 21, total deletes: 11
  step 750/1000: loss=0.204919, patches=31
[SRD rewrite] deleted patch=17, position=(0.041, -0.371, -0.826), reason=delete has no image effect
SRD step 800: evaluated 27 candidates, 0 promising, accepted 1
  Mandatory DeletePatch(17) at patch 17, reason=delete has no image effect
  Total patches: 29, total adds: 21, total deletes: 12
  step 800/1000: loss=0.193600, patches=30
SRD step 850: evaluated 27 candidates, 0 promising, accepted 0
  Total patches: 29, total adds: 21, total deletes: 12
  step 850/1000: loss=0.192781, patches=29
SRD step 900: evaluated 27 candidates, 0 promising, accepted 0
  Total patches: 29, total adds: 21, total deletes: 12
  step 900/1000: loss=0.190670, patches=29
SRD step 950: evaluated 27 candidates, 0 promising, accepted 0
  Total patches: 29, total adds: 21, total deletes: 12
  step 950/1000: loss=0.185659, patches=29
SRD step 1000: evaluated 27 candidates, 0 promising, accepted 0
  Total patches: 29, total adds: 21, total deletes: 12
  step 1000/1000: loss=0.185468, patches=29
[Trial 3] done: loss=0.186410, time=9036.6s
[Run] report written to results/slurm/20260718_1833/patchsize_acm_scf_20/patches_20/with_srd/with_srd.txt
[Swept volume] building (resolution=256)...
[Run] mode=full, trials=3, seeds=[0, 1, 2], steps=1000, srd=False, ablation_flags={'disable_swept_volume_adds': True, 'loss_only_deletion': True, 'disable_splitting': False}
[Trial 1/3] seed=0
[Patch] mapbox-earcut is not installed; falling back to fan fill, so non-convex pieces will render incorrectly. Install it with: pip install mapbox-earcut
  step 50/1000: loss=0.670797, patches=20
  step 100/1000: loss=0.594296, patches=20
  step 150/1000: loss=0.543674, patches=20
  step 200/1000: loss=0.521936, patches=20
  step 250/1000: loss=0.517074, patches=20
  step 300/1000: loss=0.487745, patches=20
  step 350/1000: loss=0.463055, patches=20
  step 400/1000: loss=0.439059, patches=20
  step 450/1000: loss=0.426460, patches=20
  step 500/1000: loss=0.421788, patches=20
  step 550/1000: loss=0.421797, patches=20
  step 600/1000: loss=0.420436, patches=20
  step 650/1000: loss=0.422225, patches=20
  step 700/1000: loss=0.423165, patches=20
  step 750/1000: loss=0.422183, patches=20
  step 800/1000: loss=0.421044, patches=20
  step 850/1000: loss=0.419184, patches=20
  step 900/1000: loss=0.432598, patches=20
  step 950/1000: loss=0.441275, patches=20
  step 1000/1000: loss=0.454878, patches=20
[Trial 1] done: loss=0.454492, time=1596.2s
[Trial 2/3] seed=1
  step 50/1000: loss=0.697074, patches=20
  step 100/1000: loss=0.627000, patches=20
  step 150/1000: loss=0.585781, patches=20
  step 200/1000: loss=0.533087, patches=20
  step 250/1000: loss=0.490881, patches=20
  step 300/1000: loss=0.465774, patches=20
  step 350/1000: loss=0.460102, patches=20
  step 400/1000: loss=0.444714, patches=20
  step 450/1000: loss=0.434442, patches=20
  step 500/1000: loss=0.425830, patches=20
  step 550/1000: loss=0.413801, patches=20
  step 600/1000: loss=0.412072, patches=20
  step 650/1000: loss=0.411012, patches=20
  step 700/1000: loss=0.405930, patches=20
  step 750/1000: loss=0.398595, patches=20
  step 800/1000: loss=0.404419, patches=20
  step 850/1000: loss=0.395179, patches=20
  step 900/1000: loss=0.393359, patches=20
  step 950/1000: loss=0.377357, patches=20
  step 1000/1000: loss=0.366610, patches=20
[Trial 2] done: loss=0.366166, time=1626.0s
[Trial 3/3] seed=2
  step 50/1000: loss=0.676059, patches=20
  step 100/1000: loss=0.597001, patches=20
  step 150/1000: loss=0.550122, patches=20
  step 200/1000: loss=0.518660, patches=20
  step 250/1000: loss=0.495368, patches=20
  step 300/1000: loss=0.471084, patches=20
  step 350/1000: loss=0.458886, patches=20
  step 400/1000: loss=0.456871, patches=20
  step 450/1000: loss=0.457609, patches=20
  step 500/1000: loss=0.459525, patches=20
  step 550/1000: loss=0.455212, patches=20
  step 600/1000: loss=0.444269, patches=20
  step 650/1000: loss=0.438092, patches=20
  step 700/1000: loss=0.431892, patches=20
  step 750/1000: loss=0.418132, patches=20
  step 800/1000: loss=0.412641, patches=20
  step 850/1000: loss=0.413451, patches=20
  step 900/1000: loss=0.417375, patches=20
  step 950/1000: loss=0.424748, patches=20
  step 1000/1000: loss=0.408579, patches=20
[Trial 3] done: loss=0.408784, time=1672.1s
[Run] report written to results/slurm/20260718_1833/patchsize_acm_scf_20/patches_20/without_srd/without_srd.txt

======================================================================
Running 3 trials WITH SRD
======================================================================


======================================================================
Running 3 trials WITHOUT SRD
======================================================================


[Comparison] report written to results/slurm/20260718_1833/patchsize_acm_scf_20/patches_20/comparison.txt

======================================================================
SRD Patch Size Comparison
======================================================================
Started: 2026-07-18T20:24:56
Patch sizes: [20]
Trials per size: 3
Steps per trial: 1000
Output directory: results/slurm/20260718_1833/patchsize_acm_scf_20
======================================================================


======================================================================
Running comparison with 20 initial patches
  Target 1: images/acm.png
  Target 2: images/scf.png
  Trials: 3, Steps: 1000
======================================================================

[OK] Comparison with 20 patches completed successfully

======================================================================
Comparison Summary
======================================================================
Successful: 1/1
Total time: 34208.7 seconds (9.50 hours)
Summary report: results/slurm/20260718_1833/patchsize_acm_scf_20/SUMMARY.txt
======================================================================

