## SLURM PROLOG ###############################################################
##    Job ID : 4080013
##  Job Name : 20260718_0340_patchsize_sun_moon_20
##  Nodelist : gpu2603
##      CPUs : 
##  Mem/Node : 128000 MB
## Directory : /oscar/home/cjmok/automated-perspective-sculptor
##   Job Started : Sat Jul 18 04:49:44 AM EDT 2026
###############################################################################
[Swept volume] building (resolution=256)...
[Run] mode=full, trials=3, seeds=[0, 1, 2], steps=1000, srd=True, ablation_flags={'disable_swept_volume_adds': False, 'loss_only_deletion': False, 'disable_splitting': False}
[Trial 1/3] seed=0
[Patch] mapbox-earcut is not installed; falling back to fan fill, so non-convex pieces will render incorrectly. Install it with: pip install mapbox-earcut
[SRD rewrite] added patch=20, position=(-0.579, 0.165, 1.166), improvement=0.021401
[SRD rewrite] added patch=21, position=(-0.033, -0.475, 1.094), improvement=0.020971
[SRD rewrite] added patch=22, position=(-0.579, -0.045, 1.008), improvement=0.020884
SRD step 50: evaluated 27 candidates, 27 promising, accepted 3
  Accepted AddPatch at patch 20, improvement=0.021401
  Accepted AddPatch at patch 21, improvement=0.020971
  Accepted AddPatch at patch 22, improvement=0.020884
  Total patches: 23, total adds: 3, total deletes: 0
  step 50/1000: loss=0.498827, patches=20
[SRD rewrite] added patch=23, position=(-0.611, 0.832, 0.925), improvement=0.010086
[SRD rewrite] added patch=24, position=(-0.642, -0.115, 1.508), improvement=0.009117
[SRD rewrite] added patch=25, position=(-0.056, 0.046, 1.391), improvement=0.009044
SRD step 100: evaluated 27 candidates, 27 promising, accepted 3
  Accepted AddPatch at patch 23, improvement=0.010086
  Accepted AddPatch at patch 24, improvement=0.009117
  Accepted AddPatch at patch 25, improvement=0.009044
  Total patches: 26, total adds: 6, total deletes: 0
  step 100/1000: loss=0.375376, patches=23
[SRD rewrite] deleted patch=25, position=(-0.037, 0.107, 1.395), reason=Area 0.008142 below minimum 0.01
[SRD rewrite] deleted patch=24, position=(-0.631, -0.035, 1.546), reason=Area 0.001210 below minimum 0.01
[SRD rewrite] deleted patch=0, position=(0.705, 0.463, 1.863), reason=Area 0.007340 below minimum 0.01
[SRD rewrite] added patch=23, position=(0.652, 0.234, 1.172), improvement=0.003411
[SRD rewrite] added patch=24, position=(1.131, -0.539, 1.085), improvement=0.003102
[SRD rewrite] restored patch=25, position=(-0.037, 0.107, 1.395), improvement=0.002979
SRD step 150: evaluated 27 candidates, 23 promising, accepted 6
  Accepted AddPatch at patch 23, improvement=0.003411
  Accepted AddPatch at patch 24, improvement=0.003102
  Accepted RestorePatch(0) at patch 25, improvement=0.002979
  Mandatory DeletePatch(0) at patch 0, reason=Area 0.007340 below minimum 0.01
  Mandatory DeletePatch(24) at patch 24, reason=Area 0.001210 below minimum 0.01
  Mandatory DeletePatch(25) at patch 25, reason=Area 0.008142 below minimum 0.01
  Total patches: 26, total adds: 9, total deletes: 3
  step 150/1000: loss=0.314045, patches=26
[SRD rewrite] deleted patch=23, position=(0.631, 0.254, 1.269), reason=Area 0.005181 below minimum 0.01
[SRD rewrite] restored patch=25, position=(-0.631, -0.035, 1.546), improvement=0.001741
[SRD rewrite] added patch=26, position=(0.752, -1.033, 0.045), improvement=0.001549
[SRD rewrite] added patch=27, position=(-0.325, -0.003, 1.284), improvement=0.001028
SRD step 200: evaluated 27 candidates, 23 promising, accepted 4
  Accepted RestorePatch(0) at patch 25, improvement=0.001741
  Accepted AddPatch at patch 26, improvement=0.001549
  Accepted AddPatch at patch 27, improvement=0.001028
  Mandatory DeletePatch(23) at patch 23, reason=Area 0.005181 below minimum 0.01
  Total patches: 28, total adds: 12, total deletes: 4
  step 200/1000: loss=0.269768, patches=26
[SRD rewrite] deleted patch=27, position=(-0.404, 0.080, 1.177), reason=Area 0.000243 below minimum 0.01
[SRD rewrite] deleted patch=25, position=(-0.600, 0.059, 1.637), reason=Area 0.000400 below minimum 0.01
[SRD rewrite] added patch=26, position=(-0.678, -0.238, 0.868), improvement=0.002970
[SRD rewrite] added patch=27, position=(-1.081, 0.502, 1.126), improvement=0.002628
[SRD rewrite] added patch=28, position=(-0.695, -0.249, 0.786), improvement=0.002494
SRD step 250: evaluated 27 candidates, 22 promising, accepted 5
  Accepted AddPatch at patch 26, improvement=0.002970
  Accepted AddPatch at patch 27, improvement=0.002628
  Accepted AddPatch at patch 28, improvement=0.002494
  Mandatory DeletePatch(25) at patch 25, reason=Area 0.000400 below minimum 0.01
  Mandatory DeletePatch(27) at patch 27, reason=Area 0.000243 below minimum 0.01
  Total patches: 29, total adds: 15, total deletes: 6
  step 250/1000: loss=0.235271, patches=28
[SRD rewrite] deleted patch=28, position=(-0.671, -0.230, 0.735), reason=Area 0.001903 below minimum 0.01
[SRD rewrite] deleted patch=24, position=(-0.067, 0.181, 1.400), reason=Area 0.009371 below minimum 0.01
SRD step 300: evaluated 27 candidates, 0 promising, accepted 2
  Mandatory DeletePatch(24) at patch 24, reason=Area 0.009371 below minimum 0.01
  Mandatory DeletePatch(28) at patch 28, reason=Area 0.001903 below minimum 0.01
  Total patches: 27, total adds: 15, total deletes: 8
  step 300/1000: loss=0.200523, patches=29
[SRD rewrite] deleted patch=25, position=(-0.687, -0.151, 0.948), reason=Area 0.006620 below minimum 0.01
SRD step 350: evaluated 27 candidates, 0 promising, accepted 1
  Mandatory DeletePatch(25) at patch 25, reason=Area 0.006620 below minimum 0.01
  Total patches: 26, total adds: 15, total deletes: 9
  step 350/1000: loss=0.186170, patches=27
[SRD rewrite] deleted patch=14, position=(-0.273, 0.041, 0.360), reason=Area 0.000071 below minimum 0.01
[SRD rewrite] deleted patch=9, position=(-0.314, 0.216, 1.459), reason=Area 0.000224 below minimum 0.01
[SRD rewrite] deleted patch=2, position=(-2.237, -0.223, 1.823), reason=delete has no image effect
SRD step 400: evaluated 27 candidates, 0 promising, accepted 3
  Mandatory DeletePatch(9) at patch 9, reason=Area 0.000224 below minimum 0.01
  Mandatory DeletePatch(14) at patch 14, reason=Area 0.000071 below minimum 0.01
  Mandatory DeletePatch(2) at patch 2, reason=delete has no image effect
  Total patches: 23, total adds: 15, total deletes: 12
  step 400/1000: loss=0.174414, patches=26
SRD step 450: evaluated 27 candidates, 0 promising, accepted 0
  Total patches: 23, total adds: 15, total deletes: 12
  step 450/1000: loss=0.171860, patches=23
SRD step 500: evaluated 27 candidates, 0 promising, accepted 0
  Total patches: 23, total adds: 15, total deletes: 12
  step 500/1000: loss=0.164617, patches=23
[SRD rewrite] deleted patch=5, position=(1.121, 1.049, -0.780), reason=Area 0.005794 below minimum 0.01
[SRD rewrite] deleted patch=8, position=(0.974, -0.082, 0.354), reason=delete has no image effect
SRD step 550: evaluated 27 candidates, 0 promising, accepted 2
  Mandatory DeletePatch(5) at patch 5, reason=Area 0.005794 below minimum 0.01
  Mandatory DeletePatch(8) at patch 8, reason=delete has no image effect
  Total patches: 21, total adds: 15, total deletes: 14
  step 550/1000: loss=0.157010, patches=23
[SRD rewrite] deleted patch=4, position=(0.196, -0.794, 0.091), reason=Area 0.005899 below minimum 0.01
SRD step 600: evaluated 27 candidates, 0 promising, accepted 1
  Mandatory DeletePatch(4) at patch 4, reason=Area 0.005899 below minimum 0.01
  Total patches: 20, total adds: 15, total deletes: 15
  step 600/1000: loss=0.150342, patches=21
SRD step 650: evaluated 27 candidates, 0 promising, accepted 0
  Total patches: 20, total adds: 15, total deletes: 15
  step 650/1000: loss=0.150257, patches=20
SRD step 700: evaluated 27 candidates, 0 promising, accepted 0
  Total patches: 20, total adds: 15, total deletes: 15
  step 700/1000: loss=0.140761, patches=20
[SRD rewrite] deleted patch=15, position=(-0.638, 0.238, 1.131), reason=Area 0.007531 below minimum 0.01
SRD step 750: evaluated 27 candidates, 0 promising, accepted 1
  Mandatory DeletePatch(15) at patch 15, reason=Area 0.007531 below minimum 0.01
  Total patches: 19, total adds: 15, total deletes: 16
  step 750/1000: loss=0.134419, patches=20
SRD step 800: evaluated 27 candidates, 0 promising, accepted 0
  Total patches: 19, total adds: 15, total deletes: 16
  step 800/1000: loss=0.134686, patches=19
SRD step 850: evaluated 27 candidates, 0 promising, accepted 0
  Total patches: 19, total adds: 15, total deletes: 16
  step 850/1000: loss=0.135614, patches=19
SRD step 900: evaluated 27 candidates, 0 promising, accepted 0
  Total patches: 19, total adds: 15, total deletes: 16
  step 900/1000: loss=0.133714, patches=19
SRD step 950: evaluated 27 candidates, 0 promising, accepted 0
  Total patches: 19, total adds: 15, total deletes: 16
  step 950/1000: loss=0.130178, patches=19
[SRD rewrite] deleted patch=1, position=(0.689, 0.281, 0.336), reason=Area 0.005952 below minimum 0.01
SRD step 1000: evaluated 27 candidates, 0 promising, accepted 1
  Mandatory DeletePatch(1) at patch 1, reason=Area 0.005952 below minimum 0.01
  Total patches: 18, total adds: 15, total deletes: 17
  step 1000/1000: loss=0.128894, patches=19
[Trial 1] done: loss=0.129559, time=6967.8s
[Trial 2/3] seed=1
[SRD rewrite] added patch=20, position=(-0.514, -0.341, 1.364), improvement=0.023450
[SRD rewrite] added patch=21, position=(-0.535, -0.089, 1.368), improvement=0.023077
[SRD rewrite] added patch=22, position=(0.240, -0.409, 0.950), improvement=0.022875
SRD step 50: evaluated 27 candidates, 27 promising, accepted 3
  Accepted AddPatch at patch 20, improvement=0.023450
  Accepted AddPatch at patch 21, improvement=0.023077
  Accepted AddPatch at patch 22, improvement=0.022875
  Total patches: 23, total adds: 3, total deletes: 0
  step 50/1000: loss=0.504454, patches=20
[SRD rewrite] split patch=3, children=22,23, improvement=0.013334
[SRD rewrite] added patch=24, position=(-1.290, -0.009, 1.192), improvement=0.011728
[SRD rewrite] added patch=25, position=(0.708, -0.927, 0.558), improvement=0.011419
SRD step 100: evaluated 27 candidates, 27 promising, accepted 3
  Accepted SplitPatch(3) at patch 3, improvement=0.013334
  Accepted AddPatch at patch 24, improvement=0.011728
  Accepted AddPatch at patch 25, improvement=0.011419
  Total patches: 26, total adds: 6, total deletes: 0
  step 100/1000: loss=0.356201, patches=23
[SRD rewrite] deleted patch=23, position=(-0.054, 1.159, -1.305), reason=Area 0.006483 below minimum 0.01
[SRD rewrite] deleted patch=22, position=(-0.098, 1.260, -1.206), reason=Area 0.008034 below minimum 0.01
[SRD rewrite] deleted patch=2, position=(0.769, 0.952, -0.186), reason=Area 0.003424 below minimum 0.01
[SRD rewrite] added patch=23, position=(-0.619, 0.795, 0.872), improvement=0.001626
[SRD rewrite] added patch=24, position=(-0.595, 0.890, 1.414), improvement=0.000850
[SRD rewrite] added patch=25, position=(0.022, -1.145, -0.208), improvement=0.000712
SRD step 150: evaluated 27 candidates, 6 promising, accepted 6
  Accepted AddPatch at patch 23, improvement=0.001626
  Accepted AddPatch at patch 24, improvement=0.000850
  Accepted AddPatch at patch 25, improvement=0.000712
  Mandatory DeletePatch(2) at patch 2, reason=Area 0.003424 below minimum 0.01
  Mandatory DeletePatch(22) at patch 22, reason=Area 0.008034 below minimum 0.01
  Mandatory DeletePatch(23) at patch 23, reason=Area 0.006483 below minimum 0.01
  Total patches: 26, total adds: 9, total deletes: 3
  step 150/1000: loss=0.290426, patches=26
[SRD rewrite] deleted patch=24, position=(-0.626, 0.880, 1.283), reason=Area 0.007250 below minimum 0.01
[SRD rewrite] split patch=8, children=24,25, improvement=0.015310
[SRD rewrite] restored patch=26, position=(-0.098, 1.260, -1.206), improvement=0.004684
[SRD rewrite] added patch=27, position=(1.287, -0.080, 0.584), improvement=0.004499
SRD step 200: evaluated 27 candidates, 24 promising, accepted 4
  Accepted SplitPatch(8) at patch 8, improvement=0.015310
  Accepted RestorePatch(2) at patch 26, improvement=0.004684
  Accepted AddPatch at patch 27, improvement=0.004499
  Mandatory DeletePatch(24) at patch 24, reason=Area 0.007250 below minimum 0.01
  Total patches: 28, total adds: 12, total deletes: 4
  step 200/1000: loss=0.257754, patches=26
[SRD rewrite] deleted patch=27, position=(1.287, -0.080, 0.584), reason=Area 0.009291 below minimum 0.01
[SRD rewrite] deleted patch=25, position=(-0.054, -1.093, 1.944), reason=Area 0.005009 below minimum 0.01
[SRD rewrite] deleted patch=24, position=(0.026, -1.370, 2.014), reason=Area 0.003161 below minimum 0.01
[SRD rewrite] added patch=25, position=(-1.043, -0.528, 1.050), improvement=0.008369
[SRD rewrite] added patch=26, position=(1.320, -0.045, 0.591), improvement=0.008251
[SRD rewrite] added patch=27, position=(1.272, -0.049, 0.982), improvement=0.008105
SRD step 250: evaluated 27 candidates, 21 promising, accepted 6
  Accepted AddPatch at patch 25, improvement=0.008369
  Accepted AddPatch at patch 26, improvement=0.008251
  Accepted AddPatch at patch 27, improvement=0.008105
  Mandatory DeletePatch(24) at patch 24, reason=Area 0.003161 below minimum 0.01
  Mandatory DeletePatch(25) at patch 25, reason=Area 0.005009 below minimum 0.01
  Mandatory DeletePatch(27) at patch 27, reason=Area 0.009291 below minimum 0.01
  Total patches: 28, total adds: 15, total deletes: 7
  step 250/1000: loss=0.208694, patches=28
[SRD rewrite] added patch=28, position=(-0.611, -0.847, 0.855), improvement=0.002428
[SRD rewrite] added patch=29, position=(0.826, -0.070, 1.165), improvement=0.002348
[SRD rewrite] added patch=30, position=(0.543, -0.864, 1.067), improvement=0.002183
SRD step 300: evaluated 27 candidates, 15 promising, accepted 3
  Accepted AddPatch at patch 28, improvement=0.002428
  Accepted AddPatch at patch 29, improvement=0.002348
  Accepted AddPatch at patch 30, improvement=0.002183
  Total patches: 31, total adds: 18, total deletes: 7
  step 300/1000: loss=0.165105, patches=28
SRD step 350: evaluated 27 candidates, 0 promising, accepted 0
  Total patches: 31, total adds: 18, total deletes: 7
  step 350/1000: loss=0.136902, patches=31
[SRD rewrite] deleted patch=29, position=(0.824, -0.022, 1.227), reason=Area 0.004794 below minimum 0.01
SRD step 400: evaluated 27 candidates, 0 promising, accepted 1
  Mandatory DeletePatch(29) at patch 29, reason=Area 0.004794 below minimum 0.01
  Total patches: 30, total adds: 18, total deletes: 8
  step 400/1000: loss=0.125555, patches=31
[SRD rewrite] deleted patch=4, position=(-0.068, 1.366, 0.454), reason=Area 0.007786 below minimum 0.01
SRD step 450: evaluated 27 candidates, 0 promising, accepted 1
  Mandatory DeletePatch(4) at patch 4, reason=Area 0.007786 below minimum 0.01
  Total patches: 29, total adds: 18, total deletes: 9
  step 450/1000: loss=0.123018, patches=30
SRD step 500: evaluated 27 candidates, 0 promising, accepted 0
  Total patches: 29, total adds: 18, total deletes: 9
  step 500/1000: loss=0.119810, patches=29
[SRD rewrite] added patch=29, position=(1.101, -0.519, 0.795), improvement=0.000138
[SRD rewrite] restored patch=30, position=(-0.054, 1.159, -1.305), improvement=0.000078
SRD step 550: evaluated 27 candidates, 2 promising, accepted 2
  Accepted AddPatch at patch 29, improvement=0.000138
  Accepted RestorePatch(1) at patch 30, improvement=0.000078
  Total patches: 31, total adds: 20, total deletes: 9
  step 550/1000: loss=0.116226, patches=29
[SRD rewrite] deleted patch=30, position=(-0.057, 1.149, -1.335), reason=Area 0.003827 below minimum 0.01
SRD step 600: evaluated 27 candidates, 0 promising, accepted 1
  Mandatory DeletePatch(30) at patch 30, reason=Area 0.003827 below minimum 0.01
  Total patches: 30, total adds: 20, total deletes: 10
  step 600/1000: loss=0.090492, patches=31
SRD step 650: evaluated 27 candidates, 0 promising, accepted 0
  Total patches: 30, total adds: 20, total deletes: 10
  step 650/1000: loss=0.086276, patches=30
SRD step 700: evaluated 27 candidates, 0 promising, accepted 0
  Total patches: 30, total adds: 20, total deletes: 10
  step 700/1000: loss=0.082969, patches=30
SRD step 750: evaluated 27 candidates, 0 promising, accepted 0
  Total patches: 30, total adds: 20, total deletes: 10
  step 750/1000: loss=0.081774, patches=30
SRD step 800: evaluated 27 candidates, 0 promising, accepted 0
  Total patches: 30, total adds: 20, total deletes: 10
  step 800/1000: loss=0.083979, patches=30
SRD step 850: evaluated 27 candidates, 0 promising, accepted 0
  Total patches: 30, total adds: 20, total deletes: 10
  step 850/1000: loss=0.080124, patches=30
[SRD rewrite] deleted patch=25, position=(1.133, 0.067, 0.305), reason=Area 0.002547 below minimum 0.01
[SRD rewrite] deleted patch=0, position=(0.129, -2.375, -0.028), reason=no image contribution, delete has no image effect
SRD step 900: evaluated 27 candidates, 0 promising, accepted 2
  Mandatory DeletePatch(25) at patch 25, reason=Area 0.002547 below minimum 0.01
  Mandatory DeletePatch(0) at patch 0, reason=no image contribution, delete has no image effect
  Total patches: 28, total adds: 20, total deletes: 12
  step 900/1000: loss=0.075365, patches=30
[SRD rewrite] deleted patch=21, position=(-0.034, -0.900, -0.024), reason=Area 0.002424 below minimum 0.01
SRD step 950: evaluated 27 candidates, 0 promising, accepted 1
  Mandatory DeletePatch(21) at patch 21, reason=Area 0.002424 below minimum 0.01
  Total patches: 27, total adds: 20, total deletes: 13
  step 950/1000: loss=0.073909, patches=28
SRD step 1000: evaluated 27 candidates, 0 promising, accepted 0
  Total patches: 27, total adds: 20, total deletes: 13
  step 1000/1000: loss=0.072820, patches=27
[SRD rewrite] deleted patch=7, position=(-0.537, -0.668, 1.401), reason=final deletion pass improved loss
[SRD rewrite] deleted patch=10, position=(0.279, -0.332, 2.182), reason=final deletion pass improved loss
[Trial 2] done: loss=0.065467, time=9065.5s
[Trial 3/3] seed=2
[SRD rewrite] added patch=20, position=(0.233, -0.355, 0.907), improvement=0.026240
[SRD rewrite] added patch=21, position=(0.356, -0.293, 1.322), improvement=0.026096
[SRD rewrite] added patch=22, position=(-0.271, -0.503, 1.037), improvement=0.025419
SRD step 50: evaluated 27 candidates, 27 promising, accepted 3
  Accepted AddPatch at patch 20, improvement=0.026240
  Accepted AddPatch at patch 21, improvement=0.026096
  Accepted AddPatch at patch 22, improvement=0.025419
  Total patches: 23, total adds: 3, total deletes: 0
  step 50/1000: loss=0.443043, patches=20
[SRD rewrite] added patch=23, position=(-0.672, -0.911, 0.819), improvement=0.013876
[SRD rewrite] added patch=24, position=(-0.084, -0.536, 1.159), improvement=0.012867
[SRD rewrite] added patch=25, position=(0.017, -0.547, 0.994), improvement=0.012269
SRD step 100: evaluated 27 candidates, 23 promising, accepted 3
  Accepted AddPatch at patch 23, improvement=0.013876
  Accepted AddPatch at patch 24, improvement=0.012867
  Accepted AddPatch at patch 25, improvement=0.012269
  Total patches: 26, total adds: 6, total deletes: 0
  step 100/1000: loss=0.294916, patches=23
[SRD rewrite] added patch=26, position=(0.524, -0.427, 1.151), improvement=0.002788
[SRD rewrite] added patch=27, position=(-1.358, 0.005, 0.990), improvement=0.002629
[SRD rewrite] added patch=28, position=(0.299, -0.343, 0.714), improvement=0.002550
SRD step 150: evaluated 27 candidates, 19 promising, accepted 3
  Accepted AddPatch at patch 26, improvement=0.002788
  Accepted AddPatch at patch 27, improvement=0.002629
  Accepted AddPatch at patch 28, improvement=0.002550
  Total patches: 29, total adds: 9, total deletes: 0
  step 150/1000: loss=0.207125, patches=26
[SRD rewrite] deleted patch=28, position=(0.405, -0.300, 0.732), reason=Area 0.001352 below minimum 0.01
[SRD rewrite] deleted patch=27, position=(-1.328, -0.017, 0.964), reason=Area 0.008039 below minimum 0.01
SRD step 200: evaluated 27 candidates, 0 promising, accepted 2
  Mandatory DeletePatch(27) at patch 27, reason=Area 0.008039 below minimum 0.01
  Mandatory DeletePatch(28) at patch 28, reason=Area 0.001352 below minimum 0.01
  Total patches: 27, total adds: 9, total deletes: 2
  step 200/1000: loss=0.168372, patches=29
[SRD rewrite] deleted patch=24, position=(-0.185, -0.391, 1.390), reason=Area 0.004716 below minimum 0.01
SRD step 250: evaluated 27 candidates, 0 promising, accepted 1
  Mandatory DeletePatch(24) at patch 24, reason=Area 0.004716 below minimum 0.01
  Total patches: 26, total adds: 9, total deletes: 3
  step 250/1000: loss=0.155458, patches=27
[SRD rewrite] added patch=26, position=(-0.149, -0.285, 0.722), improvement=0.002796
[SRD rewrite] added patch=27, position=(-0.562, -0.297, 1.414), improvement=0.002709
[SRD rewrite] added patch=28, position=(-0.002, 1.389, -1.014), improvement=0.002673
SRD step 300: evaluated 27 candidates, 17 promising, accepted 3
  Accepted AddPatch at patch 26, improvement=0.002796
  Accepted AddPatch at patch 27, improvement=0.002709
  Accepted AddPatch at patch 28, improvement=0.002673
  Total patches: 29, total adds: 12, total deletes: 3
  step 300/1000: loss=0.144960, patches=26
[SRD rewrite] deleted patch=28, position=(-0.127, 1.466, -1.055), reason=Area 0.000368 below minimum 0.01
[SRD rewrite] deleted patch=27, position=(-0.574, -0.292, 1.499), reason=Area 0.002305 below minimum 0.01
[SRD rewrite] deleted patch=26, position=(-0.307, -0.331, 0.720), reason=Area 0.000359 below minimum 0.01
SRD step 350: evaluated 27 candidates, 0 promising, accepted 3
  Mandatory DeletePatch(26) at patch 26, reason=Area 0.000359 below minimum 0.01
  Mandatory DeletePatch(27) at patch 27, reason=Area 0.002305 below minimum 0.01
  Mandatory DeletePatch(28) at patch 28, reason=Area 0.000368 below minimum 0.01
  Total patches: 26, total adds: 12, total deletes: 6
  step 350/1000: loss=0.135076, patches=29
[SRD rewrite] deleted patch=21, position=(0.409, -0.038, 1.325), reason=Area 0.004733 below minimum 0.01
SRD step 400: evaluated 27 candidates, 0 promising, accepted 1
  Mandatory DeletePatch(21) at patch 21, reason=Area 0.004733 below minimum 0.01
  Total patches: 25, total adds: 12, total deletes: 7
  step 400/1000: loss=0.128686, patches=26
SRD step 450: evaluated 27 candidates, 0 promising, accepted 0
  Total patches: 25, total adds: 12, total deletes: 7
  step 450/1000: loss=0.124889, patches=25
SRD step 500: evaluated 27 candidates, 0 promising, accepted 0
  Total patches: 25, total adds: 12, total deletes: 7
  step 500/1000: loss=0.126679, patches=25
SRD step 550: evaluated 27 candidates, 0 promising, accepted 0
  Total patches: 25, total adds: 12, total deletes: 7
  step 550/1000: loss=0.121520, patches=25
SRD step 600: evaluated 27 candidates, 0 promising, accepted 0
  Total patches: 25, total adds: 12, total deletes: 7
  step 600/1000: loss=0.121750, patches=25
SRD step 650: evaluated 27 candidates, 0 promising, accepted 0
  Total patches: 25, total adds: 12, total deletes: 7
  step 650/1000: loss=0.121617, patches=25
SRD step 700: evaluated 27 candidates, 0 promising, accepted 0
  Total patches: 25, total adds: 12, total deletes: 7
  step 700/1000: loss=0.125761, patches=25
SRD step 750: evaluated 27 candidates, 0 promising, accepted 0
  Total patches: 25, total adds: 12, total deletes: 7
  step 750/1000: loss=0.127713, patches=25
SRD step 800: evaluated 27 candidates, 0 promising, accepted 0
  Total patches: 25, total adds: 12, total deletes: 7
  step 800/1000: loss=0.120731, patches=25
SRD step 850: evaluated 27 candidates, 0 promising, accepted 0
  Total patches: 25, total adds: 12, total deletes: 7
  step 850/1000: loss=0.124733, patches=25
[SRD rewrite] deleted patch=23, position=(-0.448, -0.524, 1.325), reason=Area 0.008065 below minimum 0.01
SRD step 900: evaluated 27 candidates, 0 promising, accepted 1
  Mandatory DeletePatch(23) at patch 23, reason=Area 0.008065 below minimum 0.01
  Total patches: 24, total adds: 12, total deletes: 8
  step 900/1000: loss=0.123803, patches=25
SRD step 950: evaluated 27 candidates, 0 promising, accepted 0
  Total patches: 24, total adds: 12, total deletes: 8
  step 950/1000: loss=0.126180, patches=24
SRD step 1000: evaluated 27 candidates, 0 promising, accepted 0
  Total patches: 24, total adds: 12, total deletes: 8
  step 1000/1000: loss=0.125132, patches=24
[SRD rewrite] deleted patch=11, position=(-1.403, -0.195, 2.459), reason=final deletion pass improved loss
[Trial 3] done: loss=0.099181, time=8069.2s
[Run] report written to results/slurm/20260718_0340/patchsize_sun_moon_20/patches_20/with_srd/with_srd.txt
[Swept volume] building (resolution=256)...
[Run] mode=full, trials=3, seeds=[0, 1, 2], steps=1000, srd=False, ablation_flags={'disable_swept_volume_adds': True, 'loss_only_deletion': True, 'disable_splitting': False}
[Trial 1/3] seed=0
[Patch] mapbox-earcut is not installed; falling back to fan fill, so non-convex pieces will render incorrectly. Install it with: pip install mapbox-earcut
  step 50/1000: loss=0.498827, patches=20
  step 100/1000: loss=0.374549, patches=20
  step 150/1000: loss=0.333180, patches=20
  step 200/1000: loss=0.304505, patches=20
  step 250/1000: loss=0.283609, patches=20
  step 300/1000: loss=0.262723, patches=20
  step 350/1000: loss=0.254454, patches=20
  step 400/1000: loss=0.248046, patches=20
  step 450/1000: loss=0.225241, patches=20
  step 500/1000: loss=0.219142, patches=20
  step 550/1000: loss=0.224594, patches=20
  step 600/1000: loss=0.231081, patches=20
  step 650/1000: loss=0.230129, patches=20
  step 700/1000: loss=0.231114, patches=20
  step 750/1000: loss=0.233701, patches=20
  step 800/1000: loss=0.232581, patches=20
  step 850/1000: loss=0.227419, patches=20
  step 900/1000: loss=0.217439, patches=20
  step 950/1000: loss=0.216189, patches=20
  step 1000/1000: loss=0.214820, patches=20
[Trial 1] done: loss=0.214726, time=1597.3s
[Trial 2/3] seed=1
  step 50/1000: loss=0.504454, patches=20
  step 100/1000: loss=0.375911, patches=20
  step 150/1000: loss=0.321787, patches=20
  step 200/1000: loss=0.293604, patches=20
  step 250/1000: loss=0.276930, patches=20
  step 300/1000: loss=0.257583, patches=20
  step 350/1000: loss=0.244140, patches=20
  step 400/1000: loss=0.239637, patches=20
  step 450/1000: loss=0.238232, patches=20
  step 500/1000: loss=0.235371, patches=20
  step 550/1000: loss=0.230068, patches=20
  step 600/1000: loss=0.232048, patches=20
  step 650/1000: loss=0.232790, patches=20
  step 700/1000: loss=0.225579, patches=20
  step 750/1000: loss=0.223408, patches=20
  step 800/1000: loss=0.197747, patches=20
  step 850/1000: loss=0.200193, patches=20
  step 900/1000: loss=0.200086, patches=20
  step 950/1000: loss=0.195321, patches=20
  step 1000/1000: loss=0.192063, patches=20
[Trial 2] done: loss=0.192389, time=1604.6s
[Trial 3/3] seed=2
  step 50/1000: loss=0.443043, patches=20
  step 100/1000: loss=0.305287, patches=20
  step 150/1000: loss=0.252526, patches=20
  step 200/1000: loss=0.218144, patches=20
  step 250/1000: loss=0.207576, patches=20
  step 300/1000: loss=0.198900, patches=20
  step 350/1000: loss=0.188130, patches=20
  step 400/1000: loss=0.186588, patches=20
  step 450/1000: loss=0.180000, patches=20
  step 500/1000: loss=0.173924, patches=20
  step 550/1000: loss=0.169154, patches=20
  step 600/1000: loss=0.150798, patches=20
  step 650/1000: loss=0.147258, patches=20
  step 700/1000: loss=0.143804, patches=20
  step 750/1000: loss=0.146249, patches=20
  step 800/1000: loss=0.143021, patches=20
  step 850/1000: loss=0.143883, patches=20
  step 900/1000: loss=0.141585, patches=20
  step 950/1000: loss=0.138914, patches=20
  step 1000/1000: loss=0.134220, patches=20
[Trial 3] done: loss=0.134109, time=1686.3s
[Run] report written to results/slurm/20260718_0340/patchsize_sun_moon_20/patches_20/without_srd/without_srd.txt

======================================================================
Running 3 trials WITH SRD
======================================================================


======================================================================
Running 3 trials WITHOUT SRD
======================================================================


[Comparison] report written to results/slurm/20260718_0340/patchsize_sun_moon_20/patches_20/comparison.txt

======================================================================
SRD Patch Size Comparison
======================================================================
Started: 2026-07-18T04:49:47
Patch sizes: [20]
Trials per size: 3
Steps per trial: 1000
Output directory: results/slurm/20260718_0340/patchsize_sun_moon_20
======================================================================


======================================================================
Running comparison with 20 initial patches
  Target 1: images/sun.png
  Target 2: images/moon.png
  Trials: 3, Steps: 1000
======================================================================

[OK] Comparison with 20 patches completed successfully

======================================================================
Comparison Summary
======================================================================
Successful: 1/1
Total time: 29981.8 seconds (8.33 hours)
Summary report: results/slurm/20260718_0340/patchsize_sun_moon_20/SUMMARY.txt
======================================================================

