## SLURM PROLOG ###############################################################
##    Job ID : 4080003
##  Job Name : 20260718_0340_patchsize_acm_scf_5
##  Nodelist : gpu2263
##      CPUs : 
##  Mem/Node : 128000 MB
## Directory : /oscar/home/cjmok/automated-perspective-sculptor
##   Job Started : Sat Jul 18 03:59:25 AM EDT 2026
###############################################################################
[Swept volume] building (resolution=256)...
[Run] mode=full, trials=3, seeds=[0, 1, 2], steps=1000, srd=True, ablation_flags={'disable_swept_volume_adds': False, 'loss_only_deletion': False, 'disable_splitting': False}
[Trial 1/3] seed=0
[Patch] mapbox-earcut is not installed; falling back to fan fill, so non-convex pieces will render incorrectly. Install it with: pip install mapbox-earcut
[SRD rewrite] split patch=2, children=4,5, improvement=0.011729
[SRD rewrite] added patch=6, position=(-0.442, 0.880, 1.094), improvement=0.001705
[SRD rewrite] added patch=7, position=(-0.433, -1.014, 1.031), improvement=0.001669
SRD step 50: evaluated 27 candidates, 12 promising, accepted 3
  Accepted SplitPatch(2) at patch 2, improvement=0.011729
  Accepted AddPatch at patch 6, improvement=0.001705
  Accepted AddPatch at patch 7, improvement=0.001669
  Total patches: 8, total adds: 3, total deletes: 0
  step 50/1000: loss=0.810198, patches=5
[SRD rewrite] deleted patch=5, position=(0.471, -0.918, 1.387), reason=Area 0.004927 below minimum 0.01
[SRD rewrite] deleted patch=4, position=(0.290, -1.100, 1.490), reason=Area 0.001212 below minimum 0.01
[SRD rewrite] split patch=3, children=5,6, improvement=0.017727
[SRD rewrite] added patch=7, position=(-0.528, 0.910, 0.635), improvement=0.007779
[SRD rewrite] added patch=8, position=(-0.632, -0.344, -1.328), improvement=0.007577
SRD step 100: evaluated 27 candidates, 21 promising, accepted 5
  Accepted SplitPatch(3) at patch 3, improvement=0.017727
  Accepted AddPatch at patch 7, improvement=0.007779
  Accepted AddPatch at patch 8, improvement=0.007577
  Mandatory DeletePatch(4) at patch 4, reason=Area 0.001212 below minimum 0.01
  Mandatory DeletePatch(5) at patch 5, reason=Area 0.004927 below minimum 0.01
  Total patches: 9, total adds: 6, total deletes: 2
  step 100/1000: loss=0.738437, patches=8
[SRD rewrite] deleted patch=6, position=(-2.388, -0.724, -0.801), reason=Area 0.002269 below minimum 0.01
[SRD rewrite] deleted patch=5, position=(-2.173, -0.816, -1.029), reason=Area 0.001241 below minimum 0.01
[SRD rewrite] added patch=7, position=(0.038, 1.088, 0.368), improvement=0.008593
[SRD rewrite] added patch=8, position=(-1.573, -0.107, -0.482), improvement=0.007742
[SRD rewrite] added patch=9, position=(-2.467, 0.096, 1.291), improvement=0.006593
SRD step 150: evaluated 27 candidates, 16 promising, accepted 5
  Accepted AddPatch at patch 7, improvement=0.008593
  Accepted AddPatch at patch 8, improvement=0.007742
  Accepted AddPatch at patch 9, improvement=0.006593
  Mandatory DeletePatch(5) at patch 5, reason=Area 0.001241 below minimum 0.01
  Mandatory DeletePatch(6) at patch 6, reason=Area 0.002269 below minimum 0.01
  Total patches: 10, total adds: 9, total deletes: 4
  step 150/1000: loss=0.675685, patches=9
[SRD rewrite] deleted patch=9, position=(-2.419, 0.117, 1.342), reason=Area 0.004167 below minimum 0.01
[SRD rewrite] deleted patch=8, position=(-1.573, -0.107, -0.482), reason=Area 0.009291 below minimum 0.01
[SRD rewrite] added patch=8, position=(-1.403, -0.535, -0.558), improvement=0.003033
[SRD rewrite] restored patch=9, position=(-1.573, -0.107, -0.482), improvement=0.002653
[SRD rewrite] added patch=10, position=(-1.593, -0.351, -1.606), improvement=0.002106
SRD step 200: evaluated 27 candidates, 15 promising, accepted 5
  Accepted AddPatch at patch 8, improvement=0.003033
  Accepted RestorePatch(7) at patch 9, improvement=0.002653
  Accepted AddPatch at patch 10, improvement=0.002106
  Mandatory DeletePatch(8) at patch 8, reason=Area 0.009291 below minimum 0.01
  Mandatory DeletePatch(9) at patch 9, reason=Area 0.004167 below minimum 0.01
  Total patches: 11, total adds: 12, total deletes: 6
  step 200/1000: loss=0.635890, patches=10
[SRD rewrite] deleted patch=9, position=(-1.619, -0.059, -0.461), reason=Area 0.008094 below minimum 0.01
[SRD rewrite] added patch=10, position=(-0.246, -1.083, 0.875), improvement=0.006512
[SRD rewrite] added patch=11, position=(0.743, 0.682, 0.048), improvement=0.005699
[SRD rewrite] added patch=12, position=(0.106, 0.950, 0.021), improvement=0.005240
SRD step 250: evaluated 27 candidates, 20 promising, accepted 4
  Accepted AddPatch at patch 10, improvement=0.006512
  Accepted AddPatch at patch 11, improvement=0.005699
  Accepted AddPatch at patch 12, improvement=0.005240
  Mandatory DeletePatch(9) at patch 9, reason=Area 0.008094 below minimum 0.01
  Total patches: 13, total adds: 15, total deletes: 7
  step 250/1000: loss=0.588889, patches=11
[SRD rewrite] added patch=13, position=(-1.659, 1.252, -1.241), improvement=0.003653
SRD step 300: evaluated 27 candidates, 18 promising, accepted 3
  Accepted AddPatch at patch 13, improvement=0.003653
  Accepted SplitPatch(2) at patch 2, improvement=0.003111
  Accepted SplitPatch(4) at patch 4, improvement=0.003111
  Total patches: 14, total adds: 16, total deletes: 7
  step 300/1000: loss=0.543020, patches=13
SRD step 350: evaluated 27 candidates, 15 promising, accepted 3
  Accepted SplitPatch(4) at patch 4, improvement=0.002820
  Accepted SplitPatch(11) at patch 11, improvement=0.002820
  Accepted SplitPatch(7) at patch 7, improvement=0.002820
  Total patches: 14, total adds: 16, total deletes: 7
  step 350/1000: loss=0.508490, patches=14
SRD step 400: evaluated 27 candidates, 0 promising, accepted 0
  Total patches: 14, total adds: 16, total deletes: 7
  step 400/1000: loss=0.479027, patches=14
[SRD rewrite] deleted patch=3, position=(-0.158, 1.015, 1.198), reason=Area 0.008619 below minimum 0.01
SRD step 450: evaluated 27 candidates, 0 promising, accepted 1
  Mandatory DeletePatch(3) at patch 3, reason=Area 0.008619 below minimum 0.01
  Total patches: 13, total adds: 16, total deletes: 8
  step 450/1000: loss=0.453195, patches=14
SRD step 500: evaluated 27 candidates, 0 promising, accepted 0
  Total patches: 13, total adds: 16, total deletes: 8
  step 500/1000: loss=0.443939, patches=13
[SRD rewrite] added patch=13, position=(1.842, 0.834, -0.597), improvement=0.000275
SRD step 550: evaluated 27 candidates, 1 promising, accepted 1
  Accepted AddPatch at patch 13, improvement=0.000275
  Total patches: 14, total adds: 17, total deletes: 8
  step 550/1000: loss=0.433068, patches=13
[SRD rewrite] deleted patch=13, position=(1.784, 0.871, -0.466), reason=Area 0.002103 below minimum 0.01
SRD step 600: evaluated 27 candidates, 0 promising, accepted 1
  Mandatory DeletePatch(13) at patch 13, reason=Area 0.002103 below minimum 0.01
  Total patches: 13, total adds: 17, total deletes: 9
  step 600/1000: loss=0.427219, patches=14
SRD step 650: evaluated 27 candidates, 0 promising, accepted 0
  Total patches: 13, total adds: 17, total deletes: 9
  step 650/1000: loss=0.422337, patches=13
SRD step 700: evaluated 27 candidates, 0 promising, accepted 0
  Total patches: 13, total adds: 17, total deletes: 9
  step 700/1000: loss=0.421688, patches=13
SRD step 750: evaluated 27 candidates, 0 promising, accepted 0
  Total patches: 13, total adds: 17, total deletes: 9
  step 750/1000: loss=0.422173, patches=13
SRD step 800: evaluated 27 candidates, 0 promising, accepted 0
  Total patches: 13, total adds: 17, total deletes: 9
  step 800/1000: loss=0.422709, patches=13
SRD step 850: evaluated 27 candidates, 0 promising, accepted 0
  Total patches: 13, total adds: 17, total deletes: 9
  step 850/1000: loss=0.422380, patches=13
SRD step 900: evaluated 27 candidates, 0 promising, accepted 0
  Total patches: 13, total adds: 17, total deletes: 9
  step 900/1000: loss=0.424150, patches=13
[SRD rewrite] added patch=13, position=(0.710, 0.524, 0.310), improvement=0.001894
[SRD rewrite] added patch=14, position=(0.663, 0.669, 0.778), improvement=0.001594
[SRD rewrite] added patch=15, position=(-1.513, 0.871, -0.300), improvement=0.001513
SRD step 950: evaluated 27 candidates, 14 promising, accepted 3
  Accepted AddPatch at patch 13, improvement=0.001894
  Accepted AddPatch at patch 14, improvement=0.001594
  Accepted AddPatch at patch 15, improvement=0.001513
  Total patches: 16, total adds: 20, total deletes: 9
  step 950/1000: loss=0.425229, patches=13
SRD step 1000: evaluated 27 candidates, 0 promising, accepted 0
  Total patches: 16, total adds: 20, total deletes: 9
  step 1000/1000: loss=0.403291, patches=16
[Trial 1] done: loss=0.403071, time=2373.1s
[Trial 2/3] seed=1
[SRD rewrite] split patch=2, children=4,5, improvement=0.009677
[SRD rewrite] added patch=6, position=(0.699, 1.150, -0.396), improvement=0.004417
[SRD rewrite] added patch=7, position=(1.465, -0.521, -0.414), improvement=0.004276
SRD step 50: evaluated 27 candidates, 15 promising, accepted 3
  Accepted SplitPatch(2) at patch 2, improvement=0.009677
  Accepted AddPatch at patch 6, improvement=0.004417
  Accepted AddPatch at patch 7, improvement=0.004276
  Total patches: 8, total adds: 3, total deletes: 0
  step 50/1000: loss=0.839484, patches=5
[SRD rewrite] deleted patch=5, position=(1.175, -0.223, 1.628), reason=Area 0.005385 below minimum 0.01
[SRD rewrite] split patch=3, children=6,7, improvement=0.009787
[SRD rewrite] split patch=1, children=7,8, improvement=0.009293
[SRD rewrite] added patch=9, position=(0.690, 0.226, 1.276), improvement=0.009173
SRD step 100: evaluated 27 candidates, 18 promising, accepted 4
  Accepted SplitPatch(3) at patch 3, improvement=0.009787
  Accepted SplitPatch(1) at patch 1, improvement=0.009293
  Accepted AddPatch at patch 9, improvement=0.009173
  Mandatory DeletePatch(5) at patch 5, reason=Area 0.005385 below minimum 0.01
  Total patches: 10, total adds: 6, total deletes: 1
  step 100/1000: loss=0.774243, patches=8
[SRD rewrite] deleted patch=8, position=(-0.140, -1.064, 1.363), reason=Area 0.002010 below minimum 0.01
[SRD rewrite] deleted patch=6, position=(-2.234, 1.034, -1.100), reason=Area 0.008640 below minimum 0.01
[SRD rewrite] deleted patch=5, position=(-2.043, 1.134, -1.350), reason=Area 0.001391 below minimum 0.01
[SRD rewrite] added patch=7, position=(0.404, -0.110, 1.863), improvement=0.007363
[SRD rewrite] added patch=8, position=(1.013, 0.888, -0.796), improvement=0.007114
SRD step 150: evaluated 27 candidates, 18 promising, accepted 6
  Accepted AddPatch at patch 7, improvement=0.007363
  Accepted AddPatch at patch 8, improvement=0.007114
  Accepted SplitPatch(2) at patch 2, improvement=0.006646
  Mandatory DeletePatch(5) at patch 5, reason=Area 0.001391 below minimum 0.01
  Mandatory DeletePatch(6) at patch 6, reason=Area 0.008640 below minimum 0.01
  Mandatory DeletePatch(8) at patch 8, reason=Area 0.002010 below minimum 0.01
  Total patches: 9, total adds: 8, total deletes: 4
  step 150/1000: loss=0.721024, patches=10
[SRD rewrite] added patch=9, position=(-0.572, 0.603, -0.254), improvement=0.002580
[SRD rewrite] added patch=10, position=(1.816, 0.873, -0.497), improvement=0.002288
[SRD rewrite] added patch=11, position=(0.108, -0.763, 2.275), improvement=0.001985
SRD step 200: evaluated 27 candidates, 16 promising, accepted 3
  Accepted AddPatch at patch 9, improvement=0.002580
  Accepted AddPatch at patch 10, improvement=0.002288
  Accepted AddPatch at patch 11, improvement=0.001985
  Total patches: 12, total adds: 11, total deletes: 4
  step 200/1000: loss=0.672554, patches=9
[SRD rewrite] deleted patch=11, position=(0.023, -0.786, 2.129), reason=Area 0.007526 below minimum 0.01
[SRD rewrite] deleted patch=2, position=(1.359, -0.127, 1.571), reason=Area 0.009568 below minimum 0.01
[SRD rewrite] added patch=10, position=(1.425, -0.285, -0.947), improvement=0.006972
[SRD rewrite] added patch=11, position=(-0.665, 0.133, -1.166), improvement=0.006949
[SRD rewrite] added patch=12, position=(-1.387, -0.641, -0.635), improvement=0.006601
SRD step 250: evaluated 27 candidates, 20 promising, accepted 5
  Accepted AddPatch at patch 10, improvement=0.006972
  Accepted AddPatch at patch 11, improvement=0.006949
  Accepted AddPatch at patch 12, improvement=0.006601
  Mandatory DeletePatch(2) at patch 2, reason=Area 0.009568 below minimum 0.01
  Mandatory DeletePatch(11) at patch 11, reason=Area 0.007526 below minimum 0.01
  Total patches: 13, total adds: 14, total deletes: 6
  step 250/1000: loss=0.622450, patches=12
[SRD rewrite] added patch=13, position=(-1.480, 0.939, -0.233), improvement=0.008591
[SRD rewrite] added patch=14, position=(0.760, 0.730, -0.191), improvement=0.008455
[SRD rewrite] added patch=15, position=(1.369, -0.310, -0.928), improvement=0.007992
SRD step 300: evaluated 27 candidates, 26 promising, accepted 3
  Accepted AddPatch at patch 13, improvement=0.008591
  Accepted AddPatch at patch 14, improvement=0.008455
  Accepted AddPatch at patch 15, improvement=0.007992
  Total patches: 16, total adds: 17, total deletes: 6
  step 300/1000: loss=0.568530, patches=13
[SRD rewrite] deleted patch=15, position=(1.363, -0.356, -0.794), reason=Area 0.007820 below minimum 0.01
[SRD rewrite] added patch=15, position=(0.791, 0.505, 0.356), improvement=0.005342
[SRD rewrite] added patch=16, position=(-1.317, 0.781, 0.787), improvement=0.003953
[SRD rewrite] added patch=17, position=(0.423, -0.171, 0.285), improvement=0.003738
SRD step 350: evaluated 27 candidates, 23 promising, accepted 4
  Accepted AddPatch at patch 15, improvement=0.005342
  Accepted AddPatch at patch 16, improvement=0.003953
  Accepted AddPatch at patch 17, improvement=0.003738
  Mandatory DeletePatch(15) at patch 15, reason=Area 0.007820 below minimum 0.01
  Total patches: 18, total adds: 20, total deletes: 7
  step 350/1000: loss=0.517268, patches=16
[SRD rewrite] deleted patch=6, position=(0.244, -0.211, 2.190), reason=Area 0.006606 below minimum 0.01
[SRD rewrite] added patch=17, position=(-1.548, 0.153, -1.205), improvement=0.005230
[SRD rewrite] added patch=18, position=(-1.793, -0.504, -1.249), improvement=0.003834
[SRD rewrite] added patch=19, position=(0.073, 0.888, -1.141), improvement=0.003659
SRD step 400: evaluated 27 candidates, 23 promising, accepted 4
  Accepted AddPatch at patch 17, improvement=0.005230
  Accepted AddPatch at patch 18, improvement=0.003834
  Accepted AddPatch at patch 19, improvement=0.003659
  Mandatory DeletePatch(6) at patch 6, reason=Area 0.006606 below minimum 0.01
  Total patches: 20, total adds: 23, total deletes: 8
  step 400/1000: loss=0.450492, patches=18
[SRD rewrite] deleted patch=18, position=(-1.895, -0.575, -1.149), reason=Area 0.008477 below minimum 0.01
SRD step 450: evaluated 27 candidates, 0 promising, accepted 1
  Mandatory DeletePatch(18) at patch 18, reason=Area 0.008477 below minimum 0.01
  Total patches: 19, total adds: 23, total deletes: 9
  step 450/1000: loss=0.397979, patches=20
[SRD rewrite] added patch=19, position=(0.071, -0.579, -0.551), improvement=0.000903
[SRD rewrite] added patch=20, position=(0.110, -0.561, -0.671), improvement=0.000605
SRD step 500: evaluated 27 candidates, 2 promising, accepted 2
  Accepted AddPatch at patch 19, improvement=0.000903
  Accepted AddPatch at patch 20, improvement=0.000605
  Total patches: 21, total adds: 25, total deletes: 9
  step 500/1000: loss=0.376310, patches=19
[SRD rewrite] added patch=21, position=(0.076, 0.623, -0.244), improvement=0.000271
SRD step 550: evaluated 27 candidates, 1 promising, accepted 1
  Accepted AddPatch at patch 21, improvement=0.000271
  Total patches: 22, total adds: 26, total deletes: 9
  step 550/1000: loss=0.356132, patches=21
[SRD rewrite] deleted patch=19, position=(-0.051, -0.495, -0.246), reason=Area 0.006912 below minimum 0.01
[SRD rewrite] added patch=21, position=(0.102, -0.999, -0.368), improvement=0.000893
[SRD rewrite] added patch=22, position=(-0.433, -1.284, -0.434), improvement=0.000748
[SRD rewrite] added patch=23, position=(1.156, -0.966, 1.785), improvement=0.000602
SRD step 600: evaluated 27 candidates, 16 promising, accepted 4
  Accepted AddPatch at patch 21, improvement=0.000893
  Accepted AddPatch at patch 22, improvement=0.000748
  Accepted AddPatch at patch 23, improvement=0.000602
  Mandatory DeletePatch(19) at patch 19, reason=Area 0.006912 below minimum 0.01
  Total patches: 24, total adds: 29, total deletes: 10
  step 600/1000: loss=0.329336, patches=22
[SRD rewrite] deleted patch=23, position=(1.103, -0.944, 1.666), reason=Area 0.002447 below minimum 0.01
[SRD rewrite] deleted patch=22, position=(-0.433, -1.284, -0.434), reason=Area 0.009291 below minimum 0.01
[SRD rewrite] deleted patch=21, position=(0.102, -0.999, -0.368), reason=Area 0.009291 below minimum 0.01
[SRD rewrite] deleted patch=18, position=(0.164, 1.051, -1.487), reason=Area 0.009311 below minimum 0.01
SRD step 650: evaluated 27 candidates, 0 promising, accepted 4
  Mandatory DeletePatch(18) at patch 18, reason=Area 0.009311 below minimum 0.01
  Mandatory DeletePatch(21) at patch 21, reason=Area 0.009291 below minimum 0.01
  Mandatory DeletePatch(22) at patch 22, reason=Area 0.009291 below minimum 0.01
  Mandatory DeletePatch(23) at patch 23, reason=Area 0.002447 below minimum 0.01
  Total patches: 20, total adds: 29, total deletes: 14
  step 650/1000: loss=0.320418, patches=24
SRD step 700: evaluated 27 candidates, 0 promising, accepted 0
  Total patches: 20, total adds: 29, total deletes: 14
  step 700/1000: loss=0.325419, patches=20
SRD step 750: evaluated 27 candidates, 0 promising, accepted 0
  Total patches: 20, total adds: 29, total deletes: 14
  step 750/1000: loss=0.324855, patches=20
SRD step 800: evaluated 27 candidates, 0 promising, accepted 0
  Total patches: 20, total adds: 29, total deletes: 14
  step 800/1000: loss=0.321333, patches=20
SRD step 850: evaluated 27 candidates, 0 promising, accepted 0
  Total patches: 20, total adds: 29, total deletes: 14
  step 850/1000: loss=0.316540, patches=20
SRD step 900: evaluated 27 candidates, 0 promising, accepted 0
  Total patches: 20, total adds: 29, total deletes: 14
  step 900/1000: loss=0.323289, patches=20
SRD step 950: evaluated 27 candidates, 0 promising, accepted 0
  Total patches: 20, total adds: 29, total deletes: 14
  step 950/1000: loss=0.327419, patches=20
SRD step 1000: evaluated 27 candidates, 0 promising, accepted 0
  Total patches: 20, total adds: 29, total deletes: 14
  step 1000/1000: loss=0.327396, patches=20
[SRD rewrite] deleted patch=0, position=(-0.295, -2.738, -1.525), reason=final deletion pass improved loss
[Trial 2] done: loss=0.326979, time=3163.2s
[Trial 3/3] seed=2
[SRD rewrite] split patch=2, children=4,5, improvement=0.024504
[SRD rewrite] added patch=6, position=(1.402, -0.068, 0.545), improvement=0.005435
[SRD rewrite] added patch=7, position=(-1.384, 0.763, 0.684), improvement=0.005201
SRD step 50: evaluated 27 candidates, 19 promising, accepted 3
  Accepted SplitPatch(2) at patch 2, improvement=0.024504
  Accepted AddPatch at patch 6, improvement=0.005435
  Accepted AddPatch at patch 7, improvement=0.005201
  Total patches: 8, total adds: 3, total deletes: 0
  step 50/1000: loss=0.801539, patches=5
[SRD rewrite] deleted patch=5, position=(-1.616, -1.047, 2.268), reason=Area 0.003280 below minimum 0.01
[SRD rewrite] added patch=7, position=(0.111, 0.603, -0.259), improvement=0.011567
[SRD rewrite] added patch=8, position=(0.010, -0.613, -0.546), improvement=0.011470
[SRD rewrite] added patch=9, position=(-0.624, -0.003, -0.880), improvement=0.010799
SRD step 100: evaluated 27 candidates, 20 promising, accepted 4
  Accepted AddPatch at patch 7, improvement=0.011567
  Accepted AddPatch at patch 8, improvement=0.011470
  Accepted AddPatch at patch 9, improvement=0.010799
  Mandatory DeletePatch(5) at patch 5, reason=Area 0.003280 below minimum 0.01
  Total patches: 10, total adds: 6, total deletes: 1
  step 100/1000: loss=0.690193, patches=8
[SRD rewrite] deleted patch=4, position=(-1.472, -0.595, 2.070), reason=Area 0.008618 below minimum 0.01
[SRD rewrite] added patch=9, position=(-0.607, -0.547, -0.458), improvement=0.009359
SRD step 150: evaluated 27 candidates, 18 promising, accepted 4
  Accepted AddPatch at patch 9, improvement=0.009359
  Accepted SplitPatch(0) at patch 0, improvement=0.008085
  Accepted SplitPatch(2) at patch 2, improvement=0.008085
  Mandatory DeletePatch(4) at patch 4, reason=Area 0.008618 below minimum 0.01
  Total patches: 10, total adds: 7, total deletes: 2
  step 150/1000: loss=0.605104, patches=10
[SRD rewrite] deleted patch=9, position=(-0.607, -0.547, -0.458), reason=Area 0.009291 below minimum 0.01
[SRD rewrite] added patch=9, position=(-0.577, -0.484, -0.527), improvement=0.000934
[SRD rewrite] restored patch=10, position=(-0.607, -0.547, -0.458), improvement=0.000771
SRD step 200: evaluated 27 candidates, 2 promising, accepted 3
  Accepted AddPatch at patch 9, improvement=0.000934
  Accepted RestorePatch(3) at patch 10, improvement=0.000771
  Mandatory DeletePatch(9) at patch 9, reason=Area 0.009291 below minimum 0.01
  Total patches: 11, total adds: 9, total deletes: 3
  step 200/1000: loss=0.567771, patches=10
[SRD rewrite] added patch=11, position=(0.876, 0.492, 0.291), improvement=0.000612
[SRD rewrite] added patch=12, position=(-0.191, -0.996, 1.041), improvement=0.000380
SRD step 250: evaluated 27 candidates, 2 promising, accepted 2
  Accepted AddPatch at patch 11, improvement=0.000612
  Accepted AddPatch at patch 12, improvement=0.000380
  Total patches: 13, total adds: 11, total deletes: 3
  step 250/1000: loss=0.541890, patches=11
[SRD rewrite] added patch=13, position=(-0.640, -0.656, -0.538), improvement=0.002062
[SRD rewrite] added patch=14, position=(-1.454, -0.535, -1.095), improvement=0.001140
SRD step 300: evaluated 27 candidates, 17 promising, accepted 3
  Accepted AddPatch at patch 13, improvement=0.002062
  Accepted AddPatch at patch 14, improvement=0.001140
  Accepted SplitPatch(6) at patch 6, improvement=0.001082
  Total patches: 15, total adds: 13, total deletes: 3
  step 300/1000: loss=0.494268, patches=13
[SRD rewrite] added patch=15, position=(-0.150, -1.066, 0.852), improvement=0.003693
SRD step 350: evaluated 27 candidates, 21 promising, accepted 3
  Accepted AddPatch at patch 15, improvement=0.003693
  Accepted SplitPatch(5) at patch 5, improvement=0.002166
  Accepted SplitPatch(14) at patch 14, improvement=0.002166
  Total patches: 16, total adds: 14, total deletes: 3
  step 350/1000: loss=0.456709, patches=15
SRD step 400: evaluated 27 candidates, 19 promising, accepted 3
  Accepted SplitPatch(10) at patch 10, improvement=0.001375
  Accepted SplitPatch(0) at patch 0, improvement=0.001375
  Accepted SplitPatch(9) at patch 9, improvement=0.001375
  Total patches: 16, total adds: 14, total deletes: 3
  step 400/1000: loss=0.428203, patches=16
[SRD rewrite] added patch=16, position=(-0.056, 1.261, -0.366), improvement=0.001224
[SRD rewrite] added patch=17, position=(1.202, -0.103, 0.586), improvement=0.000009
SRD step 450: evaluated 27 candidates, 2 promising, accepted 2
  Accepted AddPatch at patch 16, improvement=0.001224
  Accepted AddPatch at patch 17, improvement=0.000009
  Total patches: 18, total adds: 16, total deletes: 3
  step 450/1000: loss=0.420141, patches=16
[SRD rewrite] added patch=18, position=(-0.418, 1.187, -0.657), improvement=0.002130
[SRD rewrite] added patch=19, position=(1.693, 0.732, 0.084), improvement=0.001188
SRD step 500: evaluated 27 candidates, 18 promising, accepted 3
  Accepted AddPatch at patch 18, improvement=0.002130
  Accepted AddPatch at patch 19, improvement=0.001188
  Accepted SplitPatch(11) at patch 11, improvement=0.001184
  Total patches: 20, total adds: 18, total deletes: 3
  step 500/1000: loss=0.386445, patches=18
[SRD rewrite] added patch=20, position=(1.566, 0.511, 0.371), improvement=0.001970
[SRD rewrite] added patch=21, position=(0.736, 0.243, -1.172), improvement=0.001443
[SRD rewrite] added patch=22, position=(0.096, 1.009, 0.319), improvement=0.001423
SRD step 550: evaluated 27 candidates, 18 promising, accepted 3
  Accepted AddPatch at patch 20, improvement=0.001970
  Accepted AddPatch at patch 21, improvement=0.001443
  Accepted AddPatch at patch 22, improvement=0.001423
  Total patches: 23, total adds: 21, total deletes: 3
  step 550/1000: loss=0.349550, patches=20
[SRD rewrite] deleted patch=21, position=(0.757, 0.335, -1.215), reason=Area 0.007478 below minimum 0.01
[SRD rewrite] added patch=22, position=(0.613, 0.113, 1.198), improvement=0.003610
[SRD rewrite] added patch=23, position=(-0.024, 0.981, -0.037), improvement=0.003257
[SRD rewrite] added patch=24, position=(0.933, 1.051, -0.584), improvement=0.002558
SRD step 600: evaluated 27 candidates, 20 promising, accepted 4
  Accepted AddPatch at patch 22, improvement=0.003610
  Accepted AddPatch at patch 23, improvement=0.003257
  Accepted AddPatch at patch 24, improvement=0.002558
  Mandatory DeletePatch(21) at patch 21, reason=Area 0.007478 below minimum 0.01
  Total patches: 25, total adds: 24, total deletes: 4
  step 600/1000: loss=0.314014, patches=23
[SRD rewrite] added patch=25, position=(0.695, 0.997, -0.732), improvement=0.002391
[SRD rewrite] added patch=26, position=(0.104, 0.586, 0.637), improvement=0.001878
[SRD rewrite] added patch=27, position=(2.373, 2.388, 2.214), improvement=0.001814
SRD step 650: evaluated 27 candidates, 14 promising, accepted 3
  Accepted AddPatch at patch 25, improvement=0.002391
  Accepted AddPatch at patch 26, improvement=0.001878
  Accepted AddPatch at patch 27, improvement=0.001814
  Total patches: 28, total adds: 27, total deletes: 4
  step 650/1000: loss=0.275451, patches=25
[SRD rewrite] deleted patch=27, position=(2.373, 2.388, 2.214), reason=Area 0.009291 below minimum 0.01
[SRD rewrite] deleted patch=26, position=(0.108, 0.592, 0.600), reason=Area 0.004488 below minimum 0.01
[SRD rewrite] deleted patch=24, position=(0.885, 1.051, -0.567), reason=Area 0.007564 below minimum 0.01
SRD step 700: evaluated 27 candidates, 0 promising, accepted 3
  Mandatory DeletePatch(24) at patch 24, reason=Area 0.007564 below minimum 0.01
  Mandatory DeletePatch(26) at patch 26, reason=Area 0.004488 below minimum 0.01
  Mandatory DeletePatch(27) at patch 27, reason=Area 0.009291 below minimum 0.01
  Total patches: 25, total adds: 27, total deletes: 7
  step 700/1000: loss=0.254694, patches=28
SRD step 750: evaluated 27 candidates, 0 promising, accepted 0
  Total patches: 25, total adds: 27, total deletes: 7
  step 750/1000: loss=0.245014, patches=25
SRD step 800: evaluated 27 candidates, 0 promising, accepted 0
  Total patches: 25, total adds: 27, total deletes: 7
  step 800/1000: loss=0.240186, patches=25
[SRD rewrite] deleted patch=21, position=(0.130, 1.140, 0.270), reason=Area 0.008332 below minimum 0.01
SRD step 850: evaluated 27 candidates, 0 promising, accepted 1
  Mandatory DeletePatch(21) at patch 21, reason=Area 0.008332 below minimum 0.01
  Total patches: 24, total adds: 27, total deletes: 8
  step 850/1000: loss=0.239658, patches=25
SRD step 900: evaluated 27 candidates, 0 promising, accepted 0
  Total patches: 24, total adds: 27, total deletes: 8
  step 900/1000: loss=0.239651, patches=24
SRD step 950: evaluated 27 candidates, 0 promising, accepted 0
  Total patches: 24, total adds: 27, total deletes: 8
  step 950/1000: loss=0.237164, patches=24
SRD step 1000: evaluated 27 candidates, 0 promising, accepted 0
  Total patches: 24, total adds: 27, total deletes: 8
  step 1000/1000: loss=0.226568, patches=24
[Trial 3] done: loss=0.226173, time=3621.1s
[Run] report written to results/slurm/20260718_0340/patchsize_acm_scf_5/patches_5/with_srd/with_srd.txt
[Swept volume] building (resolution=256)...
[Run] mode=full, trials=3, seeds=[0, 1, 2], steps=1000, srd=False, ablation_flags={'disable_swept_volume_adds': True, 'loss_only_deletion': True, 'disable_splitting': False}
[Trial 1/3] seed=0
[Patch] mapbox-earcut is not installed; falling back to fan fill, so non-convex pieces will render incorrectly. Install it with: pip install mapbox-earcut
  step 50/1000: loss=0.810198, patches=5
  step 100/1000: loss=0.799706, patches=5
  step 150/1000: loss=0.800175, patches=5
  step 200/1000: loss=0.765287, patches=5
  step 250/1000: loss=0.748323, patches=5
  step 300/1000: loss=0.739912, patches=5
  step 350/1000: loss=0.735858, patches=5
  step 400/1000: loss=0.730360, patches=5
  step 450/1000: loss=0.729811, patches=5
  step 500/1000: loss=0.734016, patches=5
  step 550/1000: loss=0.738492, patches=5
  step 600/1000: loss=0.744538, patches=5
  step 650/1000: loss=0.740972, patches=5
  step 700/1000: loss=0.740839, patches=5
  step 750/1000: loss=0.738411, patches=5
  step 800/1000: loss=0.730010, patches=5
  step 850/1000: loss=0.719942, patches=5
  step 900/1000: loss=0.719736, patches=5
  step 950/1000: loss=0.720367, patches=5
  step 1000/1000: loss=0.719057, patches=5
[Trial 1] done: loss=0.719296, time=249.7s
[Trial 2/3] seed=1
  step 50/1000: loss=0.839484, patches=5
  step 100/1000: loss=0.821326, patches=5
  step 150/1000: loss=0.814606, patches=5
  step 200/1000: loss=0.810444, patches=5
  step 250/1000: loss=0.804008, patches=5
  step 300/1000: loss=0.774919, patches=5
  step 350/1000: loss=0.768006, patches=5
  step 400/1000: loss=0.738373, patches=5
  step 450/1000: loss=0.723231, patches=5
  step 500/1000: loss=0.719985, patches=5
  step 550/1000: loss=0.713060, patches=5
  step 600/1000: loss=0.707261, patches=5
  step 650/1000: loss=0.698877, patches=5
  step 700/1000: loss=0.697213, patches=5
  step 750/1000: loss=0.695864, patches=5
  step 800/1000: loss=0.691532, patches=5
  step 850/1000: loss=0.697097, patches=5
  step 900/1000: loss=0.699458, patches=5
  step 950/1000: loss=0.709048, patches=5
  step 1000/1000: loss=0.701807, patches=5
[Trial 2] done: loss=0.702151, time=241.6s
[Trial 3/3] seed=2
  step 50/1000: loss=0.801539, patches=5
  step 100/1000: loss=0.760114, patches=5
  step 150/1000: loss=0.720018, patches=5
  step 200/1000: loss=0.664296, patches=5
  step 250/1000: loss=0.641603, patches=5
  step 300/1000: loss=0.636479, patches=5
  step 350/1000: loss=0.628613, patches=5
  step 400/1000: loss=0.621816, patches=5
  step 450/1000: loss=0.619159, patches=5
  step 500/1000: loss=0.614929, patches=5
  step 550/1000: loss=0.614484, patches=5
  step 600/1000: loss=0.613311, patches=5
  step 650/1000: loss=0.614288, patches=5
  step 700/1000: loss=0.613879, patches=5
  step 750/1000: loss=0.618775, patches=5
  step 800/1000: loss=0.617186, patches=5
  step 850/1000: loss=0.612486, patches=5
  step 900/1000: loss=0.615523, patches=5
  step 950/1000: loss=0.612584, patches=5
  step 1000/1000: loss=0.605553, patches=5
[Trial 3] done: loss=0.604922, time=247.9s
[Run] report written to results/slurm/20260718_0340/patchsize_acm_scf_5/patches_5/without_srd/without_srd.txt

======================================================================
Running 3 trials WITH SRD
======================================================================


======================================================================
Running 3 trials WITHOUT SRD
======================================================================


[Comparison] report written to results/slurm/20260718_0340/patchsize_acm_scf_5/patches_5/comparison.txt

======================================================================
SRD Patch Size Comparison
======================================================================
Started: 2026-07-18T03:59:27
Patch sizes: [5]
Trials per size: 3
Steps per trial: 1000
Output directory: results/slurm/20260718_0340/patchsize_acm_scf_5
======================================================================


======================================================================
Running comparison with 5 initial patches
  Target 1: images/acm.png
  Target 2: images/scf.png
  Trials: 3, Steps: 1000
======================================================================

[OK] Comparison with 5 patches completed successfully

======================================================================
Comparison Summary
======================================================================
Successful: 1/1
Total time: 10751.8 seconds (2.99 hours)
Summary report: results/slurm/20260718_0340/patchsize_acm_scf_5/SUMMARY.txt
======================================================================

