[Swept volume] building (resolution=108)...
[Run] mode=ablation, trials=3, seeds=[0, 1, 2], steps=2000, srd=True, ablation_flags={'disable_swept_volume_adds': True, 'loss_only_deletion': True, 'disable_splitting': True}
[Trial 1/3] seed=0
[Patch] mapbox-earcut is not installed; falling back to fan fill, so non-convex pieces will render incorrectly. Install it with: pip install mapbox-earcut
[SRD rewrite] deleted patch=12, position=(1.829, -0.930, -0.586), reason=accepted rewrite
[SRD rewrite] deleted patch=4, position=(-1.031, -1.049, -0.681), reason=accepted rewrite
[SRD rewrite] deleted patch=3, position=(-1.242, -0.636, -1.335), reason=accepted rewrite
[SRD rewrite] added patch=17, position=(0.381, 0.460, 0.361), improvement=0.015038
[SRD rewrite] added patch=18, position=(0.585, 2.219, 0.909), improvement=0.014448
[SRD rewrite] added patch=19, position=(0.342, -2.406, 0.588), improvement=0.014448
SRD step 50: evaluated 32 candidates, 30 promising, accepted 6
  Accepted AddPatch at patch 17, improvement=0.015038
  Accepted AddPatch at patch 18, improvement=0.014448
  Accepted AddPatch at patch 19, improvement=0.014448
  Accepted DeletePatch(4) at patch 4, improvement=0.014409
  Accepted DeletePatch(3) at patch 3, improvement=0.013451
  Accepted DeletePatch(12) at patch 12, improvement=0.008709
  Total patches: 20, total adds: 3, total deletes: 3
  step 50/2000: loss=0.331229, patches=20
[SRD rewrite] added patch=20, position=(1.779, -2.441, -0.700), improvement=0.004317
[SRD rewrite] added patch=21, position=(1.905, 2.382, 0.588), improvement=0.004317
[SRD rewrite] added patch=22, position=(0.259, -2.332, 2.345), improvement=0.004317
SRD step 100: evaluated 32 candidates, 19 promising, accepted 3
  Accepted AddPatch at patch 20, improvement=0.004317
  Accepted AddPatch at patch 21, improvement=0.004317
  Accepted AddPatch at patch 22, improvement=0.004317
  Total patches: 23, total adds: 6, total deletes: 3
  step 100/2000: loss=0.206395, patches=20
[SRD rewrite] deleted patch=8, position=(0.390, -0.743, -1.781), reason=accepted rewrite
[SRD rewrite] deleted patch=5, position=(0.766, -0.406, 1.552), reason=accepted rewrite
[SRD rewrite] added patch=21, position=(-0.359, -1.011, -0.494), improvement=0.005588
[SRD rewrite] added patch=22, position=(2.371, 1.812, 1.402), improvement=0.005413
[SRD rewrite] added patch=23, position=(1.268, -2.480, -1.153), improvement=0.005413
SRD step 150: evaluated 32 candidates, 22 promising, accepted 5
  Accepted DeletePatch(8) at patch 8, improvement=0.006120
  Accepted AddPatch at patch 21, improvement=0.005588
  Accepted AddPatch at patch 22, improvement=0.005413
  Accepted AddPatch at patch 23, improvement=0.005413
  Accepted DeletePatch(5) at patch 5, improvement=0.000241
  Total patches: 24, total adds: 9, total deletes: 5
  step 150/2000: loss=0.189054, patches=23
SRD step 200: evaluated 32 candidates, 0 promising, accepted 0
  Total patches: 24, total adds: 9, total deletes: 5
  step 200/2000: loss=0.161235, patches=24
[SRD rewrite] added patch=24, position=(0.998, 2.340, 2.472), improvement=0.001739
[SRD rewrite] added patch=25, position=(0.196, 1.936, 1.901), improvement=0.001116
[SRD rewrite] added patch=26, position=(-2.373, 1.940, 1.043), improvement=0.001045
SRD step 250: evaluated 32 candidates, 9 promising, accepted 3
  Accepted AddPatch at patch 24, improvement=0.001739
  Accepted AddPatch at patch 25, improvement=0.001116
  Accepted AddPatch at patch 26, improvement=0.001045
  Total patches: 27, total adds: 12, total deletes: 5
  step 250/2000: loss=0.141235, patches=24
[SRD rewrite] added patch=27, position=(0.464, -0.727, 0.785), improvement=0.002239
[SRD rewrite] added patch=28, position=(2.204, -2.237, 0.481), improvement=0.002157
[SRD rewrite] added patch=29, position=(-2.474, 2.351, 0.819), improvement=0.001753
SRD step 300: evaluated 32 candidates, 16 promising, accepted 3
  Accepted AddPatch at patch 27, improvement=0.002239
  Accepted AddPatch at patch 28, improvement=0.002157
  Accepted AddPatch at patch 29, improvement=0.001753
  Total patches: 30, total adds: 15, total deletes: 5
  step 300/2000: loss=0.133621, patches=27
[SRD rewrite] deleted patch=7, position=(-0.261, -1.369, -1.344), reason=accepted rewrite
SRD step 350: evaluated 32 candidates, 1 promising, accepted 1
  Accepted DeletePatch(7) at patch 7, improvement=0.006788
  Total patches: 29, total adds: 15, total deletes: 6
  step 350/2000: loss=0.132548, patches=30
SRD step 400: evaluated 32 candidates, 0 promising, accepted 0
  Total patches: 29, total adds: 15, total deletes: 6
  step 400/2000: loss=0.120085, patches=29
SRD step 450: evaluated 32 candidates, 0 promising, accepted 0
  Total patches: 29, total adds: 15, total deletes: 6
  step 450/2000: loss=0.112393, patches=29
SRD step 500: evaluated 32 candidates, 0 promising, accepted 0
  Total patches: 29, total adds: 15, total deletes: 6
  step 500/2000: loss=0.106221, patches=29
SRD step 550: evaluated 32 candidates, 0 promising, accepted 0
  Total patches: 29, total adds: 15, total deletes: 6
  step 550/2000: loss=0.106310, patches=29
SRD step 600: evaluated 32 candidates, 0 promising, accepted 0
  Total patches: 29, total adds: 15, total deletes: 6
  step 600/2000: loss=0.105660, patches=29
SRD step 650: evaluated 32 candidates, 0 promising, accepted 0
  Total patches: 29, total adds: 15, total deletes: 6
  step 650/2000: loss=0.103511, patches=29
SRD step 700: evaluated 32 candidates, 0 promising, accepted 0
  Total patches: 29, total adds: 15, total deletes: 6
  step 700/2000: loss=0.106035, patches=29
SRD step 750: evaluated 32 candidates, 0 promising, accepted 0
  Total patches: 29, total adds: 15, total deletes: 6
  step 750/2000: loss=0.106319, patches=29
SRD step 800: evaluated 32 candidates, 0 promising, accepted 0
  Total patches: 29, total adds: 15, total deletes: 6
  step 800/2000: loss=0.105380, patches=29
SRD step 850: evaluated 32 candidates, 0 promising, accepted 0
  Total patches: 29, total adds: 15, total deletes: 6
  step 850/2000: loss=0.106040, patches=29
SRD step 900: evaluated 32 candidates, 0 promising, accepted 0
  Total patches: 29, total adds: 15, total deletes: 6
  step 900/2000: loss=0.106313, patches=29
SRD step 950: evaluated 32 candidates, 0 promising, accepted 0
  Total patches: 29, total adds: 15, total deletes: 6
  step 950/2000: loss=0.105275, patches=29
SRD step 1000: evaluated 32 candidates, 0 promising, accepted 0
  Total patches: 29, total adds: 15, total deletes: 6
  step 1000/2000: loss=0.105508, patches=29
SRD step 1050: evaluated 32 candidates, 0 promising, accepted 0
  Total patches: 29, total adds: 15, total deletes: 6
  step 1050/2000: loss=0.103972, patches=29
SRD step 1100: evaluated 32 candidates, 0 promising, accepted 0
  Total patches: 29, total adds: 15, total deletes: 6
  step 1100/2000: loss=0.104186, patches=29
SRD step 1150: evaluated 32 candidates, 0 promising, accepted 0
  Total patches: 29, total adds: 15, total deletes: 6
  step 1150/2000: loss=0.102560, patches=29
SRD step 1200: evaluated 32 candidates, 0 promising, accepted 0
  Total patches: 29, total adds: 15, total deletes: 6
  step 1200/2000: loss=0.098505, patches=29
SRD step 1250: evaluated 32 candidates, 0 promising, accepted 0
  Total patches: 29, total adds: 15, total deletes: 6
  step 1250/2000: loss=0.097084, patches=29
SRD step 1300: evaluated 32 candidates, 0 promising, accepted 0
  Total patches: 29, total adds: 15, total deletes: 6
  step 1300/2000: loss=0.098092, patches=29
SRD step 1350: evaluated 32 candidates, 0 promising, accepted 0
  Total patches: 29, total adds: 15, total deletes: 6
  step 1350/2000: loss=0.097959, patches=29
SRD step 1400: evaluated 32 candidates, 0 promising, accepted 0
  Total patches: 29, total adds: 15, total deletes: 6
  step 1400/2000: loss=0.098265, patches=29
SRD step 1450: evaluated 32 candidates, 0 promising, accepted 0
  Total patches: 29, total adds: 15, total deletes: 6
  step 1450/2000: loss=0.096075, patches=29
SRD step 1500: evaluated 32 candidates, 0 promising, accepted 0
  Total patches: 29, total adds: 15, total deletes: 6
  step 1500/2000: loss=0.096804, patches=29
SRD step 1550: evaluated 32 candidates, 0 promising, accepted 0
  Total patches: 29, total adds: 15, total deletes: 6
  step 1550/2000: loss=0.096717, patches=29
SRD step 1600: evaluated 32 candidates, 0 promising, accepted 0
  Total patches: 29, total adds: 15, total deletes: 6
  step 1600/2000: loss=0.096006, patches=29
SRD step 1650: evaluated 32 candidates, 0 promising, accepted 0
  Total patches: 29, total adds: 15, total deletes: 6
  step 1650/2000: loss=0.094093, patches=29
SRD step 1700: evaluated 32 candidates, 0 promising, accepted 0
  Total patches: 29, total adds: 15, total deletes: 6
  step 1700/2000: loss=0.092922, patches=29
SRD step 1750: evaluated 32 candidates, 0 promising, accepted 0
  Total patches: 29, total adds: 15, total deletes: 6
  step 1750/2000: loss=0.092872, patches=29
SRD step 1800: evaluated 32 candidates, 0 promising, accepted 0
  Total patches: 29, total adds: 15, total deletes: 6
  step 1800/2000: loss=0.094042, patches=29
SRD step 1850: evaluated 32 candidates, 0 promising, accepted 0
  Total patches: 29, total adds: 15, total deletes: 6
  step 1850/2000: loss=0.094172, patches=29
SRD step 1900: evaluated 32 candidates, 0 promising, accepted 0
  Total patches: 29, total adds: 15, total deletes: 6
  step 1900/2000: loss=0.095040, patches=29
SRD step 1950: evaluated 32 candidates, 0 promising, accepted 0
  Total patches: 29, total adds: 15, total deletes: 6
  step 1950/2000: loss=0.092953, patches=29
SRD step 2000: evaluated 32 candidates, 0 promising, accepted 0
  Total patches: 29, total adds: 15, total deletes: 6
  step 2000/2000: loss=0.093269, patches=29
[SRD rewrite] deleted patch=7, position=(-1.630, -1.178, 1.986), reason=final deletion pass improved loss
[SRD rewrite] deleted patch=20, position=(2.371, 1.812, 1.402), reason=final deletion pass improved loss
[SRD rewrite] deleted patch=22, position=(0.252, 1.873, 1.982), reason=final deletion pass improved loss
[SRD rewrite] deleted patch=22, position=(-2.373, 1.940, 1.043), reason=final deletion pass improved loss
[SRD rewrite] deleted patch=24, position=(-2.443, 2.296, 0.749), reason=final deletion pass improved loss
[Trial 1] done: loss=0.088472, time=11389.2s
[Trial 2/3] seed=1
[SRD rewrite] added patch=20, position=(0.179, 0.819, 0.074), improvement=0.013774
[SRD rewrite] added patch=21, position=(1.891, -2.363, 0.852), improvement=0.013708
[SRD rewrite] added patch=22, position=(1.102, -2.499, -0.988), improvement=0.013708
SRD step 50: evaluated 32 candidates, 27 promising, accepted 3
  Accepted AddPatch at patch 20, improvement=0.013774
  Accepted AddPatch at patch 21, improvement=0.013708
  Accepted AddPatch at patch 22, improvement=0.013708
  Total patches: 23, total adds: 3, total deletes: 0
  step 50/2000: loss=0.279643, patches=20
[SRD rewrite] added patch=23, position=(0.344, -0.913, 2.443), improvement=0.005107
[SRD rewrite] added patch=24, position=(0.407, 2.350, 1.734), improvement=0.003808
[SRD rewrite] added patch=25, position=(1.361, 2.039, 2.160), improvement=0.003808
SRD step 100: evaluated 32 candidates, 27 promising, accepted 3
  Accepted AddPatch at patch 23, improvement=0.005107
  Accepted AddPatch at patch 24, improvement=0.003808
  Accepted AddPatch at patch 25, improvement=0.003808
  Total patches: 26, total adds: 6, total deletes: 0
  step 100/2000: loss=0.177161, patches=23
[SRD rewrite] added patch=26, position=(0.463, -0.939, 2.082), improvement=0.004420
[SRD rewrite] added patch=27, position=(-0.589, -0.446, -0.493), improvement=0.003259
[SRD rewrite] added patch=28, position=(1.498, -2.327, 1.351), improvement=0.003083
SRD step 150: evaluated 32 candidates, 26 promising, accepted 3
  Accepted AddPatch at patch 26, improvement=0.004420
  Accepted AddPatch at patch 27, improvement=0.003259
  Accepted AddPatch at patch 28, improvement=0.003083
  Total patches: 29, total adds: 9, total deletes: 0
  step 150/2000: loss=0.133191, patches=26
SRD step 200: evaluated 32 candidates, 0 promising, accepted 0
  Total patches: 29, total adds: 9, total deletes: 0
  step 200/2000: loss=0.104709, patches=29
SRD step 250: evaluated 32 candidates, 0 promising, accepted 0
  Total patches: 29, total adds: 9, total deletes: 0
  step 250/2000: loss=0.087958, patches=29
SRD step 300: evaluated 32 candidates, 0 promising, accepted 0
  Total patches: 29, total adds: 9, total deletes: 0
  step 300/2000: loss=0.077084, patches=29
SRD step 350: evaluated 32 candidates, 0 promising, accepted 0
  Total patches: 29, total adds: 9, total deletes: 0
  step 350/2000: loss=0.074988, patches=29
[SRD rewrite] deleted patch=13, position=(0.988, -0.540, 2.297), reason=accepted rewrite
SRD step 400: evaluated 32 candidates, 1 promising, accepted 1
  Accepted DeletePatch(13) at patch 13, improvement=0.007079
  Total patches: 28, total adds: 9, total deletes: 1
  step 400/2000: loss=0.087546, patches=29
SRD step 450: evaluated 32 candidates, 0 promising, accepted 0
  Total patches: 28, total adds: 9, total deletes: 1
  step 450/2000: loss=0.076378, patches=28
SRD step 500: evaluated 32 candidates, 0 promising, accepted 0
  Total patches: 28, total adds: 9, total deletes: 1
  step 500/2000: loss=0.074985, patches=28
SRD step 550: evaluated 32 candidates, 0 promising, accepted 0
  Total patches: 28, total adds: 9, total deletes: 1
  step 550/2000: loss=0.075377, patches=28
SRD step 600: evaluated 32 candidates, 0 promising, accepted 0
  Total patches: 28, total adds: 9, total deletes: 1
  step 600/2000: loss=0.075216, patches=28
SRD step 650: evaluated 32 candidates, 0 promising, accepted 0
  Total patches: 28, total adds: 9, total deletes: 1
  step 650/2000: loss=0.075482, patches=28
SRD step 700: evaluated 32 candidates, 0 promising, accepted 0
  Total patches: 28, total adds: 9, total deletes: 1
  step 700/2000: loss=0.075804, patches=28
SRD step 750: evaluated 32 candidates, 0 promising, accepted 0
  Total patches: 28, total adds: 9, total deletes: 1
  step 750/2000: loss=0.077002, patches=28
SRD step 800: evaluated 32 candidates, 0 promising, accepted 0
  Total patches: 28, total adds: 9, total deletes: 1
  step 800/2000: loss=0.079907, patches=28
SRD step 850: evaluated 32 candidates, 0 promising, accepted 0
  Total patches: 28, total adds: 9, total deletes: 1
  step 850/2000: loss=0.075657, patches=28
SRD step 900: evaluated 32 candidates, 0 promising, accepted 0
  Total patches: 28, total adds: 9, total deletes: 1
  step 900/2000: loss=0.076880, patches=28
SRD step 950: evaluated 32 candidates, 0 promising, accepted 0
  Total patches: 28, total adds: 9, total deletes: 1
  step 950/2000: loss=0.076616, patches=28
SRD step 1000: evaluated 32 candidates, 0 promising, accepted 0
  Total patches: 28, total adds: 9, total deletes: 1
  step 1000/2000: loss=0.078490, patches=28
SRD step 1050: evaluated 32 candidates, 0 promising, accepted 0
  Total patches: 28, total adds: 9, total deletes: 1
  step 1050/2000: loss=0.078782, patches=28
SRD step 1100: evaluated 32 candidates, 0 promising, accepted 0
  Total patches: 28, total adds: 9, total deletes: 1
  step 1100/2000: loss=0.079089, patches=28
SRD step 1150: evaluated 32 candidates, 0 promising, accepted 0
  Total patches: 28, total adds: 9, total deletes: 1
  step 1150/2000: loss=0.081407, patches=28
SRD step 1200: evaluated 32 candidates, 0 promising, accepted 0
  Total patches: 28, total adds: 9, total deletes: 1
  step 1200/2000: loss=0.082764, patches=28
SRD step 1250: evaluated 32 candidates, 0 promising, accepted 0
  Total patches: 28, total adds: 9, total deletes: 1
  step 1250/2000: loss=0.081072, patches=28
SRD step 1300: evaluated 32 candidates, 0 promising, accepted 0
  Total patches: 28, total adds: 9, total deletes: 1
  step 1300/2000: loss=0.080814, patches=28
SRD step 1350: evaluated 32 candidates, 0 promising, accepted 0
  Total patches: 28, total adds: 9, total deletes: 1
  step 1350/2000: loss=0.078881, patches=28
SRD step 1400: evaluated 32 candidates, 0 promising, accepted 0
  Total patches: 28, total adds: 9, total deletes: 1
  step 1400/2000: loss=0.077709, patches=28
SRD step 1450: evaluated 32 candidates, 0 promising, accepted 0
  Total patches: 28, total adds: 9, total deletes: 1
  step 1450/2000: loss=0.078513, patches=28
SRD step 1500: evaluated 32 candidates, 0 promising, accepted 0
  Total patches: 28, total adds: 9, total deletes: 1
  step 1500/2000: loss=0.079974, patches=28
SRD step 1550: evaluated 32 candidates, 0 promising, accepted 0
  Total patches: 28, total adds: 9, total deletes: 1
  step 1550/2000: loss=0.082551, patches=28
SRD step 1600: evaluated 32 candidates, 0 promising, accepted 0
  Total patches: 28, total adds: 9, total deletes: 1
  step 1600/2000: loss=0.074778, patches=28
SRD step 1650: evaluated 32 candidates, 0 promising, accepted 0
  Total patches: 28, total adds: 9, total deletes: 1
  step 1650/2000: loss=0.072579, patches=28
SRD step 1700: evaluated 32 candidates, 0 promising, accepted 0
  Total patches: 28, total adds: 9, total deletes: 1
  step 1700/2000: loss=0.074171, patches=28
SRD step 1750: evaluated 32 candidates, 0 promising, accepted 0
  Total patches: 28, total adds: 9, total deletes: 1
  step 1750/2000: loss=0.070619, patches=28
SRD step 1800: evaluated 32 candidates, 0 promising, accepted 0
  Total patches: 28, total adds: 9, total deletes: 1
  step 1800/2000: loss=0.069732, patches=28
SRD step 1850: evaluated 32 candidates, 0 promising, accepted 0
  Total patches: 28, total adds: 9, total deletes: 1
  step 1850/2000: loss=0.068639, patches=28
SRD step 1900: evaluated 32 candidates, 0 promising, accepted 0
  Total patches: 28, total adds: 9, total deletes: 1
  step 1900/2000: loss=0.070632, patches=28
SRD step 1950: evaluated 32 candidates, 0 promising, accepted 0
  Total patches: 28, total adds: 9, total deletes: 1
  step 1950/2000: loss=0.069765, patches=28
SRD step 2000: evaluated 32 candidates, 0 promising, accepted 0
  Total patches: 28, total adds: 9, total deletes: 1
  step 2000/2000: loss=0.066296, patches=28
[SRD rewrite] deleted patch=1, position=(-0.127, -0.680, 2.396), reason=final deletion pass improved loss
[Trial 2] done: loss=0.064953, time=11222.7s
[Trial 3/3] seed=2
[SRD rewrite] deleted patch=16, position=(-0.498, -0.243, 1.318), reason=accepted rewrite
[SRD rewrite] deleted patch=15, position=(-0.670, -0.950, 0.990), reason=accepted rewrite
[SRD rewrite] deleted patch=7, position=(-0.534, -0.431, 1.183), reason=accepted rewrite
[SRD rewrite] added patch=17, position=(-0.362, -0.316, 1.383), improvement=0.015192
[SRD rewrite] added patch=18, position=(-0.293, 0.020, -0.882), improvement=0.015071
[SRD rewrite] added patch=19, position=(0.120, -0.717, -2.272), improvement=0.014321
SRD step 50: evaluated 32 candidates, 31 promising, accepted 6
  Accepted AddPatch at patch 17, improvement=0.015192
  Accepted AddPatch at patch 18, improvement=0.015071
  Accepted AddPatch at patch 19, improvement=0.014321
  Accepted DeletePatch(16) at patch 16, improvement=0.008876
  Accepted DeletePatch(15) at patch 15, improvement=0.008400
  Accepted DeletePatch(7) at patch 7, improvement=0.005127
  Total patches: 20, total adds: 3, total deletes: 3
  step 50/2000: loss=0.397891, patches=20
[SRD rewrite] deleted patch=19, position=(0.092, -0.684, -2.236), reason=accepted rewrite
[SRD rewrite] deleted patch=15, position=(0.109, -1.034, 1.244), reason=accepted rewrite
[SRD rewrite] restored patch=18, position=(-0.534, -0.431, 1.183), improvement=0.004110
[SRD rewrite] added patch=19, position=(-0.592, 2.324, 1.402), improvement=0.003735
[SRD rewrite] added patch=20, position=(1.726, 2.443, -2.256), improvement=0.003541
SRD step 100: evaluated 32 candidates, 25 promising, accepted 5
  Accepted RestorePatch(2) at patch 18, improvement=0.004110
  Accepted DeletePatch(15) at patch 15, improvement=0.004106
  Accepted AddPatch at patch 19, improvement=0.003735
  Accepted AddPatch at patch 20, improvement=0.003541
  Accepted DeletePatch(19) at patch 19, improvement=0.001819
  Total patches: 21, total adds: 6, total deletes: 5
  step 100/2000: loss=0.294419, patches=20
[SRD rewrite] deleted patch=19, position=(-0.592, 2.324, 1.402), reason=accepted rewrite
[SRD rewrite] deleted patch=15, position=(-0.887, -0.049, -0.248), reason=accepted rewrite
[SRD rewrite] deleted patch=4, position=(0.208, -1.463, -1.593), reason=accepted rewrite
[SRD rewrite] added patch=18, position=(-0.435, -2.351, 1.752), improvement=0.002906
[SRD rewrite] added patch=19, position=(-0.317, -2.425, 1.965), improvement=0.002906
[SRD rewrite] added patch=20, position=(0.709, -2.063, 1.079), improvement=0.002906
SRD step 150: evaluated 32 candidates, 16 promising, accepted 6
  Accepted DeletePatch(4) at patch 4, improvement=0.006693
  Accepted AddPatch at patch 18, improvement=0.002906
  Accepted AddPatch at patch 19, improvement=0.002906
  Accepted AddPatch at patch 20, improvement=0.002906
  Accepted DeletePatch(15) at patch 15, improvement=0.002284
  Accepted DeletePatch(19) at patch 19, improvement=0.002105
  Total patches: 21, total adds: 9, total deletes: 8
  step 150/2000: loss=0.244401, patches=21
[SRD rewrite] added patch=21, position=(-2.488, -0.039, 2.190), improvement=0.001241
[SRD rewrite] restored patch=22, position=(-0.592, 2.324, 1.402), improvement=0.001142
[SRD rewrite] restored patch=23, position=(0.092, -0.684, -2.236), improvement=0.000536
SRD step 200: evaluated 32 candidates, 11 promising, accepted 3
  Accepted AddPatch at patch 21, improvement=0.001241
  Accepted RestorePatch(4) at patch 22, improvement=0.001142
  Accepted RestorePatch(2) at patch 23, improvement=0.000536
  Total patches: 24, total adds: 12, total deletes: 8
  step 200/2000: loss=0.203561, patches=21
[SRD rewrite] added patch=24, position=(-0.120, -0.811, 0.813), improvement=0.001258
SRD step 250: evaluated 32 candidates, 1 promising, accepted 1
  Accepted AddPatch at patch 24, improvement=0.001258
  Total patches: 25, total adds: 13, total deletes: 8
  step 250/2000: loss=0.177982, patches=24
SRD step 300: evaluated 32 candidates, 0 promising, accepted 0
  Total patches: 25, total adds: 13, total deletes: 8
  step 300/2000: loss=0.147475, patches=25
SRD step 350: evaluated 32 candidates, 0 promising, accepted 0
  Total patches: 25, total adds: 13, total deletes: 8
  step 350/2000: loss=0.127498, patches=25
SRD step 400: evaluated 32 candidates, 0 promising, accepted 0
  Total patches: 25, total adds: 13, total deletes: 8
  step 400/2000: loss=0.104159, patches=25
SRD step 450: evaluated 32 candidates, 0 promising, accepted 0
  Total patches: 25, total adds: 13, total deletes: 8
  step 450/2000: loss=0.099176, patches=25
[SRD rewrite] deleted patch=11, position=(1.995, -0.766, 1.025), reason=accepted rewrite
SRD step 500: evaluated 32 candidates, 1 promising, accepted 1
  Accepted DeletePatch(11) at patch 11, improvement=0.023414
  Total patches: 24, total adds: 13, total deletes: 9
  step 500/2000: loss=0.107606, patches=25
SRD step 550: evaluated 32 candidates, 0 promising, accepted 0
  Total patches: 24, total adds: 13, total deletes: 9
  step 550/2000: loss=0.079578, patches=24
SRD step 600: evaluated 32 candidates, 0 promising, accepted 0
  Total patches: 24, total adds: 13, total deletes: 9
  step 600/2000: loss=0.080590, patches=24
SRD step 650: evaluated 32 candidates, 0 promising, accepted 0
  Total patches: 24, total adds: 13, total deletes: 9
  step 650/2000: loss=0.081525, patches=24
SRD step 700: evaluated 32 candidates, 0 promising, accepted 0
  Total patches: 24, total adds: 13, total deletes: 9
  step 700/2000: loss=0.080059, patches=24
SRD step 750: evaluated 32 candidates, 0 promising, accepted 0
  Total patches: 24, total adds: 13, total deletes: 9
  step 750/2000: loss=0.081350, patches=24
SRD step 800: evaluated 32 candidates, 0 promising, accepted 0
  Total patches: 24, total adds: 13, total deletes: 9
  step 800/2000: loss=0.078260, patches=24
SRD step 850: evaluated 32 candidates, 0 promising, accepted 0
  Total patches: 24, total adds: 13, total deletes: 9
  step 850/2000: loss=0.078355, patches=24
SRD step 900: evaluated 32 candidates, 0 promising, accepted 0
  Total patches: 24, total adds: 13, total deletes: 9
  step 900/2000: loss=0.074976, patches=24
SRD step 950: evaluated 32 candidates, 0 promising, accepted 0
  Total patches: 24, total adds: 13, total deletes: 9
  step 950/2000: loss=0.075318, patches=24
SRD step 1000: evaluated 32 candidates, 0 promising, accepted 0
  Total patches: 24, total adds: 13, total deletes: 9
  step 1000/2000: loss=0.075468, patches=24
SRD step 1050: evaluated 32 candidates, 0 promising, accepted 0
  Total patches: 24, total adds: 13, total deletes: 9
  step 1050/2000: loss=0.071632, patches=24
SRD step 1100: evaluated 32 candidates, 0 promising, accepted 0
  Total patches: 24, total adds: 13, total deletes: 9
  step 1100/2000: loss=0.071572, patches=24
SRD step 1150: evaluated 32 candidates, 0 promising, accepted 0
  Total patches: 24, total adds: 13, total deletes: 9
  step 1150/2000: loss=0.069497, patches=24
SRD step 1200: evaluated 32 candidates, 0 promising, accepted 0
  Total patches: 24, total adds: 13, total deletes: 9
  step 1200/2000: loss=0.069557, patches=24
SRD step 1250: evaluated 32 candidates, 0 promising, accepted 0
  Total patches: 24, total adds: 13, total deletes: 9
  step 1250/2000: loss=0.070227, patches=24
SRD step 1300: evaluated 32 candidates, 0 promising, accepted 0
  Total patches: 24, total adds: 13, total deletes: 9
  step 1300/2000: loss=0.070130, patches=24
SRD step 1350: evaluated 32 candidates, 0 promising, accepted 0
  Total patches: 24, total adds: 13, total deletes: 9
  step 1350/2000: loss=0.069172, patches=24
SRD step 1400: evaluated 32 candidates, 0 promising, accepted 0
  Total patches: 24, total adds: 13, total deletes: 9
  step 1400/2000: loss=0.068783, patches=24
SRD step 1450: evaluated 32 candidates, 0 promising, accepted 0
  Total patches: 24, total adds: 13, total deletes: 9
  step 1450/2000: loss=0.069370, patches=24
SRD step 1500: evaluated 32 candidates, 0 promising, accepted 0
  Total patches: 24, total adds: 13, total deletes: 9
  step 1500/2000: loss=0.067137, patches=24
SRD step 1550: evaluated 32 candidates, 0 promising, accepted 0
  Total patches: 24, total adds: 13, total deletes: 9
  step 1550/2000: loss=0.066939, patches=24
SRD step 1600: evaluated 32 candidates, 0 promising, accepted 0
  Total patches: 24, total adds: 13, total deletes: 9
  step 1600/2000: loss=0.066844, patches=24
SRD step 1650: evaluated 32 candidates, 0 promising, accepted 0
  Total patches: 24, total adds: 13, total deletes: 9
  step 1650/2000: loss=0.066712, patches=24
SRD step 1700: evaluated 32 candidates, 0 promising, accepted 0
  Total patches: 24, total adds: 13, total deletes: 9
  step 1700/2000: loss=0.066947, patches=24
SRD step 1750: evaluated 32 candidates, 0 promising, accepted 0
  Total patches: 24, total adds: 13, total deletes: 9
  step 1750/2000: loss=0.068587, patches=24
SRD step 1800: evaluated 32 candidates, 0 promising, accepted 0
  Total patches: 24, total adds: 13, total deletes: 9
  step 1800/2000: loss=0.066728, patches=24
SRD step 1850: evaluated 32 candidates, 0 promising, accepted 0
  Total patches: 24, total adds: 13, total deletes: 9
  step 1850/2000: loss=0.067072, patches=24
SRD step 1900: evaluated 32 candidates, 0 promising, accepted 0
  Total patches: 24, total adds: 13, total deletes: 9
  step 1900/2000: loss=0.066691, patches=24
SRD step 1950: evaluated 32 candidates, 0 promising, accepted 0
  Total patches: 24, total adds: 13, total deletes: 9
  step 1950/2000: loss=0.066719, patches=24
SRD step 2000: evaluated 32 candidates, 0 promising, accepted 0
  Total patches: 24, total adds: 13, total deletes: 9
  step 2000/2000: loss=0.066643, patches=24
[SRD rewrite] deleted patch=3, position=(0.632, 0.078, 1.990), reason=final deletion pass improved loss
[SRD rewrite] deleted patch=12, position=(-0.291, -0.255, 1.117), reason=final deletion pass improved loss
[SRD rewrite] deleted patch=14, position=(2.256, 1.721, -2.483), reason=final deletion pass improved loss
[SRD rewrite] deleted patch=17, position=(-2.459, 0.177, 1.780), reason=final deletion pass improved loss
[SRD rewrite] deleted patch=17, position=(-0.592, 2.324, 1.402), reason=final deletion pass improved loss
[SRD rewrite] deleted patch=17, position=(0.028, -2.631, -2.308), reason=final deletion pass improved loss
[Trial 3] done: loss=0.064369, time=9547.0s
[Run] report written to results/slurm/20260717_1249/ablation_water_fire_ablation/output.txt
