## SLURM PROLOG ###############################################################
##    Job ID : 4079930
##  Job Name : 20260718_0323_comparison_acm_scf_srd
##  Nodelist : gpu2262
##      CPUs : 
##  Mem/Node : 128000 MB
## Directory : /oscar/home/cjmok/automated-perspective-sculptor
##   Job Started : Sat Jul 18 03:34:56 AM EDT 2026
###############################################################################
[Swept volume] building (resolution=256)...
[Run] mode=full, trials=3, seeds=[0, 1, 2], steps=2000, srd=True, ablation_flags={'disable_swept_volume_adds': False, 'loss_only_deletion': False, 'disable_splitting': False}
[Trial 1/3] seed=0
[Patch] mapbox-earcut is not installed; falling back to fan fill, so non-convex pieces will render incorrectly. Install it with: pip install mapbox-earcut
[SRD rewrite] split patch=4, children=19,20, improvement=0.010687
SRD step 50: evaluated 27 candidates, 27 promising, accepted 3
  Accepted SplitPatch(4) at patch 4, improvement=0.010687
  Accepted SplitPatch(0) at patch 0, improvement=0.007885
  Accepted SplitPatch(15) at patch 15, improvement=0.007802
  Total patches: 21, total adds: 1, total deletes: 0
  step 50/2000: loss=0.670797, patches=20
[SRD rewrite] deleted patch=20, position=(-2.398, -0.698, -1.014), reason=Area 0.002397 below minimum 0.01
[SRD rewrite] deleted patch=19, position=(-2.457, -0.558, -1.022), reason=Area 0.001490 below minimum 0.01
[SRD rewrite] split patch=9, children=18,19, improvement=0.011845
[SRD rewrite] added patch=20, position=(1.266, -0.817, 0.751), improvement=0.010667
[SRD rewrite] added patch=21, position=(-0.597, 0.580, -0.272), improvement=0.010385
SRD step 100: evaluated 27 candidates, 27 promising, accepted 5
  Accepted SplitPatch(9) at patch 9, improvement=0.011845
  Accepted AddPatch at patch 20, improvement=0.010667
  Accepted AddPatch at patch 21, improvement=0.010385
  Mandatory DeletePatch(19) at patch 19, reason=Area 0.001490 below minimum 0.01
  Mandatory DeletePatch(20) at patch 20, reason=Area 0.002397 below minimum 0.01
  Total patches: 22, total adds: 4, total deletes: 2
  step 100/2000: loss=0.575816, patches=21
[SRD rewrite] deleted patch=20, position=(1.266, -0.817, 0.751), reason=Area 0.009291 below minimum 0.01
[SRD rewrite] deleted patch=19, position=(-1.339, -1.197, 1.894), reason=Area 0.003514 below minimum 0.01
[SRD rewrite] deleted patch=18, position=(-1.310, -1.006, 1.867), reason=Area 0.000688 below minimum 0.01
[SRD rewrite] split patch=2, children=18,19, improvement=0.012051
[SRD rewrite] added patch=20, position=(0.024, 1.080, 0.364), improvement=0.007171
[SRD rewrite] restored patch=21, position=(-2.457, -0.558, -1.022), improvement=0.005951
SRD step 150: evaluated 27 candidates, 21 promising, accepted 6
  Accepted SplitPatch(2) at patch 2, improvement=0.012051
  Accepted AddPatch at patch 20, improvement=0.007171
  Accepted RestorePatch(2) at patch 21, improvement=0.005951
  Mandatory DeletePatch(18) at patch 18, reason=Area 0.000688 below minimum 0.01
  Mandatory DeletePatch(19) at patch 19, reason=Area 0.003514 below minimum 0.01
  Mandatory DeletePatch(20) at patch 20, reason=Area 0.009291 below minimum 0.01
  Total patches: 22, total adds: 7, total deletes: 5
  step 150/2000: loss=0.509945, patches=22
[SRD rewrite] deleted patch=21, position=(-2.425, -0.540, -1.171), reason=Area 0.000665 below minimum 0.01
[SRD rewrite] deleted patch=19, position=(0.385, -0.946, 1.565), reason=Area 0.000493 below minimum 0.01
[SRD rewrite] deleted patch=18, position=(0.488, -1.125, 1.650), reason=Area 0.003090 below minimum 0.01
[SRD rewrite] restored patch=19, position=(1.266, -0.817, 0.751), improvement=0.004753
SRD step 200: evaluated 27 candidates, 14 promising, accepted 6
  Accepted RestorePatch(3) at patch 19, improvement=0.004753
  Accepted SplitPatch(7) at patch 7, improvement=0.003653
  Accepted SplitPatch(6) at patch 6, improvement=0.003653
  Mandatory DeletePatch(18) at patch 18, reason=Area 0.003090 below minimum 0.01
  Mandatory DeletePatch(19) at patch 19, reason=Area 0.000493 below minimum 0.01
  Mandatory DeletePatch(21) at patch 21, reason=Area 0.000665 below minimum 0.01
  Total patches: 20, total adds: 8, total deletes: 8
  step 200/2000: loss=0.448912, patches=22
[SRD rewrite] deleted patch=19, position=(1.266, -0.817, 0.751), reason=Area 0.009291 below minimum 0.01
[SRD rewrite] deleted patch=10, position=(-1.993, 0.854, 1.099), reason=Area 0.009572 below minimum 0.01
[SRD rewrite] split patch=9, children=17,18, improvement=0.002737
[SRD rewrite] added patch=19, position=(-0.246, -1.083, 0.872), improvement=0.001916
[SRD rewrite] added patch=20, position=(-0.324, -0.097, -0.536), improvement=0.001881
SRD step 250: evaluated 27 candidates, 18 promising, accepted 5
  Accepted SplitPatch(9) at patch 9, improvement=0.002737
  Accepted AddPatch at patch 19, improvement=0.001916
  Accepted AddPatch at patch 20, improvement=0.001881
  Mandatory DeletePatch(10) at patch 10, reason=Area 0.009572 below minimum 0.01
  Mandatory DeletePatch(19) at patch 19, reason=Area 0.009291 below minimum 0.01
  Total patches: 21, total adds: 11, total deletes: 10
  step 250/2000: loss=0.413792, patches=20
[SRD rewrite] deleted patch=18, position=(2.278, -0.011, -0.918), reason=Area 0.001788 below minimum 0.01
[SRD rewrite] deleted patch=17, position=(2.363, -0.168, -0.886), reason=Area 0.003264 below minimum 0.01
[SRD rewrite] added patch=19, position=(-1.703, -0.378, -1.547), improvement=0.001958
[SRD rewrite] added patch=20, position=(0.630, 1.144, -0.456), improvement=0.001876
[SRD rewrite] added patch=21, position=(0.101, 0.960, 0.028), improvement=0.001227
SRD step 300: evaluated 27 candidates, 17 promising, accepted 5
  Accepted AddPatch at patch 19, improvement=0.001958
  Accepted AddPatch at patch 20, improvement=0.001876
  Accepted AddPatch at patch 21, improvement=0.001227
  Mandatory DeletePatch(17) at patch 17, reason=Area 0.003264 below minimum 0.01
  Mandatory DeletePatch(18) at patch 18, reason=Area 0.001788 below minimum 0.01
  Total patches: 22, total adds: 14, total deletes: 12
  step 300/2000: loss=0.376296, patches=21
[SRD rewrite] deleted patch=19, position=(-1.703, -0.378, -1.547), reason=Area 0.009291 below minimum 0.01
SRD step 350: evaluated 27 candidates, 0 promising, accepted 1
  Mandatory DeletePatch(19) at patch 19, reason=Area 0.009291 below minimum 0.01
  Total patches: 21, total adds: 14, total deletes: 13
  step 350/2000: loss=0.359803, patches=22
SRD step 400: evaluated 27 candidates, 0 promising, accepted 0
  Total patches: 21, total adds: 14, total deletes: 13
  step 400/2000: loss=0.347412, patches=21
SRD step 450: evaluated 27 candidates, 0 promising, accepted 0
  Total patches: 21, total adds: 14, total deletes: 13
  step 450/2000: loss=0.339778, patches=21
SRD step 500: evaluated 27 candidates, 0 promising, accepted 0
  Total patches: 21, total adds: 14, total deletes: 13
  step 500/2000: loss=0.338161, patches=21
SRD step 550: evaluated 27 candidates, 0 promising, accepted 0
  Total patches: 21, total adds: 14, total deletes: 13
  step 550/2000: loss=0.338364, patches=21
SRD step 600: evaluated 27 candidates, 0 promising, accepted 0
  Total patches: 21, total adds: 14, total deletes: 13
  step 600/2000: loss=0.345130, patches=21
SRD step 650: evaluated 27 candidates, 0 promising, accepted 0
  Total patches: 21, total adds: 14, total deletes: 13
  step 650/2000: loss=0.341654, patches=21
SRD step 700: evaluated 27 candidates, 0 promising, accepted 0
  Total patches: 21, total adds: 14, total deletes: 13
  step 700/2000: loss=0.333500, patches=21
SRD step 750: evaluated 27 candidates, 0 promising, accepted 0
  Total patches: 21, total adds: 14, total deletes: 13
  step 750/2000: loss=0.329702, patches=21
SRD step 800: evaluated 27 candidates, 0 promising, accepted 0
  Total patches: 21, total adds: 14, total deletes: 13
  step 800/2000: loss=0.333335, patches=21
SRD step 850: evaluated 27 candidates, 0 promising, accepted 0
  Total patches: 21, total adds: 14, total deletes: 13
  step 850/2000: loss=0.337784, patches=21
SRD step 900: evaluated 27 candidates, 0 promising, accepted 0
  Total patches: 21, total adds: 14, total deletes: 13
  step 900/2000: loss=0.344212, patches=21
SRD step 950: evaluated 27 candidates, 0 promising, accepted 0
  Total patches: 21, total adds: 14, total deletes: 13
  step 950/2000: loss=0.342544, patches=21
SRD step 1000: evaluated 27 candidates, 0 promising, accepted 0
  Total patches: 21, total adds: 14, total deletes: 13
  step 1000/2000: loss=0.336260, patches=21
SRD step 1050: evaluated 27 candidates, 0 promising, accepted 0
  Total patches: 21, total adds: 14, total deletes: 13
  step 1050/2000: loss=0.334566, patches=21
SRD step 1100: evaluated 27 candidates, 0 promising, accepted 0
  Total patches: 21, total adds: 14, total deletes: 13
  step 1100/2000: loss=0.330893, patches=21
SRD step 1150: evaluated 27 candidates, 0 promising, accepted 0
  Total patches: 21, total adds: 14, total deletes: 13
  step 1150/2000: loss=0.327423, patches=21
SRD step 1200: evaluated 27 candidates, 0 promising, accepted 0
  Total patches: 21, total adds: 14, total deletes: 13
  step 1200/2000: loss=0.315938, patches=21
SRD step 1250: evaluated 27 candidates, 0 promising, accepted 0
  Total patches: 21, total adds: 14, total deletes: 13
  step 1250/2000: loss=0.314610, patches=21
SRD step 1300: evaluated 27 candidates, 0 promising, accepted 0
  Total patches: 21, total adds: 14, total deletes: 13
  step 1300/2000: loss=0.313038, patches=21
SRD step 1350: evaluated 27 candidates, 0 promising, accepted 0
  Total patches: 21, total adds: 14, total deletes: 13
  step 1350/2000: loss=0.312518, patches=21
[SRD rewrite] added patch=21, position=(-1.364, 0.711, 0.559), improvement=0.002940
[SRD rewrite] added patch=22, position=(-1.154, 0.190, 1.463), improvement=0.002578
[SRD rewrite] added patch=23, position=(-1.513, 0.951, -0.089), improvement=0.002420
SRD step 1400: evaluated 27 candidates, 24 promising, accepted 3
  Accepted AddPatch at patch 21, improvement=0.002940
  Accepted AddPatch at patch 22, improvement=0.002578
  Accepted AddPatch at patch 23, improvement=0.002420
  Total patches: 24, total adds: 17, total deletes: 13
  step 1400/2000: loss=0.314426, patches=21
[SRD rewrite] restored patch=24, position=(1.266, -0.817, 0.751), improvement=0.001918
[SRD rewrite] added patch=25, position=(-1.365, 1.194, 0.371), improvement=0.000709
[SRD rewrite] added patch=26, position=(1.522, -0.442, -0.320), improvement=0.000619
SRD step 1450: evaluated 27 candidates, 18 promising, accepted 3
  Accepted RestorePatch(9) at patch 24, improvement=0.001918
  Accepted AddPatch at patch 25, improvement=0.000709
  Accepted AddPatch at patch 26, improvement=0.000619
  Total patches: 27, total adds: 20, total deletes: 13
  step 1450/2000: loss=0.282844, patches=24
[SRD rewrite] deleted patch=26, position=(1.531, -0.530, -0.158), reason=Area 0.004954 below minimum 0.01
SRD step 1500: evaluated 27 candidates, 0 promising, accepted 1
  Mandatory DeletePatch(26) at patch 26, reason=Area 0.004954 below minimum 0.01
  Total patches: 26, total adds: 20, total deletes: 14
  step 1500/2000: loss=0.254501, patches=27
SRD step 1550: evaluated 27 candidates, 0 promising, accepted 0
  Total patches: 26, total adds: 20, total deletes: 14
  step 1550/2000: loss=0.246923, patches=26
SRD step 1600: evaluated 27 candidates, 0 promising, accepted 0
  Total patches: 26, total adds: 20, total deletes: 14
  step 1600/2000: loss=0.244424, patches=26
SRD step 1650: evaluated 27 candidates, 0 promising, accepted 0
  Total patches: 26, total adds: 20, total deletes: 14
  step 1650/2000: loss=0.241727, patches=26
SRD step 1700: evaluated 27 candidates, 0 promising, accepted 0
  Total patches: 26, total adds: 20, total deletes: 14
  step 1700/2000: loss=0.237452, patches=26
SRD step 1750: evaluated 27 candidates, 0 promising, accepted 0
  Total patches: 26, total adds: 20, total deletes: 14
  step 1750/2000: loss=0.233225, patches=26
SRD step 1800: evaluated 27 candidates, 0 promising, accepted 0
  Total patches: 26, total adds: 20, total deletes: 14
  step 1800/2000: loss=0.226680, patches=26
SRD step 1850: evaluated 27 candidates, 0 promising, accepted 0
  Total patches: 26, total adds: 20, total deletes: 14
  step 1850/2000: loss=0.224287, patches=26
SRD step 1900: evaluated 27 candidates, 0 promising, accepted 0
  Total patches: 26, total adds: 20, total deletes: 14
  step 1900/2000: loss=0.224181, patches=26
SRD step 1950: evaluated 27 candidates, 0 promising, accepted 0
  Total patches: 26, total adds: 20, total deletes: 14
  step 1950/2000: loss=0.214807, patches=26
SRD step 2000: evaluated 27 candidates, 0 promising, accepted 0
  Total patches: 26, total adds: 20, total deletes: 14
  step 2000/2000: loss=0.216677, patches=26
[SRD rewrite] deleted patch=2, position=(-2.031, -2.789, -1.275), reason=final deletion pass improved loss
[SRD rewrite] deleted patch=17, position=(0.835, 2.660, -1.390), reason=final deletion pass improved loss
[Trial 1] done: loss=0.213597, time=8625.2s
[Trial 2/3] seed=1
[SRD rewrite] split patch=10, children=19,20, improvement=0.012246
[SRD rewrite] added patch=21, position=(1.468, -0.527, -0.427), improvement=0.009830
[SRD rewrite] added patch=22, position=(-0.527, 1.259, -0.508), improvement=0.009580
SRD step 50: evaluated 27 candidates, 22 promising, accepted 3
  Accepted SplitPatch(10) at patch 10, improvement=0.012246
  Accepted AddPatch at patch 21, improvement=0.009830
  Accepted AddPatch at patch 22, improvement=0.009580
  Total patches: 23, total adds: 3, total deletes: 0
  step 50/2000: loss=0.697074, patches=20
[SRD rewrite] deleted patch=20, position=(-0.820, 0.149, 2.310), reason=Area 0.001183 below minimum 0.01
[SRD rewrite] deleted patch=19, position=(-1.000, 0.152, 2.182), reason=Area 0.003333 below minimum 0.01
[SRD rewrite] added patch=21, position=(0.851, 0.542, 0.417), improvement=0.010092
[SRD rewrite] added patch=22, position=(-1.777, -0.489, -1.221), improvement=0.009635
[SRD rewrite] added patch=23, position=(-1.302, 0.891, 1.018), improvement=0.009263
SRD step 100: evaluated 27 candidates, 27 promising, accepted 5
  Accepted AddPatch at patch 21, improvement=0.010092
  Accepted AddPatch at patch 22, improvement=0.009635
  Accepted AddPatch at patch 23, improvement=0.009263
  Mandatory DeletePatch(19) at patch 19, reason=Area 0.003333 below minimum 0.01
  Mandatory DeletePatch(20) at patch 20, reason=Area 0.001183 below minimum 0.01
  Total patches: 24, total adds: 6, total deletes: 2
  step 100/2000: loss=0.598952, patches=23
[SRD rewrite] split patch=12, children=23,24, improvement=0.001741
[SRD rewrite] added patch=25, position=(0.404, -0.110, 1.863), improvement=0.001776
[SRD rewrite] added patch=26, position=(1.867, 0.736, -0.839), improvement=0.001043
SRD step 150: evaluated 27 candidates, 15 promising, accepted 3
  Accepted AddPatch at patch 25, improvement=0.001776
  Accepted SplitPatch(12) at patch 12, improvement=0.001741
  Accepted AddPatch at patch 26, improvement=0.001043
  Total patches: 27, total adds: 9, total deletes: 2
  step 150/2000: loss=0.535119, patches=24
[SRD rewrite] deleted patch=25, position=(0.322, -0.151, 1.739), reason=Area 0.004763 below minimum 0.01
[SRD rewrite] deleted patch=23, position=(0.593, 0.127, 1.990), reason=Area 0.008402 below minimum 0.01
[SRD rewrite] added patch=25, position=(0.108, -0.763, 2.275), improvement=0.006236
[SRD rewrite] added patch=26, position=(1.326, -0.325, -0.951), improvement=0.005990
[SRD rewrite] added patch=27, position=(-0.407, 0.242, 1.439), improvement=0.005935
SRD step 200: evaluated 27 candidates, 25 promising, accepted 5
  Accepted AddPatch at patch 25, improvement=0.006236
  Accepted AddPatch at patch 26, improvement=0.005990
  Accepted AddPatch at patch 27, improvement=0.005935
  Mandatory DeletePatch(23) at patch 23, reason=Area 0.008402 below minimum 0.01
  Mandatory DeletePatch(25) at patch 25, reason=Area 0.004763 below minimum 0.01
  Total patches: 28, total adds: 12, total deletes: 4
  step 200/2000: loss=0.496781, patches=27
[SRD rewrite] deleted patch=25, position=(0.037, -0.781, 2.175), reason=Area 0.003328 below minimum 0.01
[SRD rewrite] added patch=27, position=(-0.657, 0.120, -1.167), improvement=0.007505
[SRD rewrite] restored patch=28, position=(-0.820, 0.149, 2.310), improvement=0.007407
[SRD rewrite] added patch=29, position=(0.714, -0.296, -1.050), improvement=0.007266
SRD step 250: evaluated 27 candidates, 26 promising, accepted 4
  Accepted AddPatch at patch 27, improvement=0.007505
  Accepted RestorePatch(1) at patch 28, improvement=0.007407
  Accepted AddPatch at patch 29, improvement=0.007266
  Mandatory DeletePatch(25) at patch 25, reason=Area 0.003328 below minimum 0.01
  Total patches: 30, total adds: 15, total deletes: 5
  step 250/2000: loss=0.453374, patches=28
[SRD rewrite] deleted patch=28, position=(-0.780, 0.033, 2.438), reason=Area 0.003318 below minimum 0.01
[SRD rewrite] deleted patch=27, position=(-0.712, 0.221, -1.334), reason=Area 0.000586 below minimum 0.01
[SRD rewrite] deleted patch=13, position=(-0.656, -0.483, -1.105), reason=Area 0.009236 below minimum 0.01
[SRD rewrite] restored patch=27, position=(-0.656, -0.483, -1.105), improvement=0.003634
[SRD rewrite] added patch=28, position=(-0.193, 1.085, 0.443), improvement=0.003077
[SRD rewrite] added patch=29, position=(1.367, -0.309, -0.928), improvement=0.003031
SRD step 300: evaluated 27 candidates, 19 promising, accepted 6
  Accepted RestorePatch(8) at patch 27, improvement=0.003634
  Accepted AddPatch at patch 28, improvement=0.003077
  Accepted AddPatch at patch 29, improvement=0.003031
  Mandatory DeletePatch(13) at patch 13, reason=Area 0.009236 below minimum 0.01
  Mandatory DeletePatch(27) at patch 27, reason=Area 0.000586 below minimum 0.01
  Mandatory DeletePatch(28) at patch 28, reason=Area 0.003318 below minimum 0.01
  Total patches: 30, total adds: 18, total deletes: 8
  step 300/2000: loss=0.399382, patches=30
[SRD rewrite] deleted patch=27, position=(-0.673, -0.488, -1.129), reason=Area 0.007668 below minimum 0.01
SRD step 350: evaluated 27 candidates, 0 promising, accepted 1
  Mandatory DeletePatch(27) at patch 27, reason=Area 0.007668 below minimum 0.01
  Total patches: 29, total adds: 18, total deletes: 9
  step 350/2000: loss=0.348853, patches=30
[SRD rewrite] deleted patch=27, position=(0.039, 1.064, 0.493), reason=Area 0.005757 below minimum 0.01
SRD step 400: evaluated 27 candidates, 0 promising, accepted 1
  Mandatory DeletePatch(27) at patch 27, reason=Area 0.005757 below minimum 0.01
  Total patches: 28, total adds: 18, total deletes: 10
  step 400/2000: loss=0.329942, patches=29
[SRD rewrite] added patch=28, position=(0.112, -0.802, -0.445), improvement=0.001340
[SRD rewrite] added patch=29, position=(-0.246, -0.978, 1.045), improvement=0.001301
[SRD rewrite] restored patch=30, position=(-0.780, 0.033, 2.438), improvement=0.001074
SRD step 450: evaluated 27 candidates, 16 promising, accepted 3
  Accepted AddPatch at patch 28, improvement=0.001340
  Accepted AddPatch at patch 29, improvement=0.001301
  Accepted RestorePatch(6) at patch 30, improvement=0.001074
  Total patches: 31, total adds: 21, total deletes: 10
  step 450/2000: loss=0.309355, patches=28
[SRD rewrite] deleted patch=30, position=(-0.775, -0.045, 2.398), reason=Area 0.004807 below minimum 0.01
SRD step 500: evaluated 27 candidates, 0 promising, accepted 1
  Mandatory DeletePatch(30) at patch 30, reason=Area 0.004807 below minimum 0.01
  Total patches: 30, total adds: 21, total deletes: 11
  step 500/2000: loss=0.286378, patches=31
SRD step 550: evaluated 27 candidates, 0 promising, accepted 0
  Total patches: 30, total adds: 21, total deletes: 11
  step 550/2000: loss=0.264941, patches=30
SRD step 600: evaluated 27 candidates, 0 promising, accepted 0
  Total patches: 30, total adds: 21, total deletes: 11
  step 600/2000: loss=0.268314, patches=30
SRD step 650: evaluated 27 candidates, 0 promising, accepted 0
  Total patches: 30, total adds: 21, total deletes: 11
  step 650/2000: loss=0.248682, patches=30
[SRD rewrite] deleted patch=27, position=(1.356, -0.271, -0.852), reason=Area 0.006168 below minimum 0.01
[SRD rewrite] deleted patch=2, position=(1.612, -1.502, 2.368), reason=Area 0.004605 below minimum 0.01
[SRD rewrite] added patch=28, position=(-0.925, -0.407, 1.801), improvement=0.001433
[SRD rewrite] added patch=29, position=(1.603, 0.444, 0.251), improvement=0.001033
SRD step 700: evaluated 27 candidates, 13 promising, accepted 5
  Accepted AddPatch at patch 28, improvement=0.001433
  Accepted AddPatch at patch 29, improvement=0.001033
  Accepted SplitPatch(10) at patch 10, improvement=0.000206
  Mandatory DeletePatch(2) at patch 2, reason=Area 0.004605 below minimum 0.01
  Mandatory DeletePatch(27) at patch 27, reason=Area 0.006168 below minimum 0.01
  Total patches: 30, total adds: 23, total deletes: 13
  step 700/2000: loss=0.240107, patches=30
[SRD rewrite] deleted patch=28, position=(-0.955, -0.426, 1.657), reason=Area 0.008977 below minimum 0.01
SRD step 750: evaluated 27 candidates, 0 promising, accepted 1
  Mandatory DeletePatch(28) at patch 28, reason=Area 0.008977 below minimum 0.01
  Total patches: 29, total adds: 23, total deletes: 14
  step 750/2000: loss=0.230460, patches=30
SRD step 800: evaluated 27 candidates, 0 promising, accepted 0
  Total patches: 29, total adds: 23, total deletes: 14
  step 800/2000: loss=0.226957, patches=29
SRD step 850: evaluated 27 candidates, 0 promising, accepted 0
  Total patches: 29, total adds: 23, total deletes: 14
  step 850/2000: loss=0.230793, patches=29
SRD step 900: evaluated 27 candidates, 0 promising, accepted 0
  Total patches: 29, total adds: 23, total deletes: 14
  step 900/2000: loss=0.243818, patches=29
SRD step 950: evaluated 27 candidates, 0 promising, accepted 0
  Total patches: 29, total adds: 23, total deletes: 14
  step 950/2000: loss=0.236483, patches=29
SRD step 1000: evaluated 27 candidates, 0 promising, accepted 0
  Total patches: 29, total adds: 23, total deletes: 14
  step 1000/2000: loss=0.239539, patches=29
SRD step 1050: evaluated 27 candidates, 0 promising, accepted 0
  Total patches: 29, total adds: 23, total deletes: 14
  step 1050/2000: loss=0.227965, patches=29
SRD step 1100: evaluated 27 candidates, 0 promising, accepted 0
  Total patches: 29, total adds: 23, total deletes: 14
  step 1100/2000: loss=0.227789, patches=29
SRD step 1150: evaluated 27 candidates, 0 promising, accepted 0
  Total patches: 29, total adds: 23, total deletes: 14
  step 1150/2000: loss=0.223318, patches=29
[SRD rewrite] added patch=29, position=(1.492, -0.988, -0.351), improvement=0.000597
[SRD rewrite] added patch=30, position=(0.651, -0.537, -0.551), improvement=0.000541
[SRD rewrite] added patch=31, position=(0.478, -0.442, 1.601), improvement=0.000216
SRD step 1200: evaluated 27 candidates, 3 promising, accepted 3
  Accepted AddPatch at patch 29, improvement=0.000597
  Accepted AddPatch at patch 30, improvement=0.000541
  Accepted AddPatch at patch 31, improvement=0.000216
  Total patches: 32, total adds: 26, total deletes: 14
  step 1200/2000: loss=0.225902, patches=29
[SRD rewrite] deleted patch=29, position=(1.444, -1.111, -0.346), reason=Area 0.000351 below minimum 0.01
[SRD rewrite] deleted patch=0, position=(0.963, -2.984, -1.793), reason=no image contribution, delete has no image effect
SRD step 1250: evaluated 27 candidates, 0 promising, accepted 2
  Mandatory DeletePatch(29) at patch 29, reason=Area 0.000351 below minimum 0.01
  Mandatory DeletePatch(0) at patch 0, reason=no image contribution, delete has no image effect
  Total patches: 30, total adds: 26, total deletes: 16
  step 1250/2000: loss=0.213141, patches=32
SRD step 1300: evaluated 27 candidates, 0 promising, accepted 0
  Total patches: 30, total adds: 26, total deletes: 16
  step 1300/2000: loss=0.208240, patches=30
[SRD rewrite] deleted patch=29, position=(0.343, -0.426, 1.724), reason=Area 0.009156 below minimum 0.01
SRD step 1350: evaluated 27 candidates, 0 promising, accepted 1
  Mandatory DeletePatch(29) at patch 29, reason=Area 0.009156 below minimum 0.01
  Total patches: 29, total adds: 26, total deletes: 17
  step 1350/2000: loss=0.201204, patches=30
[SRD rewrite] added patch=29, position=(0.547, 0.037, 0.814), improvement=0.000912
SRD step 1400: evaluated 27 candidates, 1 promising, accepted 1
  Accepted AddPatch at patch 29, improvement=0.000912
  Total patches: 30, total adds: 27, total deletes: 17
  step 1400/2000: loss=0.207219, patches=29
SRD step 1450: evaluated 27 candidates, 0 promising, accepted 0
  Total patches: 30, total adds: 27, total deletes: 17
  step 1450/2000: loss=0.198464, patches=30
SRD step 1500: evaluated 27 candidates, 0 promising, accepted 0
  Total patches: 30, total adds: 27, total deletes: 17
  step 1500/2000: loss=0.186451, patches=30
SRD step 1550: evaluated 27 candidates, 0 promising, accepted 0
  Total patches: 30, total adds: 27, total deletes: 17
  step 1550/2000: loss=0.176952, patches=30
SRD step 1600: evaluated 27 candidates, 0 promising, accepted 0
  Total patches: 30, total adds: 27, total deletes: 17
  step 1600/2000: loss=0.184183, patches=30
SRD step 1650: evaluated 27 candidates, 0 promising, accepted 0
  Total patches: 30, total adds: 27, total deletes: 17
  step 1650/2000: loss=0.174952, patches=30
SRD step 1700: evaluated 27 candidates, 0 promising, accepted 0
  Total patches: 30, total adds: 27, total deletes: 17
  step 1700/2000: loss=0.182282, patches=30
SRD step 1750: evaluated 27 candidates, 0 promising, accepted 0
  Total patches: 30, total adds: 27, total deletes: 17
  step 1750/2000: loss=0.212614, patches=30
SRD step 1800: evaluated 27 candidates, 0 promising, accepted 0
  Total patches: 30, total adds: 27, total deletes: 17
  step 1800/2000: loss=0.208708, patches=30
SRD step 1850: evaluated 27 candidates, 0 promising, accepted 0
  Total patches: 30, total adds: 27, total deletes: 17
  step 1850/2000: loss=0.205256, patches=30
SRD step 1900: evaluated 27 candidates, 0 promising, accepted 0
  Total patches: 30, total adds: 27, total deletes: 17
  step 1900/2000: loss=0.201255, patches=30
SRD step 1950: evaluated 27 candidates, 0 promising, accepted 0
  Total patches: 30, total adds: 27, total deletes: 17
  step 1950/2000: loss=0.204323, patches=30
SRD step 2000: evaluated 27 candidates, 0 promising, accepted 0
  Total patches: 30, total adds: 27, total deletes: 17
  step 2000/2000: loss=0.206130, patches=30
[SRD rewrite] deleted patch=12, position=(-2.254, -0.445, 1.889), reason=final deletion pass improved loss
[SRD rewrite] deleted patch=21, position=(2.258, -0.131, -1.631), reason=final deletion pass improved loss
[Trial 2] done: loss=0.173407, time=11241.0s
[Trial 3/3] seed=2
[SRD rewrite] split patch=15, children=19,20, improvement=0.017131
[SRD rewrite] added patch=21, position=(1.396, -0.066, 0.543), improvement=0.016916
[SRD rewrite] added patch=22, position=(0.677, 0.988, 0.258), improvement=0.016565
SRD step 50: evaluated 27 candidates, 27 promising, accepted 3
  Accepted SplitPatch(15) at patch 15, improvement=0.017131
  Accepted AddPatch at patch 21, improvement=0.016916
  Accepted AddPatch at patch 22, improvement=0.016565
  Total patches: 23, total adds: 3, total deletes: 0
  step 50/2000: loss=0.676059, patches=20
[SRD rewrite] deleted patch=20, position=(-2.196, 1.092, 0.210), reason=Area 0.002238 below minimum 0.01
[SRD rewrite] deleted patch=19, position=(-2.147, 1.222, 0.194), reason=Area 0.003678 below minimum 0.01
[SRD rewrite] added patch=21, position=(1.554, -0.325, -0.807), improvement=0.009902
[SRD rewrite] added patch=22, position=(0.757, 0.264, -1.273), improvement=0.008864
[SRD rewrite] added patch=23, position=(-0.664, -0.363, -1.411), improvement=0.008733
SRD step 100: evaluated 27 candidates, 27 promising, accepted 5
  Accepted AddPatch at patch 21, improvement=0.009902
  Accepted AddPatch at patch 22, improvement=0.008864
  Accepted AddPatch at patch 23, improvement=0.008733
  Mandatory DeletePatch(19) at patch 19, reason=Area 0.003678 below minimum 0.01
  Mandatory DeletePatch(20) at patch 20, reason=Area 0.002238 below minimum 0.01
  Total patches: 24, total adds: 6, total deletes: 2
  step 100/2000: loss=0.571052, patches=23
[SRD rewrite] deleted patch=21, position=(1.634, -0.263, -0.791), reason=Area 0.000219 below minimum 0.01
[SRD rewrite] added patch=23, position=(0.905, 0.708, -0.286), improvement=0.009411
[SRD rewrite] added patch=24, position=(-0.596, -0.532, -0.455), improvement=0.008560
[SRD rewrite] added patch=25, position=(0.758, 0.967, -0.845), improvement=0.007579
SRD step 150: evaluated 27 candidates, 24 promising, accepted 4
  Accepted AddPatch at patch 23, improvement=0.009411
  Accepted AddPatch at patch 24, improvement=0.008560
  Accepted AddPatch at patch 25, improvement=0.007579
  Mandatory DeletePatch(21) at patch 21, reason=Area 0.000219 below minimum 0.01
  Total patches: 26, total adds: 9, total deletes: 3
  step 150/2000: loss=0.511406, patches=24
[SRD rewrite] added patch=26, position=(0.907, 0.287, -1.303), improvement=0.006722
[SRD rewrite] added patch=27, position=(0.873, 0.840, -0.928), improvement=0.006714
[SRD rewrite] restored patch=28, position=(1.634, -0.263, -0.791), improvement=0.005832
SRD step 200: evaluated 27 candidates, 24 promising, accepted 3
  Accepted AddPatch at patch 26, improvement=0.006722
  Accepted AddPatch at patch 27, improvement=0.006714
  Accepted RestorePatch(3) at patch 28, improvement=0.005832
  Total patches: 29, total adds: 12, total deletes: 3
  step 200/2000: loss=0.448003, patches=26
[SRD rewrite] deleted patch=28, position=(1.708, -0.189, -0.864), reason=Area 0.000219 below minimum 0.01
[SRD rewrite] deleted patch=26, position=(1.015, 0.207, -1.393), reason=Area 0.000583 below minimum 0.01
[SRD rewrite] added patch=27, position=(-0.179, -0.993, 1.057), improvement=0.004671
[SRD rewrite] added patch=28, position=(1.709, 0.626, -0.168), improvement=0.004590
[SRD rewrite] added patch=29, position=(0.082, -0.905, -0.390), improvement=0.004303
SRD step 250: evaluated 27 candidates, 26 promising, accepted 5
  Accepted AddPatch at patch 27, improvement=0.004671
  Accepted AddPatch at patch 28, improvement=0.004590
  Accepted AddPatch at patch 29, improvement=0.004303
  Mandatory DeletePatch(26) at patch 26, reason=Area 0.000583 below minimum 0.01
  Mandatory DeletePatch(28) at patch 28, reason=Area 0.000219 below minimum 0.01
  Total patches: 30, total adds: 15, total deletes: 5
  step 250/2000: loss=0.408774, patches=29
[SRD rewrite] deleted patch=7, position=(-1.867, 0.521, -1.634), reason=Area 0.005841 below minimum 0.01
[SRD rewrite] split patch=2, children=28,29, improvement=0.015679
[SRD rewrite] added patch=30, position=(1.643, 0.419, 0.345), improvement=0.002303
[SRD rewrite] added patch=31, position=(0.898, 0.916, -0.758), improvement=0.002007
SRD step 300: evaluated 27 candidates, 18 promising, accepted 4
  Accepted SplitPatch(2) at patch 2, improvement=0.015679
  Accepted AddPatch at patch 30, improvement=0.002303
  Accepted AddPatch at patch 31, improvement=0.002007
  Mandatory DeletePatch(7) at patch 7, reason=Area 0.005841 below minimum 0.01
  Total patches: 32, total adds: 18, total deletes: 6
  step 300/2000: loss=0.352200, patches=30
[SRD rewrite] deleted patch=31, position=(0.989, 0.982, -0.733), reason=Area 0.000365 below minimum 0.01
[SRD rewrite] deleted patch=29, position=(-1.476, -1.080, 2.468), reason=Area 0.000867 below minimum 0.01
[SRD rewrite] deleted patch=28, position=(-1.439, -1.120, 2.460), reason=Area 0.000985 below minimum 0.01
[SRD rewrite] added patch=29, position=(0.115, 0.776, -0.354), improvement=0.002450
[SRD rewrite] added patch=30, position=(0.006, 0.689, 0.731), improvement=0.002317
SRD step 350: evaluated 27 candidates, 16 promising, accepted 6
  Accepted AddPatch at patch 29, improvement=0.002450
  Accepted AddPatch at patch 30, improvement=0.002317
  Accepted SplitPatch(18) at patch 18, improvement=0.001053
  Mandatory DeletePatch(28) at patch 28, reason=Area 0.000985 below minimum 0.01
  Mandatory DeletePatch(29) at patch 29, reason=Area 0.000867 below minimum 0.01
  Mandatory DeletePatch(31) at patch 31, reason=Area 0.000365 below minimum 0.01
  Total patches: 31, total adds: 20, total deletes: 9
  step 350/2000: loss=0.301275, patches=32
SRD step 400: evaluated 27 candidates, 0 promising, accepted 0
  Total patches: 31, total adds: 20, total deletes: 9
  step 400/2000: loss=0.274817, patches=31
SRD step 450: evaluated 27 candidates, 0 promising, accepted 0
  Total patches: 31, total adds: 20, total deletes: 9
  step 450/2000: loss=0.246413, patches=31
SRD step 500: evaluated 27 candidates, 0 promising, accepted 0
  Total patches: 31, total adds: 20, total deletes: 9
  step 500/2000: loss=0.232593, patches=31
SRD step 550: evaluated 27 candidates, 0 promising, accepted 0
  Total patches: 31, total adds: 20, total deletes: 9
  step 550/2000: loss=0.226485, patches=31
SRD step 600: evaluated 27 candidates, 0 promising, accepted 0
  Total patches: 31, total adds: 20, total deletes: 9
  step 600/2000: loss=0.225302, patches=31
[SRD rewrite] deleted patch=13, position=(-1.466, -2.263, 1.331), reason=Area 0.009893 below minimum 0.01
SRD step 650: evaluated 27 candidates, 0 promising, accepted 1
  Mandatory DeletePatch(13) at patch 13, reason=Area 0.009893 below minimum 0.01
  Total patches: 30, total adds: 20, total deletes: 10
  step 650/2000: loss=0.227046, patches=31
[SRD rewrite] deleted patch=29, position=(-0.076, 0.865, 0.816), reason=Area 0.004015 below minimum 0.01
SRD step 700: evaluated 27 candidates, 0 promising, accepted 1
  Mandatory DeletePatch(29) at patch 29, reason=Area 0.004015 below minimum 0.01
  Total patches: 29, total adds: 20, total deletes: 11
  step 700/2000: loss=0.220967, patches=30
SRD step 750: evaluated 27 candidates, 0 promising, accepted 0
  Total patches: 29, total adds: 20, total deletes: 11
  step 750/2000: loss=0.220091, patches=29
SRD step 800: evaluated 27 candidates, 0 promising, accepted 0
  Total patches: 29, total adds: 20, total deletes: 11
  step 800/2000: loss=0.218649, patches=29
SRD step 850: evaluated 27 candidates, 0 promising, accepted 0
  Total patches: 29, total adds: 20, total deletes: 11
  step 850/2000: loss=0.214293, patches=29
SRD step 900: evaluated 27 candidates, 0 promising, accepted 0
  Total patches: 29, total adds: 20, total deletes: 11
  step 900/2000: loss=0.210902, patches=29
SRD step 950: evaluated 27 candidates, 0 promising, accepted 0
  Total patches: 29, total adds: 20, total deletes: 11
  step 950/2000: loss=0.206777, patches=29
SRD step 1000: evaluated 27 candidates, 0 promising, accepted 0
  Total patches: 29, total adds: 20, total deletes: 11
  step 1000/2000: loss=0.206047, patches=29
SRD step 1050: evaluated 27 candidates, 0 promising, accepted 0
  Total patches: 29, total adds: 20, total deletes: 11
  step 1050/2000: loss=0.208107, patches=29
SRD step 1100: evaluated 27 candidates, 0 promising, accepted 0
  Total patches: 29, total adds: 20, total deletes: 11
  step 1100/2000: loss=0.201701, patches=29
[SRD rewrite] deleted patch=12, position=(-0.596, 0.643, -0.076), reason=Area 0.007903 below minimum 0.01
SRD step 1150: evaluated 27 candidates, 0 promising, accepted 1
  Mandatory DeletePatch(12) at patch 12, reason=Area 0.007903 below minimum 0.01
  Total patches: 28, total adds: 20, total deletes: 12
  step 1150/2000: loss=0.196979, patches=29
SRD step 1200: evaluated 27 candidates, 0 promising, accepted 0
  Total patches: 28, total adds: 20, total deletes: 12
  step 1200/2000: loss=0.201995, patches=28
SRD step 1250: evaluated 27 candidates, 0 promising, accepted 0
  Total patches: 28, total adds: 20, total deletes: 12
  step 1250/2000: loss=0.202601, patches=28
SRD step 1300: evaluated 27 candidates, 0 promising, accepted 0
  Total patches: 28, total adds: 20, total deletes: 12
  step 1300/2000: loss=0.203521, patches=28
SRD step 1350: evaluated 27 candidates, 0 promising, accepted 0
  Total patches: 28, total adds: 20, total deletes: 12
  step 1350/2000: loss=0.205447, patches=28
SRD step 1400: evaluated 27 candidates, 0 promising, accepted 0
  Total patches: 28, total adds: 20, total deletes: 12
  step 1400/2000: loss=0.200127, patches=28
SRD step 1450: evaluated 27 candidates, 0 promising, accepted 0
  Total patches: 28, total adds: 20, total deletes: 12
  step 1450/2000: loss=0.196421, patches=28
SRD step 1500: evaluated 27 candidates, 0 promising, accepted 0
  Total patches: 28, total adds: 20, total deletes: 12
  step 1500/2000: loss=0.188639, patches=28
SRD step 1550: evaluated 27 candidates, 0 promising, accepted 0
  Total patches: 28, total adds: 20, total deletes: 12
  step 1550/2000: loss=0.192077, patches=28
SRD step 1600: evaluated 27 candidates, 0 promising, accepted 0
  Total patches: 28, total adds: 20, total deletes: 12
  step 1600/2000: loss=0.192015, patches=28
SRD step 1650: evaluated 27 candidates, 0 promising, accepted 0
  Total patches: 28, total adds: 20, total deletes: 12
  step 1650/2000: loss=0.190808, patches=28
SRD step 1700: evaluated 27 candidates, 0 promising, accepted 0
  Total patches: 28, total adds: 20, total deletes: 12
  step 1700/2000: loss=0.194996, patches=28
SRD step 1750: evaluated 27 candidates, 0 promising, accepted 0
  Total patches: 28, total adds: 20, total deletes: 12
  step 1750/2000: loss=0.191998, patches=28
SRD step 1800: evaluated 27 candidates, 0 promising, accepted 0
  Total patches: 28, total adds: 20, total deletes: 12
  step 1800/2000: loss=0.190356, patches=28
SRD step 1850: evaluated 27 candidates, 0 promising, accepted 0
  Total patches: 28, total adds: 20, total deletes: 12
  step 1850/2000: loss=0.189861, patches=28
SRD step 1900: evaluated 27 candidates, 0 promising, accepted 0
  Total patches: 28, total adds: 20, total deletes: 12
  step 1900/2000: loss=0.189636, patches=28
SRD step 1950: evaluated 27 candidates, 0 promising, accepted 0
  Total patches: 28, total adds: 20, total deletes: 12
  step 1950/2000: loss=0.190122, patches=28
SRD step 2000: evaluated 27 candidates, 0 promising, accepted 0
  Total patches: 28, total adds: 20, total deletes: 12
  step 2000/2000: loss=0.186343, patches=28
[SRD rewrite] deleted patch=14, position=(-0.814, -1.104, -2.317), reason=final deletion pass improved loss
[Trial 3] done: loss=0.183172, time=11269.2s
[Run] report written to results/slurm/20260718_0323/comparison_acm_scf_srd/output.txt
