## SLURM PROLOG ###############################################################
##    Job ID : 4113819
##  Job Name : 20260719_2351_comparison_cat_face_bass_srd
##  Nodelist : gpu2505
##      CPUs : 
##  Mem/Node : 128000 MB
## Directory : /oscar/home/cjmok/automated-perspective-sculptor
##   Job Started : Sun Jul 19 11:54:36 PM EDT 2026
###############################################################################
[Swept volume] building (resolution=256)...
[Run] mode=full, trials=3, seeds=[0, 1, 2], steps=2000, srd=True, ablation_flags={'disable_swept_volume_adds': False, 'loss_only_deletion': False, 'disable_splitting': False}
[Trial 1/3] seed=0
[Patch] mapbox-earcut is not installed; falling back to fan fill, so non-convex pieces will render incorrectly. Install it with: pip install mapbox-earcut
[SRD rewrite] added patch=20, position=(0.782, 0.327, -1.335), improvement=0.026697
[SRD rewrite] added patch=21, position=(0.708, 0.331, -1.349), improvement=0.026689
[SRD rewrite] added patch=22, position=(-0.074, 0.241, 1.580), improvement=0.026587
SRD step 50: evaluated 27 candidates, 27 promising, accepted 3
  Accepted AddPatch at patch 20, improvement=0.026697
  Accepted AddPatch at patch 21, improvement=0.026689
  Accepted AddPatch at patch 22, improvement=0.026587
  Total patches: 23, total adds: 3, total deletes: 0
  step 50/2000: loss=0.603188, patches=20
[SRD rewrite] deleted patch=22, position=(-0.069, 0.248, 1.577), reason=Area 0.005865 below minimum 0.01
[SRD rewrite] deleted patch=21, position=(0.645, 0.400, -1.344), reason=Area 0.002702 below minimum 0.01
[SRD rewrite] deleted patch=20, position=(0.751, 0.244, -1.262), reason=Area 0.009206 below minimum 0.01
[SRD rewrite] deleted patch=15, position=(0.374, 0.394, 1.968), reason=Area 0.008068 below minimum 0.01
[SRD rewrite] added patch=19, position=(0.652, -0.761, 1.357), improvement=0.013123
[SRD rewrite] added patch=20, position=(0.540, 0.523, -0.127), improvement=0.010449
[SRD rewrite] added patch=21, position=(-0.094, 0.368, -0.011), improvement=0.010350
SRD step 100: evaluated 27 candidates, 24 promising, accepted 7
  Accepted AddPatch at patch 19, improvement=0.013123
  Accepted AddPatch at patch 20, improvement=0.010449
  Accepted AddPatch at patch 21, improvement=0.010350
  Mandatory DeletePatch(15) at patch 15, reason=Area 0.008068 below minimum 0.01
  Mandatory DeletePatch(20) at patch 20, reason=Area 0.009206 below minimum 0.01
  Mandatory DeletePatch(21) at patch 21, reason=Area 0.002702 below minimum 0.01
  Mandatory DeletePatch(22) at patch 22, reason=Area 0.005865 below minimum 0.01
  Total patches: 22, total adds: 6, total deletes: 4
  step 100/2000: loss=0.409905, patches=23
[SRD rewrite] deleted patch=20, position=(0.398, 0.404, -0.122), reason=Area 0.000637 below minimum 0.01
[SRD rewrite] added patch=21, position=(-0.332, 0.360, 1.578), improvement=0.008117
[SRD rewrite] added patch=22, position=(-1.383, 0.170, -1.579), improvement=0.007988
[SRD rewrite] added patch=23, position=(-1.376, 0.154, -1.699), improvement=0.007915
SRD step 150: evaluated 27 candidates, 27 promising, accepted 4
  Accepted AddPatch at patch 21, improvement=0.008117
  Accepted AddPatch at patch 22, improvement=0.007988
  Accepted AddPatch at patch 23, improvement=0.007915
  Mandatory DeletePatch(20) at patch 20, reason=Area 0.000637 below minimum 0.01
  Total patches: 24, total adds: 9, total deletes: 5
  step 150/2000: loss=0.315110, patches=22
[SRD rewrite] deleted patch=20, position=(0.015, 0.267, 0.067), reason=Area 0.004346 below minimum 0.01
[SRD rewrite] deleted patch=2, position=(0.464, -0.440, 1.667), reason=Area 0.008037 below minimum 0.01
[SRD rewrite] added patch=22, position=(-0.998, -0.244, 1.617), improvement=0.003206
[SRD rewrite] added patch=23, position=(-0.239, 0.298, 1.626), improvement=0.002049
[SRD rewrite] added patch=24, position=(0.409, 0.264, 1.485), improvement=0.001910
SRD step 200: evaluated 27 candidates, 23 promising, accepted 5
  Accepted AddPatch at patch 22, improvement=0.003206
  Accepted AddPatch at patch 23, improvement=0.002049
  Accepted AddPatch at patch 24, improvement=0.001910
  Mandatory DeletePatch(2) at patch 2, reason=Area 0.008037 below minimum 0.01
  Mandatory DeletePatch(20) at patch 20, reason=Area 0.004346 below minimum 0.01
  Total patches: 25, total adds: 12, total deletes: 7
  step 200/2000: loss=0.243498, patches=24
[SRD rewrite] deleted patch=24, position=(0.306, 0.336, 1.527), reason=Area 0.000217 below minimum 0.01
[SRD rewrite] deleted patch=23, position=(-0.245, 0.264, 1.604), reason=Area 0.000487 below minimum 0.01
[SRD rewrite] deleted patch=4, position=(0.661, -0.337, 1.470), reason=Area 0.004146 below minimum 0.01
[SRD rewrite] split patch=3, children=21,22, improvement=0.007377
[SRD rewrite] added patch=23, position=(-0.161, 0.790, -1.377), improvement=0.003127
[SRD rewrite] added patch=24, position=(0.528, 0.226, 1.444), improvement=0.003017
SRD step 250: evaluated 27 candidates, 22 promising, accepted 6
  Accepted SplitPatch(3) at patch 3, improvement=0.007377
  Accepted AddPatch at patch 23, improvement=0.003127
  Accepted AddPatch at patch 24, improvement=0.003017
  Mandatory DeletePatch(4) at patch 4, reason=Area 0.004146 below minimum 0.01
  Mandatory DeletePatch(23) at patch 23, reason=Area 0.000487 below minimum 0.01
  Mandatory DeletePatch(24) at patch 24, reason=Area 0.000217 below minimum 0.01
  Total patches: 25, total adds: 15, total deletes: 10
  step 250/2000: loss=0.198799, patches=25
[SRD rewrite] deleted patch=24, position=(0.501, 0.324, 1.470), reason=Area 0.000509 below minimum 0.01
[SRD rewrite] deleted patch=23, position=(-0.056, 0.866, -1.398), reason=Area 0.000299 below minimum 0.01
[SRD rewrite] deleted patch=22, position=(-2.311, -0.200, -1.560), reason=Area 0.004428 below minimum 0.01
[SRD rewrite] deleted patch=21, position=(-2.356, -0.222, -1.373), reason=Area 0.001162 below minimum 0.01
[SRD rewrite] deleted patch=9, position=(1.364, 0.200, -1.394), reason=Area 0.007129 below minimum 0.01
SRD step 300: evaluated 27 candidates, 0 promising, accepted 5
  Mandatory DeletePatch(9) at patch 9, reason=Area 0.007129 below minimum 0.01
  Mandatory DeletePatch(21) at patch 21, reason=Area 0.001162 below minimum 0.01
  Mandatory DeletePatch(22) at patch 22, reason=Area 0.004428 below minimum 0.01
  Mandatory DeletePatch(23) at patch 23, reason=Area 0.000299 below minimum 0.01
  Mandatory DeletePatch(24) at patch 24, reason=Area 0.000509 below minimum 0.01
  Total patches: 20, total adds: 15, total deletes: 15
  step 300/2000: loss=0.173763, patches=25
[SRD rewrite] deleted patch=10, position=(-0.559, 0.272, -1.792), reason=delete has no image effect
[SRD rewrite] added patch=19, position=(0.027, 0.357, -1.228), improvement=0.000534
[SRD rewrite] restored patch=20, position=(0.751, 0.244, -1.262), improvement=0.000221
[SRD rewrite] added patch=21, position=(0.051, 0.379, -1.631), improvement=0.000213
SRD step 350: evaluated 27 candidates, 13 promising, accepted 4
  Accepted AddPatch at patch 19, improvement=0.000534
  Accepted RestorePatch(2) at patch 20, improvement=0.000221
  Accepted AddPatch at patch 21, improvement=0.000213
  Mandatory DeletePatch(10) at patch 10, reason=delete has no image effect
  Total patches: 22, total adds: 18, total deletes: 16
  step 350/2000: loss=0.171274, patches=20
[SRD rewrite] deleted patch=20, position=(0.751, 0.244, -1.262), reason=Area 0.009206 below minimum 0.01
[SRD rewrite] deleted patch=19, position=(0.125, 0.262, -1.356), reason=Area 0.000228 below minimum 0.01
SRD step 400: evaluated 27 candidates, 0 promising, accepted 2
  Mandatory DeletePatch(19) at patch 19, reason=Area 0.000228 below minimum 0.01
  Mandatory DeletePatch(20) at patch 20, reason=Area 0.009206 below minimum 0.01
  Total patches: 20, total adds: 18, total deletes: 18
  step 400/2000: loss=0.161806, patches=22
[SRD rewrite] deleted patch=16, position=(-1.434, 0.188, -1.537), reason=Area 0.005449 below minimum 0.01
SRD step 450: evaluated 27 candidates, 0 promising, accepted 1
  Mandatory DeletePatch(16) at patch 16, reason=Area 0.005449 below minimum 0.01
  Total patches: 19, total adds: 18, total deletes: 19
  step 450/2000: loss=0.157710, patches=20
[SRD rewrite] deleted patch=18, position=(0.080, 0.336, -1.661), reason=Area 0.009416 below minimum 0.01
[SRD rewrite] deleted patch=16, position=(-0.813, -0.146, -2.350), reason=Area 0.004586 below minimum 0.01
[SRD rewrite] added patch=17, position=(-0.779, 0.267, 1.730), improvement=0.000273
SRD step 500: evaluated 27 candidates, 1 promising, accepted 3
  Accepted AddPatch at patch 17, improvement=0.000273
  Mandatory DeletePatch(16) at patch 16, reason=Area 0.004586 below minimum 0.01
  Mandatory DeletePatch(18) at patch 18, reason=Area 0.009416 below minimum 0.01
  Total patches: 18, total adds: 19, total deletes: 21
  step 500/2000: loss=0.152084, patches=19
[SRD rewrite] deleted patch=15, position=(-0.642, 0.554, 1.651), reason=Area 0.007455 below minimum 0.01
SRD step 550: evaluated 27 candidates, 0 promising, accepted 1
  Mandatory DeletePatch(15) at patch 15, reason=Area 0.007455 below minimum 0.01
  Total patches: 17, total adds: 19, total deletes: 22
  step 550/2000: loss=0.151331, patches=18
SRD step 600: evaluated 27 candidates, 0 promising, accepted 0
  Total patches: 17, total adds: 19, total deletes: 22
  step 600/2000: loss=0.154261, patches=17
SRD step 650: evaluated 27 candidates, 0 promising, accepted 0
  Total patches: 17, total adds: 19, total deletes: 22
  step 650/2000: loss=0.161213, patches=17
[SRD rewrite] deleted patch=16, position=(-0.808, 0.267, 1.721), reason=Area 0.009059 below minimum 0.01
SRD step 700: evaluated 27 candidates, 0 promising, accepted 1
  Mandatory DeletePatch(16) at patch 16, reason=Area 0.009059 below minimum 0.01
  Total patches: 16, total adds: 19, total deletes: 23
  step 700/2000: loss=0.163086, patches=17
[SRD rewrite] deleted patch=11, position=(1.249, -1.246, 2.145), reason=Area 0.008143 below minimum 0.01
[SRD rewrite] restored patch=15, position=(-0.808, 0.267, 1.721), improvement=0.010050
[SRD rewrite] restored patch=16, position=(-0.069, 0.248, 1.577), improvement=0.008945
[SRD rewrite] added patch=17, position=(0.656, 0.716, 0.769), improvement=0.008841
SRD step 750: evaluated 27 candidates, 26 promising, accepted 4
  Accepted RestorePatch(22) at patch 15, improvement=0.010050
  Accepted RestorePatch(0) at patch 16, improvement=0.008945
  Accepted AddPatch at patch 17, improvement=0.008841
  Mandatory DeletePatch(11) at patch 11, reason=Area 0.008143 below minimum 0.01
  Total patches: 18, total adds: 22, total deletes: 24
  step 750/2000: loss=0.170172, patches=16
[SRD rewrite] deleted patch=17, position=(0.603, 0.832, 0.848), reason=Area 0.008612 below minimum 0.01
[SRD rewrite] deleted patch=16, position=(-0.113, 0.380, 1.677), reason=Area 0.000204 below minimum 0.01
[SRD rewrite] deleted patch=15, position=(-0.815, 0.255, 1.716), reason=Area 0.008644 below minimum 0.01
SRD step 800: evaluated 27 candidates, 0 promising, accepted 3
  Mandatory DeletePatch(15) at patch 15, reason=Area 0.008644 below minimum 0.01
  Mandatory DeletePatch(16) at patch 16, reason=Area 0.000204 below minimum 0.01
  Mandatory DeletePatch(17) at patch 17, reason=Area 0.008612 below minimum 0.01
  Total patches: 15, total adds: 22, total deletes: 27
  step 800/2000: loss=0.153206, patches=18
[SRD rewrite] deleted patch=7, position=(0.958, -1.558, -2.238), reason=Area 0.003347 below minimum 0.01
[SRD rewrite] restored patch=14, position=(0.603, 0.832, 0.848), improvement=0.001282
[SRD rewrite] added patch=15, position=(0.526, 0.680, -1.247), improvement=0.000359
[SRD rewrite] added patch=16, position=(-0.200, 0.199, 1.623), improvement=0.000210
SRD step 850: evaluated 27 candidates, 5 promising, accepted 4
  Accepted RestorePatch(22) at patch 14, improvement=0.001282
  Accepted AddPatch at patch 15, improvement=0.000359
  Accepted AddPatch at patch 16, improvement=0.000210
  Mandatory DeletePatch(7) at patch 7, reason=Area 0.003347 below minimum 0.01
  Total patches: 17, total adds: 25, total deletes: 28
  step 850/2000: loss=0.152194, patches=15
[SRD rewrite] deleted patch=16, position=(-0.319, 0.211, 1.634), reason=Area 0.000363 below minimum 0.01
[SRD rewrite] deleted patch=15, position=(0.526, 0.680, -1.247), reason=Area 0.009291 below minimum 0.01
SRD step 900: evaluated 27 candidates, 0 promising, accepted 2
  Mandatory DeletePatch(15) at patch 15, reason=Area 0.009291 below minimum 0.01
  Mandatory DeletePatch(16) at patch 16, reason=Area 0.000363 below minimum 0.01
  Total patches: 15, total adds: 25, total deletes: 30
  step 900/2000: loss=0.140869, patches=17
SRD step 950: evaluated 27 candidates, 0 promising, accepted 0
  Total patches: 15, total adds: 25, total deletes: 30
  step 950/2000: loss=0.143189, patches=15
[SRD rewrite] deleted patch=14, position=(0.583, 0.888, 0.750), reason=Area 0.005989 below minimum 0.01
SRD step 1000: evaluated 27 candidates, 0 promising, accepted 1
  Mandatory DeletePatch(14) at patch 14, reason=Area 0.005989 below minimum 0.01
  Total patches: 14, total adds: 25, total deletes: 31
  step 1000/2000: loss=0.141618, patches=15
[SRD rewrite] deleted patch=6, position=(-0.592, 0.813, 1.437), reason=Area 0.007367 below minimum 0.01
[SRD rewrite] deleted patch=4, position=(0.687, 0.726, 1.299), reason=Area 0.009158 below minimum 0.01
SRD step 1050: evaluated 27 candidates, 0 promising, accepted 2
  Mandatory DeletePatch(4) at patch 4, reason=Area 0.009158 below minimum 0.01
  Mandatory DeletePatch(6) at patch 6, reason=Area 0.007367 below minimum 0.01
  Total patches: 12, total adds: 25, total deletes: 33
  step 1050/2000: loss=0.142224, patches=14
[SRD rewrite] deleted patch=3, position=(-0.653, 0.564, 1.645), reason=Area 0.008447 below minimum 0.01
SRD step 1100: evaluated 27 candidates, 0 promising, accepted 1
  Mandatory DeletePatch(3) at patch 3, reason=Area 0.008447 below minimum 0.01
  Total patches: 11, total adds: 25, total deletes: 34
  step 1100/2000: loss=0.141126, patches=12
SRD step 1150: evaluated 27 candidates, 0 promising, accepted 0
  Total patches: 11, total adds: 25, total deletes: 34
  step 1150/2000: loss=0.140592, patches=11
SRD step 1200: evaluated 27 candidates, 0 promising, accepted 0
  Total patches: 11, total adds: 25, total deletes: 34
  step 1200/2000: loss=0.135094, patches=11
SRD step 1250: evaluated 27 candidates, 0 promising, accepted 0
  Total patches: 11, total adds: 25, total deletes: 34
  step 1250/2000: loss=0.134720, patches=11
SRD step 1300: evaluated 27 candidates, 0 promising, accepted 0
  Total patches: 11, total adds: 25, total deletes: 34
  step 1300/2000: loss=0.138639, patches=11
SRD step 1350: evaluated 27 candidates, 0 promising, accepted 0
  Total patches: 11, total adds: 25, total deletes: 34
  step 1350/2000: loss=0.144616, patches=11
SRD step 1400: evaluated 27 candidates, 0 promising, accepted 0
  Total patches: 11, total adds: 25, total deletes: 34
  step 1400/2000: loss=0.148967, patches=11
[SRD rewrite] added patch=11, position=(0.890, 0.488, -0.584), improvement=0.000874
[SRD rewrite] restored patch=12, position=(-1.434, 0.188, -1.537), improvement=0.000039
SRD step 1450: evaluated 27 candidates, 2 promising, accepted 2
  Accepted AddPatch at patch 11, improvement=0.000874
  Accepted RestorePatch(17) at patch 12, improvement=0.000039
  Total patches: 13, total adds: 27, total deletes: 34
  step 1450/2000: loss=0.154369, patches=11
[SRD rewrite] deleted patch=12, position=(-1.436, 0.191, -1.506), reason=Area 0.003577 below minimum 0.01
SRD step 1500: evaluated 27 candidates, 0 promising, accepted 1
  Mandatory DeletePatch(12) at patch 12, reason=Area 0.003577 below minimum 0.01
  Total patches: 12, total adds: 27, total deletes: 35
  step 1500/2000: loss=0.150396, patches=13
SRD step 1550: evaluated 27 candidates, 0 promising, accepted 0
  Total patches: 12, total adds: 27, total deletes: 35
  step 1550/2000: loss=0.152741, patches=12
SRD step 1600: evaluated 27 candidates, 0 promising, accepted 0
  Total patches: 12, total adds: 27, total deletes: 35
  step 1600/2000: loss=0.148366, patches=12
SRD step 1650: evaluated 27 candidates, 0 promising, accepted 0
  Total patches: 12, total adds: 27, total deletes: 35
  step 1650/2000: loss=0.148846, patches=12
[SRD rewrite] deleted patch=11, position=(0.894, 0.503, -0.573), reason=Area 0.008954 below minimum 0.01
SRD step 1700: evaluated 27 candidates, 0 promising, accepted 1
  Mandatory DeletePatch(11) at patch 11, reason=Area 0.008954 below minimum 0.01
  Total patches: 11, total adds: 27, total deletes: 36
  step 1700/2000: loss=0.146373, patches=12
SRD step 1750: evaluated 27 candidates, 0 promising, accepted 0
  Total patches: 11, total adds: 27, total deletes: 36
  step 1750/2000: loss=0.149163, patches=11
SRD step 1800: evaluated 27 candidates, 0 promising, accepted 0
  Total patches: 11, total adds: 27, total deletes: 36
  step 1800/2000: loss=0.148568, patches=11
SRD step 1850: evaluated 27 candidates, 0 promising, accepted 0
  Total patches: 11, total adds: 27, total deletes: 36
  step 1850/2000: loss=0.148768, patches=11
SRD step 1900: evaluated 27 candidates, 0 promising, accepted 0
  Total patches: 11, total adds: 27, total deletes: 36
  step 1900/2000: loss=0.148716, patches=11
SRD step 1950: evaluated 27 candidates, 0 promising, accepted 0
  Total patches: 11, total adds: 27, total deletes: 36
  step 1950/2000: loss=0.148693, patches=11
[SRD rewrite] added patch=11, position=(0.692, 0.759, -0.369), improvement=0.000162
[SRD rewrite] added patch=12, position=(0.571, 0.702, 0.641), improvement=0.000125
[SRD rewrite] added patch=13, position=(0.076, 0.103, -1.371), improvement=0.000074
SRD step 2000: evaluated 27 candidates, 3 promising, accepted 3
  Accepted AddPatch at patch 11, improvement=0.000162
  Accepted AddPatch at patch 12, improvement=0.000125
  Accepted AddPatch at patch 13, improvement=0.000074
  Total patches: 14, total adds: 30, total deletes: 36
  step 2000/2000: loss=0.148782, patches=11
[SRD rewrite] deleted patch=13, position=(0.076, 0.103, -1.371), reason=Area 0.009291 below minimum 0.01
[SRD rewrite] deleted patch=12, position=(0.571, 0.702, 0.641), reason=Area 0.009291 below minimum 0.01
[SRD rewrite] deleted patch=11, position=(0.692, 0.759, -0.369), reason=Area 0.009291 below minimum 0.01
[SRD rewrite] deleted patch=2, position=(-2.459, 1.024, -1.158), reason=final deletion pass improved loss
[Trial 1] done: loss=0.148634, time=9480.2s
[Trial 2/3] seed=1
[SRD rewrite] split patch=16, children=19,20, improvement=0.012880
[SRD rewrite] added patch=21, position=(0.364, 0.206, 1.464), improvement=0.012895
[SRD rewrite] added patch=22, position=(0.495, 0.460, 1.375), improvement=0.012834
SRD step 50: evaluated 27 candidates, 24 promising, accepted 3
  Accepted AddPatch at patch 21, improvement=0.012895
  Accepted SplitPatch(16) at patch 16, improvement=0.012880
  Accepted AddPatch at patch 22, improvement=0.012834
  Total patches: 23, total adds: 3, total deletes: 0
  step 50/2000: loss=0.487475, patches=20
[SRD rewrite] deleted patch=22, position=(0.523, 0.485, 1.431), reason=Area 0.001778 below minimum 0.01
[SRD rewrite] deleted patch=21, position=(0.332, 0.289, 1.508), reason=Area 0.002839 below minimum 0.01
[SRD rewrite] deleted patch=20, position=(1.128, 0.200, -1.508), reason=Area 0.007351 below minimum 0.01
[SRD rewrite] added patch=20, position=(-0.006, -0.005, 1.456), improvement=0.006531
[SRD rewrite] added patch=21, position=(0.202, -0.522, 1.617), improvement=0.006371
[SRD rewrite] added patch=22, position=(0.189, 0.163, -0.018), improvement=0.006275
SRD step 100: evaluated 27 candidates, 22 promising, accepted 6
  Accepted AddPatch at patch 20, improvement=0.006531
  Accepted AddPatch at patch 21, improvement=0.006371
  Accepted AddPatch at patch 22, improvement=0.006275
  Mandatory DeletePatch(20) at patch 20, reason=Area 0.007351 below minimum 0.01
  Mandatory DeletePatch(21) at patch 21, reason=Area 0.002839 below minimum 0.01
  Mandatory DeletePatch(22) at patch 22, reason=Area 0.001778 below minimum 0.01
  Total patches: 23, total adds: 6, total deletes: 3
  step 100/2000: loss=0.396135, patches=23
[SRD rewrite] deleted patch=20, position=(-0.061, -0.065, 1.509), reason=Area 0.007167 below minimum 0.01
[SRD rewrite] added patch=22, position=(0.699, -0.656, 1.475), improvement=0.002439
[SRD rewrite] restored patch=23, position=(-0.061, -0.065, 1.509), improvement=0.001489
[SRD rewrite] added patch=24, position=(0.401, 0.174, 0.006), improvement=0.001308
SRD step 150: evaluated 27 candidates, 24 promising, accepted 4
  Accepted AddPatch at patch 22, improvement=0.002439
  Accepted RestorePatch(4) at patch 23, improvement=0.001489
  Accepted AddPatch at patch 24, improvement=0.001308
  Mandatory DeletePatch(20) at patch 20, reason=Area 0.007167 below minimum 0.01
  Total patches: 25, total adds: 9, total deletes: 4
  step 150/2000: loss=0.335499, patches=23
[SRD rewrite] deleted patch=24, position=(0.554, 0.247, 0.027), reason=Area 0.000315 below minimum 0.01
[SRD rewrite] deleted patch=23, position=(-0.107, -0.088, 1.548), reason=Area 0.001801 below minimum 0.01
[SRD rewrite] added patch=23, position=(-0.468, -0.819, 1.836), improvement=0.009090
[SRD rewrite] added patch=24, position=(-0.495, -0.730, 1.756), improvement=0.008856
[SRD rewrite] added patch=25, position=(-0.435, -0.038, 1.317), improvement=0.008633
SRD step 200: evaluated 27 candidates, 23 promising, accepted 5
  Accepted AddPatch at patch 23, improvement=0.009090
  Accepted AddPatch at patch 24, improvement=0.008856
  Accepted AddPatch at patch 25, improvement=0.008633
  Mandatory DeletePatch(23) at patch 23, reason=Area 0.001801 below minimum 0.01
  Mandatory DeletePatch(24) at patch 24, reason=Area 0.000315 below minimum 0.01
  Total patches: 26, total adds: 12, total deletes: 6
  step 200/2000: loss=0.266733, patches=25
[SRD rewrite] deleted patch=25, position=(-0.443, -0.018, 1.159), reason=Area 0.008712 below minimum 0.01
[SRD rewrite] deleted patch=23, position=(-0.524, -0.858, 1.722), reason=Area 0.001107 below minimum 0.01
[SRD rewrite] deleted patch=6, position=(-0.669, 0.154, -1.600), reason=Area 0.008007 below minimum 0.01
[SRD rewrite] added patch=23, position=(0.033, -1.029, 1.330), improvement=0.001903
[SRD rewrite] added patch=24, position=(-0.811, -0.592, 1.702), improvement=0.001803
[SRD rewrite] restored patch=25, position=(-0.443, -0.018, 1.159), improvement=0.001441
SRD step 250: evaluated 27 candidates, 21 promising, accepted 6
  Accepted AddPatch at patch 23, improvement=0.001903
  Accepted AddPatch at patch 24, improvement=0.001803
  Accepted RestorePatch(6) at patch 25, improvement=0.001441
  Mandatory DeletePatch(6) at patch 6, reason=Area 0.008007 below minimum 0.01
  Mandatory DeletePatch(23) at patch 23, reason=Area 0.001107 below minimum 0.01
  Mandatory DeletePatch(25) at patch 25, reason=Area 0.008712 below minimum 0.01
  Total patches: 26, total adds: 15, total deletes: 9
  step 250/2000: loss=0.206654, patches=26
[SRD rewrite] deleted patch=25, position=(-0.491, 0.049, 1.033), reason=Area 0.002229 below minimum 0.01
[SRD rewrite] deleted patch=24, position=(-0.866, -0.570, 1.594), reason=Area 0.005702 below minimum 0.01
[SRD rewrite] deleted patch=22, position=(-0.657, -0.746, 1.702), reason=Area 0.005464 below minimum 0.01
SRD step 300: evaluated 27 candidates, 0 promising, accepted 3
  Mandatory DeletePatch(22) at patch 22, reason=Area 0.005464 below minimum 0.01
  Mandatory DeletePatch(24) at patch 24, reason=Area 0.005702 below minimum 0.01
  Mandatory DeletePatch(25) at patch 25, reason=Area 0.002229 below minimum 0.01
  Total patches: 23, total adds: 15, total deletes: 12
  step 300/2000: loss=0.177058, patches=26
SRD step 350: evaluated 27 candidates, 0 promising, accepted 0
  Total patches: 23, total adds: 15, total deletes: 12
  step 350/2000: loss=0.162989, patches=23
SRD step 400: evaluated 27 candidates, 0 promising, accepted 0
  Total patches: 23, total adds: 15, total deletes: 12
  step 400/2000: loss=0.158455, patches=23
SRD step 450: evaluated 27 candidates, 0 promising, accepted 0
  Total patches: 23, total adds: 15, total deletes: 12
  step 450/2000: loss=0.155254, patches=23
[SRD rewrite] deleted patch=1, position=(-0.615, 0.723, 0.829), reason=Area 0.005103 below minimum 0.01
SRD step 500: evaluated 27 candidates, 0 promising, accepted 1
  Mandatory DeletePatch(1) at patch 1, reason=Area 0.005103 below minimum 0.01
  Total patches: 22, total adds: 15, total deletes: 13
  step 500/2000: loss=0.150029, patches=23
[SRD rewrite] split patch=2, children=21,22, improvement=0.001903
SRD step 550: evaluated 27 candidates, 1 promising, accepted 1
  Accepted SplitPatch(2) at patch 2, improvement=0.001903
  Total patches: 23, total adds: 16, total deletes: 13
  step 550/2000: loss=0.150247, patches=22
[SRD rewrite] deleted patch=22, position=(-1.448, -1.198, -0.172), reason=Area 0.001215 below minimum 0.01
[SRD rewrite] deleted patch=21, position=(-1.371, -1.356, -0.126), reason=Area 0.001395 below minimum 0.01
[SRD rewrite] added patch=21, position=(-1.227, 0.423, -0.641), improvement=0.000488
[SRD rewrite] added patch=22, position=(-0.798, 1.009, 0.224), improvement=0.000429
[SRD rewrite] added patch=23, position=(1.018, -0.072, 0.047), improvement=0.000422
SRD step 600: evaluated 27 candidates, 7 promising, accepted 5
  Accepted AddPatch at patch 21, improvement=0.000488
  Accepted AddPatch at patch 22, improvement=0.000429
  Accepted AddPatch at patch 23, improvement=0.000422
  Mandatory DeletePatch(21) at patch 21, reason=Area 0.001395 below minimum 0.01
  Mandatory DeletePatch(22) at patch 22, reason=Area 0.001215 below minimum 0.01
  Total patches: 24, total adds: 19, total deletes: 15
  step 600/2000: loss=0.135102, patches=23
[SRD rewrite] deleted patch=21, position=(-1.278, 0.470, -0.708), reason=Area 0.005086 below minimum 0.01
[SRD rewrite] deleted patch=2, position=(-1.328, 0.288, -1.123), reason=delete has no image effect
SRD step 650: evaluated 27 candidates, 0 promising, accepted 2
  Mandatory DeletePatch(21) at patch 21, reason=Area 0.005086 below minimum 0.01
  Mandatory DeletePatch(2) at patch 2, reason=delete has no image effect
  Total patches: 22, total adds: 19, total deletes: 17
  step 650/2000: loss=0.127655, patches=24
SRD step 700: evaluated 27 candidates, 0 promising, accepted 0
  Total patches: 22, total adds: 19, total deletes: 17
  step 700/2000: loss=0.130586, patches=22
[SRD rewrite] deleted patch=2, position=(-0.759, 1.318, -0.839), reason=Area 0.002296 below minimum 0.01
SRD step 750: evaluated 27 candidates, 0 promising, accepted 1
  Mandatory DeletePatch(2) at patch 2, reason=Area 0.002296 below minimum 0.01
  Total patches: 21, total adds: 19, total deletes: 18
  step 750/2000: loss=0.128753, patches=22
SRD step 800: evaluated 27 candidates, 0 promising, accepted 0
  Total patches: 21, total adds: 19, total deletes: 18
  step 800/2000: loss=0.130352, patches=21
[SRD rewrite] deleted patch=13, position=(-0.920, 0.656, -1.673), reason=Area 0.005634 below minimum 0.01
[SRD rewrite] added patch=20, position=(0.252, 0.504, -1.448), improvement=0.000541
[SRD rewrite] added patch=21, position=(-0.049, -0.379, 1.709), improvement=0.000335
[SRD rewrite] added patch=22, position=(-0.635, 0.625, -1.625), improvement=0.000267
SRD step 850: evaluated 27 candidates, 5 promising, accepted 4
  Accepted AddPatch at patch 20, improvement=0.000541
  Accepted AddPatch at patch 21, improvement=0.000335
  Accepted AddPatch at patch 22, improvement=0.000267
  Mandatory DeletePatch(13) at patch 13, reason=Area 0.005634 below minimum 0.01
  Total patches: 23, total adds: 22, total deletes: 19
  step 850/2000: loss=0.128985, patches=21
[SRD rewrite] deleted patch=22, position=(-0.677, 0.766, -1.646), reason=Area 0.000198 below minimum 0.01
[SRD rewrite] deleted patch=21, position=(-0.131, -0.425, 1.596), reason=Area 0.001915 below minimum 0.01
SRD step 900: evaluated 27 candidates, 0 promising, accepted 2
  Mandatory DeletePatch(21) at patch 21, reason=Area 0.001915 below minimum 0.01
  Mandatory DeletePatch(22) at patch 22, reason=Area 0.000198 below minimum 0.01
  Total patches: 21, total adds: 22, total deletes: 21
  step 900/2000: loss=0.128246, patches=23
[SRD rewrite] restored patch=21, position=(-0.657, -0.746, 1.702), improvement=0.000416
[SRD rewrite] added patch=22, position=(1.041, 0.433, -0.424), improvement=0.000416
[SRD rewrite] added patch=23, position=(-1.017, 0.597, -1.531), improvement=0.000307
SRD step 950: evaluated 27 candidates, 10 promising, accepted 3
  Accepted RestorePatch(10) at patch 21, improvement=0.000416
  Accepted AddPatch at patch 22, improvement=0.000416
  Accepted AddPatch at patch 23, improvement=0.000307
  Total patches: 24, total adds: 25, total deletes: 21
  step 950/2000: loss=0.128181, patches=21
[SRD rewrite] deleted patch=23, position=(-1.030, 0.584, -1.652), reason=Area 0.000339 below minimum 0.01
[SRD rewrite] deleted patch=22, position=(1.105, 0.371, -0.347), reason=Area 0.006741 below minimum 0.01
[SRD rewrite] deleted patch=21, position=(-0.677, -0.743, 1.701), reason=Area 0.004996 below minimum 0.01
SRD step 1000: evaluated 27 candidates, 0 promising, accepted 3
  Mandatory DeletePatch(21) at patch 21, reason=Area 0.004996 below minimum 0.01
  Mandatory DeletePatch(22) at patch 22, reason=Area 0.006741 below minimum 0.01
  Mandatory DeletePatch(23) at patch 23, reason=Area 0.000339 below minimum 0.01
  Total patches: 21, total adds: 25, total deletes: 24
  step 1000/2000: loss=0.123039, patches=24
SRD step 1050: evaluated 27 candidates, 0 promising, accepted 0
  Total patches: 21, total adds: 25, total deletes: 24
  step 1050/2000: loss=0.121936, patches=21
SRD step 1100: evaluated 27 candidates, 0 promising, accepted 0
  Total patches: 21, total adds: 25, total deletes: 24
  step 1100/2000: loss=0.119265, patches=21
SRD step 1150: evaluated 27 candidates, 0 promising, accepted 0
  Total patches: 21, total adds: 25, total deletes: 24
  step 1150/2000: loss=0.117644, patches=21
[SRD rewrite] added patch=21, position=(1.154, 1.140, 0.272), improvement=0.000159
SRD step 1200: evaluated 27 candidates, 1 promising, accepted 1
  Accepted AddPatch at patch 21, improvement=0.000159
  Total patches: 22, total adds: 26, total deletes: 24
  step 1200/2000: loss=0.118562, patches=21
SRD step 1250: evaluated 27 candidates, 0 promising, accepted 0
  Total patches: 22, total adds: 26, total deletes: 24
  step 1250/2000: loss=0.114728, patches=22
[SRD rewrite] deleted patch=21, position=(1.175, 1.293, 0.082), reason=Area 0.009613 below minimum 0.01
SRD step 1300: evaluated 27 candidates, 0 promising, accepted 1
  Mandatory DeletePatch(21) at patch 21, reason=Area 0.009613 below minimum 0.01
  Total patches: 21, total adds: 26, total deletes: 25
  step 1300/2000: loss=0.113787, patches=22
[SRD rewrite] added patch=21, position=(-0.070, 0.055, -1.338), improvement=0.000092
SRD step 1350: evaluated 27 candidates, 1 promising, accepted 1
  Accepted AddPatch at patch 21, improvement=0.000092
  Total patches: 22, total adds: 27, total deletes: 25
  step 1350/2000: loss=0.115000, patches=21
[SRD rewrite] deleted patch=21, position=(0.044, 0.063, -1.425), reason=Area 0.002249 below minimum 0.01
SRD step 1400: evaluated 27 candidates, 0 promising, accepted 1
  Mandatory DeletePatch(21) at patch 21, reason=Area 0.002249 below minimum 0.01
  Total patches: 21, total adds: 27, total deletes: 26
  step 1400/2000: loss=0.111841, patches=22
[SRD rewrite] deleted patch=11, position=(-1.437, 0.987, -1.375), reason=delete has no image effect
SRD step 1450: evaluated 27 candidates, 0 promising, accepted 1
  Mandatory DeletePatch(11) at patch 11, reason=delete has no image effect
  Total patches: 20, total adds: 27, total deletes: 27
  step 1450/2000: loss=0.111974, patches=21
[SRD rewrite] deleted patch=2, position=(0.671, 1.117, -0.695), reason=Area 0.008006 below minimum 0.01
SRD step 1500: evaluated 27 candidates, 0 promising, accepted 1
  Mandatory DeletePatch(2) at patch 2, reason=Area 0.008006 below minimum 0.01
  Total patches: 19, total adds: 27, total deletes: 28
  step 1500/2000: loss=0.111960, patches=20
SRD step 1550: evaluated 27 candidates, 0 promising, accepted 0
  Total patches: 19, total adds: 27, total deletes: 28
  step 1550/2000: loss=0.111200, patches=19
SRD step 1600: evaluated 27 candidates, 0 promising, accepted 0
  Total patches: 19, total adds: 27, total deletes: 28
  step 1600/2000: loss=0.114176, patches=19
SRD step 1650: evaluated 27 candidates, 0 promising, accepted 0
  Total patches: 19, total adds: 27, total deletes: 28
  step 1650/2000: loss=0.117292, patches=19
SRD step 1700: evaluated 27 candidates, 0 promising, accepted 0
  Total patches: 19, total adds: 27, total deletes: 28
  step 1700/2000: loss=0.110035, patches=19
SRD step 1750: evaluated 27 candidates, 0 promising, accepted 0
  Total patches: 19, total adds: 27, total deletes: 28
  step 1750/2000: loss=0.109922, patches=19
SRD step 1800: evaluated 27 candidates, 0 promising, accepted 0
  Total patches: 19, total adds: 27, total deletes: 28
  step 1800/2000: loss=0.111843, patches=19
[SRD rewrite] deleted patch=18, position=(0.284, 0.531, -1.478), reason=Area 0.006862 below minimum 0.01
SRD step 1850: evaluated 27 candidates, 0 promising, accepted 1
  Mandatory DeletePatch(18) at patch 18, reason=Area 0.006862 below minimum 0.01
  Total patches: 18, total adds: 27, total deletes: 29
  step 1850/2000: loss=0.111708, patches=19
SRD step 1900: evaluated 27 candidates, 0 promising, accepted 0
  Total patches: 18, total adds: 27, total deletes: 29
  step 1900/2000: loss=0.113537, patches=18
SRD step 1950: evaluated 27 candidates, 0 promising, accepted 0
  Total patches: 18, total adds: 27, total deletes: 29
  step 1950/2000: loss=0.114221, patches=18
SRD step 2000: evaluated 27 candidates, 0 promising, accepted 0
  Total patches: 18, total adds: 27, total deletes: 29
  step 2000/2000: loss=0.113657, patches=18
[SRD rewrite] deleted patch=10, position=(0.448, 1.151, -2.307), reason=final deletion pass improved loss
[Trial 2] done: loss=0.112697, time=13745.4s
[Trial 3/3] seed=2
[SRD rewrite] added patch=20, position=(0.537, 0.342, 1.243), improvement=0.019138
[SRD rewrite] added patch=21, position=(-0.464, 0.232, 1.261), improvement=0.018670
[SRD rewrite] added patch=22, position=(0.524, 0.329, 1.207), improvement=0.018594
SRD step 50: evaluated 27 candidates, 27 promising, accepted 3
  Accepted AddPatch at patch 20, improvement=0.019138
  Accepted AddPatch at patch 21, improvement=0.018670
  Accepted AddPatch at patch 22, improvement=0.018594
  Total patches: 23, total adds: 3, total deletes: 0
  step 50/2000: loss=0.540971, patches=20
[SRD rewrite] deleted patch=22, position=(0.677, 0.461, 1.144), reason=Area 0.000288 below minimum 0.01
[SRD rewrite] added patch=22, position=(0.912, -0.545, 1.395), improvement=0.008387
[SRD rewrite] added patch=23, position=(0.811, 0.436, -0.052), improvement=0.007881
[SRD rewrite] added patch=24, position=(-0.862, 0.367, -0.073), improvement=0.007753
SRD step 100: evaluated 27 candidates, 26 promising, accepted 4
  Accepted AddPatch at patch 22, improvement=0.008387
  Accepted AddPatch at patch 23, improvement=0.007881
  Accepted AddPatch at patch 24, improvement=0.007753
  Mandatory DeletePatch(22) at patch 22, reason=Area 0.000288 below minimum 0.01
  Total patches: 25, total adds: 6, total deletes: 1
  step 100/2000: loss=0.404108, patches=23
[SRD rewrite] deleted patch=23, position=(0.852, 0.532, -0.151), reason=Area 0.000728 below minimum 0.01
[SRD rewrite] deleted patch=20, position=(0.616, 0.478, 1.394), reason=Area 0.007978 below minimum 0.01
[SRD rewrite] added patch=23, position=(0.145, -0.265, 1.536), improvement=0.008768
[SRD rewrite] added patch=24, position=(0.003, -0.190, 1.639), improvement=0.008527
[SRD rewrite] added patch=25, position=(0.371, -0.551, 1.499), improvement=0.008432
SRD step 150: evaluated 27 candidates, 18 promising, accepted 5
  Accepted AddPatch at patch 23, improvement=0.008768
  Accepted AddPatch at patch 24, improvement=0.008527
  Accepted AddPatch at patch 25, improvement=0.008432
  Mandatory DeletePatch(20) at patch 20, reason=Area 0.007978 below minimum 0.01
  Mandatory DeletePatch(23) at patch 23, reason=Area 0.000728 below minimum 0.01
  Total patches: 26, total adds: 9, total deletes: 3
  step 150/2000: loss=0.325407, patches=25
[SRD rewrite] added patch=26, position=(-0.160, -0.927, 1.336), improvement=0.007701
[SRD rewrite] added patch=27, position=(-0.276, -0.847, 1.923), improvement=0.006611
[SRD rewrite] added patch=28, position=(-0.168, -0.072, 1.643), improvement=0.005949
SRD step 200: evaluated 27 candidates, 19 promising, accepted 3
  Accepted AddPatch at patch 26, improvement=0.007701
  Accepted AddPatch at patch 27, improvement=0.006611
  Accepted AddPatch at patch 28, improvement=0.005949
  Total patches: 29, total adds: 12, total deletes: 3
  step 200/2000: loss=0.253487, patches=26
[SRD rewrite] deleted patch=28, position=(-0.191, -0.059, 1.561), reason=Area 0.001927 below minimum 0.01
[SRD rewrite] deleted patch=27, position=(-0.346, -0.869, 1.784), reason=Area 0.007240 below minimum 0.01
SRD step 250: evaluated 27 candidates, 0 promising, accepted 2
  Mandatory DeletePatch(27) at patch 27, reason=Area 0.007240 below minimum 0.01
  Mandatory DeletePatch(28) at patch 28, reason=Area 0.001927 below minimum 0.01
  Total patches: 27, total adds: 12, total deletes: 5
  step 250/2000: loss=0.178679, patches=29
SRD step 300: evaluated 27 candidates, 0 promising, accepted 0
  Total patches: 27, total adds: 12, total deletes: 5
  step 300/2000: loss=0.152400, patches=27
[SRD rewrite] added patch=27, position=(-0.170, -0.949, 1.358), improvement=0.000562
[SRD rewrite] added patch=28, position=(1.087, -0.046, 1.172), improvement=0.000292
SRD step 350: evaluated 27 candidates, 2 promising, accepted 2
  Accepted AddPatch at patch 27, improvement=0.000562
  Accepted AddPatch at patch 28, improvement=0.000292
  Total patches: 29, total adds: 14, total deletes: 5
  step 350/2000: loss=0.133400, patches=27
[SRD rewrite] added patch=29, position=(0.479, 0.160, -1.518), improvement=0.000543
[SRD rewrite] restored patch=30, position=(0.852, 0.532, -0.151), improvement=0.000233
[SRD rewrite] added patch=31, position=(0.946, 0.337, 0.260), improvement=0.000158
SRD step 400: evaluated 27 candidates, 4 promising, accepted 3
  Accepted AddPatch at patch 29, improvement=0.000543
  Accepted RestorePatch(1) at patch 30, improvement=0.000233
  Accepted AddPatch at patch 31, improvement=0.000158
  Total patches: 32, total adds: 17, total deletes: 5
  step 400/2000: loss=0.116507, patches=29
[SRD rewrite] deleted patch=31, position=(0.930, 0.377, 0.410), reason=Area 0.000803 below minimum 0.01
[SRD rewrite] deleted patch=30, position=(0.749, 0.646, -0.243), reason=Area 0.000129 below minimum 0.01
[SRD rewrite] deleted patch=29, position=(0.473, 0.147, -1.492), reason=Area 0.001680 below minimum 0.01
SRD step 450: evaluated 27 candidates, 0 promising, accepted 3
  Mandatory DeletePatch(29) at patch 29, reason=Area 0.001680 below minimum 0.01
  Mandatory DeletePatch(30) at patch 30, reason=Area 0.000129 below minimum 0.01
  Mandatory DeletePatch(31) at patch 31, reason=Area 0.000803 below minimum 0.01
  Total patches: 29, total adds: 17, total deletes: 8
  step 450/2000: loss=0.110045, patches=32
SRD step 500: evaluated 27 candidates, 0 promising, accepted 0
  Total patches: 29, total adds: 17, total deletes: 8
  step 500/2000: loss=0.104490, patches=29
[SRD rewrite] deleted patch=16, position=(-1.270, 1.679, -0.758), reason=Area 0.006234 below minimum 0.01
SRD step 550: evaluated 27 candidates, 0 promising, accepted 1
  Mandatory DeletePatch(16) at patch 16, reason=Area 0.006234 below minimum 0.01
  Total patches: 28, total adds: 17, total deletes: 9
  step 550/2000: loss=0.102338, patches=29
SRD step 600: evaluated 27 candidates, 0 promising, accepted 0
  Total patches: 28, total adds: 17, total deletes: 9
  step 600/2000: loss=0.098554, patches=28
SRD step 650: evaluated 27 candidates, 0 promising, accepted 0
  Total patches: 28, total adds: 17, total deletes: 9
  step 650/2000: loss=0.096226, patches=28
SRD step 700: evaluated 27 candidates, 0 promising, accepted 0
  Total patches: 28, total adds: 17, total deletes: 9
  step 700/2000: loss=0.092927, patches=28
SRD step 750: evaluated 27 candidates, 0 promising, accepted 0
  Total patches: 28, total adds: 17, total deletes: 9
  step 750/2000: loss=0.089969, patches=28
SRD step 800: evaluated 27 candidates, 0 promising, accepted 0
  Total patches: 28, total adds: 17, total deletes: 9
  step 800/2000: loss=0.086937, patches=28
[SRD rewrite] deleted patch=15, position=(-2.358, 0.881, 1.517), reason=delete has no image effect
SRD step 850: evaluated 27 candidates, 0 promising, accepted 1
  Mandatory DeletePatch(15) at patch 15, reason=delete has no image effect
  Total patches: 27, total adds: 17, total deletes: 10
  step 850/2000: loss=0.084791, patches=28
SRD step 900: evaluated 27 candidates, 0 promising, accepted 0
  Total patches: 27, total adds: 17, total deletes: 10
  step 900/2000: loss=0.084023, patches=27
[SRD rewrite] deleted patch=18, position=(-0.433, 0.523, 1.574), reason=Area 0.008917 below minimum 0.01
SRD step 950: evaluated 27 candidates, 0 promising, accepted 1
  Mandatory DeletePatch(18) at patch 18, reason=Area 0.008917 below minimum 0.01
  Total patches: 26, total adds: 17, total deletes: 11
  step 950/2000: loss=0.081021, patches=27
SRD step 1000: evaluated 27 candidates, 0 promising, accepted 0
  Total patches: 26, total adds: 17, total deletes: 11
  step 1000/2000: loss=0.081398, patches=26
SRD step 1050: evaluated 27 candidates, 0 promising, accepted 0
  Total patches: 26, total adds: 17, total deletes: 11
  step 1050/2000: loss=0.079082, patches=26
SRD step 1100: evaluated 27 candidates, 0 promising, accepted 0
  Total patches: 26, total adds: 17, total deletes: 11
  step 1100/2000: loss=0.078728, patches=26
SRD step 1150: evaluated 27 candidates, 0 promising, accepted 0
  Total patches: 26, total adds: 17, total deletes: 11
  step 1150/2000: loss=0.076638, patches=26
SRD step 1200: evaluated 27 candidates, 0 promising, accepted 0
  Total patches: 26, total adds: 17, total deletes: 11
  step 1200/2000: loss=0.075993, patches=26
SRD step 1250: evaluated 27 candidates, 0 promising, accepted 0
  Total patches: 26, total adds: 17, total deletes: 11
  step 1250/2000: loss=0.080705, patches=26
SRD step 1300: evaluated 27 candidates, 0 promising, accepted 0
  Total patches: 26, total adds: 17, total deletes: 11
  step 1300/2000: loss=0.077042, patches=26
SRD step 1350: evaluated 27 candidates, 0 promising, accepted 0
  Total patches: 26, total adds: 17, total deletes: 11
  step 1350/2000: loss=0.081075, patches=26
[SRD rewrite] added patch=26, position=(-0.886, 0.780, -0.955), improvement=0.000098
SRD step 1400: evaluated 27 candidates, 1 promising, accepted 1
  Accepted AddPatch at patch 26, improvement=0.000098
  Total patches: 27, total adds: 18, total deletes: 11
  step 1400/2000: loss=0.081736, patches=26
[SRD rewrite] deleted patch=26, position=(-0.921, 0.830, -0.869), reason=Area 0.000096 below minimum 0.01
SRD step 1450: evaluated 27 candidates, 0 promising, accepted 1
  Mandatory DeletePatch(26) at patch 26, reason=Area 0.000096 below minimum 0.01
  Total patches: 26, total adds: 18, total deletes: 12
  step 1450/2000: loss=0.080167, patches=27
SRD step 1500: evaluated 27 candidates, 0 promising, accepted 0
  Total patches: 26, total adds: 18, total deletes: 12
  step 1500/2000: loss=0.078911, patches=26
SRD step 1550: evaluated 27 candidates, 0 promising, accepted 0
  Total patches: 26, total adds: 18, total deletes: 12
  step 1550/2000: loss=0.081268, patches=26
SRD step 1600: evaluated 27 candidates, 0 promising, accepted 0
  Total patches: 26, total adds: 18, total deletes: 12
  step 1600/2000: loss=0.080410, patches=26
SRD step 1650: evaluated 27 candidates, 0 promising, accepted 0
  Total patches: 26, total adds: 18, total deletes: 12
  step 1650/2000: loss=0.081066, patches=26
SRD step 1700: evaluated 27 candidates, 0 promising, accepted 0
  Total patches: 26, total adds: 18, total deletes: 12
  step 1700/2000: loss=0.080140, patches=26
[SRD rewrite] deleted patch=20, position=(-0.259, -0.141, 1.497), reason=Area 0.008019 below minimum 0.01
SRD step 1750: evaluated 27 candidates, 0 promising, accepted 1
  Mandatory DeletePatch(20) at patch 20, reason=Area 0.008019 below minimum 0.01
  Total patches: 25, total adds: 18, total deletes: 13
  step 1750/2000: loss=0.077811, patches=26
SRD step 1800: evaluated 27 candidates, 0 promising, accepted 0
  Total patches: 25, total adds: 18, total deletes: 13
  step 1800/2000: loss=0.075858, patches=25
[SRD rewrite] added patch=25, position=(-0.315, -0.122, 1.350), improvement=0.000215
SRD step 1850: evaluated 27 candidates, 1 promising, accepted 1
  Accepted AddPatch at patch 25, improvement=0.000215
  Total patches: 26, total adds: 19, total deletes: 13
  step 1850/2000: loss=0.079913, patches=25
[SRD rewrite] deleted patch=25, position=(-0.329, -0.130, 1.420), reason=Area 0.005723 below minimum 0.01
SRD step 1900: evaluated 27 candidates, 0 promising, accepted 1
  Mandatory DeletePatch(25) at patch 25, reason=Area 0.005723 below minimum 0.01
  Total patches: 25, total adds: 19, total deletes: 14
  step 1900/2000: loss=0.078470, patches=26
SRD step 1950: evaluated 27 candidates, 0 promising, accepted 0
  Total patches: 25, total adds: 19, total deletes: 14
  step 1950/2000: loss=0.077800, patches=25
SRD step 2000: evaluated 27 candidates, 0 promising, accepted 0
  Total patches: 25, total adds: 19, total deletes: 14
  step 2000/2000: loss=0.080296, patches=25
[SRD rewrite] deleted patch=1, position=(0.431, -0.741, -2.339), reason=final deletion pass improved loss
[SRD rewrite] deleted patch=10, position=(-1.879, -0.110, 0.940), reason=final deletion pass improved loss
[SRD rewrite] deleted patch=10, position=(-2.189, 0.430, 1.468), reason=final deletion pass improved loss
[SRD rewrite] deleted patch=14, position=(-2.108, 0.371, 0.475), reason=final deletion pass improved loss
[Trial 3] done: loss=0.067282, time=17152.8s
[Run] report written to results/slurm/20260719_2351/comparison_cat_face_bass_srd/output.txt
