## SLURM PROLOG ###############################################################
##    Job ID : 4113818
##  Job Name : 20260719_2351_ablation_sun_moon_ablation
##  Nodelist : gpu2503
##      CPUs : 
##  Mem/Node : 128000 MB
## Directory : /oscar/home/cjmok/automated-perspective-sculptor
##   Job Started : Sun Jul 19 11:53:29 PM EDT 2026
###############################################################################
[Swept volume] building (resolution=256)...
[Run] mode=ablation, trials=3, seeds=[0, 1, 2], steps=2000, srd=True, ablation_flags={'disable_swept_volume_adds': True, 'loss_only_deletion': True, 'disable_splitting': True}
[Trial 1/3] seed=0
[Patch] mapbox-earcut is not installed; falling back to fan fill, so non-convex pieces will render incorrectly. Install it with: pip install mapbox-earcut
[SRD rewrite] deleted patch=12, position=(1.889, 0.736, -1.117), reason=accepted rewrite
[SRD rewrite] deleted patch=4, position=(-1.762, 0.618, 0.715), reason=accepted rewrite
[SRD rewrite] deleted patch=0, position=(0.833, 0.411, 1.623), reason=accepted rewrite
[SRD rewrite] added patch=17, position=(0.729, -0.312, 1.959), improvement=0.020425
[SRD rewrite] added patch=18, position=(1.076, 0.514, 0.224), improvement=0.020052
[SRD rewrite] added patch=19, position=(0.585, 2.219, 0.909), improvement=0.019762
SRD step 50: evaluated 32 candidates, 32 promising, accepted 6
  Accepted DeletePatch(12) at patch 12, improvement=0.026416
  Accepted DeletePatch(4) at patch 4, improvement=0.020469
  Accepted AddPatch at patch 17, improvement=0.020425
  Accepted AddPatch at patch 18, improvement=0.020052
  Accepted AddPatch at patch 19, improvement=0.019762
  Accepted DeletePatch(0) at patch 0, improvement=0.010587
  Total patches: 20, total adds: 3, total deletes: 3
  step 50/2000: loss=0.498827, patches=20
[SRD rewrite] added patch=20, position=(0.535, 1.073, -0.153), improvement=0.003728
[SRD rewrite] added patch=21, position=(-1.642, 0.105, -2.228), improvement=0.003458
[SRD rewrite] added patch=22, position=(1.779, -2.441, -0.700), improvement=0.003399
SRD step 100: evaluated 32 candidates, 19 promising, accepted 3
  Accepted AddPatch at patch 20, improvement=0.003728
  Accepted AddPatch at patch 21, improvement=0.003458
  Accepted AddPatch at patch 22, improvement=0.003399
  Total patches: 23, total adds: 6, total deletes: 3
  step 100/2000: loss=0.343728, patches=20
[SRD rewrite] deleted patch=8, position=(-0.408, -0.070, 1.841), reason=accepted rewrite
[SRD rewrite] added patch=22, position=(-0.503, -0.991, 1.376), improvement=0.002866
[SRD rewrite] added patch=23, position=(-0.782, 1.444, -0.443), improvement=0.002658
[SRD rewrite] added patch=24, position=(-0.039, 1.078, -0.069), improvement=0.002617
SRD step 150: evaluated 32 candidates, 20 promising, accepted 4
  Accepted AddPatch at patch 22, improvement=0.002866
  Accepted AddPatch at patch 23, improvement=0.002658
  Accepted AddPatch at patch 24, improvement=0.002617
  Accepted DeletePatch(8) at patch 8, improvement=0.000158
  Total patches: 25, total adds: 9, total deletes: 4
  step 150/2000: loss=0.304065, patches=23
[SRD rewrite] added patch=25, position=(-0.512, 1.193, -0.255), improvement=0.004430
[SRD rewrite] added patch=26, position=(-1.277, -0.628, -2.272), improvement=0.003139
[SRD rewrite] added patch=27, position=(-2.002, 2.227, 1.847), improvement=0.003085
SRD step 200: evaluated 32 candidates, 20 promising, accepted 3
  Accepted AddPatch at patch 25, improvement=0.004430
  Accepted AddPatch at patch 26, improvement=0.003139
  Accepted AddPatch at patch 27, improvement=0.003085
  Total patches: 28, total adds: 12, total deletes: 4
  step 200/2000: loss=0.263822, patches=25
[SRD rewrite] deleted patch=9, position=(-1.646, -1.252, 0.777), reason=accepted rewrite
[SRD rewrite] added patch=27, position=(0.998, 2.340, 2.472), improvement=0.002364
[SRD rewrite] added patch=28, position=(0.212, 2.456, -0.584), improvement=0.002364
[SRD rewrite] added patch=29, position=(1.669, 2.074, 0.836), improvement=0.002364
SRD step 250: evaluated 32 candidates, 19 promising, accepted 4
  Accepted AddPatch at patch 27, improvement=0.002364
  Accepted AddPatch at patch 28, improvement=0.002364
  Accepted AddPatch at patch 29, improvement=0.002364
  Accepted DeletePatch(9) at patch 9, improvement=0.001973
  Total patches: 30, total adds: 15, total deletes: 5
  step 250/2000: loss=0.221845, patches=28
SRD step 300: evaluated 32 candidates, 0 promising, accepted 0
  Total patches: 30, total adds: 15, total deletes: 5
  step 300/2000: loss=0.183661, patches=30
SRD step 350: evaluated 32 candidates, 0 promising, accepted 0
  Total patches: 30, total adds: 15, total deletes: 5
  step 350/2000: loss=0.164953, patches=30
SRD step 400: evaluated 32 candidates, 0 promising, accepted 0
  Total patches: 30, total adds: 15, total deletes: 5
  step 400/2000: loss=0.160407, patches=30
SRD step 450: evaluated 32 candidates, 0 promising, accepted 0
  Total patches: 30, total adds: 15, total deletes: 5
  step 450/2000: loss=0.154319, patches=30
SRD step 500: evaluated 32 candidates, 0 promising, accepted 0
  Total patches: 30, total adds: 15, total deletes: 5
  step 500/2000: loss=0.148801, patches=30
SRD step 550: evaluated 32 candidates, 0 promising, accepted 0
  Total patches: 30, total adds: 15, total deletes: 5
  step 550/2000: loss=0.147993, patches=30
SRD step 600: evaluated 32 candidates, 0 promising, accepted 0
  Total patches: 30, total adds: 15, total deletes: 5
  step 600/2000: loss=0.145236, patches=30
SRD step 650: evaluated 32 candidates, 0 promising, accepted 0
  Total patches: 30, total adds: 15, total deletes: 5
  step 650/2000: loss=0.142277, patches=30
SRD step 700: evaluated 32 candidates, 0 promising, accepted 0
  Total patches: 30, total adds: 15, total deletes: 5
  step 700/2000: loss=0.139418, patches=30
SRD step 750: evaluated 32 candidates, 0 promising, accepted 0
  Total patches: 30, total adds: 15, total deletes: 5
  step 750/2000: loss=0.138102, patches=30
SRD step 800: evaluated 32 candidates, 0 promising, accepted 0
  Total patches: 30, total adds: 15, total deletes: 5
  step 800/2000: loss=0.135362, patches=30
SRD step 850: evaluated 32 candidates, 0 promising, accepted 0
  Total patches: 30, total adds: 15, total deletes: 5
  step 850/2000: loss=0.132142, patches=30
SRD step 900: evaluated 32 candidates, 0 promising, accepted 0
  Total patches: 30, total adds: 15, total deletes: 5
  step 900/2000: loss=0.128995, patches=30
SRD step 950: evaluated 32 candidates, 0 promising, accepted 0
  Total patches: 30, total adds: 15, total deletes: 5
  step 950/2000: loss=0.129401, patches=30
SRD step 1000: evaluated 32 candidates, 0 promising, accepted 0
  Total patches: 30, total adds: 15, total deletes: 5
  step 1000/2000: loss=0.126416, patches=30
SRD step 1050: evaluated 32 candidates, 0 promising, accepted 0
  Total patches: 30, total adds: 15, total deletes: 5
  step 1050/2000: loss=0.125669, patches=30
SRD step 1100: evaluated 32 candidates, 0 promising, accepted 0
  Total patches: 30, total adds: 15, total deletes: 5
  step 1100/2000: loss=0.119238, patches=30
SRD step 1150: evaluated 32 candidates, 0 promising, accepted 0
  Total patches: 30, total adds: 15, total deletes: 5
  step 1150/2000: loss=0.120976, patches=30
SRD step 1200: evaluated 32 candidates, 0 promising, accepted 0
  Total patches: 30, total adds: 15, total deletes: 5
  step 1200/2000: loss=0.118734, patches=30
SRD step 1250: evaluated 32 candidates, 0 promising, accepted 0
  Total patches: 30, total adds: 15, total deletes: 5
  step 1250/2000: loss=0.117706, patches=30
SRD step 1300: evaluated 32 candidates, 0 promising, accepted 0
  Total patches: 30, total adds: 15, total deletes: 5
  step 1300/2000: loss=0.114129, patches=30
SRD step 1350: evaluated 32 candidates, 0 promising, accepted 0
  Total patches: 30, total adds: 15, total deletes: 5
  step 1350/2000: loss=0.114787, patches=30
SRD step 1400: evaluated 32 candidates, 0 promising, accepted 0
  Total patches: 30, total adds: 15, total deletes: 5
  step 1400/2000: loss=0.114557, patches=30
SRD step 1450: evaluated 32 candidates, 0 promising, accepted 0
  Total patches: 30, total adds: 15, total deletes: 5
  step 1450/2000: loss=0.115708, patches=30
SRD step 1500: evaluated 32 candidates, 0 promising, accepted 0
  Total patches: 30, total adds: 15, total deletes: 5
  step 1500/2000: loss=0.113503, patches=30
SRD step 1550: evaluated 32 candidates, 0 promising, accepted 0
  Total patches: 30, total adds: 15, total deletes: 5
  step 1550/2000: loss=0.114605, patches=30
SRD step 1600: evaluated 32 candidates, 0 promising, accepted 0
  Total patches: 30, total adds: 15, total deletes: 5
  step 1600/2000: loss=0.114792, patches=30
SRD step 1650: evaluated 32 candidates, 0 promising, accepted 0
  Total patches: 30, total adds: 15, total deletes: 5
  step 1650/2000: loss=0.115614, patches=30
SRD step 1700: evaluated 32 candidates, 0 promising, accepted 0
  Total patches: 30, total adds: 15, total deletes: 5
  step 1700/2000: loss=0.115606, patches=30
SRD step 1750: evaluated 32 candidates, 0 promising, accepted 0
  Total patches: 30, total adds: 15, total deletes: 5
  step 1750/2000: loss=0.115189, patches=30
SRD step 1800: evaluated 32 candidates, 0 promising, accepted 0
  Total patches: 30, total adds: 15, total deletes: 5
  step 1800/2000: loss=0.114134, patches=30
SRD step 1850: evaluated 32 candidates, 0 promising, accepted 0
  Total patches: 30, total adds: 15, total deletes: 5
  step 1850/2000: loss=0.114717, patches=30
SRD step 1900: evaluated 32 candidates, 0 promising, accepted 0
  Total patches: 30, total adds: 15, total deletes: 5
  step 1900/2000: loss=0.114326, patches=30
SRD step 1950: evaluated 32 candidates, 0 promising, accepted 0
  Total patches: 30, total adds: 15, total deletes: 5
  step 1950/2000: loss=0.113367, patches=30
SRD step 2000: evaluated 32 candidates, 0 promising, accepted 0
  Total patches: 30, total adds: 15, total deletes: 5
  step 2000/2000: loss=0.113372, patches=30
[SRD rewrite] deleted patch=2, position=(-2.166, -2.848, 0.912), reason=final deletion pass improved loss
[SRD rewrite] deleted patch=25, position=(-2.414, 2.759, 1.350), reason=final deletion pass improved loss
[Trial 1] done: loss=0.113292, time=18958.8s
[Trial 2/3] seed=1
[SRD rewrite] deleted patch=17, position=(-0.963, 0.689, 0.860), reason=accepted rewrite
[SRD rewrite] deleted patch=0, position=(-0.045, -1.434, 0.844), reason=accepted rewrite
[SRD rewrite] added patch=18, position=(0.194, -0.404, 0.926), improvement=0.023096
[SRD rewrite] added patch=19, position=(0.618, 1.255, -0.756), improvement=0.022863
[SRD rewrite] added patch=20, position=(0.179, 0.819, 0.074), improvement=0.021222
SRD step 50: evaluated 32 candidates, 29 promising, accepted 5
  Accepted AddPatch at patch 18, improvement=0.023096
  Accepted AddPatch at patch 19, improvement=0.022863
  Accepted DeletePatch(0) at patch 0, improvement=0.022598
  Accepted AddPatch at patch 20, improvement=0.021222
  Accepted DeletePatch(17) at patch 17, improvement=0.008701
  Total patches: 21, total adds: 3, total deletes: 2
  step 50/2000: loss=0.504454, patches=20
[SRD rewrite] deleted patch=20, position=(0.202, 0.785, 0.185), reason=accepted rewrite
[SRD rewrite] deleted patch=11, position=(-0.465, -0.679, 2.228), reason=accepted rewrite
[SRD rewrite] deleted patch=1, position=(0.761, 0.999, -0.194), reason=accepted rewrite
[SRD rewrite] added patch=18, position=(0.399, -0.599, 0.255), improvement=0.011287
[SRD rewrite] restored patch=19, position=(-0.963, 0.689, 0.860), improvement=0.010860
[SRD rewrite] added patch=20, position=(-1.301, -0.031, 0.600), improvement=0.010540
SRD step 100: evaluated 32 candidates, 25 promising, accepted 6
  Accepted AddPatch at patch 18, improvement=0.011287
  Accepted RestorePatch(0) at patch 19, improvement=0.010860
  Accepted AddPatch at patch 20, improvement=0.010540
  Accepted DeletePatch(11) at patch 11, improvement=0.006839
  Accepted DeletePatch(20) at patch 20, improvement=0.001404
  Accepted DeletePatch(1) at patch 1, improvement=0.000999
  Total patches: 21, total adds: 6, total deletes: 5
  step 100/2000: loss=0.357984, patches=21
[SRD rewrite] added patch=21, position=(0.640, -1.072, 0.434), improvement=0.007998
[SRD rewrite] restored patch=22, position=(0.761, 0.999, -0.194), improvement=0.006924
[SRD rewrite] added patch=23, position=(-0.834, -2.455, 0.027), improvement=0.006782
SRD step 150: evaluated 32 candidates, 23 promising, accepted 3
  Accepted AddPatch at patch 21, improvement=0.007998
  Accepted RestorePatch(3) at patch 22, improvement=0.006924
  Accepted AddPatch at patch 23, improvement=0.006782
  Total patches: 24, total adds: 9, total deletes: 5
  step 150/2000: loss=0.297375, patches=21
[SRD rewrite] deleted patch=13, position=(0.578, 0.075, 1.929), reason=accepted rewrite
[SRD rewrite] added patch=23, position=(1.398, 2.472, 0.768), improvement=0.003201
[SRD rewrite] added patch=24, position=(2.330, -1.485, 2.464), improvement=0.003201
[SRD rewrite] added patch=25, position=(0.056, 0.205, 2.297), improvement=0.002848
SRD step 200: evaluated 32 candidates, 22 promising, accepted 4
  Accepted DeletePatch(13) at patch 13, improvement=0.006787
  Accepted AddPatch at patch 23, improvement=0.003201
  Accepted AddPatch at patch 24, improvement=0.003201
  Accepted AddPatch at patch 25, improvement=0.002848
  Total patches: 26, total adds: 12, total deletes: 6
  step 200/2000: loss=0.243671, patches=24
SRD step 250: evaluated 32 candidates, 0 promising, accepted 0
  Total patches: 26, total adds: 12, total deletes: 6
  step 250/2000: loss=0.205266, patches=26
SRD step 300: evaluated 32 candidates, 0 promising, accepted 0
  Total patches: 26, total adds: 12, total deletes: 6
  step 300/2000: loss=0.203736, patches=26
SRD step 350: evaluated 32 candidates, 0 promising, accepted 0
  Total patches: 26, total adds: 12, total deletes: 6
  step 350/2000: loss=0.206742, patches=26
[SRD rewrite] deleted patch=2, position=(0.037, -2.038, -0.928), reason=accepted rewrite
SRD step 400: evaluated 32 candidates, 1 promising, accepted 1
  Accepted DeletePatch(2) at patch 2, improvement=0.003073
  Total patches: 25, total adds: 12, total deletes: 7
  step 400/2000: loss=0.196653, patches=26
SRD step 450: evaluated 32 candidates, 0 promising, accepted 0
  Total patches: 25, total adds: 12, total deletes: 7
  step 450/2000: loss=0.173934, patches=25
SRD step 500: evaluated 32 candidates, 0 promising, accepted 0
  Total patches: 25, total adds: 12, total deletes: 7
  step 500/2000: loss=0.165568, patches=25
SRD step 550: evaluated 32 candidates, 0 promising, accepted 0
  Total patches: 25, total adds: 12, total deletes: 7
  step 550/2000: loss=0.160686, patches=25
SRD step 600: evaluated 32 candidates, 0 promising, accepted 0
  Total patches: 25, total adds: 12, total deletes: 7
  step 600/2000: loss=0.165016, patches=25
SRD step 650: evaluated 32 candidates, 0 promising, accepted 0
  Total patches: 25, total adds: 12, total deletes: 7
  step 650/2000: loss=0.161576, patches=25
SRD step 700: evaluated 32 candidates, 0 promising, accepted 0
  Total patches: 25, total adds: 12, total deletes: 7
  step 700/2000: loss=0.154781, patches=25
SRD step 750: evaluated 32 candidates, 0 promising, accepted 0
  Total patches: 25, total adds: 12, total deletes: 7
  step 750/2000: loss=0.155872, patches=25
SRD step 800: evaluated 32 candidates, 0 promising, accepted 0
  Total patches: 25, total adds: 12, total deletes: 7
  step 800/2000: loss=0.153073, patches=25
SRD step 850: evaluated 32 candidates, 0 promising, accepted 0
  Total patches: 25, total adds: 12, total deletes: 7
  step 850/2000: loss=0.155634, patches=25
SRD step 900: evaluated 32 candidates, 0 promising, accepted 0
  Total patches: 25, total adds: 12, total deletes: 7
  step 900/2000: loss=0.156985, patches=25
SRD step 950: evaluated 32 candidates, 0 promising, accepted 0
  Total patches: 25, total adds: 12, total deletes: 7
  step 950/2000: loss=0.152976, patches=25
SRD step 1000: evaluated 32 candidates, 0 promising, accepted 0
  Total patches: 25, total adds: 12, total deletes: 7
  step 1000/2000: loss=0.157275, patches=25
SRD step 1050: evaluated 32 candidates, 0 promising, accepted 0
  Total patches: 25, total adds: 12, total deletes: 7
  step 1050/2000: loss=0.155282, patches=25
SRD step 1100: evaluated 32 candidates, 0 promising, accepted 0
  Total patches: 25, total adds: 12, total deletes: 7
  step 1100/2000: loss=0.153205, patches=25
SRD step 1150: evaluated 32 candidates, 0 promising, accepted 0
  Total patches: 25, total adds: 12, total deletes: 7
  step 1150/2000: loss=0.154575, patches=25
SRD step 1200: evaluated 32 candidates, 0 promising, accepted 0
  Total patches: 25, total adds: 12, total deletes: 7
  step 1200/2000: loss=0.154727, patches=25
SRD step 1250: evaluated 32 candidates, 0 promising, accepted 0
  Total patches: 25, total adds: 12, total deletes: 7
  step 1250/2000: loss=0.153190, patches=25
SRD step 1300: evaluated 32 candidates, 0 promising, accepted 0
  Total patches: 25, total adds: 12, total deletes: 7
  step 1300/2000: loss=0.156916, patches=25
SRD step 1350: evaluated 32 candidates, 0 promising, accepted 0
  Total patches: 25, total adds: 12, total deletes: 7
  step 1350/2000: loss=0.157036, patches=25
SRD step 1400: evaluated 32 candidates, 0 promising, accepted 0
  Total patches: 25, total adds: 12, total deletes: 7
  step 1400/2000: loss=0.159114, patches=25
SRD step 1450: evaluated 32 candidates, 0 promising, accepted 0
  Total patches: 25, total adds: 12, total deletes: 7
  step 1450/2000: loss=0.158180, patches=25
SRD step 1500: evaluated 32 candidates, 0 promising, accepted 0
  Total patches: 25, total adds: 12, total deletes: 7
  step 1500/2000: loss=0.156586, patches=25
SRD step 1550: evaluated 32 candidates, 0 promising, accepted 0
  Total patches: 25, total adds: 12, total deletes: 7
  step 1550/2000: loss=0.156311, patches=25
SRD step 1600: evaluated 32 candidates, 0 promising, accepted 0
  Total patches: 25, total adds: 12, total deletes: 7
  step 1600/2000: loss=0.156567, patches=25
SRD step 1650: evaluated 32 candidates, 0 promising, accepted 0
  Total patches: 25, total adds: 12, total deletes: 7
  step 1650/2000: loss=0.161127, patches=25
SRD step 1700: evaluated 32 candidates, 0 promising, accepted 0
  Total patches: 25, total adds: 12, total deletes: 7
  step 1700/2000: loss=0.181424, patches=25
SRD step 1750: evaluated 32 candidates, 0 promising, accepted 0
  Total patches: 25, total adds: 12, total deletes: 7
  step 1750/2000: loss=0.191236, patches=25
SRD step 1800: evaluated 32 candidates, 0 promising, accepted 0
  Total patches: 25, total adds: 12, total deletes: 7
  step 1800/2000: loss=0.202821, patches=25
[SRD rewrite] deleted patch=3, position=(-1.920, 0.758, 0.026), reason=accepted rewrite
SRD step 1850: evaluated 32 candidates, 1 promising, accepted 1
  Accepted DeletePatch(3) at patch 3, improvement=0.036427
  Total patches: 24, total adds: 12, total deletes: 8
  step 1850/2000: loss=0.218805, patches=25
SRD step 1900: evaluated 32 candidates, 0 promising, accepted 0
  Total patches: 24, total adds: 12, total deletes: 8
  step 1900/2000: loss=0.178951, patches=24
SRD step 1950: evaluated 32 candidates, 0 promising, accepted 0
  Total patches: 24, total adds: 12, total deletes: 8
  step 1950/2000: loss=0.173760, patches=24
SRD step 2000: evaluated 32 candidates, 0 promising, accepted 0
  Total patches: 24, total adds: 12, total deletes: 8
  step 2000/2000: loss=0.175559, patches=24
[SRD rewrite] deleted patch=23, position=(-0.276, 0.297, 1.951), reason=final deletion pass improved loss
[Trial 2] done: loss=0.174782, time=16002.1s
[Trial 3/3] seed=2
[SRD rewrite] deleted patch=15, position=(-1.275, -1.627, -0.445), reason=accepted rewrite
[SRD rewrite] deleted patch=5, position=(-0.330, 0.910, 0.306), reason=accepted rewrite
[SRD rewrite] added patch=18, position=(0.788, -1.427, -0.416), improvement=0.024801
[SRD rewrite] added patch=19, position=(-0.362, -0.316, 1.383), improvement=0.024500
[SRD rewrite] added patch=20, position=(-0.425, -0.746, 0.255), improvement=0.024244
SRD step 50: evaluated 32 candidates, 29 promising, accepted 5
  Accepted AddPatch at patch 18, improvement=0.024801
  Accepted AddPatch at patch 19, improvement=0.024500
  Accepted AddPatch at patch 20, improvement=0.024244
  Accepted DeletePatch(15) at patch 15, improvement=0.011593
  Accepted DeletePatch(5) at patch 5, improvement=0.002044
  Total patches: 21, total adds: 3, total deletes: 2
  step 50/2000: loss=0.443043, patches=20
[SRD rewrite] restored patch=21, position=(-0.330, 0.910, 0.306), improvement=0.010790
[SRD rewrite] added patch=22, position=(1.929, -1.732, 2.233), improvement=0.007517
[SRD rewrite] added patch=23, position=(0.598, -1.048, 0.576), improvement=0.007334
SRD step 100: evaluated 32 candidates, 27 promising, accepted 3
  Accepted RestorePatch(1) at patch 21, improvement=0.010790
  Accepted AddPatch at patch 22, improvement=0.007517
  Accepted AddPatch at patch 23, improvement=0.007334
  Total patches: 24, total adds: 6, total deletes: 2
  step 100/2000: loss=0.305767, patches=21
[SRD rewrite] added patch=24, position=(-0.671, 2.353, 0.162), improvement=0.006100
[SRD rewrite] added patch=25, position=(-0.819, -0.469, -2.198), improvement=0.005866
[SRD rewrite] added patch=26, position=(-1.252, -1.785, -1.844), improvement=0.005073
SRD step 150: evaluated 32 candidates, 27 promising, accepted 3
  Accepted AddPatch at patch 24, improvement=0.006100
  Accepted AddPatch at patch 25, improvement=0.005866
  Accepted AddPatch at patch 26, improvement=0.005073
  Total patches: 27, total adds: 9, total deletes: 2
  step 150/2000: loss=0.230171, patches=24
[SRD rewrite] added patch=27, position=(-1.488, 1.982, 1.575), improvement=0.000305
[SRD rewrite] added patch=28, position=(0.399, -0.516, 1.404), improvement=0.000101
[SRD rewrite] added patch=29, position=(1.245, 0.034, -0.533), improvement=0.000049
SRD step 200: evaluated 32 candidates, 3 promising, accepted 3
  Accepted AddPatch at patch 27, improvement=0.000305
  Accepted AddPatch at patch 28, improvement=0.000101
  Accepted AddPatch at patch 29, improvement=0.000049
  Total patches: 30, total adds: 12, total deletes: 2
  step 200/2000: loss=0.176826, patches=27
[SRD rewrite] deleted patch=10, position=(-1.400, -0.216, 2.459), reason=accepted rewrite
SRD step 250: evaluated 32 candidates, 1 promising, accepted 1
  Accepted DeletePatch(10) at patch 10, improvement=0.014364
  Total patches: 29, total adds: 12, total deletes: 3
  step 250/2000: loss=0.151823, patches=30
[SRD rewrite] added patch=29, position=(0.739, -2.180, 1.563), improvement=0.001254
[SRD rewrite] added patch=30, position=(0.854, -1.236, -0.463), improvement=0.001017
[SRD rewrite] added patch=31, position=(-0.271, 0.890, -0.996), improvement=0.000948
SRD step 300: evaluated 32 candidates, 7 promising, accepted 3
  Accepted AddPatch at patch 29, improvement=0.001254
  Accepted AddPatch at patch 30, improvement=0.001017
  Accepted AddPatch at patch 31, improvement=0.000948
  Total patches: 32, total adds: 15, total deletes: 3
  step 300/2000: loss=0.111614, patches=29
SRD step 350: evaluated 32 candidates, 0 promising, accepted 0
  Total patches: 32, total adds: 15, total deletes: 3
  step 350/2000: loss=0.095787, patches=32
SRD step 400: evaluated 32 candidates, 0 promising, accepted 0
  Total patches: 32, total adds: 15, total deletes: 3
  step 400/2000: loss=0.095816, patches=32
SRD step 450: evaluated 32 candidates, 0 promising, accepted 0
  Total patches: 32, total adds: 15, total deletes: 3
  step 450/2000: loss=0.092685, patches=32
SRD step 500: evaluated 32 candidates, 0 promising, accepted 0
  Total patches: 32, total adds: 15, total deletes: 3
  step 500/2000: loss=0.091608, patches=32
SRD step 550: evaluated 32 candidates, 0 promising, accepted 0
  Total patches: 32, total adds: 15, total deletes: 3
  step 550/2000: loss=0.095379, patches=32
SRD step 600: evaluated 32 candidates, 0 promising, accepted 0
  Total patches: 32, total adds: 15, total deletes: 3
  step 600/2000: loss=0.093594, patches=32
SRD step 650: evaluated 32 candidates, 0 promising, accepted 0
  Total patches: 32, total adds: 15, total deletes: 3
  step 650/2000: loss=0.094977, patches=32
SRD step 700: evaluated 32 candidates, 0 promising, accepted 0
  Total patches: 32, total adds: 15, total deletes: 3
  step 700/2000: loss=0.094608, patches=32
SRD step 750: evaluated 32 candidates, 0 promising, accepted 0
  Total patches: 32, total adds: 15, total deletes: 3
  step 750/2000: loss=0.095595, patches=32
SRD step 800: evaluated 32 candidates, 0 promising, accepted 0
  Total patches: 32, total adds: 15, total deletes: 3
  step 800/2000: loss=0.094364, patches=32
SRD step 850: evaluated 32 candidates, 0 promising, accepted 0
  Total patches: 32, total adds: 15, total deletes: 3
  step 850/2000: loss=0.096521, patches=32
SRD step 900: evaluated 32 candidates, 0 promising, accepted 0
  Total patches: 32, total adds: 15, total deletes: 3
  step 900/2000: loss=0.097212, patches=32
SRD step 950: evaluated 32 candidates, 0 promising, accepted 0
  Total patches: 32, total adds: 15, total deletes: 3
  step 950/2000: loss=0.095816, patches=32
[SRD rewrite] deleted patch=28, position=(1.377, -0.048, -0.891), reason=accepted rewrite
SRD step 1000: evaluated 32 candidates, 1 promising, accepted 1
  Accepted DeletePatch(28) at patch 28, improvement=0.000110
  Total patches: 31, total adds: 15, total deletes: 4
  step 1000/2000: loss=0.099908, patches=32
SRD step 1050: evaluated 32 candidates, 0 promising, accepted 0
  Total patches: 31, total adds: 15, total deletes: 4
  step 1050/2000: loss=0.094963, patches=31
SRD step 1100: evaluated 32 candidates, 0 promising, accepted 0
  Total patches: 31, total adds: 15, total deletes: 4
  step 1100/2000: loss=0.095400, patches=31
SRD step 1150: evaluated 32 candidates, 0 promising, accepted 0
  Total patches: 31, total adds: 15, total deletes: 4
  step 1150/2000: loss=0.095255, patches=31
SRD step 1200: evaluated 32 candidates, 0 promising, accepted 0
  Total patches: 31, total adds: 15, total deletes: 4
  step 1200/2000: loss=0.092937, patches=31
SRD step 1250: evaluated 32 candidates, 0 promising, accepted 0
  Total patches: 31, total adds: 15, total deletes: 4
  step 1250/2000: loss=0.091839, patches=31
SRD step 1300: evaluated 32 candidates, 0 promising, accepted 0
  Total patches: 31, total adds: 15, total deletes: 4
  step 1300/2000: loss=0.093393, patches=31
SRD step 1350: evaluated 32 candidates, 0 promising, accepted 0
  Total patches: 31, total adds: 15, total deletes: 4
  step 1350/2000: loss=0.094869, patches=31
SRD step 1400: evaluated 32 candidates, 0 promising, accepted 0
  Total patches: 31, total adds: 15, total deletes: 4
  step 1400/2000: loss=0.094994, patches=31
SRD step 1450: evaluated 32 candidates, 0 promising, accepted 0
  Total patches: 31, total adds: 15, total deletes: 4
  step 1450/2000: loss=0.088359, patches=31
SRD step 1500: evaluated 32 candidates, 0 promising, accepted 0
  Total patches: 31, total adds: 15, total deletes: 4
  step 1500/2000: loss=0.087667, patches=31
SRD step 1550: evaluated 32 candidates, 0 promising, accepted 0
  Total patches: 31, total adds: 15, total deletes: 4
  step 1550/2000: loss=0.087831, patches=31
SRD step 1600: evaluated 32 candidates, 0 promising, accepted 0
  Total patches: 31, total adds: 15, total deletes: 4
  step 1600/2000: loss=0.087050, patches=31
SRD step 1650: evaluated 32 candidates, 0 promising, accepted 0
  Total patches: 31, total adds: 15, total deletes: 4
  step 1650/2000: loss=0.088056, patches=31
SRD step 1700: evaluated 32 candidates, 0 promising, accepted 0
  Total patches: 31, total adds: 15, total deletes: 4
  step 1700/2000: loss=0.089449, patches=31
SRD step 1750: evaluated 32 candidates, 0 promising, accepted 0
  Total patches: 31, total adds: 15, total deletes: 4
  step 1750/2000: loss=0.092164, patches=31
SRD step 1800: evaluated 32 candidates, 0 promising, accepted 0
  Total patches: 31, total adds: 15, total deletes: 4
  step 1800/2000: loss=0.090917, patches=31
SRD step 1850: evaluated 32 candidates, 0 promising, accepted 0
  Total patches: 31, total adds: 15, total deletes: 4
  step 1850/2000: loss=0.090585, patches=31
SRD step 1900: evaluated 32 candidates, 0 promising, accepted 0
  Total patches: 31, total adds: 15, total deletes: 4
  step 1900/2000: loss=0.091157, patches=31
SRD step 1950: evaluated 32 candidates, 0 promising, accepted 0
  Total patches: 31, total adds: 15, total deletes: 4
  step 1950/2000: loss=0.091453, patches=31
SRD step 2000: evaluated 32 candidates, 0 promising, accepted 0
  Total patches: 31, total adds: 15, total deletes: 4
  step 2000/2000: loss=0.094840, patches=31
[SRD rewrite] deleted patch=6, position=(-0.854, -0.387, 0.217), reason=final deletion pass improved loss
[SRD rewrite] deleted patch=17, position=(-0.661, -0.604, 1.438), reason=final deletion pass improved loss
[SRD rewrite] deleted patch=22, position=(-0.704, -0.479, -2.312), reason=final deletion pass improved loss
[SRD rewrite] deleted patch=22, position=(-0.798, -1.956, -2.376), reason=final deletion pass improved loss
[SRD rewrite] deleted patch=26, position=(0.738, 0.708, -1.953), reason=final deletion pass improved loss
[Trial 3] done: loss=0.093302, time=20336.7s
[Run] report written to results/slurm/20260719_2351/ablation_sun_moon_ablation/output.txt
