## SLURM PROLOG ###############################################################
##    Job ID : 4093835
##  Job Name : 20260718_1833_patchsize_sun_moon_10
##  Nodelist : gpu2101
##      CPUs : 
##  Mem/Node : 128000 MB
## Directory : /oscar/home/cjmok/automated-perspective-sculptor
##   Job Started : Sat Jul 18 09:46:20 PM EDT 2026
###############################################################################
[Swept volume] building (resolution=256)...
[Run] mode=full, trials=3, seeds=[0, 1, 2], steps=1000, srd=True, ablation_flags={'disable_swept_volume_adds': False, 'loss_only_deletion': False, 'disable_splitting': False}
[Trial 1/3] seed=0
[Patch] mapbox-earcut is not installed; falling back to fan fill, so non-convex pieces will render incorrectly. Install it with: pip install mapbox-earcut
[SRD rewrite] split patch=4, children=9,10, improvement=0.023304
[SRD rewrite] added patch=11, position=(-0.408, -0.087, 1.377), improvement=0.014433
[SRD rewrite] added patch=12, position=(-0.321, -0.227, 1.269), improvement=0.013981
SRD step 50: evaluated 27 candidates, 19 promising, accepted 3
  Accepted SplitPatch(4) at patch 4, improvement=0.023304
  Accepted AddPatch at patch 11, improvement=0.014433
  Accepted AddPatch at patch 12, improvement=0.013981
  Total patches: 13, total adds: 3, total deletes: 0
  step 50/1000: loss=0.520624, patches=10
[SRD rewrite] deleted patch=10, position=(-1.732, 0.705, 0.763), reason=Area 0.004895 below minimum 0.01
[SRD rewrite] deleted patch=9, position=(-1.622, 0.640, 0.522), reason=Area 0.000844 below minimum 0.01
[SRD rewrite] added patch=11, position=(-0.687, -0.879, 0.658), improvement=0.009521
[SRD rewrite] added patch=12, position=(-0.556, -0.349, 0.977), improvement=0.009388
[SRD rewrite] added patch=13, position=(-0.641, -0.109, 1.497), improvement=0.009117
SRD step 100: evaluated 27 candidates, 18 promising, accepted 5
  Accepted AddPatch at patch 11, improvement=0.009521
  Accepted AddPatch at patch 12, improvement=0.009388
  Accepted AddPatch at patch 13, improvement=0.009117
  Mandatory DeletePatch(9) at patch 9, reason=Area 0.000844 below minimum 0.01
  Mandatory DeletePatch(10) at patch 10, reason=Area 0.004895 below minimum 0.01
  Total patches: 14, total adds: 6, total deletes: 2
  step 100/1000: loss=0.397605, patches=13
[SRD rewrite] deleted patch=13, position=(-0.653, -0.131, 1.532), reason=Area 0.003462 below minimum 0.01
[SRD rewrite] deleted patch=12, position=(-0.580, -0.401, 0.880), reason=Area 0.005727 below minimum 0.01
[SRD rewrite] added patch=12, position=(-0.683, 0.963, 0.225), improvement=0.001896
[SRD rewrite] added patch=13, position=(-0.388, -0.437, 1.223), improvement=0.000741
[SRD rewrite] added patch=14, position=(-0.684, -0.060, 1.246), improvement=0.000520
SRD step 150: evaluated 27 candidates, 7 promising, accepted 5
  Accepted AddPatch at patch 12, improvement=0.001896
  Accepted AddPatch at patch 13, improvement=0.000741
  Accepted AddPatch at patch 14, improvement=0.000520
  Mandatory DeletePatch(12) at patch 12, reason=Area 0.005727 below minimum 0.01
  Mandatory DeletePatch(13) at patch 13, reason=Area 0.003462 below minimum 0.01
  Total patches: 15, total adds: 9, total deletes: 4
  step 150/1000: loss=0.336450, patches=14
[SRD rewrite] deleted patch=14, position=(-0.705, 0.022, 1.155), reason=Area 0.003562 below minimum 0.01
[SRD rewrite] deleted patch=13, position=(-0.461, -0.478, 1.390), reason=Area 0.005925 below minimum 0.01
[SRD rewrite] added patch=13, position=(0.639, -0.206, 1.284), improvement=0.001807
[SRD rewrite] restored patch=14, position=(-0.705, 0.022, 1.155), improvement=0.001709
[SRD rewrite] added patch=15, position=(0.697, -0.198, 0.749), improvement=0.001561
SRD step 200: evaluated 27 candidates, 10 promising, accepted 5
  Accepted AddPatch at patch 13, improvement=0.001807
  Accepted RestorePatch(5) at patch 14, improvement=0.001709
  Accepted AddPatch at patch 15, improvement=0.001561
  Mandatory DeletePatch(13) at patch 13, reason=Area 0.005925 below minimum 0.01
  Mandatory DeletePatch(14) at patch 14, reason=Area 0.003562 below minimum 0.01
  Total patches: 16, total adds: 12, total deletes: 6
  step 200/1000: loss=0.294754, patches=15
[SRD rewrite] deleted patch=15, position=(0.781, -0.093, 0.682), reason=Area 0.000327 below minimum 0.01
[SRD rewrite] deleted patch=14, position=(-0.695, 0.008, 1.137), reason=Area 0.001489 below minimum 0.01
[SRD rewrite] deleted patch=13, position=(0.644, -0.147, 1.295), reason=Area 0.005280 below minimum 0.01
SRD step 250: evaluated 27 candidates, 0 promising, accepted 3
  Mandatory DeletePatch(13) at patch 13, reason=Area 0.005280 below minimum 0.01
  Mandatory DeletePatch(14) at patch 14, reason=Area 0.001489 below minimum 0.01
  Mandatory DeletePatch(15) at patch 15, reason=Area 0.000327 below minimum 0.01
  Total patches: 13, total adds: 12, total deletes: 9
  step 250/1000: loss=0.272128, patches=16
[SRD rewrite] added patch=13, position=(-1.195, 0.014, 1.299), improvement=0.002068
[SRD rewrite] added patch=14, position=(0.699, -0.930, 0.563), improvement=0.001309
[SRD rewrite] added patch=15, position=(-1.084, 0.466, 0.903), improvement=0.001292
SRD step 300: evaluated 27 candidates, 9 promising, accepted 3
  Accepted AddPatch at patch 13, improvement=0.002068
  Accepted AddPatch at patch 14, improvement=0.001309
  Accepted AddPatch at patch 15, improvement=0.001292
  Total patches: 16, total adds: 15, total deletes: 9
  step 300/1000: loss=0.265927, patches=13
[SRD rewrite] added patch=16, position=(1.352, 0.005, 0.861), improvement=0.001164
[SRD rewrite] restored patch=17, position=(0.644, -0.147, 1.295), improvement=0.000725
[SRD rewrite] added patch=18, position=(-1.094, -0.481, 0.749), improvement=0.000705
SRD step 350: evaluated 27 candidates, 9 promising, accepted 3
  Accepted AddPatch at patch 16, improvement=0.001164
  Accepted RestorePatch(8) at patch 17, improvement=0.000725
  Accepted AddPatch at patch 18, improvement=0.000705
  Total patches: 19, total adds: 18, total deletes: 9
  step 350/1000: loss=0.237339, patches=16
[SRD rewrite] added patch=19, position=(-0.102, 1.179, 0.155), improvement=0.002076
[SRD rewrite] added patch=20, position=(-0.033, 1.158, 0.657), improvement=0.001789
[SRD rewrite] restored patch=21, position=(-0.695, 0.008, 1.137), improvement=0.000207
SRD step 400: evaluated 27 candidates, 5 promising, accepted 3
  Accepted AddPatch at patch 19, improvement=0.002076
  Accepted AddPatch at patch 20, improvement=0.001789
  Accepted RestorePatch(7) at patch 21, improvement=0.000207
  Total patches: 22, total adds: 21, total deletes: 9
  step 400/1000: loss=0.207820, patches=19
[SRD rewrite] deleted patch=21, position=(-0.710, 0.132, 1.273), reason=Area 0.000591 below minimum 0.01
[SRD rewrite] deleted patch=17, position=(0.695, -0.027, 1.301), reason=Area 0.008837 below minimum 0.01
SRD step 450: evaluated 27 candidates, 0 promising, accepted 2
  Mandatory DeletePatch(17) at patch 17, reason=Area 0.008837 below minimum 0.01
  Mandatory DeletePatch(21) at patch 21, reason=Area 0.000591 below minimum 0.01
  Total patches: 20, total adds: 21, total deletes: 11
  step 450/1000: loss=0.175962, patches=22
[SRD rewrite] restored patch=20, position=(0.695, -0.027, 1.301), improvement=0.001288
[SRD rewrite] added patch=21, position=(0.420, 0.618, 0.428), improvement=0.001188
[SRD rewrite] added patch=22, position=(-0.593, 0.303, 1.080), improvement=0.000925
SRD step 500: evaluated 27 candidates, 6 promising, accepted 3
  Accepted RestorePatch(8) at patch 20, improvement=0.001288
  Accepted AddPatch at patch 21, improvement=0.001188
  Accepted AddPatch at patch 22, improvement=0.000925
  Total patches: 23, total adds: 24, total deletes: 11
  step 500/1000: loss=0.162206, patches=20
[SRD rewrite] deleted patch=22, position=(-0.642, 0.324, 1.201), reason=Area 0.000233 below minimum 0.01
[SRD rewrite] deleted patch=21, position=(0.363, 0.652, 0.481), reason=Area 0.004761 below minimum 0.01
[SRD rewrite] deleted patch=20, position=(0.728, 0.015, 1.298), reason=Area 0.009702 below minimum 0.01
SRD step 550: evaluated 27 candidates, 0 promising, accepted 3
  Mandatory DeletePatch(20) at patch 20, reason=Area 0.009702 below minimum 0.01
  Mandatory DeletePatch(21) at patch 21, reason=Area 0.004761 below minimum 0.01
  Mandatory DeletePatch(22) at patch 22, reason=Area 0.000233 below minimum 0.01
  Total patches: 20, total adds: 24, total deletes: 14
  step 550/1000: loss=0.138463, patches=23
[SRD rewrite] deleted patch=10, position=(-0.632, 0.164, 1.535), reason=Area 0.005962 below minimum 0.01
SRD step 600: evaluated 27 candidates, 0 promising, accepted 1
  Mandatory DeletePatch(10) at patch 10, reason=Area 0.005962 below minimum 0.01
  Total patches: 19, total adds: 24, total deletes: 15
  step 600/1000: loss=0.131804, patches=20
[SRD rewrite] deleted patch=9, position=(-0.530, 0.372, 1.487), reason=Area 0.002780 below minimum 0.01
SRD step 650: evaluated 27 candidates, 0 promising, accepted 1
  Mandatory DeletePatch(9) at patch 9, reason=Area 0.002780 below minimum 0.01
  Total patches: 18, total adds: 24, total deletes: 16
  step 650/1000: loss=0.119280, patches=19
SRD step 700: evaluated 27 candidates, 0 promising, accepted 0
  Total patches: 18, total adds: 24, total deletes: 16
  step 700/1000: loss=0.115850, patches=18
[SRD rewrite] deleted patch=2, position=(0.714, 0.341, 0.346), reason=Area 0.005509 below minimum 0.01
SRD step 750: evaluated 27 candidates, 0 promising, accepted 1
  Mandatory DeletePatch(2) at patch 2, reason=Area 0.005509 below minimum 0.01
  Total patches: 17, total adds: 24, total deletes: 17
  step 750/1000: loss=0.122723, patches=18
SRD step 800: evaluated 27 candidates, 0 promising, accepted 0
  Total patches: 17, total adds: 24, total deletes: 17
  step 800/1000: loss=0.107034, patches=17
SRD step 850: evaluated 27 candidates, 0 promising, accepted 0
  Total patches: 17, total adds: 24, total deletes: 17
  step 850/1000: loss=0.105405, patches=17
SRD step 900: evaluated 27 candidates, 0 promising, accepted 0
  Total patches: 17, total adds: 24, total deletes: 17
  step 900/1000: loss=0.101812, patches=17
[SRD rewrite] deleted patch=16, position=(-0.041, 1.217, 0.876), reason=delete has no image effect
SRD step 950: evaluated 27 candidates, 0 promising, accepted 1
  Mandatory DeletePatch(16) at patch 16, reason=delete has no image effect
  Total patches: 16, total adds: 24, total deletes: 18
  step 950/1000: loss=0.097816, patches=17
SRD step 1000: evaluated 27 candidates, 0 promising, accepted 0
  Total patches: 16, total adds: 24, total deletes: 18
  step 1000/1000: loss=0.098566, patches=16
[Trial 1] done: loss=0.098903, time=3256.4s
[Trial 2/3] seed=1
[SRD rewrite] split patch=0, children=9,10, improvement=0.027166
[SRD rewrite] added patch=11, position=(0.250, -0.399, 0.959), improvement=0.015629
[SRD rewrite] added patch=12, position=(0.199, -0.350, 1.011), improvement=0.014893
SRD step 50: evaluated 27 candidates, 17 promising, accepted 3
  Accepted SplitPatch(0) at patch 0, improvement=0.027166
  Accepted AddPatch at patch 11, improvement=0.015629
  Accepted AddPatch at patch 12, improvement=0.014893
  Total patches: 13, total adds: 3, total deletes: 0
  step 50/1000: loss=0.581377, patches=10
[SRD rewrite] deleted patch=12, position=(0.228, -0.391, 1.144), reason=Area 0.008257 below minimum 0.01
[SRD rewrite] deleted patch=10, position=(-0.016, -1.426, 0.832), reason=Area 0.000815 below minimum 0.01
[SRD rewrite] deleted patch=9, position=(0.040, -1.573, 0.902), reason=Area 0.003765 below minimum 0.01
[SRD rewrite] split patch=2, children=9,10, improvement=0.018494
[SRD rewrite] added patch=11, position=(-0.695, -0.205, 0.775), improvement=0.011786
[SRD rewrite] added patch=12, position=(0.030, -0.485, 0.786), improvement=0.011376
SRD step 100: evaluated 27 candidates, 23 promising, accepted 6
  Accepted SplitPatch(2) at patch 2, improvement=0.018494
  Accepted AddPatch at patch 11, improvement=0.011786
  Accepted AddPatch at patch 12, improvement=0.011376
  Mandatory DeletePatch(9) at patch 9, reason=Area 0.003765 below minimum 0.01
  Mandatory DeletePatch(10) at patch 10, reason=Area 0.000815 below minimum 0.01
  Mandatory DeletePatch(12) at patch 12, reason=Area 0.008257 below minimum 0.01
  Total patches: 13, total adds: 6, total deletes: 3
  step 100/1000: loss=0.431818, patches=13
[SRD rewrite] deleted patch=12, position=(0.074, -0.666, 0.845), reason=Area 0.004541 below minimum 0.01
[SRD rewrite] deleted patch=11, position=(-0.756, -0.240, 0.715), reason=Area 0.000411 below minimum 0.01
[SRD rewrite] deleted patch=10, position=(-0.291, 0.859, -1.252), reason=Area 0.003213 below minimum 0.01
[SRD rewrite] deleted patch=9, position=(-0.042, 0.965, -1.349), reason=Area 0.001494 below minimum 0.01
SRD step 150: evaluated 27 candidates, 0 promising, accepted 4
  Mandatory DeletePatch(9) at patch 9, reason=Area 0.001494 below minimum 0.01
  Mandatory DeletePatch(10) at patch 10, reason=Area 0.003213 below minimum 0.01
  Mandatory DeletePatch(11) at patch 11, reason=Area 0.000411 below minimum 0.01
  Mandatory DeletePatch(12) at patch 12, reason=Area 0.004541 below minimum 0.01
  Total patches: 9, total adds: 6, total deletes: 7
  step 150/1000: loss=0.342778, patches=13
[SRD rewrite] deleted patch=8, position=(0.165, -0.750, 1.261), reason=Area 0.009305 below minimum 0.01
[SRD rewrite] added patch=8, position=(-0.631, 0.827, 1.174), improvement=0.005417
[SRD rewrite] added patch=9, position=(-0.730, 1.033, 0.205), improvement=0.004103
[SRD rewrite] added patch=10, position=(-0.973, 0.452, 1.792), improvement=0.002468
SRD step 200: evaluated 27 candidates, 17 promising, accepted 4
  Accepted AddPatch at patch 8, improvement=0.005417
  Accepted AddPatch at patch 9, improvement=0.004103
  Accepted AddPatch at patch 10, improvement=0.002468
  Mandatory DeletePatch(8) at patch 8, reason=Area 0.009305 below minimum 0.01
  Total patches: 11, total adds: 9, total deletes: 8
  step 200/1000: loss=0.315689, patches=9
[SRD rewrite] deleted patch=10, position=(-0.902, 0.405, 1.668), reason=Area 0.005279 below minimum 0.01
[SRD rewrite] added patch=10, position=(-0.616, -0.856, 0.857), improvement=0.003354
[SRD rewrite] added patch=11, position=(-1.094, -0.495, 0.655), improvement=0.002877
[SRD rewrite] added patch=12, position=(-0.035, -1.008, 1.014), improvement=0.002068
SRD step 250: evaluated 27 candidates, 17 promising, accepted 4
  Accepted AddPatch at patch 10, improvement=0.003354
  Accepted AddPatch at patch 11, improvement=0.002877
  Accepted AddPatch at patch 12, improvement=0.002068
  Mandatory DeletePatch(10) at patch 10, reason=Area 0.005279 below minimum 0.01
  Total patches: 13, total adds: 12, total deletes: 9
  step 250/1000: loss=0.292059, patches=11
[SRD rewrite] added patch=13, position=(1.084, 0.556, 0.975), improvement=0.003197
[SRD rewrite] added patch=14, position=(0.741, -0.988, 0.154), improvement=0.003133
[SRD rewrite] added patch=15, position=(-0.642, -0.856, 1.310), improvement=0.002919
SRD step 300: evaluated 27 candidates, 17 promising, accepted 3
  Accepted AddPatch at patch 13, improvement=0.003197
  Accepted AddPatch at patch 14, improvement=0.003133
  Accepted AddPatch at patch 15, improvement=0.002919
  Total patches: 16, total adds: 15, total deletes: 9
  step 300/1000: loss=0.260869, patches=13
[SRD rewrite] deleted patch=15, position=(-0.641, -0.852, 1.322), reason=Area 0.000675 below minimum 0.01
[SRD rewrite] added patch=15, position=(0.638, -0.880, 0.622), improvement=0.001664
[SRD rewrite] added patch=16, position=(-0.644, -0.905, 0.632), improvement=0.001414
[SRD rewrite] added patch=17, position=(0.755, -0.952, 0.031), improvement=0.001096
SRD step 350: evaluated 27 candidates, 7 promising, accepted 4
  Accepted AddPatch at patch 15, improvement=0.001664
  Accepted AddPatch at patch 16, improvement=0.001414
  Accepted AddPatch at patch 17, improvement=0.001096
  Mandatory DeletePatch(15) at patch 15, reason=Area 0.000675 below minimum 0.01
  Total patches: 18, total adds: 18, total deletes: 10
  step 350/1000: loss=0.208801, patches=16
[SRD rewrite] deleted patch=17, position=(0.776, -0.986, -0.066), reason=Area 0.001321 below minimum 0.01
[SRD rewrite] deleted patch=15, position=(0.637, -0.936, 0.591), reason=Area 0.009949 below minimum 0.01
SRD step 400: evaluated 27 candidates, 0 promising, accepted 2
  Mandatory DeletePatch(15) at patch 15, reason=Area 0.009949 below minimum 0.01
  Mandatory DeletePatch(17) at patch 17, reason=Area 0.001321 below minimum 0.01
  Total patches: 16, total adds: 18, total deletes: 12
  step 400/1000: loss=0.191281, patches=18
[SRD rewrite] deleted patch=12, position=(-0.139, -1.005, 1.102), reason=Area 0.004345 below minimum 0.01
SRD step 450: evaluated 27 candidates, 0 promising, accepted 1
  Mandatory DeletePatch(12) at patch 12, reason=Area 0.004345 below minimum 0.01
  Total patches: 15, total adds: 18, total deletes: 13
  step 450/1000: loss=0.187451, patches=16
SRD step 500: evaluated 27 candidates, 0 promising, accepted 0
  Total patches: 15, total adds: 18, total deletes: 13
  step 500/1000: loss=0.183795, patches=15
[SRD rewrite] deleted patch=2, position=(0.211, -2.687, -1.302), reason=no image contribution, delete has no image effect
[SRD rewrite] added patch=14, position=(-1.089, 0.545, 0.910), improvement=0.000450
[SRD rewrite] added patch=15, position=(-1.056, 0.497, 0.575), improvement=0.000405
[SRD rewrite] added patch=16, position=(-1.286, 0.016, 1.035), improvement=0.000254
SRD step 550: evaluated 27 candidates, 3 promising, accepted 4
  Accepted AddPatch at patch 14, improvement=0.000450
  Accepted AddPatch at patch 15, improvement=0.000405
  Accepted AddPatch at patch 16, improvement=0.000254
  Mandatory DeletePatch(2) at patch 2, reason=no image contribution, delete has no image effect
  Total patches: 17, total adds: 21, total deletes: 14
  step 550/1000: loss=0.182076, patches=15
SRD step 600: evaluated 27 candidates, 0 promising, accepted 0
  Total patches: 17, total adds: 21, total deletes: 14
  step 600/1000: loss=0.151709, patches=17
SRD step 650: evaluated 27 candidates, 0 promising, accepted 0
  Total patches: 17, total adds: 21, total deletes: 14
  step 650/1000: loss=0.142869, patches=17
[SRD rewrite] deleted patch=9, position=(-0.559, -0.763, 1.363), reason=Area 0.007543 below minimum 0.01
[SRD rewrite] deleted patch=7, position=(-0.568, 0.790, 1.358), reason=Area 0.007970 below minimum 0.01
SRD step 700: evaluated 27 candidates, 0 promising, accepted 2
  Mandatory DeletePatch(7) at patch 7, reason=Area 0.007970 below minimum 0.01
  Mandatory DeletePatch(9) at patch 9, reason=Area 0.007543 below minimum 0.01
  Total patches: 15, total adds: 21, total deletes: 16
  step 700/1000: loss=0.137381, patches=17
[SRD rewrite] deleted patch=6, position=(-0.054, 1.406, 0.736), reason=Area 0.004183 below minimum 0.01
SRD step 750: evaluated 27 candidates, 0 promising, accepted 1
  Mandatory DeletePatch(6) at patch 6, reason=Area 0.004183 below minimum 0.01
  Total patches: 14, total adds: 21, total deletes: 17
  step 750/1000: loss=0.138464, patches=15
SRD step 800: evaluated 27 candidates, 0 promising, accepted 0
  Total patches: 14, total adds: 21, total deletes: 17
  step 800/1000: loss=0.133635, patches=14
SRD step 850: evaluated 27 candidates, 0 promising, accepted 0
  Total patches: 14, total adds: 21, total deletes: 17
  step 850/1000: loss=0.132034, patches=14
SRD step 900: evaluated 27 candidates, 0 promising, accepted 0
  Total patches: 14, total adds: 21, total deletes: 17
  step 900/1000: loss=0.129071, patches=14
SRD step 950: evaluated 27 candidates, 0 promising, accepted 0
  Total patches: 14, total adds: 21, total deletes: 17
  step 950/1000: loss=0.128342, patches=14
SRD step 1000: evaluated 27 candidates, 0 promising, accepted 0
  Total patches: 14, total adds: 21, total deletes: 17
  step 1000/1000: loss=0.128598, patches=14
[SRD rewrite] deleted patch=2, position=(-0.104, -1.172, -2.177), reason=final deletion pass improved loss
[Trial 2] done: loss=0.126575, time=2756.0s
[Trial 3/3] seed=2
[SRD rewrite] added patch=10, position=(-0.025, 0.283, 1.206), improvement=0.023041
[SRD rewrite] added patch=11, position=(-0.001, -0.112, 1.363), improvement=0.022763
[SRD rewrite] added patch=12, position=(-0.110, 0.263, 1.330), improvement=0.022728
SRD step 50: evaluated 27 candidates, 27 promising, accepted 3
  Accepted AddPatch at patch 10, improvement=0.023041
  Accepted AddPatch at patch 11, improvement=0.022763
  Accepted AddPatch at patch 12, improvement=0.022728
  Total patches: 13, total adds: 3, total deletes: 0
  step 50/1000: loss=0.489395, patches=10
[SRD rewrite] added patch=13, position=(-0.739, 1.032, 0.311), improvement=0.009913
[SRD rewrite] added patch=14, position=(-0.242, -0.396, 1.179), improvement=0.009545
[SRD rewrite] added patch=15, position=(0.636, -0.210, 1.260), improvement=0.008999
SRD step 100: evaluated 27 candidates, 23 promising, accepted 3
  Accepted AddPatch at patch 13, improvement=0.009913
  Accepted AddPatch at patch 14, improvement=0.009545
  Accepted AddPatch at patch 15, improvement=0.008999
  Total patches: 16, total adds: 6, total deletes: 0
  step 100/1000: loss=0.343956, patches=13
[SRD rewrite] deleted patch=13, position=(-0.754, 1.092, 0.343), reason=Area 0.004351 below minimum 0.01
[SRD rewrite] deleted patch=12, position=(-0.248, 0.472, 1.395), reason=Area 0.003685 below minimum 0.01
[SRD rewrite] added patch=14, position=(0.048, -0.467, 1.149), improvement=0.001604
[SRD rewrite] added patch=15, position=(0.038, -0.423, 0.852), improvement=0.001216
[SRD rewrite] added patch=16, position=(-0.026, -0.405, 0.930), improvement=0.000781
SRD step 150: evaluated 27 candidates, 5 promising, accepted 5
  Accepted AddPatch at patch 14, improvement=0.001604
  Accepted AddPatch at patch 15, improvement=0.001216
  Accepted AddPatch at patch 16, improvement=0.000781
  Mandatory DeletePatch(12) at patch 12, reason=Area 0.003685 below minimum 0.01
  Mandatory DeletePatch(13) at patch 13, reason=Area 0.004351 below minimum 0.01
  Total patches: 17, total adds: 9, total deletes: 2
  step 150/1000: loss=0.275794, patches=16
[SRD rewrite] deleted patch=16, position=(0.032, -0.471, 1.065), reason=Area 0.007758 below minimum 0.01
[SRD rewrite] deleted patch=15, position=(0.139, -0.395, 0.893), reason=Area 0.001289 below minimum 0.01
[SRD rewrite] deleted patch=11, position=(0.281, 0.149, 1.380), reason=Area 0.000970 below minimum 0.01
SRD step 200: evaluated 27 candidates, 0 promising, accepted 3
  Mandatory DeletePatch(11) at patch 11, reason=Area 0.000970 below minimum 0.01
  Mandatory DeletePatch(15) at patch 15, reason=Area 0.001289 below minimum 0.01
  Mandatory DeletePatch(16) at patch 16, reason=Area 0.007758 below minimum 0.01
  Total patches: 14, total adds: 9, total deletes: 5
  step 200/1000: loss=0.240255, patches=17
[SRD rewrite] added patch=14, position=(0.126, 0.562, 0.778), improvement=0.000225
[SRD rewrite] added patch=15, position=(0.504, 0.443, 1.316), improvement=0.000157
[SRD rewrite] restored patch=16, position=(-0.754, 1.092, 0.343), improvement=0.000124
SRD step 250: evaluated 27 candidates, 5 promising, accepted 3
  Accepted AddPatch at patch 14, improvement=0.000225
  Accepted AddPatch at patch 15, improvement=0.000157
  Accepted RestorePatch(0) at patch 16, improvement=0.000124
  Total patches: 17, total adds: 12, total deletes: 5
  step 250/1000: loss=0.231422, patches=14
[SRD rewrite] deleted patch=16, position=(-0.755, 1.088, 0.322), reason=Area 0.003164 below minimum 0.01
[SRD rewrite] deleted patch=14, position=(0.185, 0.668, 0.853), reason=Area 0.001218 below minimum 0.01
SRD step 300: evaluated 27 candidates, 0 promising, accepted 2
  Mandatory DeletePatch(14) at patch 14, reason=Area 0.001218 below minimum 0.01
  Mandatory DeletePatch(16) at patch 16, reason=Area 0.003164 below minimum 0.01
  Total patches: 15, total adds: 12, total deletes: 7
  step 300/1000: loss=0.205964, patches=17
[SRD rewrite] added patch=15, position=(1.286, -0.007, 0.946), improvement=0.000320
[SRD rewrite] added patch=16, position=(0.625, -0.895, 0.688), improvement=0.000010
SRD step 350: evaluated 27 candidates, 2 promising, accepted 2
  Accepted AddPatch at patch 15, improvement=0.000320
  Accepted AddPatch at patch 16, improvement=0.000010
  Total patches: 17, total adds: 14, total deletes: 7
  step 350/1000: loss=0.206464, patches=15
[SRD rewrite] deleted patch=10, position=(0.058, 0.709, 1.259), reason=Area 0.004708 below minimum 0.01
SRD step 400: evaluated 27 candidates, 0 promising, accepted 1
  Mandatory DeletePatch(10) at patch 10, reason=Area 0.004708 below minimum 0.01
  Total patches: 16, total adds: 14, total deletes: 8
  step 400/1000: loss=0.187625, patches=17
[SRD rewrite] added patch=16, position=(0.760, 1.161, -0.524), improvement=0.000223
[SRD rewrite] added patch=17, position=(0.011, 1.308, -0.639), improvement=0.000176
[SRD rewrite] added patch=18, position=(-0.633, -0.872, 0.260), improvement=0.000063
SRD step 450: evaluated 27 candidates, 4 promising, accepted 3
  Accepted AddPatch at patch 16, improvement=0.000223
  Accepted AddPatch at patch 17, improvement=0.000176
  Accepted AddPatch at patch 18, improvement=0.000063
  Total patches: 19, total adds: 17, total deletes: 8
  step 450/1000: loss=0.183612, patches=16
[SRD rewrite] deleted patch=18, position=(-0.680, -0.821, 0.164), reason=Area 0.008606 below minimum 0.01
[SRD rewrite] deleted patch=10, position=(-0.266, -0.691, 1.322), reason=Area 0.004926 below minimum 0.01
SRD step 500: evaluated 27 candidates, 0 promising, accepted 2
  Mandatory DeletePatch(10) at patch 10, reason=Area 0.004926 below minimum 0.01
  Mandatory DeletePatch(18) at patch 18, reason=Area 0.008606 below minimum 0.01
  Total patches: 17, total adds: 17, total deletes: 10
  step 500/1000: loss=0.169354, patches=19
[SRD rewrite] deleted patch=10, position=(0.651, -0.136, 1.278), reason=Area 0.008188 below minimum 0.01
SRD step 550: evaluated 27 candidates, 0 promising, accepted 1
  Mandatory DeletePatch(10) at patch 10, reason=Area 0.008188 below minimum 0.01
  Total patches: 16, total adds: 17, total deletes: 11
  step 550/1000: loss=0.163643, patches=17
[SRD rewrite] deleted patch=14, position=(0.776, 1.446, -0.364), reason=Area 0.009888 below minimum 0.01
SRD step 600: evaluated 27 candidates, 0 promising, accepted 1
  Mandatory DeletePatch(14) at patch 14, reason=Area 0.009888 below minimum 0.01
  Total patches: 15, total adds: 17, total deletes: 12
  step 600/1000: loss=0.161574, patches=16
[SRD rewrite] deleted patch=11, position=(0.503, 0.558, 1.248), reason=Area 0.003633 below minimum 0.01
SRD step 650: evaluated 27 candidates, 0 promising, accepted 1
  Mandatory DeletePatch(11) at patch 11, reason=Area 0.003633 below minimum 0.01
  Total patches: 14, total adds: 17, total deletes: 13
  step 650/1000: loss=0.158687, patches=15
[SRD rewrite] added patch=14, position=(-0.552, -0.837, 1.247), improvement=0.000356
[SRD rewrite] added patch=15, position=(-0.619, -0.913, 1.258), improvement=0.000267
SRD step 700: evaluated 27 candidates, 2 promising, accepted 2
  Accepted AddPatch at patch 14, improvement=0.000356
  Accepted AddPatch at patch 15, improvement=0.000267
  Total patches: 16, total adds: 19, total deletes: 13
  step 700/1000: loss=0.152036, patches=14
[SRD rewrite] deleted patch=15, position=(-0.623, -0.912, 1.263), reason=Area 0.005794 below minimum 0.01
SRD step 750: evaluated 27 candidates, 0 promising, accepted 1
  Mandatory DeletePatch(15) at patch 15, reason=Area 0.005794 below minimum 0.01
  Total patches: 15, total adds: 19, total deletes: 14
  step 750/1000: loss=0.134321, patches=16
[SRD rewrite] deleted patch=10, position=(0.557, -0.540, 1.258), reason=Area 0.005097 below minimum 0.01
SRD step 800: evaluated 27 candidates, 0 promising, accepted 1
  Mandatory DeletePatch(10) at patch 10, reason=Area 0.005097 below minimum 0.01
  Total patches: 14, total adds: 19, total deletes: 15
  step 800/1000: loss=0.133029, patches=15
[SRD rewrite] deleted patch=3, position=(0.822, 0.134, 0.307), reason=Area 0.008205 below minimum 0.01
SRD step 850: evaluated 27 candidates, 0 promising, accepted 1
  Mandatory DeletePatch(3) at patch 3, reason=Area 0.008205 below minimum 0.01
  Total patches: 13, total adds: 19, total deletes: 16
  step 850/1000: loss=0.134101, patches=14
SRD step 900: evaluated 27 candidates, 0 promising, accepted 0
  Total patches: 13, total adds: 19, total deletes: 16
  step 900/1000: loss=0.134286, patches=13
SRD step 950: evaluated 27 candidates, 0 promising, accepted 0
  Total patches: 13, total adds: 19, total deletes: 16
  step 950/1000: loss=0.133849, patches=13
SRD step 1000: evaluated 27 candidates, 0 promising, accepted 0
  Total patches: 13, total adds: 19, total deletes: 16
  step 1000/1000: loss=0.133626, patches=13
[Trial 3] done: loss=0.133139, time=2985.3s
[Run] report written to results/slurm/20260718_1833/patchsize_sun_moon_10/patches_10/with_srd/with_srd.txt
[Swept volume] building (resolution=256)...
[Run] mode=full, trials=3, seeds=[0, 1, 2], steps=1000, srd=False, ablation_flags={'disable_swept_volume_adds': True, 'loss_only_deletion': True, 'disable_splitting': False}
[Trial 1/3] seed=0
[Patch] mapbox-earcut is not installed; falling back to fan fill, so non-convex pieces will render incorrectly. Install it with: pip install mapbox-earcut
  step 50/1000: loss=0.520624, patches=10
  step 100/1000: loss=0.431047, patches=10
  step 150/1000: loss=0.368169, patches=10
  step 200/1000: loss=0.345610, patches=10
  step 250/1000: loss=0.338762, patches=10
  step 300/1000: loss=0.317899, patches=10
  step 350/1000: loss=0.309963, patches=10
  step 400/1000: loss=0.312191, patches=10
  step 450/1000: loss=0.311169, patches=10
  step 500/1000: loss=0.309483, patches=10
  step 550/1000: loss=0.317594, patches=10
  step 600/1000: loss=0.317714, patches=10
  step 650/1000: loss=0.312256, patches=10
  step 700/1000: loss=0.312144, patches=10
  step 750/1000: loss=0.311831, patches=10
  step 800/1000: loss=0.306966, patches=10
  step 850/1000: loss=0.310261, patches=10
  step 900/1000: loss=0.303061, patches=10
  step 950/1000: loss=0.299307, patches=10
  step 1000/1000: loss=0.296991, patches=10
[Trial 1] done: loss=0.296890, time=518.4s
[Trial 2/3] seed=1
  step 50/1000: loss=0.581377, patches=10
  step 100/1000: loss=0.464567, patches=10
  step 150/1000: loss=0.359568, patches=10
  step 200/1000: loss=0.338160, patches=10
  step 250/1000: loss=0.324592, patches=10
  step 300/1000: loss=0.301895, patches=10
  step 350/1000: loss=0.286876, patches=10
  step 400/1000: loss=0.279784, patches=10
  step 450/1000: loss=0.282685, patches=10
  step 500/1000: loss=0.268521, patches=10
  step 550/1000: loss=0.257204, patches=10
  step 600/1000: loss=0.253663, patches=10
  step 650/1000: loss=0.254713, patches=10
  step 700/1000: loss=0.250234, patches=10
  step 750/1000: loss=0.249704, patches=10
  step 800/1000: loss=0.252812, patches=10
  step 850/1000: loss=0.255371, patches=10
  step 900/1000: loss=0.256643, patches=10
  step 950/1000: loss=0.256992, patches=10
  step 1000/1000: loss=0.255800, patches=10
[Trial 2] done: loss=0.256078, time=499.9s
[Trial 3/3] seed=2
  step 50/1000: loss=0.489395, patches=10
  step 100/1000: loss=0.363075, patches=10
  step 150/1000: loss=0.317799, patches=10
  step 200/1000: loss=0.286820, patches=10
  step 250/1000: loss=0.266615, patches=10
  step 300/1000: loss=0.252839, patches=10
  step 350/1000: loss=0.242840, patches=10
  step 400/1000: loss=0.237222, patches=10
  step 450/1000: loss=0.234515, patches=10
  step 500/1000: loss=0.233639, patches=10
  step 550/1000: loss=0.232686, patches=10
  step 600/1000: loss=0.234321, patches=10
  step 650/1000: loss=0.233451, patches=10
  step 700/1000: loss=0.233759, patches=10
  step 750/1000: loss=0.229006, patches=10
  step 800/1000: loss=0.219738, patches=10
  step 850/1000: loss=0.217500, patches=10
  step 900/1000: loss=0.212241, patches=10
  step 950/1000: loss=0.206266, patches=10
  step 1000/1000: loss=0.199159, patches=10
[Trial 3] done: loss=0.199421, time=516.4s
[Run] report written to results/slurm/20260718_1833/patchsize_sun_moon_10/patches_10/without_srd/without_srd.txt

======================================================================
Running 3 trials WITH SRD
======================================================================


======================================================================
Running 3 trials WITHOUT SRD
======================================================================


[Comparison] report written to results/slurm/20260718_1833/patchsize_sun_moon_10/patches_10/comparison.txt

======================================================================
SRD Patch Size Comparison
======================================================================
Started: 2026-07-18T21:46:23
Patch sizes: [10]
Trials per size: 3
Steps per trial: 1000
Output directory: results/slurm/20260718_1833/patchsize_sun_moon_10
======================================================================


======================================================================
Running comparison with 10 initial patches
  Target 1: images/sun.png
  Target 2: images/moon.png
  Trials: 3, Steps: 1000
======================================================================

[OK] Comparison with 10 patches completed successfully

======================================================================
Comparison Summary
======================================================================
Successful: 1/1
Total time: 11233.5 seconds (3.12 hours)
Summary report: results/slurm/20260718_1833/patchsize_sun_moon_10/SUMMARY.txt
======================================================================

