## SLURM PROLOG ###############################################################
##    Job ID : 4093836
##  Job Name : 20260718_1833_patchsize_sun_moon_20
##  Nodelist : gpu2111
##      CPUs : 
##  Mem/Node : 128000 MB
## Directory : /oscar/home/cjmok/automated-perspective-sculptor
##   Job Started : Sat Jul 18 10:04:56 PM EDT 2026
###############################################################################
[Swept volume] building (resolution=256)...
[Run] mode=full, trials=3, seeds=[0, 1, 2], steps=1000, srd=True, ablation_flags={'disable_swept_volume_adds': False, 'loss_only_deletion': False, 'disable_splitting': False}
[Trial 1/3] seed=0
[Patch] mapbox-earcut is not installed; falling back to fan fill, so non-convex pieces will render incorrectly. Install it with: pip install mapbox-earcut
[SRD rewrite] added patch=20, position=(-0.587, 0.162, 1.174), improvement=0.021369
[SRD rewrite] added patch=21, position=(-0.139, -0.312, 1.144), improvement=0.020902
[SRD rewrite] added patch=22, position=(-0.030, -0.472, 1.083), improvement=0.020791
SRD step 50: evaluated 27 candidates, 27 promising, accepted 3
  Accepted AddPatch at patch 20, improvement=0.021369
  Accepted AddPatch at patch 21, improvement=0.020902
  Accepted AddPatch at patch 22, improvement=0.020791
  Total patches: 23, total adds: 3, total deletes: 0
  step 50/1000: loss=0.498827, patches=20
[SRD rewrite] added patch=23, position=(-0.622, 0.841, 0.937), improvement=0.007087
[SRD rewrite] added patch=24, position=(-0.374, -0.417, 0.977), improvement=0.006535
[SRD rewrite] added patch=25, position=(-0.692, -0.868, 0.659), improvement=0.006535
SRD step 100: evaluated 27 candidates, 25 promising, accepted 3
  Accepted AddPatch at patch 23, improvement=0.007087
  Accepted AddPatch at patch 24, improvement=0.006535
  Accepted AddPatch at patch 25, improvement=0.006535
  Total patches: 26, total adds: 6, total deletes: 0
  step 100/1000: loss=0.377971, patches=23
[SRD rewrite] deleted patch=24, position=(-0.461, -0.381, 0.821), reason=Area 0.004093 below minimum 0.01
[SRD rewrite] deleted patch=0, position=(0.705, 0.463, 1.863), reason=Area 0.007340 below minimum 0.01
[SRD rewrite] added patch=24, position=(-0.557, -0.439, 0.730), improvement=0.007362
[SRD rewrite] added patch=25, position=(-0.159, -0.219, 1.413), improvement=0.007329
[SRD rewrite] added patch=26, position=(-0.385, -0.437, 1.227), improvement=0.007203
SRD step 150: evaluated 27 candidates, 27 promising, accepted 5
  Accepted AddPatch at patch 24, improvement=0.007362
  Accepted AddPatch at patch 25, improvement=0.007329
  Accepted AddPatch at patch 26, improvement=0.007203
  Mandatory DeletePatch(0) at patch 0, reason=Area 0.007340 below minimum 0.01
  Mandatory DeletePatch(24) at patch 24, reason=Area 0.004093 below minimum 0.01
  Total patches: 27, total adds: 9, total deletes: 2
  step 150/1000: loss=0.302863, patches=26
[SRD rewrite] deleted patch=26, position=(-0.362, -0.364, 1.396), reason=Area 0.007714 below minimum 0.01
[SRD rewrite] deleted patch=25, position=(-0.179, -0.202, 1.443), reason=Area 0.000936 below minimum 0.01
[SRD rewrite] deleted patch=24, position=(-0.571, -0.402, 0.559), reason=Area 0.004952 below minimum 0.01
SRD step 200: evaluated 27 candidates, 0 promising, accepted 3
  Mandatory DeletePatch(24) at patch 24, reason=Area 0.004952 below minimum 0.01
  Mandatory DeletePatch(25) at patch 25, reason=Area 0.000936 below minimum 0.01
  Mandatory DeletePatch(26) at patch 26, reason=Area 0.007714 below minimum 0.01
  Total patches: 24, total adds: 9, total deletes: 5
  step 200/1000: loss=0.263841, patches=27
[SRD rewrite] restored patch=24, position=(-0.571, -0.402, 0.559), improvement=0.004277
[SRD rewrite] added patch=25, position=(0.651, -0.853, 0.992), improvement=0.004205
[SRD rewrite] added patch=26, position=(0.638, -0.813, 1.113), improvement=0.004132
SRD step 250: evaluated 27 candidates, 25 promising, accepted 3
  Accepted RestorePatch(4) at patch 24, improvement=0.004277
  Accepted AddPatch at patch 25, improvement=0.004205
  Accepted AddPatch at patch 26, improvement=0.004132
  Total patches: 27, total adds: 12, total deletes: 5
  step 250/1000: loss=0.248147, patches=24
[SRD rewrite] deleted patch=25, position=(0.661, -0.885, 1.010), reason=Area 0.001528 below minimum 0.01
[SRD rewrite] deleted patch=24, position=(-0.684, -0.343, 0.397), reason=Area 0.000286 below minimum 0.01
[SRD rewrite] deleted patch=14, position=(-0.434, 0.042, 0.364), reason=Area 0.005198 below minimum 0.01
SRD step 300: evaluated 27 candidates, 0 promising, accepted 3
  Mandatory DeletePatch(14) at patch 14, reason=Area 0.005198 below minimum 0.01
  Mandatory DeletePatch(24) at patch 24, reason=Area 0.000286 below minimum 0.01
  Mandatory DeletePatch(25) at patch 25, reason=Area 0.001528 below minimum 0.01
  Total patches: 24, total adds: 12, total deletes: 8
  step 300/1000: loss=0.227161, patches=27
[SRD rewrite] deleted patch=20, position=(-0.485, 0.024, 1.384), reason=Area 0.006943 below minimum 0.01
[SRD rewrite] deleted patch=2, position=(-1.986, 0.304, 1.574), reason=Area 0.009721 below minimum 0.01
SRD step 350: evaluated 27 candidates, 0 promising, accepted 2
  Mandatory DeletePatch(2) at patch 2, reason=Area 0.009721 below minimum 0.01
  Mandatory DeletePatch(20) at patch 20, reason=Area 0.006943 below minimum 0.01
  Total patches: 22, total adds: 12, total deletes: 10
  step 350/1000: loss=0.213963, patches=24
[SRD rewrite] deleted patch=18, position=(-0.406, 0.190, 1.475), reason=Area 0.005347 below minimum 0.01
SRD step 400: evaluated 27 candidates, 0 promising, accepted 1
  Mandatory DeletePatch(18) at patch 18, reason=Area 0.005347 below minimum 0.01
  Total patches: 21, total adds: 12, total deletes: 11
  step 400/1000: loss=0.208887, patches=22
SRD step 450: evaluated 27 candidates, 0 promising, accepted 0
  Total patches: 21, total adds: 12, total deletes: 11
  step 450/1000: loss=0.208357, patches=21
SRD step 500: evaluated 27 candidates, 0 promising, accepted 0
  Total patches: 21, total adds: 12, total deletes: 11
  step 500/1000: loss=0.187695, patches=21
[SRD rewrite] deleted patch=5, position=(1.443, 1.119, -0.713), reason=Area 0.009698 below minimum 0.01
[SRD rewrite] added patch=20, position=(0.845, -1.224, -1.008), improvement=0.002697
[SRD rewrite] added patch=21, position=(0.711, -0.999, -0.031), improvement=0.002455
[SRD rewrite] added patch=22, position=(-0.041, -1.103, 0.866), improvement=0.002346
SRD step 550: evaluated 27 candidates, 27 promising, accepted 4
  Accepted AddPatch at patch 20, improvement=0.002697
  Accepted AddPatch at patch 21, improvement=0.002455
  Accepted AddPatch at patch 22, improvement=0.002346
  Mandatory DeletePatch(5) at patch 5, reason=Area 0.009698 below minimum 0.01
  Total patches: 23, total adds: 15, total deletes: 12
  step 550/1000: loss=0.177494, patches=21
[SRD rewrite] deleted patch=22, position=(0.072, -1.071, 0.990), reason=Area 0.004066 below minimum 0.01
[SRD rewrite] deleted patch=21, position=(0.740, -0.926, -0.159), reason=Area 0.007888 below minimum 0.01
SRD step 600: evaluated 27 candidates, 0 promising, accepted 2
  Mandatory DeletePatch(21) at patch 21, reason=Area 0.007888 below minimum 0.01
  Mandatory DeletePatch(22) at patch 22, reason=Area 0.004066 below minimum 0.01
  Total patches: 21, total adds: 15, total deletes: 14
  step 600/1000: loss=0.163662, patches=23
[SRD rewrite] deleted patch=7, position=(-0.632, 0.172, 1.518), reason=Area 0.006341 below minimum 0.01
SRD step 650: evaluated 27 candidates, 0 promising, accepted 1
  Mandatory DeletePatch(7) at patch 7, reason=Area 0.006341 below minimum 0.01
  Total patches: 20, total adds: 15, total deletes: 15
  step 650/1000: loss=0.157298, patches=21
SRD step 700: evaluated 27 candidates, 0 promising, accepted 0
  Total patches: 20, total adds: 15, total deletes: 15
  step 700/1000: loss=0.154125, patches=20
SRD step 750: evaluated 27 candidates, 0 promising, accepted 0
  Total patches: 20, total adds: 15, total deletes: 15
  step 750/1000: loss=0.145582, patches=20
SRD step 800: evaluated 27 candidates, 0 promising, accepted 0
  Total patches: 20, total adds: 15, total deletes: 15
  step 800/1000: loss=0.138593, patches=20
[SRD rewrite] deleted patch=15, position=(-0.527, 0.393, 1.470), reason=Area 0.004557 below minimum 0.01
[SRD rewrite] deleted patch=4, position=(1.229, -0.081, 0.380), reason=Area 0.009924 below minimum 0.01
[SRD rewrite] deleted patch=1, position=(0.731, 0.177, 0.298), reason=Area 0.003309 below minimum 0.01
[SRD rewrite] deleted patch=6, position=(0.982, 0.035, 0.332), reason=delete has no image effect
SRD step 850: evaluated 27 candidates, 0 promising, accepted 4
  Mandatory DeletePatch(1) at patch 1, reason=Area 0.003309 below minimum 0.01
  Mandatory DeletePatch(4) at patch 4, reason=Area 0.009924 below minimum 0.01
  Mandatory DeletePatch(15) at patch 15, reason=Area 0.004557 below minimum 0.01
  Mandatory DeletePatch(6) at patch 6, reason=delete has no image effect
  Total patches: 16, total adds: 15, total deletes: 19
  step 850/1000: loss=0.134414, patches=20
SRD step 900: evaluated 27 candidates, 0 promising, accepted 0
  Total patches: 16, total adds: 15, total deletes: 19
  step 900/1000: loss=0.129260, patches=16
SRD step 950: evaluated 27 candidates, 0 promising, accepted 0
  Total patches: 16, total adds: 15, total deletes: 19
  step 950/1000: loss=0.125439, patches=16
SRD step 1000: evaluated 27 candidates, 0 promising, accepted 0
  Total patches: 16, total adds: 15, total deletes: 19
  step 1000/1000: loss=0.123616, patches=16
[Trial 1] done: loss=0.123658, time=4070.5s
[Trial 2/3] seed=1
[SRD rewrite] added patch=20, position=(0.247, -0.399, 0.959), improvement=0.023071
[SRD rewrite] added patch=21, position=(-0.583, 0.046, 0.900), improvement=0.022547
[SRD rewrite] added patch=22, position=(0.210, -0.344, 1.017), improvement=0.022541
SRD step 50: evaluated 27 candidates, 27 promising, accepted 3
  Accepted AddPatch at patch 20, improvement=0.023071
  Accepted AddPatch at patch 21, improvement=0.022547
  Accepted AddPatch at patch 22, improvement=0.022541
  Total patches: 23, total adds: 3, total deletes: 0
  step 50/1000: loss=0.504454, patches=20
[SRD rewrite] split patch=10, children=22,23, improvement=0.012865
[SRD rewrite] added patch=24, position=(-1.022, 0.464, 1.330), improvement=0.008213
[SRD rewrite] added patch=25, position=(0.618, -0.291, 1.264), improvement=0.007753
SRD step 100: evaluated 27 candidates, 25 promising, accepted 3
  Accepted SplitPatch(10) at patch 10, improvement=0.012865
  Accepted AddPatch at patch 24, improvement=0.008213
  Accepted AddPatch at patch 25, improvement=0.007753
  Total patches: 26, total adds: 6, total deletes: 0
  step 100/1000: loss=0.360473, patches=23
[SRD rewrite] deleted patch=25, position=(0.628, -0.260, 1.278), reason=Area 0.005883 below minimum 0.01
[SRD rewrite] deleted patch=23, position=(-0.536, -0.842, 1.725), reason=Area 0.001697 below minimum 0.01
[SRD rewrite] deleted patch=22, position=(-0.508, -0.960, 1.733), reason=Area 0.005222 below minimum 0.01
[SRD rewrite] deleted patch=2, position=(0.757, 0.969, -0.150), reason=Area 0.003897 below minimum 0.01
[SRD rewrite] added patch=22, position=(-0.646, 0.833, 1.162), improvement=0.002905
[SRD rewrite] restored patch=23, position=(0.757, 0.969, -0.150), improvement=0.002203
[SRD rewrite] restored patch=24, position=(0.628, -0.260, 1.278), improvement=0.002093
SRD step 150: evaluated 27 candidates, 8 promising, accepted 7
  Accepted AddPatch at patch 22, improvement=0.002905
  Accepted RestorePatch(4) at patch 23, improvement=0.002203
  Accepted RestorePatch(1) at patch 24, improvement=0.002093
  Mandatory DeletePatch(2) at patch 2, reason=Area 0.003897 below minimum 0.01
  Mandatory DeletePatch(22) at patch 22, reason=Area 0.005222 below minimum 0.01
  Mandatory DeletePatch(23) at patch 23, reason=Area 0.001697 below minimum 0.01
  Mandatory DeletePatch(25) at patch 25, reason=Area 0.005883 below minimum 0.01
  Total patches: 25, total adds: 9, total deletes: 4
  step 150/1000: loss=0.284368, patches=26
[SRD rewrite] deleted patch=24, position=(0.649, -0.263, 1.280), reason=Area 0.002368 below minimum 0.01
[SRD rewrite] deleted patch=23, position=(0.670, 0.888, -0.002), reason=Area 0.000897 below minimum 0.01
[SRD rewrite] deleted patch=20, position=(0.261, -0.343, 1.346), reason=Area 0.002466 below minimum 0.01
[SRD rewrite] deleted patch=19, position=(-0.656, 0.217, 1.256), reason=Area 0.009348 below minimum 0.01
[SRD rewrite] split patch=0, children=20,21, improvement=0.002051
SRD step 200: evaluated 27 candidates, 1 promising, accepted 5
  Accepted SplitPatch(0) at patch 0, improvement=0.002051
  Mandatory DeletePatch(19) at patch 19, reason=Area 0.009348 below minimum 0.01
  Mandatory DeletePatch(20) at patch 20, reason=Area 0.002466 below minimum 0.01
  Mandatory DeletePatch(23) at patch 23, reason=Area 0.000897 below minimum 0.01
  Mandatory DeletePatch(24) at patch 24, reason=Area 0.002368 below minimum 0.01
  Total patches: 22, total adds: 10, total deletes: 8
  step 200/1000: loss=0.238070, patches=25
[SRD rewrite] deleted patch=21, position=(0.157, -1.901, 0.207), reason=Area 0.002550 below minimum 0.01
[SRD rewrite] deleted patch=20, position=(0.086, -1.811, 0.208), reason=Area 0.000486 below minimum 0.01
[SRD rewrite] added patch=20, position=(-0.595, 0.831, 0.825), improvement=0.003592
[SRD rewrite] restored patch=21, position=(0.649, -0.263, 1.280), improvement=0.003146
SRD step 250: evaluated 27 candidates, 17 promising, accepted 5
  Accepted AddPatch at patch 20, improvement=0.003592
  Accepted RestorePatch(3) at patch 21, improvement=0.003146
  Accepted SplitPatch(6) at patch 6, improvement=0.002937
  Mandatory DeletePatch(20) at patch 20, reason=Area 0.000486 below minimum 0.01
  Mandatory DeletePatch(21) at patch 21, reason=Area 0.002550 below minimum 0.01
  Total patches: 22, total adds: 12, total deletes: 10
  step 250/1000: loss=0.211528, patches=22
[SRD rewrite] deleted patch=21, position=(0.662, -0.310, 1.282), reason=Area 0.000458 below minimum 0.01
SRD step 300: evaluated 27 candidates, 0 promising, accepted 1
  Mandatory DeletePatch(21) at patch 21, reason=Area 0.000458 below minimum 0.01
  Total patches: 21, total adds: 12, total deletes: 11
  step 300/1000: loss=0.197838, patches=22
[SRD rewrite] deleted patch=20, position=(-0.647, 0.827, 0.932), reason=Area 0.004663 below minimum 0.01
SRD step 350: evaluated 27 candidates, 0 promising, accepted 1
  Mandatory DeletePatch(20) at patch 20, reason=Area 0.004663 below minimum 0.01
  Total patches: 20, total adds: 12, total deletes: 12
  step 350/1000: loss=0.194379, patches=21
[SRD rewrite] deleted patch=4, position=(-0.061, 1.397, 0.459), reason=Area 0.003706 below minimum 0.01
SRD step 400: evaluated 27 candidates, 0 promising, accepted 1
  Mandatory DeletePatch(4) at patch 4, reason=Area 0.003706 below minimum 0.01
  Total patches: 19, total adds: 12, total deletes: 13
  step 400/1000: loss=0.190738, patches=20
SRD step 450: evaluated 27 candidates, 0 promising, accepted 0
  Total patches: 19, total adds: 12, total deletes: 13
  step 450/1000: loss=0.191307, patches=19
[SRD rewrite] added patch=19, position=(-1.284, 0.016, 1.031), improvement=0.002581
[SRD rewrite] restored patch=20, position=(-0.647, 0.827, 0.932), improvement=0.001614
[SRD rewrite] added patch=21, position=(0.684, -0.866, 0.947), improvement=0.001532
SRD step 500: evaluated 27 candidates, 11 promising, accepted 3
  Accepted AddPatch at patch 19, improvement=0.002581
  Accepted RestorePatch(10) at patch 20, improvement=0.001614
  Accepted AddPatch at patch 21, improvement=0.001532
  Total patches: 22, total adds: 15, total deletes: 13
  step 500/1000: loss=0.181604, patches=19
[SRD rewrite] deleted patch=20, position=(-0.673, 0.807, 0.898), reason=Area 0.000365 below minimum 0.01
[SRD rewrite] added patch=21, position=(0.750, -1.061, -0.237), improvement=0.000765
SRD step 550: evaluated 27 candidates, 1 promising, accepted 2
  Accepted AddPatch at patch 21, improvement=0.000765
  Mandatory DeletePatch(20) at patch 20, reason=Area 0.000365 below minimum 0.01
  Total patches: 22, total adds: 16, total deletes: 14
  step 550/1000: loss=0.172226, patches=22
SRD step 600: evaluated 27 candidates, 0 promising, accepted 0
  Total patches: 22, total adds: 16, total deletes: 14
  step 600/1000: loss=0.158688, patches=22
SRD step 650: evaluated 27 candidates, 0 promising, accepted 0
  Total patches: 22, total adds: 16, total deletes: 14
  step 650/1000: loss=0.156548, patches=22
[SRD rewrite] deleted patch=12, position=(0.290, -0.730, 2.359), reason=Area 0.008675 below minimum 0.01
[SRD rewrite] added patch=21, position=(0.942, -0.068, 0.555), improvement=0.001930
[SRD rewrite] added patch=22, position=(1.385, -0.030, 0.543), improvement=0.001701
[SRD rewrite] added patch=23, position=(1.286, -0.014, 1.136), improvement=0.001592
SRD step 700: evaluated 27 candidates, 9 promising, accepted 4
  Accepted AddPatch at patch 21, improvement=0.001930
  Accepted AddPatch at patch 22, improvement=0.001701
  Accepted AddPatch at patch 23, improvement=0.001592
  Mandatory DeletePatch(12) at patch 12, reason=Area 0.008675 below minimum 0.01
  Total patches: 24, total adds: 19, total deletes: 15
  step 700/1000: loss=0.176209, patches=22
SRD step 750: evaluated 27 candidates, 0 promising, accepted 0
  Total patches: 24, total adds: 19, total deletes: 15
  step 750/1000: loss=0.154472, patches=24
SRD step 800: evaluated 27 candidates, 0 promising, accepted 0
  Total patches: 24, total adds: 19, total deletes: 15
  step 800/1000: loss=0.145010, patches=24
SRD step 850: evaluated 27 candidates, 0 promising, accepted 0
  Total patches: 24, total adds: 19, total deletes: 15
  step 850/1000: loss=0.130691, patches=24
SRD step 900: evaluated 27 candidates, 0 promising, accepted 0
  Total patches: 24, total adds: 19, total deletes: 15
  step 900/1000: loss=0.129972, patches=24
SRD step 950: evaluated 27 candidates, 0 promising, accepted 0
  Total patches: 24, total adds: 19, total deletes: 15
  step 950/1000: loss=0.127278, patches=24
SRD step 1000: evaluated 27 candidates, 0 promising, accepted 0
  Total patches: 24, total adds: 19, total deletes: 15
  step 1000/1000: loss=0.117689, patches=24
[SRD rewrite] deleted patch=2, position=(0.175, -2.380, -0.620), reason=final deletion pass improved loss
[SRD rewrite] deleted patch=7, position=(-0.344, -0.447, 2.118), reason=final deletion pass improved loss
[Trial 2] done: loss=0.110755, time=4481.6s
[Trial 3/3] seed=2
[SRD rewrite] added patch=20, position=(0.365, -0.285, 1.317), improvement=0.026203
[SRD rewrite] added patch=21, position=(0.222, -0.365, 0.903), improvement=0.025362
[SRD rewrite] added patch=22, position=(-0.263, -0.508, 1.036), improvement=0.025361
SRD step 50: evaluated 27 candidates, 27 promising, accepted 3
  Accepted AddPatch at patch 20, improvement=0.026203
  Accepted AddPatch at patch 21, improvement=0.025362
  Accepted AddPatch at patch 22, improvement=0.025361
  Total patches: 23, total adds: 3, total deletes: 0
  step 50/1000: loss=0.443043, patches=20
[SRD rewrite] added patch=23, position=(-0.680, -0.924, 0.979), improvement=0.012354
[SRD rewrite] added patch=24, position=(-0.071, -0.478, 0.773), improvement=0.011462
[SRD rewrite] added patch=25, position=(-0.565, -0.366, 1.126), improvement=0.011382
SRD step 100: evaluated 27 candidates, 25 promising, accepted 3
  Accepted AddPatch at patch 23, improvement=0.012354
  Accepted AddPatch at patch 24, improvement=0.011462
  Accepted AddPatch at patch 25, improvement=0.011382
  Total patches: 26, total adds: 6, total deletes: 0
  step 100/1000: loss=0.289261, patches=23
[SRD rewrite] deleted patch=25, position=(-0.585, -0.400, 1.033), reason=Area 0.004973 below minimum 0.01
[SRD rewrite] deleted patch=24, position=(-0.167, -0.431, 0.879), reason=Area 0.004349 below minimum 0.01
[SRD rewrite] added patch=24, position=(0.528, -0.423, 1.150), improvement=0.003565
[SRD rewrite] added patch=25, position=(-1.308, -0.015, 1.045), improvement=0.003429
[SRD rewrite] added patch=26, position=(0.760, 0.044, 0.661), improvement=0.003089
SRD step 150: evaluated 27 candidates, 14 promising, accepted 5
  Accepted AddPatch at patch 24, improvement=0.003565
  Accepted AddPatch at patch 25, improvement=0.003429
  Accepted AddPatch at patch 26, improvement=0.003089
  Mandatory DeletePatch(24) at patch 24, reason=Area 0.004349 below minimum 0.01
  Mandatory DeletePatch(25) at patch 25, reason=Area 0.004973 below minimum 0.01
  Total patches: 27, total adds: 9, total deletes: 2
  step 150/1000: loss=0.210792, patches=26
[SRD rewrite] deleted patch=26, position=(0.727, 0.069, 0.748), reason=Area 0.003804 below minimum 0.01
[SRD rewrite] deleted patch=25, position=(-1.292, -0.004, 1.067), reason=Area 0.007527 below minimum 0.01
SRD step 200: evaluated 27 candidates, 0 promising, accepted 2
  Mandatory DeletePatch(25) at patch 25, reason=Area 0.007527 below minimum 0.01
  Mandatory DeletePatch(26) at patch 26, reason=Area 0.003804 below minimum 0.01
  Total patches: 25, total adds: 9, total deletes: 4
  step 200/1000: loss=0.174849, patches=27
[SRD rewrite] deleted patch=20, position=(0.475, -0.143, 1.318), reason=Area 0.006139 below minimum 0.01
SRD step 250: evaluated 27 candidates, 0 promising, accepted 1
  Mandatory DeletePatch(20) at patch 20, reason=Area 0.006139 below minimum 0.01
  Total patches: 24, total adds: 9, total deletes: 5
  step 250/1000: loss=0.155157, patches=25
SRD step 300: evaluated 27 candidates, 0 promising, accepted 0
  Total patches: 24, total adds: 9, total deletes: 5
  step 300/1000: loss=0.145961, patches=24
SRD step 350: evaluated 27 candidates, 0 promising, accepted 0
  Total patches: 24, total adds: 9, total deletes: 5
  step 350/1000: loss=0.139891, patches=24
SRD step 400: evaluated 27 candidates, 0 promising, accepted 0
  Total patches: 24, total adds: 9, total deletes: 5
  step 400/1000: loss=0.136928, patches=24
SRD step 450: evaluated 27 candidates, 0 promising, accepted 0
  Total patches: 24, total adds: 9, total deletes: 5
  step 450/1000: loss=0.136052, patches=24
SRD step 500: evaluated 27 candidates, 0 promising, accepted 0
  Total patches: 24, total adds: 9, total deletes: 5
  step 500/1000: loss=0.132399, patches=24
[SRD rewrite] deleted patch=6, position=(0.267, 0.693, 0.144), reason=Area 0.007943 below minimum 0.01
SRD step 550: evaluated 27 candidates, 0 promising, accepted 1
  Mandatory DeletePatch(6) at patch 6, reason=Area 0.007943 below minimum 0.01
  Total patches: 23, total adds: 9, total deletes: 6
  step 550/1000: loss=0.130266, patches=24
[SRD rewrite] added patch=23, position=(0.652, -0.868, 0.004), improvement=0.000203
SRD step 600: evaluated 27 candidates, 1 promising, accepted 1
  Accepted AddPatch at patch 23, improvement=0.000203
  Total patches: 24, total adds: 10, total deletes: 6
  step 600/1000: loss=0.133757, patches=23
[SRD rewrite] deleted patch=20, position=(-0.630, -0.198, 1.507), reason=Area 0.009720 below minimum 0.01
[SRD rewrite] deleted patch=12, position=(0.525, 0.555, 0.185), reason=Area 0.005277 below minimum 0.01
SRD step 650: evaluated 27 candidates, 0 promising, accepted 2
  Mandatory DeletePatch(12) at patch 12, reason=Area 0.005277 below minimum 0.01
  Mandatory DeletePatch(20) at patch 20, reason=Area 0.009720 below minimum 0.01
  Total patches: 22, total adds: 10, total deletes: 8
  step 650/1000: loss=0.123459, patches=24
SRD step 700: evaluated 27 candidates, 0 promising, accepted 0
  Total patches: 22, total adds: 10, total deletes: 8
  step 700/1000: loss=0.125495, patches=22
SRD step 750: evaluated 27 candidates, 0 promising, accepted 0
  Total patches: 22, total adds: 10, total deletes: 8
  step 750/1000: loss=0.122991, patches=22
SRD step 800: evaluated 27 candidates, 0 promising, accepted 0
  Total patches: 22, total adds: 10, total deletes: 8
  step 800/1000: loss=0.116970, patches=22
SRD step 850: evaluated 27 candidates, 0 promising, accepted 0
  Total patches: 22, total adds: 10, total deletes: 8
  step 850/1000: loss=0.114090, patches=22
SRD step 900: evaluated 27 candidates, 0 promising, accepted 0
  Total patches: 22, total adds: 10, total deletes: 8
  step 900/1000: loss=0.120255, patches=22
SRD step 950: evaluated 27 candidates, 0 promising, accepted 0
  Total patches: 22, total adds: 10, total deletes: 8
  step 950/1000: loss=0.117653, patches=22
SRD step 1000: evaluated 27 candidates, 0 promising, accepted 0
  Total patches: 22, total adds: 10, total deletes: 8
  step 1000/1000: loss=0.113755, patches=22
[SRD rewrite] deleted patch=10, position=(-1.406, -0.197, 2.459), reason=final deletion pass improved loss
[Trial 3] done: loss=0.086972, time=4615.5s
[Run] report written to results/slurm/20260718_1833/patchsize_sun_moon_20/patches_20/with_srd/with_srd.txt
[Swept volume] building (resolution=256)...
[Run] mode=full, trials=3, seeds=[0, 1, 2], steps=1000, srd=False, ablation_flags={'disable_swept_volume_adds': True, 'loss_only_deletion': True, 'disable_splitting': False}
[Trial 1/3] seed=0
[Patch] mapbox-earcut is not installed; falling back to fan fill, so non-convex pieces will render incorrectly. Install it with: pip install mapbox-earcut
  step 50/1000: loss=0.498827, patches=20
  step 100/1000: loss=0.374549, patches=20
  step 150/1000: loss=0.333311, patches=20
  step 200/1000: loss=0.302947, patches=20
  step 250/1000: loss=0.282713, patches=20
  step 300/1000: loss=0.262286, patches=20
  step 350/1000: loss=0.248947, patches=20
  step 400/1000: loss=0.230962, patches=20
  step 450/1000: loss=0.223632, patches=20
  step 500/1000: loss=0.224919, patches=20
  step 550/1000: loss=0.224118, patches=20
  step 600/1000: loss=0.226029, patches=20
  step 650/1000: loss=0.224841, patches=20
  step 700/1000: loss=0.220839, patches=20
  step 750/1000: loss=0.222898, patches=20
  step 800/1000: loss=0.223499, patches=20
  step 850/1000: loss=0.213412, patches=20
  step 900/1000: loss=0.212580, patches=20
  step 950/1000: loss=0.210525, patches=20
  step 1000/1000: loss=0.208416, patches=20
[Trial 1] done: loss=0.207997, time=1015.8s
[Trial 2/3] seed=1
  step 50/1000: loss=0.504454, patches=20
  step 100/1000: loss=0.375911, patches=20
  step 150/1000: loss=0.321855, patches=20
  step 200/1000: loss=0.293562, patches=20
  step 250/1000: loss=0.277825, patches=20
  step 300/1000: loss=0.256836, patches=20
  step 350/1000: loss=0.239512, patches=20
  step 400/1000: loss=0.229610, patches=20
  step 450/1000: loss=0.226389, patches=20
  step 500/1000: loss=0.222272, patches=20
  step 550/1000: loss=0.215764, patches=20
  step 600/1000: loss=0.221479, patches=20
  step 650/1000: loss=0.226468, patches=20
  step 700/1000: loss=0.238146, patches=20
  step 750/1000: loss=0.216936, patches=20
  step 800/1000: loss=0.202668, patches=20
  step 850/1000: loss=0.196411, patches=20
  step 900/1000: loss=0.184126, patches=20
  step 950/1000: loss=0.180578, patches=20
  step 1000/1000: loss=0.181147, patches=20
[Trial 2] done: loss=0.182068, time=1013.9s
[Trial 3/3] seed=2
  step 50/1000: loss=0.443043, patches=20
  step 100/1000: loss=0.305287, patches=20
  step 150/1000: loss=0.252543, patches=20
  step 200/1000: loss=0.221228, patches=20
  step 250/1000: loss=0.208883, patches=20
  step 300/1000: loss=0.199317, patches=20
  step 350/1000: loss=0.190564, patches=20
  step 400/1000: loss=0.177428, patches=20
  step 450/1000: loss=0.173972, patches=20
  step 500/1000: loss=0.159081, patches=20
  step 550/1000: loss=0.147627, patches=20
  step 600/1000: loss=0.147479, patches=20
  step 650/1000: loss=0.150094, patches=20
  step 700/1000: loss=0.153938, patches=20
  step 750/1000: loss=0.161820, patches=20
  step 800/1000: loss=0.149029, patches=20
  step 850/1000: loss=0.147606, patches=20
  step 900/1000: loss=0.145633, patches=20
  step 950/1000: loss=0.147759, patches=20
  step 1000/1000: loss=0.149349, patches=20
[Trial 3] done: loss=0.149783, time=1052.4s
[Run] report written to results/slurm/20260718_1833/patchsize_sun_moon_20/patches_20/without_srd/without_srd.txt

======================================================================
Running 3 trials WITH SRD
======================================================================


======================================================================
Running 3 trials WITHOUT SRD
======================================================================


[Comparison] report written to results/slurm/20260718_1833/patchsize_sun_moon_20/patches_20/comparison.txt

======================================================================
SRD Patch Size Comparison
======================================================================
Started: 2026-07-18T22:04:59
Patch sizes: [20]
Trials per size: 3
Steps per trial: 1000
Output directory: results/slurm/20260718_1833/patchsize_sun_moon_20
======================================================================


======================================================================
Running comparison with 20 initial patches
  Target 1: images/sun.png
  Target 2: images/moon.png
  Trials: 3, Steps: 1000
======================================================================

[OK] Comparison with 20 patches completed successfully

======================================================================
Comparison Summary
======================================================================
Successful: 1/1
Total time: 16835.6 seconds (4.68 hours)
Summary report: results/slurm/20260718_1833/patchsize_sun_moon_20/SUMMARY.txt
======================================================================

