## SLURM PROLOG ###############################################################
##    Job ID : 4093821
##  Job Name : 20260718_1833_patchsize_acm_scf_10
##  Nodelist : gpu2604
##      CPUs : 
##  Mem/Node : 128000 MB
## Directory : /oscar/home/cjmok/automated-perspective-sculptor
##   Job Started : Sat Jul 18 08:23:22 PM EDT 2026
###############################################################################
[Swept volume] building (resolution=256)...
[Run] mode=full, trials=3, seeds=[0, 1, 2], steps=1000, srd=True, ablation_flags={'disable_swept_volume_adds': False, 'loss_only_deletion': False, 'disable_splitting': False}
[Trial 1/3] seed=0
[Patch] mapbox-earcut is not installed; falling back to fan fill, so non-convex pieces will render incorrectly. Install it with: pip install mapbox-earcut
[SRD rewrite] split patch=4, children=9,10, improvement=0.006323
[SRD rewrite] split patch=2, children=10,11, improvement=0.013128
[SRD rewrite] added patch=12, position=(-0.448, 0.874, 1.081), improvement=0.004010
SRD step 50: evaluated 27 candidates, 21 promising, accepted 3
  Accepted SplitPatch(2) at patch 2, improvement=0.013128
  Accepted SplitPatch(4) at patch 4, improvement=0.006323
  Accepted AddPatch at patch 12, improvement=0.004010
  Total patches: 13, total adds: 3, total deletes: 0
  step 50/1000: loss=0.700814, patches=10
[SRD rewrite] deleted patch=11, position=(0.405, -0.923, 1.415), reason=Area 0.000596 below minimum 0.01
[SRD rewrite] deleted patch=10, position=(0.417, -1.078, 1.404), reason=Area 0.004772 below minimum 0.01
[SRD rewrite] deleted patch=9, position=(-2.310, -0.597, -1.020), reason=Area 0.002098 below minimum 0.01
[SRD rewrite] deleted patch=8, position=(-2.215, -0.813, -1.022), reason=Area 0.000885 below minimum 0.01
[SRD rewrite] added patch=9, position=(0.023, 1.086, 0.357), improvement=0.008819
[SRD rewrite] added patch=10, position=(-0.606, 0.586, -0.261), improvement=0.008579
[SRD rewrite] added patch=11, position=(0.844, 1.090, -0.476), improvement=0.007691
SRD step 100: evaluated 27 candidates, 20 promising, accepted 7
  Accepted AddPatch at patch 9, improvement=0.008819
  Accepted AddPatch at patch 10, improvement=0.008579
  Accepted AddPatch at patch 11, improvement=0.007691
  Mandatory DeletePatch(8) at patch 8, reason=Area 0.000885 below minimum 0.01
  Mandatory DeletePatch(9) at patch 9, reason=Area 0.002098 below minimum 0.01
  Mandatory DeletePatch(10) at patch 10, reason=Area 0.004772 below minimum 0.01
  Mandatory DeletePatch(11) at patch 11, reason=Area 0.000596 below minimum 0.01
  Total patches: 12, total adds: 6, total deletes: 4
  step 100/1000: loss=0.638764, patches=13
[SRD rewrite] added patch=12, position=(-0.497, -0.053, 0.782), improvement=0.004826
[SRD rewrite] added patch=13, position=(0.105, 0.950, 0.035), improvement=0.004479
[SRD rewrite] added patch=14, position=(-1.395, -0.541, -0.559), improvement=0.003772
SRD step 150: evaluated 27 candidates, 20 promising, accepted 3
  Accepted AddPatch at patch 12, improvement=0.004826
  Accepted AddPatch at patch 13, improvement=0.004479
  Accepted AddPatch at patch 14, improvement=0.003772
  Total patches: 15, total adds: 9, total deletes: 4
  step 150/1000: loss=0.568839, patches=12
[SRD rewrite] added patch=15, position=(-0.636, -0.567, -0.851), improvement=0.001163
[SRD rewrite] added patch=16, position=(1.190, -0.107, 0.587), improvement=0.001027
[SRD rewrite] added patch=17, position=(-1.689, 1.214, -1.342), improvement=0.000969
SRD step 200: evaluated 27 candidates, 8 promising, accepted 3
  Accepted AddPatch at patch 15, improvement=0.001163
  Accepted AddPatch at patch 16, improvement=0.001027
  Accepted AddPatch at patch 17, improvement=0.000969
  Total patches: 18, total adds: 12, total deletes: 4
  step 200/1000: loss=0.520644, patches=15
[SRD rewrite] deleted patch=16, position=(1.166, -0.059, 0.582), reason=Area 0.002700 below minimum 0.01
[SRD rewrite] restored patch=17, position=(0.417, -1.078, 1.404), improvement=0.002579
[SRD rewrite] added patch=18, position=(-1.455, 0.669, 0.325), improvement=0.001771
[SRD rewrite] added patch=19, position=(-0.702, 0.158, -1.225), improvement=0.001397
SRD step 250: evaluated 27 candidates, 7 promising, accepted 4
  Accepted RestorePatch(3) at patch 17, improvement=0.002579
  Accepted AddPatch at patch 18, improvement=0.001771
  Accepted AddPatch at patch 19, improvement=0.001397
  Mandatory DeletePatch(16) at patch 16, reason=Area 0.002700 below minimum 0.01
  Total patches: 20, total adds: 15, total deletes: 5
  step 250/1000: loss=0.470844, patches=18
[SRD rewrite] deleted patch=17, position=(0.392, -1.008, 1.315), reason=Area 0.002950 below minimum 0.01
[SRD rewrite] added patch=19, position=(-1.582, 0.284, -1.515), improvement=0.004017
[SRD rewrite] added patch=20, position=(1.309, -0.857, 0.677), improvement=0.003934
[SRD rewrite] added patch=21, position=(-0.581, -0.751, -0.448), improvement=0.003719
SRD step 300: evaluated 27 candidates, 15 promising, accepted 4
  Accepted AddPatch at patch 19, improvement=0.004017
  Accepted AddPatch at patch 20, improvement=0.003934
  Accepted AddPatch at patch 21, improvement=0.003719
  Mandatory DeletePatch(17) at patch 17, reason=Area 0.002950 below minimum 0.01
  Total patches: 22, total adds: 18, total deletes: 6
  step 300/1000: loss=0.438182, patches=20
[SRD rewrite] deleted patch=18, position=(-0.662, 0.150, -1.159), reason=Area 0.006254 below minimum 0.01
[SRD rewrite] restored patch=21, position=(1.166, -0.059, 0.582), improvement=0.002258
[SRD rewrite] added patch=22, position=(1.855, 0.728, -0.774), improvement=0.002254
[SRD rewrite] added patch=23, position=(-1.692, 1.164, -1.203), improvement=0.002253
SRD step 350: evaluated 27 candidates, 21 promising, accepted 4
  Accepted RestorePatch(5) at patch 21, improvement=0.002258
  Accepted AddPatch at patch 22, improvement=0.002254
  Accepted AddPatch at patch 23, improvement=0.002253
  Mandatory DeletePatch(18) at patch 18, reason=Area 0.006254 below minimum 0.01
  Total patches: 24, total adds: 21, total deletes: 7
  step 350/1000: loss=0.386662, patches=22
[SRD rewrite] deleted patch=23, position=(-1.707, 1.179, -1.104), reason=Area 0.000379 below minimum 0.01
[SRD rewrite] deleted patch=22, position=(1.834, 0.806, -0.805), reason=Area 0.004598 below minimum 0.01
[SRD rewrite] added patch=22, position=(0.729, 0.496, -0.218), improvement=0.001095
SRD step 400: evaluated 27 candidates, 1 promising, accepted 3
  Accepted AddPatch at patch 22, improvement=0.001095
  Mandatory DeletePatch(22) at patch 22, reason=Area 0.004598 below minimum 0.01
  Mandatory DeletePatch(23) at patch 23, reason=Area 0.000379 below minimum 0.01
  Total patches: 23, total adds: 22, total deletes: 9
  step 400/1000: loss=0.364650, patches=24
[SRD rewrite] added patch=23, position=(0.091, 0.577, 0.457), improvement=0.001210
[SRD rewrite] added patch=24, position=(0.081, 0.793, 0.967), improvement=0.001200
[SRD rewrite] added patch=25, position=(0.746, 0.616, 0.616), improvement=0.000867
SRD step 450: evaluated 27 candidates, 6 promising, accepted 3
  Accepted AddPatch at patch 23, improvement=0.001210
  Accepted AddPatch at patch 24, improvement=0.001200
  Accepted AddPatch at patch 25, improvement=0.000867
  Total patches: 26, total adds: 25, total deletes: 9
  step 450/1000: loss=0.335757, patches=23
[SRD rewrite] deleted patch=25, position=(0.867, 0.584, 0.648), reason=Area 0.000415 below minimum 0.01
[SRD rewrite] deleted patch=24, position=(0.153, 0.823, 0.998), reason=Area 0.009191 below minimum 0.01
SRD step 500: evaluated 27 candidates, 0 promising, accepted 2
  Mandatory DeletePatch(24) at patch 24, reason=Area 0.009191 below minimum 0.01
  Mandatory DeletePatch(25) at patch 25, reason=Area 0.000415 below minimum 0.01
  Total patches: 24, total adds: 25, total deletes: 11
  step 500/1000: loss=0.306489, patches=26
SRD step 550: evaluated 27 candidates, 0 promising, accepted 0
  Total patches: 24, total adds: 25, total deletes: 11
  step 550/1000: loss=0.301825, patches=24
[SRD rewrite] deleted patch=16, position=(-1.729, 0.858, -1.452), reason=Area 0.009246 below minimum 0.01
SRD step 600: evaluated 27 candidates, 0 promising, accepted 1
  Mandatory DeletePatch(16) at patch 16, reason=Area 0.009246 below minimum 0.01
  Total patches: 23, total adds: 25, total deletes: 12
  step 600/1000: loss=0.301891, patches=24
SRD step 650: evaluated 27 candidates, 0 promising, accepted 0
  Total patches: 23, total adds: 25, total deletes: 12
  step 650/1000: loss=0.289320, patches=23
SRD step 700: evaluated 27 candidates, 0 promising, accepted 0
  Total patches: 23, total adds: 25, total deletes: 12
  step 700/1000: loss=0.279455, patches=23
SRD step 750: evaluated 27 candidates, 0 promising, accepted 0
  Total patches: 23, total adds: 25, total deletes: 12
  step 750/1000: loss=0.280372, patches=23
SRD step 800: evaluated 27 candidates, 0 promising, accepted 0
  Total patches: 23, total adds: 25, total deletes: 12
  step 800/1000: loss=0.278624, patches=23
SRD step 850: evaluated 27 candidates, 0 promising, accepted 0
  Total patches: 23, total adds: 25, total deletes: 12
  step 850/1000: loss=0.279071, patches=23
SRD step 900: evaluated 27 candidates, 0 promising, accepted 0
  Total patches: 23, total adds: 25, total deletes: 12
  step 900/1000: loss=0.274860, patches=23
SRD step 950: evaluated 27 candidates, 0 promising, accepted 0
  Total patches: 23, total adds: 25, total deletes: 12
  step 950/1000: loss=0.282340, patches=23
SRD step 1000: evaluated 27 candidates, 0 promising, accepted 0
  Total patches: 23, total adds: 25, total deletes: 12
  step 1000/1000: loss=0.284270, patches=23
[SRD rewrite] deleted patch=15, position=(0.215, -0.872, -2.249), reason=final deletion pass improved loss
[Trial 1] done: loss=0.281305, time=3984.1s
[Trial 2/3] seed=1
[SRD rewrite] split patch=2, children=9,10, improvement=0.013290
[SRD rewrite] added patch=11, position=(1.453, -0.527, -0.425), improvement=0.005731
[SRD rewrite] added patch=12, position=(0.789, 1.006, -0.598), improvement=0.005709
SRD step 50: evaluated 27 candidates, 26 promising, accepted 3
  Accepted SplitPatch(2) at patch 2, improvement=0.013290
  Accepted AddPatch at patch 11, improvement=0.005731
  Accepted AddPatch at patch 12, improvement=0.005709
  Total patches: 13, total adds: 3, total deletes: 0
  step 50/1000: loss=0.776289, patches=10
[SRD rewrite] deleted patch=10, position=(1.270, -0.264, 1.713), reason=Area 0.002714 below minimum 0.01
[SRD rewrite] deleted patch=9, position=(1.322, -0.373, 1.711), reason=Area 0.001935 below minimum 0.01
[SRD rewrite] split patch=3, children=10,11, improvement=0.007653
[SRD rewrite] added patch=12, position=(0.860, 0.535, 0.419), improvement=0.007652
[SRD rewrite] added patch=13, position=(-1.313, 0.892, 1.011), improvement=0.006856
SRD step 100: evaluated 27 candidates, 20 promising, accepted 5
  Accepted SplitPatch(3) at patch 3, improvement=0.007653
  Accepted AddPatch at patch 12, improvement=0.007652
  Accepted AddPatch at patch 13, improvement=0.006856
  Mandatory DeletePatch(9) at patch 9, reason=Area 0.001935 below minimum 0.01
  Mandatory DeletePatch(10) at patch 10, reason=Area 0.002714 below minimum 0.01
  Total patches: 14, total adds: 6, total deletes: 2
  step 100/1000: loss=0.700814, patches=13
[SRD rewrite] deleted patch=11, position=(-2.200, 1.257, -1.119), reason=Area 0.003959 below minimum 0.01
[SRD rewrite] deleted patch=10, position=(-2.033, 1.018, -1.312), reason=Area 0.000904 below minimum 0.01
[SRD rewrite] added patch=12, position=(1.406, 0.150, 1.074), improvement=0.013410
[SRD rewrite] added patch=13, position=(1.003, 0.884, -0.797), improvement=0.010587
[SRD rewrite] added patch=14, position=(-1.457, 0.652, 0.485), improvement=0.010493
SRD step 150: evaluated 27 candidates, 24 promising, accepted 5
  Accepted AddPatch at patch 12, improvement=0.013410
  Accepted AddPatch at patch 13, improvement=0.010587
  Accepted AddPatch at patch 14, improvement=0.010493
  Mandatory DeletePatch(10) at patch 10, reason=Area 0.000904 below minimum 0.01
  Mandatory DeletePatch(11) at patch 11, reason=Area 0.003959 below minimum 0.01
  Total patches: 15, total adds: 9, total deletes: 4
  step 150/1000: loss=0.638490, patches=14
[SRD rewrite] deleted patch=13, position=(0.932, 0.932, -0.672), reason=Area 0.009683 below minimum 0.01
[SRD rewrite] added patch=14, position=(-0.384, -1.037, 0.939), improvement=0.007488
[SRD rewrite] added patch=15, position=(-0.354, 1.139, 0.301), improvement=0.007350
[SRD rewrite] added patch=16, position=(0.760, 0.781, 1.032), improvement=0.006828
SRD step 200: evaluated 27 candidates, 26 promising, accepted 4
  Accepted AddPatch at patch 14, improvement=0.007488
  Accepted AddPatch at patch 15, improvement=0.007350
  Accepted AddPatch at patch 16, improvement=0.006828
  Mandatory DeletePatch(13) at patch 13, reason=Area 0.009683 below minimum 0.01
  Total patches: 17, total adds: 12, total deletes: 5
  step 200/1000: loss=0.571240, patches=15
[SRD rewrite] added patch=17, position=(-0.605, -0.639, -0.534), improvement=0.004244
[SRD rewrite] added patch=18, position=(0.055, -1.191, -0.427), improvement=0.003630
[SRD rewrite] added patch=19, position=(-1.497, -0.703, -0.875), improvement=0.003583
SRD step 250: evaluated 27 candidates, 26 promising, accepted 3
  Accepted AddPatch at patch 17, improvement=0.004244
  Accepted AddPatch at patch 18, improvement=0.003630
  Accepted AddPatch at patch 19, improvement=0.003583
  Total patches: 20, total adds: 15, total deletes: 5
  step 250/1000: loss=0.506045, patches=17
[SRD rewrite] deleted patch=19, position=(-1.650, -0.553, -0.974), reason=Area 0.000346 below minimum 0.01
[SRD rewrite] deleted patch=16, position=(0.727, 0.855, 0.955), reason=Area 0.007084 below minimum 0.01
[SRD rewrite] added patch=18, position=(-1.377, -0.598, -0.847), improvement=0.004145
[SRD rewrite] added patch=19, position=(0.798, 0.495, 0.356), improvement=0.002796
[SRD rewrite] added patch=20, position=(-0.037, -0.954, 0.994), improvement=0.002607
SRD step 300: evaluated 27 candidates, 23 promising, accepted 5
  Accepted AddPatch at patch 18, improvement=0.004145
  Accepted AddPatch at patch 19, improvement=0.002796
  Accepted AddPatch at patch 20, improvement=0.002607
  Mandatory DeletePatch(16) at patch 16, reason=Area 0.007084 below minimum 0.01
  Mandatory DeletePatch(19) at patch 19, reason=Area 0.000346 below minimum 0.01
  Total patches: 21, total adds: 18, total deletes: 7
  step 300/1000: loss=0.451454, patches=20
[SRD rewrite] deleted patch=18, position=(-1.533, -0.442, -0.878), reason=Area 0.000422 below minimum 0.01
[SRD rewrite] added patch=20, position=(-1.544, 0.154, -1.205), improvement=0.001065
[SRD rewrite] added patch=21, position=(0.049, -0.538, -0.774), improvement=0.000646
[SRD rewrite] added patch=22, position=(-1.518, 1.070, 0.003), improvement=0.000359
SRD step 350: evaluated 27 candidates, 7 promising, accepted 4
  Accepted AddPatch at patch 20, improvement=0.001065
  Accepted AddPatch at patch 21, improvement=0.000646
  Accepted AddPatch at patch 22, improvement=0.000359
  Mandatory DeletePatch(18) at patch 18, reason=Area 0.000422 below minimum 0.01
  Total patches: 23, total adds: 21, total deletes: 8
  step 350/1000: loss=0.431081, patches=21
[SRD rewrite] deleted patch=22, position=(-1.469, 1.037, 0.023), reason=Area 0.009933 below minimum 0.01
[SRD rewrite] deleted patch=21, position=(-0.075, -0.395, -0.687), reason=Area 0.004319 below minimum 0.01
SRD step 400: evaluated 27 candidates, 0 promising, accepted 2
  Mandatory DeletePatch(21) at patch 21, reason=Area 0.004319 below minimum 0.01
  Mandatory DeletePatch(22) at patch 22, reason=Area 0.009933 below minimum 0.01
  Total patches: 21, total adds: 21, total deletes: 10
  step 400/1000: loss=0.393368, patches=23
SRD step 450: evaluated 27 candidates, 0 promising, accepted 0
  Total patches: 21, total adds: 21, total deletes: 10
  step 450/1000: loss=0.366270, patches=21
SRD step 500: evaluated 27 candidates, 0 promising, accepted 0
  Total patches: 21, total adds: 21, total deletes: 10
  step 500/1000: loss=0.366832, patches=21
SRD step 550: evaluated 27 candidates, 0 promising, accepted 0
  Total patches: 21, total adds: 21, total deletes: 10
  step 550/1000: loss=0.352544, patches=21
SRD step 600: evaluated 27 candidates, 0 promising, accepted 0
  Total patches: 21, total adds: 21, total deletes: 10
  step 600/1000: loss=0.342070, patches=21
[SRD rewrite] added patch=21, position=(0.642, 0.151, 1.073), improvement=0.000275
SRD step 650: evaluated 27 candidates, 1 promising, accepted 1
  Accepted AddPatch at patch 21, improvement=0.000275
  Total patches: 22, total adds: 22, total deletes: 10
  step 650/1000: loss=0.337460, patches=21
SRD step 700: evaluated 27 candidates, 0 promising, accepted 0
  Total patches: 22, total adds: 22, total deletes: 10
  step 700/1000: loss=0.319776, patches=22
SRD step 750: evaluated 27 candidates, 0 promising, accepted 0
  Total patches: 22, total adds: 22, total deletes: 10
  step 750/1000: loss=0.305410, patches=22
SRD step 800: evaluated 27 candidates, 0 promising, accepted 0
  Total patches: 22, total adds: 22, total deletes: 10
  step 800/1000: loss=0.296892, patches=22
SRD step 850: evaluated 27 candidates, 0 promising, accepted 0
  Total patches: 22, total adds: 22, total deletes: 10
  step 850/1000: loss=0.302112, patches=22
[SRD rewrite] deleted patch=0, position=(0.165, -2.825, -1.781), reason=no image contribution, delete has no image effect
SRD step 900: evaluated 27 candidates, 0 promising, accepted 1
  Mandatory DeletePatch(0) at patch 0, reason=no image contribution, delete has no image effect
  Total patches: 21, total adds: 22, total deletes: 11
  step 900/1000: loss=0.296286, patches=22
SRD step 950: evaluated 27 candidates, 0 promising, accepted 0
  Total patches: 21, total adds: 22, total deletes: 11
  step 950/1000: loss=0.293040, patches=21
SRD step 1000: evaluated 27 candidates, 0 promising, accepted 0
  Total patches: 21, total adds: 22, total deletes: 11
  step 1000/1000: loss=0.275885, patches=21
[SRD rewrite] deleted patch=5, position=(0.794, -1.243, 2.118), reason=final deletion pass improved loss
[Trial 2] done: loss=0.265852, time=3645.6s
[Trial 3/3] seed=2
[SRD rewrite] added patch=10, position=(0.117, 0.598, -0.264), improvement=0.007890
[SRD rewrite] added patch=11, position=(-0.577, -1.018, -0.382), improvement=0.007574
[SRD rewrite] added patch=12, position=(-1.499, 1.061, -0.053), improvement=0.007123
SRD step 50: evaluated 27 candidates, 15 promising, accepted 3
  Accepted AddPatch at patch 10, improvement=0.007890
  Accepted AddPatch at patch 11, improvement=0.007574
  Accepted AddPatch at patch 12, improvement=0.007123
  Total patches: 13, total adds: 3, total deletes: 0
  step 50/1000: loss=0.733094, patches=10
[SRD rewrite] added patch=13, position=(-1.557, 0.680, -0.377), improvement=0.011988
[SRD rewrite] added patch=14, position=(-0.577, -0.488, -0.520), improvement=0.011573
[SRD rewrite] added patch=15, position=(-0.596, -0.539, -0.464), improvement=0.010959
SRD step 100: evaluated 27 candidates, 22 promising, accepted 3
  Accepted AddPatch at patch 13, improvement=0.011988
  Accepted AddPatch at patch 14, improvement=0.011573
  Accepted AddPatch at patch 15, improvement=0.010959
  Total patches: 16, total adds: 6, total deletes: 0
  step 100/1000: loss=0.644405, patches=13
[SRD rewrite] deleted patch=15, position=(-0.702, -0.418, -0.568), reason=Area 0.000214 below minimum 0.01
[SRD rewrite] added patch=15, position=(-0.092, 1.277, -0.268), improvement=0.005657
[SRD rewrite] added patch=16, position=(0.633, 0.900, 0.130), improvement=0.005411
[SRD rewrite] added patch=17, position=(-0.460, -0.889, 1.394), improvement=0.004844
SRD step 150: evaluated 27 candidates, 24 promising, accepted 4
  Accepted AddPatch at patch 15, improvement=0.005657
  Accepted AddPatch at patch 16, improvement=0.005411
  Accepted AddPatch at patch 17, improvement=0.004844
  Mandatory DeletePatch(15) at patch 15, reason=Area 0.000214 below minimum 0.01
  Total patches: 18, total adds: 9, total deletes: 1
  step 150/1000: loss=0.563225, patches=16
[SRD rewrite] deleted patch=17, position=(-0.412, -0.950, 1.249), reason=Area 0.004989 below minimum 0.01
[SRD rewrite] deleted patch=14, position=(-0.614, -0.310, -0.740), reason=Area 0.000799 below minimum 0.01
[SRD rewrite] split patch=2, children=15,16, improvement=0.026634
[SRD rewrite] added patch=17, position=(0.899, 0.914, -0.761), improvement=0.002808
[SRD rewrite] added patch=18, position=(0.599, 0.658, 0.712), improvement=0.002246
SRD step 200: evaluated 27 candidates, 20 promising, accepted 5
  Accepted SplitPatch(2) at patch 2, improvement=0.026634
  Accepted AddPatch at patch 17, improvement=0.002808
  Accepted AddPatch at patch 18, improvement=0.002246
  Mandatory DeletePatch(14) at patch 14, reason=Area 0.000799 below minimum 0.01
  Mandatory DeletePatch(17) at patch 17, reason=Area 0.004989 below minimum 0.01
  Total patches: 19, total adds: 12, total deletes: 3
  step 200/1000: loss=0.494813, patches=18
[SRD rewrite] deleted patch=16, position=(-1.695, -0.633, 2.462), reason=Area 0.001203 below minimum 0.01
[SRD rewrite] deleted patch=15, position=(-1.560, -0.740, 2.418), reason=Area 0.001592 below minimum 0.01
[SRD rewrite] added patch=17, position=(-0.483, -0.948, 1.095), improvement=0.006408
[SRD rewrite] added patch=18, position=(-0.640, 0.104, -1.077), improvement=0.005997
[SRD rewrite] added patch=19, position=(0.022, 1.147, -0.521), improvement=0.005768
SRD step 250: evaluated 27 candidates, 26 promising, accepted 5
  Accepted AddPatch at patch 17, improvement=0.006408
  Accepted AddPatch at patch 18, improvement=0.005997
  Accepted AddPatch at patch 19, improvement=0.005768
  Mandatory DeletePatch(15) at patch 15, reason=Area 0.001592 below minimum 0.01
  Mandatory DeletePatch(16) at patch 16, reason=Area 0.001203 below minimum 0.01
  Total patches: 20, total adds: 15, total deletes: 5
  step 250/1000: loss=0.406492, patches=19
[SRD rewrite] deleted patch=19, position=(0.149, 1.054, -0.455), reason=Area 0.002538 below minimum 0.01
[SRD rewrite] added patch=19, position=(1.679, 0.572, -0.207), improvement=0.001670
[SRD rewrite] added patch=20, position=(-0.021, -0.903, 1.198), improvement=0.001278
[SRD rewrite] added patch=21, position=(-0.289, -0.993, 1.030), improvement=0.000561
SRD step 300: evaluated 27 candidates, 4 promising, accepted 4
  Accepted AddPatch at patch 19, improvement=0.001670
  Accepted AddPatch at patch 20, improvement=0.001278
  Accepted AddPatch at patch 21, improvement=0.000561
  Mandatory DeletePatch(19) at patch 19, reason=Area 0.002538 below minimum 0.01
  Total patches: 22, total adds: 18, total deletes: 6
  step 300/1000: loss=0.368107, patches=20
SRD step 350: evaluated 27 candidates, 0 promising, accepted 0
  Total patches: 22, total adds: 18, total deletes: 6
  step 350/1000: loss=0.344536, patches=22
SRD step 400: evaluated 27 candidates, 0 promising, accepted 0
  Total patches: 22, total adds: 18, total deletes: 6
  step 400/1000: loss=0.329660, patches=22
[SRD rewrite] deleted patch=21, position=(-0.335, -0.872, 1.041), reason=Area 0.000918 below minimum 0.01
SRD step 450: evaluated 27 candidates, 0 promising, accepted 1
  Mandatory DeletePatch(21) at patch 21, reason=Area 0.000918 below minimum 0.01
  Total patches: 21, total adds: 18, total deletes: 7
  step 450/1000: loss=0.314258, patches=22
SRD step 500: evaluated 27 candidates, 0 promising, accepted 0
  Total patches: 21, total adds: 18, total deletes: 7
  step 500/1000: loss=0.309501, patches=21
SRD step 550: evaluated 27 candidates, 0 promising, accepted 0
  Total patches: 21, total adds: 18, total deletes: 7
  step 550/1000: loss=0.300954, patches=21
[SRD rewrite] deleted patch=17, position=(-0.515, -0.575, 1.259), reason=Area 0.000744 below minimum 0.01
SRD step 600: evaluated 27 candidates, 0 promising, accepted 1
  Mandatory DeletePatch(17) at patch 17, reason=Area 0.000744 below minimum 0.01
  Total patches: 20, total adds: 18, total deletes: 8
  step 600/1000: loss=0.294572, patches=21
SRD step 650: evaluated 27 candidates, 0 promising, accepted 0
  Total patches: 20, total adds: 18, total deletes: 8
  step 650/1000: loss=0.296638, patches=20
SRD step 700: evaluated 27 candidates, 0 promising, accepted 0
  Total patches: 20, total adds: 18, total deletes: 8
  step 700/1000: loss=0.297746, patches=20
SRD step 750: evaluated 27 candidates, 0 promising, accepted 0
  Total patches: 20, total adds: 18, total deletes: 8
  step 750/1000: loss=0.301338, patches=20
SRD step 800: evaluated 27 candidates, 0 promising, accepted 0
  Total patches: 20, total adds: 18, total deletes: 8
  step 800/1000: loss=0.311023, patches=20
SRD step 850: evaluated 27 candidates, 0 promising, accepted 0
  Total patches: 20, total adds: 18, total deletes: 8
  step 850/1000: loss=0.310255, patches=20
SRD step 900: evaluated 27 candidates, 0 promising, accepted 0
  Total patches: 20, total adds: 18, total deletes: 8
  step 900/1000: loss=0.316881, patches=20
SRD step 950: evaluated 27 candidates, 0 promising, accepted 0
  Total patches: 20, total adds: 18, total deletes: 8
  step 950/1000: loss=0.313659, patches=20
SRD step 1000: evaluated 27 candidates, 0 promising, accepted 0
  Total patches: 20, total adds: 18, total deletes: 8
  step 1000/1000: loss=0.310129, patches=20
[SRD rewrite] deleted patch=13, position=(-1.454, 2.333, -0.234), reason=final deletion pass improved loss
[Trial 3] done: loss=0.306773, time=3700.2s
[Run] report written to results/slurm/20260718_1833/patchsize_acm_scf_10/patches_10/with_srd/with_srd.txt
[Swept volume] building (resolution=256)...
[Run] mode=full, trials=3, seeds=[0, 1, 2], steps=1000, srd=False, ablation_flags={'disable_swept_volume_adds': True, 'loss_only_deletion': True, 'disable_splitting': False}
[Trial 1/3] seed=0
[Patch] mapbox-earcut is not installed; falling back to fan fill, so non-convex pieces will render incorrectly. Install it with: pip install mapbox-earcut
  step 50/1000: loss=0.700814, patches=10
  step 100/1000: loss=0.682762, patches=10
  step 150/1000: loss=0.657954, patches=10
  step 200/1000: loss=0.651712, patches=10
  step 250/1000: loss=0.640865, patches=10
  step 300/1000: loss=0.636726, patches=10
  step 350/1000: loss=0.614883, patches=10
  step 400/1000: loss=0.600333, patches=10
  step 450/1000: loss=0.593715, patches=10
  step 500/1000: loss=0.590491, patches=10
  step 550/1000: loss=0.587443, patches=10
  step 600/1000: loss=0.585127, patches=10
  step 650/1000: loss=0.579119, patches=10
  step 700/1000: loss=0.578331, patches=10
  step 750/1000: loss=0.578615, patches=10
  step 800/1000: loss=0.573326, patches=10
  step 850/1000: loss=0.575579, patches=10
  step 900/1000: loss=0.572361, patches=10
  step 950/1000: loss=0.569811, patches=10
  step 1000/1000: loss=0.570504, patches=10
[Trial 1] done: loss=0.570457, time=499.1s
[Trial 2/3] seed=1
  step 50/1000: loss=0.776289, patches=10
  step 100/1000: loss=0.744018, patches=10
  step 150/1000: loss=0.732899, patches=10
  step 200/1000: loss=0.707454, patches=10
  step 250/1000: loss=0.683715, patches=10
  step 300/1000: loss=0.664772, patches=10
  step 350/1000: loss=0.641582, patches=10
  step 400/1000: loss=0.614651, patches=10
  step 450/1000: loss=0.582093, patches=10
  step 500/1000: loss=0.575446, patches=10
  step 550/1000: loss=0.571303, patches=10
  step 600/1000: loss=0.569183, patches=10
  step 650/1000: loss=0.566988, patches=10
  step 700/1000: loss=0.566548, patches=10
  step 750/1000: loss=0.560651, patches=10
  step 800/1000: loss=0.552611, patches=10
  step 850/1000: loss=0.556540, patches=10
  step 900/1000: loss=0.571352, patches=10
  step 950/1000: loss=0.593479, patches=10
  step 1000/1000: loss=0.569694, patches=10
[Trial 2] done: loss=0.570116, time=480.6s
[Trial 3/3] seed=2
  step 50/1000: loss=0.733094, patches=10
  step 100/1000: loss=0.686954, patches=10
  step 150/1000: loss=0.635828, patches=10
  step 200/1000: loss=0.615779, patches=10
  step 250/1000: loss=0.600148, patches=10
  step 300/1000: loss=0.576790, patches=10
  step 350/1000: loss=0.573708, patches=10
  step 400/1000: loss=0.573108, patches=10
  step 450/1000: loss=0.567885, patches=10
  step 500/1000: loss=0.565429, patches=10
  step 550/1000: loss=0.565268, patches=10
  step 600/1000: loss=0.566294, patches=10
  step 650/1000: loss=0.568996, patches=10
  step 700/1000: loss=0.573152, patches=10
  step 750/1000: loss=0.568152, patches=10
  step 800/1000: loss=0.563607, patches=10
  step 850/1000: loss=0.562602, patches=10
  step 900/1000: loss=0.551086, patches=10
  step 950/1000: loss=0.543846, patches=10
  step 1000/1000: loss=0.537961, patches=10
[Trial 3] done: loss=0.536965, time=498.1s
[Run] report written to results/slurm/20260718_1833/patchsize_acm_scf_10/patches_10/without_srd/without_srd.txt

======================================================================
Running 3 trials WITH SRD
======================================================================


======================================================================
Running 3 trials WITHOUT SRD
======================================================================


[Comparison] report written to results/slurm/20260718_1833/patchsize_acm_scf_10/patches_10/comparison.txt

======================================================================
SRD Patch Size Comparison
======================================================================
Started: 2026-07-18T20:23:25
Patch sizes: [10]
Trials per size: 3
Steps per trial: 1000
Output directory: results/slurm/20260718_1833/patchsize_acm_scf_10
======================================================================


======================================================================
Running comparison with 10 initial patches
  Target 1: images/acm.png
  Target 2: images/scf.png
  Trials: 3, Steps: 1000
======================================================================

[OK] Comparison with 10 patches completed successfully

======================================================================
Comparison Summary
======================================================================
Successful: 1/1
Total time: 13631.0 seconds (3.79 hours)
Summary report: results/slurm/20260718_1833/patchsize_acm_scf_10/SUMMARY.txt
======================================================================

