## SLURM PROLOG ###############################################################
##    Job ID : 4093816
##  Job Name : 20260718_1833_comparison_horse_circle_srd
##  Nodelist : gpu2501
##      CPUs : 
##  Mem/Node : 128000 MB
## Directory : /oscar/home/cjmok/automated-perspective-sculptor
##   Job Started : Sat Jul 18 07:48:39 PM EDT 2026
###############################################################################
[Swept volume] building (resolution=256)...
[Run] mode=full, trials=3, seeds=[0, 1, 2], steps=2000, srd=True, ablation_flags={'disable_swept_volume_adds': False, 'loss_only_deletion': False, 'disable_splitting': False}
[Trial 1/3] seed=0
[Patch] mapbox-earcut is not installed; falling back to fan fill, so non-convex pieces will render incorrectly. Install it with: pip install mapbox-earcut
[SRD rewrite] added patch=20, position=(0.695, 0.338, 0.538), improvement=0.032120
[SRD rewrite] added patch=21, position=(0.565, 0.302, 1.006), improvement=0.031933
[SRD rewrite] added patch=22, position=(0.757, 0.209, -0.090), improvement=0.031816
SRD step 50: evaluated 27 candidates, 27 promising, accepted 3
  Accepted AddPatch at patch 20, improvement=0.032120
  Accepted AddPatch at patch 21, improvement=0.031933
  Accepted AddPatch at patch 22, improvement=0.031816
  Total patches: 23, total adds: 3, total deletes: 0
  step 50/2000: loss=0.676119, patches=20
[SRD rewrite] added patch=23, position=(0.876, -0.012, 0.957), improvement=0.015422
[SRD rewrite] added patch=24, position=(1.259, -0.095, -1.167), improvement=0.015049
[SRD rewrite] added patch=25, position=(0.828, -0.051, 0.932), improvement=0.014945
SRD step 100: evaluated 27 candidates, 22 promising, accepted 3
  Accepted AddPatch at patch 23, improvement=0.015422
  Accepted AddPatch at patch 24, improvement=0.015049
  Accepted AddPatch at patch 25, improvement=0.014945
  Total patches: 26, total adds: 6, total deletes: 0
  step 100/2000: loss=0.452996, patches=23
[SRD rewrite] deleted patch=25, position=(0.933, -0.119, 0.767), reason=Area 0.000581 below minimum 0.01
[SRD rewrite] deleted patch=23, position=(0.985, 0.030, 0.783), reason=Area 0.000587 below minimum 0.01
[SRD rewrite] deleted patch=21, position=(0.681, 0.528, 0.868), reason=Area 0.000704 below minimum 0.01
[SRD rewrite] deleted patch=4, position=(-2.103, -0.337, -1.476), reason=delete has no image effect
[SRD rewrite] restored patch=22, position=(-2.103, -0.337, -1.476), improvement=0.004601
[SRD rewrite] added patch=23, position=(1.268, -0.147, -1.089), improvement=0.004550
[SRD rewrite] added patch=24, position=(-2.151, 0.146, -0.752), improvement=0.004469
SRD step 150: evaluated 27 candidates, 23 promising, accepted 7
  Accepted RestorePatch(3) at patch 22, improvement=0.004601
  Accepted AddPatch at patch 23, improvement=0.004550
  Accepted AddPatch at patch 24, improvement=0.004469
  Mandatory DeletePatch(21) at patch 21, reason=Area 0.000704 below minimum 0.01
  Mandatory DeletePatch(23) at patch 23, reason=Area 0.000587 below minimum 0.01
  Mandatory DeletePatch(25) at patch 25, reason=Area 0.000581 below minimum 0.01
  Mandatory DeletePatch(4) at patch 4, reason=delete has no image effect
  Total patches: 25, total adds: 9, total deletes: 4
  step 150/2000: loss=0.350516, patches=26
[SRD rewrite] deleted patch=23, position=(1.171, -0.183, -1.105), reason=Area 0.007425 below minimum 0.01
[SRD rewrite] deleted patch=22, position=(-2.020, -0.253, -1.595), reason=delete has no image effect
[SRD rewrite] added patch=23, position=(1.301, 1.012, 0.729), improvement=0.004350
[SRD rewrite] added patch=24, position=(1.212, -0.152, 0.250), improvement=0.003877
[SRD rewrite] added patch=25, position=(1.238, -0.140, -0.192), improvement=0.003853
SRD step 200: evaluated 27 candidates, 26 promising, accepted 5
  Accepted AddPatch at patch 23, improvement=0.004350
  Accepted AddPatch at patch 24, improvement=0.003877
  Accepted AddPatch at patch 25, improvement=0.003853
  Mandatory DeletePatch(23) at patch 23, reason=Area 0.007425 below minimum 0.01
  Mandatory DeletePatch(22) at patch 22, reason=delete has no image effect
  Total patches: 26, total adds: 12, total deletes: 6
  step 200/2000: loss=0.301811, patches=25
[SRD rewrite] deleted patch=24, position=(1.212, -0.152, 0.250), reason=Area 0.009291 below minimum 0.01
[SRD rewrite] deleted patch=15, position=(-1.390, 0.116, -1.665), reason=delete has no image effect
SRD step 250: evaluated 27 candidates, 0 promising, accepted 2
  Mandatory DeletePatch(24) at patch 24, reason=Area 0.009291 below minimum 0.01
  Mandatory DeletePatch(15) at patch 15, reason=delete has no image effect
  Total patches: 24, total adds: 12, total deletes: 8
  step 250/2000: loss=0.263698, patches=26
[SRD rewrite] deleted patch=2, position=(0.513, -0.272, -1.280), reason=delete has no image effect
SRD step 300: evaluated 27 candidates, 0 promising, accepted 1
  Mandatory DeletePatch(2) at patch 2, reason=delete has no image effect
  Total patches: 23, total adds: 12, total deletes: 9
  step 300/2000: loss=0.250373, patches=24
SRD step 350: evaluated 27 candidates, 0 promising, accepted 0
  Total patches: 23, total adds: 12, total deletes: 9
  step 350/2000: loss=0.232772, patches=23
[SRD rewrite] deleted patch=17, position=(1.054, 0.473, 0.602), reason=Area 0.007568 below minimum 0.01
[SRD rewrite] added patch=22, position=(-0.909, -0.336, 1.614), improvement=0.001863
[SRD rewrite] added patch=23, position=(-1.593, -0.113, -1.586), improvement=0.001569
[SRD rewrite] restored patch=24, position=(1.054, 0.473, 0.602), improvement=0.001484
SRD step 400: evaluated 27 candidates, 27 promising, accepted 4
  Accepted AddPatch at patch 22, improvement=0.001863
  Accepted AddPatch at patch 23, improvement=0.001569
  Accepted RestorePatch(8) at patch 24, improvement=0.001484
  Mandatory DeletePatch(17) at patch 17, reason=Area 0.007568 below minimum 0.01
  Total patches: 25, total adds: 15, total deletes: 10
  step 400/2000: loss=0.216893, patches=23
[SRD rewrite] deleted patch=24, position=(1.137, 0.410, 0.597), reason=Area 0.000144 below minimum 0.01
[SRD rewrite] deleted patch=23, position=(-1.549, -0.081, -1.623), reason=Area 0.005040 below minimum 0.01
SRD step 450: evaluated 27 candidates, 0 promising, accepted 2
  Mandatory DeletePatch(23) at patch 23, reason=Area 0.005040 below minimum 0.01
  Mandatory DeletePatch(24) at patch 24, reason=Area 0.000144 below minimum 0.01
  Total patches: 23, total adds: 15, total deletes: 12
  step 450/2000: loss=0.190672, patches=25
[SRD rewrite] deleted patch=17, position=(0.685, 0.195, 0.000), reason=Area 0.009723 below minimum 0.01
[SRD rewrite] deleted patch=14, position=(-0.649, 0.869, -1.436), reason=Area 0.002434 below minimum 0.01
SRD step 500: evaluated 27 candidates, 0 promising, accepted 2
  Mandatory DeletePatch(14) at patch 14, reason=Area 0.002434 below minimum 0.01
  Mandatory DeletePatch(17) at patch 17, reason=Area 0.009723 below minimum 0.01
  Total patches: 21, total adds: 15, total deletes: 14
  step 500/2000: loss=0.181884, patches=23
SRD step 550: evaluated 27 candidates, 0 promising, accepted 0
  Total patches: 21, total adds: 15, total deletes: 14
  step 550/2000: loss=0.185049, patches=21
[SRD rewrite] added patch=21, position=(-0.735, -0.850, 1.209), improvement=0.002385
[SRD rewrite] added patch=22, position=(-1.820, 0.781, -1.738), improvement=0.000827
[SRD rewrite] restored patch=23, position=(-2.020, -0.253, -1.595), improvement=0.000693
SRD step 600: evaluated 27 candidates, 6 promising, accepted 3
  Accepted AddPatch at patch 21, improvement=0.002385
  Accepted AddPatch at patch 22, improvement=0.000827
  Accepted RestorePatch(4) at patch 23, improvement=0.000693
  Total patches: 24, total adds: 18, total deletes: 14
  step 600/2000: loss=0.178780, patches=21
[SRD rewrite] deleted patch=4, position=(-0.479, 0.691, -0.052), reason=Area 0.003113 below minimum 0.01
[SRD rewrite] deleted patch=22, position=(-2.020, -0.253, -1.595), reason=delete has no image effect
[SRD rewrite] added patch=22, position=(-1.190, 0.634, -1.505), improvement=0.000546
[SRD rewrite] restored patch=23, position=(-1.549, -0.081, -1.623), improvement=0.000114
SRD step 650: evaluated 27 candidates, 2 promising, accepted 4
  Accepted AddPatch at patch 22, improvement=0.000546
  Accepted RestorePatch(8) at patch 23, improvement=0.000114
  Mandatory DeletePatch(4) at patch 4, reason=Area 0.003113 below minimum 0.01
  Mandatory DeletePatch(22) at patch 22, reason=delete has no image effect
  Total patches: 24, total adds: 20, total deletes: 16
  step 650/2000: loss=0.159178, patches=24
[SRD rewrite] deleted patch=23, position=(-1.564, -0.087, -1.594), reason=Area 0.007297 below minimum 0.01
SRD step 700: evaluated 27 candidates, 0 promising, accepted 1
  Mandatory DeletePatch(23) at patch 23, reason=Area 0.007297 below minimum 0.01
  Total patches: 23, total adds: 20, total deletes: 17
  step 700/2000: loss=0.172807, patches=24
[SRD rewrite] deleted patch=4, position=(0.741, 1.149, 0.849), reason=Area 0.006458 below minimum 0.01
SRD step 750: evaluated 27 candidates, 0 promising, accepted 1
  Mandatory DeletePatch(4) at patch 4, reason=Area 0.006458 below minimum 0.01
  Total patches: 22, total adds: 20, total deletes: 18
  step 750/2000: loss=0.187098, patches=23
SRD step 800: evaluated 27 candidates, 0 promising, accepted 0
  Total patches: 22, total adds: 20, total deletes: 18
  step 800/2000: loss=0.201034, patches=22
[SRD rewrite] added patch=22, position=(1.599, 1.001, 0.602), improvement=0.001008
[SRD rewrite] added patch=23, position=(1.398, 1.111, -0.112), improvement=0.000064
SRD step 850: evaluated 27 candidates, 2 promising, accepted 2
  Accepted AddPatch at patch 22, improvement=0.001008
  Accepted AddPatch at patch 23, improvement=0.000064
  Total patches: 24, total adds: 22, total deletes: 18
  step 850/2000: loss=0.216470, patches=22
[SRD rewrite] added patch=24, position=(0.774, 0.679, -0.703), improvement=0.002783
[SRD rewrite] added patch=25, position=(1.282, 0.966, -0.077), improvement=0.002691
[SRD rewrite] restored patch=26, position=(-0.479, 0.691, -0.052), improvement=0.002469
SRD step 900: evaluated 27 candidates, 26 promising, accepted 3
  Accepted AddPatch at patch 24, improvement=0.002783
  Accepted AddPatch at patch 25, improvement=0.002691
  Accepted RestorePatch(10) at patch 26, improvement=0.002469
  Total patches: 27, total adds: 25, total deletes: 18
  step 900/2000: loss=0.182536, patches=24
[SRD rewrite] deleted patch=26, position=(-0.485, 0.771, 0.060), reason=Area 0.000318 below minimum 0.01
[SRD rewrite] deleted patch=25, position=(1.351, 1.014, -0.218), reason=Area 0.000447 below minimum 0.01
[SRD rewrite] deleted patch=24, position=(0.856, 0.596, -0.641), reason=Area 0.001644 below minimum 0.01
[SRD rewrite] deleted patch=18, position=(-0.679, -0.029, 1.678), reason=Area 0.002388 below minimum 0.01
SRD step 950: evaluated 27 candidates, 0 promising, accepted 4
  Mandatory DeletePatch(18) at patch 18, reason=Area 0.002388 below minimum 0.01
  Mandatory DeletePatch(24) at patch 24, reason=Area 0.001644 below minimum 0.01
  Mandatory DeletePatch(25) at patch 25, reason=Area 0.000447 below minimum 0.01
  Mandatory DeletePatch(26) at patch 26, reason=Area 0.000318 below minimum 0.01
  Total patches: 23, total adds: 25, total deletes: 22
  step 950/2000: loss=0.174188, patches=27
[SRD rewrite] deleted patch=20, position=(-1.223, 0.674, -1.500), reason=Area 0.008137 below minimum 0.01
[SRD rewrite] deleted patch=6, position=(-1.079, 0.713, -0.069), reason=Area 0.003066 below minimum 0.01
[SRD rewrite] deleted patch=4, position=(1.414, 1.101, -2.411), reason=delete has no image effect
SRD step 1000: evaluated 27 candidates, 0 promising, accepted 3
  Mandatory DeletePatch(6) at patch 6, reason=Area 0.003066 below minimum 0.01
  Mandatory DeletePatch(20) at patch 20, reason=Area 0.008137 below minimum 0.01
  Mandatory DeletePatch(4) at patch 4, reason=delete has no image effect
  Total patches: 20, total adds: 25, total deletes: 25
  step 1000/2000: loss=0.185362, patches=23
[SRD rewrite] deleted patch=19, position=(1.477, 1.139, -0.358), reason=Area 0.009262 below minimum 0.01
SRD step 1050: evaluated 27 candidates, 0 promising, accepted 1
  Mandatory DeletePatch(19) at patch 19, reason=Area 0.009262 below minimum 0.01
  Total patches: 19, total adds: 25, total deletes: 26
  step 1050/2000: loss=0.188473, patches=20
[SRD rewrite] added patch=19, position=(-0.777, -0.500, -0.909), improvement=0.000651
[SRD rewrite] restored patch=20, position=(0.685, 0.195, 0.000), improvement=0.000461
[SRD rewrite] restored patch=21, position=(1.477, 1.139, -0.358), improvement=0.000447
SRD step 1100: evaluated 27 candidates, 5 promising, accepted 3
  Accepted AddPatch at patch 19, improvement=0.000651
  Accepted RestorePatch(8) at patch 20, improvement=0.000461
  Accepted RestorePatch(20) at patch 21, improvement=0.000447
  Total patches: 22, total adds: 28, total deletes: 26
  step 1100/2000: loss=0.183918, patches=19
[SRD rewrite] deleted patch=21, position=(1.365, 1.061, -0.484), reason=Area 0.003725 below minimum 0.01
[SRD rewrite] deleted patch=20, position=(0.813, 0.340, -0.120), reason=Area 0.000442 below minimum 0.01
[SRD rewrite] deleted patch=19, position=(-0.937, -0.658, -0.963), reason=Area 0.000187 below minimum 0.01
SRD step 1150: evaluated 27 candidates, 0 promising, accepted 3
  Mandatory DeletePatch(19) at patch 19, reason=Area 0.000187 below minimum 0.01
  Mandatory DeletePatch(20) at patch 20, reason=Area 0.000442 below minimum 0.01
  Mandatory DeletePatch(21) at patch 21, reason=Area 0.003725 below minimum 0.01
  Total patches: 19, total adds: 28, total deletes: 29
  step 1150/2000: loss=0.164747, patches=22
[SRD rewrite] deleted patch=4, position=(0.293, 0.699, -0.116), reason=Area 0.008161 below minimum 0.01
[SRD rewrite] added patch=18, position=(-1.509, -0.614, -0.722), improvement=0.000129
[SRD rewrite] added patch=19, position=(-0.659, -0.604, 1.088), improvement=0.000037
SRD step 1200: evaluated 27 candidates, 2 promising, accepted 3
  Accepted AddPatch at patch 18, improvement=0.000129
  Accepted AddPatch at patch 19, improvement=0.000037
  Mandatory DeletePatch(4) at patch 4, reason=Area 0.008161 below minimum 0.01
  Total patches: 20, total adds: 30, total deletes: 30
  step 1200/2000: loss=0.170179, patches=19
[SRD rewrite] deleted patch=19, position=(-0.563, -0.478, 1.152), reason=Area 0.000303 below minimum 0.01
[SRD rewrite] deleted patch=18, position=(-1.462, -0.515, -0.864), reason=Area 0.000254 below minimum 0.01
SRD step 1250: evaluated 27 candidates, 0 promising, accepted 2
  Mandatory DeletePatch(18) at patch 18, reason=Area 0.000254 below minimum 0.01
  Mandatory DeletePatch(19) at patch 19, reason=Area 0.000303 below minimum 0.01
  Total patches: 18, total adds: 30, total deletes: 32
  step 1250/2000: loss=0.163235, patches=20
[SRD rewrite] added patch=18, position=(1.401, 1.121, 0.410), improvement=0.000101
SRD step 1300: evaluated 27 candidates, 1 promising, accepted 1
  Accepted AddPatch at patch 18, improvement=0.000101
  Total patches: 19, total adds: 31, total deletes: 32
  step 1300/2000: loss=0.166040, patches=18
[SRD rewrite] added patch=19, position=(-0.991, -0.900, -1.278), improvement=0.002553
[SRD rewrite] added patch=20, position=(-1.596, -0.621, -2.202), improvement=0.002346
[SRD rewrite] restored patch=21, position=(1.414, 1.101, -2.411), improvement=0.002272
SRD step 1350: evaluated 27 candidates, 24 promising, accepted 3
  Accepted AddPatch at patch 19, improvement=0.002553
  Accepted AddPatch at patch 20, improvement=0.002346
  Accepted RestorePatch(18) at patch 21, improvement=0.002272
  Total patches: 22, total adds: 34, total deletes: 32
  step 1350/2000: loss=0.164408, patches=19
[SRD rewrite] deleted patch=19, position=(-0.982, -0.914, -1.355), reason=Area 0.007372 below minimum 0.01
[SRD rewrite] deleted patch=20, position=(1.414, 1.101, -2.411), reason=delete has no image effect
SRD step 1400: evaluated 27 candidates, 0 promising, accepted 2
  Mandatory DeletePatch(19) at patch 19, reason=Area 0.007372 below minimum 0.01
  Mandatory DeletePatch(20) at patch 20, reason=delete has no image effect
  Total patches: 20, total adds: 34, total deletes: 34
  step 1400/2000: loss=0.161256, patches=22
[SRD rewrite] deleted patch=18, position=(1.593, 1.247, 0.099), reason=Area 0.007516 below minimum 0.01
SRD step 1450: evaluated 27 candidates, 0 promising, accepted 1
  Mandatory DeletePatch(18) at patch 18, reason=Area 0.007516 below minimum 0.01
  Total patches: 19, total adds: 34, total deletes: 35
  step 1450/2000: loss=0.168244, patches=20
[SRD rewrite] restored patch=19, position=(-2.020, -0.253, -1.595), improvement=0.001622
[SRD rewrite] added patch=20, position=(1.834, 1.055, 0.262), improvement=0.001530
[SRD rewrite] added patch=21, position=(-0.932, -0.923, -1.919), improvement=0.001525
SRD step 1500: evaluated 27 candidates, 7 promising, accepted 3
  Accepted RestorePatch(9) at patch 19, improvement=0.001622
  Accepted AddPatch at patch 20, improvement=0.001530
  Accepted AddPatch at patch 21, improvement=0.001525
  Total patches: 22, total adds: 37, total deletes: 35
  step 1500/2000: loss=0.176928, patches=19
[SRD rewrite] deleted patch=20, position=(1.829, 1.093, 0.398), reason=Area 0.001424 below minimum 0.01
[SRD rewrite] deleted patch=19, position=(-2.020, -0.253, -1.595), reason=delete has no image effect
[SRD rewrite] added patch=20, position=(-2.060, -0.739, -0.957), improvement=0.000000
SRD step 1550: evaluated 27 candidates, 1 promising, accepted 3
  Accepted AddPatch at patch 20, improvement=0.000000
  Mandatory DeletePatch(20) at patch 20, reason=Area 0.001424 below minimum 0.01
  Mandatory DeletePatch(19) at patch 19, reason=delete has no image effect
  Total patches: 21, total adds: 38, total deletes: 37
  step 1550/2000: loss=0.179298, patches=22
[SRD rewrite] deleted patch=20, position=(-2.045, -0.654, -1.101), reason=Area 0.000243 below minimum 0.01
SRD step 1600: evaluated 27 candidates, 0 promising, accepted 1
  Mandatory DeletePatch(20) at patch 20, reason=Area 0.000243 below minimum 0.01
  Total patches: 20, total adds: 38, total deletes: 38
  step 1600/2000: loss=0.167547, patches=21
[SRD rewrite] deleted patch=15, position=(-0.291, 0.131, 1.655), reason=Area 0.000263 below minimum 0.01
SRD step 1650: evaluated 27 candidates, 0 promising, accepted 1
  Mandatory DeletePatch(15) at patch 15, reason=Area 0.000263 below minimum 0.01
  Total patches: 19, total adds: 38, total deletes: 39
  step 1650/2000: loss=0.167401, patches=20
SRD step 1700: evaluated 27 candidates, 0 promising, accepted 0
  Total patches: 19, total adds: 38, total deletes: 39
  step 1700/2000: loss=0.172494, patches=19
SRD step 1750: evaluated 27 candidates, 0 promising, accepted 0
  Total patches: 19, total adds: 38, total deletes: 39
  step 1750/2000: loss=0.169336, patches=19
[SRD rewrite] deleted patch=3, position=(0.774, 1.324, -0.280), reason=Area 0.009546 below minimum 0.01
SRD step 1800: evaluated 27 candidates, 0 promising, accepted 1
  Mandatory DeletePatch(3) at patch 3, reason=Area 0.009546 below minimum 0.01
  Total patches: 18, total adds: 38, total deletes: 40
  step 1800/2000: loss=0.169783, patches=19
[SRD rewrite] added patch=18, position=(-1.145, -0.426, -0.990), improvement=0.003760
[SRD rewrite] added patch=19, position=(1.344, 0.151, -0.642), improvement=0.002791
[SRD rewrite] added patch=20, position=(-0.139, -0.036, 0.501), improvement=0.002762
SRD step 1850: evaluated 27 candidates, 25 promising, accepted 3
  Accepted AddPatch at patch 18, improvement=0.003760
  Accepted AddPatch at patch 19, improvement=0.002791
  Accepted AddPatch at patch 20, improvement=0.002762
  Total patches: 21, total adds: 41, total deletes: 40
  step 1850/2000: loss=0.177485, patches=18
[SRD rewrite] deleted patch=20, position=(-0.299, 0.118, 0.519), reason=Area 0.000242 below minimum 0.01
[SRD rewrite] deleted patch=19, position=(1.323, 0.142, -0.664), reason=Area 0.002080 below minimum 0.01
[SRD rewrite] deleted patch=18, position=(-1.289, -0.534, -1.065), reason=Area 0.000301 below minimum 0.01
[SRD rewrite] deleted patch=12, position=(0.791, -2.804, -1.606), reason=no image contribution, delete has no image effect
[SRD rewrite] restored patch=17, position=(-1.289, -0.534, -1.065), improvement=0.001187
[SRD rewrite] added patch=18, position=(0.024, -0.154, 0.429), improvement=0.000538
[SRD rewrite] added patch=19, position=(-1.301, -0.421, -0.906), improvement=0.000521
SRD step 1900: evaluated 27 candidates, 4 promising, accepted 7
  Accepted RestorePatch(33) at patch 17, improvement=0.001187
  Accepted AddPatch at patch 18, improvement=0.000538
  Accepted AddPatch at patch 19, improvement=0.000521
  Mandatory DeletePatch(18) at patch 18, reason=Area 0.000301 below minimum 0.01
  Mandatory DeletePatch(19) at patch 19, reason=Area 0.002080 below minimum 0.01
  Mandatory DeletePatch(20) at patch 20, reason=Area 0.000242 below minimum 0.01
  Mandatory DeletePatch(12) at patch 12, reason=no image contribution, delete has no image effect
  Total patches: 20, total adds: 44, total deletes: 44
  step 1900/2000: loss=0.166842, patches=21
[SRD rewrite] deleted patch=19, position=(-1.395, -0.423, -1.002), reason=Area 0.000536 below minimum 0.01
[SRD rewrite] deleted patch=18, position=(0.172, -0.262, 0.460), reason=Area 0.000125 below minimum 0.01
[SRD rewrite] deleted patch=17, position=(-1.410, -0.431, -1.168), reason=Area 0.000139 below minimum 0.01
SRD step 1950: evaluated 27 candidates, 0 promising, accepted 3
  Mandatory DeletePatch(17) at patch 17, reason=Area 0.000139 below minimum 0.01
  Mandatory DeletePatch(18) at patch 18, reason=Area 0.000125 below minimum 0.01
  Mandatory DeletePatch(19) at patch 19, reason=Area 0.000536 below minimum 0.01
  Total patches: 17, total adds: 44, total deletes: 47
  step 1950/2000: loss=0.164967, patches=20
[SRD rewrite] added patch=17, position=(1.703, 1.013, 0.455), improvement=0.001089
[SRD rewrite] added patch=18, position=(1.671, 1.067, 0.527), improvement=0.000782
SRD step 2000: evaluated 27 candidates, 2 promising, accepted 2
  Accepted AddPatch at patch 17, improvement=0.001089
  Accepted AddPatch at patch 18, improvement=0.000782
  Total patches: 19, total adds: 46, total deletes: 47
  step 2000/2000: loss=0.170670, patches=17
[SRD rewrite] deleted patch=18, position=(1.671, 1.067, 0.527), reason=Area 0.009291 below minimum 0.01
[SRD rewrite] deleted patch=17, position=(1.703, 1.013, 0.455), reason=Area 0.009291 below minimum 0.01
[SRD rewrite] deleted patch=4, position=(2.171, -0.886, 0.850), reason=final deletion pass improved loss
[Trial 1] done: loss=0.165072, time=8437.7s
[Trial 2/3] seed=1
[SRD rewrite] deleted patch=9, position=(-0.548, -0.322, -2.149), reason=delete has no image effect
[SRD rewrite] split patch=11, children=18,19, improvement=0.031773
[SRD rewrite] split patch=8, children=19,20, improvement=0.032645
[SRD rewrite] added patch=21, position=(0.888, 0.583, -0.648), improvement=0.028621
SRD step 50: evaluated 27 candidates, 25 promising, accepted 4
  Accepted SplitPatch(8) at patch 8, improvement=0.032645
  Accepted SplitPatch(11) at patch 11, improvement=0.031773
  Accepted AddPatch at patch 21, improvement=0.028621
  Mandatory DeletePatch(9) at patch 9, reason=delete has no image effect
  Total patches: 22, total adds: 3, total deletes: 1
  step 50/2000: loss=0.703933, patches=20
[SRD rewrite] deleted patch=20, position=(-0.277, -0.186, -2.019), reason=Area 0.001026 below minimum 0.01
[SRD rewrite] deleted patch=19, position=(-0.258, -0.317, -2.097), reason=Area 0.001470 below minimum 0.01
[SRD rewrite] deleted patch=18, position=(-1.345, -1.235, -0.227), reason=Area 0.003705 below minimum 0.01
[SRD rewrite] deleted patch=17, position=(-1.312, -1.469, -0.224), reason=Area 0.000704 below minimum 0.01
[SRD rewrite] added patch=18, position=(1.038, 1.073, 0.592), improvement=0.016094
[SRD rewrite] added patch=19, position=(1.016, 1.161, -0.567), improvement=0.015934
[SRD rewrite] added patch=20, position=(0.821, 0.346, 1.148), improvement=0.015033
SRD step 100: evaluated 27 candidates, 24 promising, accepted 7
  Accepted AddPatch at patch 18, improvement=0.016094
  Accepted AddPatch at patch 19, improvement=0.015934
  Accepted AddPatch at patch 20, improvement=0.015033
  Mandatory DeletePatch(17) at patch 17, reason=Area 0.000704 below minimum 0.01
  Mandatory DeletePatch(18) at patch 18, reason=Area 0.003705 below minimum 0.01
  Mandatory DeletePatch(19) at patch 19, reason=Area 0.001470 below minimum 0.01
  Mandatory DeletePatch(20) at patch 20, reason=Area 0.001026 below minimum 0.01
  Total patches: 21, total adds: 6, total deletes: 5
  step 100/2000: loss=0.435059, patches=22
[SRD rewrite] deleted patch=5, position=(-1.372, 0.516, 1.416), reason=Area 0.003604 below minimum 0.01
[SRD rewrite] split patch=7, children=19,20, improvement=0.011112
[SRD rewrite] added patch=21, position=(-1.125, -0.083, 0.579), improvement=0.006892
[SRD rewrite] added patch=22, position=(0.746, 0.998, -0.907), improvement=0.006729
SRD step 150: evaluated 27 candidates, 20 promising, accepted 4
  Accepted SplitPatch(7) at patch 7, improvement=0.011112
  Accepted AddPatch at patch 21, improvement=0.006892
  Accepted AddPatch at patch 22, improvement=0.006729
  Mandatory DeletePatch(5) at patch 5, reason=Area 0.003604 below minimum 0.01
  Total patches: 23, total adds: 9, total deletes: 6
  step 150/2000: loss=0.331469, patches=21
[SRD rewrite] deleted patch=22, position=(0.638, 1.138, -0.848), reason=Area 0.000548 below minimum 0.01
[SRD rewrite] deleted patch=20, position=(-1.099, 0.012, -2.250), reason=Area 0.000823 below minimum 0.01
[SRD rewrite] deleted patch=19, position=(-0.956, 0.034, -2.318), reason=Area 0.008649 below minimum 0.01
[SRD rewrite] deleted patch=17, position=(0.981, 1.304, -0.511), reason=Area 0.000752 below minimum 0.01
[SRD rewrite] deleted patch=0, position=(-0.756, 0.469, -1.472), reason=delete has no image effect
[SRD rewrite] added patch=18, position=(1.450, 1.143, 0.115), improvement=0.000740
[SRD rewrite] added patch=19, position=(-0.253, 0.085, 0.179), improvement=0.000545
[SRD rewrite] added patch=20, position=(-0.558, -0.376, 1.384), improvement=0.000237
SRD step 200: evaluated 27 candidates, 5 promising, accepted 8
  Accepted AddPatch at patch 18, improvement=0.000740
  Accepted AddPatch at patch 19, improvement=0.000545
  Accepted AddPatch at patch 20, improvement=0.000237
  Mandatory DeletePatch(17) at patch 17, reason=Area 0.000752 below minimum 0.01
  Mandatory DeletePatch(19) at patch 19, reason=Area 0.008649 below minimum 0.01
  Mandatory DeletePatch(20) at patch 20, reason=Area 0.000823 below minimum 0.01
  Mandatory DeletePatch(22) at patch 22, reason=Area 0.000548 below minimum 0.01
  Mandatory DeletePatch(0) at patch 0, reason=delete has no image effect
  Total patches: 21, total adds: 12, total deletes: 11
  step 200/2000: loss=0.295263, patches=23
[SRD rewrite] deleted patch=19, position=(-0.247, 0.224, 0.067), reason=Area 0.000344 below minimum 0.01
[SRD rewrite] added patch=20, position=(1.740, 0.996, 0.130), improvement=0.000244
SRD step 250: evaluated 27 candidates, 1 promising, accepted 2
  Accepted AddPatch at patch 20, improvement=0.000244
  Mandatory DeletePatch(19) at patch 19, reason=Area 0.000344 below minimum 0.01
  Total patches: 21, total adds: 13, total deletes: 12
  step 250/2000: loss=0.278914, patches=21
[SRD rewrite] deleted patch=16, position=(0.963, 0.341, 1.286), reason=Area 0.009770 below minimum 0.01
[SRD rewrite] deleted patch=15, position=(1.216, 1.423, 0.229), reason=Area 0.008509 below minimum 0.01
SRD step 300: evaluated 27 candidates, 0 promising, accepted 2
  Mandatory DeletePatch(15) at patch 15, reason=Area 0.008509 below minimum 0.01
  Mandatory DeletePatch(16) at patch 16, reason=Area 0.009770 below minimum 0.01
  Total patches: 19, total adds: 13, total deletes: 14
  step 300/2000: loss=0.271878, patches=21
[SRD rewrite] added patch=19, position=(-1.559, -0.080, -1.768), improvement=0.001683
[SRD rewrite] added patch=20, position=(-0.644, -0.289, 0.982), improvement=0.001583
[SRD rewrite] added patch=21, position=(-1.460, -0.113, -1.369), improvement=0.001439
SRD step 350: evaluated 27 candidates, 19 promising, accepted 3
  Accepted AddPatch at patch 19, improvement=0.001683
  Accepted AddPatch at patch 20, improvement=0.001583
  Accepted AddPatch at patch 21, improvement=0.001439
  Total patches: 22, total adds: 16, total deletes: 14
  step 350/2000: loss=0.267435, patches=19
[SRD rewrite] deleted patch=21, position=(-1.460, -0.113, -1.369), reason=Area 0.009291 below minimum 0.01
[SRD rewrite] deleted patch=19, position=(-1.559, -0.080, -1.768), reason=Area 0.009291 below minimum 0.01
[SRD rewrite] deleted patch=16, position=(1.391, 1.290, -0.268), reason=Area 0.005433 below minimum 0.01
[SRD rewrite] added patch=19, position=(-0.566, -0.324, 0.772), improvement=0.000393
[SRD rewrite] added patch=20, position=(0.016, 0.430, 1.464), improvement=0.000387
[SRD rewrite] added patch=21, position=(-1.379, -0.114, -0.757), improvement=0.000355
SRD step 400: evaluated 27 candidates, 4 promising, accepted 6
  Accepted AddPatch at patch 19, improvement=0.000393
  Accepted AddPatch at patch 20, improvement=0.000387
  Accepted AddPatch at patch 21, improvement=0.000355
  Mandatory DeletePatch(16) at patch 16, reason=Area 0.005433 below minimum 0.01
  Mandatory DeletePatch(19) at patch 19, reason=Area 0.009291 below minimum 0.01
  Mandatory DeletePatch(21) at patch 21, reason=Area 0.009291 below minimum 0.01
  Total patches: 22, total adds: 19, total deletes: 17
  step 400/2000: loss=0.246947, patches=22
[SRD rewrite] deleted patch=20, position=(0.048, 0.426, 1.465), reason=Area 0.003567 below minimum 0.01
[SRD rewrite] deleted patch=18, position=(-0.407, -0.252, 1.118), reason=Area 0.001707 below minimum 0.01
[SRD rewrite] deleted patch=16, position=(-0.428, -0.408, 1.536), reason=Area 0.009027 below minimum 0.01
SRD step 450: evaluated 27 candidates, 0 promising, accepted 3
  Mandatory DeletePatch(16) at patch 16, reason=Area 0.009027 below minimum 0.01
  Mandatory DeletePatch(18) at patch 18, reason=Area 0.001707 below minimum 0.01
  Mandatory DeletePatch(20) at patch 20, reason=Area 0.003567 below minimum 0.01
  Total patches: 19, total adds: 19, total deletes: 20
  step 450/2000: loss=0.233413, patches=22
SRD step 500: evaluated 27 candidates, 0 promising, accepted 0
  Total patches: 19, total adds: 19, total deletes: 20
  step 500/2000: loss=0.235511, patches=19
SRD step 550: evaluated 27 candidates, 0 promising, accepted 0
  Total patches: 19, total adds: 19, total deletes: 20
  step 550/2000: loss=0.233855, patches=19
[SRD rewrite] added patch=19, position=(-1.893, 0.214, 0.214), improvement=0.000331
SRD step 600: evaluated 27 candidates, 1 promising, accepted 1
  Accepted AddPatch at patch 19, improvement=0.000331
  Total patches: 20, total adds: 20, total deletes: 20
  step 600/2000: loss=0.217596, patches=19
[SRD rewrite] deleted patch=17, position=(-0.363, -0.362, 0.721), reason=Area 0.009344 below minimum 0.01
[SRD rewrite] deleted patch=8, position=(1.601, -0.077, 2.353), reason=Area 0.007604 below minimum 0.01
[SRD rewrite] added patch=18, position=(-2.330, 0.122, -1.626), improvement=0.000896
[SRD rewrite] added patch=19, position=(-1.806, 0.418, 0.379), improvement=0.000809
[SRD rewrite] restored patch=20, position=(-1.460, -0.113, -1.369), improvement=0.000404
SRD step 650: evaluated 27 candidates, 5 promising, accepted 5
  Accepted AddPatch at patch 18, improvement=0.000896
  Accepted AddPatch at patch 19, improvement=0.000809
  Accepted RestorePatch(17) at patch 20, improvement=0.000404
  Mandatory DeletePatch(8) at patch 8, reason=Area 0.007604 below minimum 0.01
  Mandatory DeletePatch(17) at patch 17, reason=Area 0.009344 below minimum 0.01
  Total patches: 21, total adds: 23, total deletes: 22
  step 650/2000: loss=0.203716, patches=20
[SRD rewrite] deleted patch=20, position=(-1.460, -0.113, -1.369), reason=Area 0.009291 below minimum 0.01
[SRD rewrite] deleted patch=19, position=(-1.816, 0.449, 0.264), reason=Area 0.006750 below minimum 0.01
SRD step 700: evaluated 27 candidates, 0 promising, accepted 2
  Mandatory DeletePatch(19) at patch 19, reason=Area 0.006750 below minimum 0.01
  Mandatory DeletePatch(20) at patch 20, reason=Area 0.009291 below minimum 0.01
  Total patches: 19, total adds: 23, total deletes: 24
  step 700/2000: loss=0.189063, patches=21
SRD step 750: evaluated 27 candidates, 0 promising, accepted 0
  Total patches: 19, total adds: 23, total deletes: 24
  step 750/2000: loss=0.182939, patches=19
[SRD rewrite] added patch=19, position=(1.688, 1.012, -0.026), improvement=0.001328
[SRD rewrite] added patch=20, position=(1.531, 1.086, 0.430), improvement=0.000676
[SRD rewrite] added patch=21, position=(-0.988, -0.378, 1.915), improvement=0.000396
SRD step 800: evaluated 27 candidates, 4 promising, accepted 3
  Accepted AddPatch at patch 19, improvement=0.001328
  Accepted AddPatch at patch 20, improvement=0.000676
  Accepted AddPatch at patch 21, improvement=0.000396
  Total patches: 22, total adds: 26, total deletes: 24
  step 800/2000: loss=0.184205, patches=19
[SRD rewrite] deleted patch=21, position=(-0.984, -0.424, 1.907), reason=Area 0.006146 below minimum 0.01
[SRD rewrite] deleted patch=20, position=(1.634, 1.208, 0.303), reason=Area 0.000265 below minimum 0.01
SRD step 850: evaluated 27 candidates, 0 promising, accepted 2
  Mandatory DeletePatch(20) at patch 20, reason=Area 0.000265 below minimum 0.01
  Mandatory DeletePatch(21) at patch 21, reason=Area 0.006146 below minimum 0.01
  Total patches: 20, total adds: 26, total deletes: 26
  step 850/2000: loss=0.169089, patches=22
SRD step 900: evaluated 27 candidates, 0 promising, accepted 0
  Total patches: 20, total adds: 26, total deletes: 26
  step 900/2000: loss=0.164968, patches=20
SRD step 950: evaluated 27 candidates, 0 promising, accepted 0
  Total patches: 20, total adds: 26, total deletes: 26
  step 950/2000: loss=0.162999, patches=20
[SRD rewrite] deleted patch=14, position=(-1.320, 0.394, 0.021), reason=Area 0.006920 below minimum 0.01
SRD step 1000: evaluated 27 candidates, 0 promising, accepted 1
  Mandatory DeletePatch(14) at patch 14, reason=Area 0.006920 below minimum 0.01
  Total patches: 19, total adds: 26, total deletes: 27
  step 1000/2000: loss=0.161133, patches=20
SRD step 1050: evaluated 27 candidates, 0 promising, accepted 0
  Total patches: 19, total adds: 26, total deletes: 27
  step 1050/2000: loss=0.161184, patches=19
SRD step 1100: evaluated 27 candidates, 0 promising, accepted 0
  Total patches: 19, total adds: 26, total deletes: 27
  step 1100/2000: loss=0.163240, patches=19
SRD step 1150: evaluated 27 candidates, 0 promising, accepted 0
  Total patches: 19, total adds: 26, total deletes: 27
  step 1150/2000: loss=0.163736, patches=19
SRD step 1200: evaluated 27 candidates, 0 promising, accepted 0
  Total patches: 19, total adds: 26, total deletes: 27
  step 1200/2000: loss=0.164654, patches=19
SRD step 1250: evaluated 27 candidates, 0 promising, accepted 0
  Total patches: 19, total adds: 26, total deletes: 27
  step 1250/2000: loss=0.167067, patches=19
SRD step 1300: evaluated 27 candidates, 0 promising, accepted 0
  Total patches: 19, total adds: 26, total deletes: 27
  step 1300/2000: loss=0.170059, patches=19
[SRD rewrite] added patch=19, position=(-2.134, 0.030, -0.904), improvement=0.002201
[SRD rewrite] added patch=20, position=(-2.297, 0.055, -1.522), improvement=0.002046
[SRD rewrite] added patch=21, position=(-0.238, -0.300, -1.564), improvement=0.001864
SRD step 1350: evaluated 27 candidates, 22 promising, accepted 3
  Accepted AddPatch at patch 19, improvement=0.002201
  Accepted AddPatch at patch 20, improvement=0.002046
  Accepted AddPatch at patch 21, improvement=0.001864
  Total patches: 22, total adds: 29, total deletes: 27
  step 1350/2000: loss=0.171715, patches=19
[SRD rewrite] deleted patch=20, position=(-2.269, 0.011, -1.462), reason=Area 0.001491 below minimum 0.01
SRD step 1400: evaluated 27 candidates, 0 promising, accepted 1
  Mandatory DeletePatch(20) at patch 20, reason=Area 0.001491 below minimum 0.01
  Total patches: 21, total adds: 29, total deletes: 28
  step 1400/2000: loss=0.167563, patches=22
[SRD rewrite] deleted patch=20, position=(-0.252, -0.308, -1.548), reason=Area 0.009876 below minimum 0.01
[SRD rewrite] added patch=20, position=(-1.380, -0.557, -0.640), improvement=0.001374
[SRD rewrite] added patch=21, position=(1.167, 0.006, 0.225), improvement=0.000877
[SRD rewrite] restored patch=22, position=(0.048, 0.426, 1.465), improvement=0.000480
SRD step 1450: evaluated 27 candidates, 8 promising, accepted 4
  Accepted AddPatch at patch 20, improvement=0.001374
  Accepted AddPatch at patch 21, improvement=0.000877
  Accepted RestorePatch(19) at patch 22, improvement=0.000480
  Mandatory DeletePatch(20) at patch 20, reason=Area 0.009876 below minimum 0.01
  Total patches: 23, total adds: 32, total deletes: 29
  step 1450/2000: loss=0.169098, patches=21
[SRD rewrite] deleted patch=22, position=(-0.062, 0.349, 1.495), reason=Area 0.000118 below minimum 0.01
[SRD rewrite] deleted patch=21, position=(1.205, 0.005, 0.069), reason=Area 0.001539 below minimum 0.01
[SRD rewrite] added patch=21, position=(1.325, 0.125, -0.896), improvement=0.002232
[SRD rewrite] added patch=22, position=(-1.602, -0.648, -0.996), improvement=0.002135
[SRD rewrite] added patch=23, position=(-1.172, -0.440, 1.692), improvement=0.001667
SRD step 1500: evaluated 27 candidates, 25 promising, accepted 5
  Accepted AddPatch at patch 21, improvement=0.002232
  Accepted AddPatch at patch 22, improvement=0.002135
  Accepted AddPatch at patch 23, improvement=0.001667
  Mandatory DeletePatch(21) at patch 21, reason=Area 0.001539 below minimum 0.01
  Mandatory DeletePatch(22) at patch 22, reason=Area 0.000118 below minimum 0.01
  Total patches: 24, total adds: 35, total deletes: 31
  step 1500/2000: loss=0.161428, patches=23
[SRD rewrite] deleted patch=23, position=(-1.094, -0.495, 1.754), reason=Area 0.000305 below minimum 0.01
SRD step 1550: evaluated 27 candidates, 0 promising, accepted 1
  Mandatory DeletePatch(23) at patch 23, reason=Area 0.000305 below minimum 0.01
  Total patches: 23, total adds: 35, total deletes: 32
  step 1550/2000: loss=0.161475, patches=24
SRD step 1600: evaluated 27 candidates, 0 promising, accepted 0
  Total patches: 23, total adds: 35, total deletes: 32
  step 1600/2000: loss=0.162397, patches=23
[SRD rewrite] added patch=23, position=(-0.580, -1.061, 1.189), improvement=0.000609
SRD step 1650: evaluated 27 candidates, 1 promising, accepted 1
  Accepted AddPatch at patch 23, improvement=0.000609
  Total patches: 24, total adds: 36, total deletes: 32
  step 1650/2000: loss=0.162501, patches=23
SRD step 1700: evaluated 27 candidates, 0 promising, accepted 0
  Total patches: 24, total adds: 36, total deletes: 32
  step 1700/2000: loss=0.156784, patches=24
SRD step 1750: evaluated 27 candidates, 0 promising, accepted 0
  Total patches: 24, total adds: 36, total deletes: 32
  step 1750/2000: loss=0.155543, patches=24
[SRD rewrite] added patch=24, position=(1.285, 0.032, -0.800), improvement=0.001312
[SRD rewrite] added patch=25, position=(1.169, 0.383, -1.286), improvement=0.001161
[SRD rewrite] added patch=26, position=(1.328, 0.747, -0.748), improvement=0.000953
SRD step 1800: evaluated 27 candidates, 18 promising, accepted 3
  Accepted AddPatch at patch 24, improvement=0.001312
  Accepted AddPatch at patch 25, improvement=0.001161
  Accepted AddPatch at patch 26, improvement=0.000953
  Total patches: 27, total adds: 39, total deletes: 32
  step 1800/2000: loss=0.159843, patches=24
[SRD rewrite] deleted patch=26, position=(1.324, 0.762, -0.814), reason=Area 0.002701 below minimum 0.01
[SRD rewrite] deleted patch=25, position=(1.299, 0.333, -1.407), reason=Area 0.001053 below minimum 0.01
[SRD rewrite] deleted patch=24, position=(1.341, 0.057, -0.935), reason=Area 0.008439 below minimum 0.01
SRD step 1850: evaluated 27 candidates, 0 promising, accepted 3
  Mandatory DeletePatch(24) at patch 24, reason=Area 0.008439 below minimum 0.01
  Mandatory DeletePatch(25) at patch 25, reason=Area 0.001053 below minimum 0.01
  Mandatory DeletePatch(26) at patch 26, reason=Area 0.002701 below minimum 0.01
  Total patches: 24, total adds: 39, total deletes: 35
  step 1850/2000: loss=0.151756, patches=27
[SRD rewrite] deleted patch=21, position=(1.398, 0.368, -1.203), reason=Area 0.004420 below minimum 0.01
SRD step 1900: evaluated 27 candidates, 0 promising, accepted 1
  Mandatory DeletePatch(21) at patch 21, reason=Area 0.004420 below minimum 0.01
  Total patches: 23, total adds: 39, total deletes: 36
  step 1900/2000: loss=0.149783, patches=24
SRD step 1950: evaluated 27 candidates, 0 promising, accepted 0
  Total patches: 23, total adds: 39, total deletes: 36
  step 1950/2000: loss=0.156021, patches=23
[SRD rewrite] added patch=23, position=(1.340, 0.086, -1.200), improvement=0.000016
SRD step 2000: evaluated 27 candidates, 1 promising, accepted 1
  Accepted AddPatch at patch 23, improvement=0.000016
  Total patches: 24, total adds: 40, total deletes: 36
  step 2000/2000: loss=0.155433, patches=23
[SRD rewrite] deleted patch=23, position=(1.340, 0.086, -1.200), reason=Area 0.009291 below minimum 0.01
[Trial 2] done: loss=0.156071, time=8577.9s
[Trial 3/3] seed=2
[SRD rewrite] split patch=9, children=19,20, improvement=0.034885
[SRD rewrite] split patch=5, children=20,21, improvement=0.034628
[SRD rewrite] added patch=22, position=(0.716, 0.283, 0.856), improvement=0.034456
SRD step 50: evaluated 27 candidates, 27 promising, accepted 3
  Accepted SplitPatch(9) at patch 9, improvement=0.034885
  Accepted SplitPatch(5) at patch 5, improvement=0.034628
  Accepted AddPatch at patch 22, improvement=0.034456
  Total patches: 23, total adds: 3, total deletes: 0
  step 50/2000: loss=0.697012, patches=20
[SRD rewrite] deleted patch=21, position=(-1.012, -0.559, -2.021), reason=Area 0.000471 below minimum 0.01
[SRD rewrite] deleted patch=20, position=(-0.883, -0.582, -1.876), reason=Area 0.003293 below minimum 0.01
[SRD rewrite] deleted patch=19, position=(1.319, -0.027, -1.915), reason=Area 0.009985 below minimum 0.01
[SRD rewrite] deleted patch=18, position=(1.429, -0.137, -1.839), reason=Area 0.003396 below minimum 0.01
[SRD rewrite] deleted patch=13, position=(-2.032, 0.278, -1.853), reason=delete has no image effect
[SRD rewrite] added patch=18, position=(1.101, 1.071, -0.502), improvement=0.011654
[SRD rewrite] added patch=19, position=(0.906, 0.731, -0.658), improvement=0.011637
[SRD rewrite] added patch=20, position=(0.681, 0.332, 1.273), improvement=0.011358
SRD step 100: evaluated 27 candidates, 25 promising, accepted 8
  Accepted AddPatch at patch 18, improvement=0.011654
  Accepted AddPatch at patch 19, improvement=0.011637
  Accepted AddPatch at patch 20, improvement=0.011358
  Mandatory DeletePatch(18) at patch 18, reason=Area 0.003396 below minimum 0.01
  Mandatory DeletePatch(19) at patch 19, reason=Area 0.009985 below minimum 0.01
  Mandatory DeletePatch(20) at patch 20, reason=Area 0.003293 below minimum 0.01
  Mandatory DeletePatch(21) at patch 21, reason=Area 0.000471 below minimum 0.01
  Mandatory DeletePatch(13) at patch 13, reason=delete has no image effect
  Total patches: 21, total adds: 6, total deletes: 5
  step 100/2000: loss=0.491673, patches=23
[SRD rewrite] added patch=21, position=(1.010, 0.738, -0.899), improvement=0.004606
[SRD rewrite] added patch=22, position=(1.065, 0.672, -0.811), improvement=0.004334
[SRD rewrite] added patch=23, position=(-0.528, -0.184, 1.537), improvement=0.004241
SRD step 150: evaluated 27 candidates, 21 promising, accepted 3
  Accepted AddPatch at patch 21, improvement=0.004606
  Accepted AddPatch at patch 22, improvement=0.004334
  Accepted AddPatch at patch 23, improvement=0.004241
  Total patches: 24, total adds: 9, total deletes: 5
  step 150/2000: loss=0.387210, patches=21
[SRD rewrite] added patch=24, position=(1.066, 0.839, -0.996), improvement=0.006608
[SRD rewrite] added patch=25, position=(1.189, 0.448, -0.683), improvement=0.006602
[SRD rewrite] added patch=26, position=(1.341, 0.719, -0.869), improvement=0.006468
SRD step 200: evaluated 27 candidates, 21 promising, accepted 3
  Accepted AddPatch at patch 24, improvement=0.006608
  Accepted AddPatch at patch 25, improvement=0.006602
  Accepted AddPatch at patch 26, improvement=0.006468
  Total patches: 27, total adds: 12, total deletes: 5
  step 200/2000: loss=0.350087, patches=24
[SRD rewrite] deleted patch=22, position=(1.186, 0.585, -0.770), reason=Area 0.004199 below minimum 0.01
[SRD rewrite] deleted patch=20, position=(0.636, 0.339, 1.370), reason=Area 0.000541 below minimum 0.01
[SRD rewrite] added patch=25, position=(1.599, 0.899, 0.796), improvement=0.004212
[SRD rewrite] added patch=26, position=(1.761, 0.999, -0.147), improvement=0.003826
[SRD rewrite] added patch=27, position=(-0.821, -0.387, 1.551), improvement=0.003593
SRD step 250: evaluated 27 candidates, 24 promising, accepted 5
  Accepted AddPatch at patch 25, improvement=0.004212
  Accepted AddPatch at patch 26, improvement=0.003826
  Accepted AddPatch at patch 27, improvement=0.003593
  Mandatory DeletePatch(20) at patch 20, reason=Area 0.000541 below minimum 0.01
  Mandatory DeletePatch(22) at patch 22, reason=Area 0.004199 below minimum 0.01
  Total patches: 28, total adds: 15, total deletes: 7
  step 250/2000: loss=0.294699, patches=27
[SRD rewrite] deleted patch=26, position=(1.796, 0.949, -0.106), reason=Area 0.008740 below minimum 0.01
[SRD rewrite] deleted patch=24, position=(1.299, 0.735, -0.830), reason=Area 0.005885 below minimum 0.01
[SRD rewrite] deleted patch=22, position=(1.170, 0.823, -0.967), reason=delete has no image effect
[SRD rewrite] split patch=6, children=24,25, improvement=0.005395
SRD step 300: evaluated 27 candidates, 1 promising, accepted 4
  Accepted SplitPatch(6) at patch 6, improvement=0.005395
  Mandatory DeletePatch(24) at patch 24, reason=Area 0.005885 below minimum 0.01
  Mandatory DeletePatch(26) at patch 26, reason=Area 0.008740 below minimum 0.01
  Mandatory DeletePatch(22) at patch 22, reason=delete has no image effect
  Total patches: 26, total adds: 16, total deletes: 10
  step 300/2000: loss=0.277918, patches=28
[SRD rewrite] deleted patch=25, position=(-2.146, -0.074, 0.856), reason=Area 0.001115 below minimum 0.01
[SRD rewrite] deleted patch=24, position=(-2.059, -0.151, 0.951), reason=Area 0.000681 below minimum 0.01
[SRD rewrite] deleted patch=23, position=(-0.731, -0.321, 1.640), reason=Area 0.007035 below minimum 0.01
[SRD rewrite] deleted patch=19, position=(1.307, 1.043, -0.748), reason=Area 0.000237 below minimum 0.01
SRD step 350: evaluated 27 candidates, 0 promising, accepted 4
  Mandatory DeletePatch(19) at patch 19, reason=Area 0.000237 below minimum 0.01
  Mandatory DeletePatch(23) at patch 23, reason=Area 0.007035 below minimum 0.01
  Mandatory DeletePatch(24) at patch 24, reason=Area 0.000681 below minimum 0.01
  Mandatory DeletePatch(25) at patch 25, reason=Area 0.001115 below minimum 0.01
  Total patches: 22, total adds: 16, total deletes: 14
  step 350/2000: loss=0.281148, patches=26
SRD step 400: evaluated 27 candidates, 0 promising, accepted 0
  Total patches: 22, total adds: 16, total deletes: 14
  step 400/2000: loss=0.288235, patches=22
[SRD rewrite] added patch=22, position=(0.716, -0.222, 1.332), improvement=0.000294
[SRD rewrite] added patch=23, position=(0.012, 0.080, -1.381), improvement=0.000002
SRD step 450: evaluated 27 candidates, 2 promising, accepted 2
  Accepted AddPatch at patch 22, improvement=0.000294
  Accepted AddPatch at patch 23, improvement=0.000002
  Total patches: 24, total adds: 18, total deletes: 14
  step 450/2000: loss=0.282113, patches=22
[SRD rewrite] added patch=24, position=(-2.010, 0.306, -0.223), improvement=0.002127
[SRD rewrite] added patch=25, position=(-1.775, 0.147, 0.623), improvement=0.000504
[SRD rewrite] added patch=26, position=(-1.430, -0.332, -1.788), improvement=0.000271
SRD step 500: evaluated 27 candidates, 8 promising, accepted 3
  Accepted AddPatch at patch 24, improvement=0.002127
  Accepted AddPatch at patch 25, improvement=0.000504
  Accepted AddPatch at patch 26, improvement=0.000271
  Total patches: 27, total adds: 21, total deletes: 14
  step 500/2000: loss=0.269962, patches=24
[SRD rewrite] deleted patch=26, position=(-1.418, -0.339, -1.767), reason=Area 0.001933 below minimum 0.01
[SRD rewrite] deleted patch=25, position=(-1.831, 0.205, 0.470), reason=Area 0.004006 below minimum 0.01
[SRD rewrite] deleted patch=24, position=(-1.981, 0.306, -0.166), reason=Area 0.002771 below minimum 0.01
[SRD rewrite] deleted patch=20, position=(1.195, 0.394, -0.348), reason=Area 0.009433 below minimum 0.01
[SRD rewrite] deleted patch=0, position=(1.044, -2.066, 0.809), reason=no image contribution, delete has no image effect
SRD step 550: evaluated 27 candidates, 0 promising, accepted 5
  Mandatory DeletePatch(20) at patch 20, reason=Area 0.009433 below minimum 0.01
  Mandatory DeletePatch(24) at patch 24, reason=Area 0.002771 below minimum 0.01
  Mandatory DeletePatch(25) at patch 25, reason=Area 0.004006 below minimum 0.01
  Mandatory DeletePatch(26) at patch 26, reason=Area 0.001933 below minimum 0.01
  Mandatory DeletePatch(0) at patch 0, reason=no image contribution, delete has no image effect
  Total patches: 22, total adds: 21, total deletes: 19
  step 550/2000: loss=0.247405, patches=27
[SRD rewrite] added patch=22, position=(-0.065, -0.051, -0.305), improvement=0.003333
[SRD rewrite] restored patch=23, position=(-0.731, -0.321, 1.640), improvement=0.003131
[SRD rewrite] added patch=24, position=(-1.947, 0.149, 0.074), improvement=0.002972
SRD step 600: evaluated 27 candidates, 20 promising, accepted 3
  Accepted AddPatch at patch 22, improvement=0.003333
  Accepted RestorePatch(15) at patch 23, improvement=0.003131
  Accepted AddPatch at patch 24, improvement=0.002972
  Total patches: 25, total adds: 24, total deletes: 19
  step 600/2000: loss=0.241013, patches=22
[SRD rewrite] deleted patch=23, position=(-0.666, -0.233, 1.638), reason=Area 0.000214 below minimum 0.01
[SRD rewrite] deleted patch=22, position=(-0.024, 0.036, -0.445), reason=Area 0.004182 below minimum 0.01
[SRD rewrite] deleted patch=7, position=(-1.859, -0.757, -0.206), reason=Area 0.006237 below minimum 0.01
SRD step 650: evaluated 27 candidates, 0 promising, accepted 3
  Mandatory DeletePatch(7) at patch 7, reason=Area 0.006237 below minimum 0.01
  Mandatory DeletePatch(22) at patch 22, reason=Area 0.004182 below minimum 0.01
  Mandatory DeletePatch(23) at patch 23, reason=Area 0.000214 below minimum 0.01
  Total patches: 22, total adds: 24, total deletes: 22
  step 650/2000: loss=0.231811, patches=25
SRD step 700: evaluated 27 candidates, 0 promising, accepted 0
  Total patches: 22, total adds: 24, total deletes: 22
  step 700/2000: loss=0.234973, patches=22
SRD step 750: evaluated 27 candidates, 0 promising, accepted 0
  Total patches: 22, total adds: 24, total deletes: 22
  step 750/2000: loss=0.227629, patches=22
SRD step 800: evaluated 27 candidates, 0 promising, accepted 0
  Total patches: 22, total adds: 24, total deletes: 22
  step 800/2000: loss=0.220109, patches=22
[SRD rewrite] deleted patch=21, position=(-1.917, 0.322, 0.013), reason=Area 0.009276 below minimum 0.01
SRD step 850: evaluated 27 candidates, 0 promising, accepted 1
  Mandatory DeletePatch(21) at patch 21, reason=Area 0.009276 below minimum 0.01
  Total patches: 21, total adds: 24, total deletes: 23
  step 850/2000: loss=0.212676, patches=22
SRD step 900: evaluated 27 candidates, 0 promising, accepted 0
  Total patches: 21, total adds: 24, total deletes: 23
  step 900/2000: loss=0.210586, patches=21
SRD step 950: evaluated 27 candidates, 0 promising, accepted 0
  Total patches: 21, total adds: 24, total deletes: 23
  step 950/2000: loss=0.206930, patches=21
SRD step 1000: evaluated 27 candidates, 0 promising, accepted 0
  Total patches: 21, total adds: 24, total deletes: 23
  step 1000/2000: loss=0.202523, patches=21
SRD step 1050: evaluated 27 candidates, 0 promising, accepted 0
  Total patches: 21, total adds: 24, total deletes: 23
  step 1050/2000: loss=0.199581, patches=21
[SRD rewrite] deleted patch=15, position=(1.193, 1.307, -0.127), reason=Area 0.005846 below minimum 0.01
[SRD rewrite] deleted patch=13, position=(-1.747, -2.711, 0.665), reason=no image contribution, delete has no image effect
SRD step 1100: evaluated 27 candidates, 0 promising, accepted 2
  Mandatory DeletePatch(15) at patch 15, reason=Area 0.005846 below minimum 0.01
  Mandatory DeletePatch(13) at patch 13, reason=no image contribution, delete has no image effect
  Total patches: 19, total adds: 24, total deletes: 25
  step 1100/2000: loss=0.200579, patches=21
SRD step 1150: evaluated 27 candidates, 0 promising, accepted 0
  Total patches: 19, total adds: 24, total deletes: 25
  step 1150/2000: loss=0.202502, patches=19
SRD step 1200: evaluated 27 candidates, 0 promising, accepted 0
  Total patches: 19, total adds: 24, total deletes: 25
  step 1200/2000: loss=0.204710, patches=19
SRD step 1250: evaluated 27 candidates, 0 promising, accepted 0
  Total patches: 19, total adds: 24, total deletes: 25
  step 1250/2000: loss=0.203926, patches=19
SRD step 1300: evaluated 27 candidates, 0 promising, accepted 0
  Total patches: 19, total adds: 24, total deletes: 25
  step 1300/2000: loss=0.201619, patches=19
SRD step 1350: evaluated 27 candidates, 0 promising, accepted 0
  Total patches: 19, total adds: 24, total deletes: 25
  step 1350/2000: loss=0.200401, patches=19
SRD step 1400: evaluated 27 candidates, 0 promising, accepted 0
  Total patches: 19, total adds: 24, total deletes: 25
  step 1400/2000: loss=0.200720, patches=19
SRD step 1450: evaluated 27 candidates, 0 promising, accepted 0
  Total patches: 19, total adds: 24, total deletes: 25
  step 1450/2000: loss=0.192435, patches=19
SRD step 1500: evaluated 27 candidates, 0 promising, accepted 0
  Total patches: 19, total adds: 24, total deletes: 25
  step 1500/2000: loss=0.186408, patches=19
SRD step 1550: evaluated 27 candidates, 0 promising, accepted 0
  Total patches: 19, total adds: 24, total deletes: 25
  step 1550/2000: loss=0.186587, patches=19
SRD step 1600: evaluated 27 candidates, 0 promising, accepted 0
  Total patches: 19, total adds: 24, total deletes: 25
  step 1600/2000: loss=0.184224, patches=19
SRD step 1650: evaluated 27 candidates, 0 promising, accepted 0
  Total patches: 19, total adds: 24, total deletes: 25
  step 1650/2000: loss=0.184385, patches=19
SRD step 1700: evaluated 27 candidates, 0 promising, accepted 0
  Total patches: 19, total adds: 24, total deletes: 25
  step 1700/2000: loss=0.183448, patches=19
SRD step 1750: evaluated 27 candidates, 0 promising, accepted 0
  Total patches: 19, total adds: 24, total deletes: 25
  step 1750/2000: loss=0.183504, patches=19
SRD step 1800: evaluated 27 candidates, 0 promising, accepted 0
  Total patches: 19, total adds: 24, total deletes: 25
  step 1800/2000: loss=0.183097, patches=19
SRD step 1850: evaluated 27 candidates, 0 promising, accepted 0
  Total patches: 19, total adds: 24, total deletes: 25
  step 1850/2000: loss=0.179003, patches=19
SRD step 1900: evaluated 27 candidates, 0 promising, accepted 0
  Total patches: 19, total adds: 24, total deletes: 25
  step 1900/2000: loss=0.174122, patches=19
SRD step 1950: evaluated 27 candidates, 0 promising, accepted 0
  Total patches: 19, total adds: 24, total deletes: 25
  step 1950/2000: loss=0.176322, patches=19
SRD step 2000: evaluated 27 candidates, 0 promising, accepted 0
  Total patches: 19, total adds: 24, total deletes: 25
  step 2000/2000: loss=0.175199, patches=19
[SRD rewrite] deleted patch=7, position=(-2.355, -0.010, -0.567), reason=final deletion pass improved loss
[SRD rewrite] deleted patch=7, position=(1.285, -1.939, 1.507), reason=final deletion pass improved loss
[Trial 3] done: loss=0.170677, time=8642.0s
[Run] report written to results/slurm/20260718_1833/comparison_horse_circle_srd/output.txt
