## SLURM PROLOG ###############################################################
##    Job ID : 4093838
##  Job Name : 20260718_1833_patchsize_sun_moon_5
##  Nodelist : gpu2251
##      CPUs : 
##  Mem/Node : 128000 MB
## Directory : /oscar/home/cjmok/automated-perspective-sculptor
##   Job Started : Sat Jul 18 11:53:05 PM EDT 2026
###############################################################################
[Swept volume] building (resolution=256)...
[Run] mode=full, trials=3, seeds=[0, 1, 2], steps=1000, srd=True, ablation_flags={'disable_swept_volume_adds': False, 'loss_only_deletion': False, 'disable_splitting': False}
[Trial 1/3] seed=0
[Patch] mapbox-earcut is not installed; falling back to fan fill, so non-convex pieces will render incorrectly. Install it with: pip install mapbox-earcut
[SRD rewrite] split patch=4, children=4,5, improvement=0.013891
[SRD rewrite] added patch=6, position=(-0.405, -0.082, 1.380), improvement=0.013174
[SRD rewrite] added patch=7, position=(-0.395, -0.139, 1.195), improvement=0.012727
SRD step 50: evaluated 27 candidates, 21 promising, accepted 3
  Accepted SplitPatch(4) at patch 4, improvement=0.013891
  Accepted AddPatch at patch 6, improvement=0.013174
  Accepted AddPatch at patch 7, improvement=0.012727
  Total patches: 8, total adds: 3, total deletes: 0
  step 50/1000: loss=0.621185, patches=5
[SRD rewrite] deleted patch=4, position=(-1.663, 0.701, 0.638), reason=Area 0.003338 below minimum 0.01
[SRD rewrite] added patch=7, position=(-0.193, -0.308, 1.140), improvement=0.007440
[SRD rewrite] added patch=8, position=(-0.697, -0.873, 0.650), improvement=0.006888
[SRD rewrite] added patch=9, position=(-0.024, -0.335, 1.388), improvement=0.006333
SRD step 100: evaluated 27 candidates, 27 promising, accepted 4
  Accepted AddPatch at patch 7, improvement=0.007440
  Accepted AddPatch at patch 8, improvement=0.006888
  Accepted AddPatch at patch 9, improvement=0.006333
  Mandatory DeletePatch(4) at patch 4, reason=Area 0.003338 below minimum 0.01
  Total patches: 10, total adds: 6, total deletes: 1
  step 100/1000: loss=0.521906, patches=8
[SRD rewrite] deleted patch=9, position=(-0.080, -0.314, 1.396), reason=Area 0.005994 below minimum 0.01
[SRD rewrite] added patch=9, position=(0.016, -1.107, 0.126), improvement=0.004642
[SRD rewrite] added patch=10, position=(-0.591, -0.264, 1.403), improvement=0.003606
[SRD rewrite] added patch=11, position=(0.730, -0.898, 0.429), improvement=0.003113
SRD step 150: evaluated 27 candidates, 24 promising, accepted 4
  Accepted AddPatch at patch 9, improvement=0.004642
  Accepted AddPatch at patch 10, improvement=0.003606
  Accepted AddPatch at patch 11, improvement=0.003113
  Mandatory DeletePatch(9) at patch 9, reason=Area 0.005994 below minimum 0.01
  Total patches: 12, total adds: 9, total deletes: 2
  step 150/1000: loss=0.468517, patches=10
[SRD rewrite] deleted patch=4, position=(-1.923, 0.711, 0.470), reason=Area 0.004781 below minimum 0.01
[SRD rewrite] added patch=11, position=(0.049, 1.076, 0.089), improvement=0.007323
[SRD rewrite] added patch=12, position=(1.241, 0.009, 1.077), improvement=0.006893
[SRD rewrite] added patch=13, position=(0.655, 0.810, 1.031), improvement=0.006236
SRD step 200: evaluated 27 candidates, 16 promising, accepted 4
  Accepted AddPatch at patch 11, improvement=0.007323
  Accepted AddPatch at patch 12, improvement=0.006893
  Accepted AddPatch at patch 13, improvement=0.006236
  Mandatory DeletePatch(4) at patch 4, reason=Area 0.004781 below minimum 0.01
  Total patches: 14, total adds: 12, total deletes: 3
  step 200/1000: loss=0.404038, patches=12
[SRD rewrite] deleted patch=9, position=(-0.618, -0.148, 1.522), reason=Area 0.009447 below minimum 0.01
[SRD rewrite] added patch=13, position=(-0.698, -0.889, 0.482), improvement=0.005376
[SRD rewrite] added patch=14, position=(-0.603, -0.245, 1.071), improvement=0.005105
[SRD rewrite] added patch=15, position=(-0.356, -0.149, 1.438), improvement=0.005080
SRD step 250: evaluated 27 candidates, 17 promising, accepted 4
  Accepted AddPatch at patch 13, improvement=0.005376
  Accepted AddPatch at patch 14, improvement=0.005105
  Accepted AddPatch at patch 15, improvement=0.005080
  Mandatory DeletePatch(9) at patch 9, reason=Area 0.009447 below minimum 0.01
  Total patches: 16, total adds: 15, total deletes: 4
  step 250/1000: loss=0.327196, patches=14
[SRD rewrite] deleted patch=15, position=(-0.449, -0.135, 1.522), reason=Area 0.000271 below minimum 0.01
[SRD rewrite] deleted patch=14, position=(-0.670, -0.353, 1.196), reason=Area 0.000406 below minimum 0.01
[SRD rewrite] restored patch=14, position=(-0.670, -0.353, 1.196), improvement=0.000640
[SRD rewrite] added patch=15, position=(0.460, 0.301, 1.231), improvement=0.000512
[SRD rewrite] restored patch=16, position=(-0.618, -0.148, 1.522), improvement=0.000398
SRD step 300: evaluated 27 candidates, 4 promising, accepted 5
  Accepted RestorePatch(6) at patch 14, improvement=0.000640
  Accepted AddPatch at patch 15, improvement=0.000512
  Accepted RestorePatch(4) at patch 16, improvement=0.000398
  Mandatory DeletePatch(14) at patch 14, reason=Area 0.000406 below minimum 0.01
  Mandatory DeletePatch(15) at patch 15, reason=Area 0.000271 below minimum 0.01
  Total patches: 17, total adds: 18, total deletes: 6
  step 300/1000: loss=0.294752, patches=16
[SRD rewrite] deleted patch=16, position=(-0.654, -0.158, 1.544), reason=Area 0.000302 below minimum 0.01
[SRD rewrite] deleted patch=15, position=(0.564, 0.448, 1.296), reason=Area 0.000368 below minimum 0.01
[SRD rewrite] deleted patch=14, position=(-0.707, -0.390, 1.288), reason=Area 0.000479 below minimum 0.01
[SRD rewrite] added patch=14, position=(-1.182, 0.003, 1.303), improvement=0.001614
[SRD rewrite] added patch=15, position=(1.337, 0.004, 0.856), improvement=0.000669
[SRD rewrite] added patch=16, position=(-0.073, 1.324, -0.316), improvement=0.000527
SRD step 350: evaluated 27 candidates, 5 promising, accepted 6
  Accepted AddPatch at patch 14, improvement=0.001614
  Accepted AddPatch at patch 15, improvement=0.000669
  Accepted AddPatch at patch 16, improvement=0.000527
  Mandatory DeletePatch(14) at patch 14, reason=Area 0.000479 below minimum 0.01
  Mandatory DeletePatch(15) at patch 15, reason=Area 0.000368 below minimum 0.01
  Mandatory DeletePatch(16) at patch 16, reason=Area 0.000302 below minimum 0.01
  Total patches: 17, total adds: 21, total deletes: 9
  step 350/1000: loss=0.274831, patches=17
SRD step 400: evaluated 27 candidates, 0 promising, accepted 0
  Total patches: 17, total adds: 21, total deletes: 9
  step 400/1000: loss=0.247546, patches=17
[SRD rewrite] deleted patch=5, position=(-0.640, 0.112, 1.524), reason=Area 0.008476 below minimum 0.01
SRD step 450: evaluated 27 candidates, 0 promising, accepted 1
  Mandatory DeletePatch(5) at patch 5, reason=Area 0.008476 below minimum 0.01
  Total patches: 16, total adds: 21, total deletes: 10
  step 450/1000: loss=0.222286, patches=17
[SRD rewrite] deleted patch=4, position=(-0.583, 0.290, 1.497), reason=Area 0.007812 below minimum 0.01
SRD step 500: evaluated 27 candidates, 0 promising, accepted 1
  Mandatory DeletePatch(4) at patch 4, reason=Area 0.007812 below minimum 0.01
  Total patches: 15, total adds: 21, total deletes: 11
  step 500/1000: loss=0.211836, patches=16
[SRD rewrite] deleted patch=4, position=(-0.664, -0.008, 1.551), reason=Area 0.003396 below minimum 0.01
[SRD rewrite] deleted patch=1, position=(-0.297, 0.738, 1.323), reason=Area 0.003879 below minimum 0.01
SRD step 550: evaluated 27 candidates, 0 promising, accepted 2
  Mandatory DeletePatch(1) at patch 1, reason=Area 0.003879 below minimum 0.01
  Mandatory DeletePatch(4) at patch 4, reason=Area 0.003396 below minimum 0.01
  Total patches: 13, total adds: 21, total deletes: 13
  step 550/1000: loss=0.217984, patches=15
SRD step 600: evaluated 27 candidates, 0 promising, accepted 0
  Total patches: 13, total adds: 21, total deletes: 13
  step 600/1000: loss=0.200174, patches=13
SRD step 650: evaluated 27 candidates, 0 promising, accepted 0
  Total patches: 13, total adds: 21, total deletes: 13
  step 650/1000: loss=0.197081, patches=13
SRD step 700: evaluated 27 candidates, 0 promising, accepted 0
  Total patches: 13, total adds: 21, total deletes: 13
  step 700/1000: loss=0.194905, patches=13
SRD step 750: evaluated 27 candidates, 0 promising, accepted 0
  Total patches: 13, total adds: 21, total deletes: 13
  step 750/1000: loss=0.199865, patches=13
SRD step 800: evaluated 27 candidates, 0 promising, accepted 0
  Total patches: 13, total adds: 21, total deletes: 13
  step 800/1000: loss=0.202490, patches=13
SRD step 850: evaluated 27 candidates, 0 promising, accepted 0
  Total patches: 13, total adds: 21, total deletes: 13
  step 850/1000: loss=0.196233, patches=13
SRD step 900: evaluated 27 candidates, 0 promising, accepted 0
  Total patches: 13, total adds: 21, total deletes: 13
  step 900/1000: loss=0.193251, patches=13
SRD step 950: evaluated 27 candidates, 0 promising, accepted 0
  Total patches: 13, total adds: 21, total deletes: 13
  step 950/1000: loss=0.192495, patches=13
SRD step 1000: evaluated 27 candidates, 0 promising, accepted 0
  Total patches: 13, total adds: 21, total deletes: 13
  step 1000/1000: loss=0.207830, patches=13
[SRD rewrite] deleted patch=2, position=(-1.910, 0.093, 1.453), reason=final deletion pass improved loss
[Trial 1] done: loss=0.205123, time=2520.6s
[Trial 2/3] seed=1
[SRD rewrite] split patch=0, children=4,5, improvement=0.019644
[SRD rewrite] added patch=6, position=(0.230, 0.189, 1.069), improvement=0.007746
[SRD rewrite] added patch=7, position=(-0.029, -0.222, 1.091), improvement=0.007646
SRD step 50: evaluated 27 candidates, 27 promising, accepted 3
  Accepted SplitPatch(0) at patch 0, improvement=0.019644
  Accepted AddPatch at patch 6, improvement=0.007746
  Accepted AddPatch at patch 7, improvement=0.007646
  Total patches: 8, total adds: 3, total deletes: 0
  step 50/1000: loss=0.767222, patches=5
[SRD rewrite] deleted patch=5, position=(-0.160, -1.266, 0.882), reason=Area 0.002221 below minimum 0.01
[SRD rewrite] deleted patch=4, position=(0.043, -1.289, 0.990), reason=Area 0.003175 below minimum 0.01
[SRD rewrite] split patch=3, children=5,6, improvement=0.014720
[SRD rewrite] split patch=2, children=6,7, improvement=0.014918
[SRD rewrite] added patch=8, position=(0.425, -0.227, 1.232), improvement=0.012923
SRD step 100: evaluated 27 candidates, 26 promising, accepted 5
  Accepted SplitPatch(2) at patch 2, improvement=0.014918
  Accepted SplitPatch(3) at patch 3, improvement=0.014720
  Accepted AddPatch at patch 8, improvement=0.012923
  Mandatory DeletePatch(4) at patch 4, reason=Area 0.003175 below minimum 0.01
  Mandatory DeletePatch(5) at patch 5, reason=Area 0.002221 below minimum 0.01
  Total patches: 9, total adds: 6, total deletes: 2
  step 100/1000: loss=0.616799, patches=8
[SRD rewrite] deleted patch=7, position=(-0.090, 1.164, -1.321), reason=Area 0.009967 below minimum 0.01
[SRD rewrite] deleted patch=6, position=(0.111, 0.968, -1.420), reason=Area 0.002547 below minimum 0.01
[SRD rewrite] deleted patch=5, position=(-1.262, -1.787, -0.815), reason=Area 0.008374 below minimum 0.01
[SRD rewrite] restored patch=6, position=(-0.090, 1.164, -1.321), improvement=0.005302
[SRD rewrite] added patch=7, position=(0.430, 0.213, 1.303), improvement=0.004569
[SRD rewrite] added patch=8, position=(0.113, -0.358, 1.188), improvement=0.004526
SRD step 150: evaluated 27 candidates, 23 promising, accepted 6
  Accepted RestorePatch(5) at patch 6, improvement=0.005302
  Accepted AddPatch at patch 7, improvement=0.004569
  Accepted AddPatch at patch 8, improvement=0.004526
  Mandatory DeletePatch(5) at patch 5, reason=Area 0.008374 below minimum 0.01
  Mandatory DeletePatch(6) at patch 6, reason=Area 0.002547 below minimum 0.01
  Mandatory DeletePatch(7) at patch 7, reason=Area 0.009967 below minimum 0.01
  Total patches: 9, total adds: 9, total deletes: 5
  step 150/1000: loss=0.498834, patches=9
[SRD rewrite] deleted patch=7, position=(0.498, 0.187, 1.311), reason=Area 0.003021 below minimum 0.01
[SRD rewrite] deleted patch=4, position=(-1.504, -1.468, -1.113), reason=Area 0.002031 below minimum 0.01
[SRD rewrite] added patch=7, position=(-0.640, 0.833, 1.169), improvement=0.006535
[SRD rewrite] added patch=8, position=(0.415, -0.413, 0.657), improvement=0.006417
[SRD rewrite] added patch=9, position=(0.202, -0.481, 0.752), improvement=0.005154
SRD step 200: evaluated 27 candidates, 22 promising, accepted 5
  Accepted AddPatch at patch 7, improvement=0.006535
  Accepted AddPatch at patch 8, improvement=0.006417
  Accepted AddPatch at patch 9, improvement=0.005154
  Mandatory DeletePatch(4) at patch 4, reason=Area 0.002031 below minimum 0.01
  Mandatory DeletePatch(7) at patch 7, reason=Area 0.003021 below minimum 0.01
  Total patches: 10, total adds: 12, total deletes: 7
  step 200/1000: loss=0.451286, patches=9
[SRD rewrite] deleted patch=9, position=(0.260, -0.429, 0.860), reason=Area 0.006960 below minimum 0.01
[SRD rewrite] added patch=9, position=(0.324, -0.437, 1.074), improvement=0.005522
[SRD rewrite] added patch=10, position=(0.634, -0.152, 1.289), improvement=0.004236
[SRD rewrite] restored patch=11, position=(-1.504, -1.468, -1.113), improvement=0.003331
SRD step 250: evaluated 27 candidates, 19 promising, accepted 4
  Accepted AddPatch at patch 9, improvement=0.005522
  Accepted AddPatch at patch 10, improvement=0.004236
  Accepted RestorePatch(8) at patch 11, improvement=0.003331
  Mandatory DeletePatch(9) at patch 9, reason=Area 0.006960 below minimum 0.01
  Total patches: 12, total adds: 15, total deletes: 8
  step 250/1000: loss=0.384328, patches=10
[SRD rewrite] deleted patch=11, position=(-1.479, -1.485, -1.112), reason=Area 0.002140 below minimum 0.01
[SRD rewrite] added patch=11, position=(-0.630, -0.861, 1.310), improvement=0.007386
[SRD rewrite] added patch=12, position=(0.617, -0.015, 1.301), improvement=0.006297
[SRD rewrite] added patch=13, position=(0.115, -0.547, 1.205), improvement=0.005910
SRD step 300: evaluated 27 candidates, 21 promising, accepted 4
  Accepted AddPatch at patch 11, improvement=0.007386
  Accepted AddPatch at patch 12, improvement=0.006297
  Accepted AddPatch at patch 13, improvement=0.005910
  Mandatory DeletePatch(11) at patch 11, reason=Area 0.002140 below minimum 0.01
  Total patches: 14, total adds: 18, total deletes: 9
  step 300/1000: loss=0.314580, patches=12
[SRD rewrite] deleted patch=13, position=(0.076, -0.602, 1.271), reason=Area 0.006749 below minimum 0.01
[SRD rewrite] deleted patch=12, position=(0.684, 0.022, 1.289), reason=Area 0.005514 below minimum 0.01
[SRD rewrite] deleted patch=10, position=(0.649, -0.162, 1.287), reason=Area 0.004608 below minimum 0.01
[SRD rewrite] deleted patch=6, position=(0.439, -0.171, 1.375), reason=Area 0.001371 below minimum 0.01
SRD step 350: evaluated 27 candidates, 0 promising, accepted 4
  Mandatory DeletePatch(6) at patch 6, reason=Area 0.001371 below minimum 0.01
  Mandatory DeletePatch(10) at patch 10, reason=Area 0.004608 below minimum 0.01
  Mandatory DeletePatch(12) at patch 12, reason=Area 0.005514 below minimum 0.01
  Mandatory DeletePatch(13) at patch 13, reason=Area 0.006749 below minimum 0.01
  Total patches: 10, total adds: 18, total deletes: 13
  step 350/1000: loss=0.280923, patches=14
[SRD rewrite] added patch=10, position=(0.570, -0.839, 0.657), improvement=0.001482
[SRD rewrite] added patch=11, position=(0.640, -0.876, 0.616), improvement=0.001352
[SRD rewrite] restored patch=12, position=(0.684, 0.022, 1.289), improvement=0.001021
SRD step 400: evaluated 27 candidates, 5 promising, accepted 3
  Accepted AddPatch at patch 10, improvement=0.001482
  Accepted AddPatch at patch 11, improvement=0.001352
  Accepted RestorePatch(11) at patch 12, improvement=0.001021
  Total patches: 13, total adds: 21, total deletes: 13
  step 400/1000: loss=0.283465, patches=10
[SRD rewrite] deleted patch=12, position=(0.681, -0.009, 1.288), reason=Area 0.005354 below minimum 0.01
[SRD rewrite] deleted patch=11, position=(0.699, -0.816, 0.599), reason=Area 0.000284 below minimum 0.01
SRD step 450: evaluated 27 candidates, 0 promising, accepted 2
  Mandatory DeletePatch(11) at patch 11, reason=Area 0.000284 below minimum 0.01
  Mandatory DeletePatch(12) at patch 12, reason=Area 0.005354 below minimum 0.01
  Total patches: 11, total adds: 21, total deletes: 15
  step 450/1000: loss=0.258927, patches=13
[SRD rewrite] added patch=11, position=(0.154, -0.555, 0.548), improvement=0.002831
[SRD rewrite] added patch=12, position=(-0.713, -0.919, 0.381), improvement=0.002814
[SRD rewrite] added patch=13, position=(1.278, -0.013, 1.063), improvement=0.002790
SRD step 500: evaluated 27 candidates, 26 promising, accepted 3
  Accepted AddPatch at patch 11, improvement=0.002831
  Accepted AddPatch at patch 12, improvement=0.002814
  Accepted AddPatch at patch 13, improvement=0.002790
  Total patches: 14, total adds: 24, total deletes: 15
  step 500/1000: loss=0.245823, patches=11
[SRD rewrite] deleted patch=12, position=(-0.729, -0.907, 0.503), reason=Area 0.002139 below minimum 0.01
[SRD rewrite] deleted patch=11, position=(0.309, -0.630, 0.598), reason=Area 0.000301 below minimum 0.01
SRD step 550: evaluated 27 candidates, 0 promising, accepted 2
  Mandatory DeletePatch(11) at patch 11, reason=Area 0.000301 below minimum 0.01
  Mandatory DeletePatch(12) at patch 12, reason=Area 0.002139 below minimum 0.01
  Total patches: 12, total adds: 24, total deletes: 17
  step 550/1000: loss=0.212990, patches=14
SRD step 600: evaluated 27 candidates, 0 promising, accepted 0
  Total patches: 12, total adds: 24, total deletes: 17
  step 600/1000: loss=0.203558, patches=12
[SRD rewrite] deleted patch=8, position=(0.506, -0.590, 1.248), reason=Area 0.008459 below minimum 0.01
[SRD rewrite] deleted patch=4, position=(0.603, 0.497, 1.268), reason=Area 0.007453 below minimum 0.01
[SRD rewrite] added patch=10, position=(-1.024, 0.534, 1.655), improvement=0.000013
SRD step 650: evaluated 27 candidates, 1 promising, accepted 3
  Accepted AddPatch at patch 10, improvement=0.000013
  Mandatory DeletePatch(4) at patch 4, reason=Area 0.007453 below minimum 0.01
  Mandatory DeletePatch(8) at patch 8, reason=Area 0.008459 below minimum 0.01
  Total patches: 11, total adds: 25, total deletes: 19
  step 650/1000: loss=0.204496, patches=12
[SRD rewrite] deleted patch=10, position=(-0.973, 0.528, 1.510), reason=Area 0.009737 below minimum 0.01
SRD step 700: evaluated 27 candidates, 0 promising, accepted 1
  Mandatory DeletePatch(10) at patch 10, reason=Area 0.009737 below minimum 0.01
  Total patches: 10, total adds: 25, total deletes: 20
  step 700/1000: loss=0.200579, patches=11
SRD step 750: evaluated 27 candidates, 0 promising, accepted 0
  Total patches: 10, total adds: 25, total deletes: 20
  step 750/1000: loss=0.205177, patches=10
[SRD rewrite] added patch=10, position=(-0.829, -0.114, 1.047), improvement=0.000022
[SRD rewrite] added patch=11, position=(1.424, -0.005, 0.692), improvement=0.000013
SRD step 800: evaluated 27 candidates, 2 promising, accepted 2
  Accepted AddPatch at patch 10, improvement=0.000022
  Accepted AddPatch at patch 11, improvement=0.000013
  Total patches: 12, total adds: 27, total deletes: 20
  step 800/1000: loss=0.206020, patches=10
[SRD rewrite] deleted patch=11, position=(1.438, -0.003, 0.627), reason=Area 0.004780 below minimum 0.01
[SRD rewrite] deleted patch=10, position=(-0.916, -0.032, 1.180), reason=Area 0.009769 below minimum 0.01
SRD step 850: evaluated 27 candidates, 0 promising, accepted 2
  Mandatory DeletePatch(10) at patch 10, reason=Area 0.009769 below minimum 0.01
  Mandatory DeletePatch(11) at patch 11, reason=Area 0.004780 below minimum 0.01
  Total patches: 10, total adds: 27, total deletes: 22
  step 850/1000: loss=0.200625, patches=12
SRD step 900: evaluated 27 candidates, 0 promising, accepted 0
  Total patches: 10, total adds: 27, total deletes: 22
  step 900/1000: loss=0.208802, patches=10
[SRD rewrite] deleted patch=6, position=(0.998, 0.018, 0.337), reason=Area 0.009099 below minimum 0.01
SRD step 950: evaluated 27 candidates, 0 promising, accepted 1
  Mandatory DeletePatch(6) at patch 6, reason=Area 0.009099 below minimum 0.01
  Total patches: 9, total adds: 27, total deletes: 23
  step 950/1000: loss=0.210419, patches=10
SRD step 1000: evaluated 27 candidates, 0 promising, accepted 0
  Total patches: 9, total adds: 27, total deletes: 23
  step 1000/1000: loss=0.215193, patches=9
[Trial 2] done: loss=0.215213, time=1933.8s
[Trial 3/3] seed=2
[SRD rewrite] added patch=5, position=(-0.284, 0.073, 1.256), improvement=0.016726
[SRD rewrite] added patch=6, position=(-0.109, 0.272, 1.332), improvement=0.016714
[SRD rewrite] added patch=7, position=(-0.167, 0.296, 1.189), improvement=0.016685
SRD step 50: evaluated 27 candidates, 25 promising, accepted 3
  Accepted AddPatch at patch 5, improvement=0.016726
  Accepted AddPatch at patch 6, improvement=0.016714
  Accepted AddPatch at patch 7, improvement=0.016685
  Total patches: 8, total adds: 3, total deletes: 0
  step 50/1000: loss=0.583787, patches=5
[SRD rewrite] added patch=8, position=(-0.447, -0.069, 1.460), improvement=0.008749
[SRD rewrite] added patch=9, position=(-0.112, -0.120, 1.246), improvement=0.008415
[SRD rewrite] added patch=10, position=(-0.301, -0.073, 1.287), improvement=0.008136
SRD step 100: evaluated 27 candidates, 24 promising, accepted 3
  Accepted AddPatch at patch 8, improvement=0.008749
  Accepted AddPatch at patch 9, improvement=0.008415
  Accepted AddPatch at patch 10, improvement=0.008136
  Total patches: 11, total adds: 6, total deletes: 0
  step 100/1000: loss=0.451974, patches=8
[SRD rewrite] deleted patch=10, position=(-0.174, 0.025, 1.392), reason=Area 0.000712 below minimum 0.01
[SRD rewrite] deleted patch=9, position=(-0.093, -0.065, 1.364), reason=Area 0.000326 below minimum 0.01
[SRD rewrite] deleted patch=8, position=(-0.530, -0.057, 1.549), reason=Area 0.000325 below minimum 0.01
[SRD rewrite] deleted patch=6, position=(-0.019, 0.444, 1.371), reason=Area 0.004968 below minimum 0.01
SRD step 150: evaluated 27 candidates, 0 promising, accepted 4
  Mandatory DeletePatch(6) at patch 6, reason=Area 0.004968 below minimum 0.01
  Mandatory DeletePatch(8) at patch 8, reason=Area 0.000325 below minimum 0.01
  Mandatory DeletePatch(9) at patch 9, reason=Area 0.000326 below minimum 0.01
  Mandatory DeletePatch(10) at patch 10, reason=Area 0.000712 below minimum 0.01
  Total patches: 7, total adds: 6, total deletes: 4
  step 150/1000: loss=0.398974, patches=11
[SRD rewrite] added patch=7, position=(-0.670, -0.875, 1.134), improvement=0.002488
[SRD rewrite] added patch=8, position=(-0.636, 0.122, 1.399), improvement=0.002296
[SRD rewrite] restored patch=9, position=(-0.530, -0.057, 1.549), improvement=0.001834
SRD step 200: evaluated 27 candidates, 8 promising, accepted 3
  Accepted AddPatch at patch 7, improvement=0.002488
  Accepted AddPatch at patch 8, improvement=0.002296
  Accepted RestorePatch(2) at patch 9, improvement=0.001834
  Total patches: 10, total adds: 9, total deletes: 4
  step 200/1000: loss=0.393667, patches=7
[SRD rewrite] deleted patch=9, position=(-0.616, 0.029, 1.594), reason=Area 0.000595 below minimum 0.01
[SRD rewrite] deleted patch=8, position=(-0.605, 0.155, 1.505), reason=Area 0.009230 below minimum 0.01
[SRD rewrite] added patch=8, position=(0.021, 1.342, -0.671), improvement=0.001176
[SRD rewrite] added patch=9, position=(-0.987, -0.497, 1.408), improvement=0.000855
[SRD rewrite] added patch=10, position=(-0.688, 0.076, 1.189), improvement=0.000422
SRD step 250: evaluated 27 candidates, 4 promising, accepted 5
  Accepted AddPatch at patch 8, improvement=0.001176
  Accepted AddPatch at patch 9, improvement=0.000855
  Accepted AddPatch at patch 10, improvement=0.000422
  Mandatory DeletePatch(8) at patch 8, reason=Area 0.009230 below minimum 0.01
  Mandatory DeletePatch(9) at patch 9, reason=Area 0.000595 below minimum 0.01
  Total patches: 11, total adds: 12, total deletes: 6
  step 250/1000: loss=0.371071, patches=10
[SRD rewrite] deleted patch=10, position=(-0.668, 0.170, 1.072), reason=Area 0.009490 below minimum 0.01
[SRD rewrite] added patch=10, position=(0.630, -0.912, 0.774), improvement=0.000481
[SRD rewrite] restored patch=11, position=(-0.668, 0.170, 1.072), improvement=0.000447
[SRD rewrite] added patch=12, position=(0.023, -1.105, -0.120), improvement=0.000189
SRD step 300: evaluated 27 candidates, 4 promising, accepted 4
  Accepted AddPatch at patch 10, improvement=0.000481
  Accepted RestorePatch(5) at patch 11, improvement=0.000447
  Accepted AddPatch at patch 12, improvement=0.000189
  Mandatory DeletePatch(10) at patch 10, reason=Area 0.009490 below minimum 0.01
  Total patches: 13, total adds: 15, total deletes: 7
  step 300/1000: loss=0.338328, patches=11
[SRD rewrite] deleted patch=12, position=(-0.126, -1.006, -0.039), reason=Area 0.004457 below minimum 0.01
[SRD rewrite] deleted patch=10, position=(0.693, -0.872, 0.914), reason=Area 0.001178 below minimum 0.01
[SRD rewrite] deleted patch=6, position=(-0.222, 0.648, 1.315), reason=Area 0.003860 below minimum 0.01
SRD step 350: evaluated 27 candidates, 0 promising, accepted 3
  Mandatory DeletePatch(6) at patch 6, reason=Area 0.003860 below minimum 0.01
  Mandatory DeletePatch(10) at patch 10, reason=Area 0.001178 below minimum 0.01
  Mandatory DeletePatch(12) at patch 12, reason=Area 0.004457 below minimum 0.01
  Total patches: 10, total adds: 15, total deletes: 10
  step 350/1000: loss=0.316594, patches=13
[SRD rewrite] added patch=10, position=(-0.199, -0.469, 1.193), improvement=0.003004
[SRD rewrite] added patch=11, position=(-0.002, -1.415, -0.375), improvement=0.002766
[SRD rewrite] added patch=12, position=(-0.057, 1.041, 0.636), improvement=0.002548
SRD step 400: evaluated 27 candidates, 25 promising, accepted 3
  Accepted AddPatch at patch 10, improvement=0.003004
  Accepted AddPatch at patch 11, improvement=0.002766
  Accepted AddPatch at patch 12, improvement=0.002548
  Total patches: 13, total adds: 18, total deletes: 10
  step 400/1000: loss=0.311929, patches=10
[SRD rewrite] added patch=13, position=(-0.481, -0.297, 1.486), improvement=0.000190
SRD step 450: evaluated 27 candidates, 1 promising, accepted 1
  Accepted AddPatch at patch 13, improvement=0.000190
  Total patches: 14, total adds: 19, total deletes: 10
  step 450/1000: loss=0.290341, patches=13
[SRD rewrite] deleted patch=13, position=(-0.582, -0.315, 1.495), reason=Area 0.001696 below minimum 0.01
[SRD rewrite] added patch=13, position=(0.719, -0.915, 0.245), improvement=0.000693
[SRD rewrite] added patch=14, position=(-0.578, -0.256, 1.347), improvement=0.000455
[SRD rewrite] added patch=15, position=(0.043, 1.001, 0.674), improvement=0.000363
SRD step 500: evaluated 27 candidates, 4 promising, accepted 4
  Accepted AddPatch at patch 13, improvement=0.000693
  Accepted AddPatch at patch 14, improvement=0.000455
  Accepted AddPatch at patch 15, improvement=0.000363
  Mandatory DeletePatch(13) at patch 13, reason=Area 0.001696 below minimum 0.01
  Total patches: 16, total adds: 22, total deletes: 11
  step 500/1000: loss=0.280313, patches=14
[SRD rewrite] deleted patch=15, position=(0.169, 1.123, 0.707), reason=Area 0.000316 below minimum 0.01
[SRD rewrite] deleted patch=14, position=(-0.645, -0.169, 1.210), reason=Area 0.007785 below minimum 0.01
[SRD rewrite] deleted patch=9, position=(-0.653, 0.277, 1.238), reason=Area 0.004011 below minimum 0.01
SRD step 550: evaluated 27 candidates, 0 promising, accepted 3
  Mandatory DeletePatch(9) at patch 9, reason=Area 0.004011 below minimum 0.01
  Mandatory DeletePatch(14) at patch 14, reason=Area 0.007785 below minimum 0.01
  Mandatory DeletePatch(15) at patch 15, reason=Area 0.000316 below minimum 0.01
  Total patches: 13, total adds: 22, total deletes: 14
  step 550/1000: loss=0.261699, patches=16
[SRD rewrite] added patch=13, position=(0.734, 1.006, 0.107), improvement=0.001954
[SRD rewrite] added patch=14, position=(0.052, -1.312, -0.651), improvement=0.001860
[SRD rewrite] added patch=15, position=(-0.384, -0.390, 1.593), improvement=0.001369
SRD step 600: evaluated 27 candidates, 9 promising, accepted 3
  Accepted AddPatch at patch 13, improvement=0.001954
  Accepted AddPatch at patch 14, improvement=0.001860
  Accepted AddPatch at patch 15, improvement=0.001369
  Total patches: 16, total adds: 25, total deletes: 14
  step 600/1000: loss=0.246061, patches=13
[SRD rewrite] deleted patch=15, position=(-0.439, -0.461, 1.482), reason=Area 0.001293 below minimum 0.01
[SRD rewrite] deleted patch=5, position=(-0.469, 0.486, 1.425), reason=Area 0.005314 below minimum 0.01
[SRD rewrite] added patch=14, position=(-0.433, -0.524, 0.850), improvement=0.000086
SRD step 650: evaluated 27 candidates, 1 promising, accepted 3
  Accepted AddPatch at patch 14, improvement=0.000086
  Mandatory DeletePatch(5) at patch 5, reason=Area 0.005314 below minimum 0.01
  Mandatory DeletePatch(15) at patch 15, reason=Area 0.001293 below minimum 0.01
  Total patches: 15, total adds: 26, total deletes: 16
  step 650/1000: loss=0.212888, patches=16
[SRD rewrite] deleted patch=14, position=(-0.483, -0.593, 0.825), reason=Area 0.002736 below minimum 0.01
SRD step 700: evaluated 27 candidates, 0 promising, accepted 1
  Mandatory DeletePatch(14) at patch 14, reason=Area 0.002736 below minimum 0.01
  Total patches: 14, total adds: 26, total deletes: 17
  step 700/1000: loss=0.207769, patches=15
[SRD rewrite] added patch=14, position=(-0.955, 0.424, 1.424), improvement=0.000624
SRD step 750: evaluated 27 candidates, 1 promising, accepted 1
  Accepted AddPatch at patch 14, improvement=0.000624
  Total patches: 15, total adds: 27, total deletes: 17
  step 750/1000: loss=0.193272, patches=14
[SRD rewrite] deleted patch=1, position=(-0.572, 0.305, 1.517), reason=Area 0.001749 below minimum 0.01
[SRD rewrite] added patch=14, position=(1.349, 0.017, 0.679), improvement=0.001715
[SRD rewrite] added patch=15, position=(0.990, -0.482, 1.173), improvement=0.001712
[SRD rewrite] added patch=16, position=(-0.640, -0.090, 1.708), improvement=0.000580
SRD step 800: evaluated 27 candidates, 6 promising, accepted 4
  Accepted AddPatch at patch 14, improvement=0.001715
  Accepted AddPatch at patch 15, improvement=0.001712
  Accepted AddPatch at patch 16, improvement=0.000580
  Mandatory DeletePatch(1) at patch 1, reason=Area 0.001749 below minimum 0.01
  Total patches: 17, total adds: 30, total deletes: 18
  step 800/1000: loss=0.172561, patches=15
[SRD rewrite] deleted patch=16, position=(-0.632, -0.099, 1.619), reason=Area 0.005338 below minimum 0.01
[SRD rewrite] deleted patch=14, position=(1.349, 0.017, 0.679), reason=Area 0.009291 below minimum 0.01
[SRD rewrite] deleted patch=7, position=(-0.654, 0.140, 1.539), reason=Area 0.002506 below minimum 0.01
SRD step 850: evaluated 27 candidates, 0 promising, accepted 3
  Mandatory DeletePatch(7) at patch 7, reason=Area 0.002506 below minimum 0.01
  Mandatory DeletePatch(14) at patch 14, reason=Area 0.009291 below minimum 0.01
  Mandatory DeletePatch(16) at patch 16, reason=Area 0.005338 below minimum 0.01
  Total patches: 14, total adds: 30, total deletes: 21
  step 850/1000: loss=0.148102, patches=17
[SRD rewrite] added patch=14, position=(-0.626, 0.872, 0.795), improvement=0.000011
SRD step 900: evaluated 27 candidates, 1 promising, accepted 1
  Accepted AddPatch at patch 14, improvement=0.000011
  Total patches: 15, total adds: 31, total deletes: 21
  step 900/1000: loss=0.131488, patches=14
SRD step 950: evaluated 27 candidates, 0 promising, accepted 0
  Total patches: 15, total adds: 31, total deletes: 21
  step 950/1000: loss=0.118787, patches=15
SRD step 1000: evaluated 27 candidates, 0 promising, accepted 0
  Total patches: 15, total adds: 31, total deletes: 21
  step 1000/1000: loss=0.111735, patches=15
[Trial 3] done: loss=0.111602, time=2357.5s
[Run] report written to results/slurm/20260718_1833/patchsize_sun_moon_5/patches_5/with_srd/with_srd.txt
[Swept volume] building (resolution=256)...
[Run] mode=full, trials=3, seeds=[0, 1, 2], steps=1000, srd=False, ablation_flags={'disable_swept_volume_adds': True, 'loss_only_deletion': True, 'disable_splitting': False}
[Trial 1/3] seed=0
[Patch] mapbox-earcut is not installed; falling back to fan fill, so non-convex pieces will render incorrectly. Install it with: pip install mapbox-earcut
  step 50/1000: loss=0.621185, patches=5
  step 100/1000: loss=0.576370, patches=5
  step 150/1000: loss=0.537589, patches=5
  step 200/1000: loss=0.514961, patches=5
  step 250/1000: loss=0.501117, patches=5
  step 300/1000: loss=0.492334, patches=5
  step 350/1000: loss=0.478961, patches=5
  step 400/1000: loss=0.461460, patches=5
  step 450/1000: loss=0.439422, patches=5
  step 500/1000: loss=0.407434, patches=5
  step 550/1000: loss=0.384441, patches=5
  step 600/1000: loss=0.341614, patches=5
  step 650/1000: loss=0.328769, patches=5
  step 700/1000: loss=0.319971, patches=5
  step 750/1000: loss=0.317456, patches=5
  step 800/1000: loss=0.318034, patches=5
  step 850/1000: loss=0.316103, patches=5
  step 900/1000: loss=0.315547, patches=5
  step 950/1000: loss=0.310998, patches=5
  step 1000/1000: loss=0.310540, patches=5
[Trial 1] done: loss=0.310796, time=245.9s
[Trial 2/3] seed=1
  step 50/1000: loss=0.767222, patches=5
  step 100/1000: loss=0.734222, patches=5
  step 150/1000: loss=0.703623, patches=5
  step 200/1000: loss=0.685672, patches=5
  step 250/1000: loss=0.672461, patches=5
  step 300/1000: loss=0.668055, patches=5
  step 350/1000: loss=0.665586, patches=5
  step 400/1000: loss=0.664335, patches=5
  step 450/1000: loss=0.654136, patches=5
  step 500/1000: loss=0.645618, patches=5
  step 550/1000: loss=0.631712, patches=5
  step 600/1000: loss=0.629321, patches=5
  step 650/1000: loss=0.603059, patches=5
  step 700/1000: loss=0.536378, patches=5
  step 750/1000: loss=0.437218, patches=5
  step 800/1000: loss=0.373894, patches=5
  step 850/1000: loss=0.358150, patches=5
  step 900/1000: loss=0.357142, patches=5
  step 950/1000: loss=0.355593, patches=5
  step 1000/1000: loss=0.354026, patches=5
[Trial 2] done: loss=0.353842, time=226.4s
[Trial 3/3] seed=2
  step 50/1000: loss=0.583787, patches=5
  step 100/1000: loss=0.515754, patches=5
  step 150/1000: loss=0.479341, patches=5
  step 200/1000: loss=0.449653, patches=5
  step 250/1000: loss=0.435962, patches=5
  step 300/1000: loss=0.415677, patches=5
  step 350/1000: loss=0.389248, patches=5
  step 400/1000: loss=0.365947, patches=5
  step 450/1000: loss=0.364024, patches=5
  step 500/1000: loss=0.359818, patches=5
  step 550/1000: loss=0.356648, patches=5
  step 600/1000: loss=0.355539, patches=5
  step 650/1000: loss=0.354388, patches=5
  step 700/1000: loss=0.353584, patches=5
  step 750/1000: loss=0.352190, patches=5
  step 800/1000: loss=0.352409, patches=5
  step 850/1000: loss=0.351396, patches=5
  step 900/1000: loss=0.351612, patches=5
  step 950/1000: loss=0.351805, patches=5
  step 1000/1000: loss=0.352252, patches=5
[Trial 3] done: loss=0.351995, time=244.0s
[Run] report written to results/slurm/20260718_1833/patchsize_sun_moon_5/patches_5/without_srd/without_srd.txt

======================================================================
Running 3 trials WITH SRD
======================================================================


======================================================================
Running 3 trials WITHOUT SRD
======================================================================


[Comparison] report written to results/slurm/20260718_1833/patchsize_sun_moon_5/patches_5/comparison.txt

======================================================================
SRD Patch Size Comparison
======================================================================
Started: 2026-07-18T23:53:08
Patch sizes: [5]
Trials per size: 3
Steps per trial: 1000
Output directory: results/slurm/20260718_1833/patchsize_sun_moon_5
======================================================================


======================================================================
Running comparison with 5 initial patches
  Target 1: images/sun.png
  Target 2: images/moon.png
  Trials: 3, Steps: 1000
======================================================================

[OK] Comparison with 5 patches completed successfully

======================================================================
Comparison Summary
======================================================================
Successful: 1/1
Total time: 8108.9 seconds (2.25 hours)
Summary report: results/slurm/20260718_1833/patchsize_sun_moon_5/SUMMARY.txt
======================================================================

