## SLURM PROLOG ###############################################################
##    Job ID : 4093840
##  Job Name : 20260718_1833_patchsize_water_fire_20
##  Nodelist : gpu2604
##      CPUs : 
##  Mem/Node : 128000 MB
## Directory : /oscar/home/cjmok/automated-perspective-sculptor
##   Job Started : Sun Jul 19 12:10:41 AM EDT 2026
###############################################################################
[Swept volume] building (resolution=256)...
[Run] mode=full, trials=3, seeds=[0, 1, 2], steps=1000, srd=True, ablation_flags={'disable_swept_volume_adds': False, 'loss_only_deletion': False, 'disable_splitting': False}
[Trial 1/3] seed=0
[Patch] mapbox-earcut is not installed; falling back to fan fill, so non-convex pieces will render incorrectly. Install it with: pip install mapbox-earcut
[SRD rewrite] added patch=20, position=(1.005, -0.065, -0.659), improvement=0.017191
[SRD rewrite] added patch=21, position=(0.792, -0.153, -0.699), improvement=0.016926
[SRD rewrite] added patch=22, position=(0.537, -0.499, 1.056), improvement=0.016925
SRD step 50: evaluated 27 candidates, 24 promising, accepted 3
  Accepted AddPatch at patch 20, improvement=0.017191
  Accepted AddPatch at patch 21, improvement=0.016926
  Accepted AddPatch at patch 22, improvement=0.016925
  Total patches: 23, total adds: 3, total deletes: 0
  step 50/1000: loss=0.254125, patches=20
[SRD rewrite] deleted patch=21, position=(0.706, -0.044, -0.649), reason=Area 0.009004 below minimum 0.01
[SRD rewrite] deleted patch=20, position=(0.995, -0.038, -0.745), reason=Area 0.009902 below minimum 0.01
[SRD rewrite] split patch=4, children=20,21, improvement=0.008259
[SRD rewrite] added patch=22, position=(-0.414, 0.009, 0.545), improvement=0.001535
[SRD rewrite] added patch=23, position=(0.651, -0.560, 1.025), improvement=0.001306
SRD step 100: evaluated 27 candidates, 16 promising, accepted 5
  Accepted SplitPatch(4) at patch 4, improvement=0.008259
  Accepted AddPatch at patch 22, improvement=0.001535
  Accepted AddPatch at patch 23, improvement=0.001306
  Mandatory DeletePatch(20) at patch 20, reason=Area 0.009902 below minimum 0.01
  Mandatory DeletePatch(21) at patch 21, reason=Area 0.009004 below minimum 0.01
  Total patches: 24, total adds: 6, total deletes: 2
  step 100/1000: loss=0.160125, patches=23
[SRD rewrite] deleted patch=23, position=(0.696, -0.441, 1.051), reason=Area 0.000459 below minimum 0.01
[SRD rewrite] deleted patch=21, position=(-1.276, -1.243, -1.210), reason=Area 0.000975 below minimum 0.01
[SRD rewrite] deleted patch=20, position=(-1.095, -1.247, -1.228), reason=Area 0.001086 below minimum 0.01
[SRD rewrite] deleted patch=7, position=(0.688, 0.360, 0.246), reason=Area 0.002934 below minimum 0.01
[SRD rewrite] deleted patch=4, position=(0.522, 0.564, 0.350), reason=Area 0.002970 below minimum 0.01
SRD step 150: evaluated 27 candidates, 0 promising, accepted 5
  Mandatory DeletePatch(4) at patch 4, reason=Area 0.002970 below minimum 0.01
  Mandatory DeletePatch(7) at patch 7, reason=Area 0.002934 below minimum 0.01
  Mandatory DeletePatch(20) at patch 20, reason=Area 0.001086 below minimum 0.01
  Mandatory DeletePatch(21) at patch 21, reason=Area 0.000975 below minimum 0.01
  Mandatory DeletePatch(23) at patch 23, reason=Area 0.000459 below minimum 0.01
  Total patches: 19, total adds: 6, total deletes: 7
  step 150/1000: loss=0.120039, patches=24
[SRD rewrite] added patch=19, position=(0.850, -0.564, 0.990), improvement=0.001207
[SRD rewrite] added patch=20, position=(0.670, -0.326, 0.731), improvement=0.001121
[SRD rewrite] added patch=21, position=(0.565, -0.371, 0.553), improvement=0.000718
SRD step 200: evaluated 27 candidates, 7 promising, accepted 3
  Accepted AddPatch at patch 19, improvement=0.001207
  Accepted AddPatch at patch 20, improvement=0.001121
  Accepted AddPatch at patch 21, improvement=0.000718
  Total patches: 22, total adds: 9, total deletes: 7
  step 200/1000: loss=0.114246, patches=19
[SRD rewrite] deleted patch=21, position=(0.598, -0.390, 0.367), reason=Area 0.000377 below minimum 0.01
[SRD rewrite] deleted patch=20, position=(0.625, -0.298, 0.803), reason=Area 0.003382 below minimum 0.01
[SRD rewrite] deleted patch=19, position=(0.950, -0.432, 1.011), reason=Area 0.000443 below minimum 0.01
[SRD rewrite] added patch=19, position=(0.775, -0.034, -0.181), improvement=0.000569
[SRD rewrite] added patch=20, position=(0.700, -0.380, 0.673), improvement=0.000472
[SRD rewrite] added patch=21, position=(0.675, -0.338, -0.577), improvement=0.000471
SRD step 250: evaluated 27 candidates, 5 promising, accepted 6
  Accepted AddPatch at patch 19, improvement=0.000569
  Accepted AddPatch at patch 20, improvement=0.000472
  Accepted AddPatch at patch 21, improvement=0.000471
  Mandatory DeletePatch(19) at patch 19, reason=Area 0.000443 below minimum 0.01
  Mandatory DeletePatch(20) at patch 20, reason=Area 0.003382 below minimum 0.01
  Mandatory DeletePatch(21) at patch 21, reason=Area 0.000377 below minimum 0.01
  Total patches: 22, total adds: 12, total deletes: 10
  step 250/1000: loss=0.106537, patches=22
[SRD rewrite] deleted patch=21, position=(0.602, -0.214, -0.509), reason=Area 0.004200 below minimum 0.01
[SRD rewrite] deleted patch=20, position=(0.660, -0.314, 0.677), reason=Area 0.002091 below minimum 0.01
[SRD rewrite] deleted patch=19, position=(0.825, -0.030, -0.067), reason=Area 0.008961 below minimum 0.01
[SRD rewrite] added patch=19, position=(0.298, 0.615, -0.415), improvement=0.002554
[SRD rewrite] restored patch=20, position=(0.825, -0.030, -0.067), improvement=0.002362
[SRD rewrite] added patch=21, position=(0.660, 0.153, -0.541), improvement=0.002355
SRD step 300: evaluated 27 candidates, 21 promising, accepted 6
  Accepted AddPatch at patch 19, improvement=0.002554
  Accepted RestorePatch(13) at patch 20, improvement=0.002362
  Accepted AddPatch at patch 21, improvement=0.002355
  Mandatory DeletePatch(19) at patch 19, reason=Area 0.008961 below minimum 0.01
  Mandatory DeletePatch(20) at patch 20, reason=Area 0.002091 below minimum 0.01
  Mandatory DeletePatch(21) at patch 21, reason=Area 0.004200 below minimum 0.01
  Total patches: 22, total adds: 15, total deletes: 13
  step 300/1000: loss=0.101268, patches=22
[SRD rewrite] deleted patch=21, position=(0.675, 0.194, -0.529), reason=Area 0.001333 below minimum 0.01
[SRD rewrite] deleted patch=20, position=(0.813, -0.011, -0.052), reason=Area 0.001895 below minimum 0.01
[SRD rewrite] deleted patch=19, position=(0.132, 0.547, -0.410), reason=Area 0.000334 below minimum 0.01
[SRD rewrite] deleted patch=17, position=(0.483, -0.319, 1.064), reason=Area 0.007630 below minimum 0.01
SRD step 350: evaluated 27 candidates, 0 promising, accepted 4
  Mandatory DeletePatch(17) at patch 17, reason=Area 0.007630 below minimum 0.01
  Mandatory DeletePatch(19) at patch 19, reason=Area 0.000334 below minimum 0.01
  Mandatory DeletePatch(20) at patch 20, reason=Area 0.001895 below minimum 0.01
  Mandatory DeletePatch(21) at patch 21, reason=Area 0.001333 below minimum 0.01
  Total patches: 18, total adds: 15, total deletes: 17
  step 350/1000: loss=0.089354, patches=22
SRD step 400: evaluated 27 candidates, 0 promising, accepted 0
  Total patches: 18, total adds: 15, total deletes: 17
  step 400/1000: loss=0.092996, patches=18
SRD step 450: evaluated 27 candidates, 0 promising, accepted 0
  Total patches: 18, total adds: 15, total deletes: 17
  step 450/1000: loss=0.093878, patches=18
SRD step 500: evaluated 27 candidates, 0 promising, accepted 0
  Total patches: 18, total adds: 15, total deletes: 17
  step 500/1000: loss=0.093561, patches=18
[SRD rewrite] deleted patch=2, position=(0.280, -0.242, 0.839), reason=Area 0.007453 below minimum 0.01
SRD step 550: evaluated 27 candidates, 0 promising, accepted 1
  Mandatory DeletePatch(2) at patch 2, reason=Area 0.007453 below minimum 0.01
  Total patches: 17, total adds: 15, total deletes: 18
  step 550/1000: loss=0.090594, patches=18
[SRD rewrite] added patch=17, position=(0.350, -0.291, -0.717), improvement=0.000805
[SRD rewrite] added patch=18, position=(0.350, -0.391, -0.714), improvement=0.000108
SRD step 600: evaluated 27 candidates, 2 promising, accepted 2
  Accepted AddPatch at patch 17, improvement=0.000805
  Accepted AddPatch at patch 18, improvement=0.000108
  Total patches: 19, total adds: 17, total deletes: 18
  step 600/1000: loss=0.088034, patches=17
SRD step 650: evaluated 27 candidates, 0 promising, accepted 0
  Total patches: 19, total adds: 17, total deletes: 18
  step 650/1000: loss=0.081473, patches=19
[SRD rewrite] deleted patch=17, position=(0.433, -0.098, -0.627), reason=Area 0.000932 below minimum 0.01
SRD step 700: evaluated 27 candidates, 0 promising, accepted 1
  Mandatory DeletePatch(17) at patch 17, reason=Area 0.000932 below minimum 0.01
  Total patches: 18, total adds: 17, total deletes: 19
  step 700/1000: loss=0.079481, patches=19
SRD step 750: evaluated 27 candidates, 0 promising, accepted 0
  Total patches: 18, total adds: 17, total deletes: 19
  step 750/1000: loss=0.083037, patches=18
SRD step 800: evaluated 27 candidates, 0 promising, accepted 0
  Total patches: 18, total adds: 17, total deletes: 19
  step 800/1000: loss=0.083043, patches=18
SRD step 850: evaluated 27 candidates, 0 promising, accepted 0
  Total patches: 18, total adds: 17, total deletes: 19
  step 850/1000: loss=0.076901, patches=18
SRD step 900: evaluated 27 candidates, 0 promising, accepted 0
  Total patches: 18, total adds: 17, total deletes: 19
  step 900/1000: loss=0.077244, patches=18
SRD step 950: evaluated 27 candidates, 0 promising, accepted 0
  Total patches: 18, total adds: 17, total deletes: 19
  step 950/1000: loss=0.077898, patches=18
SRD step 1000: evaluated 27 candidates, 0 promising, accepted 0
  Total patches: 18, total adds: 17, total deletes: 19
  step 1000/1000: loss=0.076183, patches=18
[SRD rewrite] deleted patch=2, position=(-2.199, 0.891, -0.345), reason=final deletion pass improved loss
[SRD rewrite] deleted patch=7, position=(2.325, -0.873, -0.361), reason=final deletion pass improved loss
[Trial 1] done: loss=0.074390, time=3594.3s
[Trial 2/3] seed=1
[SRD rewrite] added patch=20, position=(0.618, -0.043, 0.650), improvement=0.013752
[SRD rewrite] added patch=21, position=(0.458, 0.029, 0.748), improvement=0.013492
[SRD rewrite] added patch=22, position=(0.825, -0.356, 0.677), improvement=0.013290
SRD step 50: evaluated 27 candidates, 26 promising, accepted 3
  Accepted AddPatch at patch 20, improvement=0.013752
  Accepted AddPatch at patch 21, improvement=0.013492
  Accepted AddPatch at patch 22, improvement=0.013290
  Total patches: 23, total adds: 3, total deletes: 0
  step 50/1000: loss=0.291292, patches=20
[SRD rewrite] split patch=9, children=22,23, improvement=0.014993
[SRD rewrite] added patch=24, position=(0.839, -0.007, 0.371), improvement=0.010905
[SRD rewrite] added patch=25, position=(0.538, -0.173, 0.564), improvement=0.010831
SRD step 100: evaluated 27 candidates, 26 promising, accepted 3
  Accepted SplitPatch(9) at patch 9, improvement=0.014993
  Accepted AddPatch at patch 24, improvement=0.010905
  Accepted AddPatch at patch 25, improvement=0.010831
  Total patches: 26, total adds: 6, total deletes: 0
  step 100/1000: loss=0.185297, patches=23
[SRD rewrite] deleted patch=23, position=(0.186, -1.367, -0.925), reason=Area 0.000516 below minimum 0.01
[SRD rewrite] deleted patch=22, position=(0.333, -1.462, -0.855), reason=Area 0.005010 below minimum 0.01
[SRD rewrite] added patch=24, position=(0.433, 0.834, -0.501), improvement=0.002110
[SRD rewrite] added patch=25, position=(0.457, -0.174, 0.488), improvement=0.001948
[SRD rewrite] added patch=26, position=(-0.499, -0.837, 1.207), improvement=0.001861
SRD step 150: evaluated 27 candidates, 15 promising, accepted 5
  Accepted AddPatch at patch 24, improvement=0.002110
  Accepted AddPatch at patch 25, improvement=0.001948
  Accepted AddPatch at patch 26, improvement=0.001861
  Mandatory DeletePatch(22) at patch 22, reason=Area 0.005010 below minimum 0.01
  Mandatory DeletePatch(23) at patch 23, reason=Area 0.000516 below minimum 0.01
  Total patches: 27, total adds: 9, total deletes: 2
  step 150/1000: loss=0.128007, patches=26
[SRD rewrite] deleted patch=25, position=(0.302, -0.044, 0.525), reason=Area 0.005511 below minimum 0.01
[SRD rewrite] deleted patch=23, position=(0.766, 0.002, 0.752), reason=Area 0.000443 below minimum 0.01
[SRD rewrite] deleted patch=21, position=(0.887, -0.081, 0.786), reason=Area 0.004032 below minimum 0.01
[SRD rewrite] deleted patch=14, position=(0.136, 0.008, -0.836), reason=delete has no image effect
[SRD rewrite] added patch=23, position=(-0.300, 0.158, 0.495), improvement=0.001148
[SRD rewrite] added patch=24, position=(0.577, 0.099, 0.341), improvement=0.000971
[SRD rewrite] added patch=25, position=(0.507, 0.139, 0.219), improvement=0.000643
SRD step 200: evaluated 27 candidates, 8 promising, accepted 7
  Accepted AddPatch at patch 23, improvement=0.001148
  Accepted AddPatch at patch 24, improvement=0.000971
  Accepted AddPatch at patch 25, improvement=0.000643
  Mandatory DeletePatch(21) at patch 21, reason=Area 0.004032 below minimum 0.01
  Mandatory DeletePatch(23) at patch 23, reason=Area 0.000443 below minimum 0.01
  Mandatory DeletePatch(25) at patch 25, reason=Area 0.005511 below minimum 0.01
  Mandatory DeletePatch(14) at patch 14, reason=delete has no image effect
  Total patches: 26, total adds: 12, total deletes: 6
  step 200/1000: loss=0.099706, patches=27
[SRD rewrite] deleted patch=24, position=(0.742, 0.181, 0.422), reason=Area 0.008358 below minimum 0.01
[SRD rewrite] deleted patch=23, position=(-0.314, 0.133, 0.597), reason=Area 0.001436 below minimum 0.01
SRD step 250: evaluated 27 candidates, 0 promising, accepted 2
  Mandatory DeletePatch(23) at patch 23, reason=Area 0.001436 below minimum 0.01
  Mandatory DeletePatch(24) at patch 24, reason=Area 0.008358 below minimum 0.01
  Total patches: 24, total adds: 12, total deletes: 8
  step 250/1000: loss=0.086024, patches=26
[SRD rewrite] deleted patch=20, position=(0.845, 0.061, 0.428), reason=Area 0.004000 below minimum 0.01
[SRD rewrite] added patch=23, position=(0.727, 0.110, 0.237), improvement=0.003817
[SRD rewrite] added patch=24, position=(0.248, 0.528, -0.491), improvement=0.003743
[SRD rewrite] added patch=25, position=(0.483, 0.116, 0.253), improvement=0.003691
SRD step 300: evaluated 27 candidates, 25 promising, accepted 4
  Accepted AddPatch at patch 23, improvement=0.003817
  Accepted AddPatch at patch 24, improvement=0.003743
  Accepted AddPatch at patch 25, improvement=0.003691
  Mandatory DeletePatch(20) at patch 20, reason=Area 0.004000 below minimum 0.01
  Total patches: 26, total adds: 15, total deletes: 9
  step 300/1000: loss=0.072555, patches=24
[SRD rewrite] deleted patch=25, position=(0.593, 0.238, 0.227), reason=Area 0.000251 below minimum 0.01
[SRD rewrite] deleted patch=23, position=(0.822, 0.128, 0.283), reason=Area 0.000186 below minimum 0.01
SRD step 350: evaluated 27 candidates, 0 promising, accepted 2
  Mandatory DeletePatch(23) at patch 23, reason=Area 0.000186 below minimum 0.01
  Mandatory DeletePatch(25) at patch 25, reason=Area 0.000251 below minimum 0.01
  Total patches: 24, total adds: 15, total deletes: 11
  step 350/1000: loss=0.063575, patches=26
[SRD rewrite] deleted patch=22, position=(0.724, 0.225, 0.343), reason=Area 0.009804 below minimum 0.01
[SRD rewrite] deleted patch=16, position=(-0.011, -0.573, 1.135), reason=Area 0.007970 below minimum 0.01
SRD step 400: evaluated 27 candidates, 0 promising, accepted 2
  Mandatory DeletePatch(16) at patch 16, reason=Area 0.007970 below minimum 0.01
  Mandatory DeletePatch(22) at patch 22, reason=Area 0.009804 below minimum 0.01
  Total patches: 22, total adds: 15, total deletes: 13
  step 400/1000: loss=0.057842, patches=24
[SRD rewrite] deleted patch=7, position=(0.510, -0.474, -0.474), reason=delete has no image effect
SRD step 450: evaluated 27 candidates, 0 promising, accepted 1
  Mandatory DeletePatch(7) at patch 7, reason=delete has no image effect
  Total patches: 21, total adds: 15, total deletes: 14
  step 450/1000: loss=0.049612, patches=22
[SRD rewrite] deleted patch=17, position=(0.023, 0.390, 0.877), reason=Area 0.005127 below minimum 0.01
SRD step 500: evaluated 27 candidates, 0 promising, accepted 1
  Mandatory DeletePatch(17) at patch 17, reason=Area 0.005127 below minimum 0.01
  Total patches: 20, total adds: 15, total deletes: 15
  step 500/1000: loss=0.048280, patches=21
SRD step 550: evaluated 27 candidates, 0 promising, accepted 0
  Total patches: 20, total adds: 15, total deletes: 15
  step 550/1000: loss=0.050732, patches=20
[SRD rewrite] deleted patch=0, position=(0.212, 1.228, 0.361), reason=Area 0.003897 below minimum 0.01
[SRD rewrite] deleted patch=2, position=(0.615, 0.109, -0.733), reason=delete has no image effect
SRD step 600: evaluated 27 candidates, 0 promising, accepted 2
  Mandatory DeletePatch(0) at patch 0, reason=Area 0.003897 below minimum 0.01
  Mandatory DeletePatch(2) at patch 2, reason=delete has no image effect
  Total patches: 18, total adds: 15, total deletes: 17
  step 600/1000: loss=0.045493, patches=20
[SRD rewrite] deleted patch=12, position=(-0.371, 0.024, 0.945), reason=Area 0.003746 below minimum 0.01
SRD step 650: evaluated 27 candidates, 0 promising, accepted 1
  Mandatory DeletePatch(12) at patch 12, reason=Area 0.003746 below minimum 0.01
  Total patches: 17, total adds: 15, total deletes: 18
  step 650/1000: loss=0.048870, patches=18
[SRD rewrite] deleted patch=13, position=(0.562, 0.504, 0.761), reason=Area 0.003565 below minimum 0.01
SRD step 700: evaluated 27 candidates, 0 promising, accepted 1
  Mandatory DeletePatch(13) at patch 13, reason=Area 0.003565 below minimum 0.01
  Total patches: 16, total adds: 15, total deletes: 19
  step 700/1000: loss=0.051562, patches=17
SRD step 750: evaluated 27 candidates, 0 promising, accepted 0
  Total patches: 16, total adds: 15, total deletes: 19
  step 750/1000: loss=0.050299, patches=16
SRD step 800: evaluated 27 candidates, 0 promising, accepted 0
  Total patches: 16, total adds: 15, total deletes: 19
  step 800/1000: loss=0.051829, patches=16
[SRD rewrite] deleted patch=13, position=(0.280, 1.338, -0.319), reason=Area 0.008843 below minimum 0.01
SRD step 850: evaluated 27 candidates, 0 promising, accepted 1
  Mandatory DeletePatch(13) at patch 13, reason=Area 0.008843 below minimum 0.01
  Total patches: 15, total adds: 15, total deletes: 20
  step 850/1000: loss=0.053575, patches=16
[SRD rewrite] restored patch=15, position=(0.280, 1.338, -0.319), improvement=0.000121
SRD step 900: evaluated 27 candidates, 1 promising, accepted 1
  Accepted RestorePatch(20) at patch 15, improvement=0.000121
  Total patches: 16, total adds: 16, total deletes: 20
  step 900/1000: loss=0.059585, patches=15
[SRD rewrite] deleted patch=15, position=(0.277, 1.373, -0.307), reason=Area 0.003461 below minimum 0.01
SRD step 950: evaluated 27 candidates, 0 promising, accepted 1
  Mandatory DeletePatch(15) at patch 15, reason=Area 0.003461 below minimum 0.01
  Total patches: 15, total adds: 16, total deletes: 21
  step 950/1000: loss=0.059570, patches=16
SRD step 1000: evaluated 27 candidates, 0 promising, accepted 0
  Total patches: 15, total adds: 16, total deletes: 21
  step 1000/1000: loss=0.061425, patches=15
[SRD rewrite] deleted patch=9, position=(2.014, 0.157, 0.411), reason=final deletion pass improved loss
[Trial 2] done: loss=0.061717, time=3919.8s
[Trial 3/3] seed=2
[SRD rewrite] added patch=20, position=(0.694, -0.696, 0.970), improvement=0.020973
[SRD rewrite] added patch=21, position=(0.421, -0.723, 0.965), improvement=0.020945
[SRD rewrite] added patch=22, position=(0.621, -0.630, 0.913), improvement=0.020123
SRD step 50: evaluated 27 candidates, 27 promising, accepted 3
  Accepted AddPatch at patch 20, improvement=0.020973
  Accepted AddPatch at patch 21, improvement=0.020945
  Accepted AddPatch at patch 22, improvement=0.020123
  Total patches: 23, total adds: 3, total deletes: 0
  step 50/1000: loss=0.297601, patches=20
[SRD rewrite] added patch=23, position=(0.950, -0.506, 0.857), improvement=0.004168
[SRD rewrite] added patch=24, position=(0.671, -1.092, -0.815), improvement=0.004118
[SRD rewrite] added patch=25, position=(0.225, -1.041, -0.917), improvement=0.003924
SRD step 100: evaluated 27 candidates, 17 promising, accepted 3
  Accepted AddPatch at patch 23, improvement=0.004168
  Accepted AddPatch at patch 24, improvement=0.004118
  Accepted AddPatch at patch 25, improvement=0.003924
  Total patches: 26, total adds: 6, total deletes: 0
  step 100/1000: loss=0.173738, patches=23
[SRD rewrite] deleted patch=12, position=(-0.393, -0.130, -1.379), reason=Area 0.005877 below minimum 0.01
[SRD rewrite] deleted patch=9, position=(0.957, 0.074, 0.101), reason=Area 0.005318 below minimum 0.01
[SRD rewrite] deleted patch=7, position=(-0.813, -1.572, -0.723), reason=Area 0.000403 below minimum 0.01
[SRD rewrite] added patch=23, position=(0.842, -0.669, 0.904), improvement=0.006040
[SRD rewrite] added patch=24, position=(0.812, -0.639, 0.988), improvement=0.005780
[SRD rewrite] added patch=25, position=(0.814, -1.124, -0.696), improvement=0.005698
SRD step 150: evaluated 27 candidates, 22 promising, accepted 6
  Accepted AddPatch at patch 23, improvement=0.006040
  Accepted AddPatch at patch 24, improvement=0.005780
  Accepted AddPatch at patch 25, improvement=0.005698
  Mandatory DeletePatch(7) at patch 7, reason=Area 0.000403 below minimum 0.01
  Mandatory DeletePatch(9) at patch 9, reason=Area 0.005318 below minimum 0.01
  Mandatory DeletePatch(12) at patch 12, reason=Area 0.005877 below minimum 0.01
  Total patches: 26, total adds: 9, total deletes: 3
  step 150/1000: loss=0.141005, patches=26
[SRD rewrite] deleted patch=25, position=(0.925, -1.089, -0.748), reason=Area 0.003342 below minimum 0.01
[SRD rewrite] deleted patch=22, position=(0.333, -0.906, -0.943), reason=Area 0.007237 below minimum 0.01
SRD step 200: evaluated 27 candidates, 0 promising, accepted 2
  Mandatory DeletePatch(22) at patch 22, reason=Area 0.007237 below minimum 0.01
  Mandatory DeletePatch(25) at patch 25, reason=Area 0.003342 below minimum 0.01
  Total patches: 24, total adds: 9, total deletes: 5
  step 200/1000: loss=0.114848, patches=26
[SRD rewrite] deleted patch=19, position=(0.612, -0.418, 1.027), reason=Area 0.007122 below minimum 0.01
[SRD rewrite] deleted patch=17, position=(0.721, -0.641, 1.031), reason=Area 0.002613 below minimum 0.01
[SRD rewrite] restored patch=22, position=(-0.813, -1.572, -0.723), improvement=0.000654
SRD step 250: evaluated 27 candidates, 1 promising, accepted 3
  Accepted RestorePatch(2) at patch 22, improvement=0.000654
  Mandatory DeletePatch(17) at patch 17, reason=Area 0.002613 below minimum 0.01
  Mandatory DeletePatch(19) at patch 19, reason=Area 0.007122 below minimum 0.01
  Total patches: 23, total adds: 10, total deletes: 7
  step 250/1000: loss=0.097461, patches=24
[SRD rewrite] deleted patch=22, position=(-0.969, -1.722, -0.740), reason=Area 0.000403 below minimum 0.01
[SRD rewrite] deleted patch=18, position=(0.964, -0.353, 1.000), reason=Area 0.005293 below minimum 0.01
[SRD rewrite] added patch=21, position=(0.521, -0.164, 0.851), improvement=0.001848
[SRD rewrite] added patch=22, position=(0.285, 0.386, -0.480), improvement=0.001805
[SRD rewrite] added patch=23, position=(0.822, -0.525, 1.008), improvement=0.001735
SRD step 300: evaluated 27 candidates, 18 promising, accepted 5
  Accepted AddPatch at patch 21, improvement=0.001848
  Accepted AddPatch at patch 22, improvement=0.001805
  Accepted AddPatch at patch 23, improvement=0.001735
  Mandatory DeletePatch(18) at patch 18, reason=Area 0.005293 below minimum 0.01
  Mandatory DeletePatch(22) at patch 22, reason=Area 0.000403 below minimum 0.01
  Total patches: 24, total adds: 13, total deletes: 9
  step 300/1000: loss=0.081256, patches=23
[SRD rewrite] deleted patch=23, position=(0.773, -0.525, 1.031), reason=Area 0.001471 below minimum 0.01
[SRD rewrite] deleted patch=22, position=(0.177, 0.299, -0.584), reason=Area 0.000284 below minimum 0.01
[SRD rewrite] deleted patch=21, position=(0.440, -0.105, 0.845), reason=Area 0.001430 below minimum 0.01
SRD step 350: evaluated 27 candidates, 0 promising, accepted 3
  Mandatory DeletePatch(21) at patch 21, reason=Area 0.001430 below minimum 0.01
  Mandatory DeletePatch(22) at patch 22, reason=Area 0.000284 below minimum 0.01
  Mandatory DeletePatch(23) at patch 23, reason=Area 0.001471 below minimum 0.01
  Total patches: 21, total adds: 13, total deletes: 12
  step 350/1000: loss=0.077097, patches=24
SRD step 400: evaluated 27 candidates, 0 promising, accepted 0
  Total patches: 21, total adds: 13, total deletes: 12
  step 400/1000: loss=0.072952, patches=21
[SRD rewrite] split patch=2, children=20,21, improvement=0.000221
[SRD rewrite] added patch=22, position=(-0.187, 0.184, 0.044), improvement=0.000429
[SRD rewrite] added patch=23, position=(1.049, -0.103, -0.619), improvement=0.000282
SRD step 450: evaluated 27 candidates, 3 promising, accepted 3
  Accepted AddPatch at patch 22, improvement=0.000429
  Accepted AddPatch at patch 23, improvement=0.000282
  Accepted SplitPatch(2) at patch 2, improvement=0.000221
  Total patches: 24, total adds: 16, total deletes: 12
  step 450/1000: loss=0.067432, patches=21
[SRD rewrite] deleted patch=23, position=(1.044, -0.097, -0.625), reason=Area 0.009395 below minimum 0.01
[SRD rewrite] deleted patch=21, position=(0.147, 0.495, 1.920), reason=Area 0.004016 below minimum 0.01
[SRD rewrite] deleted patch=20, position=(0.109, 0.255, 1.856), reason=Area 0.001937 below minimum 0.01
SRD step 500: evaluated 27 candidates, 0 promising, accepted 3
  Mandatory DeletePatch(20) at patch 20, reason=Area 0.001937 below minimum 0.01
  Mandatory DeletePatch(21) at patch 21, reason=Area 0.004016 below minimum 0.01
  Mandatory DeletePatch(23) at patch 23, reason=Area 0.009395 below minimum 0.01
  Total patches: 21, total adds: 16, total deletes: 15
  step 500/1000: loss=0.063482, patches=24
SRD step 550: evaluated 27 candidates, 0 promising, accepted 0
  Total patches: 21, total adds: 16, total deletes: 15
  step 550/1000: loss=0.061643, patches=21
[SRD rewrite] added patch=21, position=(0.815, -0.683, 0.963), improvement=0.001319
[SRD rewrite] added patch=22, position=(0.499, 0.761, 0.022), improvement=0.001306
SRD step 600: evaluated 27 candidates, 22 promising, accepted 3
  Accepted AddPatch at patch 21, improvement=0.001319
  Accepted AddPatch at patch 22, improvement=0.001306
  Accepted SplitPatch(10) at patch 10, improvement=0.001228
  Total patches: 23, total adds: 18, total deletes: 15
  step 600/1000: loss=0.065332, patches=21
[SRD rewrite] deleted patch=22, position=(0.473, 0.817, 0.159), reason=Area 0.000521 below minimum 0.01
[SRD rewrite] deleted patch=21, position=(0.889, -0.555, 1.008), reason=Area 0.000274 below minimum 0.01
SRD step 650: evaluated 27 candidates, 0 promising, accepted 2
  Mandatory DeletePatch(21) at patch 21, reason=Area 0.000274 below minimum 0.01
  Mandatory DeletePatch(22) at patch 22, reason=Area 0.000521 below minimum 0.01
  Total patches: 21, total adds: 18, total deletes: 17
  step 650/1000: loss=0.063896, patches=23
[SRD rewrite] deleted patch=18, position=(0.982, -0.530, 0.980), reason=Area 0.007764 below minimum 0.01
SRD step 700: evaluated 27 candidates, 0 promising, accepted 1
  Mandatory DeletePatch(18) at patch 18, reason=Area 0.007764 below minimum 0.01
  Total patches: 20, total adds: 18, total deletes: 18
  step 700/1000: loss=0.065667, patches=21
[SRD rewrite] deleted patch=18, position=(0.854, -0.338, 1.019), reason=Area 0.008260 below minimum 0.01
SRD step 750: evaluated 27 candidates, 0 promising, accepted 1
  Mandatory DeletePatch(18) at patch 18, reason=Area 0.008260 below minimum 0.01
  Total patches: 19, total adds: 18, total deletes: 19
  step 750/1000: loss=0.067064, patches=20
[SRD rewrite] deleted patch=14, position=(0.139, 0.082, 0.738), reason=Area 0.009807 below minimum 0.01
SRD step 800: evaluated 27 candidates, 0 promising, accepted 1
  Mandatory DeletePatch(14) at patch 14, reason=Area 0.009807 below minimum 0.01
  Total patches: 18, total adds: 18, total deletes: 20
  step 800/1000: loss=0.070660, patches=19
SRD step 850: evaluated 27 candidates, 0 promising, accepted 0
  Total patches: 18, total adds: 18, total deletes: 20
  step 850/1000: loss=0.088096, patches=18
SRD step 900: evaluated 27 candidates, 0 promising, accepted 0
  Total patches: 18, total adds: 18, total deletes: 20
  step 900/1000: loss=0.077551, patches=18
[SRD rewrite] added patch=18, position=(0.660, -0.091, -0.792), improvement=0.000217
[SRD rewrite] added patch=19, position=(-0.133, -0.807, 0.988), improvement=0.000171
SRD step 950: evaluated 27 candidates, 2 promising, accepted 2
  Accepted AddPatch at patch 18, improvement=0.000217
  Accepted AddPatch at patch 19, improvement=0.000171
  Total patches: 20, total adds: 20, total deletes: 20
  step 950/1000: loss=0.077288, patches=18
[SRD rewrite] deleted patch=19, position=(-0.194, -0.767, 1.134), reason=Area 0.001601 below minimum 0.01
[SRD rewrite] deleted patch=18, position=(0.646, -0.081, -0.762), reason=Area 0.007682 below minimum 0.01
[SRD rewrite] deleted patch=15, position=(0.066, -0.302, 1.114), reason=Area 0.008763 below minimum 0.01
SRD step 1000: evaluated 27 candidates, 0 promising, accepted 3
  Mandatory DeletePatch(15) at patch 15, reason=Area 0.008763 below minimum 0.01
  Mandatory DeletePatch(18) at patch 18, reason=Area 0.007682 below minimum 0.01
  Mandatory DeletePatch(19) at patch 19, reason=Area 0.001601 below minimum 0.01
  Total patches: 17, total adds: 20, total deletes: 23
  step 1000/1000: loss=0.082740, patches=20
[SRD rewrite] deleted patch=1, position=(0.124, 0.868, -2.249), reason=final deletion pass improved loss
[SRD rewrite] deleted patch=8, position=(1.844, -0.569, 1.187), reason=final deletion pass improved loss
[Trial 3] done: loss=0.065073, time=3979.8s
[Run] report written to results/slurm/20260718_1833/patchsize_water_fire_20/patches_20/with_srd/with_srd.txt
[Swept volume] building (resolution=256)...
[Run] mode=full, trials=3, seeds=[0, 1, 2], steps=1000, srd=False, ablation_flags={'disable_swept_volume_adds': True, 'loss_only_deletion': True, 'disable_splitting': False}
[Trial 1/3] seed=0
[Patch] mapbox-earcut is not installed; falling back to fan fill, so non-convex pieces will render incorrectly. Install it with: pip install mapbox-earcut
  step 50/1000: loss=0.254125, patches=20
  step 100/1000: loss=0.168412, patches=20
  step 150/1000: loss=0.144420, patches=20
  step 200/1000: loss=0.134799, patches=20
  step 250/1000: loss=0.136651, patches=20
  step 300/1000: loss=0.130768, patches=20
  step 350/1000: loss=0.118349, patches=20
  step 400/1000: loss=0.116839, patches=20
  step 450/1000: loss=0.114082, patches=20
  step 500/1000: loss=0.109390, patches=20
  step 550/1000: loss=0.113738, patches=20
  step 600/1000: loss=0.113949, patches=20
  step 650/1000: loss=0.112701, patches=20
  step 700/1000: loss=0.112714, patches=20
  step 750/1000: loss=0.109794, patches=20
  step 800/1000: loss=0.107773, patches=20
  step 850/1000: loss=0.102054, patches=20
  step 900/1000: loss=0.100320, patches=20
  step 950/1000: loss=0.104034, patches=20
  step 1000/1000: loss=0.102524, patches=20
[Trial 1] done: loss=0.102552, time=1006.8s
[Trial 2/3] seed=1
  step 50/1000: loss=0.291292, patches=20
  step 100/1000: loss=0.200708, patches=20
  step 150/1000: loss=0.163370, patches=20
  step 200/1000: loss=0.135149, patches=20
  step 250/1000: loss=0.117335, patches=20
  step 300/1000: loss=0.104659, patches=20
  step 350/1000: loss=0.100413, patches=20
  step 400/1000: loss=0.081335, patches=20
  step 450/1000: loss=0.075600, patches=20
  step 500/1000: loss=0.074617, patches=20
  step 550/1000: loss=0.073994, patches=20
  step 600/1000: loss=0.071972, patches=20
  step 650/1000: loss=0.072720, patches=20
  step 700/1000: loss=0.067456, patches=20
  step 750/1000: loss=0.065369, patches=20
  step 800/1000: loss=0.066901, patches=20
  step 850/1000: loss=0.063233, patches=20
  step 900/1000: loss=0.063868, patches=20
  step 950/1000: loss=0.063155, patches=20
  step 1000/1000: loss=0.063613, patches=20
[Trial 2] done: loss=0.064590, time=1067.5s
[Trial 3/3] seed=2
  step 50/1000: loss=0.297601, patches=20
  step 100/1000: loss=0.189427, patches=20
  step 150/1000: loss=0.149011, patches=20
  step 200/1000: loss=0.142058, patches=20
  step 250/1000: loss=0.123640, patches=20
  step 300/1000: loss=0.108949, patches=20
  step 350/1000: loss=0.109161, patches=20
  step 400/1000: loss=0.109584, patches=20
  step 450/1000: loss=0.109187, patches=20
  step 500/1000: loss=0.109085, patches=20
  step 550/1000: loss=0.114283, patches=20
  step 600/1000: loss=0.110775, patches=20
  step 650/1000: loss=0.122684, patches=20
  step 700/1000: loss=0.109996, patches=20
  step 750/1000: loss=0.101565, patches=20
  step 800/1000: loss=0.100240, patches=20
  step 850/1000: loss=0.100142, patches=20
  step 900/1000: loss=0.098957, patches=20
  step 950/1000: loss=0.098327, patches=20
  step 1000/1000: loss=0.098700, patches=20
[Trial 3] done: loss=0.099179, time=1014.2s
[Run] report written to results/slurm/20260718_1833/patchsize_water_fire_20/patches_20/without_srd/without_srd.txt

======================================================================
Running 3 trials WITH SRD
======================================================================


======================================================================
Running 3 trials WITHOUT SRD
======================================================================


[Comparison] report written to results/slurm/20260718_1833/patchsize_water_fire_20/patches_20/comparison.txt

======================================================================
SRD Patch Size Comparison
======================================================================
Started: 2026-07-19T00:10:44
Patch sizes: [20]
Trials per size: 3
Steps per trial: 1000
Output directory: results/slurm/20260718_1833/patchsize_water_fire_20
======================================================================


======================================================================
Running comparison with 20 initial patches
  Target 1: images/water.png
  Target 2: images/fire.png
  Trials: 3, Steps: 1000
======================================================================

[OK] Comparison with 20 patches completed successfully

======================================================================
Comparison Summary
======================================================================
Successful: 1/1
Total time: 14974.8 seconds (4.16 hours)
Summary report: results/slurm/20260718_1833/patchsize_water_fire_20/SUMMARY.txt
======================================================================

