## SLURM PROLOG ###############################################################
##    Job ID : 4093831
##  Job Name : 20260718_1833_patchsize_horse_circle_10
##  Nodelist : gpu2259
##      CPUs : 
##  Mem/Node : 128000 MB
## Directory : /oscar/home/cjmok/automated-perspective-sculptor
##   Job Started : Sat Jul 18 09:19:29 PM EDT 2026
###############################################################################
[Swept volume] building (resolution=256)...
[Run] mode=full, trials=3, seeds=[0, 1, 2], steps=1000, srd=True, ablation_flags={'disable_swept_volume_adds': False, 'loss_only_deletion': False, 'disable_splitting': False}
[Trial 1/3] seed=0
[Patch] mapbox-earcut is not installed; falling back to fan fill, so non-convex pieces will render incorrectly. Install it with: pip install mapbox-earcut
[SRD rewrite] split patch=8, children=9,10, improvement=0.028400
[SRD rewrite] added patch=11, position=(0.794, 0.441, -1.057), improvement=0.027059
[SRD rewrite] added patch=12, position=(-0.889, 0.222, -1.342), improvement=0.026407
SRD step 50: evaluated 27 candidates, 23 promising, accepted 3
  Accepted SplitPatch(8) at patch 8, improvement=0.028400
  Accepted AddPatch at patch 11, improvement=0.027059
  Accepted AddPatch at patch 12, improvement=0.026407
  Total patches: 13, total adds: 3, total deletes: 0
  step 50/1000: loss=0.723919, patches=10
[SRD rewrite] deleted patch=10, position=(0.861, -0.060, -1.898), reason=Area 0.002109 below minimum 0.01
[SRD rewrite] deleted patch=9, position=(0.681, 0.121, -1.852), reason=Area 0.000906 below minimum 0.01
[SRD rewrite] added patch=11, position=(0.968, 0.689, -1.095), improvement=0.015583
[SRD rewrite] added patch=12, position=(-1.049, 0.149, -0.775), improvement=0.015039
[SRD rewrite] added patch=13, position=(-1.072, 0.106, -1.202), improvement=0.014674
SRD step 100: evaluated 27 candidates, 23 promising, accepted 5
  Accepted AddPatch at patch 11, improvement=0.015583
  Accepted AddPatch at patch 12, improvement=0.015039
  Accepted AddPatch at patch 13, improvement=0.014674
  Mandatory DeletePatch(9) at patch 9, reason=Area 0.000906 below minimum 0.01
  Mandatory DeletePatch(10) at patch 10, reason=Area 0.002109 below minimum 0.01
  Total patches: 14, total adds: 6, total deletes: 2
  step 100/1000: loss=0.499749, patches=13
[SRD rewrite] deleted patch=13, position=(-0.917, -0.009, -1.337), reason=Area 0.000228 below minimum 0.01
[SRD rewrite] deleted patch=12, position=(-1.188, 0.014, -0.898), reason=Area 0.000279 below minimum 0.01
[SRD rewrite] added patch=12, position=(-0.688, -0.342, 0.766), improvement=0.005178
[SRD rewrite] added patch=13, position=(-1.049, 0.042, 1.109), improvement=0.004815
[SRD rewrite] added patch=14, position=(-0.814, -0.198, 1.659), improvement=0.004586
SRD step 150: evaluated 27 candidates, 20 promising, accepted 5
  Accepted AddPatch at patch 12, improvement=0.005178
  Accepted AddPatch at patch 13, improvement=0.004815
  Accepted AddPatch at patch 14, improvement=0.004586
  Mandatory DeletePatch(12) at patch 12, reason=Area 0.000279 below minimum 0.01
  Mandatory DeletePatch(13) at patch 13, reason=Area 0.000228 below minimum 0.01
  Total patches: 15, total adds: 9, total deletes: 4
  step 150/1000: loss=0.412033, patches=14
[SRD rewrite] added patch=15, position=(1.557, 0.874, 0.835), improvement=0.003466
[SRD rewrite] added patch=16, position=(1.212, -0.146, 0.251), improvement=0.003337
[SRD rewrite] added patch=17, position=(1.309, 1.011, 0.738), improvement=0.003076
SRD step 200: evaluated 27 candidates, 27 promising, accepted 3
  Accepted AddPatch at patch 15, improvement=0.003466
  Accepted AddPatch at patch 16, improvement=0.003337
  Accepted AddPatch at patch 17, improvement=0.003076
  Total patches: 18, total adds: 12, total deletes: 4
  step 200/1000: loss=0.364393, patches=15
[SRD rewrite] deleted patch=14, position=(-0.807, -0.146, 1.671), reason=Area 0.009682 below minimum 0.01
[SRD rewrite] added patch=17, position=(-1.455, -0.456, 1.703), improvement=0.001871
[SRD rewrite] added patch=18, position=(-1.551, -0.050, -1.243), improvement=0.001208
[SRD rewrite] restored patch=19, position=(-1.188, 0.014, -0.898), improvement=0.001157
SRD step 250: evaluated 27 candidates, 25 promising, accepted 4
  Accepted AddPatch at patch 17, improvement=0.001871
  Accepted AddPatch at patch 18, improvement=0.001208
  Accepted RestorePatch(4) at patch 19, improvement=0.001157
  Mandatory DeletePatch(14) at patch 14, reason=Area 0.009682 below minimum 0.01
  Total patches: 20, total adds: 15, total deletes: 5
  step 250/1000: loss=0.321184, patches=18
[SRD rewrite] deleted patch=19, position=(-1.239, -0.038, -0.949), reason=Area 0.000279 below minimum 0.01
[SRD rewrite] restored patch=19, position=(-1.239, -0.038, -0.949), improvement=0.002256
[SRD rewrite] added patch=20, position=(1.361, 0.280, -0.741), improvement=0.002196
[SRD rewrite] added patch=21, position=(-1.460, -0.100, -0.901), improvement=0.002182
SRD step 300: evaluated 27 candidates, 23 promising, accepted 4
  Accepted RestorePatch(5) at patch 19, improvement=0.002256
  Accepted AddPatch at patch 20, improvement=0.002196
  Accepted AddPatch at patch 21, improvement=0.002182
  Mandatory DeletePatch(19) at patch 19, reason=Area 0.000279 below minimum 0.01
  Total patches: 22, total adds: 18, total deletes: 6
  step 300/1000: loss=0.277696, patches=20
[SRD rewrite] deleted patch=21, position=(-1.421, -0.035, -0.930), reason=Area 0.003232 below minimum 0.01
[SRD rewrite] deleted patch=20, position=(1.328, 0.348, -0.740), reason=Area 0.001761 below minimum 0.01
[SRD rewrite] deleted patch=19, position=(-1.239, -0.038, -0.949), reason=Area 0.000279 below minimum 0.01
[SRD rewrite] deleted patch=11, position=(1.186, 0.744, -1.039), reason=Area 0.007534 below minimum 0.01
SRD step 350: evaluated 27 candidates, 0 promising, accepted 4
  Mandatory DeletePatch(11) at patch 11, reason=Area 0.007534 below minimum 0.01
  Mandatory DeletePatch(19) at patch 19, reason=Area 0.000279 below minimum 0.01
  Mandatory DeletePatch(20) at patch 20, reason=Area 0.001761 below minimum 0.01
  Mandatory DeletePatch(21) at patch 21, reason=Area 0.003232 below minimum 0.01
  Total patches: 18, total adds: 18, total deletes: 10
  step 350/1000: loss=0.260324, patches=22
[SRD rewrite] deleted patch=17, position=(-1.524, 0.041, -1.312), reason=Area 0.009530 below minimum 0.01
[SRD rewrite] deleted patch=15, position=(1.051, 1.349, 0.325), reason=Area 0.002716 below minimum 0.01
[SRD rewrite] deleted patch=9, position=(1.220, 0.530, -0.513), reason=Area 0.008773 below minimum 0.01
SRD step 400: evaluated 27 candidates, 0 promising, accepted 3
  Mandatory DeletePatch(9) at patch 9, reason=Area 0.008773 below minimum 0.01
  Mandatory DeletePatch(15) at patch 15, reason=Area 0.002716 below minimum 0.01
  Mandatory DeletePatch(17) at patch 17, reason=Area 0.009530 below minimum 0.01
  Total patches: 15, total adds: 18, total deletes: 13
  step 400/1000: loss=0.249568, patches=18
[SRD rewrite] added patch=15, position=(-1.323, -0.538, 0.739), improvement=0.002502
[SRD rewrite] restored patch=16, position=(1.220, 0.530, -0.513), improvement=0.001714
[SRD rewrite] added patch=17, position=(-1.592, -0.102, -1.573), improvement=0.001522
SRD step 450: evaluated 27 candidates, 10 promising, accepted 3
  Accepted AddPatch at patch 15, improvement=0.002502
  Accepted RestorePatch(11) at patch 16, improvement=0.001714
  Accepted AddPatch at patch 17, improvement=0.001522
  Total patches: 18, total adds: 21, total deletes: 13
  step 450/1000: loss=0.245182, patches=15
[SRD rewrite] deleted patch=16, position=(1.219, 0.537, -0.475), reason=Area 0.005015 below minimum 0.01
[SRD rewrite] added patch=17, position=(0.473, 0.643, -0.302), improvement=0.000130
[SRD rewrite] added patch=18, position=(-0.506, 0.560, -0.623), improvement=0.000129
SRD step 500: evaluated 27 candidates, 2 promising, accepted 3
  Accepted AddPatch at patch 17, improvement=0.000130
  Accepted AddPatch at patch 18, improvement=0.000129
  Mandatory DeletePatch(16) at patch 16, reason=Area 0.005015 below minimum 0.01
  Total patches: 19, total adds: 23, total deletes: 14
  step 500/1000: loss=0.224715, patches=18
[SRD rewrite] deleted patch=18, position=(-0.638, 0.701, -0.635), reason=Area 0.000326 below minimum 0.01
[SRD rewrite] deleted patch=17, position=(0.461, 0.586, -0.229), reason=Area 0.009121 below minimum 0.01
SRD step 550: evaluated 27 candidates, 0 promising, accepted 2
  Mandatory DeletePatch(17) at patch 17, reason=Area 0.009121 below minimum 0.01
  Mandatory DeletePatch(18) at patch 18, reason=Area 0.000326 below minimum 0.01
  Total patches: 17, total adds: 23, total deletes: 16
  step 550/1000: loss=0.212252, patches=19
[SRD rewrite] added patch=17, position=(1.198, 0.511, -0.487), improvement=0.000713
[SRD rewrite] added patch=18, position=(1.356, -0.116, -0.477), improvement=0.000560
[SRD rewrite] added patch=19, position=(0.710, 0.485, -0.516), improvement=0.000521
SRD step 600: evaluated 27 candidates, 6 promising, accepted 3
  Accepted AddPatch at patch 17, improvement=0.000713
  Accepted AddPatch at patch 18, improvement=0.000560
  Accepted AddPatch at patch 19, improvement=0.000521
  Total patches: 20, total adds: 26, total deletes: 16
  step 600/1000: loss=0.210682, patches=17
[SRD rewrite] deleted patch=19, position=(0.861, 0.619, -0.420), reason=Area 0.000158 below minimum 0.01
[SRD rewrite] deleted patch=18, position=(1.376, -0.110, -0.368), reason=Area 0.000344 below minimum 0.01
[SRD rewrite] deleted patch=17, position=(1.195, 0.586, -0.415), reason=Area 0.004606 below minimum 0.01
[SRD rewrite] deleted patch=7, position=(0.844, 1.219, 0.709), reason=Area 0.004893 below minimum 0.01
SRD step 650: evaluated 27 candidates, 0 promising, accepted 4
  Mandatory DeletePatch(7) at patch 7, reason=Area 0.004893 below minimum 0.01
  Mandatory DeletePatch(17) at patch 17, reason=Area 0.004606 below minimum 0.01
  Mandatory DeletePatch(18) at patch 18, reason=Area 0.000344 below minimum 0.01
  Mandatory DeletePatch(19) at patch 19, reason=Area 0.000158 below minimum 0.01
  Total patches: 16, total adds: 26, total deletes: 20
  step 650/1000: loss=0.204382, patches=20
SRD step 700: evaluated 27 candidates, 0 promising, accepted 0
  Total patches: 16, total adds: 26, total deletes: 20
  step 700/1000: loss=0.217838, patches=16
SRD step 750: evaluated 27 candidates, 0 promising, accepted 0
  Total patches: 16, total adds: 26, total deletes: 20
  step 750/1000: loss=0.220273, patches=16
[SRD rewrite] added patch=16, position=(1.198, 0.954, 0.815), improvement=0.002784
[SRD rewrite] added patch=17, position=(1.276, 0.951, 0.620), improvement=0.002656
[SRD rewrite] added patch=18, position=(1.807, 1.022, -0.122), improvement=0.002529
SRD step 800: evaluated 27 candidates, 10 promising, accepted 3
  Accepted AddPatch at patch 16, improvement=0.002784
  Accepted AddPatch at patch 17, improvement=0.002656
  Accepted AddPatch at patch 18, improvement=0.002529
  Total patches: 19, total adds: 29, total deletes: 20
  step 800/1000: loss=0.224259, patches=16
[SRD rewrite] deleted patch=16, position=(1.223, 1.049, 0.732), reason=Area 0.008587 below minimum 0.01
SRD step 850: evaluated 27 candidates, 0 promising, accepted 1
  Mandatory DeletePatch(16) at patch 16, reason=Area 0.008587 below minimum 0.01
  Total patches: 18, total adds: 29, total deletes: 21
  step 850/1000: loss=0.202807, patches=19
[SRD rewrite] deleted patch=14, position=(-0.894, -0.338, 1.689), reason=Area 0.002522 below minimum 0.01
SRD step 900: evaluated 27 candidates, 0 promising, accepted 1
  Mandatory DeletePatch(14) at patch 14, reason=Area 0.002522 below minimum 0.01
  Total patches: 17, total adds: 29, total deletes: 22
  step 900/1000: loss=0.198951, patches=18
[SRD rewrite] added patch=17, position=(0.717, 0.557, -0.335), improvement=0.001043
[SRD rewrite] restored patch=18, position=(0.461, 0.586, -0.229), improvement=0.000812
[SRD rewrite] added patch=19, position=(-1.520, 0.391, -0.723), improvement=0.000542
SRD step 950: evaluated 27 candidates, 20 promising, accepted 3
  Accepted AddPatch at patch 17, improvement=0.001043
  Accepted RestorePatch(13) at patch 18, improvement=0.000812
  Accepted AddPatch at patch 19, improvement=0.000542
  Total patches: 20, total adds: 32, total deletes: 22
  step 950/1000: loss=0.194618, patches=17
[SRD rewrite] deleted patch=19, position=(-1.485, 0.330, -0.754), reason=Area 0.001643 below minimum 0.01
[SRD rewrite] deleted patch=18, position=(0.629, 0.652, -0.073), reason=Area 0.009147 below minimum 0.01
[SRD rewrite] deleted patch=17, position=(0.864, 0.684, -0.235), reason=Area 0.000341 below minimum 0.01
SRD step 1000: evaluated 27 candidates, 0 promising, accepted 3
  Mandatory DeletePatch(17) at patch 17, reason=Area 0.000341 below minimum 0.01
  Mandatory DeletePatch(18) at patch 18, reason=Area 0.009147 below minimum 0.01
  Mandatory DeletePatch(19) at patch 19, reason=Area 0.001643 below minimum 0.01
  Total patches: 17, total adds: 32, total deletes: 25
  step 1000/1000: loss=0.193082, patches=20
[SRD rewrite] deleted patch=11, position=(2.293, -0.193, -1.678), reason=final deletion pass improved loss
[Trial 1] done: loss=0.188885, time=3250.4s
[Trial 2/3] seed=1
[SRD rewrite] added patch=10, position=(0.744, 0.513, 0.858), improvement=0.019733
[SRD rewrite] added patch=11, position=(0.814, 0.507, -0.868), improvement=0.019601
[SRD rewrite] added patch=12, position=(0.562, 0.292, 1.050), improvement=0.019388
SRD step 50: evaluated 27 candidates, 23 promising, accepted 3
  Accepted AddPatch at patch 10, improvement=0.019733
  Accepted AddPatch at patch 11, improvement=0.019601
  Accepted AddPatch at patch 12, improvement=0.019388
  Total patches: 13, total adds: 3, total deletes: 0
  step 50/1000: loss=0.825470, patches=10
[SRD rewrite] added patch=13, position=(0.780, 0.241, 0.178), improvement=0.018626
[SRD rewrite] added patch=14, position=(0.693, 0.488, 0.003), improvement=0.017695
[SRD rewrite] added patch=15, position=(-0.106, 0.150, 0.163), improvement=0.017527
SRD step 100: evaluated 27 candidates, 18 promising, accepted 3
  Accepted AddPatch at patch 13, improvement=0.018626
  Accepted AddPatch at patch 14, improvement=0.017695
  Accepted AddPatch at patch 15, improvement=0.017527
  Total patches: 16, total adds: 6, total deletes: 0
  step 100/1000: loss=0.617654, patches=13
[SRD rewrite] added patch=16, position=(1.305, 1.102, 0.173), improvement=0.016222
[SRD rewrite] added patch=17, position=(1.218, 1.068, 0.114), improvement=0.016121
[SRD rewrite] added patch=18, position=(0.989, 1.122, 0.153), improvement=0.015779
SRD step 150: evaluated 27 candidates, 19 promising, accepted 3
  Accepted AddPatch at patch 16, improvement=0.016222
  Accepted AddPatch at patch 17, improvement=0.016121
  Accepted AddPatch at patch 18, improvement=0.015779
  Total patches: 19, total adds: 9, total deletes: 0
  step 150/1000: loss=0.464168, patches=16
[SRD rewrite] added patch=19, position=(1.739, 0.993, 0.129), improvement=0.006247
[SRD rewrite] added patch=20, position=(-1.238, -0.477, 0.346), improvement=0.006114
[SRD rewrite] added patch=21, position=(1.398, 1.077, -0.096), improvement=0.005942
SRD step 200: evaluated 27 candidates, 20 promising, accepted 3
  Accepted AddPatch at patch 19, improvement=0.006247
  Accepted AddPatch at patch 20, improvement=0.006114
  Accepted AddPatch at patch 21, improvement=0.005942
  Total patches: 22, total adds: 12, total deletes: 0
  step 200/1000: loss=0.331435, patches=19
[SRD rewrite] added patch=22, position=(1.806, 1.004, 0.338), improvement=0.002376
[SRD rewrite] added patch=23, position=(1.239, 1.119, 0.462), improvement=0.002302
[SRD rewrite] added patch=24, position=(1.485, -0.194, -0.401), improvement=0.002301
SRD step 250: evaluated 27 candidates, 25 promising, accepted 3
  Accepted AddPatch at patch 22, improvement=0.002376
  Accepted AddPatch at patch 23, improvement=0.002302
  Accepted AddPatch at patch 24, improvement=0.002301
  Total patches: 25, total adds: 15, total deletes: 0
  step 250/1000: loss=0.294183, patches=22
[SRD rewrite] deleted patch=23, position=(1.271, 1.170, 0.511), reason=Area 0.003648 below minimum 0.01
[SRD rewrite] deleted patch=22, position=(1.769, 1.007, 0.417), reason=Area 0.005283 below minimum 0.01
[SRD rewrite] deleted patch=21, position=(1.479, 1.176, -0.259), reason=Area 0.002864 below minimum 0.01
SRD step 300: evaluated 27 candidates, 0 promising, accepted 3
  Mandatory DeletePatch(21) at patch 21, reason=Area 0.002864 below minimum 0.01
  Mandatory DeletePatch(22) at patch 22, reason=Area 0.005283 below minimum 0.01
  Mandatory DeletePatch(23) at patch 23, reason=Area 0.003648 below minimum 0.01
  Total patches: 22, total adds: 15, total deletes: 3
  step 300/1000: loss=0.266960, patches=25
[SRD rewrite] added patch=22, position=(0.650, 0.682, -0.025), improvement=0.000041
SRD step 350: evaluated 27 candidates, 1 promising, accepted 1
  Accepted AddPatch at patch 22, improvement=0.000041
  Total patches: 23, total adds: 16, total deletes: 3
  step 350/1000: loss=0.255545, patches=22
[SRD rewrite] deleted patch=22, position=(0.492, 0.682, 0.087), reason=Area 0.000364 below minimum 0.01
SRD step 400: evaluated 27 candidates, 0 promising, accepted 1
  Mandatory DeletePatch(22) at patch 22, reason=Area 0.000364 below minimum 0.01
  Total patches: 22, total adds: 16, total deletes: 4
  step 400/1000: loss=0.235862, patches=23
SRD step 450: evaluated 27 candidates, 0 promising, accepted 0
  Total patches: 22, total adds: 16, total deletes: 4
  step 450/1000: loss=0.225128, patches=22
[SRD rewrite] deleted patch=18, position=(1.030, 1.322, -0.562), reason=Area 0.009695 below minimum 0.01
[SRD rewrite] deleted patch=17, position=(1.262, 1.285, -0.123), reason=Area 0.001953 below minimum 0.01
[SRD rewrite] split patch=8, children=19,20, improvement=0.000278
SRD step 500: evaluated 27 candidates, 1 promising, accepted 3
  Accepted SplitPatch(8) at patch 8, improvement=0.000278
  Mandatory DeletePatch(17) at patch 17, reason=Area 0.001953 below minimum 0.01
  Mandatory DeletePatch(18) at patch 18, reason=Area 0.009695 below minimum 0.01
  Total patches: 21, total adds: 17, total deletes: 6
  step 500/1000: loss=0.216660, patches=22
[SRD rewrite] deleted patch=19, position=(-0.815, -1.260, -1.075), reason=Area 0.001489 below minimum 0.01
[SRD rewrite] deleted patch=12, position=(1.107, 0.033, 0.415), reason=Area 0.009772 below minimum 0.01
SRD step 550: evaluated 27 candidates, 0 promising, accepted 2
  Mandatory DeletePatch(12) at patch 12, reason=Area 0.009772 below minimum 0.01
  Mandatory DeletePatch(19) at patch 19, reason=Area 0.001489 below minimum 0.01
  Total patches: 19, total adds: 17, total deletes: 8
  step 550/1000: loss=0.209811, patches=21
[SRD rewrite] deleted patch=1, position=(-0.176, 0.559, 1.204), reason=Area 0.004335 below minimum 0.01
SRD step 600: evaluated 27 candidates, 0 promising, accepted 1
  Mandatory DeletePatch(1) at patch 1, reason=Area 0.004335 below minimum 0.01
  Total patches: 18, total adds: 17, total deletes: 9
  step 600/1000: loss=0.212896, patches=19
[SRD rewrite] added patch=18, position=(-0.758, -0.736, 1.472), improvement=0.001700
[SRD rewrite] added patch=19, position=(1.407, -0.188, -1.237), improvement=0.001300
[SRD rewrite] added patch=20, position=(-1.027, -0.339, -1.700), improvement=0.001274
SRD step 650: evaluated 27 candidates, 10 promising, accepted 3
  Accepted AddPatch at patch 18, improvement=0.001700
  Accepted AddPatch at patch 19, improvement=0.001300
  Accepted AddPatch at patch 20, improvement=0.001274
  Total patches: 21, total adds: 20, total deletes: 9
  step 650/1000: loss=0.212344, patches=18
[SRD rewrite] deleted patch=19, position=(1.406, -0.274, -1.157), reason=Area 0.000985 below minimum 0.01
SRD step 700: evaluated 27 candidates, 0 promising, accepted 1
  Mandatory DeletePatch(19) at patch 19, reason=Area 0.000985 below minimum 0.01
  Total patches: 20, total adds: 20, total deletes: 10
  step 700/1000: loss=0.215132, patches=21
SRD step 750: evaluated 27 candidates, 0 promising, accepted 0
  Total patches: 20, total adds: 20, total deletes: 10
  step 750/1000: loss=0.222713, patches=20
SRD step 800: evaluated 27 candidates, 0 promising, accepted 0
  Total patches: 20, total adds: 20, total deletes: 10
  step 800/1000: loss=0.223633, patches=20
[SRD rewrite] deleted patch=14, position=(2.383, 0.484, -1.571), reason=Area 0.006642 below minimum 0.01
[SRD rewrite] restored patch=19, position=(1.769, 1.007, 0.417), improvement=0.011504
[SRD rewrite] added patch=20, position=(1.382, -0.219, -1.267), improvement=0.011316
[SRD rewrite] restored patch=21, position=(1.107, 0.033, 0.415), improvement=0.011199
SRD step 850: evaluated 27 candidates, 27 promising, accepted 4
  Accepted RestorePatch(1) at patch 19, improvement=0.011504
  Accepted AddPatch at patch 20, improvement=0.011316
  Accepted RestorePatch(8) at patch 21, improvement=0.011199
  Mandatory DeletePatch(14) at patch 14, reason=Area 0.006642 below minimum 0.01
  Total patches: 22, total adds: 23, total deletes: 11
  step 850/1000: loss=0.225220, patches=20
[SRD rewrite] deleted patch=21, position=(1.119, 0.106, 0.439), reason=Area 0.005389 below minimum 0.01
[SRD rewrite] deleted patch=20, position=(1.362, -0.244, -1.208), reason=Area 0.000516 below minimum 0.01
[SRD rewrite] deleted patch=11, position=(1.328, 1.623, -0.301), reason=Area 0.003248 below minimum 0.01
[SRD rewrite] deleted patch=17, position=(-1.110, -0.339, -1.617), reason=delete has no image effect
SRD step 900: evaluated 27 candidates, 0 promising, accepted 4
  Mandatory DeletePatch(11) at patch 11, reason=Area 0.003248 below minimum 0.01
  Mandatory DeletePatch(20) at patch 20, reason=Area 0.000516 below minimum 0.01
  Mandatory DeletePatch(21) at patch 21, reason=Area 0.005389 below minimum 0.01
  Mandatory DeletePatch(17) at patch 17, reason=delete has no image effect
  Total patches: 18, total adds: 23, total deletes: 15
  step 900/1000: loss=0.203932, patches=22
SRD step 950: evaluated 27 candidates, 0 promising, accepted 0
  Total patches: 18, total adds: 23, total deletes: 15
  step 950/1000: loss=0.205065, patches=18
[SRD rewrite] deleted patch=12, position=(1.946, 1.152, -0.223), reason=Area 0.009072 below minimum 0.01
SRD step 1000: evaluated 27 candidates, 0 promising, accepted 1
  Mandatory DeletePatch(12) at patch 12, reason=Area 0.009072 below minimum 0.01
  Total patches: 17, total adds: 23, total deletes: 16
  step 1000/1000: loss=0.201720, patches=18
[Trial 2] done: loss=0.202622, time=3777.1s
[Trial 3/3] seed=2
[SRD rewrite] split patch=7, children=9,10, improvement=0.035906
[SRD rewrite] added patch=11, position=(0.808, 0.305, -1.077), improvement=0.025662
[SRD rewrite] added patch=12, position=(0.792, 0.346, -0.858), improvement=0.025554
SRD step 50: evaluated 27 candidates, 22 promising, accepted 3
  Accepted SplitPatch(7) at patch 7, improvement=0.035906
  Accepted AddPatch at patch 11, improvement=0.025662
  Accepted AddPatch at patch 12, improvement=0.025554
  Total patches: 13, total adds: 3, total deletes: 0
  step 50/1000: loss=0.821532, patches=10
[SRD rewrite] deleted patch=10, position=(-2.088, 0.066, 1.115), reason=Area 0.003637 below minimum 0.01
[SRD rewrite] deleted patch=9, position=(-1.971, 0.009, 1.339), reason=Area 0.001949 below minimum 0.01
[SRD rewrite] added patch=11, position=(0.920, 0.736, -0.651), improvement=0.017670
[SRD rewrite] added patch=12, position=(1.184, 0.024, -1.143), improvement=0.017518
[SRD rewrite] added patch=13, position=(0.926, 0.868, -0.139), improvement=0.017320
SRD step 100: evaluated 27 candidates, 9 promising, accepted 5
  Accepted AddPatch at patch 11, improvement=0.017670
  Accepted AddPatch at patch 12, improvement=0.017518
  Accepted AddPatch at patch 13, improvement=0.017320
  Mandatory DeletePatch(9) at patch 9, reason=Area 0.001949 below minimum 0.01
  Mandatory DeletePatch(10) at patch 10, reason=Area 0.003637 below minimum 0.01
  Total patches: 14, total adds: 6, total deletes: 2
  step 100/1000: loss=0.577597, patches=13
[SRD rewrite] deleted patch=13, position=(1.124, 1.012, -0.026), reason=Area 0.008341 below minimum 0.01
[SRD rewrite] deleted patch=12, position=(1.184, 0.024, -1.143), reason=Area 0.009291 below minimum 0.01
[SRD rewrite] deleted patch=10, position=(0.851, 0.615, -0.855), reason=Area 0.007104 below minimum 0.01
[SRD rewrite] added patch=11, position=(1.018, 0.738, -0.896), improvement=0.004011
[SRD rewrite] added patch=12, position=(-0.523, -0.187, 1.536), improvement=0.003624
[SRD rewrite] added patch=13, position=(0.750, 0.030, 1.046), improvement=0.003537
SRD step 150: evaluated 27 candidates, 12 promising, accepted 6
  Accepted AddPatch at patch 11, improvement=0.004011
  Accepted AddPatch at patch 12, improvement=0.003624
  Accepted AddPatch at patch 13, improvement=0.003537
  Mandatory DeletePatch(10) at patch 10, reason=Area 0.007104 below minimum 0.01
  Mandatory DeletePatch(12) at patch 12, reason=Area 0.009291 below minimum 0.01
  Mandatory DeletePatch(13) at patch 13, reason=Area 0.008341 below minimum 0.01
  Total patches: 14, total adds: 9, total deletes: 5
  step 150/1000: loss=0.461011, patches=14
[SRD rewrite] deleted patch=9, position=(0.881, 0.428, -1.111), reason=Area 0.004903 below minimum 0.01
[SRD rewrite] added patch=13, position=(0.836, 0.847, -1.060), improvement=0.003970
[SRD rewrite] added patch=14, position=(1.083, 1.153, -0.173), improvement=0.003367
[SRD rewrite] added patch=15, position=(-1.036, -0.243, -1.585), improvement=0.003258
SRD step 200: evaluated 27 candidates, 15 promising, accepted 4
  Accepted AddPatch at patch 13, improvement=0.003970
  Accepted AddPatch at patch 14, improvement=0.003367
  Accepted AddPatch at patch 15, improvement=0.003258
  Mandatory DeletePatch(9) at patch 9, reason=Area 0.004903 below minimum 0.01
  Total patches: 16, total adds: 12, total deletes: 6
  step 200/1000: loss=0.396863, patches=14
[SRD rewrite] deleted patch=15, position=(-1.167, -0.344, -1.576), reason=Area 0.000101 below minimum 0.01
[SRD rewrite] deleted patch=14, position=(1.243, 1.279, -0.050), reason=Area 0.008190 below minimum 0.01
[SRD rewrite] added patch=14, position=(0.988, -0.341, -1.221), improvement=0.005532
[SRD rewrite] added patch=15, position=(1.606, 0.895, 0.790), improvement=0.005520
[SRD rewrite] added patch=16, position=(-1.506, -0.018, 1.733), improvement=0.005410
SRD step 250: evaluated 27 candidates, 21 promising, accepted 5
  Accepted AddPatch at patch 14, improvement=0.005532
  Accepted AddPatch at patch 15, improvement=0.005520
  Accepted AddPatch at patch 16, improvement=0.005410
  Mandatory DeletePatch(14) at patch 14, reason=Area 0.008190 below minimum 0.01
  Mandatory DeletePatch(15) at patch 15, reason=Area 0.000101 below minimum 0.01
  Total patches: 17, total adds: 15, total deletes: 8
  step 250/1000: loss=0.335429, patches=16
[SRD rewrite] deleted patch=16, position=(-1.478, -0.047, 1.714), reason=Area 0.006062 below minimum 0.01
[SRD rewrite] added patch=16, position=(-0.989, -0.154, 1.618), improvement=0.003101
[SRD rewrite] added patch=17, position=(-1.420, -0.262, -1.318), improvement=0.002939
[SRD rewrite] added patch=18, position=(0.919, -0.193, -1.370), improvement=0.002262
SRD step 300: evaluated 27 candidates, 25 promising, accepted 4
  Accepted AddPatch at patch 16, improvement=0.003101
  Accepted AddPatch at patch 17, improvement=0.002939
  Accepted AddPatch at patch 18, improvement=0.002262
  Mandatory DeletePatch(16) at patch 16, reason=Area 0.006062 below minimum 0.01
  Total patches: 19, total adds: 18, total deletes: 9
  step 300/1000: loss=0.297871, patches=17
[SRD rewrite] deleted patch=18, position=(0.919, -0.193, -1.370), reason=Area 0.009291 below minimum 0.01
[SRD rewrite] deleted patch=17, position=(-1.407, -0.351, -1.417), reason=Area 0.000674 below minimum 0.01
[SRD rewrite] deleted patch=16, position=(-0.986, -0.108, 1.646), reason=Area 0.004347 below minimum 0.01
[SRD rewrite] deleted patch=10, position=(0.963, 1.162, -0.734), reason=Area 0.000456 below minimum 0.01
SRD step 350: evaluated 27 candidates, 0 promising, accepted 4
  Mandatory DeletePatch(10) at patch 10, reason=Area 0.000456 below minimum 0.01
  Mandatory DeletePatch(16) at patch 16, reason=Area 0.004347 below minimum 0.01
  Mandatory DeletePatch(17) at patch 17, reason=Area 0.000674 below minimum 0.01
  Mandatory DeletePatch(18) at patch 18, reason=Area 0.009291 below minimum 0.01
  Total patches: 15, total adds: 18, total deletes: 13
  step 350/1000: loss=0.274243, patches=19
[SRD rewrite] deleted patch=12, position=(0.398, 1.119, -0.965), reason=Area 0.004586 below minimum 0.01
[SRD rewrite] split patch=0, children=13,14, improvement=0.011118
SRD step 400: evaluated 27 candidates, 1 promising, accepted 2
  Accepted SplitPatch(0) at patch 0, improvement=0.011118
  Mandatory DeletePatch(12) at patch 12, reason=Area 0.004586 below minimum 0.01
  Total patches: 15, total adds: 19, total deletes: 14
  step 400/1000: loss=0.275031, patches=15
[SRD rewrite] deleted patch=14, position=(0.922, -1.182, 1.507), reason=Area 0.005086 below minimum 0.01
[SRD rewrite] deleted patch=13, position=(1.012, -1.457, 1.600), reason=Area 0.001654 below minimum 0.01
[SRD rewrite] added patch=13, position=(-1.110, 0.534, -0.465), improvement=0.002522
[SRD rewrite] added patch=14, position=(-1.382, -0.295, -1.605), improvement=0.002377
[SRD rewrite] added patch=15, position=(-1.415, -0.332, -1.788), improvement=0.002277
SRD step 450: evaluated 27 candidates, 23 promising, accepted 5
  Accepted AddPatch at patch 13, improvement=0.002522
  Accepted AddPatch at patch 14, improvement=0.002377
  Accepted AddPatch at patch 15, improvement=0.002277
  Mandatory DeletePatch(13) at patch 13, reason=Area 0.001654 below minimum 0.01
  Mandatory DeletePatch(14) at patch 14, reason=Area 0.005086 below minimum 0.01
  Total patches: 16, total adds: 22, total deletes: 16
  step 450/1000: loss=0.248613, patches=15
[SRD rewrite] deleted patch=15, position=(-1.415, -0.332, -1.788), reason=Area 0.009291 below minimum 0.01
[SRD rewrite] deleted patch=14, position=(-1.382, -0.295, -1.605), reason=Area 0.009291 below minimum 0.01
[SRD rewrite] deleted patch=12, position=(1.840, 1.051, 0.435), reason=Area 0.005447 below minimum 0.01
SRD step 500: evaluated 27 candidates, 0 promising, accepted 3
  Mandatory DeletePatch(12) at patch 12, reason=Area 0.005447 below minimum 0.01
  Mandatory DeletePatch(14) at patch 14, reason=Area 0.009291 below minimum 0.01
  Mandatory DeletePatch(15) at patch 15, reason=Area 0.009291 below minimum 0.01
  Total patches: 13, total adds: 22, total deletes: 19
  step 500/1000: loss=0.234121, patches=16
[SRD rewrite] added patch=13, position=(-1.012, -0.023, 1.121), improvement=0.001087
[SRD rewrite] added patch=14, position=(-1.362, -0.240, -1.931), improvement=0.000086
[SRD rewrite] restored patch=15, position=(1.840, 1.051, 0.435), improvement=0.000047
SRD step 550: evaluated 27 candidates, 3 promising, accepted 3
  Accepted AddPatch at patch 13, improvement=0.001087
  Accepted AddPatch at patch 14, improvement=0.000086
  Accepted RestorePatch(20) at patch 15, improvement=0.000047
  Total patches: 16, total adds: 25, total deletes: 19
  step 550/1000: loss=0.236621, patches=13
[SRD rewrite] deleted patch=15, position=(1.833, 1.053, 0.446), reason=Area 0.004700 below minimum 0.01
[SRD rewrite] deleted patch=14, position=(-1.362, -0.240, -1.931), reason=Area 0.009291 below minimum 0.01
SRD step 600: evaluated 27 candidates, 0 promising, accepted 2
  Mandatory DeletePatch(14) at patch 14, reason=Area 0.009291 below minimum 0.01
  Mandatory DeletePatch(15) at patch 15, reason=Area 0.004700 below minimum 0.01
  Total patches: 14, total adds: 25, total deletes: 21
  step 600/1000: loss=0.219071, patches=16
[SRD rewrite] restored patch=14, position=(-1.415, -0.332, -1.788), improvement=0.003017
[SRD rewrite] added patch=15, position=(-1.132, -0.044, -0.598), improvement=0.002568
[SRD rewrite] added patch=16, position=(-1.168, -0.027, -1.422), improvement=0.002417
SRD step 650: evaluated 27 candidates, 20 promising, accepted 3
  Accepted RestorePatch(18) at patch 14, improvement=0.003017
  Accepted AddPatch at patch 15, improvement=0.002568
  Accepted AddPatch at patch 16, improvement=0.002417
  Total patches: 17, total adds: 28, total deletes: 21
  step 650/1000: loss=0.211651, patches=14
[SRD rewrite] deleted patch=15, position=(-1.003, 0.101, -0.735), reason=Area 0.000230 below minimum 0.01
SRD step 700: evaluated 27 candidates, 0 promising, accepted 1
  Mandatory DeletePatch(15) at patch 15, reason=Area 0.000230 below minimum 0.01
  Total patches: 16, total adds: 28, total deletes: 22
  step 700/1000: loss=0.193750, patches=17
[SRD rewrite] deleted patch=15, position=(-1.165, 0.002, -1.384), reason=Area 0.007107 below minimum 0.01
SRD step 750: evaluated 27 candidates, 0 promising, accepted 1
  Mandatory DeletePatch(15) at patch 15, reason=Area 0.007107 below minimum 0.01
  Total patches: 15, total adds: 28, total deletes: 23
  step 750/1000: loss=0.192501, patches=16
SRD step 800: evaluated 27 candidates, 0 promising, accepted 0
  Total patches: 15, total adds: 28, total deletes: 23
  step 800/1000: loss=0.191732, patches=15
SRD step 850: evaluated 27 candidates, 0 promising, accepted 0
  Total patches: 15, total adds: 28, total deletes: 23
  step 850/1000: loss=0.198556, patches=15
SRD step 900: evaluated 27 candidates, 0 promising, accepted 0
  Total patches: 15, total adds: 28, total deletes: 23
  step 900/1000: loss=0.207972, patches=15
SRD step 950: evaluated 27 candidates, 0 promising, accepted 0
  Total patches: 15, total adds: 28, total deletes: 23
  step 950/1000: loss=0.213250, patches=15
[SRD rewrite] added patch=15, position=(-1.665, 0.165, -1.654), improvement=0.000843
[SRD rewrite] added patch=16, position=(-1.703, -0.723, -1.659), improvement=0.000299
SRD step 1000: evaluated 27 candidates, 2 promising, accepted 2
  Accepted AddPatch at patch 15, improvement=0.000843
  Accepted AddPatch at patch 16, improvement=0.000299
  Total patches: 17, total adds: 30, total deletes: 23
  step 1000/1000: loss=0.221819, patches=15
[SRD rewrite] deleted patch=16, position=(-1.703, -0.723, -1.659), reason=Area 0.009291 below minimum 0.01
[SRD rewrite] deleted patch=15, position=(-1.665, 0.165, -1.654), reason=Area 0.009291 below minimum 0.01
[SRD rewrite] deleted patch=8, position=(2.047, 1.535, -0.865), reason=final deletion pass improved loss
[Trial 3] done: loss=0.211302, time=2821.6s
[Run] report written to results/slurm/20260718_1833/patchsize_horse_circle_10/patches_10/with_srd/with_srd.txt
[Swept volume] building (resolution=256)...
[Run] mode=full, trials=3, seeds=[0, 1, 2], steps=1000, srd=False, ablation_flags={'disable_swept_volume_adds': True, 'loss_only_deletion': True, 'disable_splitting': False}
[Trial 1/3] seed=0
[Patch] mapbox-earcut is not installed; falling back to fan fill, so non-convex pieces will render incorrectly. Install it with: pip install mapbox-earcut
  step 50/1000: loss=0.723919, patches=10
  step 100/1000: loss=0.531509, patches=10
  step 150/1000: loss=0.423007, patches=10
  step 200/1000: loss=0.381878, patches=10
  step 250/1000: loss=0.342667, patches=10
  step 300/1000: loss=0.311076, patches=10
  step 350/1000: loss=0.292478, patches=10
  step 400/1000: loss=0.272927, patches=10
  step 450/1000: loss=0.254539, patches=10
  step 500/1000: loss=0.227069, patches=10
  step 550/1000: loss=0.203118, patches=10
  step 600/1000: loss=0.196855, patches=10
  step 650/1000: loss=0.194275, patches=10
  step 700/1000: loss=0.191662, patches=10
  step 750/1000: loss=0.190507, patches=10
  step 800/1000: loss=0.188707, patches=10
  step 850/1000: loss=0.188557, patches=10
  step 900/1000: loss=0.187688, patches=10
  step 950/1000: loss=0.188082, patches=10
  step 1000/1000: loss=0.188635, patches=10
[Trial 1] done: loss=0.188254, time=522.1s
[Trial 2/3] seed=1
  step 50/1000: loss=0.825470, patches=10
  step 100/1000: loss=0.626009, patches=10
  step 150/1000: loss=0.510735, patches=10
  step 200/1000: loss=0.444992, patches=10
  step 250/1000: loss=0.390227, patches=10
  step 300/1000: loss=0.361774, patches=10
  step 350/1000: loss=0.319654, patches=10
  step 400/1000: loss=0.298825, patches=10
  step 450/1000: loss=0.287360, patches=10
  step 500/1000: loss=0.280985, patches=10
  step 550/1000: loss=0.277666, patches=10
  step 600/1000: loss=0.274593, patches=10
  step 650/1000: loss=0.270717, patches=10
  step 700/1000: loss=0.268261, patches=10
  step 750/1000: loss=0.265292, patches=10
  step 800/1000: loss=0.261824, patches=10
  step 850/1000: loss=0.260972, patches=10
  step 900/1000: loss=0.258998, patches=10
  step 950/1000: loss=0.256875, patches=10
  step 1000/1000: loss=0.256420, patches=10
[Trial 2] done: loss=0.256279, time=515.6s
[Trial 3/3] seed=2
  step 50/1000: loss=0.821532, patches=10
  step 100/1000: loss=0.598368, patches=10
  step 150/1000: loss=0.515004, patches=10
  step 200/1000: loss=0.436796, patches=10
  step 250/1000: loss=0.404292, patches=10
  step 300/1000: loss=0.390908, patches=10
  step 350/1000: loss=0.364923, patches=10
  step 400/1000: loss=0.355077, patches=10
  step 450/1000: loss=0.350998, patches=10
  step 500/1000: loss=0.347317, patches=10
  step 550/1000: loss=0.344518, patches=10
  step 600/1000: loss=0.339672, patches=10
  step 650/1000: loss=0.340191, patches=10
  step 700/1000: loss=0.339042, patches=10
  step 750/1000: loss=0.336136, patches=10
  step 800/1000: loss=0.335563, patches=10
  step 850/1000: loss=0.339116, patches=10
  step 900/1000: loss=0.338018, patches=10
  step 950/1000: loss=0.333918, patches=10
  step 1000/1000: loss=0.336024, patches=10
[Trial 3] done: loss=0.335393, time=508.9s
[Run] report written to results/slurm/20260718_1833/patchsize_horse_circle_10/patches_10/without_srd/without_srd.txt

======================================================================
Running 3 trials WITH SRD
======================================================================


======================================================================
Running 3 trials WITHOUT SRD
======================================================================


[Comparison] report written to results/slurm/20260718_1833/patchsize_horse_circle_10/patches_10/comparison.txt

======================================================================
SRD Patch Size Comparison
======================================================================
Started: 2026-07-18T21:19:34
Patch sizes: [10]
Trials per size: 3
Steps per trial: 1000
Output directory: results/slurm/20260718_1833/patchsize_horse_circle_10
======================================================================


======================================================================
Running comparison with 10 initial patches
  Target 1: images/horse.png
  Target 2: images/circle.png
  Trials: 3, Steps: 1000
======================================================================

[OK] Comparison with 10 patches completed successfully

======================================================================
Comparison Summary
======================================================================
Successful: 1/1
Total time: 12938.2 seconds (3.59 hours)
Summary report: results/slurm/20260718_1833/patchsize_horse_circle_10/SUMMARY.txt
======================================================================

