## SLURM PROLOG ###############################################################
##    Job ID : 4093826
##  Job Name : 20260718_1833_patchsize_acm_scf_5
##  Nodelist : gpu2602
##      CPUs : 
##  Mem/Node : 128000 MB
## Directory : /oscar/home/cjmok/automated-perspective-sculptor
##   Job Started : Sat Jul 18 09:00:35 PM EDT 2026
###############################################################################
[Swept volume] building (resolution=256)...
[Run] mode=full, trials=3, seeds=[0, 1, 2], steps=1000, srd=True, ablation_flags={'disable_swept_volume_adds': False, 'loss_only_deletion': False, 'disable_splitting': False}
[Trial 1/3] seed=0
[Patch] mapbox-earcut is not installed; falling back to fan fill, so non-convex pieces will render incorrectly. Install it with: pip install mapbox-earcut
[SRD rewrite] split patch=2, children=4,5, improvement=0.011729
[SRD rewrite] added patch=6, position=(-0.445, -1.008, 1.026), improvement=0.001696
SRD step 50: evaluated 27 candidates, 14 promising, accepted 3
  Accepted SplitPatch(2) at patch 2, improvement=0.011729
  Accepted AddPatch at patch 6, improvement=0.001696
  Accepted SplitPatch(1) at patch 1, improvement=0.001659
  Total patches: 7, total adds: 2, total deletes: 0
  step 50/1000: loss=0.810198, patches=5
[SRD rewrite] deleted patch=5, position=(0.463, -0.923, 1.365), reason=Area 0.002078 below minimum 0.01
[SRD rewrite] deleted patch=4, position=(0.300, -1.112, 1.512), reason=Area 0.002559 below minimum 0.01
[SRD rewrite] split patch=3, children=4,5, improvement=0.012938
[SRD rewrite] added patch=6, position=(0.679, 0.514, -0.243), improvement=0.007544
[SRD rewrite] added patch=7, position=(-0.600, 0.584, -0.263), improvement=0.007276
SRD step 100: evaluated 27 candidates, 20 promising, accepted 5
  Accepted SplitPatch(3) at patch 3, improvement=0.012938
  Accepted AddPatch at patch 6, improvement=0.007544
  Accepted AddPatch at patch 7, improvement=0.007276
  Mandatory DeletePatch(4) at patch 4, reason=Area 0.002559 below minimum 0.01
  Mandatory DeletePatch(5) at patch 5, reason=Area 0.002078 below minimum 0.01
  Total patches: 8, total adds: 5, total deletes: 2
  step 100/1000: loss=0.747078, patches=7
[SRD rewrite] deleted patch=5, position=(-2.339, -0.722, -0.823), reason=Area 0.005285 below minimum 0.01
[SRD rewrite] deleted patch=4, position=(-2.170, -0.936, -1.048), reason=Area 0.001672 below minimum 0.01
[SRD rewrite] added patch=6, position=(-0.428, 0.884, 1.123), improvement=0.009556
[SRD rewrite] added patch=7, position=(-1.396, -0.545, -0.553), improvement=0.009067
[SRD rewrite] added patch=8, position=(-1.563, -0.453, -0.485), improvement=0.008954
SRD step 150: evaluated 27 candidates, 13 promising, accepted 5
  Accepted AddPatch at patch 6, improvement=0.009556
  Accepted AddPatch at patch 7, improvement=0.009067
  Accepted AddPatch at patch 8, improvement=0.008954
  Mandatory DeletePatch(4) at patch 4, reason=Area 0.001672 below minimum 0.01
  Mandatory DeletePatch(5) at patch 5, reason=Area 0.005285 below minimum 0.01
  Total patches: 9, total adds: 8, total deletes: 4
  step 150/1000: loss=0.673497, patches=8
[SRD rewrite] added patch=9, position=(-0.478, 0.061, 1.043), improvement=0.003295
[SRD rewrite] added patch=10, position=(0.104, 0.948, 0.029), improvement=0.002819
[SRD rewrite] added patch=11, position=(-0.552, 0.664, 0.574), improvement=0.001871
SRD step 200: evaluated 27 candidates, 16 promising, accepted 3
  Accepted AddPatch at patch 9, improvement=0.003295
  Accepted AddPatch at patch 10, improvement=0.002819
  Accepted AddPatch at patch 11, improvement=0.001871
  Total patches: 12, total adds: 11, total deletes: 4
  step 200/1000: loss=0.618408, patches=9
[SRD rewrite] added patch=12, position=(0.135, -0.508, -0.877), improvement=0.002273
[SRD rewrite] added patch=13, position=(-0.301, 1.241, -0.508), improvement=0.002229
[SRD rewrite] added patch=14, position=(-0.013, 1.102, 0.377), improvement=0.001727
SRD step 250: evaluated 27 candidates, 13 promising, accepted 3
  Accepted AddPatch at patch 12, improvement=0.002273
  Accepted AddPatch at patch 13, improvement=0.002229
  Accepted AddPatch at patch 14, improvement=0.001727
  Total patches: 15, total adds: 14, total deletes: 4
  step 250/1000: loss=0.556200, patches=12
[SRD rewrite] deleted patch=14, position=(0.147, 1.031, 0.484), reason=Area 0.000258 below minimum 0.01
SRD step 300: evaluated 27 candidates, 0 promising, accepted 1
  Mandatory DeletePatch(14) at patch 14, reason=Area 0.000258 below minimum 0.01
  Total patches: 14, total adds: 14, total deletes: 5
  step 300/1000: loss=0.531500, patches=15
[SRD rewrite] added patch=14, position=(-0.301, -0.933, 1.178), improvement=0.002148
[SRD rewrite] added patch=15, position=(1.829, 0.835, -0.601), improvement=0.002142
[SRD rewrite] added patch=16, position=(-1.690, 1.166, -1.210), improvement=0.002025
SRD step 350: evaluated 27 candidates, 12 promising, accepted 3
  Accepted AddPatch at patch 14, improvement=0.002148
  Accepted AddPatch at patch 15, improvement=0.002142
  Accepted AddPatch at patch 16, improvement=0.002025
  Total patches: 17, total adds: 17, total deletes: 5
  step 350/1000: loss=0.525966, patches=14
[SRD rewrite] deleted patch=14, position=(-0.301, -0.933, 1.178), reason=Area 0.009291 below minimum 0.01
SRD step 400: evaluated 27 candidates, 0 promising, accepted 1
  Mandatory DeletePatch(14) at patch 14, reason=Area 0.009291 below minimum 0.01
  Total patches: 16, total adds: 17, total deletes: 6
  step 400/1000: loss=0.493404, patches=17
[SRD rewrite] restored patch=16, position=(-0.301, -0.933, 1.178), improvement=0.002439
[SRD rewrite] added patch=17, position=(0.093, 0.578, 0.453), improvement=0.002154
[SRD rewrite] added patch=18, position=(0.115, 0.796, -0.072), improvement=0.001873
SRD step 450: evaluated 27 candidates, 13 promising, accepted 3
  Accepted RestorePatch(7) at patch 16, improvement=0.002439
  Accepted AddPatch at patch 17, improvement=0.002154
  Accepted AddPatch at patch 18, improvement=0.001873
  Total patches: 19, total adds: 20, total deletes: 6
  step 450/1000: loss=0.460325, patches=16
[SRD rewrite] deleted patch=16, position=(-0.301, -0.933, 1.178), reason=Area 0.009291 below minimum 0.01
SRD step 500: evaluated 27 candidates, 0 promising, accepted 1
  Mandatory DeletePatch(16) at patch 16, reason=Area 0.009291 below minimum 0.01
  Total patches: 18, total adds: 20, total deletes: 7
  step 500/1000: loss=0.434319, patches=19
SRD step 550: evaluated 27 candidates, 0 promising, accepted 0
  Total patches: 18, total adds: 20, total deletes: 7
  step 550/1000: loss=0.416785, patches=18
[SRD rewrite] added patch=18, position=(-0.239, -1.189, -0.400), improvement=0.000082
SRD step 600: evaluated 27 candidates, 1 promising, accepted 1
  Accepted AddPatch at patch 18, improvement=0.000082
  Total patches: 19, total adds: 21, total deletes: 7
  step 600/1000: loss=0.402400, patches=18
[SRD rewrite] deleted patch=18, position=(-0.239, -1.189, -0.400), reason=Area 0.009291 below minimum 0.01
SRD step 650: evaluated 27 candidates, 0 promising, accepted 1
  Mandatory DeletePatch(18) at patch 18, reason=Area 0.009291 below minimum 0.01
  Total patches: 18, total adds: 21, total deletes: 8
  step 650/1000: loss=0.397887, patches=19
[SRD rewrite] added patch=18, position=(0.748, 0.933, -0.812), improvement=0.001621
[SRD rewrite] added patch=19, position=(-1.473, -0.043, -1.006), improvement=0.001575
[SRD rewrite] added patch=20, position=(-1.635, 0.231, -1.429), improvement=0.001343
SRD step 700: evaluated 27 candidates, 17 promising, accepted 3
  Accepted AddPatch at patch 18, improvement=0.001621
  Accepted AddPatch at patch 19, improvement=0.001575
  Accepted AddPatch at patch 20, improvement=0.001343
  Total patches: 21, total adds: 24, total deletes: 8
  step 700/1000: loss=0.396102, patches=18
[SRD rewrite] deleted patch=20, position=(-1.756, 0.107, -1.449), reason=Area 0.000413 below minimum 0.01
[SRD rewrite] deleted patch=19, position=(-1.497, 0.007, -1.072), reason=Area 0.000584 below minimum 0.01
[SRD rewrite] added patch=19, position=(-1.421, 0.661, 0.416), improvement=0.002078
[SRD rewrite] restored patch=20, position=(-0.301, -0.933, 1.178), improvement=0.001850
[SRD rewrite] added patch=21, position=(-0.661, 1.074, -0.971), improvement=0.001381
SRD step 750: evaluated 27 candidates, 6 promising, accepted 5
  Accepted AddPatch at patch 19, improvement=0.002078
  Accepted RestorePatch(7) at patch 20, improvement=0.001850
  Accepted AddPatch at patch 21, improvement=0.001381
  Mandatory DeletePatch(19) at patch 19, reason=Area 0.000584 below minimum 0.01
  Mandatory DeletePatch(20) at patch 20, reason=Area 0.000413 below minimum 0.01
  Total patches: 22, total adds: 27, total deletes: 10
  step 750/1000: loss=0.387154, patches=21
[SRD rewrite] deleted patch=21, position=(-0.656, 1.044, -0.976), reason=Area 0.000855 below minimum 0.01
[SRD rewrite] deleted patch=20, position=(-0.301, -0.933, 1.178), reason=Area 0.009291 below minimum 0.01
[SRD rewrite] added patch=20, position=(0.021, 0.963, -0.949), improvement=0.002385
[SRD rewrite] added patch=21, position=(-0.581, 1.040, -1.105), improvement=0.002284
[SRD rewrite] restored patch=22, position=(0.147, 1.031, 0.484), improvement=0.001781
SRD step 800: evaluated 27 candidates, 21 promising, accepted 5
  Accepted AddPatch at patch 20, improvement=0.002385
  Accepted AddPatch at patch 21, improvement=0.002284
  Accepted RestorePatch(6) at patch 22, improvement=0.001781
  Mandatory DeletePatch(20) at patch 20, reason=Area 0.009291 below minimum 0.01
  Mandatory DeletePatch(21) at patch 21, reason=Area 0.000855 below minimum 0.01
  Total patches: 23, total adds: 30, total deletes: 12
  step 800/1000: loss=0.374690, patches=22
[SRD rewrite] deleted patch=22, position=(0.202, 0.989, 0.494), reason=Area 0.000258 below minimum 0.01
[SRD rewrite] deleted patch=21, position=(-0.581, 1.040, -1.105), reason=Area 0.009291 below minimum 0.01
SRD step 850: evaluated 27 candidates, 0 promising, accepted 2
  Mandatory DeletePatch(21) at patch 21, reason=Area 0.009291 below minimum 0.01
  Mandatory DeletePatch(22) at patch 22, reason=Area 0.000258 below minimum 0.01
  Total patches: 21, total adds: 30, total deletes: 14
  step 850/1000: loss=0.365212, patches=23
SRD step 900: evaluated 27 candidates, 0 promising, accepted 0
  Total patches: 21, total adds: 30, total deletes: 14
  step 900/1000: loss=0.360551, patches=21
SRD step 950: evaluated 27 candidates, 0 promising, accepted 0
  Total patches: 21, total adds: 30, total deletes: 14
  step 950/1000: loss=0.358811, patches=21
SRD step 1000: evaluated 27 candidates, 0 promising, accepted 0
  Total patches: 21, total adds: 30, total deletes: 14
  step 1000/1000: loss=0.358081, patches=21
[Trial 1] done: loss=0.357773, time=3104.5s
[Trial 2/3] seed=1
[SRD rewrite] split patch=2, children=4,5, improvement=0.009677
[SRD rewrite] added patch=6, position=(0.698, 1.147, -0.400), improvement=0.004293
[SRD rewrite] added patch=7, position=(1.454, -0.528, -0.426), improvement=0.003926
SRD step 50: evaluated 27 candidates, 16 promising, accepted 3
  Accepted SplitPatch(2) at patch 2, improvement=0.009677
  Accepted AddPatch at patch 6, improvement=0.004293
  Accepted AddPatch at patch 7, improvement=0.003926
  Total patches: 8, total adds: 3, total deletes: 0
  step 50/1000: loss=0.839484, patches=5
[SRD rewrite] deleted patch=5, position=(1.184, -0.228, 1.618), reason=Area 0.005218 below minimum 0.01
[SRD rewrite] split patch=3, children=6,7, improvement=0.009926
[SRD rewrite] split patch=1, children=7,8, improvement=0.009432
[SRD rewrite] added patch=9, position=(-1.296, 0.887, 1.002), improvement=0.008444
SRD step 100: evaluated 27 candidates, 15 promising, accepted 4
  Accepted SplitPatch(3) at patch 3, improvement=0.009926
  Accepted SplitPatch(1) at patch 1, improvement=0.009432
  Accepted AddPatch at patch 9, improvement=0.008444
  Mandatory DeletePatch(5) at patch 5, reason=Area 0.005218 below minimum 0.01
  Total patches: 10, total adds: 6, total deletes: 1
  step 100/1000: loss=0.774987, patches=8
[SRD rewrite] deleted patch=8, position=(-0.140, -1.064, 1.363), reason=Area 0.002010 below minimum 0.01
[SRD rewrite] deleted patch=6, position=(-2.234, 1.034, -1.100), reason=Area 0.008640 below minimum 0.01
[SRD rewrite] deleted patch=5, position=(-2.043, 1.134, -1.350), reason=Area 0.001391 below minimum 0.01
[SRD rewrite] added patch=7, position=(-0.584, 0.593, -0.244), improvement=0.010135
[SRD rewrite] added patch=8, position=(-1.633, 0.697, -0.376), improvement=0.009501
[SRD rewrite] added patch=9, position=(1.325, -0.316, -0.949), improvement=0.009462
SRD step 150: evaluated 27 candidates, 15 promising, accepted 6
  Accepted AddPatch at patch 7, improvement=0.010135
  Accepted AddPatch at patch 8, improvement=0.009501
  Accepted AddPatch at patch 9, improvement=0.009462
  Mandatory DeletePatch(5) at patch 5, reason=Area 0.001391 below minimum 0.01
  Mandatory DeletePatch(6) at patch 6, reason=Area 0.008640 below minimum 0.01
  Mandatory DeletePatch(8) at patch 8, reason=Area 0.002010 below minimum 0.01
  Total patches: 10, total adds: 9, total deletes: 4
  step 150/1000: loss=0.711468, patches=10
[SRD rewrite] added patch=10, position=(0.813, 0.937, 0.197), improvement=0.004448
[SRD rewrite] added patch=11, position=(0.757, 0.779, 1.036), improvement=0.004107
[SRD rewrite] added patch=12, position=(0.790, 0.699, 0.780), improvement=0.004068
SRD step 200: evaluated 27 candidates, 17 promising, accepted 3
  Accepted AddPatch at patch 10, improvement=0.004448
  Accepted AddPatch at patch 11, improvement=0.004107
  Accepted AddPatch at patch 12, improvement=0.004068
  Total patches: 13, total adds: 12, total deletes: 4
  step 200/1000: loss=0.642956, patches=10
[SRD rewrite] deleted patch=2, position=(1.352, -0.113, 1.565), reason=Area 0.009560 below minimum 0.01
[SRD rewrite] added patch=12, position=(-0.604, -0.643, -0.547), improvement=0.006760
[SRD rewrite] added patch=13, position=(-1.496, -0.688, -0.870), improvement=0.006142
[SRD rewrite] added patch=14, position=(-0.541, 0.973, 0.055), improvement=0.005166
SRD step 250: evaluated 27 candidates, 20 promising, accepted 4
  Accepted AddPatch at patch 12, improvement=0.006760
  Accepted AddPatch at patch 13, improvement=0.006142
  Accepted AddPatch at patch 14, improvement=0.005166
  Mandatory DeletePatch(2) at patch 2, reason=Area 0.009560 below minimum 0.01
  Total patches: 15, total adds: 15, total deletes: 5
  step 250/1000: loss=0.587201, patches=13
[SRD rewrite] deleted patch=14, position=(-0.555, 1.073, 0.160), reason=Area 0.001800 below minimum 0.01
[SRD rewrite] added patch=14, position=(-1.541, 0.153, -1.202), improvement=0.006184
[SRD rewrite] added patch=15, position=(0.070, 0.827, -0.153), improvement=0.005769
SRD step 300: evaluated 27 candidates, 17 promising, accepted 4
  Accepted AddPatch at patch 14, improvement=0.006184
  Accepted AddPatch at patch 15, improvement=0.005769
  Accepted SplitPatch(6) at patch 6, improvement=0.005621
  Mandatory DeletePatch(14) at patch 14, reason=Area 0.001800 below minimum 0.01
  Total patches: 16, total adds: 17, total deletes: 6
  step 300/1000: loss=0.531174, patches=15
[SRD rewrite] added patch=16, position=(1.861, 0.734, -0.835), improvement=0.003217
[SRD rewrite] added patch=17, position=(0.818, 0.498, 0.326), improvement=0.003058
[SRD rewrite] added patch=18, position=(0.065, -0.570, -0.566), improvement=0.003011
SRD step 350: evaluated 27 candidates, 16 promising, accepted 3
  Accepted AddPatch at patch 16, improvement=0.003217
  Accepted AddPatch at patch 17, improvement=0.003058
  Accepted AddPatch at patch 18, improvement=0.003011
  Total patches: 19, total adds: 20, total deletes: 6
  step 350/1000: loss=0.474883, patches=16
[SRD rewrite] added patch=19, position=(1.678, 0.077, -0.717), improvement=0.002713
[SRD rewrite] added patch=20, position=(0.075, 0.616, -0.244), improvement=0.002142
[SRD rewrite] added patch=21, position=(0.846, 0.814, 0.010), improvement=0.001994
SRD step 400: evaluated 27 candidates, 20 promising, accepted 3
  Accepted AddPatch at patch 19, improvement=0.002713
  Accepted AddPatch at patch 20, improvement=0.002142
  Accepted AddPatch at patch 21, improvement=0.001994
  Total patches: 22, total adds: 23, total deletes: 6
  step 400/1000: loss=0.441058, patches=19
[SRD rewrite] added patch=22, position=(-0.546, 0.293, -1.361), improvement=0.002622
[SRD rewrite] added patch=23, position=(-0.445, -1.291, -0.434), improvement=0.002437
[SRD rewrite] added patch=24, position=(0.675, -0.975, -0.382), improvement=0.001249
SRD step 450: evaluated 27 candidates, 19 promising, accepted 3
  Accepted AddPatch at patch 22, improvement=0.002622
  Accepted AddPatch at patch 23, improvement=0.002437
  Accepted AddPatch at patch 24, improvement=0.001249
  Total patches: 25, total adds: 26, total deletes: 6
  step 450/1000: loss=0.400727, patches=22
[SRD rewrite] deleted patch=24, position=(0.675, -0.975, -0.382), reason=Area 0.009291 below minimum 0.01
[SRD rewrite] added patch=24, position=(-1.221, -0.113, 0.819), improvement=0.001894
[SRD rewrite] added patch=25, position=(1.641, 0.849, 0.285), improvement=0.001153
[SRD rewrite] added patch=26, position=(0.070, -0.795, -0.434), improvement=0.001040
SRD step 500: evaluated 27 candidates, 20 promising, accepted 4
  Accepted AddPatch at patch 24, improvement=0.001894
  Accepted AddPatch at patch 25, improvement=0.001153
  Accepted AddPatch at patch 26, improvement=0.001040
  Mandatory DeletePatch(24) at patch 24, reason=Area 0.009291 below minimum 0.01
  Total patches: 27, total adds: 29, total deletes: 7
  step 500/1000: loss=0.360646, patches=25
[SRD rewrite] deleted patch=21, position=(0.827, 0.793, 0.178), reason=Area 0.004809 below minimum 0.01
SRD step 550: evaluated 27 candidates, 0 promising, accepted 1
  Mandatory DeletePatch(21) at patch 21, reason=Area 0.004809 below minimum 0.01
  Total patches: 26, total adds: 29, total deletes: 8
  step 550/1000: loss=0.326849, patches=27
[SRD rewrite] added patch=26, position=(1.073, -0.086, 0.464), improvement=0.004721
[SRD rewrite] added patch=27, position=(-1.163, 0.213, 1.473), improvement=0.003580
[SRD rewrite] added patch=28, position=(1.599, 0.441, 0.241), improvement=0.003165
SRD step 600: evaluated 27 candidates, 23 promising, accepted 3
  Accepted AddPatch at patch 26, improvement=0.004721
  Accepted AddPatch at patch 27, improvement=0.003580
  Accepted AddPatch at patch 28, improvement=0.003165
  Total patches: 29, total adds: 32, total deletes: 8
  step 600/1000: loss=0.313700, patches=26
SRD step 650: evaluated 27 candidates, 0 promising, accepted 0
  Total patches: 29, total adds: 32, total deletes: 8
  step 650/1000: loss=0.287704, patches=29
SRD step 700: evaluated 27 candidates, 0 promising, accepted 0
  Total patches: 29, total adds: 32, total deletes: 8
  step 700/1000: loss=0.279272, patches=29
SRD step 750: evaluated 27 candidates, 0 promising, accepted 0
  Total patches: 29, total adds: 32, total deletes: 8
  step 750/1000: loss=0.272556, patches=29
SRD step 800: evaluated 27 candidates, 0 promising, accepted 0
  Total patches: 29, total adds: 32, total deletes: 8
  step 800/1000: loss=0.269056, patches=29
SRD step 850: evaluated 27 candidates, 0 promising, accepted 0
  Total patches: 29, total adds: 32, total deletes: 8
  step 850/1000: loss=0.271823, patches=29
SRD step 900: evaluated 27 candidates, 0 promising, accepted 0
  Total patches: 29, total adds: 32, total deletes: 8
  step 900/1000: loss=0.261193, patches=29
SRD step 950: evaluated 27 candidates, 0 promising, accepted 0
  Total patches: 29, total adds: 32, total deletes: 8
  step 950/1000: loss=0.264854, patches=29
SRD step 1000: evaluated 27 candidates, 0 promising, accepted 0
  Total patches: 29, total adds: 32, total deletes: 8
  step 1000/1000: loss=0.270012, patches=29
[SRD rewrite] deleted patch=16, position=(1.588, 0.466, -1.001), reason=final deletion pass improved loss
[Trial 2] done: loss=0.271025, time=4154.3s
[Trial 3/3] seed=2
[SRD rewrite] split patch=2, children=4,5, improvement=0.024504
[SRD rewrite] added patch=6, position=(1.406, -0.065, 0.543), improvement=0.005388
[SRD rewrite] added patch=7, position=(-1.494, 1.070, -0.054), improvement=0.004596
SRD step 50: evaluated 27 candidates, 19 promising, accepted 3
  Accepted SplitPatch(2) at patch 2, improvement=0.024504
  Accepted AddPatch at patch 6, improvement=0.005388
  Accepted AddPatch at patch 7, improvement=0.004596
  Total patches: 8, total adds: 3, total deletes: 0
  step 50/1000: loss=0.801539, patches=5
[SRD rewrite] deleted patch=5, position=(-1.616, -1.047, 2.268), reason=Area 0.003280 below minimum 0.01
[SRD rewrite] added patch=7, position=(0.696, 0.221, 1.259), improvement=0.011043
[SRD rewrite] added patch=8, position=(-0.587, -0.474, -0.521), improvement=0.009898
[SRD rewrite] added patch=9, position=(-0.592, -0.543, -0.453), improvement=0.009862
SRD step 100: evaluated 27 candidates, 21 promising, accepted 4
  Accepted AddPatch at patch 7, improvement=0.011043
  Accepted AddPatch at patch 8, improvement=0.009898
  Accepted AddPatch at patch 9, improvement=0.009862
  Mandatory DeletePatch(5) at patch 5, reason=Area 0.003280 below minimum 0.01
  Total patches: 10, total adds: 6, total deletes: 1
  step 100/1000: loss=0.697905, patches=8
[SRD rewrite] deleted patch=4, position=(-1.472, -0.595, 2.070), reason=Area 0.008618 below minimum 0.01
[SRD rewrite] added patch=9, position=(0.865, 0.498, 0.286), improvement=0.016458
[SRD rewrite] added patch=10, position=(-1.573, 0.069, -1.062), improvement=0.015619
[SRD rewrite] added patch=11, position=(-1.557, 0.673, -0.384), improvement=0.015565
SRD step 150: evaluated 27 candidates, 21 promising, accepted 4
  Accepted AddPatch at patch 9, improvement=0.016458
  Accepted AddPatch at patch 10, improvement=0.015619
  Accepted AddPatch at patch 11, improvement=0.015565
  Mandatory DeletePatch(4) at patch 4, reason=Area 0.008618 below minimum 0.01
  Total patches: 12, total adds: 9, total deletes: 2
  step 150/1000: loss=0.634106, patches=10
[SRD rewrite] added patch=12, position=(0.594, 0.663, 0.718), improvement=0.007671
[SRD rewrite] added patch=13, position=(0.076, -0.496, -0.917), improvement=0.007524
[SRD rewrite] added patch=14, position=(0.766, 0.575, 0.556), improvement=0.007189
SRD step 200: evaluated 27 candidates, 25 promising, accepted 3
  Accepted AddPatch at patch 12, improvement=0.007671
  Accepted AddPatch at patch 13, improvement=0.007524
  Accepted AddPatch at patch 14, improvement=0.007189
  Total patches: 15, total adds: 12, total deletes: 2
  step 200/1000: loss=0.547487, patches=12
[SRD rewrite] deleted patch=14, position=(0.902, 0.471, 0.593), reason=Area 0.000179 below minimum 0.01
[SRD rewrite] deleted patch=13, position=(0.006, -0.547, -1.022), reason=Area 0.004141 below minimum 0.01
[SRD rewrite] deleted patch=12, position=(0.462, 0.800, 0.862), reason=Area 0.005457 below minimum 0.01
SRD step 250: evaluated 27 candidates, 0 promising, accepted 3
  Mandatory DeletePatch(12) at patch 12, reason=Area 0.005457 below minimum 0.01
  Mandatory DeletePatch(13) at patch 13, reason=Area 0.004141 below minimum 0.01
  Mandatory DeletePatch(14) at patch 14, reason=Area 0.000179 below minimum 0.01
  Total patches: 12, total adds: 12, total deletes: 5
  step 250/1000: loss=0.509181, patches=15
[SRD rewrite] added patch=12, position=(-0.291, -0.997, 1.031), improvement=0.002203
[SRD rewrite] added patch=13, position=(-0.539, 0.754, 0.868), improvement=0.001423
[SRD rewrite] added patch=14, position=(-0.029, -0.909, 1.213), improvement=0.000892
SRD step 300: evaluated 27 candidates, 18 promising, accepted 3
  Accepted AddPatch at patch 12, improvement=0.002203
  Accepted AddPatch at patch 13, improvement=0.001423
  Accepted AddPatch at patch 14, improvement=0.000892
  Total patches: 15, total adds: 15, total deletes: 5
  step 300/1000: loss=0.482292, patches=12
[SRD rewrite] added patch=15, position=(-0.056, 1.139, -0.685), improvement=0.001442
[SRD rewrite] added patch=16, position=(-0.206, 1.279, -0.357), improvement=0.001435
SRD step 350: evaluated 27 candidates, 2 promising, accepted 2
  Accepted AddPatch at patch 15, improvement=0.001442
  Accepted AddPatch at patch 16, improvement=0.001435
  Total patches: 17, total adds: 17, total deletes: 5
  step 350/1000: loss=0.449572, patches=15
[SRD rewrite] added patch=17, position=(0.127, -0.657, -0.511), improvement=0.002445
[SRD rewrite] added patch=18, position=(0.080, -0.499, -0.740), improvement=0.001405
[SRD rewrite] added patch=19, position=(0.104, 0.810, 0.895), improvement=0.001169
SRD step 400: evaluated 27 candidates, 6 promising, accepted 3
  Accepted AddPatch at patch 17, improvement=0.002445
  Accepted AddPatch at patch 18, improvement=0.001405
  Accepted AddPatch at patch 19, improvement=0.001169
  Total patches: 20, total adds: 20, total deletes: 5
  step 400/1000: loss=0.413071, patches=17
[SRD rewrite] added patch=20, position=(0.132, 0.964, -0.933), improvement=0.002859
[SRD rewrite] added patch=21, position=(-0.572, 1.116, -0.845), improvement=0.002653
[SRD rewrite] added patch=22, position=(0.096, 1.018, -0.876), improvement=0.002640
SRD step 450: evaluated 27 candidates, 17 promising, accepted 3
  Accepted AddPatch at patch 20, improvement=0.002859
  Accepted AddPatch at patch 21, improvement=0.002653
  Accepted AddPatch at patch 22, improvement=0.002640
  Total patches: 23, total adds: 23, total deletes: 5
  step 450/1000: loss=0.378308, patches=20
[SRD rewrite] deleted patch=22, position=(-0.048, 1.109, -0.746), reason=Area 0.007895 below minimum 0.01
[SRD rewrite] added patch=22, position=(-1.243, -0.184, 0.678), improvement=0.000511
[SRD rewrite] added patch=23, position=(0.685, 1.037, -0.653), improvement=0.000412
[SRD rewrite] added patch=24, position=(1.017, -0.013, 0.703), improvement=0.000279
SRD step 500: evaluated 27 candidates, 4 promising, accepted 4
  Accepted AddPatch at patch 22, improvement=0.000511
  Accepted AddPatch at patch 23, improvement=0.000412
  Accepted AddPatch at patch 24, improvement=0.000279
  Mandatory DeletePatch(22) at patch 22, reason=Area 0.007895 below minimum 0.01
  Total patches: 25, total adds: 26, total deletes: 6
  step 500/1000: loss=0.357825, patches=23
SRD step 550: evaluated 27 candidates, 0 promising, accepted 0
  Total patches: 25, total adds: 26, total deletes: 6
  step 550/1000: loss=0.341506, patches=25
SRD step 600: evaluated 27 candidates, 0 promising, accepted 0
  Total patches: 25, total adds: 26, total deletes: 6
  step 600/1000: loss=0.347544, patches=25
SRD step 650: evaluated 27 candidates, 0 promising, accepted 0
  Total patches: 25, total adds: 26, total deletes: 6
  step 650/1000: loss=0.366808, patches=25
SRD step 700: evaluated 27 candidates, 0 promising, accepted 0
  Total patches: 25, total adds: 26, total deletes: 6
  step 700/1000: loss=0.339352, patches=25
SRD step 750: evaluated 27 candidates, 0 promising, accepted 0
  Total patches: 25, total adds: 26, total deletes: 6
  step 750/1000: loss=0.322813, patches=25
SRD step 800: evaluated 27 candidates, 0 promising, accepted 0
  Total patches: 25, total adds: 26, total deletes: 6
  step 800/1000: loss=0.323397, patches=25
SRD step 850: evaluated 27 candidates, 0 promising, accepted 0
  Total patches: 25, total adds: 26, total deletes: 6
  step 850/1000: loss=0.320005, patches=25
SRD step 900: evaluated 27 candidates, 0 promising, accepted 0
  Total patches: 25, total adds: 26, total deletes: 6
  step 900/1000: loss=0.317806, patches=25
SRD step 950: evaluated 27 candidates, 0 promising, accepted 0
  Total patches: 25, total adds: 26, total deletes: 6
  step 950/1000: loss=0.313919, patches=25
SRD step 1000: evaluated 27 candidates, 0 promising, accepted 0
  Total patches: 25, total adds: 26, total deletes: 6
  step 1000/1000: loss=0.315692, patches=25
[SRD rewrite] deleted patch=4, position=(1.118, -0.450, 0.361), reason=final deletion pass improved loss
[Trial 3] done: loss=0.312319, time=3791.9s
[Run] report written to results/slurm/20260718_1833/patchsize_acm_scf_5/patches_5/with_srd/with_srd.txt
[Swept volume] building (resolution=256)...
[Run] mode=full, trials=3, seeds=[0, 1, 2], steps=1000, srd=False, ablation_flags={'disable_swept_volume_adds': True, 'loss_only_deletion': True, 'disable_splitting': False}
[Trial 1/3] seed=0
[Patch] mapbox-earcut is not installed; falling back to fan fill, so non-convex pieces will render incorrectly. Install it with: pip install mapbox-earcut
  step 50/1000: loss=0.810198, patches=5
  step 100/1000: loss=0.799706, patches=5
  step 150/1000: loss=0.800175, patches=5
  step 200/1000: loss=0.765287, patches=5
  step 250/1000: loss=0.748323, patches=5
  step 300/1000: loss=0.739687, patches=5
  step 350/1000: loss=0.737229, patches=5
  step 400/1000: loss=0.731854, patches=5
  step 450/1000: loss=0.729495, patches=5
  step 500/1000: loss=0.735229, patches=5
  step 550/1000: loss=0.740343, patches=5
  step 600/1000: loss=0.742794, patches=5
  step 650/1000: loss=0.740782, patches=5
  step 700/1000: loss=0.739800, patches=5
  step 750/1000: loss=0.737990, patches=5
  step 800/1000: loss=0.733050, patches=5
  step 850/1000: loss=0.720782, patches=5
  step 900/1000: loss=0.717170, patches=5
  step 950/1000: loss=0.716958, patches=5
  step 1000/1000: loss=0.721549, patches=5
[Trial 1] done: loss=0.720509, time=248.8s
[Trial 2/3] seed=1
  step 50/1000: loss=0.838410, patches=5
  step 100/1000: loss=0.824097, patches=5
  step 150/1000: loss=0.817867, patches=5
  step 200/1000: loss=0.809443, patches=5
  step 250/1000: loss=0.803188, patches=5
  step 300/1000: loss=0.773677, patches=5
  step 350/1000: loss=0.769907, patches=5
  step 400/1000: loss=0.745198, patches=5
  step 450/1000: loss=0.726673, patches=5
  step 500/1000: loss=0.725568, patches=5
  step 550/1000: loss=0.713374, patches=5
  step 600/1000: loss=0.707502, patches=5
  step 650/1000: loss=0.705597, patches=5
  step 700/1000: loss=0.705562, patches=5
  step 750/1000: loss=0.704998, patches=5
  step 800/1000: loss=0.707987, patches=5
  step 850/1000: loss=0.709023, patches=5
  step 900/1000: loss=0.710028, patches=5
  step 950/1000: loss=0.716716, patches=5
  step 1000/1000: loss=0.720885, patches=5
[Trial 2] done: loss=0.721811, time=245.7s
[Trial 3/3] seed=2
  step 50/1000: loss=0.801539, patches=5
  step 100/1000: loss=0.760114, patches=5
  step 150/1000: loss=0.720018, patches=5
  step 200/1000: loss=0.664296, patches=5
  step 250/1000: loss=0.641603, patches=5
  step 300/1000: loss=0.636741, patches=5
  step 350/1000: loss=0.628252, patches=5
  step 400/1000: loss=0.621484, patches=5
  step 450/1000: loss=0.618783, patches=5
  step 500/1000: loss=0.621607, patches=5
  step 550/1000: loss=0.618529, patches=5
  step 600/1000: loss=0.615626, patches=5
  step 650/1000: loss=0.610948, patches=5
  step 700/1000: loss=0.609708, patches=5
  step 750/1000: loss=0.614351, patches=5
  step 800/1000: loss=0.610761, patches=5
  step 850/1000: loss=0.608997, patches=5
  step 900/1000: loss=0.604381, patches=5
  step 950/1000: loss=0.598975, patches=5
  step 1000/1000: loss=0.616084, patches=5
[Trial 3] done: loss=0.615723, time=252.8s
[Run] report written to results/slurm/20260718_1833/patchsize_acm_scf_5/patches_5/without_srd/without_srd.txt

======================================================================
Running 3 trials WITH SRD
======================================================================


======================================================================
Running 3 trials WITHOUT SRD
======================================================================


[Comparison] report written to results/slurm/20260718_1833/patchsize_acm_scf_5/patches_5/comparison.txt

======================================================================
SRD Patch Size Comparison
======================================================================
Started: 2026-07-18T21:00:38
Patch sizes: [5]
Trials per size: 3
Steps per trial: 1000
Output directory: results/slurm/20260718_1833/patchsize_acm_scf_5
======================================================================


======================================================================
Running comparison with 5 initial patches
  Target 1: images/acm.png
  Target 2: images/scf.png
  Trials: 3, Steps: 1000
======================================================================

[OK] Comparison with 5 patches completed successfully

======================================================================
Comparison Summary
======================================================================
Successful: 1/1
Total time: 12729.5 seconds (3.54 hours)
Summary report: results/slurm/20260718_1833/patchsize_acm_scf_5/SUMMARY.txt
======================================================================

