## SLURM PROLOG ###############################################################
##    Job ID : 4080004
##  Job Name : 20260718_0340_patchsize_cat_face_bass_10
##  Nodelist : gpu2252
##      CPUs : 
##  Mem/Node : 128000 MB
## Directory : /oscar/home/cjmok/automated-perspective-sculptor
##   Job Started : Sat Jul 18 04:02:56 AM EDT 2026
###############################################################################
[Swept volume] building (resolution=256)...
[Run] mode=full, trials=3, seeds=[0, 1, 2], steps=1000, srd=True, ablation_flags={'disable_swept_volume_adds': False, 'loss_only_deletion': False, 'disable_splitting': False}
[Trial 1/3] seed=0
[Patch] mapbox-earcut is not installed; falling back to fan fill, so non-convex pieces will render incorrectly. Install it with: pip install mapbox-earcut
[SRD rewrite] split patch=2, children=9,10, improvement=0.020717
[SRD rewrite] added patch=11, position=(-0.456, 0.281, 1.464), improvement=0.019944
[SRD rewrite] added patch=12, position=(-0.655, 0.485, -1.167), improvement=0.019625
SRD step 50: evaluated 27 candidates, 27 promising, accepted 3
  Accepted SplitPatch(2) at patch 2, improvement=0.020717
  Accepted AddPatch at patch 11, improvement=0.019944
  Accepted AddPatch at patch 12, improvement=0.019625
  Total patches: 13, total adds: 3, total deletes: 0
  step 50/1000: loss=0.611248, patches=10
[SRD rewrite] deleted patch=9, position=(0.193, -0.253, 1.855), reason=Area 0.003990 below minimum 0.01
[SRD rewrite] split patch=3, children=11,12, improvement=0.019749
[SRD rewrite] added patch=13, position=(0.436, 0.455, -0.948), improvement=0.016958
[SRD rewrite] added patch=14, position=(0.771, 0.324, -1.349), improvement=0.016907
SRD step 100: evaluated 27 candidates, 27 promising, accepted 4
  Accepted SplitPatch(3) at patch 3, improvement=0.019749
  Accepted AddPatch at patch 13, improvement=0.016958
  Accepted AddPatch at patch 14, improvement=0.016907
  Mandatory DeletePatch(9) at patch 9, reason=Area 0.003990 below minimum 0.01
  Total patches: 15, total adds: 6, total deletes: 1
  step 100/1000: loss=0.432148, patches=13
[SRD rewrite] deleted patch=12, position=(-2.316, 0.031, -1.483), reason=Area 0.007774 below minimum 0.01
[SRD rewrite] deleted patch=11, position=(-2.153, 0.012, -1.543), reason=Area 0.004421 below minimum 0.01
[SRD rewrite] added patch=13, position=(-0.595, 0.459, -1.681), improvement=0.005688
[SRD rewrite] added patch=14, position=(-0.610, 0.336, -1.592), improvement=0.005599
[SRD rewrite] added patch=15, position=(-0.704, 0.321, -1.721), improvement=0.005519
SRD step 150: evaluated 27 candidates, 23 promising, accepted 5
  Accepted AddPatch at patch 13, improvement=0.005688
  Accepted AddPatch at patch 14, improvement=0.005599
  Accepted AddPatch at patch 15, improvement=0.005519
  Mandatory DeletePatch(11) at patch 11, reason=Area 0.004421 below minimum 0.01
  Mandatory DeletePatch(12) at patch 12, reason=Area 0.007774 below minimum 0.01
  Total patches: 16, total adds: 9, total deletes: 3
  step 150/1000: loss=0.307801, patches=15
[SRD rewrite] deleted patch=14, position=(-0.648, 0.270, -1.497), reason=Area 0.001199 below minimum 0.01
[SRD rewrite] deleted patch=13, position=(-0.593, 0.499, -1.680), reason=Area 0.006204 below minimum 0.01
[SRD rewrite] added patch=14, position=(1.005, 0.149, -1.370), improvement=0.002177
[SRD rewrite] added patch=15, position=(1.123, 0.271, -1.324), improvement=0.002014
[SRD rewrite] added patch=16, position=(1.027, 0.233, -1.069), improvement=0.001823
SRD step 200: evaluated 27 candidates, 24 promising, accepted 5
  Accepted AddPatch at patch 14, improvement=0.002177
  Accepted AddPatch at patch 15, improvement=0.002014
  Accepted AddPatch at patch 16, improvement=0.001823
  Mandatory DeletePatch(13) at patch 13, reason=Area 0.006204 below minimum 0.01
  Mandatory DeletePatch(14) at patch 14, reason=Area 0.001199 below minimum 0.01
  Total patches: 17, total adds: 12, total deletes: 5
  step 200/1000: loss=0.258529, patches=16
[SRD rewrite] deleted patch=16, position=(1.073, 0.291, -1.022), reason=Area 0.002960 below minimum 0.01
[SRD rewrite] deleted patch=8, position=(0.258, -0.486, 1.584), reason=Area 0.008756 below minimum 0.01
[SRD rewrite] added patch=15, position=(1.033, 0.180, -1.309), improvement=0.003502
[SRD rewrite] added patch=16, position=(-0.034, 0.280, -1.663), improvement=0.003429
[SRD rewrite] added patch=17, position=(-0.249, 0.203, -1.676), improvement=0.003198
SRD step 250: evaluated 27 candidates, 24 promising, accepted 5
  Accepted AddPatch at patch 15, improvement=0.003502
  Accepted AddPatch at patch 16, improvement=0.003429
  Accepted AddPatch at patch 17, improvement=0.003198
  Mandatory DeletePatch(8) at patch 8, reason=Area 0.008756 below minimum 0.01
  Mandatory DeletePatch(16) at patch 16, reason=Area 0.002960 below minimum 0.01
  Total patches: 18, total adds: 15, total deletes: 7
  step 250/1000: loss=0.225698, patches=17
[SRD rewrite] deleted patch=15, position=(1.020, 0.187, -1.261), reason=Area 0.002241 below minimum 0.01
[SRD rewrite] deleted patch=13, position=(0.931, 0.155, -1.313), reason=Area 0.000587 below minimum 0.01
SRD step 300: evaluated 27 candidates, 0 promising, accepted 2
  Mandatory DeletePatch(13) at patch 13, reason=Area 0.000587 below minimum 0.01
  Mandatory DeletePatch(15) at patch 15, reason=Area 0.002241 below minimum 0.01
  Total patches: 16, total adds: 15, total deletes: 9
  step 300/1000: loss=0.192622, patches=18
[SRD rewrite] deleted patch=14, position=(-0.076, 0.350, -1.561), reason=delete has no image effect
[SRD rewrite] added patch=15, position=(0.642, -0.613, 1.318), improvement=0.004850
[SRD rewrite] added patch=16, position=(0.846, -0.610, 1.514), improvement=0.004036
[SRD rewrite] added patch=17, position=(-0.848, 0.286, 2.043), improvement=0.003753
SRD step 350: evaluated 27 candidates, 21 promising, accepted 4
  Accepted AddPatch at patch 15, improvement=0.004850
  Accepted AddPatch at patch 16, improvement=0.004036
  Accepted AddPatch at patch 17, improvement=0.003753
  Mandatory DeletePatch(14) at patch 14, reason=delete has no image effect
  Total patches: 18, total adds: 18, total deletes: 10
  step 350/1000: loss=0.173744, patches=16
[SRD rewrite] deleted patch=17, position=(-0.863, 0.295, 2.004), reason=Area 0.002424 below minimum 0.01
[SRD rewrite] deleted patch=16, position=(0.773, -0.632, 1.423), reason=Area 0.004393 below minimum 0.01
[SRD rewrite] deleted patch=15, position=(0.726, -0.516, 1.358), reason=Area 0.003631 below minimum 0.01
[SRD rewrite] deleted patch=13, position=(1.056, 0.352, -1.090), reason=delete has no image effect
[SRD rewrite] restored patch=14, position=(0.773, -0.632, 1.423), improvement=0.000377
SRD step 400: evaluated 27 candidates, 1 promising, accepted 5
  Accepted RestorePatch(13) at patch 14, improvement=0.000377
  Mandatory DeletePatch(15) at patch 15, reason=Area 0.003631 below minimum 0.01
  Mandatory DeletePatch(16) at patch 16, reason=Area 0.004393 below minimum 0.01
  Mandatory DeletePatch(17) at patch 17, reason=Area 0.002424 below minimum 0.01
  Mandatory DeletePatch(13) at patch 13, reason=delete has no image effect
  Total patches: 15, total adds: 19, total deletes: 14
  step 400/1000: loss=0.160896, patches=18
[SRD rewrite] deleted patch=14, position=(0.847, -0.552, 1.434), reason=Area 0.000580 below minimum 0.01
[SRD rewrite] added patch=14, position=(0.833, -0.567, 1.587), improvement=0.000662
[SRD rewrite] added patch=15, position=(0.644, -0.460, 1.427), improvement=0.000332
[SRD rewrite] restored patch=16, position=(-0.863, 0.295, 2.004), improvement=0.000248
SRD step 450: evaluated 27 candidates, 4 promising, accepted 4
  Accepted AddPatch at patch 14, improvement=0.000662
  Accepted AddPatch at patch 15, improvement=0.000332
  Accepted RestorePatch(12) at patch 16, improvement=0.000248
  Mandatory DeletePatch(14) at patch 14, reason=Area 0.000580 below minimum 0.01
  Total patches: 17, total adds: 22, total deletes: 15
  step 450/1000: loss=0.157985, patches=15
[SRD rewrite] deleted patch=16, position=(-0.880, 0.300, 2.035), reason=Area 0.001550 below minimum 0.01
[SRD rewrite] deleted patch=15, position=(0.639, -0.402, 1.324), reason=Area 0.001033 below minimum 0.01
[SRD rewrite] deleted patch=14, position=(0.768, -0.612, 1.470), reason=Area 0.000433 below minimum 0.01
[SRD rewrite] added patch=14, position=(-0.239, -0.507, 1.878), improvement=0.000061
SRD step 500: evaluated 27 candidates, 1 promising, accepted 4
  Accepted AddPatch at patch 14, improvement=0.000061
  Mandatory DeletePatch(14) at patch 14, reason=Area 0.000433 below minimum 0.01
  Mandatory DeletePatch(15) at patch 15, reason=Area 0.001033 below minimum 0.01
  Mandatory DeletePatch(16) at patch 16, reason=Area 0.001550 below minimum 0.01
  Total patches: 15, total adds: 23, total deletes: 18
  step 500/1000: loss=0.152558, patches=17
[SRD rewrite] deleted patch=14, position=(-0.288, -0.459, 1.805), reason=Area 0.001015 below minimum 0.01
SRD step 550: evaluated 27 candidates, 0 promising, accepted 1
  Mandatory DeletePatch(14) at patch 14, reason=Area 0.001015 below minimum 0.01
  Total patches: 14, total adds: 23, total deletes: 19
  step 550/1000: loss=0.147903, patches=15
[SRD rewrite] deleted patch=13, position=(-0.291, 0.218, -1.260), reason=Area 0.008670 below minimum 0.01
SRD step 600: evaluated 27 candidates, 0 promising, accepted 1
  Mandatory DeletePatch(13) at patch 13, reason=Area 0.008670 below minimum 0.01
  Total patches: 13, total adds: 23, total deletes: 20
  step 600/1000: loss=0.147881, patches=14
SRD step 650: evaluated 27 candidates, 0 promising, accepted 0
  Total patches: 13, total adds: 23, total deletes: 20
  step 650/1000: loss=0.149092, patches=13
SRD step 700: evaluated 27 candidates, 0 promising, accepted 0
  Total patches: 13, total adds: 23, total deletes: 20
  step 700/1000: loss=0.153827, patches=13
SRD step 750: evaluated 27 candidates, 0 promising, accepted 0
  Total patches: 13, total adds: 23, total deletes: 20
  step 750/1000: loss=0.153619, patches=13
SRD step 800: evaluated 27 candidates, 0 promising, accepted 0
  Total patches: 13, total adds: 23, total deletes: 20
  step 800/1000: loss=0.155352, patches=13
SRD step 850: evaluated 27 candidates, 0 promising, accepted 0
  Total patches: 13, total adds: 23, total deletes: 20
  step 850/1000: loss=0.153805, patches=13
SRD step 900: evaluated 27 candidates, 0 promising, accepted 0
  Total patches: 13, total adds: 23, total deletes: 20
  step 900/1000: loss=0.155785, patches=13
SRD step 950: evaluated 27 candidates, 0 promising, accepted 0
  Total patches: 13, total adds: 23, total deletes: 20
  step 950/1000: loss=0.162254, patches=13
SRD step 1000: evaluated 27 candidates, 0 promising, accepted 0
  Total patches: 13, total adds: 23, total deletes: 20
  step 1000/1000: loss=0.167016, patches=13
[SRD rewrite] deleted patch=2, position=(-2.168, 1.708, 1.134), reason=final deletion pass improved loss
[Trial 1] done: loss=0.136756, time=2657.0s
[Trial 2/3] seed=1
[SRD rewrite] split patch=4, children=9,10, improvement=0.018686
[SRD rewrite] added patch=11, position=(0.652, 0.400, -0.200), improvement=0.015559
[SRD rewrite] added patch=12, position=(0.513, 0.379, -1.364), improvement=0.014891
SRD step 50: evaluated 27 candidates, 27 promising, accepted 3
  Accepted SplitPatch(4) at patch 4, improvement=0.018686
  Accepted AddPatch at patch 11, improvement=0.015559
  Accepted AddPatch at patch 12, improvement=0.014891
  Total patches: 13, total adds: 3, total deletes: 0
  step 50/1000: loss=0.561589, patches=10
[SRD rewrite] deleted patch=9, position=(-1.719, 1.425, -0.408), reason=Area 0.000793 below minimum 0.01
[SRD rewrite] split patch=5, children=11,12, improvement=0.007868
[SRD rewrite] split patch=3, children=12,13, improvement=0.006320
[SRD rewrite] added patch=14, position=(0.535, 0.433, -1.464), improvement=0.006370
SRD step 100: evaluated 27 candidates, 21 promising, accepted 4
  Accepted SplitPatch(5) at patch 5, improvement=0.007868
  Accepted AddPatch at patch 14, improvement=0.006370
  Accepted SplitPatch(3) at patch 3, improvement=0.006320
  Mandatory DeletePatch(9) at patch 9, reason=Area 0.000793 below minimum 0.01
  Total patches: 15, total adds: 6, total deletes: 1
  step 100/1000: loss=0.463640, patches=13
[SRD rewrite] deleted patch=14, position=(0.409, 0.520, -1.381), reason=Area 0.000935 below minimum 0.01
[SRD rewrite] deleted patch=13, position=(-0.355, -0.327, -1.572), reason=Area 0.006028 below minimum 0.01
[SRD rewrite] deleted patch=12, position=(-0.143, -0.454, -1.505), reason=Area 0.006675 below minimum 0.01
[SRD rewrite] deleted patch=11, position=(-0.671, -0.264, -1.456), reason=Area 0.002006 below minimum 0.01
[SRD rewrite] deleted patch=10, position=(-0.676, -0.063, -1.627), reason=Area 0.004091 below minimum 0.01
[SRD rewrite] deleted patch=7, position=(-1.496, 1.665, -0.702), reason=Area 0.009268 below minimum 0.01
[SRD rewrite] added patch=9, position=(0.276, 0.254, -1.560), improvement=0.006221
[SRD rewrite] added patch=10, position=(-0.888, 0.430, -1.717), improvement=0.005603
[SRD rewrite] added patch=11, position=(-0.642, 0.699, -1.563), improvement=0.005535
SRD step 150: evaluated 27 candidates, 12 promising, accepted 9
  Accepted AddPatch at patch 9, improvement=0.006221
  Accepted AddPatch at patch 10, improvement=0.005603
  Accepted AddPatch at patch 11, improvement=0.005535
  Mandatory DeletePatch(7) at patch 7, reason=Area 0.009268 below minimum 0.01
  Mandatory DeletePatch(10) at patch 10, reason=Area 0.004091 below minimum 0.01
  Mandatory DeletePatch(11) at patch 11, reason=Area 0.002006 below minimum 0.01
  Mandatory DeletePatch(12) at patch 12, reason=Area 0.006675 below minimum 0.01
  Mandatory DeletePatch(13) at patch 13, reason=Area 0.006028 below minimum 0.01
  Mandatory DeletePatch(14) at patch 14, reason=Area 0.000935 below minimum 0.01
  Total patches: 12, total adds: 9, total deletes: 7
  step 150/1000: loss=0.412213, patches=15
[SRD rewrite] deleted patch=11, position=(-0.704, 0.757, -1.545), reason=Area 0.000922 below minimum 0.01
[SRD rewrite] deleted patch=9, position=(0.376, 0.318, -1.503), reason=Area 0.000240 below minimum 0.01
[SRD rewrite] deleted patch=7, position=(0.812, 0.662, -0.054), reason=Area 0.007556 below minimum 0.01
[SRD rewrite] deleted patch=8, position=(-0.909, 0.409, -1.696), reason=delete has no image effect
[SRD rewrite] added patch=8, position=(0.150, -0.102, 1.409), improvement=0.003781
[SRD rewrite] added patch=9, position=(0.912, -0.519, 1.460), improvement=0.002278
[SRD rewrite] added patch=10, position=(-0.610, 0.320, -1.737), improvement=0.002161
SRD step 200: evaluated 27 candidates, 14 promising, accepted 7
  Accepted AddPatch at patch 8, improvement=0.003781
  Accepted AddPatch at patch 9, improvement=0.002278
  Accepted AddPatch at patch 10, improvement=0.002161
  Mandatory DeletePatch(7) at patch 7, reason=Area 0.007556 below minimum 0.01
  Mandatory DeletePatch(9) at patch 9, reason=Area 0.000240 below minimum 0.01
  Mandatory DeletePatch(11) at patch 11, reason=Area 0.000922 below minimum 0.01
  Mandatory DeletePatch(8) at patch 8, reason=delete has no image effect
  Total patches: 11, total adds: 12, total deletes: 11
  step 200/1000: loss=0.389600, patches=12
[SRD rewrite] deleted patch=10, position=(-0.698, 0.413, -1.794), reason=Area 0.000818 below minimum 0.01
[SRD rewrite] added patch=10, position=(0.861, 0.311, -1.500), improvement=0.002292
[SRD rewrite] added patch=11, position=(-0.901, 0.586, -0.926), improvement=0.002237
[SRD rewrite] added patch=12, position=(-0.853, 0.437, -0.574), improvement=0.002217
SRD step 250: evaluated 27 candidates, 15 promising, accepted 4
  Accepted AddPatch at patch 10, improvement=0.002292
  Accepted AddPatch at patch 11, improvement=0.002237
  Accepted AddPatch at patch 12, improvement=0.002217
  Mandatory DeletePatch(10) at patch 10, reason=Area 0.000818 below minimum 0.01
  Total patches: 13, total adds: 15, total deletes: 12
  step 250/1000: loss=0.364758, patches=11
[SRD rewrite] deleted patch=11, position=(-0.936, 0.571, -0.839), reason=Area 0.000479 below minimum 0.01
[SRD rewrite] deleted patch=10, position=(0.863, 0.266, -1.501), reason=Area 0.002245 below minimum 0.01
[SRD rewrite] added patch=11, position=(0.639, -0.814, 1.360), improvement=0.003287
[SRD rewrite] added patch=12, position=(0.700, -0.740, 1.221), improvement=0.003046
[SRD rewrite] added patch=13, position=(-0.689, -0.395, 1.842), improvement=0.002660
SRD step 300: evaluated 27 candidates, 21 promising, accepted 5
  Accepted AddPatch at patch 11, improvement=0.003287
  Accepted AddPatch at patch 12, improvement=0.003046
  Accepted AddPatch at patch 13, improvement=0.002660
  Mandatory DeletePatch(10) at patch 10, reason=Area 0.002245 below minimum 0.01
  Mandatory DeletePatch(11) at patch 11, reason=Area 0.000479 below minimum 0.01
  Total patches: 14, total adds: 18, total deletes: 14
  step 300/1000: loss=0.326792, patches=13
[SRD rewrite] deleted patch=13, position=(-0.756, -0.404, 1.762), reason=Area 0.009609 below minimum 0.01
[SRD rewrite] added patch=13, position=(-0.818, -0.601, 1.691), improvement=0.003225
[SRD rewrite] added patch=14, position=(0.295, 0.252, 1.277), improvement=0.002994
[SRD rewrite] added patch=15, position=(0.262, 0.281, 1.520), improvement=0.002989
SRD step 350: evaluated 27 candidates, 14 promising, accepted 4
  Accepted AddPatch at patch 13, improvement=0.003225
  Accepted AddPatch at patch 14, improvement=0.002994
  Accepted AddPatch at patch 15, improvement=0.002989
  Mandatory DeletePatch(13) at patch 13, reason=Area 0.009609 below minimum 0.01
  Total patches: 16, total adds: 21, total deletes: 15
  step 350/1000: loss=0.270062, patches=14
[SRD rewrite] deleted patch=15, position=(0.348, 0.207, 1.511), reason=Area 0.000957 below minimum 0.01
[SRD rewrite] deleted patch=14, position=(0.395, 0.187, 1.220), reason=Area 0.001271 below minimum 0.01
[SRD rewrite] added patch=14, position=(0.356, 0.169, 1.512), improvement=0.000598
[SRD rewrite] added patch=15, position=(0.409, 0.181, 1.122), improvement=0.000245
SRD step 400: evaluated 27 candidates, 2 promising, accepted 4
  Accepted AddPatch at patch 14, improvement=0.000598
  Accepted AddPatch at patch 15, improvement=0.000245
  Mandatory DeletePatch(14) at patch 14, reason=Area 0.001271 below minimum 0.01
  Mandatory DeletePatch(15) at patch 15, reason=Area 0.000957 below minimum 0.01
  Total patches: 16, total adds: 23, total deletes: 17
  step 400/1000: loss=0.242134, patches=16
[SRD rewrite] deleted patch=15, position=(0.400, 0.149, 1.223), reason=Area 0.001964 below minimum 0.01
SRD step 450: evaluated 27 candidates, 0 promising, accepted 1
  Mandatory DeletePatch(15) at patch 15, reason=Area 0.001964 below minimum 0.01
  Total patches: 15, total adds: 23, total deletes: 18
  step 450/1000: loss=0.221907, patches=16
[SRD rewrite] added patch=15, position=(-0.419, 0.034, 1.652), improvement=0.001678
[SRD rewrite] added patch=16, position=(0.873, -0.430, 1.535), improvement=0.001065
[SRD rewrite] added patch=17, position=(0.995, 0.300, -1.409), improvement=0.000864
SRD step 500: evaluated 27 candidates, 8 promising, accepted 3
  Accepted AddPatch at patch 15, improvement=0.001678
  Accepted AddPatch at patch 16, improvement=0.001065
  Accepted AddPatch at patch 17, improvement=0.000864
  Total patches: 18, total adds: 26, total deletes: 18
  step 500/1000: loss=0.205193, patches=15
[SRD rewrite] deleted patch=17, position=(1.029, 0.261, -1.472), reason=Area 0.002481 below minimum 0.01
[SRD rewrite] deleted patch=16, position=(0.798, -0.458, 1.444), reason=Area 0.001757 below minimum 0.01
[SRD rewrite] deleted patch=15, position=(-0.380, 0.062, 1.578), reason=Area 0.005685 below minimum 0.01
[SRD rewrite] deleted patch=12, position=(0.898, -0.566, 1.361), reason=Area 0.009454 below minimum 0.01
[SRD rewrite] deleted patch=11, position=(0.474, -0.847, 1.541), reason=Area 0.003582 below minimum 0.01
SRD step 550: evaluated 27 candidates, 0 promising, accepted 5
  Mandatory DeletePatch(11) at patch 11, reason=Area 0.003582 below minimum 0.01
  Mandatory DeletePatch(12) at patch 12, reason=Area 0.009454 below minimum 0.01
  Mandatory DeletePatch(15) at patch 15, reason=Area 0.005685 below minimum 0.01
  Mandatory DeletePatch(16) at patch 16, reason=Area 0.001757 below minimum 0.01
  Mandatory DeletePatch(17) at patch 17, reason=Area 0.002481 below minimum 0.01
  Total patches: 13, total adds: 26, total deletes: 23
  step 550/1000: loss=0.181737, patches=18
[SRD rewrite] added patch=13, position=(-0.729, 0.889, 0.644), improvement=0.002005
[SRD rewrite] added patch=14, position=(-0.359, 0.132, 1.701), improvement=0.001844
[SRD rewrite] restored patch=15, position=(0.898, -0.566, 1.361), improvement=0.001843
SRD step 600: evaluated 27 candidates, 10 promising, accepted 3
  Accepted AddPatch at patch 13, improvement=0.002005
  Accepted AddPatch at patch 14, improvement=0.001844
  Accepted RestorePatch(24) at patch 15, improvement=0.001843
  Total patches: 16, total adds: 29, total deletes: 23
  step 600/1000: loss=0.182149, patches=13
[SRD rewrite] deleted patch=15, position=(0.952, -0.548, 1.370), reason=Area 0.000402 below minimum 0.01
[SRD rewrite] deleted patch=14, position=(-0.363, 0.154, 1.623), reason=Area 0.001303 below minimum 0.01
SRD step 650: evaluated 27 candidates, 0 promising, accepted 2
  Mandatory DeletePatch(14) at patch 14, reason=Area 0.001303 below minimum 0.01
  Mandatory DeletePatch(15) at patch 15, reason=Area 0.000402 below minimum 0.01
  Total patches: 14, total adds: 29, total deletes: 25
  step 650/1000: loss=0.162849, patches=16
[SRD rewrite] added patch=14, position=(-0.945, 0.736, -1.273), improvement=0.000269
[SRD rewrite] added patch=15, position=(-0.573, 0.707, 1.249), improvement=0.000259
[SRD rewrite] added patch=16, position=(0.701, 0.114, -1.302), improvement=0.000231
SRD step 700: evaluated 27 candidates, 5 promising, accepted 3
  Accepted AddPatch at patch 14, improvement=0.000269
  Accepted AddPatch at patch 15, improvement=0.000259
  Accepted AddPatch at patch 16, improvement=0.000231
  Total patches: 17, total adds: 32, total deletes: 25
  step 700/1000: loss=0.159033, patches=14
[SRD rewrite] deleted patch=16, position=(0.845, 0.112, -1.445), reason=Area 0.000280 below minimum 0.01
[SRD rewrite] deleted patch=15, position=(-0.643, 0.785, 1.128), reason=Area 0.004332 below minimum 0.01
SRD step 750: evaluated 27 candidates, 0 promising, accepted 2
  Mandatory DeletePatch(15) at patch 15, reason=Area 0.004332 below minimum 0.01
  Mandatory DeletePatch(16) at patch 16, reason=Area 0.000280 below minimum 0.01
  Total patches: 15, total adds: 32, total deletes: 27
  step 750/1000: loss=0.155648, patches=17
SRD step 800: evaluated 27 candidates, 0 promising, accepted 0
  Total patches: 15, total adds: 32, total deletes: 27
  step 800/1000: loss=0.157375, patches=15
[SRD rewrite] deleted patch=7, position=(1.069, 0.470, -1.280), reason=Area 0.009940 below minimum 0.01
SRD step 850: evaluated 27 candidates, 0 promising, accepted 1
  Mandatory DeletePatch(7) at patch 7, reason=Area 0.009940 below minimum 0.01
  Total patches: 14, total adds: 32, total deletes: 28
  step 850/1000: loss=0.157504, patches=15
SRD step 900: evaluated 27 candidates, 0 promising, accepted 0
  Total patches: 14, total adds: 32, total deletes: 28
  step 900/1000: loss=0.166034, patches=14
SRD step 950: evaluated 27 candidates, 0 promising, accepted 0
  Total patches: 14, total adds: 32, total deletes: 28
  step 950/1000: loss=0.164878, patches=14
[SRD rewrite] deleted patch=4, position=(0.934, 0.987, -0.783), reason=Area 0.005586 below minimum 0.01
[SRD rewrite] added patch=13, position=(-0.049, 0.092, 0.119), improvement=0.001563
[SRD rewrite] added patch=14, position=(-0.562, 0.119, 0.162), improvement=0.001545
[SRD rewrite] added patch=15, position=(1.159, 0.214, -0.222), improvement=0.001529
SRD step 1000: evaluated 27 candidates, 8 promising, accepted 4
  Accepted AddPatch at patch 13, improvement=0.001563
  Accepted AddPatch at patch 14, improvement=0.001545
  Accepted AddPatch at patch 15, improvement=0.001529
  Mandatory DeletePatch(4) at patch 4, reason=Area 0.005586 below minimum 0.01
  Total patches: 16, total adds: 35, total deletes: 29
  step 1000/1000: loss=0.165725, patches=14
[SRD rewrite] deleted patch=15, position=(1.159, 0.214, -0.222), reason=Area 0.009291 below minimum 0.01
[SRD rewrite] deleted patch=14, position=(-0.562, 0.119, 0.162), reason=Area 0.009291 below minimum 0.01
[SRD rewrite] deleted patch=13, position=(-0.049, 0.092, 0.119), reason=Area 0.009291 below minimum 0.01
[Trial 2] done: loss=0.167239, time=2542.3s
[Trial 3/3] seed=2
[SRD rewrite] added patch=10, position=(0.869, -0.597, 0.945), improvement=0.014256
[SRD rewrite] added patch=11, position=(0.284, 0.009, 1.408), improvement=0.013823
[SRD rewrite] added patch=12, position=(0.395, 0.147, 1.306), improvement=0.013212
SRD step 50: evaluated 27 candidates, 19 promising, accepted 3
  Accepted AddPatch at patch 10, improvement=0.014256
  Accepted AddPatch at patch 11, improvement=0.013823
  Accepted AddPatch at patch 12, improvement=0.013212
  Total patches: 13, total adds: 3, total deletes: 0
  step 50/1000: loss=0.551346, patches=10
[SRD rewrite] added patch=13, position=(-0.375, 0.168, -1.642), improvement=0.020488
[SRD rewrite] added patch=14, position=(-0.043, 0.433, 1.414), improvement=0.020359
[SRD rewrite] added patch=15, position=(-0.185, 0.475, -0.280), improvement=0.019801
SRD step 100: evaluated 27 candidates, 27 promising, accepted 3
  Accepted AddPatch at patch 13, improvement=0.020488
  Accepted AddPatch at patch 14, improvement=0.020359
  Accepted AddPatch at patch 15, improvement=0.019801
  Total patches: 16, total adds: 6, total deletes: 0
  step 100/1000: loss=0.371996, patches=13
[SRD rewrite] deleted patch=15, position=(-0.015, 0.350, -0.180), reason=Area 0.000241 below minimum 0.01
[SRD rewrite] deleted patch=14, position=(-0.048, 0.449, 1.440), reason=Area 0.004554 below minimum 0.01
[SRD rewrite] added patch=14, position=(-0.030, 0.424, 1.162), improvement=0.006079
[SRD rewrite] added patch=15, position=(0.242, -0.899, 1.369), improvement=0.005957
[SRD rewrite] added patch=16, position=(-0.714, 0.090, -1.403), improvement=0.005120
SRD step 150: evaluated 27 candidates, 23 promising, accepted 5
  Accepted AddPatch at patch 14, improvement=0.006079
  Accepted AddPatch at patch 15, improvement=0.005957
  Accepted AddPatch at patch 16, improvement=0.005120
  Mandatory DeletePatch(14) at patch 14, reason=Area 0.004554 below minimum 0.01
  Mandatory DeletePatch(15) at patch 15, reason=Area 0.000241 below minimum 0.01
  Total patches: 17, total adds: 9, total deletes: 2
  step 150/1000: loss=0.269127, patches=16
[SRD rewrite] deleted patch=14, position=(-0.062, 0.549, 1.262), reason=Area 0.000381 below minimum 0.01
[SRD rewrite] added patch=16, position=(0.056, 0.528, 1.878), improvement=0.002925
[SRD rewrite] added patch=17, position=(0.085, 0.665, 0.139), improvement=0.002321
[SRD rewrite] added patch=18, position=(0.855, 0.665, -0.570), improvement=0.001901
SRD step 200: evaluated 27 candidates, 20 promising, accepted 4
  Accepted AddPatch at patch 16, improvement=0.002925
  Accepted AddPatch at patch 17, improvement=0.002321
  Accepted AddPatch at patch 18, improvement=0.001901
  Mandatory DeletePatch(14) at patch 14, reason=Area 0.000381 below minimum 0.01
  Total patches: 19, total adds: 12, total deletes: 3
  step 200/1000: loss=0.218078, patches=17
[SRD rewrite] deleted patch=17, position=(0.049, 0.694, 0.070), reason=Area 0.000598 below minimum 0.01
[SRD rewrite] deleted patch=16, position=(-0.039, 0.583, 1.738), reason=Area 0.005406 below minimum 0.01
[SRD rewrite] deleted patch=15, position=(-0.697, 0.124, -1.458), reason=delete has no image effect
[SRD rewrite] added patch=16, position=(0.304, 0.691, -1.214), improvement=0.003164
[SRD rewrite] added patch=17, position=(0.262, 0.626, 0.038), improvement=0.002769
[SRD rewrite] added patch=18, position=(2.338, 2.498, -0.013), improvement=0.002411
SRD step 250: evaluated 27 candidates, 21 promising, accepted 6
  Accepted AddPatch at patch 16, improvement=0.003164
  Accepted AddPatch at patch 17, improvement=0.002769
  Accepted AddPatch at patch 18, improvement=0.002411
  Mandatory DeletePatch(16) at patch 16, reason=Area 0.005406 below minimum 0.01
  Mandatory DeletePatch(17) at patch 17, reason=Area 0.000598 below minimum 0.01
  Mandatory DeletePatch(15) at patch 15, reason=delete has no image effect
  Total patches: 19, total adds: 15, total deletes: 6
  step 250/1000: loss=0.178679, patches=19
[SRD rewrite] deleted patch=18, position=(2.338, 2.498, -0.013), reason=Area 0.009291 below minimum 0.01
[SRD rewrite] deleted patch=17, position=(0.258, 0.553, -0.031), reason=Area 0.000246 below minimum 0.01
[SRD rewrite] deleted patch=16, position=(0.209, 0.773, -1.269), reason=Area 0.000720 below minimum 0.01
[SRD rewrite] deleted patch=15, position=(0.802, 0.673, -0.622), reason=Area 0.002442 below minimum 0.01
[SRD rewrite] deleted patch=13, position=(-0.398, 0.183, -1.639), reason=delete has no image effect
SRD step 300: evaluated 27 candidates, 0 promising, accepted 5
  Mandatory DeletePatch(15) at patch 15, reason=Area 0.002442 below minimum 0.01
  Mandatory DeletePatch(16) at patch 16, reason=Area 0.000720 below minimum 0.01
  Mandatory DeletePatch(17) at patch 17, reason=Area 0.000246 below minimum 0.01
  Mandatory DeletePatch(18) at patch 18, reason=Area 0.009291 below minimum 0.01
  Mandatory DeletePatch(13) at patch 13, reason=delete has no image effect
  Total patches: 14, total adds: 15, total deletes: 11
  step 300/1000: loss=0.160038, patches=19
[SRD rewrite] deleted patch=4, position=(-0.510, 0.842, 1.006), reason=delete has no image effect
SRD step 350: evaluated 27 candidates, 0 promising, accepted 1
  Mandatory DeletePatch(4) at patch 4, reason=delete has no image effect
  Total patches: 13, total adds: 15, total deletes: 12
  step 350/1000: loss=0.165327, patches=14
[SRD rewrite] added patch=13, position=(-0.058, 0.273, 0.559), improvement=0.000242
SRD step 400: evaluated 27 candidates, 1 promising, accepted 1
  Accepted AddPatch at patch 13, improvement=0.000242
  Total patches: 14, total adds: 16, total deletes: 12
  step 400/1000: loss=0.173400, patches=13
SRD step 450: evaluated 27 candidates, 0 promising, accepted 0
  Total patches: 14, total adds: 16, total deletes: 12
  step 450/1000: loss=0.171936, patches=14
[SRD rewrite] added patch=14, position=(-0.638, 0.512, 1.338), improvement=0.001318
[SRD rewrite] restored patch=15, position=(0.258, 0.553, -0.031), improvement=0.000926
[SRD rewrite] restored patch=16, position=(-0.398, 0.183, -1.639), improvement=0.000740
SRD step 500: evaluated 27 candidates, 12 promising, accepted 3
  Accepted AddPatch at patch 14, improvement=0.001318
  Accepted RestorePatch(7) at patch 15, improvement=0.000926
  Accepted RestorePatch(10) at patch 16, improvement=0.000740
  Total patches: 17, total adds: 19, total deletes: 12
  step 500/1000: loss=0.168158, patches=14
[SRD rewrite] deleted patch=15, position=(0.332, 0.477, 0.043), reason=Area 0.000246 below minimum 0.01
[SRD rewrite] deleted patch=14, position=(-0.660, 0.568, 1.428), reason=Area 0.002414 below minimum 0.01
[SRD rewrite] deleted patch=13, position=(0.163, 0.284, 0.593), reason=Area 0.005731 below minimum 0.01
SRD step 550: evaluated 27 candidates, 0 promising, accepted 3
  Mandatory DeletePatch(13) at patch 13, reason=Area 0.005731 below minimum 0.01
  Mandatory DeletePatch(14) at patch 14, reason=Area 0.002414 below minimum 0.01
  Mandatory DeletePatch(15) at patch 15, reason=Area 0.000246 below minimum 0.01
  Total patches: 14, total adds: 19, total deletes: 15
  step 550/1000: loss=0.157054, patches=17
SRD step 600: evaluated 27 candidates, 0 promising, accepted 0
  Total patches: 14, total adds: 19, total deletes: 15
  step 600/1000: loss=0.156178, patches=14
SRD step 650: evaluated 27 candidates, 0 promising, accepted 0
  Total patches: 14, total adds: 19, total deletes: 15
  step 650/1000: loss=0.157311, patches=14
SRD step 700: evaluated 27 candidates, 0 promising, accepted 0
  Total patches: 14, total adds: 19, total deletes: 15
  step 700/1000: loss=0.151115, patches=14
[SRD rewrite] added patch=14, position=(0.866, 1.011, -0.232), improvement=0.000745
[SRD rewrite] restored patch=15, position=(0.163, 0.284, 0.593), improvement=0.000482
[SRD rewrite] restored patch=16, position=(2.338, 2.498, -0.013), improvement=0.000108
SRD step 750: evaluated 27 candidates, 4 promising, accepted 3
  Accepted AddPatch at patch 14, improvement=0.000745
  Accepted RestorePatch(12) at patch 15, improvement=0.000482
  Accepted RestorePatch(6) at patch 16, improvement=0.000108
  Total patches: 17, total adds: 22, total deletes: 15
  step 750/1000: loss=0.152986, patches=14
[SRD rewrite] deleted patch=16, position=(2.338, 2.498, -0.013), reason=Area 0.009291 below minimum 0.01
[SRD rewrite] deleted patch=15, position=(0.319, 0.310, 0.610), reason=Area 0.006011 below minimum 0.01
SRD step 800: evaluated 27 candidates, 0 promising, accepted 2
  Mandatory DeletePatch(15) at patch 15, reason=Area 0.006011 below minimum 0.01
  Mandatory DeletePatch(16) at patch 16, reason=Area 0.009291 below minimum 0.01
  Total patches: 15, total adds: 22, total deletes: 17
  step 800/1000: loss=0.144294, patches=17
[SRD rewrite] restored patch=15, position=(0.319, 0.310, 0.610), improvement=0.000257
[SRD rewrite] restored patch=16, position=(0.209, 0.773, -1.269), improvement=0.000039
SRD step 850: evaluated 27 candidates, 2 promising, accepted 2
  Accepted RestorePatch(12) at patch 15, improvement=0.000257
  Accepted RestorePatch(6) at patch 16, improvement=0.000039
  Total patches: 17, total adds: 24, total deletes: 17
  step 850/1000: loss=0.140205, patches=15
[SRD rewrite] deleted patch=16, position=(0.086, 0.902, -1.306), reason=Area 0.000225 below minimum 0.01
[SRD rewrite] deleted patch=15, position=(0.436, 0.351, 0.608), reason=Area 0.004969 below minimum 0.01
SRD step 900: evaluated 27 candidates, 0 promising, accepted 2
  Mandatory DeletePatch(15) at patch 15, reason=Area 0.004969 below minimum 0.01
  Mandatory DeletePatch(16) at patch 16, reason=Area 0.000225 below minimum 0.01
  Total patches: 15, total adds: 24, total deletes: 19
  step 900/1000: loss=0.134448, patches=17
SRD step 950: evaluated 27 candidates, 0 promising, accepted 0
  Total patches: 15, total adds: 24, total deletes: 19
  step 950/1000: loss=0.132104, patches=15
SRD step 1000: evaluated 27 candidates, 0 promising, accepted 0
  Total patches: 15, total adds: 24, total deletes: 19
  step 1000/1000: loss=0.128116, patches=15
[SRD rewrite] deleted patch=1, position=(-0.072, -2.614, -1.800), reason=final deletion pass improved loss
[Trial 3] done: loss=0.126157, time=2846.5s
[Run] report written to results/slurm/20260718_0340/patchsize_cat_face_bass_10/patches_10/with_srd/with_srd.txt
[Swept volume] building (resolution=256)...
[Run] mode=full, trials=3, seeds=[0, 1, 2], steps=1000, srd=False, ablation_flags={'disable_swept_volume_adds': True, 'loss_only_deletion': True, 'disable_splitting': False}
[Trial 1/3] seed=0
[Patch] mapbox-earcut is not installed; falling back to fan fill, so non-convex pieces will render incorrectly. Install it with: pip install mapbox-earcut
  step 50/1000: loss=0.611248, patches=10
  step 100/1000: loss=0.454519, patches=10
  step 150/1000: loss=0.373049, patches=10
  step 200/1000: loss=0.342996, patches=10
  step 250/1000: loss=0.332767, patches=10
  step 300/1000: loss=0.323279, patches=10
  step 350/1000: loss=0.328620, patches=10
  step 400/1000: loss=0.315735, patches=10
  step 450/1000: loss=0.288238, patches=10
  step 500/1000: loss=0.273484, patches=10
  step 550/1000: loss=0.259129, patches=10
  step 600/1000: loss=0.248785, patches=10
  step 650/1000: loss=0.243985, patches=10
  step 700/1000: loss=0.240179, patches=10
  step 750/1000: loss=0.239124, patches=10
  step 800/1000: loss=0.237137, patches=10
  step 850/1000: loss=0.236181, patches=10
  step 900/1000: loss=0.227617, patches=10
  step 950/1000: loss=0.221649, patches=10
  step 1000/1000: loss=0.216599, patches=10
[Trial 1] done: loss=0.216612, time=483.7s
[Trial 2/3] seed=1
  step 50/1000: loss=0.561589, patches=10
  step 100/1000: loss=0.470976, patches=10
  step 150/1000: loss=0.433609, patches=10
  step 200/1000: loss=0.387357, patches=10
  step 250/1000: loss=0.360727, patches=10
  step 300/1000: loss=0.348134, patches=10
  step 350/1000: loss=0.337663, patches=10
  step 400/1000: loss=0.332320, patches=10
  step 450/1000: loss=0.319976, patches=10
  step 500/1000: loss=0.309619, patches=10
  step 550/1000: loss=0.294991, patches=10
  step 600/1000: loss=0.258223, patches=10
  step 650/1000: loss=0.253330, patches=10
  step 700/1000: loss=0.248665, patches=10
  step 750/1000: loss=0.244155, patches=10
  step 800/1000: loss=0.242408, patches=10
  step 850/1000: loss=0.236857, patches=10
  step 900/1000: loss=0.207339, patches=10
  step 950/1000: loss=0.193092, patches=10
  step 1000/1000: loss=0.187236, patches=10
[Trial 2] done: loss=0.187825, time=514.3s
[Trial 3/3] seed=2
  step 50/1000: loss=0.551346, patches=10
  step 100/1000: loss=0.432187, patches=10
  step 150/1000: loss=0.358865, patches=10
  step 200/1000: loss=0.318166, patches=10
  step 250/1000: loss=0.290813, patches=10
  step 300/1000: loss=0.273013, patches=10
  step 350/1000: loss=0.272088, patches=10
  step 400/1000: loss=0.265571, patches=10
  step 450/1000: loss=0.263072, patches=10
  step 500/1000: loss=0.259629, patches=10
  step 550/1000: loss=0.262906, patches=10
  step 600/1000: loss=0.266039, patches=10
  step 650/1000: loss=0.267667, patches=10
  step 700/1000: loss=0.262009, patches=10
  step 750/1000: loss=0.260353, patches=10
  step 800/1000: loss=0.263069, patches=10
  step 850/1000: loss=0.254266, patches=10
  step 900/1000: loss=0.260970, patches=10
  step 950/1000: loss=0.261774, patches=10
  step 1000/1000: loss=0.261446, patches=10
[Trial 3] done: loss=0.262340, time=522.4s
[Run] report written to results/slurm/20260718_0340/patchsize_cat_face_bass_10/patches_10/without_srd/without_srd.txt

======================================================================
Running 3 trials WITH SRD
======================================================================


======================================================================
Running 3 trials WITHOUT SRD
======================================================================


[Comparison] report written to results/slurm/20260718_0340/patchsize_cat_face_bass_10/patches_10/comparison.txt

======================================================================
SRD Patch Size Comparison
======================================================================
Started: 2026-07-18T04:02:59
Patch sizes: [10]
Trials per size: 3
Steps per trial: 1000
Output directory: results/slurm/20260718_0340/patchsize_cat_face_bass_10
======================================================================


======================================================================
Running comparison with 10 initial patches
  Target 1: images/cat_face.png
  Target 2: images/bass.png
  Trials: 3, Steps: 1000
======================================================================

[OK] Comparison with 10 patches completed successfully

======================================================================
Comparison Summary
======================================================================
Successful: 1/1
Total time: 10468.0 seconds (2.91 hours)
Summary report: results/slurm/20260718_0340/patchsize_cat_face_bass_10/SUMMARY.txt
======================================================================

