[Swept volume] building (resolution=108)...
[Run] mode=full, trials=3, seeds=[0, 1, 2], steps=2000, srd=True, ablation_flags={'disable_swept_volume_adds': False, 'loss_only_deletion': False, 'disable_splitting': False}
[Trial 1/3] seed=0
[Patch] mapbox-earcut is not installed; falling back to fan fill, so non-convex pieces will render incorrectly. Install it with: pip install mapbox-earcut
[SRD rewrite] split patch=18, children=19,20, improvement=0.020576
[SRD rewrite] split patch=13, children=20,21, improvement=0.019387
[SRD rewrite] added patch=22, position=(0.618, 0.165, 0.737), improvement=0.016359
SRD step 50: evaluated 27 candidates, 23 promising, accepted 3
  Accepted SplitPatch(18) at patch 18, improvement=0.020576
  Accepted SplitPatch(13) at patch 13, improvement=0.019387
  Accepted AddPatch at patch 22, improvement=0.016359
  Total patches: 23, total adds: 3, total deletes: 0
  step 50/2000: loss=0.331229, patches=20
[SRD rewrite] deleted patch=21, position=(-0.297, -0.120, 1.466), reason=Area 0.005208 below minimum 0.01
[SRD rewrite] deleted patch=19, position=(1.253, -0.360, -0.882), reason=Area 0.001665 below minimum 0.01
[SRD rewrite] deleted patch=18, position=(1.330, -0.176, -0.986), reason=Area 0.004167 below minimum 0.01
[SRD rewrite] split patch=17, children=19,20, improvement=0.008398
[SRD rewrite] restored patch=21, position=(1.253, -0.360, -0.882), improvement=0.007363
[SRD rewrite] added patch=22, position=(0.979, -0.503, 0.844), improvement=0.007285
SRD step 100: evaluated 27 candidates, 18 promising, accepted 6
  Accepted SplitPatch(17) at patch 17, improvement=0.008398
  Accepted RestorePatch(3) at patch 21, improvement=0.007363
  Accepted AddPatch at patch 22, improvement=0.007285
  Mandatory DeletePatch(18) at patch 18, reason=Area 0.004167 below minimum 0.01
  Mandatory DeletePatch(19) at patch 19, reason=Area 0.001665 below minimum 0.01
  Mandatory DeletePatch(21) at patch 21, reason=Area 0.005208 below minimum 0.01
  Total patches: 23, total adds: 6, total deletes: 3
  step 100/2000: loss=0.217310, patches=23
[SRD rewrite] deleted patch=21, position=(1.197, -0.376, -0.877), reason=Area 0.003776 below minimum 0.01
[SRD rewrite] deleted patch=20, position=(1.009, -0.156, 0.157), reason=Area 0.001757 below minimum 0.01
[SRD rewrite] deleted patch=19, position=(1.013, 0.006, 0.135), reason=Area 0.000643 below minimum 0.01
[SRD rewrite] deleted patch=17, position=(-0.296, -0.240, 1.548), reason=Area 0.007683 below minimum 0.01
SRD step 150: evaluated 27 candidates, 0 promising, accepted 4
  Mandatory DeletePatch(17) at patch 17, reason=Area 0.007683 below minimum 0.01
  Mandatory DeletePatch(19) at patch 19, reason=Area 0.000643 below minimum 0.01
  Mandatory DeletePatch(20) at patch 20, reason=Area 0.001757 below minimum 0.01
  Mandatory DeletePatch(21) at patch 21, reason=Area 0.003776 below minimum 0.01
  Total patches: 19, total adds: 6, total deletes: 7
  step 150/2000: loss=0.181213, patches=23
[SRD rewrite] deleted patch=17, position=(0.636, 0.352, 0.814), reason=Area 0.003138 below minimum 0.01
[SRD rewrite] deleted patch=16, position=(0.061, 0.908, -0.553), reason=Area 0.001062 below minimum 0.01
SRD step 200: evaluated 27 candidates, 0 promising, accepted 2
  Mandatory DeletePatch(16) at patch 16, reason=Area 0.001062 below minimum 0.01
  Mandatory DeletePatch(17) at patch 17, reason=Area 0.003138 below minimum 0.01
  Total patches: 17, total adds: 6, total deletes: 9
  step 200/2000: loss=0.170855, patches=19
[SRD rewrite] deleted patch=16, position=(0.978, -0.400, 0.867), reason=Area 0.003379 below minimum 0.01
[SRD rewrite] deleted patch=7, position=(0.428, -0.305, 1.079), reason=Area 0.003173 below minimum 0.01
[SRD rewrite] restored patch=15, position=(0.636, 0.352, 0.814), improvement=0.002046
[SRD rewrite] added patch=16, position=(-0.238, 0.236, -0.265), improvement=0.001913
[SRD rewrite] added patch=17, position=(0.613, 0.352, 0.431), improvement=0.001396
SRD step 250: evaluated 27 candidates, 15 promising, accepted 5
  Accepted RestorePatch(9) at patch 15, improvement=0.002046
  Accepted AddPatch at patch 16, improvement=0.001913
  Accepted AddPatch at patch 17, improvement=0.001396
  Mandatory DeletePatch(7) at patch 7, reason=Area 0.003173 below minimum 0.01
  Mandatory DeletePatch(16) at patch 16, reason=Area 0.003379 below minimum 0.01
  Total patches: 18, total adds: 9, total deletes: 11
  step 250/2000: loss=0.155993, patches=17
[SRD rewrite] deleted patch=17, position=(0.658, 0.387, 0.529), reason=Area 0.000391 below minimum 0.01
[SRD rewrite] deleted patch=15, position=(0.614, 0.357, 0.804), reason=Area 0.005620 below minimum 0.01
[SRD rewrite] added patch=16, position=(-0.387, 0.087, -0.522), improvement=0.000640
SRD step 300: evaluated 27 candidates, 1 promising, accepted 3
  Accepted AddPatch at patch 16, improvement=0.000640
  Mandatory DeletePatch(15) at patch 15, reason=Area 0.005620 below minimum 0.01
  Mandatory DeletePatch(17) at patch 17, reason=Area 0.000391 below minimum 0.01
  Total patches: 17, total adds: 10, total deletes: 13
  step 300/2000: loss=0.150475, patches=18
[SRD rewrite] deleted patch=16, position=(-0.399, 0.081, -0.629), reason=Area 0.006601 below minimum 0.01
SRD step 350: evaluated 27 candidates, 0 promising, accepted 1
  Mandatory DeletePatch(16) at patch 16, reason=Area 0.006601 below minimum 0.01
  Total patches: 16, total adds: 10, total deletes: 14
  step 350/2000: loss=0.138529, patches=17
[SRD rewrite] restored patch=16, position=(0.614, 0.357, 0.804), improvement=0.001608
[SRD rewrite] restored patch=17, position=(-0.399, 0.081, -0.629), improvement=0.001492
[SRD rewrite] added patch=18, position=(-0.116, 0.389, 0.448), improvement=0.001204
SRD step 400: evaluated 27 candidates, 14 promising, accepted 3
  Accepted RestorePatch(13) at patch 16, improvement=0.001608
  Accepted RestorePatch(14) at patch 17, improvement=0.001492
  Accepted AddPatch at patch 18, improvement=0.001204
  Total patches: 19, total adds: 13, total deletes: 14
  step 400/2000: loss=0.140341, patches=16
[SRD rewrite] deleted patch=16, position=(0.629, 0.367, 0.812), reason=Area 0.001932 below minimum 0.01
SRD step 450: evaluated 27 candidates, 0 promising, accepted 1
  Mandatory DeletePatch(16) at patch 16, reason=Area 0.001932 below minimum 0.01
  Total patches: 18, total adds: 13, total deletes: 15
  step 450/2000: loss=0.128249, patches=19
[SRD rewrite] deleted patch=17, position=(-0.157, 0.395, 0.567), reason=Area 0.005816 below minimum 0.01
[SRD rewrite] added patch=17, position=(0.969, -0.695, 0.999), improvement=0.000898
[SRD rewrite] restored patch=18, position=(1.197, -0.376, -0.877), improvement=0.000685
[SRD rewrite] added patch=19, position=(0.458, 0.814, -0.471), improvement=0.000577
SRD step 500: evaluated 27 candidates, 4 promising, accepted 4
  Accepted AddPatch at patch 17, improvement=0.000898
  Accepted RestorePatch(5) at patch 18, improvement=0.000685
  Accepted AddPatch at patch 19, improvement=0.000577
  Mandatory DeletePatch(17) at patch 17, reason=Area 0.005816 below minimum 0.01
  Total patches: 20, total adds: 16, total deletes: 16
  step 500/2000: loss=0.129240, patches=18
[SRD rewrite] deleted patch=19, position=(0.411, 0.945, -0.383), reason=Area 0.005465 below minimum 0.01
[SRD rewrite] deleted patch=18, position=(1.204, -0.331, -0.891), reason=Area 0.001938 below minimum 0.01
[SRD rewrite] deleted patch=17, position=(0.930, -0.698, 0.950), reason=Area 0.004404 below minimum 0.01
SRD step 550: evaluated 27 candidates, 0 promising, accepted 3
  Mandatory DeletePatch(17) at patch 17, reason=Area 0.004404 below minimum 0.01
  Mandatory DeletePatch(18) at patch 18, reason=Area 0.001938 below minimum 0.01
  Mandatory DeletePatch(19) at patch 19, reason=Area 0.005465 below minimum 0.01
  Total patches: 17, total adds: 16, total deletes: 19
  step 550/2000: loss=0.123035, patches=20
[SRD rewrite] deleted patch=4, position=(0.510, -2.434, -0.419), reason=no image contribution, delete has no image effect
SRD step 600: evaluated 27 candidates, 0 promising, accepted 1
  Mandatory DeletePatch(4) at patch 4, reason=no image contribution, delete has no image effect
  Total patches: 16, total adds: 16, total deletes: 20
  step 600/2000: loss=0.125778, patches=17
[SRD rewrite] added patch=16, position=(0.664, -1.233, -0.596), improvement=0.001698
[SRD rewrite] restored patch=17, position=(0.411, 0.945, -0.383), improvement=0.001215
[SRD rewrite] added patch=18, position=(0.204, 0.728, -0.303), improvement=0.001092
SRD step 650: evaluated 27 candidates, 12 promising, accepted 3
  Accepted AddPatch at patch 16, improvement=0.001698
  Accepted RestorePatch(14) at patch 17, improvement=0.001215
  Accepted AddPatch at patch 18, improvement=0.001092
  Total patches: 19, total adds: 19, total deletes: 20
  step 650/2000: loss=0.127058, patches=16
[SRD rewrite] deleted patch=18, position=(0.040, 0.870, -0.341), reason=Area 0.000363 below minimum 0.01
[SRD rewrite] deleted patch=17, position=(0.388, 1.016, -0.377), reason=Area 0.003300 below minimum 0.01
[SRD rewrite] deleted patch=16, position=(0.600, -1.317, -0.464), reason=Area 0.002122 below minimum 0.01
SRD step 700: evaluated 27 candidates, 0 promising, accepted 3
  Mandatory DeletePatch(16) at patch 16, reason=Area 0.002122 below minimum 0.01
  Mandatory DeletePatch(17) at patch 17, reason=Area 0.003300 below minimum 0.01
  Mandatory DeletePatch(18) at patch 18, reason=Area 0.000363 below minimum 0.01
  Total patches: 16, total adds: 19, total deletes: 23
  step 700/2000: loss=0.118696, patches=19
SRD step 750: evaluated 27 candidates, 0 promising, accepted 0
  Total patches: 16, total adds: 19, total deletes: 23
  step 750/2000: loss=0.121241, patches=16
SRD step 800: evaluated 27 candidates, 0 promising, accepted 0
  Total patches: 16, total adds: 19, total deletes: 23
  step 800/2000: loss=0.127946, patches=16
[SRD rewrite] restored patch=16, position=(1.204, -0.331, -0.891), improvement=0.000626
[SRD rewrite] added patch=17, position=(0.985, -0.266, 0.743), improvement=0.000516
[SRD rewrite] added patch=18, position=(0.754, -0.546, 1.056), improvement=0.000416
SRD step 850: evaluated 27 candidates, 6 promising, accepted 3
  Accepted RestorePatch(14) at patch 16, improvement=0.000626
  Accepted AddPatch at patch 17, improvement=0.000516
  Accepted AddPatch at patch 18, improvement=0.000416
  Total patches: 19, total adds: 22, total deletes: 23
  step 850/2000: loss=0.128496, patches=16
[SRD rewrite] deleted patch=18, position=(0.760, -0.532, 1.032), reason=Area 0.001938 below minimum 0.01
[SRD rewrite] deleted patch=16, position=(1.207, -0.309, -0.908), reason=Area 0.001004 below minimum 0.01
SRD step 900: evaluated 27 candidates, 0 promising, accepted 2
  Mandatory DeletePatch(16) at patch 16, reason=Area 0.001004 below minimum 0.01
  Mandatory DeletePatch(18) at patch 18, reason=Area 0.001938 below minimum 0.01
  Total patches: 17, total adds: 22, total deletes: 25
  step 900/2000: loss=0.121946, patches=19
SRD step 950: evaluated 27 candidates, 0 promising, accepted 0
  Total patches: 17, total adds: 22, total deletes: 25
  step 950/2000: loss=0.127628, patches=17
SRD step 1000: evaluated 27 candidates, 0 promising, accepted 0
  Total patches: 17, total adds: 22, total deletes: 25
  step 1000/2000: loss=0.126939, patches=17
SRD step 1050: evaluated 27 candidates, 0 promising, accepted 0
  Total patches: 17, total adds: 22, total deletes: 25
  step 1050/2000: loss=0.125773, patches=17
SRD step 1100: evaluated 27 candidates, 0 promising, accepted 0
  Total patches: 17, total adds: 22, total deletes: 25
  step 1100/2000: loss=0.123613, patches=17
SRD step 1150: evaluated 27 candidates, 0 promising, accepted 0
  Total patches: 17, total adds: 22, total deletes: 25
  step 1150/2000: loss=0.124639, patches=17
[SRD rewrite] restored patch=17, position=(1.207, -0.309, -0.908), improvement=0.000206
[SRD rewrite] added patch=18, position=(0.997, -0.371, 0.573), improvement=0.000089
[SRD rewrite] added patch=19, position=(0.612, 0.383, 0.585), improvement=0.000031
SRD step 1200: evaluated 27 candidates, 3 promising, accepted 3
  Accepted RestorePatch(20) at patch 17, improvement=0.000206
  Accepted AddPatch at patch 18, improvement=0.000089
  Accepted AddPatch at patch 19, improvement=0.000031
  Total patches: 20, total adds: 25, total deletes: 25
  step 1200/2000: loss=0.130328, patches=17
[SRD rewrite] deleted patch=19, position=(0.637, 0.477, 0.674), reason=Area 0.000266 below minimum 0.01
[SRD rewrite] deleted patch=18, position=(1.014, -0.392, 0.600), reason=Area 0.004718 below minimum 0.01
[SRD rewrite] deleted patch=17, position=(1.193, -0.345, -0.846), reason=Area 0.004969 below minimum 0.01
SRD step 1250: evaluated 27 candidates, 0 promising, accepted 3
  Mandatory DeletePatch(17) at patch 17, reason=Area 0.004969 below minimum 0.01
  Mandatory DeletePatch(18) at patch 18, reason=Area 0.004718 below minimum 0.01
  Mandatory DeletePatch(19) at patch 19, reason=Area 0.000266 below minimum 0.01
  Total patches: 17, total adds: 25, total deletes: 28
  step 1250/2000: loss=0.127673, patches=20
[SRD rewrite] deleted patch=8, position=(0.584, 0.678, -1.981), reason=Area 0.008729 below minimum 0.01
[SRD rewrite] restored patch=16, position=(0.978, -0.400, 0.867), improvement=0.000461
[SRD rewrite] added patch=17, position=(0.505, -0.478, 1.013), improvement=0.000371
[SRD rewrite] added patch=18, position=(0.461, 0.381, -0.090), improvement=0.000091
SRD step 1300: evaluated 27 candidates, 5 promising, accepted 4
  Accepted RestorePatch(9) at patch 16, improvement=0.000461
  Accepted AddPatch at patch 17, improvement=0.000371
  Accepted AddPatch at patch 18, improvement=0.000091
  Mandatory DeletePatch(8) at patch 8, reason=Area 0.008729 below minimum 0.01
  Total patches: 19, total adds: 28, total deletes: 29
  step 1300/2000: loss=0.131177, patches=17
[SRD rewrite] deleted patch=18, position=(0.612, 0.349, -0.015), reason=Area 0.003147 below minimum 0.01
[SRD rewrite] added patch=18, position=(-0.511, -0.239, 0.503), improvement=0.002701
[SRD rewrite] added patch=19, position=(0.614, 0.517, -0.491), improvement=0.002406
[SRD rewrite] added patch=20, position=(0.671, -1.235, -0.442), improvement=0.002154
SRD step 1350: evaluated 27 candidates, 19 promising, accepted 4
  Accepted AddPatch at patch 18, improvement=0.002701
  Accepted AddPatch at patch 19, improvement=0.002406
  Accepted AddPatch at patch 20, improvement=0.002154
  Mandatory DeletePatch(18) at patch 18, reason=Area 0.003147 below minimum 0.01
  Total patches: 21, total adds: 31, total deletes: 30
  step 1350/2000: loss=0.130430, patches=19
[SRD rewrite] deleted patch=20, position=(0.615, -1.291, -0.330), reason=Area 0.009758 below minimum 0.01
[SRD rewrite] deleted patch=19, position=(0.618, 0.554, -0.467), reason=Area 0.007322 below minimum 0.01
SRD step 1400: evaluated 27 candidates, 0 promising, accepted 2
  Mandatory DeletePatch(19) at patch 19, reason=Area 0.007322 below minimum 0.01
  Mandatory DeletePatch(20) at patch 20, reason=Area 0.009758 below minimum 0.01
  Total patches: 19, total adds: 31, total deletes: 32
  step 1400/2000: loss=0.122131, patches=21
SRD step 1450: evaluated 27 candidates, 0 promising, accepted 0
  Total patches: 19, total adds: 31, total deletes: 32
  step 1450/2000: loss=0.125300, patches=19
[SRD rewrite] deleted patch=17, position=(0.604, -0.339, 1.048), reason=Area 0.009471 below minimum 0.01
SRD step 1500: evaluated 27 candidates, 0 promising, accepted 1
  Mandatory DeletePatch(17) at patch 17, reason=Area 0.009471 below minimum 0.01
  Total patches: 18, total adds: 31, total deletes: 33
  step 1500/2000: loss=0.119008, patches=19
SRD step 1550: evaluated 27 candidates, 0 promising, accepted 0
  Total patches: 18, total adds: 31, total deletes: 33
  step 1550/2000: loss=0.121133, patches=18
SRD step 1600: evaluated 27 candidates, 0 promising, accepted 0
  Total patches: 18, total adds: 31, total deletes: 33
  step 1600/2000: loss=0.125698, patches=18
SRD step 1650: evaluated 27 candidates, 0 promising, accepted 0
  Total patches: 18, total adds: 31, total deletes: 33
  step 1650/2000: loss=0.133747, patches=18
SRD step 1700: evaluated 27 candidates, 0 promising, accepted 0
  Total patches: 18, total adds: 31, total deletes: 33
  step 1700/2000: loss=0.125376, patches=18
[SRD rewrite] deleted patch=15, position=(0.948, -0.264, 0.751), reason=Area 0.007607 below minimum 0.01
SRD step 1750: evaluated 27 candidates, 0 promising, accepted 1
  Mandatory DeletePatch(15) at patch 15, reason=Area 0.007607 below minimum 0.01
  Total patches: 17, total adds: 31, total deletes: 34
  step 1750/2000: loss=0.121675, patches=18
SRD step 1800: evaluated 27 candidates, 0 promising, accepted 0
  Total patches: 17, total adds: 31, total deletes: 34
  step 1800/2000: loss=0.117947, patches=17
SRD step 1850: evaluated 27 candidates, 0 promising, accepted 0
  Total patches: 17, total adds: 31, total deletes: 34
  step 1850/2000: loss=0.109629, patches=17
SRD step 1900: evaluated 27 candidates, 0 promising, accepted 0
  Total patches: 17, total adds: 31, total deletes: 34
  step 1900/2000: loss=0.104155, patches=17
SRD step 1950: evaluated 27 candidates, 0 promising, accepted 0
  Total patches: 17, total adds: 31, total deletes: 34
  step 1950/2000: loss=0.097806, patches=17
SRD step 2000: evaluated 27 candidates, 0 promising, accepted 0
  Total patches: 17, total adds: 31, total deletes: 34
  step 2000/2000: loss=0.098573, patches=17
[SRD rewrite] deleted patch=0, position=(2.260, -0.871, 0.961), reason=final deletion pass improved loss
[SRD rewrite] deleted patch=7, position=(0.113, -3.010, -2.121), reason=final deletion pass improved loss
[Trial 1] done: loss=0.085265, time=6907.7s
[Trial 2/3] seed=1
[SRD rewrite] split patch=4, children=19,20, improvement=0.020049
[SRD rewrite] added patch=21, position=(0.801, -0.636, 0.923), improvement=0.014322
[SRD rewrite] added patch=22, position=(0.503, -0.039, 0.600), improvement=0.014315
SRD step 50: evaluated 27 candidates, 27 promising, accepted 3
  Accepted SplitPatch(4) at patch 4, improvement=0.020049
  Accepted AddPatch at patch 21, improvement=0.014322
  Accepted AddPatch at patch 22, improvement=0.014315
  Total patches: 23, total adds: 3, total deletes: 0
  step 50/2000: loss=0.279643, patches=20
[SRD rewrite] deleted patch=22, position=(0.641, 0.090, 0.744), reason=Area 0.005562 below minimum 0.01
[SRD rewrite] deleted patch=20, position=(-0.694, -0.074, 0.314), reason=Area 0.003699 below minimum 0.01
[SRD rewrite] deleted patch=19, position=(-0.632, -0.247, 0.151), reason=Area 0.000711 below minimum 0.01
[SRD rewrite] added patch=20, position=(0.704, 0.127, 0.539), improvement=0.004558
[SRD rewrite] restored patch=21, position=(0.641, 0.090, 0.744), improvement=0.004362
[SRD rewrite] added patch=22, position=(0.563, 0.143, -0.084), improvement=0.004221
SRD step 100: evaluated 27 candidates, 23 promising, accepted 6
  Accepted AddPatch at patch 20, improvement=0.004558
  Accepted RestorePatch(1) at patch 21, improvement=0.004362
  Accepted AddPatch at patch 22, improvement=0.004221
  Mandatory DeletePatch(19) at patch 19, reason=Area 0.000711 below minimum 0.01
  Mandatory DeletePatch(20) at patch 20, reason=Area 0.003699 below minimum 0.01
  Mandatory DeletePatch(22) at patch 22, reason=Area 0.005562 below minimum 0.01
  Total patches: 23, total adds: 6, total deletes: 3
  step 100/2000: loss=0.178196, patches=23
[SRD rewrite] deleted patch=22, position=(0.470, 0.222, -0.028), reason=Area 0.001595 below minimum 0.01
[SRD rewrite] deleted patch=21, position=(0.766, 0.237, 0.833), reason=Area 0.000233 below minimum 0.01
[SRD rewrite] deleted patch=20, position=(0.812, 0.220, 0.380), reason=Area 0.000329 below minimum 0.01
SRD step 150: evaluated 27 candidates, 0 promising, accepted 3
  Mandatory DeletePatch(20) at patch 20, reason=Area 0.000329 below minimum 0.01
  Mandatory DeletePatch(21) at patch 21, reason=Area 0.000233 below minimum 0.01
  Mandatory DeletePatch(22) at patch 22, reason=Area 0.001595 below minimum 0.01
  Total patches: 20, total adds: 6, total deletes: 6
  step 150/2000: loss=0.137727, patches=23
[SRD rewrite] deleted patch=14, position=(-0.019, 0.525, 0.753), reason=Area 0.009738 below minimum 0.01
[SRD rewrite] deleted patch=5, position=(0.049, 0.809, -0.138), reason=Area 0.007180 below minimum 0.01
[SRD rewrite] added patch=18, position=(0.364, 0.658, -0.410), improvement=0.000401
[SRD rewrite] added patch=19, position=(0.323, 0.718, -0.401), improvement=0.000199
SRD step 200: evaluated 27 candidates, 2 promising, accepted 4
  Accepted AddPatch at patch 18, improvement=0.000401
  Accepted AddPatch at patch 19, improvement=0.000199
  Mandatory DeletePatch(5) at patch 5, reason=Area 0.007180 below minimum 0.01
  Mandatory DeletePatch(14) at patch 14, reason=Area 0.009738 below minimum 0.01
  Total patches: 20, total adds: 8, total deletes: 8
  step 200/2000: loss=0.119961, patches=20
[SRD rewrite] deleted patch=19, position=(0.199, 0.741, -0.316), reason=Area 0.001648 below minimum 0.01
[SRD rewrite] deleted patch=13, position=(0.793, 0.214, 0.139), reason=Area 0.003562 below minimum 0.01
SRD step 250: evaluated 27 candidates, 0 promising, accepted 2
  Mandatory DeletePatch(13) at patch 13, reason=Area 0.003562 below minimum 0.01
  Mandatory DeletePatch(19) at patch 19, reason=Area 0.001648 below minimum 0.01
  Total patches: 18, total adds: 8, total deletes: 10
  step 250/2000: loss=0.101518, patches=20
[SRD rewrite] deleted patch=16, position=(0.784, -0.746, 0.618), reason=Area 0.009025 below minimum 0.01
[SRD rewrite] deleted patch=3, position=(0.172, 0.128, -0.085), reason=Area 0.002935 below minimum 0.01
[SRD rewrite] deleted patch=5, position=(0.020, -1.094, -0.891), reason=delete has no image effect
SRD step 300: evaluated 27 candidates, 0 promising, accepted 3
  Mandatory DeletePatch(3) at patch 3, reason=Area 0.002935 below minimum 0.01
  Mandatory DeletePatch(16) at patch 16, reason=Area 0.009025 below minimum 0.01
  Mandatory DeletePatch(5) at patch 5, reason=delete has no image effect
  Total patches: 15, total adds: 8, total deletes: 13
  step 300/2000: loss=0.095270, patches=18
[SRD rewrite] added patch=15, position=(1.033, -0.345, 0.623), improvement=0.002516
[SRD rewrite] added patch=16, position=(0.098, 0.630, -0.349), improvement=0.001742
[SRD rewrite] added patch=17, position=(0.439, 0.519, -0.320), improvement=0.001668
SRD step 350: evaluated 27 candidates, 18 promising, accepted 3
  Accepted AddPatch at patch 15, improvement=0.002516
  Accepted AddPatch at patch 16, improvement=0.001742
  Accepted AddPatch at patch 17, improvement=0.001668
  Total patches: 18, total adds: 11, total deletes: 13
  step 350/2000: loss=0.092594, patches=15
[SRD rewrite] deleted patch=16, position=(-0.050, 0.554, -0.301), reason=Area 0.000796 below minimum 0.01
[SRD rewrite] deleted patch=15, position=(1.003, -0.349, 0.598), reason=Area 0.000554 below minimum 0.01
SRD step 400: evaluated 27 candidates, 0 promising, accepted 2
  Mandatory DeletePatch(15) at patch 15, reason=Area 0.000554 below minimum 0.01
  Mandatory DeletePatch(16) at patch 16, reason=Area 0.000796 below minimum 0.01
  Total patches: 16, total adds: 11, total deletes: 15
  step 400/2000: loss=0.081769, patches=18
[SRD rewrite] deleted patch=14, position=(0.488, 0.761, -0.217), reason=Area 0.008993 below minimum 0.01
SRD step 450: evaluated 27 candidates, 0 promising, accepted 1
  Mandatory DeletePatch(14) at patch 14, reason=Area 0.008993 below minimum 0.01
  Total patches: 15, total adds: 11, total deletes: 16
  step 450/2000: loss=0.079741, patches=16
[SRD rewrite] deleted patch=1, position=(0.129, -0.321, 1.173), reason=Area 0.005856 below minimum 0.01
SRD step 500: evaluated 27 candidates, 0 promising, accepted 1
  Mandatory DeletePatch(1) at patch 1, reason=Area 0.005856 below minimum 0.01
  Total patches: 14, total adds: 11, total deletes: 17
  step 500/2000: loss=0.080799, patches=15
[SRD rewrite] added patch=14, position=(0.403, 0.572, -0.440), improvement=0.000898
[SRD rewrite] added patch=15, position=(0.533, 0.441, -0.434), improvement=0.000148
SRD step 550: evaluated 27 candidates, 2 promising, accepted 2
  Accepted AddPatch at patch 14, improvement=0.000898
  Accepted AddPatch at patch 15, improvement=0.000148
  Total patches: 16, total adds: 13, total deletes: 17
  step 550/2000: loss=0.076854, patches=14
[SRD rewrite] deleted patch=15, position=(0.469, 0.478, -0.324), reason=Area 0.001306 below minimum 0.01
SRD step 600: evaluated 27 candidates, 0 promising, accepted 1
  Mandatory DeletePatch(15) at patch 15, reason=Area 0.001306 below minimum 0.01
  Total patches: 15, total adds: 13, total deletes: 18
  step 600/2000: loss=0.068066, patches=16
SRD step 650: evaluated 27 candidates, 0 promising, accepted 0
  Total patches: 15, total adds: 13, total deletes: 18
  step 650/2000: loss=0.069025, patches=15
SRD step 700: evaluated 27 candidates, 0 promising, accepted 0
  Total patches: 15, total adds: 13, total deletes: 18
  step 700/2000: loss=0.066606, patches=15
SRD step 750: evaluated 27 candidates, 0 promising, accepted 0
  Total patches: 15, total adds: 13, total deletes: 18
  step 750/2000: loss=0.064795, patches=15
SRD step 800: evaluated 27 candidates, 0 promising, accepted 0
  Total patches: 15, total adds: 13, total deletes: 18
  step 800/2000: loss=0.067779, patches=15
[SRD rewrite] added patch=15, position=(-0.504, 0.010, -0.762), improvement=0.000792
[SRD rewrite] restored patch=16, position=(1.003, -0.349, 0.598), improvement=0.000781
[SRD rewrite] restored patch=17, position=(0.784, -0.746, 0.618), improvement=0.000577
SRD step 850: evaluated 27 candidates, 7 promising, accepted 3
  Accepted AddPatch at patch 15, improvement=0.000792
  Accepted RestorePatch(14) at patch 16, improvement=0.000781
  Accepted RestorePatch(10) at patch 17, improvement=0.000577
  Total patches: 18, total adds: 16, total deletes: 18
  step 850/2000: loss=0.066268, patches=15
[SRD rewrite] deleted patch=17, position=(0.818, -0.688, 0.557), reason=Area 0.005272 below minimum 0.01
[SRD rewrite] deleted patch=16, position=(1.003, -0.349, 0.598), reason=Area 0.000554 below minimum 0.01
[SRD rewrite] deleted patch=15, position=(-0.504, 0.010, -0.762), reason=Area 0.009291 below minimum 0.01
SRD step 900: evaluated 27 candidates, 0 promising, accepted 3
  Mandatory DeletePatch(15) at patch 15, reason=Area 0.009291 below minimum 0.01
  Mandatory DeletePatch(16) at patch 16, reason=Area 0.000554 below minimum 0.01
  Mandatory DeletePatch(17) at patch 17, reason=Area 0.005272 below minimum 0.01
  Total patches: 15, total adds: 16, total deletes: 21
  step 900/2000: loss=0.063454, patches=18
SRD step 950: evaluated 27 candidates, 0 promising, accepted 0
  Total patches: 15, total adds: 16, total deletes: 21
  step 950/2000: loss=0.066224, patches=15
SRD step 1000: evaluated 27 candidates, 0 promising, accepted 0
  Total patches: 15, total adds: 16, total deletes: 21
  step 1000/2000: loss=0.067529, patches=15
SRD step 1050: evaluated 27 candidates, 0 promising, accepted 0
  Total patches: 15, total adds: 16, total deletes: 21
  step 1050/2000: loss=0.066962, patches=15
SRD step 1100: evaluated 27 candidates, 0 promising, accepted 0
  Total patches: 15, total adds: 16, total deletes: 21
  step 1100/2000: loss=0.067450, patches=15
SRD step 1150: evaluated 27 candidates, 0 promising, accepted 0
  Total patches: 15, total adds: 16, total deletes: 21
  step 1150/2000: loss=0.070749, patches=15
[SRD rewrite] added patch=15, position=(-0.394, -0.088, -0.371), improvement=0.000969
[SRD rewrite] added patch=16, position=(0.138, -0.684, 0.827), improvement=0.000209
[SRD rewrite] added patch=17, position=(1.101, -0.197, -0.480), improvement=0.000207
SRD step 1200: evaluated 27 candidates, 7 promising, accepted 3
  Accepted AddPatch at patch 15, improvement=0.000969
  Accepted AddPatch at patch 16, improvement=0.000209
  Accepted AddPatch at patch 17, improvement=0.000207
  Total patches: 18, total adds: 19, total deletes: 21
  step 1200/2000: loss=0.071148, patches=15
[SRD rewrite] deleted patch=17, position=(1.182, -0.320, -0.606), reason=Area 0.000701 below minimum 0.01
[SRD rewrite] deleted patch=16, position=(0.321, -0.538, 0.977), reason=Area 0.000328 below minimum 0.01
SRD step 1250: evaluated 27 candidates, 0 promising, accepted 2
  Mandatory DeletePatch(16) at patch 16, reason=Area 0.000328 below minimum 0.01
  Mandatory DeletePatch(17) at patch 17, reason=Area 0.000701 below minimum 0.01
  Total patches: 16, total adds: 19, total deletes: 23
  step 1250/2000: loss=0.066762, patches=18
SRD step 1300: evaluated 27 candidates, 0 promising, accepted 0
  Total patches: 16, total adds: 19, total deletes: 23
  step 1300/2000: loss=0.069455, patches=16
SRD step 1350: evaluated 27 candidates, 0 promising, accepted 0
  Total patches: 16, total adds: 19, total deletes: 23
  step 1350/2000: loss=0.068607, patches=16
SRD step 1400: evaluated 27 candidates, 0 promising, accepted 0
  Total patches: 16, total adds: 19, total deletes: 23
  step 1400/2000: loss=0.070115, patches=16
[SRD rewrite] deleted patch=13, position=(0.315, 1.438, -0.555), reason=Area 0.006098 below minimum 0.01
SRD step 1450: evaluated 27 candidates, 0 promising, accepted 1
  Mandatory DeletePatch(13) at patch 13, reason=Area 0.006098 below minimum 0.01
  Total patches: 15, total adds: 19, total deletes: 24
  step 1450/2000: loss=0.068559, patches=16
SRD step 1500: evaluated 27 candidates, 0 promising, accepted 0
  Total patches: 15, total adds: 19, total deletes: 24
  step 1500/2000: loss=0.063808, patches=15
SRD step 1550: evaluated 27 candidates, 0 promising, accepted 0
  Total patches: 15, total adds: 19, total deletes: 24
  step 1550/2000: loss=0.062518, patches=15
SRD step 1600: evaluated 27 candidates, 0 promising, accepted 0
  Total patches: 15, total adds: 19, total deletes: 24
  step 1600/2000: loss=0.062289, patches=15
[SRD rewrite] deleted patch=7, position=(-0.020, 0.663, 0.136), reason=Area 0.009325 below minimum 0.01
SRD step 1650: evaluated 27 candidates, 0 promising, accepted 1
  Mandatory DeletePatch(7) at patch 7, reason=Area 0.009325 below minimum 0.01
  Total patches: 14, total adds: 19, total deletes: 25
  step 1650/2000: loss=0.062194, patches=15
SRD step 1700: evaluated 27 candidates, 0 promising, accepted 0
  Total patches: 14, total adds: 19, total deletes: 25
  step 1700/2000: loss=0.067370, patches=14
SRD step 1750: evaluated 27 candidates, 0 promising, accepted 0
  Total patches: 14, total adds: 19, total deletes: 25
  step 1750/2000: loss=0.067941, patches=14
SRD step 1800: evaluated 27 candidates, 0 promising, accepted 0
  Total patches: 14, total adds: 19, total deletes: 25
  step 1800/2000: loss=0.065905, patches=14
SRD step 1850: evaluated 27 candidates, 0 promising, accepted 0
  Total patches: 14, total adds: 19, total deletes: 25
  step 1850/2000: loss=0.065157, patches=14
SRD step 1900: evaluated 27 candidates, 0 promising, accepted 0
  Total patches: 14, total adds: 19, total deletes: 25
  step 1900/2000: loss=0.071726, patches=14
SRD step 1950: evaluated 27 candidates, 0 promising, accepted 0
  Total patches: 14, total adds: 19, total deletes: 25
  step 1950/2000: loss=0.077470, patches=14
SRD step 2000: evaluated 27 candidates, 0 promising, accepted 0
  Total patches: 14, total adds: 19, total deletes: 25
  step 2000/2000: loss=0.080243, patches=14
[Trial 2] done: loss=0.079641, time=6239.9s
[Trial 3/3] seed=2
[SRD rewrite] split patch=4, children=19,20, improvement=0.019103
[SRD rewrite] added patch=21, position=(0.370, -0.547, 0.883), improvement=0.017094
[SRD rewrite] added patch=22, position=(0.471, -0.727, 0.836), improvement=0.016561
SRD step 50: evaluated 27 candidates, 27 promising, accepted 3
  Accepted SplitPatch(4) at patch 4, improvement=0.019103
  Accepted AddPatch at patch 21, improvement=0.017094
  Accepted AddPatch at patch 22, improvement=0.016561
  Total patches: 23, total adds: 3, total deletes: 0
  step 50/2000: loss=0.397891, patches=20
[SRD rewrite] deleted patch=20, position=(0.074, -1.144, -1.353), reason=Area 0.002291 below minimum 0.01
[SRD rewrite] deleted patch=19, position=(-0.146, -1.143, -1.428), reason=Area 0.007117 below minimum 0.01
[SRD rewrite] split patch=16, children=20,21, improvement=0.013963
[SRD rewrite] added patch=22, position=(0.417, -0.156, 0.666), improvement=0.008308
[SRD rewrite] added patch=23, position=(0.594, -0.083, 0.754), improvement=0.008169
SRD step 100: evaluated 27 candidates, 19 promising, accepted 5
  Accepted SplitPatch(16) at patch 16, improvement=0.013963
  Accepted AddPatch at patch 22, improvement=0.008308
  Accepted AddPatch at patch 23, improvement=0.008169
  Mandatory DeletePatch(19) at patch 19, reason=Area 0.007117 below minimum 0.01
  Mandatory DeletePatch(20) at patch 20, reason=Area 0.002291 below minimum 0.01
  Total patches: 24, total adds: 6, total deletes: 2
  step 100/2000: loss=0.266347, patches=23
[SRD rewrite] deleted patch=23, position=(0.724, -0.072, 0.799), reason=Area 0.007383 below minimum 0.01
[SRD rewrite] deleted patch=21, position=(0.365, -1.689, -0.947), reason=Area 0.003155 below minimum 0.01
[SRD rewrite] added patch=22, position=(0.437, -0.262, 0.576), improvement=0.011492
[SRD rewrite] added patch=23, position=(0.623, -0.269, 0.518), improvement=0.010644
SRD step 150: evaluated 27 candidates, 24 promising, accepted 5
  Accepted AddPatch at patch 22, improvement=0.011492
  Accepted AddPatch at patch 23, improvement=0.010644
  Accepted SplitPatch(2) at patch 2, improvement=0.009913
  Mandatory DeletePatch(21) at patch 21, reason=Area 0.003155 below minimum 0.01
  Mandatory DeletePatch(23) at patch 23, reason=Area 0.007383 below minimum 0.01
  Total patches: 24, total adds: 8, total deletes: 4
  step 150/2000: loss=0.175824, patches=24
[SRD rewrite] deleted patch=23, position=(0.494, -0.137, 0.569), reason=Area 0.000959 below minimum 0.01
[SRD rewrite] deleted patch=22, position=(0.339, -0.161, 0.628), reason=Area 0.000345 below minimum 0.01
[SRD rewrite] deleted patch=20, position=(0.230, -1.416, -0.846), reason=Area 0.009388 below minimum 0.01
[SRD rewrite] deleted patch=15, position=(-0.497, -0.304, 1.236), reason=Area 0.003602 below minimum 0.01
[SRD rewrite] deleted patch=15, position=(-0.181, -1.039, 0.934), reason=delete has no image effect
SRD step 200: evaluated 27 candidates, 0 promising, accepted 5
  Mandatory DeletePatch(15) at patch 15, reason=Area 0.003602 below minimum 0.01
  Mandatory DeletePatch(20) at patch 20, reason=Area 0.009388 below minimum 0.01
  Mandatory DeletePatch(22) at patch 22, reason=Area 0.000345 below minimum 0.01
  Mandatory DeletePatch(23) at patch 23, reason=Area 0.000959 below minimum 0.01
  Mandatory DeletePatch(15) at patch 15, reason=delete has no image effect
  Total patches: 19, total adds: 8, total deletes: 9
  step 200/2000: loss=0.142154, patches=24
[SRD rewrite] deleted patch=16, position=(0.042, -0.358, 1.122), reason=Area 0.009795 below minimum 0.01
[SRD rewrite] added patch=18, position=(0.630, -0.685, -0.974), improvement=0.001235
[SRD rewrite] added patch=19, position=(1.177, -0.964, -0.646), improvement=0.000992
[SRD rewrite] added patch=20, position=(0.110, 0.592, -0.475), improvement=0.000913
SRD step 250: evaluated 27 candidates, 7 promising, accepted 4
  Accepted AddPatch at patch 18, improvement=0.001235
  Accepted AddPatch at patch 19, improvement=0.000992
  Accepted AddPatch at patch 20, improvement=0.000913
  Mandatory DeletePatch(16) at patch 16, reason=Area 0.009795 below minimum 0.01
  Total patches: 21, total adds: 11, total deletes: 10
  step 250/2000: loss=0.136962, patches=19
[SRD rewrite] deleted patch=20, position=(-0.044, 0.719, -0.417), reason=Area 0.000932 below minimum 0.01
[SRD rewrite] deleted patch=19, position=(1.177, -0.964, -0.646), reason=Area 0.009291 below minimum 0.01
[SRD rewrite] deleted patch=18, position=(0.671, -0.598, -0.927), reason=Area 0.004746 below minimum 0.01
SRD step 300: evaluated 27 candidates, 0 promising, accepted 3
  Mandatory DeletePatch(18) at patch 18, reason=Area 0.004746 below minimum 0.01
  Mandatory DeletePatch(19) at patch 19, reason=Area 0.009291 below minimum 0.01
  Mandatory DeletePatch(20) at patch 20, reason=Area 0.000932 below minimum 0.01
  Total patches: 18, total adds: 11, total deletes: 13
  step 300/2000: loss=0.134742, patches=21
SRD step 350: evaluated 27 candidates, 0 promising, accepted 0
  Total patches: 18, total adds: 11, total deletes: 13
  step 350/2000: loss=0.132629, patches=18
[SRD rewrite] deleted patch=8, position=(1.673, -1.124, -1.700), reason=Area 0.009399 below minimum 0.01
[SRD rewrite] deleted patch=1, position=(-0.375, -0.143, 1.209), reason=Area 0.002511 below minimum 0.01
[SRD rewrite] added patch=16, position=(0.892, -0.115, 0.774), improvement=0.004117
[SRD rewrite] restored patch=17, position=(1.177, -0.964, -0.646), improvement=0.003878
[SRD rewrite] added patch=18, position=(0.285, -0.099, 0.780), improvement=0.003730
SRD step 400: evaluated 27 candidates, 17 promising, accepted 5
  Accepted AddPatch at patch 16, improvement=0.004117
  Accepted RestorePatch(13) at patch 17, improvement=0.003878
  Accepted AddPatch at patch 18, improvement=0.003730
  Mandatory DeletePatch(1) at patch 1, reason=Area 0.002511 below minimum 0.01
  Mandatory DeletePatch(8) at patch 8, reason=Area 0.009399 below minimum 0.01
  Total patches: 19, total adds: 14, total deletes: 15
  step 400/2000: loss=0.137619, patches=18
[SRD rewrite] deleted patch=18, position=(0.308, -0.109, 0.805), reason=Area 0.000333 below minimum 0.01
[SRD rewrite] deleted patch=17, position=(1.177, -0.964, -0.646), reason=Area 0.009291 below minimum 0.01
[SRD rewrite] deleted patch=16, position=(0.871, -0.103, 0.804), reason=Area 0.002088 below minimum 0.01
[SRD rewrite] deleted patch=2, position=(0.954, -0.054, 1.499), reason=Area 0.007672 below minimum 0.01
[SRD rewrite] added patch=15, position=(1.070, -0.157, -0.584), improvement=0.000644
[SRD rewrite] added patch=16, position=(1.097, -0.148, -0.610), improvement=0.000541
[SRD rewrite] added patch=17, position=(1.132, -0.319, -0.591), improvement=0.000439
SRD step 450: evaluated 27 candidates, 5 promising, accepted 7
  Accepted AddPatch at patch 15, improvement=0.000644
  Accepted AddPatch at patch 16, improvement=0.000541
  Accepted AddPatch at patch 17, improvement=0.000439
  Mandatory DeletePatch(2) at patch 2, reason=Area 0.007672 below minimum 0.01
  Mandatory DeletePatch(16) at patch 16, reason=Area 0.002088 below minimum 0.01
  Mandatory DeletePatch(17) at patch 17, reason=Area 0.009291 below minimum 0.01
  Mandatory DeletePatch(18) at patch 18, reason=Area 0.000333 below minimum 0.01
  Total patches: 18, total adds: 17, total deletes: 19
  step 450/2000: loss=0.139783, patches=19
[SRD rewrite] deleted patch=16, position=(1.094, -0.101, -0.706), reason=Area 0.001189 below minimum 0.01
SRD step 500: evaluated 27 candidates, 0 promising, accepted 1
  Mandatory DeletePatch(16) at patch 16, reason=Area 0.001189 below minimum 0.01
  Total patches: 17, total adds: 17, total deletes: 20
  step 500/2000: loss=0.146089, patches=18
[SRD rewrite] added patch=17, position=(0.971, -0.380, 0.860), improvement=0.001127
[SRD rewrite] restored patch=18, position=(0.042, -0.358, 1.122), improvement=0.000820
[SRD rewrite] added patch=19, position=(-0.083, 0.218, 0.605), improvement=0.000535
SRD step 550: evaluated 27 candidates, 7 promising, accepted 3
  Accepted AddPatch at patch 17, improvement=0.001127
  Accepted RestorePatch(11) at patch 18, improvement=0.000820
  Accepted AddPatch at patch 19, improvement=0.000535
  Total patches: 20, total adds: 20, total deletes: 20
  step 550/2000: loss=0.140581, patches=17
[SRD rewrite] deleted patch=18, position=(0.038, -0.340, 1.132), reason=Area 0.004061 below minimum 0.01
[SRD rewrite] deleted patch=17, position=(0.963, -0.374, 0.810), reason=Area 0.002348 below minimum 0.01
SRD step 600: evaluated 27 candidates, 0 promising, accepted 2
  Mandatory DeletePatch(17) at patch 17, reason=Area 0.002348 below minimum 0.01
  Mandatory DeletePatch(18) at patch 18, reason=Area 0.004061 below minimum 0.01
  Total patches: 18, total adds: 20, total deletes: 22
  step 600/2000: loss=0.125106, patches=20
SRD step 650: evaluated 27 candidates, 0 promising, accepted 0
  Total patches: 18, total adds: 20, total deletes: 22
  step 650/2000: loss=0.121165, patches=18
[SRD rewrite] added patch=18, position=(1.158, -0.362, -0.190), improvement=0.000794
[SRD rewrite] restored patch=19, position=(0.963, -0.374, 0.810), improvement=0.000453
[SRD rewrite] restored patch=20, position=(-0.044, 0.719, -0.417), improvement=0.000254
SRD step 700: evaluated 27 candidates, 15 promising, accepted 3
  Accepted AddPatch at patch 18, improvement=0.000794
  Accepted RestorePatch(21) at patch 19, improvement=0.000453
  Accepted RestorePatch(11) at patch 20, improvement=0.000254
  Total patches: 21, total adds: 23, total deletes: 22
  step 700/2000: loss=0.122560, patches=18
[SRD rewrite] deleted patch=20, position=(-0.166, 0.713, -0.399), reason=Area 0.000932 below minimum 0.01
[SRD rewrite] deleted patch=19, position=(1.016, -0.370, 0.790), reason=Area 0.000946 below minimum 0.01
[SRD rewrite] added patch=19, position=(-0.311, -0.925, 0.586), improvement=0.000357
[SRD rewrite] added patch=20, position=(1.109, -1.049, -0.590), improvement=0.000232
SRD step 750: evaluated 27 candidates, 2 promising, accepted 4
  Accepted AddPatch at patch 19, improvement=0.000357
  Accepted AddPatch at patch 20, improvement=0.000232
  Mandatory DeletePatch(19) at patch 19, reason=Area 0.000946 below minimum 0.01
  Mandatory DeletePatch(20) at patch 20, reason=Area 0.000932 below minimum 0.01
  Total patches: 21, total adds: 25, total deletes: 24
  step 750/2000: loss=0.108933, patches=21
[SRD rewrite] deleted patch=20, position=(1.109, -1.049, -0.590), reason=Area 0.009291 below minimum 0.01
SRD step 800: evaluated 27 candidates, 0 promising, accepted 1
  Mandatory DeletePatch(20) at patch 20, reason=Area 0.009291 below minimum 0.01
  Total patches: 20, total adds: 25, total deletes: 25
  step 800/2000: loss=0.089268, patches=21
[SRD rewrite] deleted patch=19, position=(-0.345, -0.824, 0.802), reason=Area 0.007686 below minimum 0.01
[SRD rewrite] deleted patch=14, position=(0.165, 0.198, 0.888), reason=Area 0.005452 below minimum 0.01
[SRD rewrite] deleted patch=9, position=(1.958, -1.742, 1.715), reason=no image contribution, delete has no image effect
SRD step 850: evaluated 27 candidates, 0 promising, accepted 3
  Mandatory DeletePatch(14) at patch 14, reason=Area 0.005452 below minimum 0.01
  Mandatory DeletePatch(19) at patch 19, reason=Area 0.007686 below minimum 0.01
  Mandatory DeletePatch(9) at patch 9, reason=no image contribution, delete has no image effect
  Total patches: 17, total adds: 25, total deletes: 28
  step 850/2000: loss=0.080552, patches=20
SRD step 900: evaluated 27 candidates, 0 promising, accepted 0
  Total patches: 17, total adds: 25, total deletes: 28
  step 900/2000: loss=0.082237, patches=17
SRD step 950: evaluated 27 candidates, 0 promising, accepted 0
  Total patches: 17, total adds: 25, total deletes: 28
  step 950/2000: loss=0.083610, patches=17
SRD step 1000: evaluated 27 candidates, 0 promising, accepted 0
  Total patches: 17, total adds: 25, total deletes: 28
  step 1000/2000: loss=0.082078, patches=17
SRD step 1050: evaluated 27 candidates, 0 promising, accepted 0
  Total patches: 17, total adds: 25, total deletes: 28
  step 1050/2000: loss=0.082712, patches=17
SRD step 1100: evaluated 27 candidates, 0 promising, accepted 0
  Total patches: 17, total adds: 25, total deletes: 28
  step 1100/2000: loss=0.083640, patches=17
SRD step 1150: evaluated 27 candidates, 0 promising, accepted 0
  Total patches: 17, total adds: 25, total deletes: 28
  step 1150/2000: loss=0.083642, patches=17
SRD step 1200: evaluated 27 candidates, 0 promising, accepted 0
  Total patches: 17, total adds: 25, total deletes: 28
  step 1200/2000: loss=0.082969, patches=17
SRD step 1250: evaluated 27 candidates, 0 promising, accepted 0
  Total patches: 17, total adds: 25, total deletes: 28
  step 1250/2000: loss=0.083702, patches=17
SRD step 1300: evaluated 27 candidates, 0 promising, accepted 0
  Total patches: 17, total adds: 25, total deletes: 28
  step 1300/2000: loss=0.083109, patches=17
SRD step 1350: evaluated 27 candidates, 0 promising, accepted 0
  Total patches: 17, total adds: 25, total deletes: 28
  step 1350/2000: loss=0.085362, patches=17
SRD step 1400: evaluated 27 candidates, 0 promising, accepted 0
  Total patches: 17, total adds: 25, total deletes: 28
  step 1400/2000: loss=0.084751, patches=17
SRD step 1450: evaluated 27 candidates, 0 promising, accepted 0
  Total patches: 17, total adds: 25, total deletes: 28
  step 1450/2000: loss=0.086487, patches=17
SRD step 1500: evaluated 27 candidates, 0 promising, accepted 0
  Total patches: 17, total adds: 25, total deletes: 28
  step 1500/2000: loss=0.085000, patches=17
SRD step 1550: evaluated 27 candidates, 0 promising, accepted 0
  Total patches: 17, total adds: 25, total deletes: 28
  step 1550/2000: loss=0.087228, patches=17
SRD step 1600: evaluated 27 candidates, 0 promising, accepted 0
  Total patches: 17, total adds: 25, total deletes: 28
  step 1600/2000: loss=0.086183, patches=17
SRD step 1650: evaluated 27 candidates, 0 promising, accepted 0
  Total patches: 17, total adds: 25, total deletes: 28
  step 1650/2000: loss=0.084561, patches=17
SRD step 1700: evaluated 27 candidates, 0 promising, accepted 0
  Total patches: 17, total adds: 25, total deletes: 28
  step 1700/2000: loss=0.085197, patches=17
SRD step 1750: evaluated 27 candidates, 0 promising, accepted 0
  Total patches: 17, total adds: 25, total deletes: 28
  step 1750/2000: loss=0.083664, patches=17
SRD step 1800: evaluated 27 candidates, 0 promising, accepted 0
  Total patches: 17, total adds: 25, total deletes: 28
  step 1800/2000: loss=0.083783, patches=17
SRD step 1850: evaluated 27 candidates, 0 promising, accepted 0
  Total patches: 17, total adds: 25, total deletes: 28
  step 1850/2000: loss=0.085051, patches=17
SRD step 1900: evaluated 27 candidates, 0 promising, accepted 0
  Total patches: 17, total adds: 25, total deletes: 28
  step 1900/2000: loss=0.086828, patches=17
SRD step 1950: evaluated 27 candidates, 0 promising, accepted 0
  Total patches: 17, total adds: 25, total deletes: 28
  step 1950/2000: loss=0.083979, patches=17
SRD step 2000: evaluated 27 candidates, 0 promising, accepted 0
  Total patches: 17, total adds: 25, total deletes: 28
  step 2000/2000: loss=0.085900, patches=17
[SRD rewrite] deleted patch=10, position=(-1.794, -0.805, 1.927), reason=final deletion pass improved loss
[SRD rewrite] deleted patch=10, position=(-2.057, 0.337, 0.801), reason=final deletion pass improved loss
[Trial 3] done: loss=0.078305, time=7023.0s
[Run] report written to results/slurm/20260717_1249/ablation_water_fire_full/output.txt
