## SLURM PROLOG ###############################################################
##    Job ID : 4080009
##  Job Name : 20260718_0340_patchsize_horse_circle_20
##  Nodelist : gpu2254
##      CPUs : 
##  Mem/Node : 128000 MB
## Directory : /oscar/home/cjmok/automated-perspective-sculptor
##   Job Started : Sat Jul 18 04:39:15 AM EDT 2026
###############################################################################
[Swept volume] building (resolution=256)...
[Run] mode=full, trials=3, seeds=[0, 1, 2], steps=1000, srd=True, ablation_flags={'disable_swept_volume_adds': False, 'loss_only_deletion': False, 'disable_splitting': False}
[Trial 1/3] seed=0
[Patch] mapbox-earcut is not installed; falling back to fan fill, so non-convex pieces will render incorrectly. Install it with: pip install mapbox-earcut
[SRD rewrite] split patch=8, children=19,20, improvement=0.031908
[SRD rewrite] added patch=21, position=(-0.849, 0.062, -0.091), improvement=0.031777
[SRD rewrite] added patch=22, position=(0.753, 0.210, -0.081), improvement=0.031694
SRD step 50: evaluated 27 candidates, 27 promising, accepted 3
  Accepted SplitPatch(8) at patch 8, improvement=0.031908
  Accepted AddPatch at patch 21, improvement=0.031777
  Accepted AddPatch at patch 22, improvement=0.031694
  Total patches: 23, total adds: 3, total deletes: 0
  step 50/1000: loss=0.676119, patches=20
[SRD rewrite] deleted patch=20, position=(0.858, 0.085, -1.853), reason=Area 0.003114 below minimum 0.01
[SRD rewrite] deleted patch=19, position=(0.701, 0.017, -1.782), reason=Area 0.000841 below minimum 0.01
[SRD rewrite] added patch=21, position=(1.081, 0.374, -1.269), improvement=0.017646
[SRD rewrite] added patch=22, position=(-0.718, -0.111, -0.247), improvement=0.017231
SRD step 100: evaluated 27 candidates, 25 promising, accepted 5
  Accepted AddPatch at patch 21, improvement=0.017646
  Accepted AddPatch at patch 22, improvement=0.017231
  Accepted SplitPatch(7) at patch 7, improvement=0.016879
  Mandatory DeletePatch(19) at patch 19, reason=Area 0.000841 below minimum 0.01
  Mandatory DeletePatch(20) at patch 20, reason=Area 0.003114 below minimum 0.01
  Total patches: 23, total adds: 5, total deletes: 2
  step 100/1000: loss=0.447241, patches=23
[SRD rewrite] deleted patch=22, position=(-0.819, -0.174, -0.181), reason=Area 0.002445 below minimum 0.01
[SRD rewrite] deleted patch=19, position=(-0.751, 0.204, -0.101), reason=Area 0.002772 below minimum 0.01
[SRD rewrite] deleted patch=4, position=(-2.093, -0.324, -1.479), reason=delete has no image effect
[SRD rewrite] added patch=20, position=(1.250, -0.075, -0.344), improvement=0.001782
[SRD rewrite] added patch=21, position=(0.582, 0.390, -1.380), improvement=0.001493
[SRD rewrite] added patch=22, position=(-1.586, 0.421, -1.208), improvement=0.001139
SRD step 150: evaluated 27 candidates, 20 promising, accepted 6
  Accepted AddPatch at patch 20, improvement=0.001782
  Accepted AddPatch at patch 21, improvement=0.001493
  Accepted AddPatch at patch 22, improvement=0.001139
  Mandatory DeletePatch(19) at patch 19, reason=Area 0.002772 below minimum 0.01
  Mandatory DeletePatch(22) at patch 22, reason=Area 0.002445 below minimum 0.01
  Mandatory DeletePatch(4) at patch 4, reason=delete has no image effect
  Total patches: 23, total adds: 8, total deletes: 5
  step 150/1000: loss=0.346713, patches=23
[SRD rewrite] deleted patch=22, position=(-1.586, 0.421, -1.208), reason=Area 0.009291 below minimum 0.01
[SRD rewrite] deleted patch=2, position=(0.474, -0.288, -1.276), reason=delete has no image effect
[SRD rewrite] added patch=21, position=(-1.144, 0.502, -1.692), improvement=0.003159
[SRD rewrite] restored patch=22, position=(-0.751, 0.204, -0.101), improvement=0.002722
[SRD rewrite] restored patch=23, position=(0.474, -0.288, -1.276), improvement=0.002612
SRD step 200: evaluated 27 candidates, 24 promising, accepted 5
  Accepted AddPatch at patch 21, improvement=0.003159
  Accepted RestorePatch(4) at patch 22, improvement=0.002722
  Accepted RestorePatch(7) at patch 23, improvement=0.002612
  Mandatory DeletePatch(22) at patch 22, reason=Area 0.009291 below minimum 0.01
  Mandatory DeletePatch(2) at patch 2, reason=delete has no image effect
  Total patches: 24, total adds: 11, total deletes: 7
  step 200/1000: loss=0.311216, patches=23
[SRD rewrite] deleted patch=22, position=(-0.621, 0.331, -0.225), reason=Area 0.000336 below minimum 0.01
[SRD rewrite] deleted patch=21, position=(-1.221, 0.604, -1.608), reason=Area 0.003552 below minimum 0.01
[SRD rewrite] deleted patch=21, position=(0.474, -0.288, -1.276), reason=delete has no image effect
SRD step 250: evaluated 27 candidates, 0 promising, accepted 3
  Mandatory DeletePatch(21) at patch 21, reason=Area 0.003552 below minimum 0.01
  Mandatory DeletePatch(22) at patch 22, reason=Area 0.000336 below minimum 0.01
  Mandatory DeletePatch(21) at patch 21, reason=delete has no image effect
  Total patches: 21, total adds: 11, total deletes: 10
  step 250/1000: loss=0.280924, patches=24
[SRD rewrite] split patch=9, children=20,21, improvement=0.001414
[SRD rewrite] added patch=22, position=(1.365, 0.909, 1.787), improvement=0.001049
[SRD rewrite] added patch=23, position=(0.947, 0.659, -0.234), improvement=0.000964
SRD step 300: evaluated 27 candidates, 9 promising, accepted 3
  Accepted SplitPatch(9) at patch 9, improvement=0.001414
  Accepted AddPatch at patch 22, improvement=0.001049
  Accepted AddPatch at patch 23, improvement=0.000964
  Total patches: 24, total adds: 14, total deletes: 10
  step 300/1000: loss=0.270031, patches=21
[SRD rewrite] deleted patch=23, position=(0.785, 0.526, -0.227), reason=Area 0.000227 below minimum 0.01
[SRD rewrite] deleted patch=21, position=(2.429, 0.529, -0.524), reason=Area 0.001838 below minimum 0.01
[SRD rewrite] deleted patch=20, position=(2.462, 0.417, -0.456), reason=Area 0.000796 below minimum 0.01
[SRD rewrite] added patch=21, position=(1.559, 0.881, 0.826), improvement=0.002197
[SRD rewrite] restored patch=22, position=(-0.819, -0.174, -0.181), improvement=0.001351
[SRD rewrite] restored patch=23, position=(-2.093, -0.324, -1.479), improvement=0.001115
SRD step 350: evaluated 27 candidates, 17 promising, accepted 6
  Accepted AddPatch at patch 21, improvement=0.002197
  Accepted RestorePatch(3) at patch 22, improvement=0.001351
  Accepted RestorePatch(4) at patch 23, improvement=0.001115
  Mandatory DeletePatch(20) at patch 20, reason=Area 0.000796 below minimum 0.01
  Mandatory DeletePatch(21) at patch 21, reason=Area 0.001838 below minimum 0.01
  Mandatory DeletePatch(23) at patch 23, reason=Area 0.000227 below minimum 0.01
  Total patches: 24, total adds: 17, total deletes: 13
  step 350/1000: loss=0.250930, patches=24
[SRD rewrite] deleted patch=22, position=(-0.675, 0.001, -0.196), reason=Area 0.000208 below minimum 0.01
[SRD rewrite] deleted patch=20, position=(1.121, 0.934, 1.552), reason=Area 0.006510 below minimum 0.01
[SRD rewrite] deleted patch=21, position=(-1.988, -0.223, -1.581), reason=delete has no image effect
[SRD rewrite] added patch=21, position=(-2.028, 0.064, -0.420), improvement=0.000321
SRD step 400: evaluated 27 candidates, 1 promising, accepted 4
  Accepted AddPatch at patch 21, improvement=0.000321
  Mandatory DeletePatch(20) at patch 20, reason=Area 0.006510 below minimum 0.01
  Mandatory DeletePatch(22) at patch 22, reason=Area 0.000208 below minimum 0.01
  Mandatory DeletePatch(21) at patch 21, reason=delete has no image effect
  Total patches: 22, total adds: 18, total deletes: 16
  step 400/1000: loss=0.225431, patches=24
SRD step 450: evaluated 27 candidates, 0 promising, accepted 0
  Total patches: 22, total adds: 18, total deletes: 16
  step 450/1000: loss=0.198895, patches=22
[SRD rewrite] deleted patch=16, position=(0.768, 0.222, -0.074), reason=Area 0.009035 below minimum 0.01
SRD step 500: evaluated 27 candidates, 0 promising, accepted 1
  Mandatory DeletePatch(16) at patch 16, reason=Area 0.009035 below minimum 0.01
  Total patches: 21, total adds: 18, total deletes: 17
  step 500/1000: loss=0.189450, patches=22
[SRD rewrite] deleted patch=5, position=(0.786, 1.119, 0.809), reason=Area 0.006898 below minimum 0.01
[SRD rewrite] added patch=20, position=(1.711, 1.026, 0.416), improvement=0.000297
SRD step 550: evaluated 27 candidates, 1 promising, accepted 2
  Accepted AddPatch at patch 20, improvement=0.000297
  Mandatory DeletePatch(5) at patch 5, reason=Area 0.006898 below minimum 0.01
  Total patches: 21, total adds: 19, total deletes: 18
  step 550/1000: loss=0.174867, patches=21
[SRD rewrite] deleted patch=12, position=(-0.634, 0.874, -1.420), reason=Area 0.002541 below minimum 0.01
SRD step 600: evaluated 27 candidates, 0 promising, accepted 1
  Mandatory DeletePatch(12) at patch 12, reason=Area 0.002541 below minimum 0.01
  Total patches: 20, total adds: 19, total deletes: 19
  step 600/1000: loss=0.163823, patches=21
SRD step 650: evaluated 27 candidates, 0 promising, accepted 0
  Total patches: 20, total adds: 19, total deletes: 19
  step 650/1000: loss=0.158009, patches=20
[SRD rewrite] added patch=20, position=(-0.918, -0.342, 1.612), improvement=0.000731
SRD step 700: evaluated 27 candidates, 1 promising, accepted 1
  Accepted AddPatch at patch 20, improvement=0.000731
  Total patches: 21, total adds: 20, total deletes: 19
  step 700/1000: loss=0.156594, patches=20
SRD step 750: evaluated 27 candidates, 0 promising, accepted 0
  Total patches: 21, total adds: 20, total deletes: 19
  step 750/1000: loss=0.146946, patches=21
[SRD rewrite] deleted patch=4, position=(-0.237, 0.722, -0.376), reason=Area 0.008798 below minimum 0.01
SRD step 800: evaluated 27 candidates, 0 promising, accepted 1
  Mandatory DeletePatch(4) at patch 4, reason=Area 0.008798 below minimum 0.01
  Total patches: 20, total adds: 20, total deletes: 20
  step 800/1000: loss=0.141334, patches=21
SRD step 850: evaluated 27 candidates, 0 promising, accepted 0
  Total patches: 20, total adds: 20, total deletes: 20
  step 850/1000: loss=0.142245, patches=20
[SRD rewrite] deleted patch=5, position=(-1.015, 0.709, -0.126), reason=Area 0.007647 below minimum 0.01
SRD step 900: evaluated 27 candidates, 0 promising, accepted 1
  Mandatory DeletePatch(5) at patch 5, reason=Area 0.007647 below minimum 0.01
  Total patches: 19, total adds: 20, total deletes: 21
  step 900/1000: loss=0.136393, patches=20
SRD step 950: evaluated 27 candidates, 0 promising, accepted 0
  Total patches: 19, total adds: 20, total deletes: 21
  step 950/1000: loss=0.131685, patches=19
SRD step 1000: evaluated 27 candidates, 0 promising, accepted 0
  Total patches: 19, total adds: 20, total deletes: 21
  step 1000/1000: loss=0.130699, patches=19
[Trial 1] done: loss=0.130660, time=4066.1s
[Trial 2/3] seed=1
[SRD rewrite] deleted patch=9, position=(-0.548, -0.322, -2.149), reason=delete has no image effect
[SRD rewrite] split patch=11, children=18,19, improvement=0.031773
[SRD rewrite] split patch=8, children=19,20, improvement=0.032645
[SRD rewrite] added patch=21, position=(0.899, 0.571, -0.664), improvement=0.028904
SRD step 50: evaluated 27 candidates, 24 promising, accepted 4
  Accepted SplitPatch(8) at patch 8, improvement=0.032645
  Accepted SplitPatch(11) at patch 11, improvement=0.031773
  Accepted AddPatch at patch 21, improvement=0.028904
  Mandatory DeletePatch(9) at patch 9, reason=delete has no image effect
  Total patches: 22, total adds: 3, total deletes: 1
  step 50/1000: loss=0.703933, patches=20
[SRD rewrite] deleted patch=20, position=(-0.290, -0.191, -2.004), reason=Area 0.001299 below minimum 0.01
[SRD rewrite] deleted patch=19, position=(-0.255, -0.323, -2.099), reason=Area 0.001865 below minimum 0.01
[SRD rewrite] deleted patch=18, position=(-1.345, -1.235, -0.227), reason=Area 0.003705 below minimum 0.01
[SRD rewrite] deleted patch=17, position=(-1.312, -1.469, -0.224), reason=Area 0.000704 below minimum 0.01
[SRD rewrite] added patch=18, position=(0.692, 0.832, -0.891), improvement=0.015360
[SRD rewrite] added patch=19, position=(0.397, 0.416, 1.197), improvement=0.015195
[SRD rewrite] added patch=20, position=(0.702, 0.731, 0.864), improvement=0.015045
SRD step 100: evaluated 27 candidates, 25 promising, accepted 7
  Accepted AddPatch at patch 18, improvement=0.015360
  Accepted AddPatch at patch 19, improvement=0.015195
  Accepted AddPatch at patch 20, improvement=0.015045
  Mandatory DeletePatch(17) at patch 17, reason=Area 0.000704 below minimum 0.01
  Mandatory DeletePatch(18) at patch 18, reason=Area 0.003705 below minimum 0.01
  Mandatory DeletePatch(19) at patch 19, reason=Area 0.001865 below minimum 0.01
  Mandatory DeletePatch(20) at patch 20, reason=Area 0.001299 below minimum 0.01
  Total patches: 21, total adds: 6, total deletes: 5
  step 100/1000: loss=0.429408, patches=22
[SRD rewrite] deleted patch=5, position=(-1.455, 0.538, 1.490), reason=Area 0.003996 below minimum 0.01
[SRD rewrite] added patch=20, position=(-1.011, 0.006, 1.240), improvement=0.008959
[SRD rewrite] added patch=21, position=(-1.478, -0.058, -0.942), improvement=0.008844
[SRD rewrite] added patch=22, position=(-1.408, -0.056, -0.938), improvement=0.008749
SRD step 150: evaluated 27 candidates, 21 promising, accepted 4
  Accepted AddPatch at patch 20, improvement=0.008959
  Accepted AddPatch at patch 21, improvement=0.008844
  Accepted AddPatch at patch 22, improvement=0.008749
  Mandatory DeletePatch(5) at patch 5, reason=Area 0.003996 below minimum 0.01
  Total patches: 23, total adds: 9, total deletes: 6
  step 150/1000: loss=0.332749, patches=21
[SRD rewrite] deleted patch=22, position=(-1.409, -0.030, -0.914), reason=Area 0.008539 below minimum 0.01
[SRD rewrite] deleted patch=21, position=(-1.491, -0.022, -1.023), reason=Area 0.001438 below minimum 0.01
[SRD rewrite] deleted patch=20, position=(-0.998, 0.032, 1.195), reason=Area 0.001074 below minimum 0.01
[SRD rewrite] split patch=7, children=19,20, improvement=0.003020
SRD step 200: evaluated 27 candidates, 1 promising, accepted 4
  Accepted SplitPatch(7) at patch 7, improvement=0.003020
  Mandatory DeletePatch(20) at patch 20, reason=Area 0.001074 below minimum 0.01
  Mandatory DeletePatch(21) at patch 21, reason=Area 0.001438 below minimum 0.01
  Mandatory DeletePatch(22) at patch 22, reason=Area 0.008539 below minimum 0.01
  Total patches: 21, total adds: 10, total deletes: 9
  step 200/1000: loss=0.299013, patches=23
[SRD rewrite] deleted patch=20, position=(-1.172, -0.156, -2.220), reason=Area 0.000988 below minimum 0.01
[SRD rewrite] deleted patch=19, position=(-0.925, -0.103, -2.374), reason=Area 0.002099 below minimum 0.01
[SRD rewrite] deleted patch=18, position=(0.821, 0.723, 1.193), reason=Area 0.001118 below minimum 0.01
[SRD rewrite] deleted patch=0, position=(-0.731, 0.458, -1.441), reason=delete has no image effect
SRD step 250: evaluated 27 candidates, 0 promising, accepted 4
  Mandatory DeletePatch(18) at patch 18, reason=Area 0.001118 below minimum 0.01
  Mandatory DeletePatch(19) at patch 19, reason=Area 0.002099 below minimum 0.01
  Mandatory DeletePatch(20) at patch 20, reason=Area 0.000988 below minimum 0.01
  Mandatory DeletePatch(0) at patch 0, reason=delete has no image effect
  Total patches: 17, total adds: 10, total deletes: 13
  step 250/1000: loss=0.286189, patches=21
[SRD rewrite] deleted patch=15, position=(0.464, 1.136, -0.879), reason=Area 0.006596 below minimum 0.01
[SRD rewrite] added patch=16, position=(-1.538, 0.120, -1.104), improvement=0.000470
[SRD rewrite] added patch=17, position=(1.724, 0.992, 0.646), improvement=0.000454
[SRD rewrite] added patch=18, position=(-0.179, 0.061, -0.071), improvement=0.000315
SRD step 300: evaluated 27 candidates, 4 promising, accepted 4
  Accepted AddPatch at patch 16, improvement=0.000470
  Accepted AddPatch at patch 17, improvement=0.000454
  Accepted AddPatch at patch 18, improvement=0.000315
  Mandatory DeletePatch(15) at patch 15, reason=Area 0.006596 below minimum 0.01
  Total patches: 19, total adds: 13, total deletes: 14
  step 300/1000: loss=0.286547, patches=17
[SRD rewrite] deleted patch=18, position=(-0.155, 0.152, 0.109), reason=Area 0.003988 below minimum 0.01
[SRD rewrite] deleted patch=16, position=(-1.538, 0.120, -1.104), reason=Area 0.009291 below minimum 0.01
SRD step 350: evaluated 27 candidates, 0 promising, accepted 2
  Mandatory DeletePatch(16) at patch 16, reason=Area 0.009291 below minimum 0.01
  Mandatory DeletePatch(18) at patch 18, reason=Area 0.003988 below minimum 0.01
  Total patches: 17, total adds: 13, total deletes: 16
  step 350/1000: loss=0.269154, patches=19
[SRD rewrite] added patch=17, position=(-0.101, -0.061, 0.111), improvement=0.003033
[SRD rewrite] added patch=18, position=(-2.228, 0.278, -1.291), improvement=0.002855
[SRD rewrite] added patch=19, position=(1.087, 0.217, 1.014), improvement=0.002354
SRD step 400: evaluated 27 candidates, 21 promising, accepted 3
  Accepted AddPatch at patch 17, improvement=0.003033
  Accepted AddPatch at patch 18, improvement=0.002855
  Accepted AddPatch at patch 19, improvement=0.002354
  Total patches: 20, total adds: 16, total deletes: 16
  step 400/1000: loss=0.239541, patches=17
[SRD rewrite] deleted patch=19, position=(1.070, 0.199, 1.180), reason=Area 0.000732 below minimum 0.01
[SRD rewrite] deleted patch=18, position=(-2.228, 0.278, -1.291), reason=Area 0.009291 below minimum 0.01
SRD step 450: evaluated 27 candidates, 0 promising, accepted 2
  Mandatory DeletePatch(18) at patch 18, reason=Area 0.009291 below minimum 0.01
  Mandatory DeletePatch(19) at patch 19, reason=Area 0.000732 below minimum 0.01
  Total patches: 18, total adds: 16, total deletes: 18
  step 450/1000: loss=0.218226, patches=20
[SRD rewrite] deleted patch=17, position=(0.026, -0.026, 0.269), reason=Area 0.001773 below minimum 0.01
[SRD rewrite] added patch=17, position=(1.476, -0.180, -0.400), improvement=0.000817
[SRD rewrite] added patch=18, position=(-1.914, 0.503, -0.214), improvement=0.000599
[SRD rewrite] added patch=19, position=(-0.538, -0.700, 0.447), improvement=0.000371
SRD step 500: evaluated 27 candidates, 4 promising, accepted 4
  Accepted AddPatch at patch 17, improvement=0.000817
  Accepted AddPatch at patch 18, improvement=0.000599
  Accepted AddPatch at patch 19, improvement=0.000371
  Mandatory DeletePatch(17) at patch 17, reason=Area 0.001773 below minimum 0.01
  Total patches: 20, total adds: 19, total deletes: 19
  step 500/1000: loss=0.216920, patches=18
[SRD rewrite] deleted patch=19, position=(-0.561, -0.735, 0.562), reason=Area 0.001571 below minimum 0.01
[SRD rewrite] deleted patch=18, position=(-1.911, 0.478, -0.220), reason=Area 0.008625 below minimum 0.01
[SRD rewrite] deleted patch=17, position=(1.548, -0.125, -0.534), reason=Area 0.006197 below minimum 0.01
[SRD rewrite] deleted patch=15, position=(0.087, 0.386, 1.455), reason=Area 0.005570 below minimum 0.01
SRD step 550: evaluated 27 candidates, 0 promising, accepted 4
  Mandatory DeletePatch(15) at patch 15, reason=Area 0.005570 below minimum 0.01
  Mandatory DeletePatch(17) at patch 17, reason=Area 0.006197 below minimum 0.01
  Mandatory DeletePatch(18) at patch 18, reason=Area 0.008625 below minimum 0.01
  Mandatory DeletePatch(19) at patch 19, reason=Area 0.001571 below minimum 0.01
  Total patches: 16, total adds: 19, total deletes: 23
  step 550/1000: loss=0.210490, patches=20
SRD step 600: evaluated 27 candidates, 0 promising, accepted 0
  Total patches: 16, total adds: 19, total deletes: 23
  step 600/1000: loss=0.206988, patches=16
SRD step 650: evaluated 27 candidates, 0 promising, accepted 0
  Total patches: 16, total adds: 19, total deletes: 23
  step 650/1000: loss=0.208343, patches=16
SRD step 700: evaluated 27 candidates, 0 promising, accepted 0
  Total patches: 16, total adds: 19, total deletes: 23
  step 700/1000: loss=0.210846, patches=16
SRD step 750: evaluated 27 candidates, 0 promising, accepted 0
  Total patches: 16, total adds: 19, total deletes: 23
  step 750/1000: loss=0.210267, patches=16
[SRD rewrite] added patch=16, position=(-1.590, 0.179, -1.884), improvement=0.001342
[SRD rewrite] restored patch=17, position=(-1.409, -0.030, -0.914), improvement=0.001241
[SRD rewrite] restored patch=18, position=(0.026, -0.026, 0.269), improvement=0.000894
SRD step 800: evaluated 27 candidates, 18 promising, accepted 3
  Accepted AddPatch at patch 16, improvement=0.001342
  Accepted RestorePatch(8) at patch 17, improvement=0.001241
  Accepted RestorePatch(21) at patch 18, improvement=0.000894
  Total patches: 19, total adds: 22, total deletes: 23
  step 800/1000: loss=0.210928, patches=16
[SRD rewrite] deleted patch=18, position=(0.089, -0.100, 0.222), reason=Area 0.000391 below minimum 0.01
[SRD rewrite] deleted patch=16, position=(-1.486, 0.111, -2.009), reason=Area 0.007619 below minimum 0.01
[SRD rewrite] added patch=17, position=(-1.885, 0.207, 0.214), improvement=0.000006
SRD step 850: evaluated 27 candidates, 1 promising, accepted 3
  Accepted AddPatch at patch 17, improvement=0.000006
  Mandatory DeletePatch(16) at patch 16, reason=Area 0.007619 below minimum 0.01
  Mandatory DeletePatch(18) at patch 18, reason=Area 0.000391 below minimum 0.01
  Total patches: 18, total adds: 23, total deletes: 25
  step 850/1000: loss=0.209059, patches=19
SRD step 900: evaluated 27 candidates, 0 promising, accepted 0
  Total patches: 18, total adds: 23, total deletes: 25
  step 900/1000: loss=0.205250, patches=18
SRD step 950: evaluated 27 candidates, 0 promising, accepted 0
  Total patches: 18, total adds: 23, total deletes: 25
  step 950/1000: loss=0.208058, patches=18
SRD step 1000: evaluated 27 candidates, 0 promising, accepted 0
  Total patches: 18, total adds: 23, total deletes: 25
  step 1000/1000: loss=0.216245, patches=18
[SRD rewrite] deleted patch=2, position=(0.023, -0.187, 2.207), reason=final deletion pass improved loss
[SRD rewrite] deleted patch=7, position=(0.837, -0.098, 2.430), reason=final deletion pass improved loss
[SRD rewrite] deleted patch=10, position=(0.521, -0.709, 0.721), reason=final deletion pass improved loss
[SRD rewrite] deleted patch=12, position=(1.804, 1.369, -0.613), reason=final deletion pass improved loss
[Trial 2] done: loss=0.204610, time=3460.9s
[Trial 3/3] seed=2
[SRD rewrite] split patch=5, children=19,20, improvement=0.034628
[SRD rewrite] added patch=21, position=(0.790, 0.340, -0.862), improvement=0.034048
[SRD rewrite] added patch=22, position=(0.880, 0.676, -0.990), improvement=0.033703
SRD step 50: evaluated 27 candidates, 27 promising, accepted 3
  Accepted SplitPatch(5) at patch 5, improvement=0.034628
  Accepted AddPatch at patch 21, improvement=0.034048
  Accepted AddPatch at patch 22, improvement=0.033703
  Total patches: 23, total adds: 3, total deletes: 0
  step 50/1000: loss=0.697012, patches=20
[SRD rewrite] deleted patch=20, position=(-1.012, -0.559, -2.021), reason=Area 0.000471 below minimum 0.01
[SRD rewrite] deleted patch=19, position=(-0.882, -0.582, -1.876), reason=Area 0.004358 below minimum 0.01
[SRD rewrite] deleted patch=14, position=(-2.037, 0.285, -1.848), reason=delete has no image effect
[SRD rewrite] added patch=20, position=(1.003, 0.974, -0.219), improvement=0.012074
[SRD rewrite] added patch=21, position=(0.855, 0.673, -0.541), improvement=0.011956
[SRD rewrite] added patch=22, position=(1.091, 0.905, -0.068), improvement=0.011775
SRD step 100: evaluated 27 candidates, 23 promising, accepted 6
  Accepted AddPatch at patch 20, improvement=0.012074
  Accepted AddPatch at patch 21, improvement=0.011956
  Accepted AddPatch at patch 22, improvement=0.011775
  Mandatory DeletePatch(19) at patch 19, reason=Area 0.004358 below minimum 0.01
  Mandatory DeletePatch(20) at patch 20, reason=Area 0.000471 below minimum 0.01
  Mandatory DeletePatch(14) at patch 14, reason=delete has no image effect
  Total patches: 23, total adds: 6, total deletes: 3
  step 100/1000: loss=0.487639, patches=23
[SRD rewrite] deleted patch=22, position=(1.272, 0.980, -0.130), reason=Area 0.000664 below minimum 0.01
[SRD rewrite] deleted patch=20, position=(1.179, 1.097, -0.163), reason=Area 0.006957 below minimum 0.01
[SRD rewrite] added patch=21, position=(-0.283, 0.215, 1.259), improvement=0.007334
[SRD rewrite] added patch=22, position=(-0.724, 0.301, 1.452), improvement=0.007304
[SRD rewrite] added patch=23, position=(-0.583, 0.034, 1.534), improvement=0.007301
SRD step 150: evaluated 27 candidates, 21 promising, accepted 5
  Accepted AddPatch at patch 21, improvement=0.007334
  Accepted AddPatch at patch 22, improvement=0.007304
  Accepted AddPatch at patch 23, improvement=0.007301
  Mandatory DeletePatch(20) at patch 20, reason=Area 0.006957 below minimum 0.01
  Mandatory DeletePatch(22) at patch 22, reason=Area 0.000664 below minimum 0.01
  Total patches: 24, total adds: 9, total deletes: 5
  step 150/1000: loss=0.383067, patches=23
[SRD rewrite] deleted patch=20, position=(1.202, 0.472, -0.364), reason=Area 0.000261 below minimum 0.01
[SRD rewrite] deleted patch=18, position=(1.127, 0.102, -0.843), reason=Area 0.000809 below minimum 0.01
[SRD rewrite] added patch=22, position=(1.272, 0.915, 0.849), improvement=0.002198
[SRD rewrite] added patch=23, position=(1.638, 1.113, 0.153), improvement=0.002112
[SRD rewrite] added patch=24, position=(1.367, 1.071, -0.092), improvement=0.001758
SRD step 200: evaluated 27 candidates, 9 promising, accepted 5
  Accepted AddPatch at patch 22, improvement=0.002198
  Accepted AddPatch at patch 23, improvement=0.002112
  Accepted AddPatch at patch 24, improvement=0.001758
  Mandatory DeletePatch(18) at patch 18, reason=Area 0.000809 below minimum 0.01
  Mandatory DeletePatch(20) at patch 20, reason=Area 0.000261 below minimum 0.01
  Total patches: 25, total adds: 12, total deletes: 7
  step 200/1000: loss=0.320087, patches=24
SRD step 250: evaluated 27 candidates, 0 promising, accepted 0
  Total patches: 25, total adds: 12, total deletes: 7
  step 250/1000: loss=0.290446, patches=25
[SRD rewrite] added patch=25, position=(0.994, -0.342, -1.230), improvement=0.000263
SRD step 300: evaluated 27 candidates, 1 promising, accepted 1
  Accepted AddPatch at patch 25, improvement=0.000263
  Total patches: 26, total adds: 13, total deletes: 7
  step 300/1000: loss=0.303028, patches=25
[SRD rewrite] deleted patch=12, position=(1.345, -1.978, 1.564), reason=no image contribution, delete has no image effect
[SRD rewrite] split patch=6, children=24,25, improvement=0.008923
[SRD rewrite] added patch=26, position=(-0.950, -0.540, -1.649), improvement=0.000790
[SRD rewrite] added patch=27, position=(-1.758, 0.495, 0.298), improvement=0.000723
SRD step 350: evaluated 27 candidates, 7 promising, accepted 4
  Accepted SplitPatch(6) at patch 6, improvement=0.008923
  Accepted AddPatch at patch 26, improvement=0.000790
  Accepted AddPatch at patch 27, improvement=0.000723
  Mandatory DeletePatch(12) at patch 12, reason=no image contribution, delete has no image effect
  Total patches: 28, total adds: 16, total deletes: 8
  step 350/1000: loss=0.306567, patches=26
[SRD rewrite] deleted patch=27, position=(-1.758, 0.495, 0.298), reason=Area 0.009291 below minimum 0.01
[SRD rewrite] deleted patch=25, position=(-2.031, -0.042, 0.774), reason=Area 0.001405 below minimum 0.01
[SRD rewrite] deleted patch=24, position=(-2.071, -0.096, 0.925), reason=Area 0.000830 below minimum 0.01
[SRD rewrite] restored patch=25, position=(-2.037, 0.285, -1.848), improvement=0.000051
SRD step 400: evaluated 27 candidates, 1 promising, accepted 4
  Accepted RestorePatch(3) at patch 25, improvement=0.000051
  Mandatory DeletePatch(24) at patch 24, reason=Area 0.000830 below minimum 0.01
  Mandatory DeletePatch(25) at patch 25, reason=Area 0.001405 below minimum 0.01
  Mandatory DeletePatch(27) at patch 27, reason=Area 0.009291 below minimum 0.01
  Total patches: 26, total adds: 17, total deletes: 11
  step 400/1000: loss=0.283030, patches=28
[SRD rewrite] deleted patch=15, position=(-2.388, -0.686, 1.493), reason=delete has no image effect
[SRD rewrite] added patch=25, position=(1.796, 1.011, 0.281), improvement=0.000879
[SRD rewrite] added patch=26, position=(0.780, 0.398, -1.355), improvement=0.000406
[SRD rewrite] restored patch=27, position=(1.127, 0.102, -0.843), improvement=0.000352
SRD step 450: evaluated 27 candidates, 6 promising, accepted 4
  Accepted AddPatch at patch 25, improvement=0.000879
  Accepted AddPatch at patch 26, improvement=0.000406
  Accepted RestorePatch(6) at patch 27, improvement=0.000352
  Mandatory DeletePatch(15) at patch 15, reason=delete has no image effect
  Total patches: 28, total adds: 20, total deletes: 12
  step 450/1000: loss=0.276114, patches=26
[SRD rewrite] deleted patch=27, position=(1.127, 0.102, -0.843), reason=Area 0.000809 below minimum 0.01
[SRD rewrite] deleted patch=26, position=(0.778, 0.364, -1.354), reason=Area 0.002941 below minimum 0.01
[SRD rewrite] deleted patch=20, position=(1.097, 1.485, 0.198), reason=Area 0.009791 below minimum 0.01
[SRD rewrite] deleted patch=23, position=(-2.049, 0.280, -1.837), reason=delete has no image effect
SRD step 500: evaluated 27 candidates, 0 promising, accepted 4
  Mandatory DeletePatch(20) at patch 20, reason=Area 0.009791 below minimum 0.01
  Mandatory DeletePatch(26) at patch 26, reason=Area 0.002941 below minimum 0.01
  Mandatory DeletePatch(27) at patch 27, reason=Area 0.000809 below minimum 0.01
  Mandatory DeletePatch(23) at patch 23, reason=delete has no image effect
  Total patches: 24, total adds: 20, total deletes: 16
  step 500/1000: loss=0.261247, patches=28
[SRD rewrite] added patch=24, position=(-0.780, -0.755, -1.452), improvement=0.002609
[SRD rewrite] added patch=25, position=(0.660, -0.867, 1.471), improvement=0.002127
[SRD rewrite] restored patch=26, position=(1.272, 0.980, -0.130), improvement=0.002078
SRD step 550: evaluated 27 candidates, 25 promising, accepted 3
  Accepted AddPatch at patch 24, improvement=0.002609
  Accepted AddPatch at patch 25, improvement=0.002127
  Accepted RestorePatch(3) at patch 26, improvement=0.002078
  Total patches: 27, total adds: 23, total deletes: 16
  step 550/1000: loss=0.245523, patches=24
[SRD rewrite] deleted patch=26, position=(1.340, 0.982, -0.271), reason=Area 0.000291 below minimum 0.01
[SRD rewrite] deleted patch=25, position=(0.632, -0.894, 1.338), reason=Area 0.002044 below minimum 0.01
[SRD rewrite] deleted patch=24, position=(-0.818, -0.771, -1.334), reason=Area 0.008895 below minimum 0.01
SRD step 600: evaluated 27 candidates, 0 promising, accepted 3
  Mandatory DeletePatch(24) at patch 24, reason=Area 0.008895 below minimum 0.01
  Mandatory DeletePatch(25) at patch 25, reason=Area 0.002044 below minimum 0.01
  Mandatory DeletePatch(26) at patch 26, reason=Area 0.000291 below minimum 0.01
  Total patches: 24, total adds: 23, total deletes: 19
  step 600/1000: loss=0.227516, patches=27
SRD step 650: evaluated 27 candidates, 0 promising, accepted 0
  Total patches: 24, total adds: 23, total deletes: 19
  step 650/1000: loss=0.218539, patches=24
[SRD rewrite] deleted patch=9, position=(-1.859, -0.763, -0.180), reason=Area 0.002964 below minimum 0.01
SRD step 700: evaluated 27 candidates, 0 promising, accepted 1
  Mandatory DeletePatch(9) at patch 9, reason=Area 0.002964 below minimum 0.01
  Total patches: 23, total adds: 23, total deletes: 20
  step 700/1000: loss=0.214381, patches=24
SRD step 750: evaluated 27 candidates, 0 promising, accepted 0
  Total patches: 23, total adds: 23, total deletes: 20
  step 750/1000: loss=0.207218, patches=23
SRD step 800: evaluated 27 candidates, 0 promising, accepted 0
  Total patches: 23, total adds: 23, total deletes: 20
  step 800/1000: loss=0.208149, patches=23
SRD step 850: evaluated 27 candidates, 0 promising, accepted 0
  Total patches: 23, total adds: 23, total deletes: 20
  step 850/1000: loss=0.198271, patches=23
SRD step 900: evaluated 27 candidates, 0 promising, accepted 0
  Total patches: 23, total adds: 23, total deletes: 20
  step 900/1000: loss=0.192514, patches=23
SRD step 950: evaluated 27 candidates, 0 promising, accepted 0
  Total patches: 23, total adds: 23, total deletes: 20
  step 950/1000: loss=0.187067, patches=23
SRD step 1000: evaluated 27 candidates, 0 promising, accepted 0
  Total patches: 23, total adds: 23, total deletes: 20
  step 1000/1000: loss=0.179243, patches=23
[SRD rewrite] deleted patch=22, position=(2.002, 1.285, -0.312), reason=final deletion pass improved loss
[Trial 3] done: loss=0.177619, time=4714.3s
[Run] report written to results/slurm/20260718_0340/patchsize_horse_circle_20/patches_20/with_srd/with_srd.txt
[Swept volume] building (resolution=256)...
[Run] mode=full, trials=3, seeds=[0, 1, 2], steps=1000, srd=False, ablation_flags={'disable_swept_volume_adds': True, 'loss_only_deletion': True, 'disable_splitting': False}
[Trial 1/3] seed=0
[Patch] mapbox-earcut is not installed; falling back to fan fill, so non-convex pieces will render incorrectly. Install it with: pip install mapbox-earcut
  step 50/1000: loss=0.676119, patches=20
  step 100/1000: loss=0.441644, patches=20
  step 150/1000: loss=0.345963, patches=20
  step 200/1000: loss=0.317970, patches=20
  step 250/1000: loss=0.289761, patches=20
  step 300/1000: loss=0.280909, patches=20
  step 350/1000: loss=0.277722, patches=20
  step 400/1000: loss=0.274736, patches=20
  step 450/1000: loss=0.278718, patches=20
  step 500/1000: loss=0.274572, patches=20
  step 550/1000: loss=0.266848, patches=20
  step 600/1000: loss=0.272080, patches=20
  step 650/1000: loss=0.266822, patches=20
  step 700/1000: loss=0.246612, patches=20
  step 750/1000: loss=0.249929, patches=20
  step 800/1000: loss=0.244605, patches=20
  step 850/1000: loss=0.248943, patches=20
  step 900/1000: loss=0.253115, patches=20
  step 950/1000: loss=0.246475, patches=20
  step 1000/1000: loss=0.254072, patches=20
[Trial 1] done: loss=0.254138, time=1022.7s
[Trial 2/3] seed=1
  step 50/1000: loss=0.703933, patches=20
  step 100/1000: loss=0.440494, patches=20
  step 150/1000: loss=0.354667, patches=20
  step 200/1000: loss=0.320190, patches=20
  step 250/1000: loss=0.298985, patches=20
  step 300/1000: loss=0.263947, patches=20
  step 350/1000: loss=0.254900, patches=20
  step 400/1000: loss=0.246388, patches=20
  step 450/1000: loss=0.241392, patches=20
  step 500/1000: loss=0.239426, patches=20
  step 550/1000: loss=0.235791, patches=20
  step 600/1000: loss=0.231436, patches=20
  step 650/1000: loss=0.228686, patches=20
  step 700/1000: loss=0.227523, patches=20
  step 750/1000: loss=0.228157, patches=20
  step 800/1000: loss=0.225496, patches=20
  step 850/1000: loss=0.226008, patches=20
  step 900/1000: loss=0.225125, patches=20
  step 950/1000: loss=0.228370, patches=20
  step 1000/1000: loss=0.226359, patches=20
[Trial 2] done: loss=0.225282, time=1003.9s
[Trial 3/3] seed=2
  step 50/1000: loss=0.697012, patches=20
  step 100/1000: loss=0.484870, patches=20
  step 150/1000: loss=0.409910, patches=20
  step 200/1000: loss=0.357403, patches=20
  step 250/1000: loss=0.322100, patches=20
  step 300/1000: loss=0.267903, patches=20
  step 350/1000: loss=0.252447, patches=20
  step 400/1000: loss=0.239236, patches=20
  step 450/1000: loss=0.229819, patches=20
  step 500/1000: loss=0.219095, patches=20
  step 550/1000: loss=0.215787, patches=20
  step 600/1000: loss=0.211895, patches=20
  step 650/1000: loss=0.211536, patches=20
  step 700/1000: loss=0.208824, patches=20
  step 750/1000: loss=0.205338, patches=20
  step 800/1000: loss=0.206895, patches=20
  step 850/1000: loss=0.206147, patches=20
  step 900/1000: loss=0.202419, patches=20
  step 950/1000: loss=0.200946, patches=20
  step 1000/1000: loss=0.198978, patches=20
[Trial 3] done: loss=0.198800, time=1016.4s
[Run] report written to results/slurm/20260718_0340/patchsize_horse_circle_20/patches_20/without_srd/without_srd.txt

======================================================================
Running 3 trials WITH SRD
======================================================================


======================================================================
Running 3 trials WITHOUT SRD
======================================================================


[Comparison] report written to results/slurm/20260718_0340/patchsize_horse_circle_20/patches_20/comparison.txt

======================================================================
SRD Patch Size Comparison
======================================================================
Started: 2026-07-18T04:39:19
Patch sizes: [20]
Trials per size: 3
Steps per trial: 1000
Output directory: results/slurm/20260718_0340/patchsize_horse_circle_20
======================================================================


======================================================================
Running comparison with 20 initial patches
  Target 1: images/horse.png
  Target 2: images/circle.png
  Trials: 3, Steps: 1000
======================================================================

[OK] Comparison with 20 patches completed successfully

======================================================================
Comparison Summary
======================================================================
Successful: 1/1
Total time: 16992.3 seconds (4.72 hours)
Summary report: results/slurm/20260718_0340/patchsize_horse_circle_20/SUMMARY.txt
======================================================================

