## SLURM PROLOG ###############################################################
##    Job ID : 4093798
##  Job Name : 20260718_1833_ablation_acm_scf_ablation
##  Nodelist : gpu2258
##      CPUs : 
##  Mem/Node : 128000 MB
## Directory : /oscar/home/cjmok/automated-perspective-sculptor
##   Job Started : Sat Jul 18 06:33:13 PM EDT 2026
###############################################################################
[Swept volume] building (resolution=256)...
[Run] mode=ablation, trials=3, seeds=[0, 1, 2], steps=2000, srd=True, ablation_flags={'disable_swept_volume_adds': True, 'loss_only_deletion': True, 'disable_splitting': True}
[Trial 1/3] seed=0
[Patch] mapbox-earcut is not installed; falling back to fan fill, so non-convex pieces will render incorrectly. Install it with: pip install mapbox-earcut
[SRD rewrite] deleted patch=12, position=(2.288, 0.142, -1.064), reason=accepted rewrite
[SRD rewrite] deleted patch=4, position=(-2.388, -0.678, -0.893), reason=accepted rewrite
[SRD rewrite] added patch=18, position=(0.381, 0.460, 0.361), improvement=0.007855
[SRD rewrite] added patch=19, position=(1.076, 0.514, 0.224), improvement=0.007800
[SRD rewrite] added patch=20, position=(-1.234, -0.168, -1.278), improvement=0.007725
SRD step 50: evaluated 32 candidates, 29 promising, accepted 5
  Accepted DeletePatch(12) at patch 12, improvement=0.017848
  Accepted AddPatch at patch 18, improvement=0.007855
  Accepted AddPatch at patch 19, improvement=0.007800
  Accepted AddPatch at patch 20, improvement=0.007725
  Accepted DeletePatch(4) at patch 4, improvement=0.006869
  Total patches: 21, total adds: 3, total deletes: 2
  step 50/2000: loss=0.670797, patches=20
[SRD rewrite] added patch=21, position=(-0.662, -0.321, 1.960), improvement=0.010770
[SRD rewrite] added patch=22, position=(1.873, 2.221, 0.541), improvement=0.009653
[SRD rewrite] added patch=23, position=(-0.239, 2.351, 0.903), improvement=0.009653
SRD step 100: evaluated 32 candidates, 15 promising, accepted 3
  Accepted AddPatch at patch 21, improvement=0.010770
  Accepted AddPatch at patch 22, improvement=0.009653
  Accepted AddPatch at patch 23, improvement=0.009653
  Total patches: 24, total adds: 6, total deletes: 2
  step 100/2000: loss=0.555159, patches=21
[SRD rewrite] deleted patch=2, position=(0.436, -0.900, 1.549), reason=accepted rewrite
[SRD rewrite] added patch=23, position=(-1.112, 0.434, 1.819), improvement=0.006406
[SRD rewrite] added patch=24, position=(1.078, -0.069, 1.043), improvement=0.005947
[SRD rewrite] added patch=25, position=(-1.011, -0.494, -1.897), improvement=0.005568
SRD step 150: evaluated 32 candidates, 17 promising, accepted 4
  Accepted AddPatch at patch 23, improvement=0.006406
  Accepted AddPatch at patch 24, improvement=0.005947
  Accepted AddPatch at patch 25, improvement=0.005568
  Accepted DeletePatch(2) at patch 2, improvement=0.001198
  Total patches: 26, total adds: 9, total deletes: 3
  step 150/2000: loss=0.502968, patches=24
[SRD rewrite] added patch=26, position=(-0.966, 0.388, 2.297), improvement=0.002689
[SRD rewrite] added patch=27, position=(-0.209, 0.455, 1.789), improvement=0.002615
[SRD rewrite] added patch=28, position=(-1.277, -0.628, -2.272), improvement=0.002300
SRD step 200: evaluated 32 candidates, 17 promising, accepted 3
  Accepted AddPatch at patch 26, improvement=0.002689
  Accepted AddPatch at patch 27, improvement=0.002615
  Accepted AddPatch at patch 28, improvement=0.002300
  Total patches: 29, total adds: 12, total deletes: 3
  step 200/2000: loss=0.454952, patches=26
SRD step 250: evaluated 32 candidates, 0 promising, accepted 0
  Total patches: 29, total adds: 12, total deletes: 3
  step 250/2000: loss=0.412331, patches=29
[SRD rewrite] added patch=29, position=(0.745, -2.474, 2.351), improvement=0.000793
[SRD rewrite] added patch=30, position=(0.464, -0.727, 0.785), improvement=0.000632
[SRD rewrite] added patch=31, position=(1.609, -0.486, -2.312), improvement=0.000537
SRD step 300: evaluated 32 candidates, 7 promising, accepted 3
  Accepted AddPatch at patch 29, improvement=0.000793
  Accepted AddPatch at patch 30, improvement=0.000632
  Accepted AddPatch at patch 31, improvement=0.000537
  Total patches: 32, total adds: 15, total deletes: 3
  step 300/2000: loss=0.395161, patches=29
SRD step 350: evaluated 32 candidates, 0 promising, accepted 0
  Total patches: 32, total adds: 15, total deletes: 3
  step 350/2000: loss=0.377516, patches=32
SRD step 400: evaluated 32 candidates, 0 promising, accepted 0
  Total patches: 32, total adds: 15, total deletes: 3
  step 400/2000: loss=0.355401, patches=32
SRD step 450: evaluated 32 candidates, 0 promising, accepted 0
  Total patches: 32, total adds: 15, total deletes: 3
  step 450/2000: loss=0.344993, patches=32
SRD step 500: evaluated 32 candidates, 0 promising, accepted 0
  Total patches: 32, total adds: 15, total deletes: 3
  step 500/2000: loss=0.339544, patches=32
SRD step 550: evaluated 32 candidates, 0 promising, accepted 0
  Total patches: 32, total adds: 15, total deletes: 3
  step 550/2000: loss=0.347415, patches=32
SRD step 600: evaluated 32 candidates, 0 promising, accepted 0
  Total patches: 32, total adds: 15, total deletes: 3
  step 600/2000: loss=0.370596, patches=32
SRD step 650: evaluated 32 candidates, 0 promising, accepted 0
  Total patches: 32, total adds: 15, total deletes: 3
  step 650/2000: loss=0.373533, patches=32
[SRD rewrite] deleted patch=31, position=(2.079, -1.241, -2.086), reason=accepted rewrite
SRD step 700: evaluated 32 candidates, 1 promising, accepted 1
  Accepted DeletePatch(31) at patch 31, improvement=0.016408
  Total patches: 31, total adds: 15, total deletes: 4
  step 700/2000: loss=0.369468, patches=32
SRD step 750: evaluated 32 candidates, 0 promising, accepted 0
  Total patches: 31, total adds: 15, total deletes: 4
  step 750/2000: loss=0.337613, patches=31
SRD step 800: evaluated 32 candidates, 0 promising, accepted 0
  Total patches: 31, total adds: 15, total deletes: 4
  step 800/2000: loss=0.337006, patches=31
SRD step 850: evaluated 32 candidates, 0 promising, accepted 0
  Total patches: 31, total adds: 15, total deletes: 4
  step 850/2000: loss=0.339413, patches=31
SRD step 900: evaluated 32 candidates, 0 promising, accepted 0
  Total patches: 31, total adds: 15, total deletes: 4
  step 900/2000: loss=0.341817, patches=31
SRD step 950: evaluated 32 candidates, 0 promising, accepted 0
  Total patches: 31, total adds: 15, total deletes: 4
  step 950/2000: loss=0.322770, patches=31
SRD step 1000: evaluated 32 candidates, 0 promising, accepted 0
  Total patches: 31, total adds: 15, total deletes: 4
  step 1000/2000: loss=0.323260, patches=31
SRD step 1050: evaluated 32 candidates, 0 promising, accepted 0
  Total patches: 31, total adds: 15, total deletes: 4
  step 1050/2000: loss=0.318279, patches=31
SRD step 1100: evaluated 32 candidates, 0 promising, accepted 0
  Total patches: 31, total adds: 15, total deletes: 4
  step 1100/2000: loss=0.315880, patches=31
SRD step 1150: evaluated 32 candidates, 0 promising, accepted 0
  Total patches: 31, total adds: 15, total deletes: 4
  step 1150/2000: loss=0.308515, patches=31
SRD step 1200: evaluated 32 candidates, 0 promising, accepted 0
  Total patches: 31, total adds: 15, total deletes: 4
  step 1200/2000: loss=0.313300, patches=31
[SRD rewrite] added patch=31, position=(2.113, 0.712, -2.141), improvement=0.000421
SRD step 1250: evaluated 32 candidates, 1 promising, accepted 1
  Accepted AddPatch at patch 31, improvement=0.000421
  Total patches: 32, total adds: 16, total deletes: 4
  step 1250/2000: loss=0.309508, patches=31
SRD step 1300: evaluated 32 candidates, 0 promising, accepted 0
  Total patches: 32, total adds: 16, total deletes: 4
  step 1300/2000: loss=0.303521, patches=32
SRD step 1350: evaluated 32 candidates, 0 promising, accepted 0
  Total patches: 32, total adds: 16, total deletes: 4
  step 1350/2000: loss=0.317275, patches=32
SRD step 1400: evaluated 32 candidates, 0 promising, accepted 0
  Total patches: 32, total adds: 16, total deletes: 4
  step 1400/2000: loss=0.320056, patches=32
SRD step 1450: evaluated 32 candidates, 0 promising, accepted 0
  Total patches: 32, total adds: 16, total deletes: 4
  step 1450/2000: loss=0.327559, patches=32
SRD step 1500: evaluated 32 candidates, 0 promising, accepted 0
  Total patches: 32, total adds: 16, total deletes: 4
  step 1500/2000: loss=0.338503, patches=32
SRD step 1550: evaluated 32 candidates, 0 promising, accepted 0
  Total patches: 32, total adds: 16, total deletes: 4
  step 1550/2000: loss=0.364759, patches=32
SRD step 1600: evaluated 32 candidates, 0 promising, accepted 0
  Total patches: 32, total adds: 16, total deletes: 4
  step 1600/2000: loss=0.371500, patches=32
SRD step 1650: evaluated 32 candidates, 0 promising, accepted 0
  Total patches: 32, total adds: 16, total deletes: 4
  step 1650/2000: loss=0.368605, patches=32
SRD step 1700: evaluated 32 candidates, 0 promising, accepted 0
  Total patches: 32, total adds: 16, total deletes: 4
  step 1700/2000: loss=0.361508, patches=32
[SRD rewrite] deleted patch=19, position=(-0.745, -1.720, -1.612), reason=accepted rewrite
SRD step 1750: evaluated 32 candidates, 2 promising, accepted 1
  Accepted DeletePatch(19) at patch 19, improvement=0.008135
  Total patches: 31, total adds: 16, total deletes: 5
  step 1750/2000: loss=0.376928, patches=32
SRD step 1800: evaluated 32 candidates, 0 promising, accepted 0
  Total patches: 31, total adds: 16, total deletes: 5
  step 1800/2000: loss=0.370609, patches=31
SRD step 1850: evaluated 32 candidates, 0 promising, accepted 0
  Total patches: 31, total adds: 16, total deletes: 5
  step 1850/2000: loss=0.377427, patches=31
SRD step 1900: evaluated 32 candidates, 0 promising, accepted 0
  Total patches: 31, total adds: 16, total deletes: 5
  step 1900/2000: loss=0.376510, patches=31
[SRD rewrite] added patch=31, position=(-1.074, 0.008, -0.470), improvement=0.000737
[SRD rewrite] added patch=32, position=(-0.921, -0.335, 1.859), improvement=0.000258
[SRD rewrite] added patch=33, position=(-0.670, -1.211, 0.535), improvement=0.000233
SRD step 1950: evaluated 32 candidates, 3 promising, accepted 3
  Accepted AddPatch at patch 31, improvement=0.000737
  Accepted AddPatch at patch 32, improvement=0.000258
  Accepted AddPatch at patch 33, improvement=0.000233
  Total patches: 34, total adds: 19, total deletes: 5
  step 1950/2000: loss=0.376186, patches=31
SRD step 2000: evaluated 32 candidates, 0 promising, accepted 0
  Total patches: 34, total adds: 19, total deletes: 5
  step 2000/2000: loss=0.349744, patches=34
[SRD rewrite] deleted patch=8, position=(-1.568, -1.028, 2.102), reason=final deletion pass improved loss
[Trial 1] done: loss=0.339711, time=11936.4s
[Trial 2/3] seed=1
[SRD rewrite] deleted patch=17, position=(-1.671, 0.886, 1.291), reason=accepted rewrite
[SRD rewrite] deleted patch=0, position=(-0.449, -1.243, -0.822), reason=accepted rewrite
[SRD rewrite] added patch=18, position=(0.166, 0.959, -0.922), improvement=0.008907
[SRD rewrite] added patch=19, position=(0.179, 0.819, 0.074), improvement=0.008607
[SRD rewrite] added patch=20, position=(1.891, -2.363, 0.852), improvement=0.007914
SRD step 50: evaluated 32 candidates, 29 promising, accepted 5
  Accepted DeletePatch(17) at patch 17, improvement=0.011055
  Accepted AddPatch at patch 18, improvement=0.008907
  Accepted AddPatch at patch 19, improvement=0.008607
  Accepted AddPatch at patch 20, improvement=0.007914
  Accepted DeletePatch(0) at patch 0, improvement=0.006211
  Total patches: 21, total adds: 3, total deletes: 2
  step 50/2000: loss=0.697074, patches=20
[SRD rewrite] deleted patch=20, position=(1.891, -2.363, 0.852), reason=accepted rewrite
[SRD rewrite] deleted patch=1, position=(1.287, -0.159, 1.656), reason=accepted rewrite
[SRD rewrite] added patch=19, position=(0.532, 0.344, -0.913), improvement=0.010088
[SRD rewrite] added patch=20, position=(-1.301, -0.031, 0.600), improvement=0.009882
[SRD rewrite] added patch=21, position=(2.126, -1.482, -2.460), improvement=0.009810
SRD step 100: evaluated 32 candidates, 29 promising, accepted 5
  Accepted AddPatch at patch 19, improvement=0.010088
  Accepted AddPatch at patch 20, improvement=0.009882
  Accepted AddPatch at patch 21, improvement=0.009810
  Accepted DeletePatch(20) at patch 20, improvement=0.002227
  Accepted DeletePatch(1) at patch 1, improvement=0.000925
  Total patches: 22, total adds: 6, total deletes: 4
  step 100/2000: loss=0.601445, patches=21
[SRD rewrite] added patch=22, position=(-0.446, -0.493, -0.913), improvement=0.005242
[SRD rewrite] added patch=23, position=(-0.165, -1.407, -0.296), improvement=0.005187
[SRD rewrite] added patch=24, position=(1.354, 0.344, -0.171), improvement=0.005014
SRD step 150: evaluated 32 candidates, 21 promising, accepted 3
  Accepted AddPatch at patch 22, improvement=0.005242
  Accepted AddPatch at patch 23, improvement=0.005187
  Accepted AddPatch at patch 24, improvement=0.005014
  Total patches: 25, total adds: 9, total deletes: 4
  step 150/2000: loss=0.531253, patches=22
[SRD rewrite] added patch=25, position=(0.900, 0.420, 0.368), improvement=0.005971
[SRD rewrite] added patch=26, position=(-0.986, -0.055, -1.482), improvement=0.005648
[SRD rewrite] added patch=27, position=(2.023, -2.315, 1.369), improvement=0.005529
SRD step 200: evaluated 32 candidates, 23 promising, accepted 3
  Accepted AddPatch at patch 25, improvement=0.005971
  Accepted AddPatch at patch 26, improvement=0.005648
  Accepted AddPatch at patch 27, improvement=0.005529
  Total patches: 28, total adds: 12, total deletes: 4
  step 200/2000: loss=0.459531, patches=25
[SRD rewrite] added patch=28, position=(-0.010, -0.833, 1.973), improvement=0.003369
[SRD rewrite] added patch=29, position=(-0.116, -2.434, -0.735), improvement=0.002976
[SRD rewrite] added patch=30, position=(2.159, 2.184, 1.722), improvement=0.002976
SRD step 250: evaluated 32 candidates, 19 promising, accepted 3
  Accepted AddPatch at patch 28, improvement=0.003369
  Accepted AddPatch at patch 29, improvement=0.002976
  Accepted AddPatch at patch 30, improvement=0.002976
  Total patches: 31, total adds: 15, total deletes: 4
  step 250/2000: loss=0.400601, patches=28
[SRD rewrite] added patch=31, position=(0.859, -0.738, 1.779), improvement=0.002069
[SRD rewrite] added patch=32, position=(0.868, 0.392, -1.129), improvement=0.001967
[SRD rewrite] added patch=33, position=(2.404, 0.933, 2.100), improvement=0.001337
SRD step 300: evaluated 32 candidates, 10 promising, accepted 3
  Accepted AddPatch at patch 31, improvement=0.002069
  Accepted AddPatch at patch 32, improvement=0.001967
  Accepted AddPatch at patch 33, improvement=0.001337
  Total patches: 34, total adds: 18, total deletes: 4
  step 300/2000: loss=0.359663, patches=31
[SRD rewrite] added patch=34, position=(-0.368, -0.772, 0.875), improvement=0.000883
[SRD rewrite] restored patch=35, position=(1.891, -2.363, 0.852), improvement=0.000758
[SRD rewrite] added patch=36, position=(1.714, -2.161, 0.366), improvement=0.000758
SRD step 350: evaluated 32 candidates, 10 promising, accepted 3
  Accepted AddPatch at patch 34, improvement=0.000883
  Accepted RestorePatch(2) at patch 35, improvement=0.000758
  Accepted AddPatch at patch 36, improvement=0.000758
  Total patches: 37, total adds: 21, total deletes: 4
  step 350/2000: loss=0.334589, patches=34
SRD step 400: evaluated 32 candidates, 0 promising, accepted 0
  Total patches: 37, total adds: 21, total deletes: 4
  step 400/2000: loss=0.321269, patches=37
SRD step 450: evaluated 32 candidates, 0 promising, accepted 0
  Total patches: 37, total adds: 21, total deletes: 4
  step 450/2000: loss=0.282813, patches=37
SRD step 500: evaluated 32 candidates, 0 promising, accepted 0
  Total patches: 37, total adds: 21, total deletes: 4
  step 500/2000: loss=0.262645, patches=37
SRD step 550: evaluated 32 candidates, 0 promising, accepted 0
  Total patches: 37, total adds: 21, total deletes: 4
  step 550/2000: loss=0.248452, patches=37
SRD step 600: evaluated 32 candidates, 0 promising, accepted 0
  Total patches: 37, total adds: 21, total deletes: 4
  step 600/2000: loss=0.241782, patches=37
SRD step 650: evaluated 32 candidates, 0 promising, accepted 0
  Total patches: 37, total adds: 21, total deletes: 4
  step 650/2000: loss=0.230683, patches=37
SRD step 700: evaluated 32 candidates, 0 promising, accepted 0
  Total patches: 37, total adds: 21, total deletes: 4
  step 700/2000: loss=0.226929, patches=37
SRD step 750: evaluated 32 candidates, 0 promising, accepted 0
  Total patches: 37, total adds: 21, total deletes: 4
  step 750/2000: loss=0.203230, patches=37
SRD step 800: evaluated 32 candidates, 0 promising, accepted 0
  Total patches: 37, total adds: 21, total deletes: 4
  step 800/2000: loss=0.194199, patches=37
SRD step 850: evaluated 32 candidates, 0 promising, accepted 0
  Total patches: 37, total adds: 21, total deletes: 4
  step 850/2000: loss=0.187977, patches=37
SRD step 900: evaluated 32 candidates, 0 promising, accepted 0
  Total patches: 37, total adds: 21, total deletes: 4
  step 900/2000: loss=0.185944, patches=37
SRD step 950: evaluated 32 candidates, 0 promising, accepted 0
  Total patches: 37, total adds: 21, total deletes: 4
  step 950/2000: loss=0.183615, patches=37
SRD step 1000: evaluated 32 candidates, 0 promising, accepted 0
  Total patches: 37, total adds: 21, total deletes: 4
  step 1000/2000: loss=0.179153, patches=37
SRD step 1050: evaluated 32 candidates, 0 promising, accepted 0
  Total patches: 37, total adds: 21, total deletes: 4
  step 1050/2000: loss=0.182991, patches=37
SRD step 1100: evaluated 32 candidates, 0 promising, accepted 0
  Total patches: 37, total adds: 21, total deletes: 4
  step 1100/2000: loss=0.180327, patches=37
SRD step 1150: evaluated 32 candidates, 0 promising, accepted 0
  Total patches: 37, total adds: 21, total deletes: 4
  step 1150/2000: loss=0.177170, patches=37
SRD step 1200: evaluated 32 candidates, 0 promising, accepted 0
  Total patches: 37, total adds: 21, total deletes: 4
  step 1200/2000: loss=0.174413, patches=37
SRD step 1250: evaluated 32 candidates, 0 promising, accepted 0
  Total patches: 37, total adds: 21, total deletes: 4
  step 1250/2000: loss=0.172877, patches=37
SRD step 1300: evaluated 32 candidates, 0 promising, accepted 0
  Total patches: 37, total adds: 21, total deletes: 4
  step 1300/2000: loss=0.174740, patches=37
SRD step 1350: evaluated 32 candidates, 0 promising, accepted 0
  Total patches: 37, total adds: 21, total deletes: 4
  step 1350/2000: loss=0.172132, patches=37
SRD step 1400: evaluated 32 candidates, 0 promising, accepted 0
  Total patches: 37, total adds: 21, total deletes: 4
  step 1400/2000: loss=0.172490, patches=37
SRD step 1450: evaluated 32 candidates, 0 promising, accepted 0
  Total patches: 37, total adds: 21, total deletes: 4
  step 1450/2000: loss=0.168172, patches=37
SRD step 1500: evaluated 32 candidates, 0 promising, accepted 0
  Total patches: 37, total adds: 21, total deletes: 4
  step 1500/2000: loss=0.169028, patches=37
SRD step 1550: evaluated 32 candidates, 0 promising, accepted 0
  Total patches: 37, total adds: 21, total deletes: 4
  step 1550/2000: loss=0.169448, patches=37
SRD step 1600: evaluated 32 candidates, 0 promising, accepted 0
  Total patches: 37, total adds: 21, total deletes: 4
  step 1600/2000: loss=0.167813, patches=37
SRD step 1650: evaluated 32 candidates, 0 promising, accepted 0
  Total patches: 37, total adds: 21, total deletes: 4
  step 1650/2000: loss=0.168157, patches=37
SRD step 1700: evaluated 32 candidates, 0 promising, accepted 0
  Total patches: 37, total adds: 21, total deletes: 4
  step 1700/2000: loss=0.170750, patches=37
SRD step 1750: evaluated 32 candidates, 0 promising, accepted 0
  Total patches: 37, total adds: 21, total deletes: 4
  step 1750/2000: loss=0.165892, patches=37
SRD step 1800: evaluated 32 candidates, 0 promising, accepted 0
  Total patches: 37, total adds: 21, total deletes: 4
  step 1800/2000: loss=0.166450, patches=37
SRD step 1850: evaluated 32 candidates, 0 promising, accepted 0
  Total patches: 37, total adds: 21, total deletes: 4
  step 1850/2000: loss=0.173204, patches=37
SRD step 1900: evaluated 32 candidates, 0 promising, accepted 0
  Total patches: 37, total adds: 21, total deletes: 4
  step 1900/2000: loss=0.171962, patches=37
SRD step 1950: evaluated 32 candidates, 0 promising, accepted 0
  Total patches: 37, total adds: 21, total deletes: 4
  step 1950/2000: loss=0.169882, patches=37
SRD step 2000: evaluated 32 candidates, 0 promising, accepted 0
  Total patches: 37, total adds: 21, total deletes: 4
  step 2000/2000: loss=0.175115, patches=37
[SRD rewrite] deleted patch=11, position=(1.651, 1.109, 2.273), reason=final deletion pass improved loss
[SRD rewrite] deleted patch=12, position=(-0.705, -0.529, -1.011), reason=final deletion pass improved loss
[Trial 2] done: loss=0.172253, time=14130.6s
[Trial 3/3] seed=2
[SRD rewrite] deleted patch=16, position=(-1.805, -1.073, 1.433), reason=accepted rewrite
[SRD rewrite] deleted patch=15, position=(-2.115, 1.071, 0.142), reason=accepted rewrite
[SRD rewrite] deleted patch=7, position=(-1.868, 0.311, -1.972), reason=accepted rewrite
[SRD rewrite] added patch=17, position=(-0.362, -0.316, 1.383), improvement=0.018199
[SRD rewrite] added patch=18, position=(-0.293, 0.020, -0.882), improvement=0.016253
[SRD rewrite] added patch=19, position=(1.754, -0.469, -2.364), improvement=0.015439
SRD step 50: evaluated 32 candidates, 31 promising, accepted 6
  Accepted AddPatch at patch 17, improvement=0.018199
  Accepted AddPatch at patch 18, improvement=0.016253
  Accepted AddPatch at patch 19, improvement=0.015439
  Accepted DeletePatch(16) at patch 16, improvement=0.013828
  Accepted DeletePatch(15) at patch 15, improvement=0.012458
  Accepted DeletePatch(7) at patch 7, improvement=0.009184
  Total patches: 20, total adds: 3, total deletes: 3
  step 50/2000: loss=0.676059, patches=20
[SRD rewrite] deleted patch=19, position=(1.754, -0.469, -2.364), reason=accepted rewrite
[SRD rewrite] deleted patch=13, position=(-0.544, 0.533, -0.354), reason=accepted rewrite
[SRD rewrite] added patch=18, position=(0.837, 0.963, -0.781), improvement=0.006324
[SRD rewrite] added patch=19, position=(-1.465, -0.373, -0.277), improvement=0.005774
[SRD rewrite] added patch=20, position=(0.675, 1.349, -0.293), improvement=0.005391
SRD step 100: evaluated 32 candidates, 28 promising, accepted 5
  Accepted AddPatch at patch 18, improvement=0.006324
  Accepted AddPatch at patch 19, improvement=0.005774
  Accepted AddPatch at patch 20, improvement=0.005391
  Accepted DeletePatch(19) at patch 19, improvement=0.001451
  Accepted DeletePatch(13) at patch 13, improvement=0.000895
  Total patches: 21, total adds: 6, total deletes: 5
  step 100/2000: loss=0.554587, patches=20
[SRD rewrite] restored patch=21, position=(-0.544, 0.533, -0.354), improvement=0.005334
[SRD rewrite] added patch=22, position=(0.709, -2.063, 1.079), improvement=0.004640
[SRD rewrite] restored patch=23, position=(1.754, -0.469, -2.364), improvement=0.004640
SRD step 150: evaluated 32 candidates, 18 promising, accepted 3
  Accepted RestorePatch(4) at patch 21, improvement=0.005334
  Accepted AddPatch at patch 22, improvement=0.004640
  Accepted RestorePatch(3) at patch 23, improvement=0.004640
  Total patches: 24, total adds: 9, total deletes: 5
  step 150/2000: loss=0.494642, patches=21
[SRD rewrite] added patch=24, position=(-1.846, -1.430, -0.575), improvement=0.005459
[SRD rewrite] added patch=25, position=(-0.104, 0.873, -0.096), improvement=0.005422
[SRD rewrite] added patch=26, position=(-0.080, 2.293, 0.384), improvement=0.005296
SRD step 200: evaluated 32 candidates, 22 promising, accepted 3
  Accepted AddPatch at patch 24, improvement=0.005459
  Accepted AddPatch at patch 25, improvement=0.005422
  Accepted AddPatch at patch 26, improvement=0.005296
  Total patches: 27, total adds: 12, total deletes: 5
  step 200/2000: loss=0.456719, patches=24
[SRD rewrite] added patch=27, position=(0.771, 0.469, 0.207), improvement=0.001329
[SRD rewrite] added patch=28, position=(2.120, 2.393, -0.428), improvement=0.000174
[SRD rewrite] added patch=29, position=(0.739, -2.180, 1.563), improvement=0.000174
SRD step 250: evaluated 32 candidates, 5 promising, accepted 3
  Accepted AddPatch at patch 27, improvement=0.001329
  Accepted AddPatch at patch 28, improvement=0.000174
  Accepted AddPatch at patch 29, improvement=0.000174
  Total patches: 30, total adds: 15, total deletes: 5
  step 250/2000: loss=0.429010, patches=27
[SRD rewrite] deleted patch=2, position=(-1.740, -0.820, 2.463), reason=accepted rewrite
[SRD rewrite] added patch=29, position=(1.137, -0.880, 1.993), improvement=0.001627
[SRD rewrite] added patch=30, position=(-0.996, 0.399, 0.910), improvement=0.000804
[SRD rewrite] added patch=31, position=(-1.212, 0.981, -0.441), improvement=0.000685
SRD step 300: evaluated 32 candidates, 6 promising, accepted 4
  Accepted DeletePatch(2) at patch 2, improvement=0.019650
  Accepted AddPatch at patch 29, improvement=0.001627
  Accepted AddPatch at patch 30, improvement=0.000804
  Accepted AddPatch at patch 31, improvement=0.000685
  Total patches: 32, total adds: 18, total deletes: 6
  step 300/2000: loss=0.392487, patches=30
SRD step 350: evaluated 32 candidates, 0 promising, accepted 0
  Total patches: 32, total adds: 18, total deletes: 6
  step 350/2000: loss=0.353240, patches=32
SRD step 400: evaluated 32 candidates, 0 promising, accepted 0
  Total patches: 32, total adds: 18, total deletes: 6
  step 400/2000: loss=0.349005, patches=32
SRD step 450: evaluated 32 candidates, 0 promising, accepted 0
  Total patches: 32, total adds: 18, total deletes: 6
  step 450/2000: loss=0.347809, patches=32
SRD step 500: evaluated 32 candidates, 0 promising, accepted 0
  Total patches: 32, total adds: 18, total deletes: 6
  step 500/2000: loss=0.343267, patches=32
SRD step 550: evaluated 32 candidates, 0 promising, accepted 0
  Total patches: 32, total adds: 18, total deletes: 6
  step 550/2000: loss=0.352251, patches=32
[SRD rewrite] added patch=32, position=(1.863, 2.114, 1.660), improvement=0.000107
[SRD rewrite] added patch=33, position=(1.425, 2.478, -0.420), improvement=0.000107
SRD step 600: evaluated 32 candidates, 2 promising, accepted 2
  Accepted AddPatch at patch 32, improvement=0.000107
  Accepted AddPatch at patch 33, improvement=0.000107
  Total patches: 34, total adds: 20, total deletes: 6
  step 600/2000: loss=0.356829, patches=32
SRD step 650: evaluated 32 candidates, 0 promising, accepted 0
  Total patches: 34, total adds: 20, total deletes: 6
  step 650/2000: loss=0.350259, patches=34
SRD step 700: evaluated 32 candidates, 0 promising, accepted 0
  Total patches: 34, total adds: 20, total deletes: 6
  step 700/2000: loss=0.350125, patches=34
SRD step 750: evaluated 32 candidates, 0 promising, accepted 0
  Total patches: 34, total adds: 20, total deletes: 6
  step 750/2000: loss=0.329333, patches=34
SRD step 800: evaluated 32 candidates, 0 promising, accepted 0
  Total patches: 34, total adds: 20, total deletes: 6
  step 800/2000: loss=0.310730, patches=34
SRD step 850: evaluated 32 candidates, 0 promising, accepted 0
  Total patches: 34, total adds: 20, total deletes: 6
  step 850/2000: loss=0.311798, patches=34
SRD step 900: evaluated 32 candidates, 0 promising, accepted 0
  Total patches: 34, total adds: 20, total deletes: 6
  step 900/2000: loss=0.307784, patches=34
SRD step 950: evaluated 32 candidates, 0 promising, accepted 0
  Total patches: 34, total adds: 20, total deletes: 6
  step 950/2000: loss=0.304211, patches=34
SRD step 1000: evaluated 32 candidates, 0 promising, accepted 0
  Total patches: 34, total adds: 20, total deletes: 6
  step 1000/2000: loss=0.296360, patches=34
SRD step 1050: evaluated 32 candidates, 0 promising, accepted 0
  Total patches: 34, total adds: 20, total deletes: 6
  step 1050/2000: loss=0.288231, patches=34
SRD step 1100: evaluated 32 candidates, 0 promising, accepted 0
  Total patches: 34, total adds: 20, total deletes: 6
  step 1100/2000: loss=0.283689, patches=34
SRD step 1150: evaluated 32 candidates, 0 promising, accepted 0
  Total patches: 34, total adds: 20, total deletes: 6
  step 1150/2000: loss=0.285628, patches=34
SRD step 1200: evaluated 32 candidates, 0 promising, accepted 0
  Total patches: 34, total adds: 20, total deletes: 6
  step 1200/2000: loss=0.283655, patches=34
SRD step 1250: evaluated 32 candidates, 0 promising, accepted 0
  Total patches: 34, total adds: 20, total deletes: 6
  step 1250/2000: loss=0.285176, patches=34
SRD step 1300: evaluated 32 candidates, 0 promising, accepted 0
  Total patches: 34, total adds: 20, total deletes: 6
  step 1300/2000: loss=0.284065, patches=34
SRD step 1350: evaluated 32 candidates, 0 promising, accepted 0
  Total patches: 34, total adds: 20, total deletes: 6
  step 1350/2000: loss=0.281304, patches=34
SRD step 1400: evaluated 32 candidates, 0 promising, accepted 0
  Total patches: 34, total adds: 20, total deletes: 6
  step 1400/2000: loss=0.283812, patches=34
SRD step 1450: evaluated 32 candidates, 0 promising, accepted 0
  Total patches: 34, total adds: 20, total deletes: 6
  step 1450/2000: loss=0.289356, patches=34
SRD step 1500: evaluated 32 candidates, 0 promising, accepted 0
  Total patches: 34, total adds: 20, total deletes: 6
  step 1500/2000: loss=0.294047, patches=34
[SRD rewrite] deleted patch=6, position=(0.686, 0.861, 2.032), reason=accepted rewrite
SRD step 1550: evaluated 32 candidates, 1 promising, accepted 1
  Accepted DeletePatch(6) at patch 6, improvement=0.000172
  Total patches: 33, total adds: 20, total deletes: 7
  step 1550/2000: loss=0.288402, patches=34
SRD step 1600: evaluated 32 candidates, 0 promising, accepted 0
  Total patches: 33, total adds: 20, total deletes: 7
  step 1600/2000: loss=0.288672, patches=33
SRD step 1650: evaluated 32 candidates, 0 promising, accepted 0
  Total patches: 33, total adds: 20, total deletes: 7
  step 1650/2000: loss=0.290772, patches=33
SRD step 1700: evaluated 32 candidates, 0 promising, accepted 0
  Total patches: 33, total adds: 20, total deletes: 7
  step 1700/2000: loss=0.291644, patches=33
SRD step 1750: evaluated 32 candidates, 0 promising, accepted 0
  Total patches: 33, total adds: 20, total deletes: 7
  step 1750/2000: loss=0.289440, patches=33
SRD step 1800: evaluated 32 candidates, 0 promising, accepted 0
  Total patches: 33, total adds: 20, total deletes: 7
  step 1800/2000: loss=0.286690, patches=33
SRD step 1850: evaluated 32 candidates, 0 promising, accepted 0
  Total patches: 33, total adds: 20, total deletes: 7
  step 1850/2000: loss=0.297557, patches=33
SRD step 1900: evaluated 32 candidates, 0 promising, accepted 0
  Total patches: 33, total adds: 20, total deletes: 7
  step 1900/2000: loss=0.303660, patches=33
SRD step 1950: evaluated 32 candidates, 0 promising, accepted 0
  Total patches: 33, total adds: 20, total deletes: 7
  step 1950/2000: loss=0.299786, patches=33
SRD step 2000: evaluated 32 candidates, 0 promising, accepted 0
  Total patches: 33, total adds: 20, total deletes: 7
  step 2000/2000: loss=0.297637, patches=33
[SRD rewrite] deleted patch=3, position=(-0.630, 0.938, -0.619), reason=final deletion pass improved loss
[SRD rewrite] deleted patch=12, position=(-0.220, -1.464, -1.680), reason=final deletion pass improved loss
[SRD rewrite] deleted patch=15, position=(-0.976, -0.331, -0.231), reason=final deletion pass improved loss
[Trial 3] done: loss=0.265987, time=12898.0s
[Run] report written to results/slurm/20260718_1833/ablation_acm_scf_ablation/output.txt
