## SLURM PROLOG ###############################################################
##    Job ID : 4080015
##  Job Name : 20260718_0340_patchsize_sun_moon_5
##  Nodelist : gpu2104
##      CPUs : 
##  Mem/Node : 128000 MB
## Directory : /oscar/home/cjmok/automated-perspective-sculptor
##   Job Started : Sat Jul 18 04:51:48 AM EDT 2026
###############################################################################
[Swept volume] building (resolution=256)...
[Run] mode=full, trials=3, seeds=[0, 1, 2], steps=1000, srd=True, ablation_flags={'disable_swept_volume_adds': False, 'loss_only_deletion': False, 'disable_splitting': False}
[Trial 1/3] seed=0
[Patch] mapbox-earcut is not installed; falling back to fan fill, so non-convex pieces will render incorrectly. Install it with: pip install mapbox-earcut
[SRD rewrite] split patch=4, children=4,5, improvement=0.013891
[SRD rewrite] added patch=6, position=(-0.403, -0.080, 1.380), improvement=0.013300
[SRD rewrite] added patch=7, position=(0.023, -0.301, 1.081), improvement=0.012721
SRD step 50: evaluated 27 candidates, 22 promising, accepted 3
  Accepted SplitPatch(4) at patch 4, improvement=0.013891
  Accepted AddPatch at patch 6, improvement=0.013300
  Accepted AddPatch at patch 7, improvement=0.012721
  Total patches: 8, total adds: 3, total deletes: 0
  step 50/1000: loss=0.621185, patches=5
[SRD rewrite] deleted patch=4, position=(-1.663, 0.701, 0.638), reason=Area 0.003338 below minimum 0.01
[SRD rewrite] added patch=7, position=(-0.037, 1.500, -0.581), improvement=0.006317
[SRD rewrite] added patch=8, position=(-0.461, -0.199, 0.937), improvement=0.006019
[SRD rewrite] added patch=9, position=(-0.596, -0.154, 0.799), improvement=0.005791
SRD step 100: evaluated 27 candidates, 17 promising, accepted 4
  Accepted AddPatch at patch 7, improvement=0.006317
  Accepted AddPatch at patch 8, improvement=0.006019
  Accepted AddPatch at patch 9, improvement=0.005791
  Mandatory DeletePatch(4) at patch 4, reason=Area 0.003338 below minimum 0.01
  Total patches: 10, total adds: 6, total deletes: 1
  step 100/1000: loss=0.525094, patches=8
[SRD rewrite] added patch=10, position=(-0.567, -0.342, 0.977), improvement=0.005209
[SRD rewrite] added patch=11, position=(0.089, -0.374, 1.319), improvement=0.004138
[SRD rewrite] added patch=12, position=(0.731, -0.894, 0.426), improvement=0.004134
SRD step 150: evaluated 27 candidates, 15 promising, accepted 3
  Accepted AddPatch at patch 10, improvement=0.005209
  Accepted AddPatch at patch 11, improvement=0.004138
  Accepted AddPatch at patch 12, improvement=0.004134
  Total patches: 13, total adds: 9, total deletes: 1
  step 150/1000: loss=0.479435, patches=10
[SRD rewrite] deleted patch=11, position=(-0.004, -0.474, 1.355), reason=Area 0.000809 below minimum 0.01
[SRD rewrite] deleted patch=9, position=(-0.704, -0.189, 0.750), reason=Area 0.007135 below minimum 0.01
[SRD rewrite] deleted patch=4, position=(-1.923, 0.712, 0.470), reason=Area 0.004781 below minimum 0.01
[SRD rewrite] deleted patch=8, position=(-0.619, -0.328, 0.946), reason=delete has no image effect
[SRD rewrite] added patch=9, position=(0.003, -1.103, 0.136), improvement=0.006030
[SRD rewrite] added patch=10, position=(-0.390, -0.445, 1.226), improvement=0.005098
[SRD rewrite] restored patch=11, position=(-0.004, -0.474, 1.355), improvement=0.004196
SRD step 200: evaluated 27 candidates, 17 promising, accepted 7
  Accepted AddPatch at patch 9, improvement=0.006030
  Accepted AddPatch at patch 10, improvement=0.005098
  Accepted RestorePatch(2) at patch 11, improvement=0.004196
  Mandatory DeletePatch(4) at patch 4, reason=Area 0.004781 below minimum 0.01
  Mandatory DeletePatch(9) at patch 9, reason=Area 0.007135 below minimum 0.01
  Mandatory DeletePatch(11) at patch 11, reason=Area 0.000809 below minimum 0.01
  Mandatory DeletePatch(8) at patch 8, reason=delete has no image effect
  Total patches: 12, total adds: 12, total deletes: 5
  step 200/1000: loss=0.430614, patches=13
[SRD rewrite] deleted patch=11, position=(-0.021, -0.594, 1.328), reason=Area 0.000121 below minimum 0.01
[SRD rewrite] added patch=11, position=(-0.629, 0.881, 0.643), improvement=0.004816
[SRD rewrite] added patch=12, position=(-0.701, 0.904, 0.263), improvement=0.004022
[SRD rewrite] added patch=13, position=(0.653, 0.812, 1.035), improvement=0.003401
SRD step 250: evaluated 27 candidates, 15 promising, accepted 4
  Accepted AddPatch at patch 11, improvement=0.004816
  Accepted AddPatch at patch 12, improvement=0.004022
  Accepted AddPatch at patch 13, improvement=0.003401
  Mandatory DeletePatch(11) at patch 11, reason=Area 0.000121 below minimum 0.01
  Total patches: 14, total adds: 15, total deletes: 6
  step 250/1000: loss=0.374587, patches=12
[SRD rewrite] deleted patch=7, position=(-0.679, 0.116, 1.276), reason=Area 0.002988 below minimum 0.01
[SRD rewrite] added patch=13, position=(-0.715, -1.006, 0.194), improvement=0.003955
[SRD rewrite] restored patch=14, position=(-0.619, -0.328, 0.946), improvement=0.001977
[SRD rewrite] added patch=15, position=(-0.472, -0.245, 1.381), improvement=0.001617
SRD step 300: evaluated 27 candidates, 24 promising, accepted 4
  Accepted AddPatch at patch 13, improvement=0.003955
  Accepted RestorePatch(4) at patch 14, improvement=0.001977
  Accepted AddPatch at patch 15, improvement=0.001617
  Mandatory DeletePatch(7) at patch 7, reason=Area 0.002988 below minimum 0.01
  Total patches: 16, total adds: 18, total deletes: 7
  step 300/1000: loss=0.319031, patches=14
[SRD rewrite] deleted patch=15, position=(-0.490, -0.277, 1.474), reason=Area 0.001802 below minimum 0.01
[SRD rewrite] deleted patch=14, position=(-0.672, -0.402, 1.093), reason=Area 0.000338 below minimum 0.01
[SRD rewrite] added patch=14, position=(0.825, -1.158, -0.299), improvement=0.000892
[SRD rewrite] added patch=15, position=(-0.598, -0.242, 1.065), improvement=0.000341
[SRD rewrite] added patch=16, position=(-0.073, -0.930, 1.143), improvement=0.000296
SRD step 350: evaluated 27 candidates, 6 promising, accepted 5
  Accepted AddPatch at patch 14, improvement=0.000892
  Accepted AddPatch at patch 15, improvement=0.000341
  Accepted AddPatch at patch 16, improvement=0.000296
  Mandatory DeletePatch(14) at patch 14, reason=Area 0.000338 below minimum 0.01
  Mandatory DeletePatch(15) at patch 15, reason=Area 0.001802 below minimum 0.01
  Total patches: 17, total adds: 21, total deletes: 9
  step 350/1000: loss=0.284519, patches=16
[SRD rewrite] deleted patch=16, position=(-0.073, -0.891, 1.181), reason=Area 0.007428 below minimum 0.01
[SRD rewrite] deleted patch=15, position=(-0.685, -0.293, 1.212), reason=Area 0.000617 below minimum 0.01
[SRD rewrite] added patch=15, position=(1.340, 0.004, 0.853), improvement=0.002577
[SRD rewrite] restored patch=16, position=(-0.672, -0.402, 1.093), improvement=0.001635
[SRD rewrite] added patch=17, position=(-0.658, -0.152, 1.488), improvement=0.001394
SRD step 400: evaluated 27 candidates, 12 promising, accepted 5
  Accepted AddPatch at patch 15, improvement=0.002577
  Accepted RestorePatch(7) at patch 16, improvement=0.001635
  Accepted AddPatch at patch 17, improvement=0.001394
  Mandatory DeletePatch(15) at patch 15, reason=Area 0.000617 below minimum 0.01
  Mandatory DeletePatch(16) at patch 16, reason=Area 0.007428 below minimum 0.01
  Total patches: 18, total adds: 24, total deletes: 11
  step 400/1000: loss=0.262865, patches=17
[SRD rewrite] deleted patch=17, position=(-0.652, -0.069, 1.538), reason=Area 0.001690 below minimum 0.01
[SRD rewrite] deleted patch=16, position=(-0.762, -0.441, 1.201), reason=Area 0.000304 below minimum 0.01
[SRD rewrite] added patch=16, position=(-0.768, 0.617, 1.391), improvement=0.000678
[SRD rewrite] added patch=17, position=(-1.096, -0.488, 0.750), improvement=0.000285
[SRD rewrite] added patch=18, position=(-1.316, 0.032, 1.102), improvement=0.000193
SRD step 450: evaluated 27 candidates, 3 promising, accepted 5
  Accepted AddPatch at patch 16, improvement=0.000678
  Accepted AddPatch at patch 17, improvement=0.000285
  Accepted AddPatch at patch 18, improvement=0.000193
  Mandatory DeletePatch(16) at patch 16, reason=Area 0.000304 below minimum 0.01
  Mandatory DeletePatch(17) at patch 17, reason=Area 0.001690 below minimum 0.01
  Total patches: 19, total adds: 27, total deletes: 13
  step 450/1000: loss=0.235315, patches=18
[SRD rewrite] deleted patch=4, position=(-0.539, 0.400, 1.462), reason=Area 0.003935 below minimum 0.01
[SRD rewrite] added patch=18, position=(-0.761, 0.380, 0.748), improvement=0.000399
[SRD rewrite] added patch=19, position=(0.689, -1.113, -0.420), improvement=0.000280
[SRD rewrite] added patch=20, position=(0.163, -0.603, 1.194), improvement=0.000071
SRD step 500: evaluated 27 candidates, 3 promising, accepted 4
  Accepted AddPatch at patch 18, improvement=0.000399
  Accepted AddPatch at patch 19, improvement=0.000280
  Accepted AddPatch at patch 20, improvement=0.000071
  Mandatory DeletePatch(4) at patch 4, reason=Area 0.003935 below minimum 0.01
  Total patches: 21, total adds: 30, total deletes: 14
  step 500/1000: loss=0.190957, patches=19
[SRD rewrite] deleted patch=20, position=(0.246, -0.681, 1.231), reason=Area 0.000413 below minimum 0.01
SRD step 550: evaluated 27 candidates, 0 promising, accepted 1
  Mandatory DeletePatch(20) at patch 20, reason=Area 0.000413 below minimum 0.01
  Total patches: 20, total adds: 30, total deletes: 15
  step 550/1000: loss=0.162198, patches=21
[SRD rewrite] deleted patch=4, position=(-0.583, 0.293, 1.495), reason=Area 0.009067 below minimum 0.01
SRD step 600: evaluated 27 candidates, 0 promising, accepted 1
  Mandatory DeletePatch(4) at patch 4, reason=Area 0.009067 below minimum 0.01
  Total patches: 19, total adds: 30, total deletes: 16
  step 600/1000: loss=0.154960, patches=20
[SRD rewrite] deleted patch=1, position=(-0.305, 0.701, 1.335), reason=Area 0.008817 below minimum 0.01
SRD step 650: evaluated 27 candidates, 0 promising, accepted 1
  Mandatory DeletePatch(1) at patch 1, reason=Area 0.008817 below minimum 0.01
  Total patches: 18, total adds: 30, total deletes: 17
  step 650/1000: loss=0.150180, patches=19
[SRD rewrite] deleted patch=16, position=(-0.920, 0.434, 0.463), reason=delete has no image effect
SRD step 700: evaluated 27 candidates, 0 promising, accepted 1
  Mandatory DeletePatch(16) at patch 16, reason=delete has no image effect
  Total patches: 17, total adds: 30, total deletes: 18
  step 700/1000: loss=0.140479, patches=18
[SRD rewrite] deleted patch=6, position=(-0.659, 0.030, 1.542), reason=Area 0.007861 below minimum 0.01
SRD step 750: evaluated 27 candidates, 0 promising, accepted 1
  Mandatory DeletePatch(6) at patch 6, reason=Area 0.007861 below minimum 0.01
  Total patches: 16, total adds: 30, total deletes: 19
  step 750/1000: loss=0.136405, patches=17
SRD step 800: evaluated 27 candidates, 0 promising, accepted 0
  Total patches: 16, total adds: 30, total deletes: 19
  step 800/1000: loss=0.133625, patches=16
SRD step 850: evaluated 27 candidates, 0 promising, accepted 0
  Total patches: 16, total adds: 30, total deletes: 19
  step 850/1000: loss=0.125533, patches=16
SRD step 900: evaluated 27 candidates, 0 promising, accepted 0
  Total patches: 16, total adds: 30, total deletes: 19
  step 900/1000: loss=0.138638, patches=16
SRD step 950: evaluated 27 candidates, 0 promising, accepted 0
  Total patches: 16, total adds: 30, total deletes: 19
  step 950/1000: loss=0.138248, patches=16
SRD step 1000: evaluated 27 candidates, 0 promising, accepted 0
  Total patches: 16, total adds: 30, total deletes: 19
  step 1000/1000: loss=0.139971, patches=16
[SRD rewrite] deleted patch=2, position=(-1.908, 0.301, 1.446), reason=final deletion pass improved loss
[Trial 1] done: loss=0.137492, time=2876.0s
[Trial 2/3] seed=1
[SRD rewrite] split patch=0, children=4,5, improvement=0.019644
[SRD rewrite] added patch=6, position=(-0.109, 0.067, 1.332), improvement=0.007744
[SRD rewrite] added patch=7, position=(0.220, 0.188, 1.071), improvement=0.007725
SRD step 50: evaluated 27 candidates, 27 promising, accepted 3
  Accepted SplitPatch(0) at patch 0, improvement=0.019644
  Accepted AddPatch at patch 6, improvement=0.007744
  Accepted AddPatch at patch 7, improvement=0.007725
  Total patches: 8, total adds: 3, total deletes: 0
  step 50/1000: loss=0.767222, patches=5
[SRD rewrite] deleted patch=5, position=(-0.160, -1.266, 0.882), reason=Area 0.002221 below minimum 0.01
[SRD rewrite] deleted patch=4, position=(0.043, -1.289, 0.990), reason=Area 0.003175 below minimum 0.01
[SRD rewrite] split patch=3, children=5,6, improvement=0.013777
[SRD rewrite] split patch=2, children=6,7, improvement=0.012854
[SRD rewrite] added patch=8, position=(0.419, -0.220, 1.231), improvement=0.012404
SRD step 100: evaluated 27 candidates, 26 promising, accepted 5
  Accepted SplitPatch(3) at patch 3, improvement=0.013777
  Accepted SplitPatch(2) at patch 2, improvement=0.012854
  Accepted AddPatch at patch 8, improvement=0.012404
  Mandatory DeletePatch(4) at patch 4, reason=Area 0.003175 below minimum 0.01
  Mandatory DeletePatch(5) at patch 5, reason=Area 0.002221 below minimum 0.01
  Total patches: 9, total adds: 6, total deletes: 2
  step 100/1000: loss=0.632830, patches=8
[SRD rewrite] deleted patch=7, position=(-0.069, 0.985, -1.298), reason=Area 0.002823 below minimum 0.01
[SRD rewrite] deleted patch=6, position=(0.074, 1.174, -1.294), reason=Area 0.007181 below minimum 0.01
[SRD rewrite] deleted patch=5, position=(-1.262, -1.787, -0.815), reason=Area 0.008374 below minimum 0.01
[SRD rewrite] added patch=6, position=(0.058, -0.434, 1.003), improvement=0.010272
[SRD rewrite] added patch=7, position=(0.302, -0.136, 0.860), improvement=0.008546
[SRD rewrite] added patch=8, position=(-0.142, -0.159, 1.228), improvement=0.008036
SRD step 150: evaluated 27 candidates, 26 promising, accepted 6
  Accepted AddPatch at patch 6, improvement=0.010272
  Accepted AddPatch at patch 7, improvement=0.008546
  Accepted AddPatch at patch 8, improvement=0.008036
  Mandatory DeletePatch(5) at patch 5, reason=Area 0.008374 below minimum 0.01
  Mandatory DeletePatch(6) at patch 6, reason=Area 0.007181 below minimum 0.01
  Mandatory DeletePatch(7) at patch 7, reason=Area 0.002823 below minimum 0.01
  Total patches: 9, total adds: 9, total deletes: 5
  step 150/1000: loss=0.513729, patches=9
[SRD rewrite] deleted patch=8, position=(-0.291, -0.218, 1.074), reason=Area 0.000610 below minimum 0.01
[SRD rewrite] deleted patch=7, position=(0.468, -0.149, 0.879), reason=Area 0.003812 below minimum 0.01
[SRD rewrite] deleted patch=6, position=(-0.055, -0.541, 1.065), reason=Area 0.006284 below minimum 0.01
[SRD rewrite] deleted patch=4, position=(-1.504, -1.468, -1.113), reason=Area 0.002031 below minimum 0.01
[SRD rewrite] added patch=5, position=(-0.501, -0.158, 1.339), improvement=0.001247
[SRD rewrite] added patch=6, position=(-0.278, -0.150, 0.959), improvement=0.000671
[SRD rewrite] added patch=7, position=(-0.394, -0.107, 1.181), improvement=0.000439
SRD step 200: evaluated 27 candidates, 5 promising, accepted 7
  Accepted AddPatch at patch 5, improvement=0.001247
  Accepted AddPatch at patch 6, improvement=0.000671
  Accepted AddPatch at patch 7, improvement=0.000439
  Mandatory DeletePatch(4) at patch 4, reason=Area 0.002031 below minimum 0.01
  Mandatory DeletePatch(6) at patch 6, reason=Area 0.006284 below minimum 0.01
  Mandatory DeletePatch(7) at patch 7, reason=Area 0.003812 below minimum 0.01
  Mandatory DeletePatch(8) at patch 8, reason=Area 0.000610 below minimum 0.01
  Total patches: 8, total adds: 12, total deletes: 9
  step 200/1000: loss=0.453183, patches=9
[SRD rewrite] deleted patch=7, position=(-0.528, -0.101, 1.059), reason=Area 0.001448 below minimum 0.01
[SRD rewrite] deleted patch=6, position=(-0.421, 0.000, 0.932), reason=Area 0.003534 below minimum 0.01
SRD step 250: evaluated 27 candidates, 0 promising, accepted 2
  Mandatory DeletePatch(6) at patch 6, reason=Area 0.003534 below minimum 0.01
  Mandatory DeletePatch(7) at patch 7, reason=Area 0.001448 below minimum 0.01
  Total patches: 6, total adds: 12, total deletes: 11
  step 250/1000: loss=0.420784, patches=8
[SRD rewrite] added patch=6, position=(0.197, 1.215, -1.217), improvement=0.003543
[SRD rewrite] added patch=7, position=(0.261, -0.209, 1.013), improvement=0.003390
[SRD rewrite] added patch=8, position=(-1.026, -2.362, -0.482), improvement=0.002801
SRD step 300: evaluated 27 candidates, 14 promising, accepted 3
  Accepted AddPatch at patch 6, improvement=0.003543
  Accepted AddPatch at patch 7, improvement=0.003390
  Accepted AddPatch at patch 8, improvement=0.002801
  Total patches: 9, total adds: 15, total deletes: 11
  step 300/1000: loss=0.424721, patches=6
[SRD rewrite] deleted patch=8, position=(-0.933, -2.343, -0.610), reason=Area 0.001783 below minimum 0.01
[SRD rewrite] deleted patch=7, position=(0.361, -0.112, 0.939), reason=Area 0.008691 below minimum 0.01
[SRD rewrite] deleted patch=5, position=(-0.685, 0.150, 1.535), reason=Area 0.003358 below minimum 0.01
SRD step 350: evaluated 27 candidates, 0 promising, accepted 3
  Mandatory DeletePatch(5) at patch 5, reason=Area 0.003358 below minimum 0.01
  Mandatory DeletePatch(7) at patch 7, reason=Area 0.008691 below minimum 0.01
  Mandatory DeletePatch(8) at patch 8, reason=Area 0.001783 below minimum 0.01
  Total patches: 6, total adds: 15, total deletes: 14
  step 350/1000: loss=0.404215, patches=9
[SRD rewrite] restored patch=6, position=(0.361, -0.112, 0.939), improvement=0.004549
[SRD rewrite] added patch=7, position=(0.435, -0.139, 1.285), improvement=0.004090
[SRD rewrite] added patch=8, position=(0.316, -0.135, 1.107), improvement=0.003010
SRD step 400: evaluated 27 candidates, 17 promising, accepted 3
  Accepted RestorePatch(15) at patch 6, improvement=0.004549
  Accepted AddPatch at patch 7, improvement=0.004090
  Accepted AddPatch at patch 8, improvement=0.003010
  Total patches: 9, total adds: 18, total deletes: 14
  step 400/1000: loss=0.410011, patches=6
[SRD rewrite] deleted patch=8, position=(0.418, -0.111, 1.042), reason=Area 0.000627 below minimum 0.01
[SRD rewrite] added patch=8, position=(0.210, -0.453, 1.257), improvement=0.000836
SRD step 450: evaluated 27 candidates, 1 promising, accepted 2
  Accepted AddPatch at patch 8, improvement=0.000836
  Mandatory DeletePatch(8) at patch 8, reason=Area 0.000627 below minimum 0.01
  Total patches: 9, total adds: 19, total deletes: 15
  step 450/1000: loss=0.389820, patches=9
[SRD rewrite] deleted patch=8, position=(0.289, -0.522, 1.257), reason=Area 0.009413 below minimum 0.01
SRD step 500: evaluated 27 candidates, 0 promising, accepted 1
  Mandatory DeletePatch(8) at patch 8, reason=Area 0.009413 below minimum 0.01
  Total patches: 8, total adds: 19, total deletes: 16
  step 500/1000: loss=0.380191, patches=9
[SRD rewrite] added patch=8, position=(0.622, -0.291, 0.915), improvement=0.002658
[SRD rewrite] added patch=9, position=(0.488, -0.287, 1.208), improvement=0.002549
[SRD rewrite] added patch=10, position=(0.231, -0.404, 0.892), improvement=0.002207
SRD step 550: evaluated 27 candidates, 5 promising, accepted 3
  Accepted AddPatch at patch 8, improvement=0.002658
  Accepted AddPatch at patch 9, improvement=0.002549
  Accepted AddPatch at patch 10, improvement=0.002207
  Total patches: 11, total adds: 22, total deletes: 16
  step 550/1000: loss=0.383218, patches=8
[SRD rewrite] added patch=11, position=(1.292, -0.001, 1.066), improvement=0.001354
[SRD rewrite] added patch=12, position=(0.694, 0.100, 0.801), improvement=0.000435
[SRD rewrite] restored patch=13, position=(0.468, -0.149, 0.879), improvement=0.000178
SRD step 600: evaluated 27 candidates, 15 promising, accepted 3
  Accepted AddPatch at patch 11, improvement=0.001354
  Accepted AddPatch at patch 12, improvement=0.000435
  Accepted RestorePatch(9) at patch 13, improvement=0.000178
  Total patches: 14, total adds: 25, total deletes: 16
  step 600/1000: loss=0.363658, patches=11
[SRD rewrite] deleted patch=13, position=(0.489, -0.198, 0.938), reason=Area 0.000155 below minimum 0.01
[SRD rewrite] deleted patch=12, position=(0.702, 0.079, 0.822), reason=Area 0.001154 below minimum 0.01
[SRD rewrite] deleted patch=2, position=(0.085, 0.744, 1.226), reason=Area 0.005162 below minimum 0.01
SRD step 650: evaluated 27 candidates, 0 promising, accepted 3
  Mandatory DeletePatch(2) at patch 2, reason=Area 0.005162 below minimum 0.01
  Mandatory DeletePatch(12) at patch 12, reason=Area 0.001154 below minimum 0.01
  Mandatory DeletePatch(13) at patch 13, reason=Area 0.000155 below minimum 0.01
  Total patches: 11, total adds: 25, total deletes: 19
  step 650/1000: loss=0.332875, patches=14
[SRD rewrite] deleted patch=7, position=(0.669, -0.242, 0.928), reason=Area 0.006385 below minimum 0.01
[SRD rewrite] added patch=10, position=(-0.611, 0.828, 0.990), improvement=0.001411
[SRD rewrite] added patch=11, position=(-0.625, -0.822, 1.055), improvement=0.000884
[SRD rewrite] added patch=12, position=(-0.719, 0.986, 0.402), improvement=0.000652
SRD step 700: evaluated 27 candidates, 3 promising, accepted 4
  Accepted AddPatch at patch 10, improvement=0.001411
  Accepted AddPatch at patch 11, improvement=0.000884
  Accepted AddPatch at patch 12, improvement=0.000652
  Mandatory DeletePatch(7) at patch 7, reason=Area 0.006385 below minimum 0.01
  Total patches: 13, total adds: 28, total deletes: 20
  step 700/1000: loss=0.323644, patches=11
[SRD rewrite] added patch=13, position=(-0.030, 1.226, 0.049), improvement=0.001097
[SRD rewrite] added patch=14, position=(-0.890, -0.483, 0.895), improvement=0.000369
[SRD rewrite] added patch=15, position=(-1.089, 0.531, 0.921), improvement=0.000348
SRD step 750: evaluated 27 candidates, 3 promising, accepted 3
  Accepted AddPatch at patch 13, improvement=0.001097
  Accepted AddPatch at patch 14, improvement=0.000369
  Accepted AddPatch at patch 15, improvement=0.000348
  Total patches: 16, total adds: 31, total deletes: 20
  step 750/1000: loss=0.282472, patches=13
[SRD rewrite] added patch=16, position=(0.632, 0.988, 0.790), improvement=0.004205
[SRD rewrite] added patch=17, position=(0.435, 0.194, 0.633), improvement=0.003288
[SRD rewrite] restored patch=18, position=(0.702, 0.079, 0.822), improvement=0.003285
SRD step 800: evaluated 27 candidates, 18 promising, accepted 3
  Accepted AddPatch at patch 16, improvement=0.004205
  Accepted AddPatch at patch 17, improvement=0.003288
  Accepted RestorePatch(18) at patch 18, improvement=0.003285
  Total patches: 19, total adds: 34, total deletes: 20
  step 800/1000: loss=0.239462, patches=16
[SRD rewrite] deleted patch=18, position=(0.716, 0.114, 0.841), reason=Area 0.000479 below minimum 0.01
[SRD rewrite] deleted patch=17, position=(0.545, 0.283, 0.721), reason=Area 0.000362 below minimum 0.01
SRD step 850: evaluated 27 candidates, 0 promising, accepted 2
  Mandatory DeletePatch(17) at patch 17, reason=Area 0.000362 below minimum 0.01
  Mandatory DeletePatch(18) at patch 18, reason=Area 0.000479 below minimum 0.01
  Total patches: 17, total adds: 34, total deletes: 22
  step 850/1000: loss=0.211058, patches=19
[SRD rewrite] added patch=17, position=(0.621, -0.959, 0.845), improvement=0.002140
[SRD rewrite] added patch=18, position=(0.685, 0.974, -0.053), improvement=0.001353
[SRD rewrite] added patch=19, position=(-0.853, -0.002, 0.856), improvement=0.001274
SRD step 900: evaluated 27 candidates, 14 promising, accepted 3
  Accepted AddPatch at patch 17, improvement=0.002140
  Accepted AddPatch at patch 18, improvement=0.001353
  Accepted AddPatch at patch 19, improvement=0.001274
  Total patches: 20, total adds: 37, total deletes: 22
  step 900/1000: loss=0.204651, patches=17
[SRD rewrite] deleted patch=4, position=(-0.033, 1.276, -1.287), reason=delete has no image effect
SRD step 950: evaluated 27 candidates, 0 promising, accepted 1
  Mandatory DeletePatch(4) at patch 4, reason=delete has no image effect
  Total patches: 19, total adds: 37, total deletes: 23
  step 950/1000: loss=0.169136, patches=20
SRD step 1000: evaluated 27 candidates, 0 promising, accepted 0
  Total patches: 19, total adds: 37, total deletes: 23
  step 1000/1000: loss=0.145922, patches=19
[Trial 2] done: loss=0.145742, time=2060.5s
[Trial 3/3] seed=2
[SRD rewrite] added patch=5, position=(-0.290, 0.063, 1.265), improvement=0.016793
[SRD rewrite] added patch=6, position=(-0.243, 0.100, 1.116), improvement=0.016445
[SRD rewrite] added patch=7, position=(-0.037, -0.112, 1.291), improvement=0.016044
SRD step 50: evaluated 27 candidates, 22 promising, accepted 3
  Accepted AddPatch at patch 5, improvement=0.016793
  Accepted AddPatch at patch 6, improvement=0.016445
  Accepted AddPatch at patch 7, improvement=0.016044
  Total patches: 8, total adds: 3, total deletes: 0
  step 50/1000: loss=0.583787, patches=5
[SRD rewrite] added patch=8, position=(0.248, 0.391, 1.349), improvement=0.013168
[SRD rewrite] added patch=9, position=(-0.305, -0.068, 1.293), improvement=0.013068
[SRD rewrite] added patch=10, position=(-0.310, 0.110, 1.285), improvement=0.012473
SRD step 100: evaluated 27 candidates, 22 promising, accepted 3
  Accepted AddPatch at patch 8, improvement=0.013168
  Accepted AddPatch at patch 9, improvement=0.013068
  Accepted AddPatch at patch 10, improvement=0.012473
  Total patches: 11, total adds: 6, total deletes: 0
  step 100/1000: loss=0.471909, patches=8
[SRD rewrite] deleted patch=10, position=(-0.230, 0.165, 1.334), reason=Area 0.000341 below minimum 0.01
[SRD rewrite] deleted patch=9, position=(-0.237, 0.087, 1.410), reason=Area 0.000226 below minimum 0.01
[SRD rewrite] deleted patch=8, position=(0.152, 0.479, 1.339), reason=Area 0.000502 below minimum 0.01
SRD step 150: evaluated 27 candidates, 0 promising, accepted 3
  Mandatory DeletePatch(8) at patch 8, reason=Area 0.000502 below minimum 0.01
  Mandatory DeletePatch(9) at patch 9, reason=Area 0.000226 below minimum 0.01
  Mandatory DeletePatch(10) at patch 10, reason=Area 0.000341 below minimum 0.01
  Total patches: 8, total adds: 6, total deletes: 3
  step 150/1000: loss=0.410285, patches=11
[SRD rewrite] restored patch=8, position=(0.152, 0.479, 1.339), improvement=0.003780
[SRD rewrite] added patch=9, position=(0.073, 0.319, 1.179), improvement=0.003650
[SRD rewrite] added patch=10, position=(0.434, -0.513, 0.590), improvement=0.003520
SRD step 200: evaluated 27 candidates, 23 promising, accepted 3
  Accepted RestorePatch(2) at patch 8, improvement=0.003780
  Accepted AddPatch at patch 9, improvement=0.003650
  Accepted AddPatch at patch 10, improvement=0.003520
  Total patches: 11, total adds: 9, total deletes: 3
  step 200/1000: loss=0.396292, patches=8
[SRD rewrite] deleted patch=10, position=(0.568, -0.538, 0.433), reason=Area 0.000350 below minimum 0.01
[SRD rewrite] deleted patch=9, position=(-0.038, 0.421, 1.306), reason=Area 0.000183 below minimum 0.01
[SRD rewrite] deleted patch=8, position=(0.049, 0.527, 1.332), reason=Area 0.000303 below minimum 0.01
SRD step 250: evaluated 27 candidates, 0 promising, accepted 3
  Mandatory DeletePatch(8) at patch 8, reason=Area 0.000303 below minimum 0.01
  Mandatory DeletePatch(9) at patch 9, reason=Area 0.000183 below minimum 0.01
  Mandatory DeletePatch(10) at patch 10, reason=Area 0.000350 below minimum 0.01
  Total patches: 8, total adds: 9, total deletes: 6
  step 250/1000: loss=0.382913, patches=11
[SRD rewrite] deleted patch=7, position=(-0.127, 0.445, 1.381), reason=Area 0.002698 below minimum 0.01
SRD step 300: evaluated 27 candidates, 0 promising, accepted 1
  Mandatory DeletePatch(7) at patch 7, reason=Area 0.002698 below minimum 0.01
  Total patches: 7, total adds: 9, total deletes: 7
  step 300/1000: loss=0.391017, patches=8
[SRD rewrite] restored patch=7, position=(-0.038, 0.421, 1.306), improvement=0.002311
[SRD rewrite] added patch=8, position=(0.397, 0.303, 1.865), improvement=0.001770
[SRD rewrite] added patch=9, position=(-0.318, -0.447, 1.434), improvement=0.001727
SRD step 350: evaluated 27 candidates, 6 promising, accepted 3
  Accepted RestorePatch(3) at patch 7, improvement=0.002311
  Accepted AddPatch at patch 8, improvement=0.001770
  Accepted AddPatch at patch 9, improvement=0.001727
  Total patches: 10, total adds: 12, total deletes: 7
  step 350/1000: loss=0.400716, patches=7
[SRD rewrite] deleted patch=9, position=(-0.413, -0.323, 1.480), reason=Area 0.000246 below minimum 0.01
[SRD rewrite] deleted patch=8, position=(0.397, 0.303, 1.865), reason=Area 0.009291 below minimum 0.01
[SRD rewrite] deleted patch=7, position=(-0.068, 0.480, 1.349), reason=Area 0.000183 below minimum 0.01
[SRD rewrite] deleted patch=5, position=(-0.315, 0.598, 1.364), reason=Area 0.003789 below minimum 0.01
SRD step 400: evaluated 27 candidates, 0 promising, accepted 4
  Mandatory DeletePatch(5) at patch 5, reason=Area 0.003789 below minimum 0.01
  Mandatory DeletePatch(7) at patch 7, reason=Area 0.000183 below minimum 0.01
  Mandatory DeletePatch(8) at patch 8, reason=Area 0.009291 below minimum 0.01
  Mandatory DeletePatch(9) at patch 9, reason=Area 0.000246 below minimum 0.01
  Total patches: 6, total adds: 12, total deletes: 11
  step 400/1000: loss=0.393745, patches=10
[SRD rewrite] added patch=6, position=(-0.211, -0.158, 1.477), improvement=0.002809
[SRD rewrite] added patch=7, position=(-0.205, -0.131, 1.205), improvement=0.002498
[SRD rewrite] added patch=8, position=(-0.155, -0.036, 1.021), improvement=0.001406
SRD step 450: evaluated 27 candidates, 10 promising, accepted 3
  Accepted AddPatch at patch 6, improvement=0.002809
  Accepted AddPatch at patch 7, improvement=0.002498
  Accepted AddPatch at patch 8, improvement=0.001406
  Total patches: 9, total adds: 15, total deletes: 11
  step 450/1000: loss=0.411471, patches=6
[SRD rewrite] deleted patch=8, position=(-0.267, -0.069, 1.146), reason=Area 0.000339 below minimum 0.01
[SRD rewrite] deleted patch=7, position=(-0.159, -0.072, 1.277), reason=Area 0.000518 below minimum 0.01
[SRD rewrite] deleted patch=6, position=(-0.242, -0.149, 1.458), reason=Area 0.001942 below minimum 0.01
SRD step 500: evaluated 27 candidates, 0 promising, accepted 3
  Mandatory DeletePatch(6) at patch 6, reason=Area 0.001942 below minimum 0.01
  Mandatory DeletePatch(7) at patch 7, reason=Area 0.000518 below minimum 0.01
  Mandatory DeletePatch(8) at patch 8, reason=Area 0.000339 below minimum 0.01
  Total patches: 6, total adds: 15, total deletes: 14
  step 500/1000: loss=0.401089, patches=9
[SRD rewrite] deleted patch=5, position=(-0.226, 0.662, 1.306), reason=Area 0.004559 below minimum 0.01
[SRD rewrite] added patch=5, position=(-0.242, -0.046, 1.226), improvement=0.000719
[SRD rewrite] restored patch=6, position=(-0.226, 0.662, 1.306), improvement=0.000369
[SRD rewrite] restored patch=7, position=(-0.267, -0.069, 1.146), improvement=0.000252
SRD step 550: evaluated 27 candidates, 3 promising, accepted 4
  Accepted AddPatch at patch 5, improvement=0.000719
  Accepted RestorePatch(12) at patch 6, improvement=0.000369
  Accepted RestorePatch(9) at patch 7, improvement=0.000252
  Mandatory DeletePatch(5) at patch 5, reason=Area 0.004559 below minimum 0.01
  Total patches: 8, total adds: 18, total deletes: 15
  step 550/1000: loss=0.414876, patches=6
[SRD rewrite] deleted patch=7, position=(-0.382, -0.017, 1.134), reason=Area 0.000339 below minimum 0.01
[SRD rewrite] deleted patch=6, position=(-0.262, 0.646, 1.347), reason=Area 0.001025 below minimum 0.01
[SRD rewrite] deleted patch=5, position=(-0.198, -0.023, 1.333), reason=Area 0.001027 below minimum 0.01
SRD step 600: evaluated 27 candidates, 0 promising, accepted 3
  Mandatory DeletePatch(5) at patch 5, reason=Area 0.001027 below minimum 0.01
  Mandatory DeletePatch(6) at patch 6, reason=Area 0.001025 below minimum 0.01
  Mandatory DeletePatch(7) at patch 7, reason=Area 0.000339 below minimum 0.01
  Total patches: 5, total adds: 18, total deletes: 18
  step 600/1000: loss=0.405188, patches=8
[SRD rewrite] restored patch=5, position=(-0.315, 0.598, 1.364), improvement=0.003297
[SRD rewrite] restored patch=6, position=(-0.159, -0.072, 1.277), improvement=0.002982
[SRD rewrite] restored patch=7, position=(-0.230, 0.165, 1.334), improvement=0.002091
SRD step 650: evaluated 27 candidates, 11 promising, accepted 3
  Accepted RestorePatch(8) at patch 5, improvement=0.003297
  Accepted RestorePatch(9) at patch 6, improvement=0.002982
  Accepted RestorePatch(0) at patch 7, improvement=0.002091
  Total patches: 8, total adds: 21, total deletes: 18
  step 650/1000: loss=0.416323, patches=5
[SRD rewrite] deleted patch=7, position=(-0.189, 0.037, 1.463), reason=Area 0.000306 below minimum 0.01
[SRD rewrite] deleted patch=6, position=(-0.219, -0.033, 1.383), reason=Area 0.000143 below minimum 0.01
[SRD rewrite] deleted patch=5, position=(-0.361, 0.584, 1.404), reason=Area 0.000306 below minimum 0.01
SRD step 700: evaluated 27 candidates, 0 promising, accepted 3
  Mandatory DeletePatch(5) at patch 5, reason=Area 0.000306 below minimum 0.01
  Mandatory DeletePatch(6) at patch 6, reason=Area 0.000143 below minimum 0.01
  Mandatory DeletePatch(7) at patch 7, reason=Area 0.000306 below minimum 0.01
  Total patches: 5, total adds: 21, total deletes: 21
  step 700/1000: loss=0.406538, patches=8
[SRD rewrite] added patch=5, position=(0.625, -0.214, 0.855), improvement=0.003471
[SRD rewrite] added patch=6, position=(0.555, -0.284, 1.050), improvement=0.003312
[SRD rewrite] added patch=7, position=(0.550, -0.084, 1.179), improvement=0.002979
SRD step 750: evaluated 27 candidates, 9 promising, accepted 3
  Accepted AddPatch at patch 5, improvement=0.003471
  Accepted AddPatch at patch 6, improvement=0.003312
  Accepted AddPatch at patch 7, improvement=0.002979
  Total patches: 8, total adds: 24, total deletes: 21
  step 750/1000: loss=0.422001, patches=5
[SRD rewrite] deleted patch=6, position=(0.560, -0.230, 1.127), reason=Area 0.002694 below minimum 0.01
[SRD rewrite] deleted patch=5, position=(0.672, -0.233, 0.891), reason=Area 0.008479 below minimum 0.01
SRD step 800: evaluated 27 candidates, 0 promising, accepted 2
  Mandatory DeletePatch(5) at patch 5, reason=Area 0.008479 below minimum 0.01
  Mandatory DeletePatch(6) at patch 6, reason=Area 0.002694 below minimum 0.01
  Total patches: 6, total adds: 24, total deletes: 23
  step 800/1000: loss=0.407461, patches=8
[SRD rewrite] restored patch=6, position=(0.672, -0.233, 0.891), improvement=0.003942
[SRD rewrite] added patch=7, position=(0.502, -0.061, 1.134), improvement=0.002611
[SRD rewrite] added patch=8, position=(0.093, -0.243, 1.371), improvement=0.002550
SRD step 850: evaluated 27 candidates, 27 promising, accepted 3
  Accepted RestorePatch(15) at patch 6, improvement=0.003942
  Accepted AddPatch at patch 7, improvement=0.002611
  Accepted AddPatch at patch 8, improvement=0.002550
  Total patches: 9, total adds: 27, total deletes: 23
  step 850/1000: loss=0.415406, patches=6
[SRD rewrite] deleted patch=8, position=(0.196, -0.149, 1.433), reason=Area 0.000238 below minimum 0.01
[SRD rewrite] deleted patch=7, position=(0.554, -0.191, 1.236), reason=Area 0.002300 below minimum 0.01
[SRD rewrite] deleted patch=6, position=(0.674, -0.240, 0.886), reason=Area 0.007271 below minimum 0.01
SRD step 900: evaluated 27 candidates, 0 promising, accepted 3
  Mandatory DeletePatch(6) at patch 6, reason=Area 0.007271 below minimum 0.01
  Mandatory DeletePatch(7) at patch 7, reason=Area 0.002300 below minimum 0.01
  Mandatory DeletePatch(8) at patch 8, reason=Area 0.000238 below minimum 0.01
  Total patches: 6, total adds: 27, total deletes: 26
  step 900/1000: loss=0.404075, patches=9
[SRD rewrite] added patch=6, position=(0.505, -0.146, 1.524), improvement=0.002689
[SRD rewrite] restored patch=7, position=(0.560, -0.230, 1.127), improvement=0.002272
[SRD rewrite] restored patch=8, position=(-0.189, 0.037, 1.463), improvement=0.001702
SRD step 950: evaluated 27 candidates, 8 promising, accepted 3
  Accepted AddPatch at patch 6, improvement=0.002689
  Accepted RestorePatch(14) at patch 7, improvement=0.002272
  Accepted RestorePatch(11) at patch 8, improvement=0.001702
  Total patches: 9, total adds: 30, total deletes: 26
  step 950/1000: loss=0.415760, patches=6
[SRD rewrite] deleted patch=8, position=(-0.265, -0.038, 1.538), reason=Area 0.000306 below minimum 0.01
[SRD rewrite] deleted patch=6, position=(0.419, -0.174, 1.457), reason=Area 0.006271 below minimum 0.01
SRD step 1000: evaluated 27 candidates, 0 promising, accepted 2
  Mandatory DeletePatch(6) at patch 6, reason=Area 0.006271 below minimum 0.01
  Mandatory DeletePatch(8) at patch 8, reason=Area 0.000306 below minimum 0.01
  Total patches: 7, total adds: 30, total deletes: 28
  step 1000/1000: loss=0.398200, patches=9
[Trial 3] done: loss=0.400097, time=1282.7s
[Run] report written to results/slurm/20260718_0340/patchsize_sun_moon_5/patches_5/with_srd/with_srd.txt
[Swept volume] building (resolution=256)...
[Run] mode=full, trials=3, seeds=[0, 1, 2], steps=1000, srd=False, ablation_flags={'disable_swept_volume_adds': True, 'loss_only_deletion': True, 'disable_splitting': False}
[Trial 1/3] seed=0
[Patch] mapbox-earcut is not installed; falling back to fan fill, so non-convex pieces will render incorrectly. Install it with: pip install mapbox-earcut
  step 50/1000: loss=0.621185, patches=5
  step 100/1000: loss=0.576370, patches=5
  step 150/1000: loss=0.537551, patches=5
  step 200/1000: loss=0.517617, patches=5
  step 250/1000: loss=0.503673, patches=5
  step 300/1000: loss=0.494294, patches=5
  step 350/1000: loss=0.481642, patches=5
  step 400/1000: loss=0.463331, patches=5
  step 450/1000: loss=0.443772, patches=5
  step 500/1000: loss=0.400583, patches=5
  step 550/1000: loss=0.376725, patches=5
  step 600/1000: loss=0.355938, patches=5
  step 650/1000: loss=0.343602, patches=5
  step 700/1000: loss=0.332930, patches=5
  step 750/1000: loss=0.328117, patches=5
  step 800/1000: loss=0.327217, patches=5
  step 850/1000: loss=0.325851, patches=5
  step 900/1000: loss=0.319606, patches=5
  step 950/1000: loss=0.316238, patches=5
  step 1000/1000: loss=0.319572, patches=5
[Trial 1] done: loss=0.319221, time=257.2s
[Trial 2/3] seed=1
  step 50/1000: loss=0.767222, patches=5
  step 100/1000: loss=0.733615, patches=5
  step 150/1000: loss=0.710168, patches=5
  step 200/1000: loss=0.700920, patches=5
  step 250/1000: loss=0.690359, patches=5
  step 300/1000: loss=0.673678, patches=5
  step 350/1000: loss=0.670180, patches=5
  step 400/1000: loss=0.667754, patches=5
  step 450/1000: loss=0.654636, patches=5
  step 500/1000: loss=0.644747, patches=5
  step 550/1000: loss=0.632626, patches=5
  step 600/1000: loss=0.627127, patches=5
  step 650/1000: loss=0.597830, patches=5
  step 700/1000: loss=0.522143, patches=5
  step 750/1000: loss=0.425413, patches=5
  step 800/1000: loss=0.367354, patches=5
  step 850/1000: loss=0.363554, patches=5
  step 900/1000: loss=0.360202, patches=5
  step 950/1000: loss=0.359845, patches=5
  step 1000/1000: loss=0.358743, patches=5
[Trial 2] done: loss=0.358892, time=231.6s
[Trial 3/3] seed=2
  step 50/1000: loss=0.583787, patches=5
  step 100/1000: loss=0.514179, patches=5
  step 150/1000: loss=0.479691, patches=5
  step 200/1000: loss=0.453738, patches=5
  step 250/1000: loss=0.424874, patches=5
  step 300/1000: loss=0.397286, patches=5
  step 350/1000: loss=0.367225, patches=5
  step 400/1000: loss=0.364059, patches=5
  step 450/1000: loss=0.361152, patches=5
  step 500/1000: loss=0.358573, patches=5
  step 550/1000: loss=0.355736, patches=5
  step 600/1000: loss=0.355928, patches=5
  step 650/1000: loss=0.354707, patches=5
  step 700/1000: loss=0.353251, patches=5
  step 750/1000: loss=0.353211, patches=5
  step 800/1000: loss=0.351629, patches=5
  step 850/1000: loss=0.351236, patches=5
  step 900/1000: loss=0.347377, patches=5
  step 950/1000: loss=0.343639, patches=5
  step 1000/1000: loss=0.337532, patches=5
[Trial 3] done: loss=0.337093, time=249.7s
[Run] report written to results/slurm/20260718_0340/patchsize_sun_moon_5/patches_5/without_srd/without_srd.txt

======================================================================
Running 3 trials WITH SRD
======================================================================


======================================================================
Running 3 trials WITHOUT SRD
======================================================================


[Comparison] report written to results/slurm/20260718_0340/patchsize_sun_moon_5/patches_5/comparison.txt

======================================================================
SRD Patch Size Comparison
======================================================================
Started: 2026-07-18T04:51:52
Patch sizes: [5]
Trials per size: 3
Steps per trial: 1000
Output directory: results/slurm/20260718_0340/patchsize_sun_moon_5
======================================================================


======================================================================
Running comparison with 5 initial patches
  Target 1: images/sun.png
  Target 2: images/moon.png
  Trials: 3, Steps: 1000
======================================================================

[OK] Comparison with 5 patches completed successfully

======================================================================
Comparison Summary
======================================================================
Successful: 1/1
Total time: 7543.8 seconds (2.10 hours)
Summary report: results/slurm/20260718_0340/patchsize_sun_moon_5/SUMMARY.txt
======================================================================

