## SLURM PROLOG ###############################################################
##    Job ID : 4093839
##  Job Name : 20260718_1833_patchsize_water_fire_10
##  Nodelist : gpu2252
##      CPUs : 
##  Mem/Node : 128000 MB
## Directory : /oscar/home/cjmok/automated-perspective-sculptor
##   Job Started : Sun Jul 19 12:04:10 AM EDT 2026
###############################################################################
[Swept volume] building (resolution=256)...
[Run] mode=full, trials=3, seeds=[0, 1, 2], steps=1000, srd=True, ablation_flags={'disable_swept_volume_adds': False, 'loss_only_deletion': False, 'disable_splitting': False}
[Trial 1/3] seed=0
[Patch] mapbox-earcut is not installed; falling back to fan fill, so non-convex pieces will render incorrectly. Install it with: pip install mapbox-earcut
[SRD rewrite] split patch=4, children=9,10, improvement=0.025342
[SRD rewrite] added patch=11, position=(0.578, -0.636, 1.010), improvement=0.015948
[SRD rewrite] added patch=12, position=(0.851, -0.075, 0.704), improvement=0.015872
SRD step 50: evaluated 27 candidates, 22 promising, accepted 3
  Accepted SplitPatch(4) at patch 4, improvement=0.025342
  Accepted AddPatch at patch 11, improvement=0.015948
  Accepted AddPatch at patch 12, improvement=0.015872
  Total patches: 13, total adds: 3, total deletes: 0
  step 50/1000: loss=0.355107, patches=10
[SRD rewrite] deleted patch=12, position=(0.857, -0.052, 0.795), reason=Area 0.004401 below minimum 0.01
[SRD rewrite] deleted patch=11, position=(0.639, -0.523, 1.060), reason=Area 0.004451 below minimum 0.01
[SRD rewrite] deleted patch=10, position=(-1.051, -1.131, -1.371), reason=Area 0.006113 below minimum 0.01
[SRD rewrite] deleted patch=9, position=(-0.802, -1.148, -1.454), reason=Area 0.000856 below minimum 0.01
[SRD rewrite] restored patch=9, position=(0.857, -0.052, 0.795), improvement=0.005028
[SRD rewrite] added patch=10, position=(0.595, -0.132, -0.520), improvement=0.004915
[SRD rewrite] added patch=11, position=(0.535, 0.084, 0.728), improvement=0.004870
SRD step 100: evaluated 27 candidates, 18 promising, accepted 7
  Accepted RestorePatch(1) at patch 9, improvement=0.005028
  Accepted AddPatch at patch 10, improvement=0.004915
  Accepted AddPatch at patch 11, improvement=0.004870
  Mandatory DeletePatch(9) at patch 9, reason=Area 0.000856 below minimum 0.01
  Mandatory DeletePatch(10) at patch 10, reason=Area 0.006113 below minimum 0.01
  Mandatory DeletePatch(11) at patch 11, reason=Area 0.004451 below minimum 0.01
  Mandatory DeletePatch(12) at patch 12, reason=Area 0.004401 below minimum 0.01
  Total patches: 12, total adds: 6, total deletes: 4
  step 100/1000: loss=0.247438, patches=13
[SRD rewrite] deleted patch=11, position=(0.625, 0.164, 0.827), reason=Area 0.008493 below minimum 0.01
[SRD rewrite] deleted patch=10, position=(0.522, -0.100, -0.410), reason=Area 0.002451 below minimum 0.01
[SRD rewrite] deleted patch=9, position=(0.837, -0.010, 0.802), reason=Area 0.007971 below minimum 0.01
[SRD rewrite] deleted patch=4, position=(0.584, 0.390, 0.648), reason=Area 0.009460 below minimum 0.01
SRD step 150: evaluated 27 candidates, 0 promising, accepted 4
  Mandatory DeletePatch(4) at patch 4, reason=Area 0.009460 below minimum 0.01
  Mandatory DeletePatch(9) at patch 9, reason=Area 0.007971 below minimum 0.01
  Mandatory DeletePatch(10) at patch 10, reason=Area 0.002451 below minimum 0.01
  Mandatory DeletePatch(11) at patch 11, reason=Area 0.008493 below minimum 0.01
  Total patches: 8, total adds: 6, total deletes: 8
  step 150/1000: loss=0.200713, patches=12
[SRD rewrite] restored patch=8, position=(0.837, -0.010, 0.802), improvement=0.002888
[SRD rewrite] added patch=9, position=(0.878, 0.073, -0.211), improvement=0.002642
[SRD rewrite] added patch=10, position=(0.454, 0.577, 0.126), improvement=0.002095
SRD step 200: evaluated 27 candidates, 10 promising, accepted 3
  Accepted RestorePatch(6) at patch 8, improvement=0.002888
  Accepted AddPatch at patch 9, improvement=0.002642
  Accepted AddPatch at patch 10, improvement=0.002095
  Total patches: 11, total adds: 9, total deletes: 8
  step 200/1000: loss=0.190375, patches=8
[SRD rewrite] deleted patch=10, position=(0.522, 0.665, 0.234), reason=Area 0.001716 below minimum 0.01
[SRD rewrite] deleted patch=8, position=(0.862, 0.063, 0.803), reason=Area 0.001200 below minimum 0.01
SRD step 250: evaluated 27 candidates, 0 promising, accepted 2
  Mandatory DeletePatch(8) at patch 8, reason=Area 0.001200 below minimum 0.01
  Mandatory DeletePatch(10) at patch 10, reason=Area 0.001716 below minimum 0.01
  Total patches: 9, total adds: 9, total deletes: 10
  step 250/1000: loss=0.163835, patches=11
[SRD rewrite] deleted patch=8, position=(0.806, 0.201, -0.050), reason=Area 0.004459 below minimum 0.01
SRD step 300: evaluated 27 candidates, 0 promising, accepted 1
  Mandatory DeletePatch(8) at patch 8, reason=Area 0.004459 below minimum 0.01
  Total patches: 8, total adds: 9, total deletes: 11
  step 300/1000: loss=0.170071, patches=9
SRD step 350: evaluated 27 candidates, 0 promising, accepted 0
  Total patches: 8, total adds: 9, total deletes: 11
  step 350/1000: loss=0.171701, patches=8
[SRD rewrite] deleted patch=2, position=(-0.034, 0.546, 0.804), reason=Area 0.008076 below minimum 0.01
[SRD rewrite] added patch=7, position=(0.712, -1.070, -0.714), improvement=0.000143
SRD step 400: evaluated 27 candidates, 1 promising, accepted 2
  Accepted AddPatch at patch 7, improvement=0.000143
  Mandatory DeletePatch(2) at patch 2, reason=Area 0.008076 below minimum 0.01
  Total patches: 8, total adds: 10, total deletes: 12
  step 400/1000: loss=0.173436, patches=8
[SRD rewrite] added patch=8, position=(0.453, 0.209, -0.044), improvement=0.001796
[SRD rewrite] restored patch=9, position=(0.584, 0.390, 0.648), improvement=0.001716
[SRD rewrite] restored patch=10, position=(-0.034, 0.546, 0.804), improvement=0.001568
SRD step 450: evaluated 27 candidates, 23 promising, accepted 3
  Accepted AddPatch at patch 8, improvement=0.001796
  Accepted RestorePatch(6) at patch 9, improvement=0.001716
  Accepted RestorePatch(10) at patch 10, improvement=0.001568
  Total patches: 11, total adds: 13, total deletes: 12
  step 450/1000: loss=0.173311, patches=8
[SRD rewrite] deleted patch=10, position=(-0.032, 0.567, 0.786), reason=Area 0.006174 below minimum 0.01
[SRD rewrite] deleted patch=9, position=(0.569, 0.457, 0.686), reason=Area 0.002350 below minimum 0.01
[SRD rewrite] deleted patch=8, position=(0.377, 0.194, 0.027), reason=Area 0.000737 below minimum 0.01
[SRD rewrite] deleted patch=7, position=(0.705, -1.069, -0.855), reason=Area 0.009897 below minimum 0.01
SRD step 500: evaluated 27 candidates, 0 promising, accepted 4
  Mandatory DeletePatch(7) at patch 7, reason=Area 0.009897 below minimum 0.01
  Mandatory DeletePatch(8) at patch 8, reason=Area 0.000737 below minimum 0.01
  Mandatory DeletePatch(9) at patch 9, reason=Area 0.002350 below minimum 0.01
  Mandatory DeletePatch(10) at patch 10, reason=Area 0.006174 below minimum 0.01
  Total patches: 7, total adds: 13, total deletes: 16
  step 500/1000: loss=0.163153, patches=11
[SRD rewrite] added patch=7, position=(0.704, -1.065, -0.795), improvement=0.001253
[SRD rewrite] restored patch=8, position=(0.377, 0.194, 0.027), improvement=0.001155
[SRD rewrite] added patch=9, position=(0.827, -1.037, -0.870), improvement=0.000861
SRD step 550: evaluated 27 candidates, 5 promising, accepted 3
  Accepted AddPatch at patch 7, improvement=0.001253
  Accepted RestorePatch(11) at patch 8, improvement=0.001155
  Accepted AddPatch at patch 9, improvement=0.000861
  Total patches: 10, total adds: 16, total deletes: 16
  step 550/1000: loss=0.174505, patches=7
[SRD rewrite] deleted patch=9, position=(0.881, -1.072, -1.023), reason=Area 0.006489 below minimum 0.01
[SRD rewrite] deleted patch=8, position=(0.290, 0.282, -0.016), reason=Area 0.000135 below minimum 0.01
[SRD rewrite] deleted patch=7, position=(0.691, -1.039, -0.826), reason=Area 0.005605 below minimum 0.01
SRD step 600: evaluated 27 candidates, 0 promising, accepted 3
  Mandatory DeletePatch(7) at patch 7, reason=Area 0.005605 below minimum 0.01
  Mandatory DeletePatch(8) at patch 8, reason=Area 0.000135 below minimum 0.01
  Mandatory DeletePatch(9) at patch 9, reason=Area 0.006489 below minimum 0.01
  Total patches: 7, total adds: 16, total deletes: 19
  step 600/1000: loss=0.164868, patches=10
[SRD rewrite] restored patch=7, position=(0.691, -1.039, -0.826), improvement=0.000678
[SRD rewrite] added patch=8, position=(0.221, 0.482, -0.110), improvement=0.000461
[SRD rewrite] restored patch=9, position=(0.705, -1.069, -0.855), improvement=0.000192
SRD step 650: evaluated 27 candidates, 4 promising, accepted 3
  Accepted RestorePatch(14) at patch 7, improvement=0.000678
  Accepted AddPatch at patch 8, improvement=0.000461
  Accepted RestorePatch(11) at patch 9, improvement=0.000192
  Total patches: 10, total adds: 19, total deletes: 19
  step 650/1000: loss=0.173103, patches=7
[SRD rewrite] deleted patch=9, position=(0.817, -1.028, -1.003), reason=Area 0.002330 below minimum 0.01
[SRD rewrite] deleted patch=7, position=(0.626, -0.998, -0.776), reason=Area 0.000892 below minimum 0.01
SRD step 700: evaluated 27 candidates, 0 promising, accepted 2
  Mandatory DeletePatch(7) at patch 7, reason=Area 0.000892 below minimum 0.01
  Mandatory DeletePatch(9) at patch 9, reason=Area 0.002330 below minimum 0.01
  Total patches: 8, total adds: 19, total deletes: 21
  step 700/1000: loss=0.164406, patches=10
[SRD rewrite] added patch=8, position=(1.049, -1.057, -0.639), improvement=0.001986
[SRD rewrite] restored patch=9, position=(0.626, -0.998, -0.776), improvement=0.001779
[SRD rewrite] added patch=10, position=(0.446, -1.021, -0.904), improvement=0.001221
SRD step 750: evaluated 27 candidates, 21 promising, accepted 3
  Accepted AddPatch at patch 8, improvement=0.001986
  Accepted RestorePatch(14) at patch 9, improvement=0.001779
  Accepted AddPatch at patch 10, improvement=0.001221
  Total patches: 11, total adds: 22, total deletes: 21
  step 750/1000: loss=0.166937, patches=8
[SRD rewrite] deleted patch=10, position=(0.538, -0.926, -0.905), reason=Area 0.000155 below minimum 0.01
[SRD rewrite] deleted patch=9, position=(0.611, -1.016, -0.820), reason=Area 0.000573 below minimum 0.01
[SRD rewrite] deleted patch=5, position=(0.216, 1.240, 0.343), reason=Area 0.008752 below minimum 0.01
SRD step 800: evaluated 27 candidates, 0 promising, accepted 3
  Mandatory DeletePatch(5) at patch 5, reason=Area 0.008752 below minimum 0.01
  Mandatory DeletePatch(9) at patch 9, reason=Area 0.000573 below minimum 0.01
  Mandatory DeletePatch(10) at patch 10, reason=Area 0.000155 below minimum 0.01
  Total patches: 8, total adds: 22, total deletes: 24
  step 800/1000: loss=0.158393, patches=11
[SRD rewrite] added patch=8, position=(0.653, -1.188, -0.582), improvement=0.001743
[SRD rewrite] restored patch=9, position=(0.522, 0.665, 0.234), improvement=0.001536
[SRD rewrite] restored patch=10, position=(0.290, 0.282, -0.016), improvement=0.001340
SRD step 850: evaluated 27 candidates, 20 promising, accepted 3
  Accepted AddPatch at patch 8, improvement=0.001743
  Accepted RestorePatch(6) at patch 9, improvement=0.001536
  Accepted RestorePatch(12) at patch 10, improvement=0.001340
  Total patches: 11, total adds: 25, total deletes: 24
  step 850/1000: loss=0.162914, patches=8
[SRD rewrite] deleted patch=10, position=(0.158, 0.381, 0.113), reason=Area 0.000135 below minimum 0.01
[SRD rewrite] deleted patch=9, position=(0.512, 0.679, 0.333), reason=Area 0.000715 below minimum 0.01
[SRD rewrite] deleted patch=8, position=(0.537, -1.210, -0.408), reason=Area 0.000298 below minimum 0.01
SRD step 900: evaluated 27 candidates, 0 promising, accepted 3
  Mandatory DeletePatch(8) at patch 8, reason=Area 0.000298 below minimum 0.01
  Mandatory DeletePatch(9) at patch 9, reason=Area 0.000715 below minimum 0.01
  Mandatory DeletePatch(10) at patch 10, reason=Area 0.000135 below minimum 0.01
  Total patches: 8, total adds: 25, total deletes: 27
  step 900/1000: loss=0.150986, patches=11
[SRD rewrite] added patch=8, position=(0.754, -0.791, -0.916), improvement=0.000059
SRD step 950: evaluated 27 candidates, 1 promising, accepted 1
  Accepted AddPatch at patch 8, improvement=0.000059
  Total patches: 9, total adds: 26, total deletes: 27
  step 950/1000: loss=0.162416, patches=8
[SRD rewrite] deleted patch=8, position=(0.667, -0.702, -0.940), reason=Area 0.000358 below minimum 0.01
[SRD rewrite] restored patch=8, position=(0.569, 0.457, 0.686), improvement=0.001906
[SRD rewrite] added patch=9, position=(0.439, -0.631, -0.866), improvement=0.001708
[SRD rewrite] restored patch=10, position=(0.537, -1.210, -0.408), improvement=0.001588
SRD step 1000: evaluated 27 candidates, 22 promising, accepted 4
  Accepted RestorePatch(9) at patch 8, improvement=0.001906
  Accepted AddPatch at patch 9, improvement=0.001708
  Accepted RestorePatch(17) at patch 10, improvement=0.001588
  Mandatory DeletePatch(8) at patch 8, reason=Area 0.000358 below minimum 0.01
  Total patches: 11, total adds: 29, total deletes: 28
  step 1000/1000: loss=0.163273, patches=9
[SRD rewrite] deleted patch=10, position=(0.537, -1.210, -0.408), reason=Area 0.000298 below minimum 0.01
[SRD rewrite] deleted patch=9, position=(0.439, -0.631, -0.866), reason=Area 0.009291 below minimum 0.01
[SRD rewrite] deleted patch=8, position=(0.569, 0.457, 0.686), reason=Area 0.002350 below minimum 0.01
[Trial 1] done: loss=0.163768, time=1647.1s
[Trial 2/3] seed=1
[SRD rewrite] added patch=10, position=(0.624, 0.036, 0.657), improvement=0.016166
[SRD rewrite] added patch=11, position=(0.640, -0.180, 0.637), improvement=0.015414
[SRD rewrite] added patch=12, position=(0.632, 0.018, -0.397), improvement=0.015368
SRD step 50: evaluated 27 candidates, 23 promising, accepted 3
  Accepted AddPatch at patch 10, improvement=0.016166
  Accepted AddPatch at patch 11, improvement=0.015414
  Accepted AddPatch at patch 12, improvement=0.015368
  Total patches: 13, total adds: 3, total deletes: 0
  step 50/1000: loss=0.325424, patches=10
[SRD rewrite] deleted patch=12, position=(0.514, 0.103, -0.335), reason=Area 0.005962 below minimum 0.01
[SRD rewrite] added patch=12, position=(1.257, -0.874, -0.813), improvement=0.005863
[SRD rewrite] added patch=13, position=(0.861, -0.125, 0.735), improvement=0.005635
[SRD rewrite] added patch=14, position=(0.833, -0.144, 0.660), improvement=0.005587
SRD step 100: evaluated 27 candidates, 20 promising, accepted 4
  Accepted AddPatch at patch 12, improvement=0.005863
  Accepted AddPatch at patch 13, improvement=0.005635
  Accepted AddPatch at patch 14, improvement=0.005587
  Mandatory DeletePatch(12) at patch 12, reason=Area 0.005962 below minimum 0.01
  Total patches: 15, total adds: 6, total deletes: 1
  step 100/1000: loss=0.215317, patches=13
[SRD rewrite] deleted patch=14, position=(0.946, -0.017, 0.670), reason=Area 0.000236 below minimum 0.01
[SRD rewrite] deleted patch=13, position=(0.935, -0.019, 0.790), reason=Area 0.000288 below minimum 0.01
[SRD rewrite] deleted patch=11, position=(0.751, 0.119, 0.792), reason=Area 0.006610 below minimum 0.01
[SRD rewrite] added patch=12, position=(0.795, 0.005, 0.561), improvement=0.001510
[SRD rewrite] added patch=13, position=(-0.252, -1.221, -0.780), improvement=0.001508
[SRD rewrite] added patch=14, position=(0.895, -0.101, 0.754), improvement=0.001236
SRD step 150: evaluated 27 candidates, 8 promising, accepted 6
  Accepted AddPatch at patch 12, improvement=0.001510
  Accepted AddPatch at patch 13, improvement=0.001508
  Accepted AddPatch at patch 14, improvement=0.001236
  Mandatory DeletePatch(11) at patch 11, reason=Area 0.006610 below minimum 0.01
  Mandatory DeletePatch(13) at patch 13, reason=Area 0.000288 below minimum 0.01
  Mandatory DeletePatch(14) at patch 14, reason=Area 0.000236 below minimum 0.01
  Total patches: 15, total adds: 9, total deletes: 4
  step 150/1000: loss=0.184212, patches=15
[SRD rewrite] deleted patch=14, position=(0.898, 0.016, 0.810), reason=Area 0.000621 below minimum 0.01
[SRD rewrite] deleted patch=12, position=(0.837, 0.103, 0.642), reason=Area 0.000446 below minimum 0.01
[SRD rewrite] split patch=9, children=12,13, improvement=0.006815
[SRD rewrite] restored patch=14, position=(0.751, 0.119, 0.792), improvement=0.000692
[SRD rewrite] added patch=15, position=(0.545, 0.126, 0.732), improvement=0.000511
SRD step 200: evaluated 27 candidates, 5 promising, accepted 5
  Accepted SplitPatch(9) at patch 9, improvement=0.006815
  Accepted RestorePatch(3) at patch 14, improvement=0.000692
  Accepted AddPatch at patch 15, improvement=0.000511
  Mandatory DeletePatch(12) at patch 12, reason=Area 0.000446 below minimum 0.01
  Mandatory DeletePatch(14) at patch 14, reason=Area 0.000621 below minimum 0.01
  Total patches: 16, total adds: 12, total deletes: 6
  step 200/1000: loss=0.157224, patches=15
[SRD rewrite] deleted patch=15, position=(0.654, 0.257, 0.819), reason=Area 0.003573 below minimum 0.01
[SRD rewrite] deleted patch=14, position=(0.753, 0.160, 0.832), reason=Area 0.000849 below minimum 0.01
[SRD rewrite] deleted patch=13, position=(-0.086, -1.632, -0.948), reason=Area 0.008157 below minimum 0.01
[SRD rewrite] deleted patch=12, position=(0.127, -1.765, -0.789), reason=Area 0.003444 below minimum 0.01
[SRD rewrite] deleted patch=9, position=(0.631, 0.340, 0.821), reason=Area 0.004376 below minimum 0.01
SRD step 250: evaluated 27 candidates, 0 promising, accepted 5
  Mandatory DeletePatch(9) at patch 9, reason=Area 0.004376 below minimum 0.01
  Mandatory DeletePatch(12) at patch 12, reason=Area 0.003444 below minimum 0.01
  Mandatory DeletePatch(13) at patch 13, reason=Area 0.008157 below minimum 0.01
  Mandatory DeletePatch(14) at patch 14, reason=Area 0.000849 below minimum 0.01
  Mandatory DeletePatch(15) at patch 15, reason=Area 0.003573 below minimum 0.01
  Total patches: 11, total adds: 12, total deletes: 11
  step 250/1000: loss=0.127142, patches=16
[SRD rewrite] added patch=11, position=(0.722, 0.358, -0.208), improvement=0.001556
[SRD rewrite] restored patch=12, position=(0.631, 0.340, 0.821), improvement=0.001401
[SRD rewrite] added patch=13, position=(0.735, 0.345, -0.374), improvement=0.001028
SRD step 300: evaluated 27 candidates, 7 promising, accepted 3
  Accepted AddPatch at patch 11, improvement=0.001556
  Accepted RestorePatch(10) at patch 12, improvement=0.001401
  Accepted AddPatch at patch 13, improvement=0.001028
  Total patches: 14, total adds: 15, total deletes: 11
  step 300/1000: loss=0.121712, patches=11
[SRD rewrite] deleted patch=13, position=(0.664, 0.423, -0.327), reason=Area 0.000342 below minimum 0.01
[SRD rewrite] deleted patch=12, position=(0.695, 0.312, 0.835), reason=Area 0.000316 below minimum 0.01
[SRD rewrite] deleted patch=11, position=(0.672, 0.446, -0.189), reason=Area 0.004024 below minimum 0.01
SRD step 350: evaluated 27 candidates, 0 promising, accepted 3
  Mandatory DeletePatch(11) at patch 11, reason=Area 0.004024 below minimum 0.01
  Mandatory DeletePatch(12) at patch 12, reason=Area 0.000316 below minimum 0.01
  Mandatory DeletePatch(13) at patch 13, reason=Area 0.000342 below minimum 0.01
  Total patches: 11, total adds: 15, total deletes: 14
  step 350/1000: loss=0.110458, patches=14
[SRD rewrite] restored patch=11, position=(0.672, 0.446, -0.189), improvement=0.002112
[SRD rewrite] added patch=12, position=(0.556, -1.160, -0.697), improvement=0.002010
[SRD rewrite] restored patch=13, position=(0.946, -0.017, 0.670), improvement=0.001730
SRD step 400: evaluated 27 candidates, 14 promising, accepted 3
  Accepted RestorePatch(12) at patch 11, improvement=0.002112
  Accepted AddPatch at patch 12, improvement=0.002010
  Accepted RestorePatch(1) at patch 13, improvement=0.001730
  Total patches: 14, total adds: 18, total deletes: 14
  step 400/1000: loss=0.105347, patches=11
[SRD rewrite] deleted patch=13, position=(0.967, 0.106, 0.563), reason=Area 0.000236 below minimum 0.01
[SRD rewrite] deleted patch=12, position=(0.489, -1.240, -0.645), reason=Area 0.002703 below minimum 0.01
[SRD rewrite] deleted patch=11, position=(0.675, 0.452, -0.200), reason=Area 0.003990 below minimum 0.01
SRD step 450: evaluated 27 candidates, 0 promising, accepted 3
  Mandatory DeletePatch(11) at patch 11, reason=Area 0.003990 below minimum 0.01
  Mandatory DeletePatch(12) at patch 12, reason=Area 0.002703 below minimum 0.01
  Mandatory DeletePatch(13) at patch 13, reason=Area 0.000236 below minimum 0.01
  Total patches: 11, total adds: 18, total deletes: 17
  step 450/1000: loss=0.094029, patches=14
[SRD rewrite] restored patch=11, position=(0.837, 0.103, 0.642), improvement=0.000598
[SRD rewrite] added patch=12, position=(0.599, 0.189, -0.072), improvement=0.000573
[SRD rewrite] restored patch=13, position=(0.898, 0.016, 0.810), improvement=0.000323
SRD step 500: evaluated 27 candidates, 4 promising, accepted 3
  Accepted RestorePatch(3) at patch 11, improvement=0.000598
  Accepted AddPatch at patch 12, improvement=0.000573
  Accepted RestorePatch(2) at patch 13, improvement=0.000323
  Total patches: 14, total adds: 21, total deletes: 17
  step 500/1000: loss=0.098288, patches=11
[SRD rewrite] deleted patch=13, position=(0.912, 0.122, 0.885), reason=Area 0.000621 below minimum 0.01
[SRD rewrite] deleted patch=12, position=(0.660, 0.315, -0.129), reason=Area 0.000303 below minimum 0.01
[SRD rewrite] deleted patch=11, position=(0.914, 0.171, 0.752), reason=Area 0.000300 below minimum 0.01
SRD step 550: evaluated 27 candidates, 0 promising, accepted 3
  Mandatory DeletePatch(11) at patch 11, reason=Area 0.000300 below minimum 0.01
  Mandatory DeletePatch(12) at patch 12, reason=Area 0.000303 below minimum 0.01
  Mandatory DeletePatch(13) at patch 13, reason=Area 0.000621 below minimum 0.01
  Total patches: 11, total adds: 21, total deletes: 20
  step 550/1000: loss=0.087612, patches=14
SRD step 600: evaluated 27 candidates, 0 promising, accepted 0
  Total patches: 11, total adds: 21, total deletes: 20
  step 600/1000: loss=0.091382, patches=11
[SRD rewrite] added patch=11, position=(0.665, 0.437, -0.256), improvement=0.002153
[SRD rewrite] added patch=12, position=(0.365, 0.840, 0.185), improvement=0.001826
[SRD rewrite] added patch=13, position=(0.528, -0.038, 0.800), improvement=0.001762
SRD step 650: evaluated 27 candidates, 9 promising, accepted 3
  Accepted AddPatch at patch 11, improvement=0.002153
  Accepted AddPatch at patch 12, improvement=0.001826
  Accepted AddPatch at patch 13, improvement=0.001762
  Total patches: 14, total adds: 24, total deletes: 20
  step 650/1000: loss=0.089950, patches=11
[SRD rewrite] deleted patch=13, position=(0.682, 0.098, 0.867), reason=Area 0.000259 below minimum 0.01
[SRD rewrite] deleted patch=12, position=(0.402, 0.915, 0.102), reason=Area 0.002833 below minimum 0.01
[SRD rewrite] deleted patch=11, position=(0.648, 0.486, -0.199), reason=Area 0.007656 below minimum 0.01
SRD step 700: evaluated 27 candidates, 0 promising, accepted 3
  Mandatory DeletePatch(11) at patch 11, reason=Area 0.007656 below minimum 0.01
  Mandatory DeletePatch(12) at patch 12, reason=Area 0.002833 below minimum 0.01
  Mandatory DeletePatch(13) at patch 13, reason=Area 0.000259 below minimum 0.01
  Total patches: 11, total adds: 24, total deletes: 23
  step 700/1000: loss=0.084922, patches=14
SRD step 750: evaluated 27 candidates, 0 promising, accepted 0
  Total patches: 11, total adds: 24, total deletes: 23
  step 750/1000: loss=0.087474, patches=11
SRD step 800: evaluated 27 candidates, 0 promising, accepted 0
  Total patches: 11, total adds: 24, total deletes: 23
  step 800/1000: loss=0.087725, patches=11
SRD step 850: evaluated 27 candidates, 0 promising, accepted 0
  Total patches: 11, total adds: 24, total deletes: 23
  step 850/1000: loss=0.088054, patches=11
SRD step 900: evaluated 27 candidates, 0 promising, accepted 0
  Total patches: 11, total adds: 24, total deletes: 23
  step 900/1000: loss=0.087804, patches=11
[SRD rewrite] added patch=11, position=(0.925, -0.696, -0.926), improvement=0.000560
[SRD rewrite] added patch=12, position=(0.705, 0.362, -0.239), improvement=0.000482
[SRD rewrite] restored patch=13, position=(0.675, 0.452, -0.200), improvement=0.000365
SRD step 950: evaluated 27 candidates, 5 promising, accepted 3
  Accepted AddPatch at patch 11, improvement=0.000560
  Accepted AddPatch at patch 12, improvement=0.000482
  Accepted RestorePatch(11) at patch 13, improvement=0.000365
  Total patches: 14, total adds: 27, total deletes: 23
  step 950/1000: loss=0.087237, patches=11
[SRD rewrite] deleted patch=13, position=(0.657, 0.505, -0.197), reason=Area 0.000266 below minimum 0.01
[SRD rewrite] deleted patch=12, position=(0.678, 0.441, -0.169), reason=Area 0.003864 below minimum 0.01
[SRD rewrite] deleted patch=11, position=(0.871, -0.669, -0.892), reason=Area 0.000792 below minimum 0.01
SRD step 1000: evaluated 27 candidates, 0 promising, accepted 3
  Mandatory DeletePatch(11) at patch 11, reason=Area 0.000792 below minimum 0.01
  Mandatory DeletePatch(12) at patch 12, reason=Area 0.003864 below minimum 0.01
  Mandatory DeletePatch(13) at patch 13, reason=Area 0.000266 below minimum 0.01
  Total patches: 11, total adds: 27, total deletes: 26
  step 1000/1000: loss=0.080570, patches=14
[Trial 2] done: loss=0.081922, time=2349.4s
[Trial 3/3] seed=2
[SRD rewrite] split patch=2, children=9,10, improvement=0.016200
[SRD rewrite] added patch=11, position=(0.421, -0.721, 0.969), improvement=0.017032
[SRD rewrite] added patch=12, position=(0.698, -0.692, 0.965), improvement=0.016431
SRD step 50: evaluated 27 candidates, 23 promising, accepted 3
  Accepted AddPatch at patch 11, improvement=0.017032
  Accepted AddPatch at patch 12, improvement=0.016431
  Accepted SplitPatch(2) at patch 2, improvement=0.016200
  Total patches: 13, total adds: 3, total deletes: 0
  step 50/1000: loss=0.364370, patches=10
[SRD rewrite] deleted patch=9, position=(-0.112, 0.068, 1.411), reason=Area 0.007596 below minimum 0.01
[SRD rewrite] added patch=12, position=(0.869, -0.727, 0.906), improvement=0.006598
[SRD rewrite] restored patch=13, position=(-0.112, 0.068, 1.411), improvement=0.006386
[SRD rewrite] added patch=14, position=(0.563, -0.054, 0.769), improvement=0.005502
SRD step 100: evaluated 27 candidates, 14 promising, accepted 4
  Accepted AddPatch at patch 12, improvement=0.006598
  Accepted RestorePatch(1) at patch 13, improvement=0.006386
  Accepted AddPatch at patch 14, improvement=0.005502
  Mandatory DeletePatch(9) at patch 9, reason=Area 0.007596 below minimum 0.01
  Total patches: 15, total adds: 6, total deletes: 1
  step 100/1000: loss=0.266157, patches=13
[SRD rewrite] deleted patch=13, position=(-0.042, 0.126, 1.538), reason=Area 0.003771 below minimum 0.01
[SRD rewrite] deleted patch=11, position=(0.560, -0.705, 1.058), reason=Area 0.001528 below minimum 0.01
[SRD rewrite] deleted patch=9, position=(-0.150, 0.250, 1.468), reason=Area 0.007418 below minimum 0.01
[SRD rewrite] added patch=12, position=(0.140, -0.813, 1.050), improvement=0.003795
[SRD rewrite] added patch=13, position=(0.414, -0.773, -0.869), improvement=0.002472
[SRD rewrite] added patch=14, position=(0.636, 0.401, -0.233), improvement=0.002189
SRD step 150: evaluated 27 candidates, 13 promising, accepted 6
  Accepted AddPatch at patch 12, improvement=0.003795
  Accepted AddPatch at patch 13, improvement=0.002472
  Accepted AddPatch at patch 14, improvement=0.002189
  Mandatory DeletePatch(9) at patch 9, reason=Area 0.007418 below minimum 0.01
  Mandatory DeletePatch(11) at patch 11, reason=Area 0.001528 below minimum 0.01
  Mandatory DeletePatch(13) at patch 13, reason=Area 0.003771 below minimum 0.01
  Total patches: 15, total adds: 9, total deletes: 4
  step 150/1000: loss=0.213050, patches=15
[SRD rewrite] deleted patch=14, position=(0.667, 0.503, -0.092), reason=Area 0.000519 below minimum 0.01
[SRD rewrite] deleted patch=11, position=(0.496, 0.167, 0.878), reason=Area 0.001708 below minimum 0.01
[SRD rewrite] deleted patch=10, position=(1.068, -0.667, 0.996), reason=Area 0.000652 below minimum 0.01
[SRD rewrite] deleted patch=8, position=(0.908, 0.055, 0.026), reason=Area 0.001424 below minimum 0.01
[SRD rewrite] added patch=11, position=(-0.085, -0.926, 1.080), improvement=0.001026
[SRD rewrite] added patch=12, position=(0.908, -0.792, -0.905), improvement=0.000868
[SRD rewrite] restored patch=13, position=(0.496, 0.167, 0.878), improvement=0.000753
SRD step 200: evaluated 27 candidates, 6 promising, accepted 7
  Accepted AddPatch at patch 11, improvement=0.001026
  Accepted AddPatch at patch 12, improvement=0.000868
  Accepted RestorePatch(5) at patch 13, improvement=0.000753
  Mandatory DeletePatch(8) at patch 8, reason=Area 0.001424 below minimum 0.01
  Mandatory DeletePatch(10) at patch 10, reason=Area 0.000652 below minimum 0.01
  Mandatory DeletePatch(11) at patch 11, reason=Area 0.001708 below minimum 0.01
  Mandatory DeletePatch(14) at patch 14, reason=Area 0.000519 below minimum 0.01
  Total patches: 14, total adds: 12, total deletes: 8
  step 200/1000: loss=0.178947, patches=15
[SRD rewrite] deleted patch=13, position=(0.628, 0.171, 0.858), reason=Area 0.000367 below minimum 0.01
SRD step 250: evaluated 27 candidates, 0 promising, accepted 1
  Mandatory DeletePatch(13) at patch 13, reason=Area 0.000367 below minimum 0.01
  Total patches: 13, total adds: 12, total deletes: 9
  step 250/1000: loss=0.150319, patches=14
[SRD rewrite] deleted patch=9, position=(-0.049, -0.707, 1.149), reason=Area 0.001041 below minimum 0.01
[SRD rewrite] added patch=12, position=(1.217, -0.820, -0.822), improvement=0.003525
[SRD rewrite] added patch=13, position=(1.132, -0.935, -0.775), improvement=0.003213
[SRD rewrite] added patch=14, position=(0.467, -0.241, -0.722), improvement=0.003097
SRD step 300: evaluated 27 candidates, 16 promising, accepted 4
  Accepted AddPatch at patch 12, improvement=0.003525
  Accepted AddPatch at patch 13, improvement=0.003213
  Accepted AddPatch at patch 14, improvement=0.003097
  Mandatory DeletePatch(9) at patch 9, reason=Area 0.001041 below minimum 0.01
  Total patches: 15, total adds: 15, total deletes: 10
  step 300/1000: loss=0.140905, patches=13
[SRD rewrite] deleted patch=14, position=(0.504, -0.361, -0.706), reason=Area 0.000255 below minimum 0.01
[SRD rewrite] deleted patch=13, position=(1.140, -1.006, -0.673), reason=Area 0.009047 below minimum 0.01
[SRD rewrite] deleted patch=12, position=(1.261, -0.847, -0.761), reason=Area 0.003712 below minimum 0.01
[SRD rewrite] deleted patch=8, position=(0.004, -0.340, 1.155), reason=Area 0.000635 below minimum 0.01
SRD step 350: evaluated 27 candidates, 0 promising, accepted 4
  Mandatory DeletePatch(8) at patch 8, reason=Area 0.000635 below minimum 0.01
  Mandatory DeletePatch(12) at patch 12, reason=Area 0.003712 below minimum 0.01
  Mandatory DeletePatch(13) at patch 13, reason=Area 0.009047 below minimum 0.01
  Mandatory DeletePatch(14) at patch 14, reason=Area 0.000255 below minimum 0.01
  Total patches: 11, total adds: 15, total deletes: 14
  step 350/1000: loss=0.128935, patches=15
[SRD rewrite] deleted patch=9, position=(-0.270, -0.845, 1.141), reason=Area 0.008320 below minimum 0.01
[SRD rewrite] added patch=10, position=(-0.252, 0.186, 0.244), improvement=0.003631
[SRD rewrite] added patch=11, position=(0.381, -0.914, -0.950), improvement=0.003193
[SRD rewrite] added patch=12, position=(-0.109, -1.071, 1.165), improvement=0.003098
SRD step 400: evaluated 27 candidates, 13 promising, accepted 4
  Accepted AddPatch at patch 10, improvement=0.003631
  Accepted AddPatch at patch 11, improvement=0.003193
  Accepted AddPatch at patch 12, improvement=0.003098
  Mandatory DeletePatch(9) at patch 9, reason=Area 0.008320 below minimum 0.01
  Total patches: 13, total adds: 18, total deletes: 15
  step 400/1000: loss=0.134986, patches=11
[SRD rewrite] deleted patch=12, position=(-0.214, -1.039, 1.046), reason=Area 0.000906 below minimum 0.01
[SRD rewrite] deleted patch=11, position=(0.379, -0.865, -0.901), reason=delete has no image effect
[SRD rewrite] added patch=11, position=(0.835, -0.897, -0.879), improvement=0.001884
[SRD rewrite] restored patch=12, position=(1.140, -1.006, -0.673), improvement=0.001829
[SRD rewrite] restored patch=13, position=(0.504, -0.361, -0.706), improvement=0.001819
SRD step 450: evaluated 27 candidates, 16 promising, accepted 5
  Accepted AddPatch at patch 11, improvement=0.001884
  Accepted RestorePatch(10) at patch 12, improvement=0.001829
  Accepted RestorePatch(9) at patch 13, improvement=0.001819
  Mandatory DeletePatch(12) at patch 12, reason=Area 0.000906 below minimum 0.01
  Mandatory DeletePatch(11) at patch 11, reason=delete has no image effect
  Total patches: 14, total adds: 21, total deletes: 17
  step 450/1000: loss=0.117598, patches=13
[SRD rewrite] deleted patch=13, position=(0.483, -0.382, -0.686), reason=Area 0.000365 below minimum 0.01
[SRD rewrite] deleted patch=12, position=(1.114, -1.078, -0.590), reason=Area 0.008106 below minimum 0.01
[SRD rewrite] deleted patch=11, position=(0.732, -0.999, -0.883), reason=Area 0.000224 below minimum 0.01
SRD step 500: evaluated 27 candidates, 0 promising, accepted 3
  Mandatory DeletePatch(11) at patch 11, reason=Area 0.000224 below minimum 0.01
  Mandatory DeletePatch(12) at patch 12, reason=Area 0.008106 below minimum 0.01
  Mandatory DeletePatch(13) at patch 13, reason=Area 0.000365 below minimum 0.01
  Total patches: 11, total adds: 21, total deletes: 20
  step 500/1000: loss=0.114589, patches=14
[SRD rewrite] restored patch=11, position=(-0.214, -1.039, 1.046), improvement=0.001223
[SRD rewrite] restored patch=12, position=(0.004, -0.340, 1.155), improvement=0.000959
[SRD rewrite] added patch=13, position=(0.592, -0.262, -0.771), improvement=0.000792
SRD step 550: evaluated 27 candidates, 12 promising, accepted 3
  Accepted RestorePatch(12) at patch 11, improvement=0.001223
  Accepted RestorePatch(10) at patch 12, improvement=0.000959
  Accepted AddPatch at patch 13, improvement=0.000792
  Total patches: 14, total adds: 24, total deletes: 20
  step 550/1000: loss=0.117982, patches=11
[SRD rewrite] deleted patch=12, position=(-0.088, -0.251, 1.137), reason=Area 0.000477 below minimum 0.01
[SRD rewrite] deleted patch=11, position=(-0.289, -1.028, 1.030), reason=Area 0.000906 below minimum 0.01
[SRD rewrite] added patch=12, position=(1.063, -1.082, -0.702), improvement=0.000612
[SRD rewrite] added patch=13, position=(1.045, -1.046, -0.634), improvement=0.000571
[SRD rewrite] added patch=14, position=(0.682, 0.249, 0.125), improvement=0.000314
SRD step 600: evaluated 27 candidates, 3 promising, accepted 5
  Accepted AddPatch at patch 12, improvement=0.000612
  Accepted AddPatch at patch 13, improvement=0.000571
  Accepted AddPatch at patch 14, improvement=0.000314
  Mandatory DeletePatch(11) at patch 11, reason=Area 0.000906 below minimum 0.01
  Mandatory DeletePatch(12) at patch 12, reason=Area 0.000477 below minimum 0.01
  Total patches: 15, total adds: 27, total deletes: 22
  step 600/1000: loss=0.113716, patches=14
[SRD rewrite] deleted patch=14, position=(0.820, 0.200, 0.231), reason=Area 0.000281 below minimum 0.01
[SRD rewrite] deleted patch=12, position=(1.109, -1.134, -0.794), reason=Area 0.001534 below minimum 0.01
SRD step 650: evaluated 27 candidates, 0 promising, accepted 2
  Mandatory DeletePatch(12) at patch 12, reason=Area 0.001534 below minimum 0.01
  Mandatory DeletePatch(14) at patch 14, reason=Area 0.000281 below minimum 0.01
  Total patches: 13, total adds: 27, total deletes: 24
  step 650/1000: loss=0.109456, patches=15
SRD step 700: evaluated 27 candidates, 0 promising, accepted 0
  Total patches: 13, total adds: 27, total deletes: 24
  step 700/1000: loss=0.101085, patches=13
[SRD rewrite] restored patch=13, position=(1.114, -1.078, -0.590), improvement=0.000609
[SRD rewrite] added patch=14, position=(0.690, -0.044, 0.809), improvement=0.000327
SRD step 750: evaluated 27 candidates, 2 promising, accepted 2
  Accepted RestorePatch(13) at patch 13, improvement=0.000609
  Accepted AddPatch at patch 14, improvement=0.000327
  Total patches: 15, total adds: 29, total deletes: 24
  step 750/1000: loss=0.100617, patches=13
[SRD rewrite] deleted patch=14, position=(0.811, 0.069, 0.808), reason=Area 0.000522 below minimum 0.01
[SRD rewrite] deleted patch=13, position=(1.139, -1.088, -0.656), reason=Area 0.008224 below minimum 0.01
SRD step 800: evaluated 27 candidates, 0 promising, accepted 2
  Mandatory DeletePatch(13) at patch 13, reason=Area 0.008224 below minimum 0.01
  Mandatory DeletePatch(14) at patch 14, reason=Area 0.000522 below minimum 0.01
  Total patches: 13, total adds: 29, total deletes: 26
  step 800/1000: loss=0.093835, patches=15
SRD step 850: evaluated 27 candidates, 0 promising, accepted 0
  Total patches: 13, total adds: 29, total deletes: 26
  step 850/1000: loss=0.096456, patches=13
[SRD rewrite] added patch=13, position=(-0.596, -0.299, -0.459), improvement=0.002726
[SRD rewrite] added patch=14, position=(1.095, -0.144, -0.540), improvement=0.002497
[SRD rewrite] added patch=15, position=(0.559, 0.031, 0.523), improvement=0.002412
SRD step 900: evaluated 27 candidates, 18 promising, accepted 3
  Accepted AddPatch at patch 13, improvement=0.002726
  Accepted AddPatch at patch 14, improvement=0.002497
  Accepted AddPatch at patch 15, improvement=0.002412
  Total patches: 16, total adds: 32, total deletes: 26
  step 900/1000: loss=0.099249, patches=13
[SRD rewrite] deleted patch=15, position=(0.652, 0.120, 0.634), reason=Area 0.000306 below minimum 0.01
[SRD rewrite] deleted patch=14, position=(1.095, -0.144, -0.540), reason=Area 0.009291 below minimum 0.01
SRD step 950: evaluated 27 candidates, 0 promising, accepted 2
  Mandatory DeletePatch(14) at patch 14, reason=Area 0.009291 below minimum 0.01
  Mandatory DeletePatch(15) at patch 15, reason=Area 0.000306 below minimum 0.01
  Total patches: 14, total adds: 32, total deletes: 28
  step 950/1000: loss=0.090404, patches=16
SRD step 1000: evaluated 27 candidates, 0 promising, accepted 0
  Total patches: 14, total adds: 32, total deletes: 28
  step 1000/1000: loss=0.092925, patches=14
[Trial 3] done: loss=0.092763, time=2527.8s
[Run] report written to results/slurm/20260718_1833/patchsize_water_fire_10/patches_10/with_srd/with_srd.txt
[Swept volume] building (resolution=256)...
[Run] mode=full, trials=3, seeds=[0, 1, 2], steps=1000, srd=False, ablation_flags={'disable_swept_volume_adds': True, 'loss_only_deletion': True, 'disable_splitting': False}
[Trial 1/3] seed=0
[Patch] mapbox-earcut is not installed; falling back to fan fill, so non-convex pieces will render incorrectly. Install it with: pip install mapbox-earcut
  step 50/1000: loss=0.355107, patches=10
  step 100/1000: loss=0.269174, patches=10
  step 150/1000: loss=0.218441, patches=10
  step 200/1000: loss=0.196676, patches=10
  step 250/1000: loss=0.186599, patches=10
  step 300/1000: loss=0.183575, patches=10
  step 350/1000: loss=0.182927, patches=10
  step 400/1000: loss=0.183551, patches=10
  step 450/1000: loss=0.181979, patches=10
  step 500/1000: loss=0.180002, patches=10
  step 550/1000: loss=0.180433, patches=10
  step 600/1000: loss=0.180409, patches=10
  step 650/1000: loss=0.179616, patches=10
  step 700/1000: loss=0.179141, patches=10
  step 750/1000: loss=0.178401, patches=10
  step 800/1000: loss=0.181524, patches=10
  step 850/1000: loss=0.175175, patches=10
  step 900/1000: loss=0.166008, patches=10
  step 950/1000: loss=0.158904, patches=10
  step 1000/1000: loss=0.147760, patches=10
[Trial 1] done: loss=0.147521, time=495.9s
[Trial 2/3] seed=1
  step 50/1000: loss=0.325424, patches=10
  step 100/1000: loss=0.218895, patches=10
  step 150/1000: loss=0.192348, patches=10
  step 200/1000: loss=0.170773, patches=10
  step 250/1000: loss=0.162317, patches=10
  step 300/1000: loss=0.154957, patches=10
  step 350/1000: loss=0.141862, patches=10
  step 400/1000: loss=0.141709, patches=10
  step 450/1000: loss=0.142328, patches=10
  step 500/1000: loss=0.143491, patches=10
  step 550/1000: loss=0.143286, patches=10
  step 600/1000: loss=0.138347, patches=10
  step 650/1000: loss=0.127384, patches=10
  step 700/1000: loss=0.126065, patches=10
  step 750/1000: loss=0.125248, patches=10
  step 800/1000: loss=0.125615, patches=10
  step 850/1000: loss=0.124443, patches=10
  step 900/1000: loss=0.124338, patches=10
  step 950/1000: loss=0.124643, patches=10
  step 1000/1000: loss=0.125649, patches=10
[Trial 2] done: loss=0.125470, time=533.8s
[Trial 3/3] seed=2
  step 50/1000: loss=0.364370, patches=10
  step 100/1000: loss=0.277201, patches=10
  step 150/1000: loss=0.210893, patches=10
  step 200/1000: loss=0.207511, patches=10
  step 250/1000: loss=0.211702, patches=10
  step 300/1000: loss=0.210047, patches=10
  step 350/1000: loss=0.201254, patches=10
  step 400/1000: loss=0.187398, patches=10
  step 450/1000: loss=0.175841, patches=10
  step 500/1000: loss=0.172670, patches=10
  step 550/1000: loss=0.169779, patches=10
  step 600/1000: loss=0.177121, patches=10
  step 650/1000: loss=0.181963, patches=10
  step 700/1000: loss=0.182972, patches=10
  step 750/1000: loss=0.185423, patches=10
  step 800/1000: loss=0.183699, patches=10
  step 850/1000: loss=0.183540, patches=10
  step 900/1000: loss=0.182446, patches=10
  step 950/1000: loss=0.186014, patches=10
  step 1000/1000: loss=0.187615, patches=10
[Trial 3] done: loss=0.187490, time=512.7s
[Run] report written to results/slurm/20260718_1833/patchsize_water_fire_10/patches_10/without_srd/without_srd.txt

======================================================================
Running 3 trials WITH SRD
======================================================================


======================================================================
Running 3 trials WITHOUT SRD
======================================================================


[Comparison] report written to results/slurm/20260718_1833/patchsize_water_fire_10/patches_10/comparison.txt

======================================================================
SRD Patch Size Comparison
======================================================================
Started: 2026-07-19T00:04:12
Patch sizes: [10]
Trials per size: 3
Steps per trial: 1000
Output directory: results/slurm/20260718_1833/patchsize_water_fire_10
======================================================================


======================================================================
Running comparison with 10 initial patches
  Target 1: images/water.png
  Target 2: images/fire.png
  Trials: 3, Steps: 1000
======================================================================

[OK] Comparison with 10 patches completed successfully

======================================================================
Comparison Summary
======================================================================
Successful: 1/1
Total time: 8457.9 seconds (2.35 hours)
Summary report: results/slurm/20260718_1833/patchsize_water_fire_10/SUMMARY.txt
======================================================================

