## SLURM PROLOG ###############################################################
##    Job ID : 4093842
##  Job Name : 20260718_1833_patchsize_water_fire_5
##  Nodelist : gpu2101
##      CPUs : 
##  Mem/Node : 128000 MB
## Directory : /oscar/home/cjmok/automated-perspective-sculptor
##   Job Started : Sun Jul 19 12:33:33 AM EDT 2026
###############################################################################
[Swept volume] building (resolution=256)...
[Run] mode=full, trials=3, seeds=[0, 1, 2], steps=1000, srd=True, ablation_flags={'disable_swept_volume_adds': False, 'loss_only_deletion': False, 'disable_splitting': False}
[Trial 1/3] seed=0
[Patch] mapbox-earcut is not installed; falling back to fan fill, so non-convex pieces will render incorrectly. Install it with: pip install mapbox-earcut
[SRD rewrite] split patch=4, children=4,5, improvement=0.014803
[SRD rewrite] added patch=6, position=(0.362, -0.620, 0.852), improvement=0.008025
[SRD rewrite] added patch=7, position=(0.190, -0.790, 1.045), improvement=0.007934
SRD step 50: evaluated 27 candidates, 18 promising, accepted 3
  Accepted SplitPatch(4) at patch 4, improvement=0.014803
  Accepted AddPatch at patch 6, improvement=0.008025
  Accepted AddPatch at patch 7, improvement=0.007934
  Total patches: 8, total adds: 3, total deletes: 0
  step 50/1000: loss=0.441937, patches=5
[SRD rewrite] deleted patch=5, position=(-1.117, -1.331, -1.303), reason=Area 0.004747 below minimum 0.01
[SRD rewrite] added patch=7, position=(0.806, 0.138, -0.300), improvement=0.009908
[SRD rewrite] added patch=8, position=(0.665, -0.729, 0.959), improvement=0.009827
[SRD rewrite] added patch=9, position=(0.347, -0.749, 1.023), improvement=0.009570
SRD step 100: evaluated 27 candidates, 25 promising, accepted 4
  Accepted AddPatch at patch 7, improvement=0.009908
  Accepted AddPatch at patch 8, improvement=0.009827
  Accepted AddPatch at patch 9, improvement=0.009570
  Mandatory DeletePatch(5) at patch 5, reason=Area 0.004747 below minimum 0.01
  Total patches: 10, total adds: 6, total deletes: 1
  step 100/1000: loss=0.350706, patches=8
[SRD rewrite] added patch=10, position=(0.328, 0.580, -0.276), improvement=0.004962
[SRD rewrite] added patch=11, position=(0.755, 0.103, -0.376), improvement=0.004010
[SRD rewrite] added patch=12, position=(0.643, 0.295, -0.181), improvement=0.003886
SRD step 150: evaluated 27 candidates, 25 promising, accepted 3
  Accepted AddPatch at patch 10, improvement=0.004962
  Accepted AddPatch at patch 11, improvement=0.004010
  Accepted AddPatch at patch 12, improvement=0.003886
  Total patches: 13, total adds: 9, total deletes: 1
  step 150/1000: loss=0.322778, patches=10
[SRD rewrite] deleted patch=12, position=(0.695, 0.432, -0.053), reason=Area 0.003146 below minimum 0.01
[SRD rewrite] deleted patch=4, position=(-1.503, -0.698, -1.297), reason=Area 0.002066 below minimum 0.01
[SRD rewrite] added patch=11, position=(0.933, -0.729, 0.908), improvement=0.004235
[SRD rewrite] added patch=12, position=(0.459, 0.584, 0.123), improvement=0.003989
[SRD rewrite] restored patch=13, position=(0.695, 0.432, -0.053), improvement=0.003808
SRD step 200: evaluated 27 candidates, 23 promising, accepted 5
  Accepted AddPatch at patch 11, improvement=0.004235
  Accepted AddPatch at patch 12, improvement=0.003989
  Accepted RestorePatch(2) at patch 13, improvement=0.003808
  Mandatory DeletePatch(4) at patch 4, reason=Area 0.002066 below minimum 0.01
  Mandatory DeletePatch(12) at patch 12, reason=Area 0.003146 below minimum 0.01
  Total patches: 14, total adds: 12, total deletes: 3
  step 200/1000: loss=0.275794, patches=13
[SRD rewrite] deleted patch=13, position=(0.772, 0.454, -0.049), reason=Area 0.000235 below minimum 0.01
[SRD rewrite] deleted patch=12, position=(0.528, 0.684, 0.251), reason=Area 0.000215 below minimum 0.01
[SRD rewrite] deleted patch=11, position=(0.933, -0.729, 0.908), reason=Area 0.009291 below minimum 0.01
[SRD rewrite] deleted patch=8, position=(0.411, -0.861, 1.033), reason=Area 0.003092 below minimum 0.01
[SRD rewrite] deleted patch=6, position=(0.796, 0.226, -0.045), reason=Area 0.007967 below minimum 0.01
SRD step 250: evaluated 27 candidates, 0 promising, accepted 5
  Mandatory DeletePatch(6) at patch 6, reason=Area 0.007967 below minimum 0.01
  Mandatory DeletePatch(8) at patch 8, reason=Area 0.003092 below minimum 0.01
  Mandatory DeletePatch(11) at patch 11, reason=Area 0.009291 below minimum 0.01
  Mandatory DeletePatch(12) at patch 12, reason=Area 0.000215 below minimum 0.01
  Mandatory DeletePatch(13) at patch 13, reason=Area 0.000235 below minimum 0.01
  Total patches: 9, total adds: 12, total deletes: 8
  step 250/1000: loss=0.245371, patches=14
[SRD rewrite] deleted patch=6, position=(0.755, -0.693, 1.007), reason=Area 0.007986 below minimum 0.01
[SRD rewrite] restored patch=8, position=(0.796, 0.226, -0.045), improvement=0.001869
[SRD rewrite] restored patch=9, position=(0.772, 0.454, -0.049), improvement=0.000764
[SRD rewrite] restored patch=10, position=(0.528, 0.684, 0.251), improvement=0.000441
SRD step 300: evaluated 27 candidates, 4 promising, accepted 4
  Accepted RestorePatch(7) at patch 8, improvement=0.001869
  Accepted RestorePatch(3) at patch 9, improvement=0.000764
  Accepted RestorePatch(4) at patch 10, improvement=0.000441
  Mandatory DeletePatch(6) at patch 6, reason=Area 0.007986 below minimum 0.01
  Total patches: 11, total adds: 15, total deletes: 9
  step 300/1000: loss=0.232034, patches=9
[SRD rewrite] deleted patch=10, position=(0.591, 0.739, 0.172), reason=Area 0.000215 below minimum 0.01
[SRD rewrite] deleted patch=9, position=(0.813, 0.438, -0.008), reason=Area 0.000235 below minimum 0.01
[SRD rewrite] deleted patch=8, position=(0.794, 0.250, -0.016), reason=Area 0.002011 below minimum 0.01
[SRD rewrite] added patch=8, position=(0.030, -1.188, -0.839), improvement=0.000494
[SRD rewrite] restored patch=9, position=(0.933, -0.729, 0.908), improvement=0.000384
[SRD rewrite] added patch=10, position=(0.506, -0.321, 0.816), improvement=0.000244
SRD step 350: evaluated 27 candidates, 3 promising, accepted 6
  Accepted AddPatch at patch 8, improvement=0.000494
  Accepted RestorePatch(3) at patch 9, improvement=0.000384
  Accepted AddPatch at patch 10, improvement=0.000244
  Mandatory DeletePatch(8) at patch 8, reason=Area 0.002011 below minimum 0.01
  Mandatory DeletePatch(9) at patch 9, reason=Area 0.000235 below minimum 0.01
  Mandatory DeletePatch(10) at patch 10, reason=Area 0.000215 below minimum 0.01
  Total patches: 11, total adds: 18, total deletes: 12
  step 350/1000: loss=0.213389, patches=11
[SRD rewrite] deleted patch=10, position=(0.587, -0.272, 0.808), reason=Area 0.000843 below minimum 0.01
[SRD rewrite] deleted patch=9, position=(0.933, -0.729, 0.908), reason=Area 0.009291 below minimum 0.01
[SRD rewrite] deleted patch=8, position=(-0.040, -1.247, -0.948), reason=Area 0.007100 below minimum 0.01
[SRD rewrite] added patch=8, position=(-0.406, -0.951, 1.002), improvement=0.000372
SRD step 400: evaluated 27 candidates, 1 promising, accepted 4
  Accepted AddPatch at patch 8, improvement=0.000372
  Mandatory DeletePatch(8) at patch 8, reason=Area 0.007100 below minimum 0.01
  Mandatory DeletePatch(9) at patch 9, reason=Area 0.009291 below minimum 0.01
  Mandatory DeletePatch(10) at patch 10, reason=Area 0.000843 below minimum 0.01
  Total patches: 9, total adds: 19, total deletes: 15
  step 400/1000: loss=0.203485, patches=11
[SRD rewrite] added patch=9, position=(-0.273, -1.241, -0.873), improvement=0.003979
[SRD rewrite] added patch=10, position=(-0.191, -1.238, -0.837), improvement=0.003791
[SRD rewrite] added patch=11, position=(0.583, -0.173, 0.829), improvement=0.003508
SRD step 450: evaluated 27 candidates, 17 promising, accepted 3
  Accepted AddPatch at patch 9, improvement=0.003979
  Accepted AddPatch at patch 10, improvement=0.003791
  Accepted AddPatch at patch 11, improvement=0.003508
  Total patches: 12, total adds: 22, total deletes: 15
  step 450/1000: loss=0.190920, patches=9
[SRD rewrite] deleted patch=9, position=(-0.314, -1.215, -0.954), reason=Area 0.004479 below minimum 0.01
SRD step 500: evaluated 27 candidates, 0 promising, accepted 1
  Mandatory DeletePatch(9) at patch 9, reason=Area 0.004479 below minimum 0.01
  Total patches: 11, total adds: 22, total deletes: 16
  step 500/1000: loss=0.171649, patches=12
[SRD rewrite] added patch=11, position=(-0.515, -0.164, 0.640), improvement=0.002916
[SRD rewrite] added patch=12, position=(0.936, -0.576, 0.970), improvement=0.002324
[SRD rewrite] restored patch=13, position=(0.933, -0.729, 0.908), improvement=0.002310
SRD step 550: evaluated 27 candidates, 15 promising, accepted 3
  Accepted AddPatch at patch 11, improvement=0.002916
  Accepted AddPatch at patch 12, improvement=0.002324
  Accepted RestorePatch(9) at patch 13, improvement=0.002310
  Total patches: 14, total adds: 25, total deletes: 16
  step 550/1000: loss=0.168514, patches=11
[SRD rewrite] deleted patch=13, position=(1.004, -0.747, 0.832), reason=Area 0.003521 below minimum 0.01
[SRD rewrite] deleted patch=12, position=(0.986, -0.528, 0.994), reason=Area 0.005050 below minimum 0.01
SRD step 600: evaluated 27 candidates, 0 promising, accepted 2
  Mandatory DeletePatch(12) at patch 12, reason=Area 0.005050 below minimum 0.01
  Mandatory DeletePatch(13) at patch 13, reason=Area 0.003521 below minimum 0.01
  Total patches: 12, total adds: 25, total deletes: 18
  step 600/1000: loss=0.150930, patches=14
[SRD rewrite] deleted patch=2, position=(0.930, -0.675, 0.990), reason=Area 0.009698 below minimum 0.01
SRD step 650: evaluated 27 candidates, 0 promising, accepted 1
  Mandatory DeletePatch(2) at patch 2, reason=Area 0.009698 below minimum 0.01
  Total patches: 11, total adds: 25, total deletes: 19
  step 650/1000: loss=0.147863, patches=12
[SRD rewrite] added patch=11, position=(0.154, 0.663, -0.003), improvement=0.000629
[SRD rewrite] restored patch=12, position=(0.986, -0.528, 0.994), improvement=0.000218
SRD step 700: evaluated 27 candidates, 2 promising, accepted 2
  Accepted AddPatch at patch 11, improvement=0.000629
  Accepted RestorePatch(12) at patch 12, improvement=0.000218
  Total patches: 13, total adds: 27, total deletes: 19
  step 700/1000: loss=0.150399, patches=11
[SRD rewrite] deleted patch=12, position=(0.994, -0.514, 0.994), reason=Area 0.002221 below minimum 0.01
SRD step 750: evaluated 27 candidates, 0 promising, accepted 1
  Mandatory DeletePatch(12) at patch 12, reason=Area 0.002221 below minimum 0.01
  Total patches: 12, total adds: 27, total deletes: 20
  step 750/1000: loss=0.139765, patches=13
[SRD rewrite] added patch=12, position=(0.956, -0.865, 0.894), improvement=0.000034
SRD step 800: evaluated 27 candidates, 1 promising, accepted 1
  Accepted AddPatch at patch 12, improvement=0.000034
  Total patches: 13, total adds: 28, total deletes: 20
  step 800/1000: loss=0.141404, patches=12
[SRD rewrite] deleted patch=12, position=(0.932, -0.829, 0.867), reason=Area 0.005063 below minimum 0.01
[SRD rewrite] added patch=12, position=(0.006, 0.409, -0.319), improvement=0.000218
SRD step 850: evaluated 27 candidates, 1 promising, accepted 2
  Accepted AddPatch at patch 12, improvement=0.000218
  Mandatory DeletePatch(12) at patch 12, reason=Area 0.005063 below minimum 0.01
  Total patches: 13, total adds: 29, total deletes: 21
  step 850/1000: loss=0.137771, patches=13
SRD step 900: evaluated 27 candidates, 0 promising, accepted 0
  Total patches: 13, total adds: 29, total deletes: 21
  step 900/1000: loss=0.132737, patches=13
SRD step 950: evaluated 27 candidates, 0 promising, accepted 0
  Total patches: 13, total adds: 29, total deletes: 21
  step 950/1000: loss=0.134015, patches=13
[SRD rewrite] added patch=13, position=(0.193, 0.718, 0.130), improvement=0.001132
[SRD rewrite] added patch=14, position=(0.204, 0.556, -0.010), improvement=0.001062
[SRD rewrite] added patch=15, position=(0.232, 0.805, 0.177), improvement=0.000992
SRD step 1000: evaluated 27 candidates, 18 promising, accepted 3
  Accepted AddPatch at patch 13, improvement=0.001132
  Accepted AddPatch at patch 14, improvement=0.001062
  Accepted AddPatch at patch 15, improvement=0.000992
  Total patches: 16, total adds: 32, total deletes: 21
  step 1000/1000: loss=0.130929, patches=13
[SRD rewrite] deleted patch=15, position=(0.232, 0.805, 0.177), reason=Area 0.009291 below minimum 0.01
[SRD rewrite] deleted patch=14, position=(0.204, 0.556, -0.010), reason=Area 0.009291 below minimum 0.01
[SRD rewrite] deleted patch=13, position=(0.193, 0.718, 0.130), reason=Area 0.009291 below minimum 0.01
[SRD rewrite] deleted patch=2, position=(-2.297, -0.531, -0.283), reason=final deletion pass improved loss
[Trial 1] done: loss=0.129830, time=2042.0s
[Trial 2/3] seed=1
[SRD rewrite] added patch=5, position=(0.594, 0.128, -0.232), improvement=0.014310
[SRD rewrite] added patch=6, position=(0.584, 0.141, 0.494), improvement=0.013697
[SRD rewrite] added patch=7, position=(0.730, 0.067, 0.616), improvement=0.013546
SRD step 50: evaluated 27 candidates, 14 promising, accepted 3
  Accepted AddPatch at patch 5, improvement=0.014310
  Accepted AddPatch at patch 6, improvement=0.013697
  Accepted AddPatch at patch 7, improvement=0.013546
  Total patches: 8, total adds: 3, total deletes: 0
  step 50/1000: loss=0.357350, patches=5
[SRD rewrite] deleted patch=7, position=(0.817, 0.196, 0.693), reason=Area 0.000698 below minimum 0.01
[SRD rewrite] added patch=7, position=(0.966, -0.680, -0.855), improvement=0.006651
[SRD rewrite] restored patch=8, position=(0.817, 0.196, 0.693), improvement=0.006315
[SRD rewrite] added patch=9, position=(0.833, -0.009, 0.361), improvement=0.006143
SRD step 100: evaluated 27 candidates, 18 promising, accepted 4
  Accepted AddPatch at patch 7, improvement=0.006651
  Accepted RestorePatch(0) at patch 8, improvement=0.006315
  Accepted AddPatch at patch 9, improvement=0.006143
  Mandatory DeletePatch(7) at patch 7, reason=Area 0.000698 below minimum 0.01
  Total patches: 10, total adds: 6, total deletes: 1
  step 100/1000: loss=0.267266, patches=8
[SRD rewrite] deleted patch=9, position=(0.930, 0.096, 0.368), reason=Area 0.000495 below minimum 0.01
[SRD rewrite] deleted patch=8, position=(0.865, 0.276, 0.675), reason=Area 0.000181 below minimum 0.01
[SRD rewrite] added patch=8, position=(0.711, 0.315, -0.113), improvement=0.003305
[SRD rewrite] added patch=9, position=(0.312, 0.525, -0.341), improvement=0.003181
[SRD rewrite] added patch=10, position=(0.339, 0.565, -0.300), improvement=0.003034
SRD step 150: evaluated 27 candidates, 17 promising, accepted 5
  Accepted AddPatch at patch 8, improvement=0.003305
  Accepted AddPatch at patch 9, improvement=0.003181
  Accepted AddPatch at patch 10, improvement=0.003034
  Mandatory DeletePatch(8) at patch 8, reason=Area 0.000181 below minimum 0.01
  Mandatory DeletePatch(9) at patch 9, reason=Area 0.000495 below minimum 0.01
  Total patches: 11, total adds: 9, total deletes: 3
  step 150/1000: loss=0.227604, patches=10
[SRD rewrite] deleted patch=10, position=(0.464, 0.494, -0.266), reason=Area 0.000417 below minimum 0.01
[SRD rewrite] deleted patch=9, position=(0.232, 0.424, -0.263), reason=Area 0.003087 below minimum 0.01
[SRD rewrite] deleted patch=8, position=(0.743, 0.357, -0.095), reason=Area 0.000639 below minimum 0.01
SRD step 200: evaluated 27 candidates, 0 promising, accepted 3
  Mandatory DeletePatch(8) at patch 8, reason=Area 0.000639 below minimum 0.01
  Mandatory DeletePatch(9) at patch 9, reason=Area 0.003087 below minimum 0.01
  Mandatory DeletePatch(10) at patch 10, reason=Area 0.000417 below minimum 0.01
  Total patches: 8, total adds: 9, total deletes: 6
  step 200/1000: loss=0.196263, patches=11
[SRD rewrite] added patch=8, position=(0.307, 0.660, -0.374), improvement=0.001952
[SRD rewrite] added patch=9, position=(0.352, 0.475, -0.443), improvement=0.001732
[SRD rewrite] added patch=10, position=(0.341, 0.626, -0.073), improvement=0.001272
SRD step 250: evaluated 27 candidates, 17 promising, accepted 3
  Accepted AddPatch at patch 8, improvement=0.001952
  Accepted AddPatch at patch 9, improvement=0.001732
  Accepted AddPatch at patch 10, improvement=0.001272
  Total patches: 11, total adds: 12, total deletes: 6
  step 250/1000: loss=0.185698, patches=8
[SRD rewrite] deleted patch=10, position=(0.448, 0.588, -0.063), reason=Area 0.000705 below minimum 0.01
[SRD rewrite] added patch=10, position=(0.740, 0.346, -0.377), improvement=0.001135
[SRD rewrite] added patch=11, position=(0.379, 0.672, -0.464), improvement=0.001026
[SRD rewrite] restored patch=12, position=(0.232, 0.424, -0.263), improvement=0.001019
SRD step 300: evaluated 27 candidates, 16 promising, accepted 4
  Accepted AddPatch at patch 10, improvement=0.001135
  Accepted AddPatch at patch 11, improvement=0.001026
  Accepted RestorePatch(3) at patch 12, improvement=0.001019
  Mandatory DeletePatch(10) at patch 10, reason=Area 0.000705 below minimum 0.01
  Total patches: 13, total adds: 15, total deletes: 7
  step 300/1000: loss=0.166917, patches=11
[SRD rewrite] deleted patch=12, position=(0.276, 0.327, -0.347), reason=Area 0.000316 below minimum 0.01
[SRD rewrite] deleted patch=11, position=(0.203, 0.823, -0.449), reason=Area 0.000455 below minimum 0.01
[SRD rewrite] deleted patch=10, position=(0.699, 0.436, -0.340), reason=Area 0.001190 below minimum 0.01
[SRD rewrite] added patch=10, position=(-0.423, -0.892, 1.095), improvement=0.000267
SRD step 350: evaluated 27 candidates, 1 promising, accepted 4
  Accepted AddPatch at patch 10, improvement=0.000267
  Mandatory DeletePatch(10) at patch 10, reason=Area 0.001190 below minimum 0.01
  Mandatory DeletePatch(11) at patch 11, reason=Area 0.000455 below minimum 0.01
  Mandatory DeletePatch(12) at patch 12, reason=Area 0.000316 below minimum 0.01
  Total patches: 11, total adds: 16, total deletes: 10
  step 350/1000: loss=0.153863, patches=13
[SRD rewrite] deleted patch=10, position=(-0.466, -0.852, 1.152), reason=Area 0.009780 below minimum 0.01
[SRD rewrite] deleted patch=8, position=(0.023, 0.790, -0.183), reason=Area 0.001882 below minimum 0.01
[SRD rewrite] deleted patch=6, position=(0.558, 0.514, 0.768), reason=Area 0.005067 below minimum 0.01
SRD step 400: evaluated 27 candidates, 0 promising, accepted 3
  Mandatory DeletePatch(6) at patch 6, reason=Area 0.005067 below minimum 0.01
  Mandatory DeletePatch(8) at patch 8, reason=Area 0.001882 below minimum 0.01
  Mandatory DeletePatch(10) at patch 10, reason=Area 0.009780 below minimum 0.01
  Total patches: 8, total adds: 16, total deletes: 13
  step 400/1000: loss=0.149436, patches=11
[SRD rewrite] added patch=8, position=(0.239, 0.735, 0.064), improvement=0.001639
[SRD rewrite] restored patch=9, position=(0.276, 0.327, -0.347), improvement=0.001333
[SRD rewrite] restored patch=10, position=(0.865, 0.276, 0.675), improvement=0.001259
SRD step 450: evaluated 27 candidates, 5 promising, accepted 3
  Accepted AddPatch at patch 8, improvement=0.001639
  Accepted RestorePatch(5) at patch 9, improvement=0.001333
  Accepted RestorePatch(1) at patch 10, improvement=0.001259
  Total patches: 11, total adds: 19, total deletes: 13
  step 450/1000: loss=0.152161, patches=8
[SRD rewrite] deleted patch=10, position=(0.931, 0.321, 0.679), reason=Area 0.000242 below minimum 0.01
[SRD rewrite] deleted patch=9, position=(0.295, 0.308, -0.366), reason=Area 0.000316 below minimum 0.01
[SRD rewrite] deleted patch=8, position=(0.100, 0.759, 0.121), reason=Area 0.000922 below minimum 0.01
SRD step 500: evaluated 27 candidates, 0 promising, accepted 3
  Mandatory DeletePatch(8) at patch 8, reason=Area 0.000922 below minimum 0.01
  Mandatory DeletePatch(9) at patch 9, reason=Area 0.000316 below minimum 0.01
  Mandatory DeletePatch(10) at patch 10, reason=Area 0.000242 below minimum 0.01
  Total patches: 8, total adds: 19, total deletes: 16
  step 500/1000: loss=0.138644, patches=11
SRD step 550: evaluated 27 candidates, 0 promising, accepted 0
  Total patches: 8, total adds: 19, total deletes: 16
  step 550/1000: loss=0.145295, patches=8
[SRD rewrite] restored patch=8, position=(0.023, 0.790, -0.183), improvement=0.001873
[SRD rewrite] added patch=9, position=(-0.315, 0.165, -0.144), improvement=0.001581
[SRD rewrite] added patch=10, position=(0.520, 0.364, 0.037), improvement=0.001358
SRD step 600: evaluated 27 candidates, 7 promising, accepted 3
  Accepted RestorePatch(7) at patch 8, improvement=0.001873
  Accepted AddPatch at patch 9, improvement=0.001581
  Accepted AddPatch at patch 10, improvement=0.001358
  Total patches: 11, total adds: 22, total deletes: 16
  step 600/1000: loss=0.147690, patches=8
[SRD rewrite] deleted patch=10, position=(0.656, 0.367, 0.053), reason=Area 0.000331 below minimum 0.01
[SRD rewrite] deleted patch=9, position=(-0.378, 0.088, 0.002), reason=Area 0.003757 below minimum 0.01
[SRD rewrite] deleted patch=8, position=(0.002, 0.786, -0.101), reason=Area 0.000392 below minimum 0.01
SRD step 650: evaluated 27 candidates, 0 promising, accepted 3
  Mandatory DeletePatch(8) at patch 8, reason=Area 0.000392 below minimum 0.01
  Mandatory DeletePatch(9) at patch 9, reason=Area 0.003757 below minimum 0.01
  Mandatory DeletePatch(10) at patch 10, reason=Area 0.000331 below minimum 0.01
  Total patches: 8, total adds: 22, total deletes: 19
  step 650/1000: loss=0.139663, patches=11
[SRD rewrite] added patch=8, position=(0.828, 0.221, -0.426), improvement=0.000484
[SRD rewrite] added patch=9, position=(0.517, 0.393, -0.035), improvement=0.000241
[SRD rewrite] restored patch=10, position=(0.295, 0.308, -0.366), improvement=0.000035
SRD step 700: evaluated 27 candidates, 3 promising, accepted 3
  Accepted AddPatch at patch 8, improvement=0.000484
  Accepted AddPatch at patch 9, improvement=0.000241
  Accepted RestorePatch(9) at patch 10, improvement=0.000035
  Total patches: 11, total adds: 25, total deletes: 19
  step 700/1000: loss=0.148485, patches=8
[SRD rewrite] deleted patch=10, position=(0.324, 0.280, -0.394), reason=Area 0.000316 below minimum 0.01
[SRD rewrite] deleted patch=9, position=(0.686, 0.396, 0.042), reason=Area 0.003470 below minimum 0.01
[SRD rewrite] deleted patch=8, position=(0.749, 0.305, -0.403), reason=Area 0.000769 below minimum 0.01
SRD step 750: evaluated 27 candidates, 0 promising, accepted 3
  Mandatory DeletePatch(8) at patch 8, reason=Area 0.000769 below minimum 0.01
  Mandatory DeletePatch(9) at patch 9, reason=Area 0.003470 below minimum 0.01
  Mandatory DeletePatch(10) at patch 10, reason=Area 0.000316 below minimum 0.01
  Total patches: 8, total adds: 25, total deletes: 22
  step 750/1000: loss=0.143196, patches=11
[SRD rewrite] restored patch=8, position=(-0.466, -0.852, 1.152), improvement=0.000840
[SRD rewrite] added patch=9, position=(0.355, 0.420, 0.052), improvement=0.000448
SRD step 800: evaluated 27 candidates, 2 promising, accepted 2
  Accepted RestorePatch(6) at patch 8, improvement=0.000840
  Accepted AddPatch at patch 9, improvement=0.000448
  Total patches: 10, total adds: 27, total deletes: 22
  step 800/1000: loss=0.149130, patches=8
[SRD rewrite] deleted patch=9, position=(0.404, 0.387, 0.009), reason=Area 0.000209 below minimum 0.01
[SRD rewrite] deleted patch=8, position=(-0.531, -0.934, 1.182), reason=Area 0.000550 below minimum 0.01
SRD step 850: evaluated 27 candidates, 0 promising, accepted 2
  Mandatory DeletePatch(8) at patch 8, reason=Area 0.000550 below minimum 0.01
  Mandatory DeletePatch(9) at patch 9, reason=Area 0.000209 below minimum 0.01
  Total patches: 8, total adds: 27, total deletes: 24
  step 850/1000: loss=0.144260, patches=10
SRD step 900: evaluated 27 candidates, 0 promising, accepted 0
  Total patches: 8, total adds: 27, total deletes: 24
  step 900/1000: loss=0.151492, patches=8
SRD step 950: evaluated 27 candidates, 0 promising, accepted 0
  Total patches: 8, total adds: 27, total deletes: 24
  step 950/1000: loss=0.154275, patches=8
[SRD rewrite] restored patch=8, position=(-0.378, 0.088, 0.002), improvement=0.002842
[SRD rewrite] restored patch=9, position=(0.686, 0.396, 0.042), improvement=0.002813
[SRD rewrite] restored patch=10, position=(0.699, 0.436, -0.340), improvement=0.002340
SRD step 1000: evaluated 27 candidates, 26 promising, accepted 3
  Accepted RestorePatch(10) at patch 8, improvement=0.002842
  Accepted RestorePatch(13) at patch 9, improvement=0.002813
  Accepted RestorePatch(5) at patch 10, improvement=0.002340
  Total patches: 11, total adds: 30, total deletes: 24
  step 1000/1000: loss=0.155734, patches=8
[SRD rewrite] deleted patch=10, position=(0.699, 0.436, -0.340), reason=Area 0.001190 below minimum 0.01
[SRD rewrite] deleted patch=9, position=(0.686, 0.396, 0.042), reason=Area 0.003470 below minimum 0.01
[SRD rewrite] deleted patch=8, position=(-0.378, 0.088, 0.002), reason=Area 0.003757 below minimum 0.01
[Trial 2] done: loss=0.155930, time=1652.9s
[Trial 3/3] seed=2
[SRD rewrite] added patch=5, position=(0.417, -0.716, 0.971), improvement=0.013219
[SRD rewrite] added patch=6, position=(1.049, -0.194, -0.534), improvement=0.012699
[SRD rewrite] added patch=7, position=(0.691, -0.689, 0.969), improvement=0.012670
SRD step 50: evaluated 27 candidates, 12 promising, accepted 3
  Accepted AddPatch at patch 5, improvement=0.013219
  Accepted AddPatch at patch 6, improvement=0.012699
  Accepted AddPatch at patch 7, improvement=0.012670
  Total patches: 8, total adds: 3, total deletes: 0
  step 50/1000: loss=0.412154, patches=5
[SRD rewrite] deleted patch=6, position=(1.068, -0.194, -0.510), reason=Area 0.004977 below minimum 0.01
[SRD rewrite] split patch=2, children=6,7, improvement=0.004269
[SRD rewrite] added patch=8, position=(0.769, 0.037, 0.776), improvement=0.004324
[SRD rewrite] added patch=9, position=(0.875, -0.739, 0.915), improvement=0.003502
SRD step 100: evaluated 27 candidates, 16 promising, accepted 4
  Accepted AddPatch at patch 8, improvement=0.004324
  Accepted SplitPatch(2) at patch 2, improvement=0.004269
  Accepted AddPatch at patch 9, improvement=0.003502
  Mandatory DeletePatch(6) at patch 6, reason=Area 0.004977 below minimum 0.01
  Total patches: 10, total adds: 6, total deletes: 1
  step 100/1000: loss=0.314821, patches=8
[SRD rewrite] deleted patch=9, position=(0.810, -0.805, 0.956), reason=Area 0.006585 below minimum 0.01
[SRD rewrite] deleted patch=8, position=(0.721, 0.179, 0.840), reason=Area 0.003004 below minimum 0.01
[SRD rewrite] deleted patch=6, position=(-0.087, 0.074, 1.491), reason=Area 0.004346 below minimum 0.01
[SRD rewrite] deleted patch=5, position=(0.639, -0.659, 1.028), reason=Area 0.008897 below minimum 0.01
SRD step 150: evaluated 27 candidates, 0 promising, accepted 4
  Mandatory DeletePatch(5) at patch 5, reason=Area 0.008897 below minimum 0.01
  Mandatory DeletePatch(6) at patch 6, reason=Area 0.004346 below minimum 0.01
  Mandatory DeletePatch(8) at patch 8, reason=Area 0.003004 below minimum 0.01
  Mandatory DeletePatch(9) at patch 9, reason=Area 0.006585 below minimum 0.01
  Total patches: 6, total adds: 6, total deletes: 5
  step 150/1000: loss=0.278690, patches=10
[SRD rewrite] added patch=6, position=(0.269, 0.506, 0.127), improvement=0.001615
[SRD rewrite] added patch=7, position=(0.493, 0.300, 0.225), improvement=0.001604
[SRD rewrite] added patch=8, position=(0.366, -0.927, -0.920), improvement=0.001366
SRD step 200: evaluated 27 candidates, 4 promising, accepted 3
  Accepted AddPatch at patch 6, improvement=0.001615
  Accepted AddPatch at patch 7, improvement=0.001604
  Accepted AddPatch at patch 8, improvement=0.001366
  Total patches: 9, total adds: 9, total deletes: 5
  step 200/1000: loss=0.284593, patches=6
[SRD rewrite] deleted patch=7, position=(0.346, 0.448, 0.309), reason=Area 0.000351 below minimum 0.01
[SRD rewrite] added patch=8, position=(0.719, -0.998, -0.844), improvement=0.004400
[SRD rewrite] added patch=9, position=(0.704, -0.793, 0.963), improvement=0.003499
[SRD rewrite] added patch=10, position=(0.610, -0.763, 0.989), improvement=0.003182
SRD step 250: evaluated 27 candidates, 13 promising, accepted 4
  Accepted AddPatch at patch 8, improvement=0.004400
  Accepted AddPatch at patch 9, improvement=0.003499
  Accepted AddPatch at patch 10, improvement=0.003182
  Mandatory DeletePatch(7) at patch 7, reason=Area 0.000351 below minimum 0.01
  Total patches: 11, total adds: 12, total deletes: 6
  step 250/1000: loss=0.263310, patches=9
[SRD rewrite] deleted patch=10, position=(0.574, -0.826, 0.999), reason=Area 0.001464 below minimum 0.01
[SRD rewrite] added patch=10, position=(0.920, -0.816, -0.891), improvement=0.004707
[SRD rewrite] added patch=11, position=(0.860, -0.704, 0.955), improvement=0.004399
[SRD rewrite] added patch=12, position=(-0.062, -0.906, 1.062), improvement=0.003954
SRD step 300: evaluated 27 candidates, 18 promising, accepted 4
  Accepted AddPatch at patch 10, improvement=0.004707
  Accepted AddPatch at patch 11, improvement=0.004399
  Accepted AddPatch at patch 12, improvement=0.003954
  Mandatory DeletePatch(10) at patch 10, reason=Area 0.001464 below minimum 0.01
  Total patches: 13, total adds: 15, total deletes: 7
  step 300/1000: loss=0.219085, patches=11
[SRD rewrite] deleted patch=9, position=(0.750, -0.799, 0.962), reason=Area 0.009102 below minimum 0.01
[SRD rewrite] added patch=12, position=(0.952, -0.989, -0.776), improvement=0.001631
[SRD rewrite] added patch=13, position=(1.113, -0.942, -0.793), improvement=0.001604
[SRD rewrite] restored patch=14, position=(0.750, -0.799, 0.962), improvement=0.001193
SRD step 350: evaluated 27 candidates, 7 promising, accepted 4
  Accepted AddPatch at patch 12, improvement=0.001631
  Accepted AddPatch at patch 13, improvement=0.001604
  Accepted RestorePatch(8) at patch 14, improvement=0.001193
  Mandatory DeletePatch(9) at patch 9, reason=Area 0.009102 below minimum 0.01
  Total patches: 15, total adds: 18, total deletes: 8
  step 350/1000: loss=0.172527, patches=13
[SRD rewrite] deleted patch=12, position=(1.003, -1.054, -0.719), reason=Area 0.001821 below minimum 0.01
[SRD rewrite] added patch=14, position=(0.966, 0.033, -0.281), improvement=0.003332
[SRD rewrite] added patch=15, position=(0.953, -0.046, -0.402), improvement=0.003165
[SRD rewrite] restored patch=16, position=(1.068, -0.194, -0.510), improvement=0.002901
SRD step 400: evaluated 27 candidates, 19 promising, accepted 4
  Accepted AddPatch at patch 14, improvement=0.003332
  Accepted AddPatch at patch 15, improvement=0.003165
  Accepted RestorePatch(0) at patch 16, improvement=0.002901
  Mandatory DeletePatch(12) at patch 12, reason=Area 0.001821 below minimum 0.01
  Total patches: 17, total adds: 21, total deletes: 9
  step 400/1000: loss=0.149127, patches=15
[SRD rewrite] deleted patch=14, position=(0.915, 0.067, -0.267), reason=Area 0.002847 below minimum 0.01
[SRD rewrite] deleted patch=10, position=(0.879, -0.684, 0.988), reason=Area 0.007213 below minimum 0.01
[SRD rewrite] added patch=15, position=(-0.404, -1.292, -0.848), improvement=0.000818
[SRD rewrite] added patch=16, position=(-0.622, -0.237, -0.657), improvement=0.000589
[SRD rewrite] added patch=17, position=(0.622, 0.457, -0.326), improvement=0.000522
SRD step 450: evaluated 27 candidates, 7 promising, accepted 5
  Accepted AddPatch at patch 15, improvement=0.000818
  Accepted AddPatch at patch 16, improvement=0.000589
  Accepted AddPatch at patch 17, improvement=0.000522
  Mandatory DeletePatch(10) at patch 10, reason=Area 0.007213 below minimum 0.01
  Mandatory DeletePatch(14) at patch 14, reason=Area 0.002847 below minimum 0.01
  Total patches: 18, total adds: 24, total deletes: 11
  step 450/1000: loss=0.122120, patches=17
[SRD rewrite] deleted patch=17, position=(0.736, 0.420, -0.465), reason=Area 0.000275 below minimum 0.01
[SRD rewrite] deleted patch=16, position=(-0.625, -0.282, -0.787), reason=Area 0.004456 below minimum 0.01
[SRD rewrite] deleted patch=15, position=(-0.524, -1.299, -0.831), reason=Area 0.002746 below minimum 0.01
[SRD rewrite] deleted patch=13, position=(0.947, -0.018, -0.328), reason=Area 0.006943 below minimum 0.01
SRD step 500: evaluated 27 candidates, 0 promising, accepted 4
  Mandatory DeletePatch(13) at patch 13, reason=Area 0.006943 below minimum 0.01
  Mandatory DeletePatch(15) at patch 15, reason=Area 0.002746 below minimum 0.01
  Mandatory DeletePatch(16) at patch 16, reason=Area 0.004456 below minimum 0.01
  Mandatory DeletePatch(17) at patch 17, reason=Area 0.000275 below minimum 0.01
  Total patches: 14, total adds: 24, total deletes: 15
  step 500/1000: loss=0.111543, patches=18
SRD step 550: evaluated 27 candidates, 0 promising, accepted 0
  Total patches: 14, total adds: 24, total deletes: 15
  step 550/1000: loss=0.117069, patches=14
[SRD rewrite] added patch=14, position=(1.033, -0.104, -0.335), improvement=0.000142
SRD step 600: evaluated 27 candidates, 1 promising, accepted 1
  Accepted AddPatch at patch 14, improvement=0.000142
  Total patches: 15, total adds: 25, total deletes: 15
  step 600/1000: loss=0.115018, patches=14
[SRD rewrite] deleted patch=14, position=(1.032, -0.137, -0.344), reason=Area 0.003666 below minimum 0.01
SRD step 650: evaluated 27 candidates, 0 promising, accepted 1
  Mandatory DeletePatch(14) at patch 14, reason=Area 0.003666 below minimum 0.01
  Total patches: 14, total adds: 25, total deletes: 16
  step 650/1000: loss=0.111735, patches=15
SRD step 700: evaluated 27 candidates, 0 promising, accepted 0
  Total patches: 14, total adds: 25, total deletes: 16
  step 700/1000: loss=0.114549, patches=14
[SRD rewrite] added patch=14, position=(1.224, -0.829, -0.857), improvement=0.002442
[SRD rewrite] added patch=15, position=(0.874, -0.975, -0.826), improvement=0.002222
[SRD rewrite] added patch=16, position=(0.930, -0.409, 0.854), improvement=0.002157
SRD step 750: evaluated 27 candidates, 22 promising, accepted 3
  Accepted AddPatch at patch 14, improvement=0.002442
  Accepted AddPatch at patch 15, improvement=0.002222
  Accepted AddPatch at patch 16, improvement=0.002157
  Total patches: 17, total adds: 28, total deletes: 16
  step 750/1000: loss=0.118455, patches=14
[SRD rewrite] deleted patch=16, position=(0.998, -0.443, 0.920), reason=Area 0.002728 below minimum 0.01
[SRD rewrite] deleted patch=15, position=(0.857, -0.897, -0.873), reason=Area 0.000241 below minimum 0.01
[SRD rewrite] deleted patch=14, position=(1.276, -0.797, -0.802), reason=Area 0.001052 below minimum 0.01
SRD step 800: evaluated 27 candidates, 0 promising, accepted 3
  Mandatory DeletePatch(14) at patch 14, reason=Area 0.001052 below minimum 0.01
  Mandatory DeletePatch(15) at patch 15, reason=Area 0.000241 below minimum 0.01
  Mandatory DeletePatch(16) at patch 16, reason=Area 0.002728 below minimum 0.01
  Total patches: 14, total adds: 28, total deletes: 19
  step 800/1000: loss=0.111416, patches=17
[SRD rewrite] restored patch=14, position=(0.736, 0.420, -0.465), improvement=0.000909
[SRD rewrite] added patch=15, position=(0.199, -0.716, 0.897), improvement=0.000744
[SRD rewrite] restored patch=16, position=(0.879, -0.684, 0.988), improvement=0.000738
SRD step 850: evaluated 27 candidates, 10 promising, accepted 3
  Accepted RestorePatch(10) at patch 14, improvement=0.000909
  Accepted AddPatch at patch 15, improvement=0.000744
  Accepted RestorePatch(9) at patch 16, improvement=0.000738
  Total patches: 17, total adds: 31, total deletes: 19
  step 850/1000: loss=0.113419, patches=14
[SRD rewrite] deleted patch=16, position=(0.890, -0.759, 0.951), reason=Area 0.002462 below minimum 0.01
[SRD rewrite] deleted patch=15, position=(0.098, -0.843, 0.963), reason=Area 0.000210 below minimum 0.01
[SRD rewrite] deleted patch=14, position=(0.797, 0.326, -0.465), reason=Area 0.001081 below minimum 0.01
SRD step 900: evaluated 27 candidates, 0 promising, accepted 3
  Mandatory DeletePatch(14) at patch 14, reason=Area 0.001081 below minimum 0.01
  Mandatory DeletePatch(15) at patch 15, reason=Area 0.000210 below minimum 0.01
  Mandatory DeletePatch(16) at patch 16, reason=Area 0.002462 below minimum 0.01
  Total patches: 14, total adds: 31, total deletes: 22
  step 900/1000: loss=0.107873, patches=17
[SRD rewrite] deleted patch=13, position=(0.854, 0.117, 0.040), reason=Area 0.006251 below minimum 0.01
SRD step 950: evaluated 27 candidates, 0 promising, accepted 1
  Mandatory DeletePatch(13) at patch 13, reason=Area 0.006251 below minimum 0.01
  Total patches: 13, total adds: 31, total deletes: 23
  step 950/1000: loss=0.113364, patches=14
[SRD rewrite] added patch=13, position=(1.013, -0.543, 0.817), improvement=0.004536
[SRD rewrite] added patch=14, position=(0.894, -0.582, 0.923), improvement=0.004453
[SRD rewrite] restored patch=15, position=(0.915, 0.067, -0.267), improvement=0.004043
SRD step 1000: evaluated 27 candidates, 19 promising, accepted 3
  Accepted AddPatch at patch 13, improvement=0.004536
  Accepted AddPatch at patch 14, improvement=0.004453
  Accepted RestorePatch(8) at patch 15, improvement=0.004043
  Total patches: 16, total adds: 34, total deletes: 23
  step 1000/1000: loss=0.115723, patches=13
[SRD rewrite] deleted patch=15, position=(0.915, 0.067, -0.267), reason=Area 0.002847 below minimum 0.01
[SRD rewrite] deleted patch=14, position=(0.894, -0.582, 0.923), reason=Area 0.009291 below minimum 0.01
[SRD rewrite] deleted patch=13, position=(1.013, -0.543, 0.817), reason=Area 0.009291 below minimum 0.01
[Trial 3] done: loss=0.114830, time=2373.5s
[Run] report written to results/slurm/20260718_1833/patchsize_water_fire_5/patches_5/with_srd/with_srd.txt
[Swept volume] building (resolution=256)...
[Run] mode=full, trials=3, seeds=[0, 1, 2], steps=1000, srd=False, ablation_flags={'disable_swept_volume_adds': True, 'loss_only_deletion': True, 'disable_splitting': False}
[Trial 1/3] seed=0
[Patch] mapbox-earcut is not installed; falling back to fan fill, so non-convex pieces will render incorrectly. Install it with: pip install mapbox-earcut
  step 50/1000: loss=0.441937, patches=5
  step 100/1000: loss=0.407856, patches=5
  step 150/1000: loss=0.366644, patches=5
  step 200/1000: loss=0.348602, patches=5
  step 250/1000: loss=0.334199, patches=5
  step 300/1000: loss=0.317255, patches=5
  step 350/1000: loss=0.317015, patches=5
  step 400/1000: loss=0.313479, patches=5
  step 450/1000: loss=0.308015, patches=5
  step 500/1000: loss=0.299568, patches=5
  step 550/1000: loss=0.295885, patches=5
  step 600/1000: loss=0.277164, patches=5
  step 650/1000: loss=0.273934, patches=5
  step 700/1000: loss=0.274764, patches=5
  step 750/1000: loss=0.266777, patches=5
  step 800/1000: loss=0.263874, patches=5
  step 850/1000: loss=0.264122, patches=5
  step 900/1000: loss=0.257981, patches=5
  step 950/1000: loss=0.253908, patches=5
  step 1000/1000: loss=0.253749, patches=5
[Trial 1] done: loss=0.253907, time=246.1s
[Trial 2/3] seed=1
  step 50/1000: loss=0.357350, patches=5
  step 100/1000: loss=0.276939, patches=5
  step 150/1000: loss=0.257552, patches=5
  step 200/1000: loss=0.249444, patches=5
  step 250/1000: loss=0.238162, patches=5
  step 300/1000: loss=0.223432, patches=5
  step 350/1000: loss=0.213688, patches=5
  step 400/1000: loss=0.209443, patches=5
  step 450/1000: loss=0.210650, patches=5
  step 500/1000: loss=0.211227, patches=5
  step 550/1000: loss=0.212401, patches=5
  step 600/1000: loss=0.215675, patches=5
  step 650/1000: loss=0.223351, patches=5
  step 700/1000: loss=0.225390, patches=5
  step 750/1000: loss=0.225338, patches=5
  step 800/1000: loss=0.222682, patches=5
  step 850/1000: loss=0.222085, patches=5
  step 900/1000: loss=0.223286, patches=5
  step 950/1000: loss=0.224411, patches=5
  step 1000/1000: loss=0.225151, patches=5
[Trial 2] done: loss=0.224777, time=255.3s
[Trial 3/3] seed=2
  step 50/1000: loss=0.412154, patches=5
  step 100/1000: loss=0.364173, patches=5
  step 150/1000: loss=0.318111, patches=5
  step 200/1000: loss=0.276268, patches=5
  step 250/1000: loss=0.266288, patches=5
  step 300/1000: loss=0.256321, patches=5
  step 350/1000: loss=0.232786, patches=5
  step 400/1000: loss=0.219793, patches=5
  step 450/1000: loss=0.213096, patches=5
  step 500/1000: loss=0.207850, patches=5
  step 550/1000: loss=0.219280, patches=5
  step 600/1000: loss=0.221588, patches=5
  step 650/1000: loss=0.227311, patches=5
  step 700/1000: loss=0.232696, patches=5
  step 750/1000: loss=0.233436, patches=5
  step 800/1000: loss=0.235806, patches=5
  step 850/1000: loss=0.232424, patches=5
  step 900/1000: loss=0.233253, patches=5
  step 950/1000: loss=0.234012, patches=5
  step 1000/1000: loss=0.232203, patches=5
[Trial 3] done: loss=0.232187, time=252.0s
[Run] report written to results/slurm/20260718_1833/patchsize_water_fire_5/patches_5/without_srd/without_srd.txt

======================================================================
Running 3 trials WITH SRD
======================================================================


======================================================================
Running 3 trials WITHOUT SRD
======================================================================


[Comparison] report written to results/slurm/20260718_1833/patchsize_water_fire_5/patches_5/comparison.txt

======================================================================
SRD Patch Size Comparison
======================================================================
Started: 2026-07-19T00:33:36
Patch sizes: [5]
Trials per size: 3
Steps per trial: 1000
Output directory: results/slurm/20260718_1833/patchsize_water_fire_5
======================================================================


======================================================================
Running comparison with 5 initial patches
  Target 1: images/water.png
  Target 2: images/fire.png
  Trials: 3, Steps: 1000
======================================================================

[OK] Comparison with 5 patches completed successfully

======================================================================
Comparison Summary
======================================================================
Successful: 1/1
Total time: 7236.4 seconds (2.01 hours)
Summary report: results/slurm/20260718_1833/patchsize_water_fire_5/SUMMARY.txt
======================================================================

