## SLURM PROLOG ###############################################################
##    Job ID : 4079943
##  Job Name : 20260718_0323_comparison_water_fire_srd
##  Nodelist : gpu2254
##      CPUs : 
##  Mem/Node : 128000 MB
## Directory : /oscar/home/cjmok/automated-perspective-sculptor
##   Job Started : Sat Jul 18 03:42:49 AM EDT 2026
###############################################################################
[Swept volume] building (resolution=256)...
[Run] mode=full, trials=3, seeds=[0, 1, 2], steps=2000, srd=True, ablation_flags={'disable_swept_volume_adds': False, 'loss_only_deletion': False, 'disable_splitting': False}
[Trial 1/3] seed=0
[Patch] mapbox-earcut is not installed; falling back to fan fill, so non-convex pieces will render incorrectly. Install it with: pip install mapbox-earcut
[SRD rewrite] added patch=20, position=(0.875, -0.100, 0.781), improvement=0.017021
[SRD rewrite] added patch=21, position=(1.042, -0.260, -0.699), improvement=0.016958
[SRD rewrite] added patch=22, position=(0.796, -0.141, -0.699), improvement=0.016833
SRD step 50: evaluated 27 candidates, 26 promising, accepted 3
  Accepted AddPatch at patch 20, improvement=0.017021
  Accepted AddPatch at patch 21, improvement=0.016958
  Accepted AddPatch at patch 22, improvement=0.016833
  Total patches: 23, total adds: 3, total deletes: 0
  step 50/2000: loss=0.254125, patches=20
[SRD rewrite] deleted patch=22, position=(0.723, -0.074, -0.654), reason=Area 0.007454 below minimum 0.01
[SRD rewrite] deleted patch=20, position=(0.880, -0.060, 0.799), reason=Area 0.002585 below minimum 0.01
[SRD rewrite] split patch=16, children=20,21, improvement=0.002583
[SRD rewrite] added patch=22, position=(-0.386, -1.199, -0.813), improvement=0.002039
[SRD rewrite] added patch=23, position=(0.953, 0.006, -0.192), improvement=0.001542
SRD step 100: evaluated 27 candidates, 13 promising, accepted 5
  Accepted SplitPatch(16) at patch 16, improvement=0.002583
  Accepted AddPatch at patch 22, improvement=0.002039
  Accepted AddPatch at patch 23, improvement=0.001542
  Mandatory DeletePatch(20) at patch 20, reason=Area 0.002585 below minimum 0.01
  Mandatory DeletePatch(22) at patch 22, reason=Area 0.007454 below minimum 0.01
  Total patches: 24, total adds: 6, total deletes: 2
  step 100/2000: loss=0.159727, patches=23
[SRD rewrite] deleted patch=23, position=(0.918, 0.080, -0.233), reason=Area 0.000307 below minimum 0.01
[SRD rewrite] deleted patch=22, position=(-0.462, -1.178, -0.963), reason=Area 0.004416 below minimum 0.01
[SRD rewrite] deleted patch=19, position=(0.866, -0.039, -0.819), reason=Area 0.000391 below minimum 0.01
[SRD rewrite] deleted patch=8, position=(0.681, 0.359, 0.241), reason=Area 0.005121 below minimum 0.01
SRD step 150: evaluated 27 candidates, 0 promising, accepted 4
  Mandatory DeletePatch(8) at patch 8, reason=Area 0.005121 below minimum 0.01
  Mandatory DeletePatch(19) at patch 19, reason=Area 0.000391 below minimum 0.01
  Mandatory DeletePatch(22) at patch 22, reason=Area 0.004416 below minimum 0.01
  Mandatory DeletePatch(23) at patch 23, reason=Area 0.000307 below minimum 0.01
  Total patches: 20, total adds: 6, total deletes: 6
  step 150/2000: loss=0.134237, patches=24
[SRD rewrite] deleted patch=19, position=(0.222, -0.761, 2.049), reason=Area 0.000801 below minimum 0.01
[SRD rewrite] deleted patch=5, position=(0.504, 0.567, 0.386), reason=Area 0.002502 below minimum 0.01
[SRD rewrite] split patch=4, children=17,18, improvement=0.003349
SRD step 200: evaluated 27 candidates, 1 promising, accepted 3
  Accepted SplitPatch(4) at patch 4, improvement=0.003349
  Mandatory DeletePatch(5) at patch 5, reason=Area 0.002502 below minimum 0.01
  Mandatory DeletePatch(19) at patch 19, reason=Area 0.000801 below minimum 0.01
  Total patches: 19, total adds: 7, total deletes: 8
  step 200/2000: loss=0.122276, patches=20
[SRD rewrite] deleted patch=18, position=(-1.418, -1.217, -1.099), reason=Area 0.001468 below minimum 0.01
[SRD rewrite] deleted patch=17, position=(-1.419, -1.390, -0.953), reason=Area 0.000658 below minimum 0.01
SRD step 250: evaluated 27 candidates, 0 promising, accepted 2
  Mandatory DeletePatch(17) at patch 17, reason=Area 0.000658 below minimum 0.01
  Mandatory DeletePatch(18) at patch 18, reason=Area 0.001468 below minimum 0.01
  Total patches: 17, total adds: 7, total deletes: 10
  step 250/2000: loss=0.106792, patches=19
[SRD rewrite] added patch=17, position=(0.336, -0.222, 0.553), improvement=0.001311
[SRD rewrite] added patch=18, position=(0.397, -0.290, 0.522), improvement=0.000594
[SRD rewrite] restored patch=19, position=(0.681, 0.359, 0.241), improvement=0.000323
SRD step 300: evaluated 27 candidates, 5 promising, accepted 3
  Accepted AddPatch at patch 17, improvement=0.001311
  Accepted AddPatch at patch 18, improvement=0.000594
  Accepted RestorePatch(6) at patch 19, improvement=0.000323
  Total patches: 20, total adds: 10, total deletes: 10
  step 300/2000: loss=0.099282, patches=17
[SRD rewrite] deleted patch=19, position=(0.694, 0.437, 0.121), reason=Area 0.000175 below minimum 0.01
[SRD rewrite] deleted patch=18, position=(0.347, -0.283, 0.377), reason=Area 0.001934 below minimum 0.01
[SRD rewrite] deleted patch=17, position=(0.280, -0.223, 0.682), reason=Area 0.004465 below minimum 0.01
SRD step 350: evaluated 27 candidates, 0 promising, accepted 3
  Mandatory DeletePatch(17) at patch 17, reason=Area 0.004465 below minimum 0.01
  Mandatory DeletePatch(18) at patch 18, reason=Area 0.001934 below minimum 0.01
  Mandatory DeletePatch(19) at patch 19, reason=Area 0.000175 below minimum 0.01
  Total patches: 17, total adds: 10, total deletes: 13
  step 350/2000: loss=0.096149, patches=20
SRD step 400: evaluated 27 candidates, 0 promising, accepted 0
  Total patches: 17, total adds: 10, total deletes: 13
  step 400/2000: loss=0.099342, patches=17
[SRD rewrite] deleted patch=2, position=(0.141, 0.096, 0.878), reason=Area 0.006818 below minimum 0.01
SRD step 450: evaluated 27 candidates, 0 promising, accepted 1
  Mandatory DeletePatch(2) at patch 2, reason=Area 0.006818 below minimum 0.01
  Total patches: 16, total adds: 10, total deletes: 14
  step 450/2000: loss=0.101784, patches=17
SRD step 500: evaluated 27 candidates, 0 promising, accepted 0
  Total patches: 16, total adds: 10, total deletes: 14
  step 500/2000: loss=0.103829, patches=16
SRD step 550: evaluated 27 candidates, 0 promising, accepted 0
  Total patches: 16, total adds: 10, total deletes: 14
  step 550/2000: loss=0.105428, patches=16
SRD step 600: evaluated 27 candidates, 0 promising, accepted 0
  Total patches: 16, total adds: 10, total deletes: 14
  step 600/2000: loss=0.108509, patches=16
SRD step 650: evaluated 27 candidates, 0 promising, accepted 0
  Total patches: 16, total adds: 10, total deletes: 14
  step 650/2000: loss=0.112008, patches=16
[SRD rewrite] deleted patch=3, position=(0.038, -0.361, 0.267), reason=Area 0.004383 below minimum 0.01
SRD step 700: evaluated 27 candidates, 0 promising, accepted 1
  Mandatory DeletePatch(3) at patch 3, reason=Area 0.004383 below minimum 0.01
  Total patches: 15, total adds: 10, total deletes: 15
  step 700/2000: loss=0.109434, patches=16
[SRD rewrite] deleted patch=14, position=(-0.184, -0.772, 2.218), reason=Area 0.006658 below minimum 0.01
SRD step 750: evaluated 27 candidates, 0 promising, accepted 1
  Mandatory DeletePatch(14) at patch 14, reason=Area 0.006658 below minimum 0.01
  Total patches: 14, total adds: 10, total deletes: 16
  step 750/2000: loss=0.109278, patches=15
SRD step 800: evaluated 27 candidates, 0 promising, accepted 0
  Total patches: 14, total adds: 10, total deletes: 16
  step 800/2000: loss=0.111740, patches=14
[SRD rewrite] added patch=14, position=(-0.519, -0.799, 1.170), improvement=0.000080
[SRD rewrite] restored patch=15, position=(0.880, -0.060, 0.799), improvement=0.000002
SRD step 850: evaluated 27 candidates, 2 promising, accepted 2
  Accepted AddPatch at patch 14, improvement=0.000080
  Accepted RestorePatch(1) at patch 15, improvement=0.000002
  Total patches: 16, total adds: 12, total deletes: 16
  step 850/2000: loss=0.109395, patches=14
[SRD rewrite] deleted patch=15, position=(0.901, -0.093, 0.797), reason=Area 0.000509 below minimum 0.01
SRD step 900: evaluated 27 candidates, 0 promising, accepted 1
  Mandatory DeletePatch(15) at patch 15, reason=Area 0.000509 below minimum 0.01
  Total patches: 15, total adds: 12, total deletes: 17
  step 900/2000: loss=0.106064, patches=16
[SRD rewrite] deleted patch=12, position=(0.915, 0.195, -0.632), reason=Area 0.003312 below minimum 0.01
SRD step 950: evaluated 27 candidates, 0 promising, accepted 1
  Mandatory DeletePatch(12) at patch 12, reason=Area 0.003312 below minimum 0.01
  Total patches: 14, total adds: 12, total deletes: 18
  step 950/2000: loss=0.102898, patches=15
SRD step 1000: evaluated 27 candidates, 0 promising, accepted 0
  Total patches: 14, total adds: 12, total deletes: 18
  step 1000/2000: loss=0.102657, patches=14
SRD step 1050: evaluated 27 candidates, 0 promising, accepted 0
  Total patches: 14, total adds: 12, total deletes: 18
  step 1050/2000: loss=0.103943, patches=14
SRD step 1100: evaluated 27 candidates, 0 promising, accepted 0
  Total patches: 14, total adds: 12, total deletes: 18
  step 1100/2000: loss=0.103672, patches=14
SRD step 1150: evaluated 27 candidates, 0 promising, accepted 0
  Total patches: 14, total adds: 12, total deletes: 18
  step 1150/2000: loss=0.105256, patches=14
SRD step 1200: evaluated 27 candidates, 0 promising, accepted 0
  Total patches: 14, total adds: 12, total deletes: 18
  step 1200/2000: loss=0.104038, patches=14
SRD step 1250: evaluated 27 candidates, 0 promising, accepted 0
  Total patches: 14, total adds: 12, total deletes: 18
  step 1250/2000: loss=0.105481, patches=14
SRD step 1300: evaluated 27 candidates, 0 promising, accepted 0
  Total patches: 14, total adds: 12, total deletes: 18
  step 1300/2000: loss=0.103611, patches=14
SRD step 1350: evaluated 27 candidates, 0 promising, accepted 0
  Total patches: 14, total adds: 12, total deletes: 18
  step 1350/2000: loss=0.103633, patches=14
SRD step 1400: evaluated 27 candidates, 0 promising, accepted 0
  Total patches: 14, total adds: 12, total deletes: 18
  step 1400/2000: loss=0.103395, patches=14
SRD step 1450: evaluated 27 candidates, 0 promising, accepted 0
  Total patches: 14, total adds: 12, total deletes: 18
  step 1450/2000: loss=0.104759, patches=14
[SRD rewrite] deleted patch=2, position=(-2.093, 0.980, -1.478), reason=Area 0.009697 below minimum 0.01
[SRD rewrite] added patch=13, position=(0.341, -0.116, 0.828), improvement=0.003040
[SRD rewrite] added patch=14, position=(0.100, 0.465, -0.526), improvement=0.002869
[SRD rewrite] added patch=15, position=(0.767, -0.031, 0.800), improvement=0.002572
SRD step 1500: evaluated 27 candidates, 12 promising, accepted 4
  Accepted AddPatch at patch 13, improvement=0.003040
  Accepted AddPatch at patch 14, improvement=0.002869
  Accepted AddPatch at patch 15, improvement=0.002572
  Mandatory DeletePatch(2) at patch 2, reason=Area 0.009697 below minimum 0.01
  Total patches: 16, total adds: 15, total deletes: 19
  step 1500/2000: loss=0.106258, patches=14
[SRD rewrite] deleted patch=15, position=(0.838, 0.033, 0.809), reason=Area 0.000182 below minimum 0.01
[SRD rewrite] deleted patch=14, position=(0.199, 0.490, -0.476), reason=Area 0.001176 below minimum 0.01
[SRD rewrite] deleted patch=13, position=(0.225, -0.014, 0.857), reason=Area 0.000552 below minimum 0.01
SRD step 1550: evaluated 27 candidates, 0 promising, accepted 3
  Mandatory DeletePatch(13) at patch 13, reason=Area 0.000552 below minimum 0.01
  Mandatory DeletePatch(14) at patch 14, reason=Area 0.001176 below minimum 0.01
  Mandatory DeletePatch(15) at patch 15, reason=Area 0.000182 below minimum 0.01
  Total patches: 13, total adds: 15, total deletes: 22
  step 1550/2000: loss=0.099970, patches=16
[SRD rewrite] restored patch=13, position=(0.038, -0.361, 0.267), improvement=0.001031
[SRD rewrite] added patch=14, position=(0.580, -0.074, -0.399), improvement=0.000660
[SRD rewrite] added patch=15, position=(0.243, -0.292, -0.415), improvement=0.000582
SRD step 1600: evaluated 27 candidates, 7 promising, accepted 3
  Accepted RestorePatch(14) at patch 13, improvement=0.001031
  Accepted AddPatch at patch 14, improvement=0.000660
  Accepted AddPatch at patch 15, improvement=0.000582
  Total patches: 16, total adds: 18, total deletes: 22
  step 1600/2000: loss=0.101800, patches=13
[SRD rewrite] deleted patch=14, position=(0.452, 0.069, -0.538), reason=Area 0.000454 below minimum 0.01
[SRD rewrite] deleted patch=13, position=(0.028, -0.291, 0.251), reason=Area 0.006187 below minimum 0.01
SRD step 1650: evaluated 27 candidates, 0 promising, accepted 2
  Mandatory DeletePatch(13) at patch 13, reason=Area 0.006187 below minimum 0.01
  Mandatory DeletePatch(14) at patch 14, reason=Area 0.000454 below minimum 0.01
  Total patches: 14, total adds: 18, total deletes: 24
  step 1650/2000: loss=0.092902, patches=16
SRD step 1700: evaluated 27 candidates, 0 promising, accepted 0
  Total patches: 14, total adds: 18, total deletes: 24
  step 1700/2000: loss=0.088172, patches=14
SRD step 1750: evaluated 27 candidates, 0 promising, accepted 0
  Total patches: 14, total adds: 18, total deletes: 24
  step 1750/2000: loss=0.085534, patches=14
SRD step 1800: evaluated 27 candidates, 0 promising, accepted 0
  Total patches: 14, total adds: 18, total deletes: 24
  step 1800/2000: loss=0.089433, patches=14
SRD step 1850: evaluated 27 candidates, 0 promising, accepted 0
  Total patches: 14, total adds: 18, total deletes: 24
  step 1850/2000: loss=0.089817, patches=14
SRD step 1900: evaluated 27 candidates, 0 promising, accepted 0
  Total patches: 14, total adds: 18, total deletes: 24
  step 1900/2000: loss=0.090158, patches=14
[SRD rewrite] restored patch=14, position=(0.901, -0.093, 0.797), improvement=0.000843
[SRD rewrite] added patch=15, position=(0.479, 0.434, 0.092), improvement=0.000519
SRD step 1950: evaluated 27 candidates, 2 promising, accepted 2
  Accepted RestorePatch(15) at patch 14, improvement=0.000843
  Accepted AddPatch at patch 15, improvement=0.000519
  Total patches: 16, total adds: 20, total deletes: 24
  step 1950/2000: loss=0.089241, patches=14
[SRD rewrite] deleted patch=15, position=(0.602, 0.573, 0.105), reason=Area 0.000420 below minimum 0.01
[SRD rewrite] deleted patch=14, position=(0.905, -0.015, 0.802), reason=Area 0.000509 below minimum 0.01
[SRD rewrite] deleted patch=10, position=(-0.663, -0.866, -1.091), reason=delete has no image effect
SRD step 2000: evaluated 27 candidates, 0 promising, accepted 3
  Mandatory DeletePatch(14) at patch 14, reason=Area 0.000509 below minimum 0.01
  Mandatory DeletePatch(15) at patch 15, reason=Area 0.000420 below minimum 0.01
  Mandatory DeletePatch(10) at patch 10, reason=delete has no image effect
  Total patches: 13, total adds: 20, total deletes: 27
  step 2000/2000: loss=0.081806, patches=16
[SRD rewrite] deleted patch=6, position=(2.295, -0.389, -0.414), reason=final deletion pass improved loss
[Trial 1] done: loss=0.081242, time=5836.5s
[Trial 2/3] seed=1
[SRD rewrite] added patch=20, position=(0.462, 0.030, 0.762), improvement=0.014454
[SRD rewrite] added patch=21, position=(0.616, 0.022, 0.653), improvement=0.014275
[SRD rewrite] added patch=22, position=(0.684, -0.122, 0.689), improvement=0.013436
SRD step 50: evaluated 27 candidates, 24 promising, accepted 3
  Accepted AddPatch at patch 20, improvement=0.014454
  Accepted AddPatch at patch 21, improvement=0.014275
  Accepted AddPatch at patch 22, improvement=0.013436
  Total patches: 23, total adds: 3, total deletes: 0
  step 50/2000: loss=0.291292, patches=20
[SRD rewrite] added patch=23, position=(0.682, -0.225, 0.773), improvement=0.008467
[SRD rewrite] added patch=24, position=(0.661, -0.014, 0.561), improvement=0.008452
[SRD rewrite] added patch=25, position=(0.718, -0.134, 0.493), improvement=0.008242
SRD step 100: evaluated 27 candidates, 24 promising, accepted 3
  Accepted AddPatch at patch 23, improvement=0.008467
  Accepted AddPatch at patch 24, improvement=0.008452
  Accepted AddPatch at patch 25, improvement=0.008242
  Total patches: 26, total adds: 6, total deletes: 0
  step 100/2000: loss=0.188422, patches=23
[SRD rewrite] deleted patch=24, position=(0.786, 0.110, 0.628), reason=Area 0.003544 below minimum 0.01
[SRD rewrite] deleted patch=23, position=(0.843, -0.077, 0.806), reason=Area 0.000254 below minimum 0.01
[SRD rewrite] deleted patch=15, position=(0.134, 0.035, -0.811), reason=Area 0.008838 below minimum 0.01
SRD step 150: evaluated 27 candidates, 0 promising, accepted 3
  Mandatory DeletePatch(15) at patch 15, reason=Area 0.008838 below minimum 0.01
  Mandatory DeletePatch(23) at patch 23, reason=Area 0.000254 below minimum 0.01
  Mandatory DeletePatch(24) at patch 24, reason=Area 0.003544 below minimum 0.01
  Total patches: 23, total adds: 6, total deletes: 3
  step 150/2000: loss=0.143468, patches=26
[SRD rewrite] deleted patch=22, position=(0.823, 0.055, 0.619), reason=Area 0.005313 below minimum 0.01
[SRD rewrite] deleted patch=19, position=(0.247, 0.208, 0.884), reason=Area 0.006768 below minimum 0.01
[SRD rewrite] added patch=21, position=(0.829, 0.090, 0.433), improvement=0.001299
[SRD rewrite] restored patch=22, position=(0.247, 0.208, 0.884), improvement=0.001070
[SRD rewrite] added patch=23, position=(0.621, -0.054, 0.769), improvement=0.000916
SRD step 200: evaluated 27 candidates, 7 promising, accepted 5
  Accepted AddPatch at patch 21, improvement=0.001299
  Accepted RestorePatch(4) at patch 22, improvement=0.001070
  Accepted AddPatch at patch 23, improvement=0.000916
  Mandatory DeletePatch(19) at patch 19, reason=Area 0.006768 below minimum 0.01
  Mandatory DeletePatch(22) at patch 22, reason=Area 0.005313 below minimum 0.01
  Total patches: 24, total adds: 9, total deletes: 5
  step 200/2000: loss=0.122091, patches=23
[SRD rewrite] deleted patch=23, position=(0.780, 0.087, 0.818), reason=Area 0.000330 below minimum 0.01
[SRD rewrite] deleted patch=22, position=(0.177, 0.278, 0.883), reason=Area 0.000198 below minimum 0.01
[SRD rewrite] deleted patch=21, position=(0.829, 0.122, 0.480), reason=Area 0.000300 below minimum 0.01
SRD step 250: evaluated 27 candidates, 0 promising, accepted 3
  Mandatory DeletePatch(21) at patch 21, reason=Area 0.000300 below minimum 0.01
  Mandatory DeletePatch(22) at patch 22, reason=Area 0.000198 below minimum 0.01
  Mandatory DeletePatch(23) at patch 23, reason=Area 0.000330 below minimum 0.01
  Total patches: 21, total adds: 9, total deletes: 8
  step 250/2000: loss=0.106927, patches=24
[SRD rewrite] split patch=9, children=20,21, improvement=0.006203
SRD step 300: evaluated 27 candidates, 1 promising, accepted 1
  Accepted SplitPatch(9) at patch 9, improvement=0.006203
  Total patches: 22, total adds: 10, total deletes: 8
  step 300/2000: loss=0.092768, patches=21
[SRD rewrite] deleted patch=21, position=(-0.111, -1.770, -0.294), reason=Area 0.006033 below minimum 0.01
[SRD rewrite] deleted patch=20, position=(-0.069, -1.924, -0.185), reason=Area 0.001013 below minimum 0.01
[SRD rewrite] added patch=20, position=(0.227, -1.298, -0.518), improvement=0.003002
[SRD rewrite] added patch=21, position=(-0.660, -0.972, -1.124), improvement=0.002947
[SRD rewrite] added patch=22, position=(0.708, -0.575, 1.015), improvement=0.002737
SRD step 350: evaluated 27 candidates, 23 promising, accepted 5
  Accepted AddPatch at patch 20, improvement=0.003002
  Accepted AddPatch at patch 21, improvement=0.002947
  Accepted AddPatch at patch 22, improvement=0.002737
  Mandatory DeletePatch(20) at patch 20, reason=Area 0.001013 below minimum 0.01
  Mandatory DeletePatch(21) at patch 21, reason=Area 0.006033 below minimum 0.01
  Total patches: 23, total adds: 13, total deletes: 10
  step 350/2000: loss=0.067487, patches=22
[SRD rewrite] deleted patch=22, position=(0.825, -0.670, 1.057), reason=Area 0.000234 below minimum 0.01
SRD step 400: evaluated 27 candidates, 0 promising, accepted 1
  Mandatory DeletePatch(22) at patch 22, reason=Area 0.000234 below minimum 0.01
  Total patches: 22, total adds: 13, total deletes: 11
  step 400/2000: loss=0.054438, patches=23
[SRD rewrite] deleted patch=19, position=(0.623, 0.348, 0.810), reason=Area 0.008059 below minimum 0.01
[SRD rewrite] deleted patch=18, position=(0.548, 0.492, 0.757), reason=Area 0.007935 below minimum 0.01
[SRD rewrite] deleted patch=16, position=(-0.064, -0.707, 1.168), reason=Area 0.000279 below minimum 0.01
SRD step 450: evaluated 27 candidates, 0 promising, accepted 3
  Mandatory DeletePatch(16) at patch 16, reason=Area 0.000279 below minimum 0.01
  Mandatory DeletePatch(18) at patch 18, reason=Area 0.007935 below minimum 0.01
  Mandatory DeletePatch(19) at patch 19, reason=Area 0.008059 below minimum 0.01
  Total patches: 19, total adds: 13, total deletes: 14
  step 450/2000: loss=0.052007, patches=22
[SRD rewrite] deleted patch=3, position=(0.605, 0.077, -0.749), reason=delete has no image effect
SRD step 500: evaluated 27 candidates, 0 promising, accepted 1
  Mandatory DeletePatch(3) at patch 3, reason=delete has no image effect
  Total patches: 18, total adds: 13, total deletes: 15
  step 500/2000: loss=0.052171, patches=19
SRD step 550: evaluated 27 candidates, 0 promising, accepted 0
  Total patches: 18, total adds: 13, total deletes: 15
  step 550/2000: loss=0.052380, patches=18
SRD step 600: evaluated 27 candidates, 0 promising, accepted 0
  Total patches: 18, total adds: 13, total deletes: 15
  step 600/2000: loss=0.056401, patches=18
SRD step 650: evaluated 27 candidates, 0 promising, accepted 0
  Total patches: 18, total adds: 13, total deletes: 15
  step 650/2000: loss=0.053761, patches=18
[SRD rewrite] deleted patch=17, position=(-0.718, -0.833, -1.069), reason=Area 0.008894 below minimum 0.01
SRD step 700: evaluated 27 candidates, 0 promising, accepted 1
  Mandatory DeletePatch(17) at patch 17, reason=Area 0.008894 below minimum 0.01
  Total patches: 17, total adds: 13, total deletes: 16
  step 700/2000: loss=0.052641, patches=18
SRD step 750: evaluated 27 candidates, 0 promising, accepted 0
  Total patches: 17, total adds: 13, total deletes: 16
  step 750/2000: loss=0.050846, patches=17
SRD step 800: evaluated 27 candidates, 0 promising, accepted 0
  Total patches: 17, total adds: 13, total deletes: 16
  step 800/2000: loss=0.050463, patches=17
SRD step 850: evaluated 27 candidates, 0 promising, accepted 0
  Total patches: 17, total adds: 13, total deletes: 16
  step 850/2000: loss=0.050905, patches=17
SRD step 900: evaluated 27 candidates, 0 promising, accepted 0
  Total patches: 17, total adds: 13, total deletes: 16
  step 900/2000: loss=0.048744, patches=17
SRD step 950: evaluated 27 candidates, 0 promising, accepted 0
  Total patches: 17, total adds: 13, total deletes: 16
  step 950/2000: loss=0.048635, patches=17
[SRD rewrite] restored patch=17, position=(0.548, 0.492, 0.757), improvement=0.000370
SRD step 1000: evaluated 27 candidates, 1 promising, accepted 1
  Accepted RestorePatch(12) at patch 17, improvement=0.000370
  Total patches: 18, total adds: 14, total deletes: 16
  step 1000/2000: loss=0.048428, patches=17
[SRD rewrite] deleted patch=17, position=(0.530, 0.539, 0.729), reason=Area 0.005915 below minimum 0.01
SRD step 1050: evaluated 27 candidates, 0 promising, accepted 1
  Mandatory DeletePatch(17) at patch 17, reason=Area 0.005915 below minimum 0.01
  Total patches: 17, total adds: 14, total deletes: 17
  step 1050/2000: loss=0.047311, patches=18
SRD step 1100: evaluated 27 candidates, 0 promising, accepted 0
  Total patches: 17, total adds: 14, total deletes: 17
  step 1100/2000: loss=0.048655, patches=17
[SRD rewrite] deleted patch=0, position=(0.243, 1.258, 0.332), reason=Area 0.009259 below minimum 0.01
[SRD rewrite] restored patch=16, position=(0.530, 0.539, 0.729), improvement=0.001064
[SRD rewrite] added patch=17, position=(0.556, 0.461, 0.280), improvement=0.000856
[SRD rewrite] added patch=18, position=(-0.243, 0.243, 0.125), improvement=0.000771
SRD step 1150: evaluated 27 candidates, 15 promising, accepted 4
  Accepted RestorePatch(15) at patch 16, improvement=0.001064
  Accepted AddPatch at patch 17, improvement=0.000856
  Accepted AddPatch at patch 18, improvement=0.000771
  Mandatory DeletePatch(0) at patch 0, reason=Area 0.009259 below minimum 0.01
  Total patches: 19, total adds: 17, total deletes: 18
  step 1150/2000: loss=0.052871, patches=17
[SRD rewrite] deleted patch=18, position=(-0.260, 0.222, 0.065), reason=Area 0.005870 below minimum 0.01
[SRD rewrite] deleted patch=17, position=(0.649, 0.536, 0.144), reason=Area 0.000258 below minimum 0.01
[SRD rewrite] deleted patch=16, position=(0.511, 0.562, 0.710), reason=Area 0.006007 below minimum 0.01
SRD step 1200: evaluated 27 candidates, 0 promising, accepted 3
  Mandatory DeletePatch(16) at patch 16, reason=Area 0.006007 below minimum 0.01
  Mandatory DeletePatch(17) at patch 17, reason=Area 0.000258 below minimum 0.01
  Mandatory DeletePatch(18) at patch 18, reason=Area 0.005870 below minimum 0.01
  Total patches: 16, total adds: 17, total deletes: 21
  step 1200/2000: loss=0.047588, patches=19
[SRD rewrite] added patch=16, position=(-0.102, 0.224, -0.525), improvement=0.001186
[SRD rewrite] restored patch=17, position=(-0.260, 0.222, 0.065), improvement=0.000976
[SRD rewrite] added patch=18, position=(0.107, 0.682, -0.309), improvement=0.000827
SRD step 1250: evaluated 27 candidates, 12 promising, accepted 3
  Accepted AddPatch at patch 16, improvement=0.001186
  Accepted RestorePatch(16) at patch 17, improvement=0.000976
  Accepted AddPatch at patch 18, improvement=0.000827
  Total patches: 19, total adds: 20, total deletes: 21
  step 1250/2000: loss=0.053680, patches=16
[SRD rewrite] deleted patch=18, position=(-0.024, 0.809, -0.470), reason=Area 0.000256 below minimum 0.01
[SRD rewrite] deleted patch=16, position=(-0.119, 0.257, -0.607), reason=Area 0.009597 below minimum 0.01
SRD step 1300: evaluated 27 candidates, 0 promising, accepted 2
  Mandatory DeletePatch(16) at patch 16, reason=Area 0.009597 below minimum 0.01
  Mandatory DeletePatch(18) at patch 18, reason=Area 0.000256 below minimum 0.01
  Total patches: 17, total adds: 20, total deletes: 23
  step 1300/2000: loss=0.048138, patches=19
SRD step 1350: evaluated 27 candidates, 0 promising, accepted 0
  Total patches: 17, total adds: 20, total deletes: 23
  step 1350/2000: loss=0.050967, patches=17
SRD step 1400: evaluated 27 candidates, 0 promising, accepted 0
  Total patches: 17, total adds: 20, total deletes: 23
  step 1400/2000: loss=0.051354, patches=17
SRD step 1450: evaluated 27 candidates, 0 promising, accepted 0
  Total patches: 17, total adds: 20, total deletes: 23
  step 1450/2000: loss=0.051186, patches=17
SRD step 1500: evaluated 27 candidates, 0 promising, accepted 0
  Total patches: 17, total adds: 20, total deletes: 23
  step 1500/2000: loss=0.048153, patches=17
SRD step 1550: evaluated 27 candidates, 0 promising, accepted 0
  Total patches: 17, total adds: 20, total deletes: 23
  step 1550/2000: loss=0.050371, patches=17
SRD step 1600: evaluated 27 candidates, 0 promising, accepted 0
  Total patches: 17, total adds: 20, total deletes: 23
  step 1600/2000: loss=0.051059, patches=17
SRD step 1650: evaluated 27 candidates, 0 promising, accepted 0
  Total patches: 17, total adds: 20, total deletes: 23
  step 1650/2000: loss=0.047636, patches=17
SRD step 1700: evaluated 27 candidates, 0 promising, accepted 0
  Total patches: 17, total adds: 20, total deletes: 23
  step 1700/2000: loss=0.048301, patches=17
SRD step 1750: evaluated 27 candidates, 0 promising, accepted 0
  Total patches: 17, total adds: 20, total deletes: 23
  step 1750/2000: loss=0.045122, patches=17
SRD step 1800: evaluated 27 candidates, 0 promising, accepted 0
  Total patches: 17, total adds: 20, total deletes: 23
  step 1800/2000: loss=0.045328, patches=17
SRD step 1850: evaluated 27 candidates, 0 promising, accepted 0
  Total patches: 17, total adds: 20, total deletes: 23
  step 1850/2000: loss=0.047008, patches=17
SRD step 1900: evaluated 27 candidates, 0 promising, accepted 0
  Total patches: 17, total adds: 20, total deletes: 23
  step 1900/2000: loss=0.048035, patches=17
SRD step 1950: evaluated 27 candidates, 0 promising, accepted 0
  Total patches: 17, total adds: 20, total deletes: 23
  step 1950/2000: loss=0.048315, patches=17
SRD step 2000: evaluated 27 candidates, 0 promising, accepted 0
  Total patches: 17, total adds: 20, total deletes: 23
  step 2000/2000: loss=0.052469, patches=17
[Trial 2] done: loss=0.052063, time=7313.7s
[Trial 3/3] seed=2
[SRD rewrite] added patch=20, position=(0.696, -0.693, 0.965), improvement=0.021157
[SRD rewrite] added patch=21, position=(0.611, -0.640, 0.906), improvement=0.020320
[SRD rewrite] added patch=22, position=(0.838, -0.027, -0.545), improvement=0.020300
SRD step 50: evaluated 27 candidates, 27 promising, accepted 3
  Accepted AddPatch at patch 20, improvement=0.021157
  Accepted AddPatch at patch 21, improvement=0.020320
  Accepted AddPatch at patch 22, improvement=0.020300
  Total patches: 23, total adds: 3, total deletes: 0
  step 50/2000: loss=0.297601, patches=20
[SRD rewrite] deleted patch=22, position=(0.866, -0.070, -0.518), reason=Area 0.003963 below minimum 0.01
[SRD rewrite] deleted patch=12, position=(-0.429, -0.022, -1.290), reason=Area 0.009728 below minimum 0.01
[SRD rewrite] added patch=21, position=(0.920, -0.527, 0.944), improvement=0.007078
[SRD rewrite] added patch=22, position=(0.944, -0.619, 1.002), improvement=0.007040
[SRD rewrite] added patch=23, position=(0.956, -0.639, 0.785), improvement=0.006819
SRD step 100: evaluated 27 candidates, 20 promising, accepted 5
  Accepted AddPatch at patch 21, improvement=0.007078
  Accepted AddPatch at patch 22, improvement=0.007040
  Accepted AddPatch at patch 23, improvement=0.006819
  Mandatory DeletePatch(12) at patch 12, reason=Area 0.009728 below minimum 0.01
  Mandatory DeletePatch(22) at patch 22, reason=Area 0.003963 below minimum 0.01
  Total patches: 24, total adds: 6, total deletes: 2
  step 100/2000: loss=0.179364, patches=23
[SRD rewrite] deleted patch=23, position=(1.009, -0.667, 0.916), reason=Area 0.000616 below minimum 0.01
[SRD rewrite] deleted patch=22, position=(0.924, -0.608, 1.005), reason=Area 0.006226 below minimum 0.01
[SRD rewrite] deleted patch=19, position=(0.791, -0.636, 1.017), reason=Area 0.006351 below minimum 0.01
[SRD rewrite] deleted patch=9, position=(1.029, 0.065, 0.103), reason=Area 0.006176 below minimum 0.01
[SRD rewrite] deleted patch=7, position=(-0.745, -1.573, -0.639), reason=Area 0.009807 below minimum 0.01
SRD step 150: evaluated 27 candidates, 0 promising, accepted 5
  Mandatory DeletePatch(7) at patch 7, reason=Area 0.009807 below minimum 0.01
  Mandatory DeletePatch(9) at patch 9, reason=Area 0.006176 below minimum 0.01
  Mandatory DeletePatch(19) at patch 19, reason=Area 0.006351 below minimum 0.01
  Mandatory DeletePatch(22) at patch 22, reason=Area 0.006226 below minimum 0.01
  Mandatory DeletePatch(23) at patch 23, reason=Area 0.000616 below minimum 0.01
  Total patches: 19, total adds: 6, total deletes: 7
  step 150/2000: loss=0.151160, patches=24
[SRD rewrite] split patch=6, children=18,19, improvement=0.001999
[SRD rewrite] added patch=20, position=(1.147, -0.744, -0.714), improvement=0.002028
[SRD rewrite] added patch=21, position=(0.944, -0.498, 0.853), improvement=0.001928
SRD step 200: evaluated 27 candidates, 9 promising, accepted 3
  Accepted AddPatch at patch 20, improvement=0.002028
  Accepted SplitPatch(6) at patch 6, improvement=0.001999
  Accepted AddPatch at patch 21, improvement=0.001928
  Total patches: 22, total adds: 9, total deletes: 7
  step 200/2000: loss=0.130396, patches=19
[SRD rewrite] deleted patch=21, position=(0.964, -0.467, 0.964), reason=Area 0.007297 below minimum 0.01
[SRD rewrite] deleted patch=19, position=(0.841, -0.248, 1.830), reason=Area 0.001228 below minimum 0.01
[SRD rewrite] deleted patch=18, position=(0.863, -0.056, 1.806), reason=Area 0.001717 below minimum 0.01
SRD step 250: evaluated 27 candidates, 20 promising, accepted 6
  Accepted SplitPatch(13) at patch 13, improvement=0.001837
  Accepted SplitPatch(11) at patch 11, improvement=0.001837
  Accepted SplitPatch(15) at patch 15, improvement=0.001837
  Mandatory DeletePatch(18) at patch 18, reason=Area 0.001717 below minimum 0.01
  Mandatory DeletePatch(19) at patch 19, reason=Area 0.001228 below minimum 0.01
  Mandatory DeletePatch(21) at patch 21, reason=Area 0.007297 below minimum 0.01
  Total patches: 19, total adds: 9, total deletes: 10
  step 250/2000: loss=0.119447, patches=22
[SRD rewrite] deleted patch=17, position=(0.935, -0.299, 1.001), reason=Area 0.009013 below minimum 0.01
SRD step 300: evaluated 27 candidates, 0 promising, accepted 1
  Mandatory DeletePatch(17) at patch 17, reason=Area 0.009013 below minimum 0.01
  Total patches: 18, total adds: 9, total deletes: 11
  step 300/2000: loss=0.112184, patches=19
[SRD rewrite] deleted patch=16, position=(0.091, -0.267, 1.118), reason=Area 0.003815 below minimum 0.01
SRD step 350: evaluated 27 candidates, 0 promising, accepted 1
  Mandatory DeletePatch(16) at patch 16, reason=Area 0.003815 below minimum 0.01
  Total patches: 17, total adds: 9, total deletes: 12
  step 350/2000: loss=0.118279, patches=18
SRD step 400: evaluated 27 candidates, 0 promising, accepted 0
  Total patches: 17, total adds: 9, total deletes: 12
  step 400/2000: loss=0.105190, patches=17
SRD step 450: evaluated 27 candidates, 0 promising, accepted 0
  Total patches: 17, total adds: 9, total deletes: 12
  step 450/2000: loss=0.099381, patches=17
[SRD rewrite] added patch=17, position=(0.929, -0.187, 0.417), improvement=0.000154
SRD step 500: evaluated 27 candidates, 1 promising, accepted 1
  Accepted AddPatch at patch 17, improvement=0.000154
  Total patches: 18, total adds: 10, total deletes: 12
  step 500/2000: loss=0.095572, patches=17
[SRD rewrite] deleted patch=17, position=(1.015, -0.262, 0.249), reason=Area 0.005143 below minimum 0.01
SRD step 550: evaluated 27 candidates, 0 promising, accepted 1
  Mandatory DeletePatch(17) at patch 17, reason=Area 0.005143 below minimum 0.01
  Total patches: 17, total adds: 10, total deletes: 13
  step 550/2000: loss=0.088833, patches=18
[SRD rewrite] added patch=17, position=(0.936, -0.340, 0.591), improvement=0.002407
[SRD rewrite] added patch=18, position=(0.946, -0.257, 0.552), improvement=0.002125
[SRD rewrite] added patch=19, position=(0.978, 0.030, -0.281), improvement=0.001821
SRD step 600: evaluated 27 candidates, 17 promising, accepted 3
  Accepted AddPatch at patch 17, improvement=0.002407
  Accepted AddPatch at patch 18, improvement=0.002125
  Accepted AddPatch at patch 19, improvement=0.001821
  Total patches: 20, total adds: 13, total deletes: 13
  step 600/2000: loss=0.088980, patches=17
[SRD rewrite] deleted patch=19, position=(0.978, 0.030, -0.281), reason=Area 0.009291 below minimum 0.01
[SRD rewrite] deleted patch=18, position=(1.000, -0.298, 0.595), reason=Area 0.003025 below minimum 0.01
[SRD rewrite] deleted patch=17, position=(1.025, -0.320, 0.690), reason=Area 0.000534 below minimum 0.01
SRD step 650: evaluated 27 candidates, 0 promising, accepted 3
  Mandatory DeletePatch(17) at patch 17, reason=Area 0.000534 below minimum 0.01
  Mandatory DeletePatch(18) at patch 18, reason=Area 0.003025 below minimum 0.01
  Mandatory DeletePatch(19) at patch 19, reason=Area 0.009291 below minimum 0.01
  Total patches: 17, total adds: 13, total deletes: 16
  step 650/2000: loss=0.081635, patches=20
[SRD rewrite] deleted patch=14, position=(0.137, 0.103, 0.239), reason=Area 0.008330 below minimum 0.01
SRD step 700: evaluated 27 candidates, 0 promising, accepted 1
  Mandatory DeletePatch(14) at patch 14, reason=Area 0.008330 below minimum 0.01
  Total patches: 16, total adds: 13, total deletes: 17
  step 700/2000: loss=0.091517, patches=17
SRD step 750: evaluated 27 candidates, 0 promising, accepted 0
  Total patches: 16, total adds: 13, total deletes: 17
  step 750/2000: loss=0.091741, patches=16
SRD step 800: evaluated 27 candidates, 0 promising, accepted 0
  Total patches: 16, total adds: 13, total deletes: 17
  step 800/2000: loss=0.092084, patches=16
SRD step 850: evaluated 27 candidates, 0 promising, accepted 0
  Total patches: 16, total adds: 13, total deletes: 17
  step 850/2000: loss=0.089675, patches=16
SRD step 900: evaluated 27 candidates, 0 promising, accepted 0
  Total patches: 16, total adds: 13, total deletes: 17
  step 900/2000: loss=0.088955, patches=16
SRD step 950: evaluated 27 candidates, 0 promising, accepted 0
  Total patches: 16, total adds: 13, total deletes: 17
  step 950/2000: loss=0.086031, patches=16
[SRD rewrite] restored patch=16, position=(0.771, -0.126, 1.721), improvement=0.001905
[SRD rewrite] added patch=17, position=(0.938, -0.143, -0.443), improvement=0.001796
[SRD rewrite] restored patch=18, position=(0.935, -0.299, 1.001), improvement=0.001071
SRD step 1000: evaluated 27 candidates, 6 promising, accepted 3
  Accepted RestorePatch(7) at patch 16, improvement=0.001905
  Accepted AddPatch at patch 17, improvement=0.001796
  Accepted RestorePatch(11) at patch 18, improvement=0.001071
  Total patches: 19, total adds: 16, total deletes: 17
  step 1000/2000: loss=0.086774, patches=16
[SRD rewrite] deleted patch=18, position=(0.953, -0.260, 0.992), reason=Area 0.000744 below minimum 0.01
SRD step 1050: evaluated 27 candidates, 0 promising, accepted 1
  Mandatory DeletePatch(18) at patch 18, reason=Area 0.000744 below minimum 0.01
  Total patches: 18, total adds: 16, total deletes: 18
  step 1050/2000: loss=0.077972, patches=19
[SRD rewrite] deleted patch=2, position=(1.579, 1.559, 2.244), reason=Area 0.007575 below minimum 0.01
SRD step 1100: evaluated 27 candidates, 0 promising, accepted 1
  Mandatory DeletePatch(2) at patch 2, reason=Area 0.007575 below minimum 0.01
  Total patches: 17, total adds: 16, total deletes: 19
  step 1100/2000: loss=0.074055, patches=18
SRD step 1150: evaluated 27 candidates, 0 promising, accepted 0
  Total patches: 17, total adds: 16, total deletes: 19
  step 1150/2000: loss=0.072937, patches=17
SRD step 1200: evaluated 27 candidates, 0 promising, accepted 0
  Total patches: 17, total adds: 16, total deletes: 19
  step 1200/2000: loss=0.073594, patches=17
SRD step 1250: evaluated 27 candidates, 0 promising, accepted 0
  Total patches: 17, total adds: 16, total deletes: 19
  step 1250/2000: loss=0.075607, patches=17
[SRD rewrite] restored patch=17, position=(1.000, -0.298, 0.595), improvement=0.000372
SRD step 1300: evaluated 27 candidates, 15 promising, accepted 3
  Accepted RestorePatch(13) at patch 17, improvement=0.000372
  Accepted SplitPatch(0) at patch 0, improvement=0.000200
  Accepted SplitPatch(14) at patch 14, improvement=0.000200
  Total patches: 18, total adds: 17, total deletes: 19
  step 1300/2000: loss=0.077289, patches=17
[SRD rewrite] deleted patch=17, position=(1.001, -0.249, 0.548), reason=Area 0.000125 below minimum 0.01
SRD step 1350: evaluated 27 candidates, 0 promising, accepted 1
  Mandatory DeletePatch(17) at patch 17, reason=Area 0.000125 below minimum 0.01
  Total patches: 17, total adds: 17, total deletes: 20
  step 1350/2000: loss=0.072869, patches=18
SRD step 1400: evaluated 27 candidates, 0 promising, accepted 0
  Total patches: 17, total adds: 17, total deletes: 20
  step 1400/2000: loss=0.071559, patches=17
SRD step 1450: evaluated 27 candidates, 0 promising, accepted 0
  Total patches: 17, total adds: 17, total deletes: 20
  step 1450/2000: loss=0.072742, patches=17
[SRD rewrite] deleted patch=1, position=(0.382, 1.952, -2.356), reason=Area 0.009856 below minimum 0.01
[SRD rewrite] added patch=16, position=(0.537, -1.269, -0.559), improvement=0.000314
SRD step 1500: evaluated 27 candidates, 1 promising, accepted 2
  Accepted AddPatch at patch 16, improvement=0.000314
  Mandatory DeletePatch(1) at patch 1, reason=Area 0.009856 below minimum 0.01
  Total patches: 17, total adds: 18, total deletes: 21
  step 1500/2000: loss=0.070853, patches=17
SRD step 1550: evaluated 27 candidates, 0 promising, accepted 0
  Total patches: 17, total adds: 18, total deletes: 21
  step 1550/2000: loss=0.065651, patches=17
[SRD rewrite] added patch=17, position=(1.003, -1.130, -0.590), improvement=0.000121
[SRD rewrite] added patch=18, position=(0.050, -0.673, -0.830), improvement=0.000118
SRD step 1600: evaluated 27 candidates, 16 promising, accepted 3
  Accepted AddPatch at patch 17, improvement=0.000121
  Accepted AddPatch at patch 18, improvement=0.000118
  Accepted SplitPatch(13) at patch 13, improvement=0.000036
  Total patches: 19, total adds: 20, total deletes: 21
  step 1600/2000: loss=0.068768, patches=17
[SRD rewrite] deleted patch=18, position=(0.100, -0.597, -0.920), reason=Area 0.006109 below minimum 0.01
[SRD rewrite] deleted patch=17, position=(0.929, -1.214, -0.527), reason=Area 0.002897 below minimum 0.01
SRD step 1650: evaluated 27 candidates, 0 promising, accepted 2
  Mandatory DeletePatch(17) at patch 17, reason=Area 0.002897 below minimum 0.01
  Mandatory DeletePatch(18) at patch 18, reason=Area 0.006109 below minimum 0.01
  Total patches: 17, total adds: 20, total deletes: 23
  step 1650/2000: loss=0.068002, patches=19
[SRD rewrite] added patch=17, position=(0.442, 0.868, -0.474), improvement=0.000274
[SRD rewrite] added patch=18, position=(-0.365, 0.095, -0.148), improvement=0.000068
[SRD rewrite] restored patch=19, position=(1.001, -0.249, 0.548), improvement=0.000062
SRD step 1700: evaluated 27 candidates, 4 promising, accepted 3
  Accepted AddPatch at patch 17, improvement=0.000274
  Accepted AddPatch at patch 18, improvement=0.000068
  Accepted RestorePatch(17) at patch 19, improvement=0.000062
  Total patches: 20, total adds: 23, total deletes: 23
  step 1700/2000: loss=0.068284, patches=17
[SRD rewrite] deleted patch=19, position=(1.066, -0.219, 0.517), reason=Area 0.000125 below minimum 0.01
[SRD rewrite] deleted patch=17, position=(0.444, 0.920, -0.493), reason=Area 0.000856 below minimum 0.01
SRD step 1750: evaluated 27 candidates, 0 promising, accepted 2
  Mandatory DeletePatch(17) at patch 17, reason=Area 0.000856 below minimum 0.01
  Mandatory DeletePatch(19) at patch 19, reason=Area 0.000125 below minimum 0.01
  Total patches: 18, total adds: 23, total deletes: 25
  step 1750/2000: loss=0.068540, patches=20
SRD step 1800: evaluated 27 candidates, 0 promising, accepted 0
  Total patches: 18, total adds: 23, total deletes: 25
  step 1800/2000: loss=0.067829, patches=18
SRD step 1850: evaluated 27 candidates, 0 promising, accepted 0
  Total patches: 18, total adds: 23, total deletes: 25
  step 1850/2000: loss=0.067859, patches=18
SRD step 1900: evaluated 27 candidates, 0 promising, accepted 0
  Total patches: 18, total adds: 23, total deletes: 25
  step 1900/2000: loss=0.064460, patches=18
SRD step 1950: evaluated 27 candidates, 0 promising, accepted 0
  Total patches: 18, total adds: 23, total deletes: 25
  step 1950/2000: loss=0.063588, patches=18
SRD step 2000: evaluated 27 candidates, 0 promising, accepted 0
  Total patches: 18, total adds: 23, total deletes: 25
  step 2000/2000: loss=0.061908, patches=18
[SRD rewrite] deleted patch=6, position=(-0.532, -2.345, 2.313), reason=final deletion pass improved loss
[Trial 3] done: loss=0.061163, time=6836.6s
[Run] report written to results/slurm/20260718_0323/comparison_water_fire_srd/output.txt
