[Swept volume] building (resolution=108)...
[Run] mode=full, trials=3, seeds=[0, 1, 2], steps=2000, srd=True, ablation_flags={'disable_swept_volume_adds': False, 'loss_only_deletion': False, 'disable_splitting': False}
[Trial 1/3] seed=0
[Patch] mapbox-earcut is not installed; falling back to fan fill, so non-convex pieces will render incorrectly. Install it with: pip install mapbox-earcut
[SRD rewrite] added patch=20, position=(0.698, 0.389, 0.345), improvement=0.028320
[SRD rewrite] added patch=21, position=(0.588, 0.263, 0.221), improvement=0.027632
[SRD rewrite] added patch=22, position=(0.620, 0.408, 0.768), improvement=0.027373
SRD step 50: evaluated 27 candidates, 27 promising, accepted 3
  Accepted AddPatch at patch 20, improvement=0.028320
  Accepted AddPatch at patch 21, improvement=0.027632
  Accepted AddPatch at patch 22, improvement=0.027373
  Total patches: 23, total adds: 3, total deletes: 0
  step 50/2000: loss=0.747326, patches=20
[SRD rewrite] deleted patch=22, position=(0.604, 0.345, 0.608), reason=Area 0.005862 below minimum 0.01
[SRD rewrite] added patch=22, position=(0.947, 0.202, 0.951), improvement=0.021113
[SRD rewrite] added patch=23, position=(1.177, 0.959, 0.091), improvement=0.020177
[SRD rewrite] added patch=24, position=(0.151, 0.131, 1.516), improvement=0.019968
SRD step 100: evaluated 27 candidates, 23 promising, accepted 4
  Accepted AddPatch at patch 22, improvement=0.021113
  Accepted AddPatch at patch 23, improvement=0.020177
  Accepted AddPatch at patch 24, improvement=0.019968
  Mandatory DeletePatch(22) at patch 22, reason=Area 0.005862 below minimum 0.01
  Total patches: 25, total adds: 6, total deletes: 1
  step 100/2000: loss=0.520980, patches=23
[SRD rewrite] deleted patch=24, position=(0.032, 0.049, 1.499), reason=Area 0.000147 below minimum 0.01
[SRD rewrite] deleted patch=23, position=(1.353, 0.926, 0.072), reason=Area 0.001123 below minimum 0.01
[SRD rewrite] deleted patch=22, position=(1.090, 0.231, 0.762), reason=Area 0.006667 below minimum 0.01
[SRD rewrite] added patch=22, position=(1.343, -0.202, -0.084), improvement=0.012800
[SRD rewrite] added patch=23, position=(-1.770, -0.344, 0.353), improvement=0.012519
[SRD rewrite] added patch=24, position=(0.167, -0.034, 0.286), improvement=0.012494
SRD step 150: evaluated 27 candidates, 21 promising, accepted 6
  Accepted AddPatch at patch 22, improvement=0.012800
  Accepted AddPatch at patch 23, improvement=0.012519
  Accepted AddPatch at patch 24, improvement=0.012494
  Mandatory DeletePatch(22) at patch 22, reason=Area 0.006667 below minimum 0.01
  Mandatory DeletePatch(23) at patch 23, reason=Area 0.001123 below minimum 0.01
  Mandatory DeletePatch(24) at patch 24, reason=Area 0.000147 below minimum 0.01
  Total patches: 25, total adds: 9, total deletes: 4
  step 150/2000: loss=0.398279, patches=25
[SRD rewrite] deleted patch=24, position=(0.305, 0.127, 0.255), reason=Area 0.000227 below minimum 0.01
[SRD rewrite] deleted patch=23, position=(-1.770, -0.344, 0.353), reason=Area 0.009291 below minimum 0.01
[SRD rewrite] added patch=23, position=(1.557, 0.905, 0.820), improvement=0.004248
[SRD rewrite] restored patch=24, position=(1.090, 0.231, 0.762), improvement=0.003890
[SRD rewrite] added patch=25, position=(-1.716, -0.678, -1.301), improvement=0.003230
SRD step 200: evaluated 27 candidates, 19 promising, accepted 5
  Accepted AddPatch at patch 23, improvement=0.004248
  Accepted RestorePatch(3) at patch 24, improvement=0.003890
  Accepted AddPatch at patch 25, improvement=0.003230
  Mandatory DeletePatch(23) at patch 23, reason=Area 0.009291 below minimum 0.01
  Mandatory DeletePatch(24) at patch 24, reason=Area 0.000227 below minimum 0.01
  Total patches: 26, total adds: 12, total deletes: 6
  step 200/2000: loss=0.311741, patches=25
[SRD rewrite] deleted patch=24, position=(1.165, 0.265, 0.607), reason=Area 0.000344 below minimum 0.01
[SRD rewrite] deleted patch=21, position=(0.814, 0.193, 0.085), reason=Area 0.001889 below minimum 0.01
[SRD rewrite] added patch=24, position=(-1.826, -0.400, 0.005), improvement=0.000734
[SRD rewrite] added patch=25, position=(-1.747, -0.314, 0.405), improvement=0.000503
[SRD rewrite] added patch=26, position=(1.807, 0.945, -0.268), improvement=0.000460
SRD step 250: evaluated 27 candidates, 11 promising, accepted 5
  Accepted AddPatch at patch 24, improvement=0.000734
  Accepted AddPatch at patch 25, improvement=0.000503
  Accepted AddPatch at patch 26, improvement=0.000460
  Mandatory DeletePatch(21) at patch 21, reason=Area 0.001889 below minimum 0.01
  Mandatory DeletePatch(24) at patch 24, reason=Area 0.000344 below minimum 0.01
  Total patches: 27, total adds: 15, total deletes: 8
  step 250/2000: loss=0.275695, patches=26
[SRD rewrite] deleted patch=26, position=(1.754, 0.937, -0.312), reason=Area 0.003832 below minimum 0.01
[SRD rewrite] deleted patch=24, position=(-1.826, -0.400, 0.005), reason=Area 0.009291 below minimum 0.01
[SRD rewrite] added patch=25, position=(-0.961, -0.458, -1.532), improvement=0.004526
[SRD rewrite] restored patch=26, position=(1.754, 0.937, -0.312), improvement=0.003878
[SRD rewrite] added patch=27, position=(-1.219, -0.388, -1.738), improvement=0.003820
SRD step 300: evaluated 27 candidates, 21 promising, accepted 5
  Accepted AddPatch at patch 25, improvement=0.004526
  Accepted RestorePatch(7) at patch 26, improvement=0.003878
  Accepted AddPatch at patch 27, improvement=0.003820
  Mandatory DeletePatch(24) at patch 24, reason=Area 0.009291 below minimum 0.01
  Mandatory DeletePatch(26) at patch 26, reason=Area 0.003832 below minimum 0.01
  Total patches: 28, total adds: 18, total deletes: 10
  step 300/2000: loss=0.255631, patches=27
[SRD rewrite] deleted patch=26, position=(1.710, 0.985, -0.357), reason=Area 0.001596 below minimum 0.01
[SRD rewrite] deleted patch=21, position=(1.241, -0.108, -0.234), reason=Area 0.005960 below minimum 0.01
SRD step 350: evaluated 27 candidates, 0 promising, accepted 2
  Mandatory DeletePatch(21) at patch 21, reason=Area 0.005960 below minimum 0.01
  Mandatory DeletePatch(26) at patch 26, reason=Area 0.001596 below minimum 0.01
  Total patches: 26, total adds: 18, total deletes: 12
  step 350/2000: loss=0.219334, patches=28
[SRD rewrite] added patch=26, position=(-0.783, -0.855, 0.683), improvement=0.001490
[SRD rewrite] added patch=27, position=(-0.847, -0.408, -1.525), improvement=0.001378
[SRD rewrite] added patch=28, position=(0.803, 0.306, -0.231), improvement=0.000823
SRD step 400: evaluated 27 candidates, 16 promising, accepted 3
  Accepted AddPatch at patch 26, improvement=0.001490
  Accepted AddPatch at patch 27, improvement=0.001378
  Accepted AddPatch at patch 28, improvement=0.000823
  Total patches: 29, total adds: 21, total deletes: 12
  step 400/2000: loss=0.212524, patches=26
[SRD rewrite] deleted patch=28, position=(0.803, 0.306, -0.231), reason=Area 0.009291 below minimum 0.01
[SRD rewrite] deleted patch=27, position=(-0.866, -0.379, -1.498), reason=Area 0.009227 below minimum 0.01
[SRD rewrite] deleted patch=26, position=(-0.837, -0.831, 0.847), reason=Area 0.007570 below minimum 0.01
[SRD rewrite] deleted patch=20, position=(1.155, 0.440, -0.021), reason=Area 0.005389 below minimum 0.01
[SRD rewrite] deleted patch=9, position=(-0.229, 0.609, 0.462), reason=Area 0.004597 below minimum 0.01
SRD step 450: evaluated 27 candidates, 0 promising, accepted 5
  Mandatory DeletePatch(9) at patch 9, reason=Area 0.004597 below minimum 0.01
  Mandatory DeletePatch(20) at patch 20, reason=Area 0.005389 below minimum 0.01
  Mandatory DeletePatch(26) at patch 26, reason=Area 0.007570 below minimum 0.01
  Mandatory DeletePatch(27) at patch 27, reason=Area 0.009227 below minimum 0.01
  Mandatory DeletePatch(28) at patch 28, reason=Area 0.009291 below minimum 0.01
  Total patches: 24, total adds: 21, total deletes: 17
  step 450/2000: loss=0.200258, patches=29
[SRD rewrite] deleted patch=5, position=(0.970, 0.502, -1.199), reason=delete has no image effect
SRD step 500: evaluated 27 candidates, 0 promising, accepted 1
  Mandatory DeletePatch(5) at patch 5, reason=delete has no image effect
  Total patches: 23, total adds: 21, total deletes: 18
  step 500/2000: loss=0.193962, patches=24
SRD step 550: evaluated 27 candidates, 0 promising, accepted 0
  Total patches: 23, total adds: 21, total deletes: 18
  step 550/2000: loss=0.182078, patches=23
[SRD rewrite] added patch=23, position=(-1.183, 0.541, 0.639), improvement=0.003729
[SRD rewrite] restored patch=24, position=(1.241, -0.108, -0.234), improvement=0.003002
[SRD rewrite] added patch=25, position=(-0.747, 2.496, -0.922), improvement=0.002861
SRD step 600: evaluated 27 candidates, 20 promising, accepted 3
  Accepted AddPatch at patch 23, improvement=0.003729
  Accepted RestorePatch(9) at patch 24, improvement=0.003002
  Accepted AddPatch at patch 25, improvement=0.002861
  Total patches: 26, total adds: 24, total deletes: 18
  step 600/2000: loss=0.175268, patches=23
[SRD rewrite] deleted patch=25, position=(-0.747, 2.496, -0.922), reason=Area 0.009291 below minimum 0.01
[SRD rewrite] deleted patch=24, position=(1.209, -0.049, -0.240), reason=Area 0.000695 below minimum 0.01
[SRD rewrite] deleted patch=22, position=(-1.298, -0.247, -1.545), reason=delete has no image effect
[SRD rewrite] deleted patch=21, position=(-0.990, -0.160, -1.257), reason=delete has no image effect
SRD step 650: evaluated 27 candidates, 0 promising, accepted 4
  Mandatory DeletePatch(24) at patch 24, reason=Area 0.000695 below minimum 0.01
  Mandatory DeletePatch(25) at patch 25, reason=Area 0.009291 below minimum 0.01
  Mandatory DeletePatch(21) at patch 21, reason=delete has no image effect
  Mandatory DeletePatch(22) at patch 22, reason=delete has no image effect
  Total patches: 22, total adds: 24, total deletes: 22
  step 650/2000: loss=0.160405, patches=26
SRD step 700: evaluated 27 candidates, 0 promising, accepted 0
  Total patches: 22, total adds: 24, total deletes: 22
  step 700/2000: loss=0.159770, patches=22
SRD step 750: evaluated 27 candidates, 0 promising, accepted 0
  Total patches: 22, total adds: 24, total deletes: 22
  step 750/2000: loss=0.152848, patches=22
SRD step 800: evaluated 27 candidates, 0 promising, accepted 0
  Total patches: 22, total adds: 24, total deletes: 22
  step 800/2000: loss=0.141048, patches=22
[SRD rewrite] added patch=22, position=(1.799, 1.146, 0.203), improvement=0.000241
SRD step 850: evaluated 27 candidates, 1 promising, accepted 1
  Accepted AddPatch at patch 22, improvement=0.000241
  Total patches: 23, total adds: 25, total deletes: 22
  step 850/2000: loss=0.144524, patches=22
[SRD rewrite] deleted patch=22, position=(1.763, 1.161, 0.210), reason=Area 0.005096 below minimum 0.01
[SRD rewrite] deleted patch=9, position=(-1.268, -2.939, -2.004), reason=no image contribution, delete has no image effect
[SRD rewrite] added patch=21, position=(1.672, 1.138, -0.003), improvement=0.002069
[SRD rewrite] added patch=22, position=(-0.819, 0.544, 0.125), improvement=0.001766
[SRD rewrite] restored patch=23, position=(0.970, 0.502, -1.199), improvement=0.001488
SRD step 900: evaluated 27 candidates, 17 promising, accepted 5
  Accepted AddPatch at patch 21, improvement=0.002069
  Accepted AddPatch at patch 22, improvement=0.001766
  Accepted RestorePatch(14) at patch 23, improvement=0.001488
  Mandatory DeletePatch(22) at patch 22, reason=Area 0.005096 below minimum 0.01
  Mandatory DeletePatch(9) at patch 9, reason=no image contribution, delete has no image effect
  Total patches: 24, total adds: 28, total deletes: 24
  step 900/2000: loss=0.142765, patches=23
SRD step 950: evaluated 27 candidates, 0 promising, accepted 0
  Total patches: 24, total adds: 28, total deletes: 24
  step 950/2000: loss=0.146653, patches=24
[SRD rewrite] deleted patch=3, position=(-2.067, 0.029, -0.776), reason=delete has no image effect
SRD step 1000: evaluated 27 candidates, 0 promising, accepted 1
  Mandatory DeletePatch(3) at patch 3, reason=delete has no image effect
  Total patches: 23, total adds: 28, total deletes: 25
  step 1000/2000: loss=0.148686, patches=24
[SRD rewrite] deleted patch=22, position=(0.989, 0.494, -1.218), reason=delete has no image effect
SRD step 1050: evaluated 27 candidates, 0 promising, accepted 1
  Mandatory DeletePatch(22) at patch 22, reason=delete has no image effect
  Total patches: 22, total adds: 28, total deletes: 26
  step 1050/2000: loss=0.161493, patches=23
[SRD rewrite] deleted patch=13, position=(-0.675, -0.677, 1.856), reason=Area 0.009186 below minimum 0.01
SRD step 1100: evaluated 27 candidates, 0 promising, accepted 1
  Mandatory DeletePatch(13) at patch 13, reason=Area 0.009186 below minimum 0.01
  Total patches: 21, total adds: 28, total deletes: 27
  step 1100/2000: loss=0.170489, patches=22
[SRD rewrite] added patch=21, position=(0.858, 0.014, -0.276), improvement=0.000340
[SRD rewrite] restored patch=22, position=(-0.990, -0.160, -1.257), improvement=0.000282
[SRD rewrite] restored patch=23, position=(1.710, 0.985, -0.357), improvement=0.000141
SRD step 1150: evaluated 27 candidates, 5 promising, accepted 3
  Accepted AddPatch at patch 21, improvement=0.000340
  Accepted RestorePatch(17) at patch 22, improvement=0.000282
  Accepted RestorePatch(8) at patch 23, improvement=0.000141
  Total patches: 24, total adds: 31, total deletes: 27
  step 1150/2000: loss=0.175404, patches=21
[SRD rewrite] deleted patch=23, position=(1.833, 0.832, -0.503), reason=Area 0.000226 below minimum 0.01
[SRD rewrite] deleted patch=21, position=(0.858, 0.014, -0.276), reason=Area 0.009291 below minimum 0.01
[SRD rewrite] deleted patch=4, position=(0.284, 0.697, -0.069), reason=delete has no image effect
SRD step 1200: evaluated 27 candidates, 0 promising, accepted 3
  Mandatory DeletePatch(21) at patch 21, reason=Area 0.009291 below minimum 0.01
  Mandatory DeletePatch(23) at patch 23, reason=Area 0.000226 below minimum 0.01
  Mandatory DeletePatch(4) at patch 4, reason=delete has no image effect
  Total patches: 21, total adds: 31, total deletes: 30
  step 1200/2000: loss=0.170419, patches=24
[SRD rewrite] deleted patch=6, position=(-0.642, 0.713, 0.351), reason=Area 0.001871 below minimum 0.01
SRD step 1250: evaluated 27 candidates, 0 promising, accepted 1
  Mandatory DeletePatch(6) at patch 6, reason=Area 0.001871 below minimum 0.01
  Total patches: 20, total adds: 31, total deletes: 31
  step 1250/2000: loss=0.175829, patches=21
[SRD rewrite] deleted patch=6, position=(2.098, -0.461, -0.877), reason=Area 0.005225 below minimum 0.01
SRD step 1300: evaluated 27 candidates, 0 promising, accepted 1
  Mandatory DeletePatch(6) at patch 6, reason=Area 0.005225 below minimum 0.01
  Total patches: 19, total adds: 31, total deletes: 32
  step 1300/2000: loss=0.170994, patches=20
SRD step 1350: evaluated 27 candidates, 0 promising, accepted 0
  Total patches: 19, total adds: 31, total deletes: 32
  step 1350/2000: loss=0.159395, patches=19
SRD step 1400: evaluated 27 candidates, 0 promising, accepted 0
  Total patches: 19, total adds: 31, total deletes: 32
  step 1400/2000: loss=0.165026, patches=19
[SRD rewrite] split patch=10, children=18,19, improvement=0.002318
SRD step 1450: evaluated 27 candidates, 1 promising, accepted 1
  Accepted SplitPatch(10) at patch 10, improvement=0.002318
  Total patches: 20, total adds: 32, total deletes: 32
  step 1450/2000: loss=0.160716, patches=19
[SRD rewrite] deleted patch=19, position=(0.535, -0.022, 2.089), reason=Area 0.000622 below minimum 0.01
[SRD rewrite] deleted patch=18, position=(0.746, -0.126, 2.015), reason=Area 0.002919 below minimum 0.01
[SRD rewrite] deleted patch=15, position=(1.952, 0.826, -0.673), reason=Area 0.003675 below minimum 0.01
SRD step 1500: evaluated 27 candidates, 0 promising, accepted 3
  Mandatory DeletePatch(15) at patch 15, reason=Area 0.003675 below minimum 0.01
  Mandatory DeletePatch(18) at patch 18, reason=Area 0.002919 below minimum 0.01
  Mandatory DeletePatch(19) at patch 19, reason=Area 0.000622 below minimum 0.01
  Total patches: 17, total adds: 32, total deletes: 35
  step 1500/2000: loss=0.145500, patches=20
SRD step 1550: evaluated 27 candidates, 0 promising, accepted 0
  Total patches: 17, total adds: 32, total deletes: 35
  step 1550/2000: loss=0.153669, patches=17
SRD step 1600: evaluated 27 candidates, 0 promising, accepted 0
  Total patches: 17, total adds: 32, total deletes: 35
  step 1600/2000: loss=0.151341, patches=17
SRD step 1650: evaluated 27 candidates, 0 promising, accepted 0
  Total patches: 17, total adds: 32, total deletes: 35
  step 1650/2000: loss=0.159427, patches=17
SRD step 1700: evaluated 27 candidates, 0 promising, accepted 0
  Total patches: 17, total adds: 32, total deletes: 35
  step 1700/2000: loss=0.146010, patches=17
SRD step 1750: evaluated 27 candidates, 0 promising, accepted 0
  Total patches: 17, total adds: 32, total deletes: 35
  step 1750/2000: loss=0.137384, patches=17
SRD step 1800: evaluated 27 candidates, 0 promising, accepted 0
  Total patches: 17, total adds: 32, total deletes: 35
  step 1800/2000: loss=0.132013, patches=17
SRD step 1850: evaluated 27 candidates, 0 promising, accepted 0
  Total patches: 17, total adds: 32, total deletes: 35
  step 1850/2000: loss=0.131413, patches=17
SRD step 1900: evaluated 27 candidates, 0 promising, accepted 0
  Total patches: 17, total adds: 32, total deletes: 35
  step 1900/2000: loss=0.132239, patches=17
SRD step 1950: evaluated 27 candidates, 0 promising, accepted 0
  Total patches: 17, total adds: 32, total deletes: 35
  step 1950/2000: loss=0.132978, patches=17
[SRD rewrite] deleted patch=16, position=(-1.089, -0.135, -1.267), reason=delete has no image effect
SRD step 2000: evaluated 27 candidates, 0 promising, accepted 1
  Mandatory DeletePatch(16) at patch 16, reason=delete has no image effect
  Total patches: 16, total adds: 32, total deletes: 36
  step 2000/2000: loss=0.134274, patches=17
[SRD rewrite] deleted patch=5, position=(1.180, -0.016, -1.845), reason=final deletion pass improved loss
[SRD rewrite] deleted patch=5, position=(-0.893, -0.568, -2.431), reason=final deletion pass improved loss
[SRD rewrite] deleted patch=9, position=(2.082, -1.624, -1.778), reason=final deletion pass improved loss
[Trial 1] done: loss=0.124683, time=7660.5s
[Trial 2/3] seed=1
[SRD rewrite] split patch=8, children=19,20, improvement=0.038602
[SRD rewrite] split patch=4, children=20,21, improvement=0.033649
[SRD rewrite] added patch=22, position=(0.571, 0.344, 0.369), improvement=0.031368
SRD step 50: evaluated 27 candidates, 26 promising, accepted 3
  Accepted SplitPatch(8) at patch 8, improvement=0.038602
  Accepted SplitPatch(4) at patch 4, improvement=0.033649
  Accepted AddPatch at patch 22, improvement=0.031368
  Total patches: 23, total adds: 3, total deletes: 0
  step 50/2000: loss=0.687268, patches=20
[SRD rewrite] deleted patch=21, position=(-2.200, -0.635, -0.067), reason=Area 0.002353 below minimum 0.01
[SRD rewrite] deleted patch=20, position=(-2.102, -0.517, -0.076), reason=Area 0.000410 below minimum 0.01
[SRD rewrite] deleted patch=19, position=(-0.147, -0.567, -2.087), reason=Area 0.000761 below minimum 0.01
[SRD rewrite] deleted patch=18, position=(-0.150, -0.342, -2.127), reason=Area 0.007679 below minimum 0.01
[SRD rewrite] split patch=3, children=18,19, improvement=0.028587
[SRD rewrite] added patch=20, position=(0.598, -0.007, 0.502), improvement=0.019175
[SRD rewrite] added patch=21, position=(0.899, 0.119, -0.433), improvement=0.018742
SRD step 100: evaluated 27 candidates, 22 promising, accepted 7
  Accepted SplitPatch(3) at patch 3, improvement=0.028587
  Accepted AddPatch at patch 20, improvement=0.019175
  Accepted AddPatch at patch 21, improvement=0.018742
  Mandatory DeletePatch(18) at patch 18, reason=Area 0.007679 below minimum 0.01
  Mandatory DeletePatch(19) at patch 19, reason=Area 0.000761 below minimum 0.01
  Mandatory DeletePatch(20) at patch 20, reason=Area 0.000410 below minimum 0.01
  Mandatory DeletePatch(21) at patch 21, reason=Area 0.002353 below minimum 0.01
  Total patches: 22, total adds: 6, total deletes: 4
  step 100/2000: loss=0.434921, patches=23
[SRD rewrite] deleted patch=19, position=(-0.071, -1.933, -0.216), reason=Area 0.000975 below minimum 0.01
[SRD rewrite] deleted patch=18, position=(-0.000, -1.913, -0.258), reason=Area 0.000442 below minimum 0.01
[SRD rewrite] added patch=20, position=(0.965, 0.019, -0.901), improvement=0.005116
[SRD rewrite] added patch=21, position=(0.847, -0.133, -0.807), improvement=0.004909
[SRD rewrite] added patch=22, position=(0.906, 0.125, 1.434), improvement=0.004595
SRD step 150: evaluated 27 candidates, 13 promising, accepted 5
  Accepted AddPatch at patch 20, improvement=0.005116
  Accepted AddPatch at patch 21, improvement=0.004909
  Accepted AddPatch at patch 22, improvement=0.004595
  Mandatory DeletePatch(18) at patch 18, reason=Area 0.000442 below minimum 0.01
  Mandatory DeletePatch(19) at patch 19, reason=Area 0.000975 below minimum 0.01
  Total patches: 23, total adds: 9, total deletes: 6
  step 150/2000: loss=0.312001, patches=22
[SRD rewrite] deleted patch=21, position=(0.838, -0.143, -0.816), reason=Area 0.007429 below minimum 0.01
[SRD rewrite] deleted patch=20, position=(0.997, -0.013, -0.933), reason=Area 0.004224 below minimum 0.01
[SRD rewrite] added patch=21, position=(0.976, -0.122, -0.447), improvement=0.001337
[SRD rewrite] added patch=22, position=(0.807, -0.058, 1.069), improvement=0.001226
[SRD rewrite] added patch=23, position=(0.999, -0.009, -0.417), improvement=0.001116
SRD step 200: evaluated 27 candidates, 19 promising, accepted 5
  Accepted AddPatch at patch 21, improvement=0.001337
  Accepted AddPatch at patch 22, improvement=0.001226
  Accepted AddPatch at patch 23, improvement=0.001116
  Mandatory DeletePatch(20) at patch 20, reason=Area 0.004224 below minimum 0.01
  Mandatory DeletePatch(21) at patch 21, reason=Area 0.007429 below minimum 0.01
  Total patches: 24, total adds: 12, total deletes: 8
  step 200/2000: loss=0.247850, patches=23
[SRD rewrite] deleted patch=23, position=(1.033, -0.019, -0.366), reason=Area 0.004832 below minimum 0.01
[SRD rewrite] deleted patch=21, position=(0.961, -0.161, -0.473), reason=Area 0.002859 below minimum 0.01
[SRD rewrite] added patch=22, position=(1.766, 1.080, 0.278), improvement=0.001959
[SRD rewrite] added patch=23, position=(1.208, 0.860, 0.959), improvement=0.001320
[SRD rewrite] added patch=24, position=(1.371, 0.264, -1.088), improvement=0.001191
SRD step 250: evaluated 27 candidates, 7 promising, accepted 5
  Accepted AddPatch at patch 22, improvement=0.001959
  Accepted AddPatch at patch 23, improvement=0.001320
  Accepted AddPatch at patch 24, improvement=0.001191
  Mandatory DeletePatch(21) at patch 21, reason=Area 0.002859 below minimum 0.01
  Mandatory DeletePatch(23) at patch 23, reason=Area 0.004832 below minimum 0.01
  Total patches: 25, total adds: 15, total deletes: 10
  step 250/2000: loss=0.201723, patches=24
[SRD rewrite] added patch=25, position=(1.407, -0.170, 0.147), improvement=0.001016
[SRD rewrite] added patch=26, position=(1.659, 0.972, 0.205), improvement=0.000455
[SRD rewrite] added patch=27, position=(-0.189, 0.583, -1.477), improvement=0.000421
SRD step 300: evaluated 27 candidates, 4 promising, accepted 3
  Accepted AddPatch at patch 25, improvement=0.001016
  Accepted AddPatch at patch 26, improvement=0.000455
  Accepted AddPatch at patch 27, improvement=0.000421
  Total patches: 28, total adds: 18, total deletes: 10
  step 300/2000: loss=0.176087, patches=25
[SRD rewrite] deleted patch=26, position=(1.619, 0.927, 0.346), reason=Area 0.007905 below minimum 0.01
[SRD rewrite] deleted patch=20, position=(0.983, 0.174, 1.324), reason=Area 0.005115 below minimum 0.01
SRD step 350: evaluated 27 candidates, 0 promising, accepted 2
  Mandatory DeletePatch(20) at patch 20, reason=Area 0.005115 below minimum 0.01
  Mandatory DeletePatch(26) at patch 26, reason=Area 0.007905 below minimum 0.01
  Total patches: 26, total adds: 18, total deletes: 12
  step 350/2000: loss=0.161337, patches=28
[SRD rewrite] deleted patch=25, position=(-0.258, 0.640, -1.433), reason=delete has no image effect
SRD step 400: evaluated 27 candidates, 0 promising, accepted 1
  Mandatory DeletePatch(25) at patch 25, reason=delete has no image effect
  Total patches: 25, total adds: 18, total deletes: 13
  step 400/2000: loss=0.156547, patches=26
[SRD rewrite] added patch=25, position=(-1.288, -0.526, 0.362), improvement=0.005611
[SRD rewrite] added patch=26, position=(-0.693, 0.613, -1.526), improvement=0.005403
[SRD rewrite] restored patch=27, position=(-0.258, 0.640, -1.433), improvement=0.005173
SRD step 450: evaluated 27 candidates, 21 promising, accepted 3
  Accepted AddPatch at patch 25, improvement=0.005611
  Accepted AddPatch at patch 26, improvement=0.005403
  Accepted RestorePatch(15) at patch 27, improvement=0.005173
  Total patches: 28, total adds: 21, total deletes: 13
  step 450/2000: loss=0.174437, patches=25
[SRD rewrite] deleted patch=26, position=(-0.693, 0.613, -1.526), reason=Area 0.009291 below minimum 0.01
[SRD rewrite] deleted patch=25, position=(-1.236, -0.459, 0.516), reason=Area 0.002175 below minimum 0.01
[SRD rewrite] deleted patch=25, position=(-0.258, 0.640, -1.433), reason=delete has no image effect
SRD step 500: evaluated 27 candidates, 0 promising, accepted 3
  Mandatory DeletePatch(25) at patch 25, reason=Area 0.002175 below minimum 0.01
  Mandatory DeletePatch(26) at patch 26, reason=Area 0.009291 below minimum 0.01
  Mandatory DeletePatch(25) at patch 25, reason=delete has no image effect
  Total patches: 25, total adds: 21, total deletes: 16
  step 500/2000: loss=0.158978, patches=28
SRD step 550: evaluated 27 candidates, 0 promising, accepted 0
  Total patches: 25, total adds: 21, total deletes: 16
  step 550/2000: loss=0.162856, patches=25
[SRD rewrite] deleted patch=20, position=(0.970, 0.140, 1.320), reason=Area 0.009600 below minimum 0.01
SRD step 600: evaluated 27 candidates, 0 promising, accepted 1
  Mandatory DeletePatch(20) at patch 20, reason=Area 0.009600 below minimum 0.01
  Total patches: 24, total adds: 21, total deletes: 17
  step 600/2000: loss=0.155664, patches=25
[SRD rewrite] added patch=24, position=(1.210, 0.987, 0.553), improvement=0.003193
[SRD rewrite] added patch=25, position=(-1.477, -0.330, -1.718), improvement=0.003009
[SRD rewrite] added patch=26, position=(2.070, -2.342, 0.235), improvement=0.002974
SRD step 650: evaluated 27 candidates, 19 promising, accepted 3
  Accepted AddPatch at patch 24, improvement=0.003193
  Accepted AddPatch at patch 25, improvement=0.003009
  Accepted AddPatch at patch 26, improvement=0.002974
  Total patches: 27, total adds: 24, total deletes: 17
  step 650/2000: loss=0.154503, patches=24
[SRD rewrite] deleted patch=26, position=(2.070, -2.342, 0.235), reason=Area 0.009291 below minimum 0.01
[SRD rewrite] deleted patch=25, position=(-1.443, -0.296, -1.753), reason=Area 0.003746 below minimum 0.01
[SRD rewrite] deleted patch=24, position=(1.291, 1.082, 0.534), reason=Area 0.000300 below minimum 0.01
SRD step 700: evaluated 27 candidates, 0 promising, accepted 3
  Mandatory DeletePatch(24) at patch 24, reason=Area 0.000300 below minimum 0.01
  Mandatory DeletePatch(25) at patch 25, reason=Area 0.003746 below minimum 0.01
  Mandatory DeletePatch(26) at patch 26, reason=Area 0.009291 below minimum 0.01
  Total patches: 24, total adds: 24, total deletes: 20
  step 700/2000: loss=0.142919, patches=27
[SRD rewrite] added patch=24, position=(-1.671, -0.405, 0.663), improvement=0.004345
[SRD rewrite] added patch=25, position=(-0.916, -0.920, 0.204), improvement=0.004059
SRD step 750: evaluated 27 candidates, 22 promising, accepted 3
  Accepted AddPatch at patch 24, improvement=0.004345
  Accepted AddPatch at patch 25, improvement=0.004059
  Accepted SplitPatch(10) at patch 10, improvement=0.003921
  Total patches: 26, total adds: 26, total deletes: 20
  step 750/2000: loss=0.146444, patches=24
[SRD rewrite] deleted patch=25, position=(-0.877, -0.882, 0.357), reason=Area 0.007326 below minimum 0.01
SRD step 800: evaluated 27 candidates, 0 promising, accepted 1
  Mandatory DeletePatch(25) at patch 25, reason=Area 0.007326 below minimum 0.01
  Total patches: 25, total adds: 26, total deletes: 21
  step 800/2000: loss=0.132050, patches=26
SRD step 850: evaluated 27 candidates, 0 promising, accepted 0
  Total patches: 25, total adds: 26, total deletes: 21
  step 850/2000: loss=0.129759, patches=25
SRD step 900: evaluated 27 candidates, 0 promising, accepted 0
  Total patches: 25, total adds: 26, total deletes: 21
  step 900/2000: loss=0.127345, patches=25
SRD step 950: evaluated 27 candidates, 0 promising, accepted 0
  Total patches: 25, total adds: 26, total deletes: 21
  step 950/2000: loss=0.128692, patches=25
SRD step 1000: evaluated 27 candidates, 0 promising, accepted 0
  Total patches: 25, total adds: 26, total deletes: 21
  step 1000/2000: loss=0.130951, patches=25
SRD step 1050: evaluated 27 candidates, 0 promising, accepted 0
  Total patches: 25, total adds: 26, total deletes: 21
  step 1050/2000: loss=0.147760, patches=25
SRD step 1100: evaluated 27 candidates, 0 promising, accepted 0
  Total patches: 25, total adds: 26, total deletes: 21
  step 1100/2000: loss=0.171683, patches=25
[SRD rewrite] deleted patch=13, position=(1.363, 0.957, -0.824), reason=Area 0.006664 below minimum 0.01
[SRD rewrite] added patch=24, position=(-1.078, -0.427, 0.710), improvement=0.002619
[SRD rewrite] added patch=25, position=(1.187, 0.927, -0.825), improvement=0.001790
[SRD rewrite] added patch=26, position=(-1.004, -1.012, -0.478), improvement=0.001777
SRD step 1150: evaluated 27 candidates, 23 promising, accepted 4
  Accepted AddPatch at patch 24, improvement=0.002619
  Accepted AddPatch at patch 25, improvement=0.001790
  Accepted AddPatch at patch 26, improvement=0.001777
  Mandatory DeletePatch(13) at patch 13, reason=Area 0.006664 below minimum 0.01
  Total patches: 27, total adds: 29, total deletes: 22
  step 1150/2000: loss=0.201662, patches=25
[SRD rewrite] deleted patch=25, position=(1.286, 0.957, -0.835), reason=Area 0.000313 below minimum 0.01
SRD step 1200: evaluated 27 candidates, 0 promising, accepted 1
  Mandatory DeletePatch(25) at patch 25, reason=Area 0.000313 below minimum 0.01
  Total patches: 26, total adds: 29, total deletes: 23
  step 1200/2000: loss=0.189476, patches=27
[SRD rewrite] deleted patch=16, position=(0.313, 0.154, -0.168), reason=Area 0.009773 below minimum 0.01
[SRD rewrite] added patch=25, position=(1.490, 1.101, -0.101), improvement=0.006046
[SRD rewrite] added patch=26, position=(1.339, 0.900, 0.169), improvement=0.005995
[SRD rewrite] restored patch=27, position=(-0.258, 0.640, -1.433), improvement=0.005981
SRD step 1250: evaluated 27 candidates, 23 promising, accepted 4
  Accepted AddPatch at patch 25, improvement=0.006046
  Accepted AddPatch at patch 26, improvement=0.005995
  Accepted RestorePatch(17) at patch 27, improvement=0.005981
  Mandatory DeletePatch(16) at patch 16, reason=Area 0.009773 below minimum 0.01
  Total patches: 28, total adds: 32, total deletes: 24
  step 1250/2000: loss=0.164237, patches=26
SRD step 1300: evaluated 27 candidates, 0 promising, accepted 0
  Total patches: 28, total adds: 32, total deletes: 24
  step 1300/2000: loss=0.117424, patches=28
[SRD rewrite] deleted patch=25, position=(1.526, 1.221, -0.182), reason=Area 0.008209 below minimum 0.01
[SRD rewrite] added patch=27, position=(0.917, 0.595, 1.236), improvement=0.002072
SRD step 1350: evaluated 27 candidates, 23 promising, accepted 4
  Accepted AddPatch at patch 27, improvement=0.002072
  Accepted SplitPatch(6) at patch 6, improvement=0.001887
  Accepted SplitPatch(2) at patch 2, improvement=0.001887
  Mandatory DeletePatch(25) at patch 25, reason=Area 0.008209 below minimum 0.01
  Total patches: 28, total adds: 33, total deletes: 25
  step 1350/2000: loss=0.107856, patches=28
[SRD rewrite] deleted patch=27, position=(0.884, 0.601, 1.230), reason=Area 0.000233 below minimum 0.01
SRD step 1400: evaluated 27 candidates, 0 promising, accepted 1
  Mandatory DeletePatch(27) at patch 27, reason=Area 0.000233 below minimum 0.01
  Total patches: 27, total adds: 33, total deletes: 26
  step 1400/2000: loss=0.116162, patches=28
[SRD rewrite] added patch=27, position=(0.122, 0.338, 1.209), improvement=0.000109
[SRD rewrite] restored patch=28, position=(-1.443, -0.296, -1.753), improvement=0.000102
[SRD rewrite] restored patch=29, position=(2.070, -2.342, 0.235), improvement=0.000102
SRD step 1450: evaluated 27 candidates, 4 promising, accepted 3
  Accepted AddPatch at patch 27, improvement=0.000109
  Accepted RestorePatch(19) at patch 28, improvement=0.000102
  Accepted RestorePatch(18) at patch 29, improvement=0.000102
  Total patches: 30, total adds: 36, total deletes: 26
  step 1450/2000: loss=0.108318, patches=27
[SRD rewrite] deleted patch=29, position=(2.070, -2.342, 0.235), reason=Area 0.009291 below minimum 0.01
[SRD rewrite] deleted patch=28, position=(-1.427, -0.279, -1.770), reason=Area 0.003134 below minimum 0.01
[SRD rewrite] deleted patch=27, position=(0.193, 0.339, 1.111), reason=Area 0.000374 below minimum 0.01
SRD step 1500: evaluated 27 candidates, 0 promising, accepted 3
  Mandatory DeletePatch(27) at patch 27, reason=Area 0.000374 below minimum 0.01
  Mandatory DeletePatch(28) at patch 28, reason=Area 0.003134 below minimum 0.01
  Mandatory DeletePatch(29) at patch 29, reason=Area 0.009291 below minimum 0.01
  Total patches: 27, total adds: 36, total deletes: 29
  step 1500/2000: loss=0.096555, patches=30
[SRD rewrite] deleted patch=20, position=(1.327, 0.422, -1.150), reason=Area 0.007410 below minimum 0.01
[SRD rewrite] deleted patch=17, position=(1.294, 0.197, -0.539), reason=Area 0.009702 below minimum 0.01
SRD step 1550: evaluated 27 candidates, 0 promising, accepted 2
  Mandatory DeletePatch(17) at patch 17, reason=Area 0.009702 below minimum 0.01
  Mandatory DeletePatch(20) at patch 20, reason=Area 0.007410 below minimum 0.01
  Total patches: 25, total adds: 36, total deletes: 31
  step 1550/2000: loss=0.117486, patches=27
SRD step 1600: evaluated 27 candidates, 0 promising, accepted 0
  Total patches: 25, total adds: 36, total deletes: 31
  step 1600/2000: loss=0.105018, patches=25
SRD step 1650: evaluated 27 candidates, 0 promising, accepted 0
  Total patches: 25, total adds: 36, total deletes: 31
  step 1650/2000: loss=0.105761, patches=25
SRD step 1700: evaluated 27 candidates, 0 promising, accepted 0
  Total patches: 25, total adds: 36, total deletes: 31
  step 1700/2000: loss=0.100661, patches=25
[SRD rewrite] deleted patch=14, position=(-0.029, 0.618, -0.904), reason=delete has no image effect
SRD step 1750: evaluated 27 candidates, 0 promising, accepted 1
  Mandatory DeletePatch(14) at patch 14, reason=delete has no image effect
  Total patches: 24, total adds: 36, total deletes: 32
  step 1750/2000: loss=0.112874, patches=25
SRD step 1800: evaluated 27 candidates, 0 promising, accepted 0
  Total patches: 24, total adds: 36, total deletes: 32
  step 1800/2000: loss=0.108016, patches=24
[SRD rewrite] deleted patch=23, position=(-0.293, 0.656, -1.394), reason=delete has no image effect
SRD step 1850: evaluated 27 candidates, 0 promising, accepted 1
  Mandatory DeletePatch(23) at patch 23, reason=delete has no image effect
  Total patches: 23, total adds: 36, total deletes: 33
  step 1850/2000: loss=0.102693, patches=24
SRD step 1900: evaluated 27 candidates, 0 promising, accepted 0
  Total patches: 23, total adds: 36, total deletes: 33
  step 1900/2000: loss=0.096481, patches=23
SRD step 1950: evaluated 27 candidates, 0 promising, accepted 0
  Total patches: 23, total adds: 36, total deletes: 33
  step 1950/2000: loss=0.108963, patches=23
[SRD rewrite] deleted patch=22, position=(1.636, 1.152, 0.410), reason=Area 0.004475 below minimum 0.01
SRD step 2000: evaluated 27 candidates, 0 promising, accepted 1
  Mandatory DeletePatch(22) at patch 22, reason=Area 0.004475 below minimum 0.01
  Total patches: 22, total adds: 36, total deletes: 34
  step 2000/2000: loss=0.106386, patches=23
[Trial 2] done: loss=0.106792, time=9406.2s
[Trial 3/3] seed=2
[SRD rewrite] added patch=20, position=(-0.039, 0.122, 1.325), improvement=0.037295
[SRD rewrite] added patch=21, position=(0.432, 0.343, 1.359), improvement=0.035812
[SRD rewrite] added patch=22, position=(-0.668, 0.182, 1.466), improvement=0.035205
SRD step 50: evaluated 27 candidates, 27 promising, accepted 3
  Accepted AddPatch at patch 20, improvement=0.037295
  Accepted AddPatch at patch 21, improvement=0.035812
  Accepted AddPatch at patch 22, improvement=0.035205
  Total patches: 23, total adds: 3, total deletes: 0
  step 50/2000: loss=0.606880, patches=20
[SRD rewrite] added patch=23, position=(0.131, 0.384, 0.041), improvement=0.013323
[SRD rewrite] added patch=24, position=(0.151, -0.040, 1.462), improvement=0.013227
[SRD rewrite] added patch=25, position=(-0.818, -0.249, -1.564), improvement=0.013000
SRD step 100: evaluated 27 candidates, 27 promising, accepted 3
  Accepted AddPatch at patch 23, improvement=0.013323
  Accepted AddPatch at patch 24, improvement=0.013227
  Accepted AddPatch at patch 25, improvement=0.013000
  Total patches: 26, total adds: 6, total deletes: 0
  step 100/2000: loss=0.355801, patches=23
[SRD rewrite] deleted patch=25, position=(-0.892, -0.372, -1.464), reason=Area 0.005581 below minimum 0.01
[SRD rewrite] deleted patch=22, position=(-0.500, 0.363, 1.575), reason=Area 0.004266 below minimum 0.01
[SRD rewrite] deleted patch=0, position=(1.226, 0.500, -1.160), reason=delete has no image effect
[SRD rewrite] split patch=18, children=22,23, improvement=0.000667
[SRD rewrite] added patch=24, position=(1.753, 1.018, 0.194), improvement=0.000770
[SRD rewrite] added patch=25, position=(-0.693, -0.197, -0.903), improvement=0.000514
SRD step 150: evaluated 27 candidates, 7 promising, accepted 6
  Accepted AddPatch at patch 24, improvement=0.000770
  Accepted SplitPatch(18) at patch 18, improvement=0.000667
  Accepted AddPatch at patch 25, improvement=0.000514
  Mandatory DeletePatch(22) at patch 22, reason=Area 0.004266 below minimum 0.01
  Mandatory DeletePatch(25) at patch 25, reason=Area 0.005581 below minimum 0.01
  Mandatory DeletePatch(0) at patch 0, reason=delete has no image effect
  Total patches: 26, total adds: 9, total deletes: 3
  step 150/2000: loss=0.289707, patches=26
[SRD rewrite] deleted patch=25, position=(-0.785, -0.139, -0.939), reason=Area 0.000293 below minimum 0.01
[SRD rewrite] deleted patch=21, position=(0.200, -0.050, 1.473), reason=Area 0.008846 below minimum 0.01
[SRD rewrite] deleted patch=6, position=(-1.932, 0.491, -0.457), reason=delete has no image effect
[SRD rewrite] added patch=23, position=(-1.378, -0.162, -1.617), improvement=0.004867
[SRD rewrite] added patch=24, position=(-0.925, -0.194, -1.618), improvement=0.004830
[SRD rewrite] restored patch=25, position=(-0.500, 0.363, 1.575), improvement=0.004635
SRD step 200: evaluated 27 candidates, 26 promising, accepted 6
  Accepted AddPatch at patch 23, improvement=0.004867
  Accepted AddPatch at patch 24, improvement=0.004830
  Accepted RestorePatch(1) at patch 25, improvement=0.004635
  Mandatory DeletePatch(21) at patch 21, reason=Area 0.008846 below minimum 0.01
  Mandatory DeletePatch(25) at patch 25, reason=Area 0.000293 below minimum 0.01
  Mandatory DeletePatch(6) at patch 6, reason=delete has no image effect
  Total patches: 26, total adds: 12, total deletes: 6
  step 200/2000: loss=0.256969, patches=26
[SRD rewrite] deleted patch=25, position=(-0.456, 0.393, 1.567), reason=Area 0.000720 below minimum 0.01
[SRD rewrite] deleted patch=24, position=(-0.840, -0.263, -1.590), reason=Area 0.000308 below minimum 0.01
[SRD rewrite] deleted patch=23, position=(-1.479, -0.126, -1.567), reason=Area 0.000305 below minimum 0.01
[SRD rewrite] deleted patch=20, position=(-2.293, -0.676, 0.181), reason=Area 0.000752 below minimum 0.01
SRD step 250: evaluated 27 candidates, 0 promising, accepted 4
  Mandatory DeletePatch(20) at patch 20, reason=Area 0.000752 below minimum 0.01
  Mandatory DeletePatch(23) at patch 23, reason=Area 0.000305 below minimum 0.01
  Mandatory DeletePatch(24) at patch 24, reason=Area 0.000308 below minimum 0.01
  Mandatory DeletePatch(25) at patch 25, reason=Area 0.000720 below minimum 0.01
  Total patches: 22, total adds: 12, total deletes: 10
  step 250/2000: loss=0.238250, patches=26
[SRD rewrite] deleted patch=4, position=(-0.389, -0.153, -0.060), reason=Area 0.008669 below minimum 0.01
[SRD rewrite] added patch=21, position=(1.671, -0.220, -0.482), improvement=0.001077
[SRD rewrite] added patch=22, position=(1.149, -0.195, -1.303), improvement=0.000528
[SRD rewrite] added patch=23, position=(0.309, 0.395, -0.136), improvement=0.000457
SRD step 300: evaluated 27 candidates, 19 promising, accepted 4
  Accepted AddPatch at patch 21, improvement=0.001077
  Accepted AddPatch at patch 22, improvement=0.000528
  Accepted AddPatch at patch 23, improvement=0.000457
  Mandatory DeletePatch(4) at patch 4, reason=Area 0.008669 below minimum 0.01
  Total patches: 24, total adds: 15, total deletes: 11
  step 300/2000: loss=0.239408, patches=22
[SRD rewrite] deleted patch=23, position=(0.336, 0.393, -0.230), reason=Area 0.001385 below minimum 0.01
[SRD rewrite] deleted patch=21, position=(1.671, -0.220, -0.482), reason=Area 0.009291 below minimum 0.01
[SRD rewrite] deleted patch=19, position=(-2.095, -0.820, 0.224), reason=Area 0.007790 below minimum 0.01
[SRD rewrite] deleted patch=17, position=(0.258, 0.490, 1.411), reason=Area 0.006646 below minimum 0.01
SRD step 350: evaluated 27 candidates, 0 promising, accepted 4
  Mandatory DeletePatch(17) at patch 17, reason=Area 0.006646 below minimum 0.01
  Mandatory DeletePatch(19) at patch 19, reason=Area 0.007790 below minimum 0.01
  Mandatory DeletePatch(21) at patch 21, reason=Area 0.009291 below minimum 0.01
  Mandatory DeletePatch(23) at patch 23, reason=Area 0.001385 below minimum 0.01
  Total patches: 20, total adds: 15, total deletes: 15
  step 350/2000: loss=0.232320, patches=24
[SRD rewrite] added patch=20, position=(1.583, 1.034, 0.500), improvement=0.000520
[SRD rewrite] added patch=21, position=(1.732, 1.007, 0.497), improvement=0.000185
SRD step 400: evaluated 27 candidates, 2 promising, accepted 2
  Accepted AddPatch at patch 20, improvement=0.000520
  Accepted AddPatch at patch 21, improvement=0.000185
  Total patches: 22, total adds: 17, total deletes: 15
  step 400/2000: loss=0.221514, patches=20
SRD step 450: evaluated 27 candidates, 0 promising, accepted 0
  Total patches: 22, total adds: 17, total deletes: 15
  step 450/2000: loss=0.203948, patches=22
[SRD rewrite] restored patch=22, position=(1.671, -0.220, -0.482), improvement=0.001519
[SRD rewrite] added patch=23, position=(-0.759, -0.454, -0.604), improvement=0.001031
[SRD rewrite] restored patch=24, position=(0.200, -0.050, 1.473), improvement=0.000862
SRD step 500: evaluated 27 candidates, 11 promising, accepted 3
  Accepted RestorePatch(12) at patch 22, improvement=0.001519
  Accepted AddPatch at patch 23, improvement=0.001031
  Accepted RestorePatch(4) at patch 24, improvement=0.000862
  Total patches: 25, total adds: 20, total deletes: 15
  step 500/2000: loss=0.203258, patches=22
[SRD rewrite] deleted patch=24, position=(0.188, -0.063, 1.456), reason=Area 0.004161 below minimum 0.01
[SRD rewrite] deleted patch=23, position=(-0.653, -0.348, -0.499), reason=Area 0.000253 below minimum 0.01
SRD step 550: evaluated 27 candidates, 0 promising, accepted 2
  Mandatory DeletePatch(23) at patch 23, reason=Area 0.000253 below minimum 0.01
  Mandatory DeletePatch(24) at patch 24, reason=Area 0.004161 below minimum 0.01
  Total patches: 23, total adds: 20, total deletes: 17
  step 550/2000: loss=0.189696, patches=25
[SRD rewrite] deleted patch=20, position=(1.817, 1.198, 0.068), reason=Area 0.001712 below minimum 0.01
[SRD rewrite] added patch=22, position=(-1.179, -0.454, 0.828), improvement=0.000401
SRD step 600: evaluated 27 candidates, 1 promising, accepted 2
  Accepted AddPatch at patch 22, improvement=0.000401
  Mandatory DeletePatch(20) at patch 20, reason=Area 0.001712 below minimum 0.01
  Total patches: 23, total adds: 21, total deletes: 18
  step 600/2000: loss=0.191343, patches=23
[SRD rewrite] deleted patch=22, position=(-1.159, -0.486, 0.755), reason=Area 0.000410 below minimum 0.01
SRD step 650: evaluated 27 candidates, 0 promising, accepted 1
  Mandatory DeletePatch(22) at patch 22, reason=Area 0.000410 below minimum 0.01
  Total patches: 22, total adds: 21, total deletes: 19
  step 650/2000: loss=0.183699, patches=23
[SRD rewrite] deleted patch=15, position=(-0.350, 0.738, -0.788), reason=Area 0.009656 below minimum 0.01
[SRD rewrite] added patch=21, position=(-1.512, -0.927, 0.942), improvement=0.000485
[SRD rewrite] added patch=22, position=(-0.895, 0.595, 0.800), improvement=0.000051
[SRD rewrite] added patch=23, position=(-0.385, -0.363, -0.791), improvement=0.000004
SRD step 700: evaluated 27 candidates, 3 promising, accepted 4
  Accepted AddPatch at patch 21, improvement=0.000485
  Accepted AddPatch at patch 22, improvement=0.000051
  Accepted AddPatch at patch 23, improvement=0.000004
  Mandatory DeletePatch(15) at patch 15, reason=Area 0.009656 below minimum 0.01
  Total patches: 24, total adds: 24, total deletes: 20
  step 700/2000: loss=0.163962, patches=22
[SRD rewrite] deleted patch=23, position=(-0.442, -0.420, -0.733), reason=Area 0.001163 below minimum 0.01
SRD step 750: evaluated 27 candidates, 0 promising, accepted 1
  Mandatory DeletePatch(23) at patch 23, reason=Area 0.001163 below minimum 0.01
  Total patches: 23, total adds: 24, total deletes: 21
  step 750/2000: loss=0.159577, patches=24
SRD step 800: evaluated 27 candidates, 0 promising, accepted 0
  Total patches: 23, total adds: 24, total deletes: 21
  step 800/2000: loss=0.180805, patches=23
[SRD rewrite] split patch=5, children=22,23, improvement=0.020402
SRD step 850: evaluated 27 candidates, 2 promising, accepted 1
  Accepted SplitPatch(5) at patch 5, improvement=0.020402
  Total patches: 24, total adds: 25, total deletes: 21
  step 850/2000: loss=0.239363, patches=23
[SRD rewrite] deleted patch=21, position=(-0.864, 0.577, 0.754), reason=Area 0.009159 below minimum 0.01
SRD step 900: evaluated 27 candidates, 0 promising, accepted 1
  Mandatory DeletePatch(21) at patch 21, reason=Area 0.009159 below minimum 0.01
  Total patches: 23, total adds: 25, total deletes: 22
  step 900/2000: loss=0.142542, patches=24
SRD step 950: evaluated 27 candidates, 0 promising, accepted 0
  Total patches: 23, total adds: 25, total deletes: 22
  step 950/2000: loss=0.144954, patches=23
SRD step 1000: evaluated 27 candidates, 0 promising, accepted 0
  Total patches: 23, total adds: 25, total deletes: 22
  step 1000/2000: loss=0.131822, patches=23
[SRD rewrite] deleted patch=22, position=(-0.737, -1.365, 0.017), reason=delete has no image effect
SRD step 1050: evaluated 27 candidates, 0 promising, accepted 1
  Mandatory DeletePatch(22) at patch 22, reason=delete has no image effect
  Total patches: 22, total adds: 25, total deletes: 23
  step 1050/2000: loss=0.122624, patches=23
[SRD rewrite] deleted patch=20, position=(-1.307, -0.672, 1.151), reason=Area 0.000542 below minimum 0.01
SRD step 1100: evaluated 27 candidates, 0 promising, accepted 1
  Mandatory DeletePatch(20) at patch 20, reason=Area 0.000542 below minimum 0.01
  Total patches: 21, total adds: 25, total deletes: 24
  step 1100/2000: loss=0.123468, patches=22
SRD step 1150: evaluated 27 candidates, 0 promising, accepted 0
  Total patches: 21, total adds: 25, total deletes: 24
  step 1150/2000: loss=0.121919, patches=21
SRD step 1200: evaluated 27 candidates, 0 promising, accepted 0
  Total patches: 21, total adds: 25, total deletes: 24
  step 1200/2000: loss=0.119937, patches=21
SRD step 1250: evaluated 27 candidates, 0 promising, accepted 0
  Total patches: 21, total adds: 25, total deletes: 24
  step 1250/2000: loss=0.109086, patches=21
SRD step 1300: evaluated 27 candidates, 0 promising, accepted 0
  Total patches: 21, total adds: 25, total deletes: 24
  step 1300/2000: loss=0.104756, patches=21
[SRD rewrite] restored patch=21, position=(-0.442, -0.420, -0.733), improvement=0.000419
[SRD rewrite] restored patch=22, position=(-0.785, -0.139, -0.939), improvement=0.000162
[SRD rewrite] added patch=23, position=(0.153, 0.180, 1.520), improvement=0.000058
SRD step 1350: evaluated 27 candidates, 13 promising, accepted 3
  Accepted RestorePatch(18) at patch 21, improvement=0.000419
  Accepted RestorePatch(3) at patch 22, improvement=0.000162
  Accepted AddPatch at patch 23, improvement=0.000058
  Total patches: 24, total adds: 28, total deletes: 24
  step 1350/2000: loss=0.109351, patches=21
[SRD rewrite] deleted patch=23, position=(0.132, 0.172, 1.486), reason=Area 0.004081 below minimum 0.01
[SRD rewrite] deleted patch=22, position=(-0.700, -0.055, -0.851), reason=Area 0.000293 below minimum 0.01
[SRD rewrite] deleted patch=21, position=(-0.406, -0.384, -0.698), reason=Area 0.001126 below minimum 0.01
SRD step 1400: evaluated 27 candidates, 0 promising, accepted 3
  Mandatory DeletePatch(21) at patch 21, reason=Area 0.001126 below minimum 0.01
  Mandatory DeletePatch(22) at patch 22, reason=Area 0.000293 below minimum 0.01
  Mandatory DeletePatch(23) at patch 23, reason=Area 0.004081 below minimum 0.01
  Total patches: 21, total adds: 28, total deletes: 27
  step 1400/2000: loss=0.103104, patches=24
[SRD rewrite] restored patch=21, position=(0.188, -0.063, 1.456), improvement=0.000022
[SRD rewrite] restored patch=22, position=(-0.700, -0.055, -0.851), improvement=0.000022
SRD step 1450: evaluated 26 candidates, 2 promising, accepted 2
  Accepted RestorePatch(12) at patch 21, improvement=0.000022
  Accepted RestorePatch(22) at patch 22, improvement=0.000022
  Total patches: 23, total adds: 30, total deletes: 27
  step 1450/2000: loss=0.106121, patches=21
[SRD rewrite] deleted patch=22, position=(-0.700, -0.055, -0.851), reason=Area 0.000293 below minimum 0.01
[SRD rewrite] deleted patch=21, position=(0.188, -0.063, 1.456), reason=Area 0.004161 below minimum 0.01
SRD step 1500: evaluated 27 candidates, 0 promising, accepted 2
  Mandatory DeletePatch(21) at patch 21, reason=Area 0.004161 below minimum 0.01
  Mandatory DeletePatch(22) at patch 22, reason=Area 0.000293 below minimum 0.01
  Total patches: 21, total adds: 30, total deletes: 29
  step 1500/2000: loss=0.099921, patches=23
SRD step 1550: evaluated 27 candidates, 0 promising, accepted 0
  Total patches: 21, total adds: 30, total deletes: 29
  step 1550/2000: loss=0.102595, patches=21
SRD step 1600: evaluated 27 candidates, 0 promising, accepted 0
  Total patches: 21, total adds: 30, total deletes: 29
  step 1600/2000: loss=0.102371, patches=21
SRD step 1650: evaluated 27 candidates, 0 promising, accepted 0
  Total patches: 21, total adds: 30, total deletes: 29
  step 1650/2000: loss=0.101870, patches=21
SRD step 1700: evaluated 27 candidates, 0 promising, accepted 0
  Total patches: 21, total adds: 30, total deletes: 29
  step 1700/2000: loss=0.101455, patches=21
SRD step 1750: evaluated 27 candidates, 0 promising, accepted 0
  Total patches: 21, total adds: 30, total deletes: 29
  step 1750/2000: loss=0.099825, patches=21
SRD step 1800: evaluated 27 candidates, 0 promising, accepted 0
  Total patches: 21, total adds: 30, total deletes: 29
  step 1800/2000: loss=0.101331, patches=21
[SRD rewrite] deleted patch=18, position=(1.874, 0.990, -0.560), reason=Area 0.005955 below minimum 0.01
SRD step 1850: evaluated 27 candidates, 0 promising, accepted 1
  Mandatory DeletePatch(18) at patch 18, reason=Area 0.005955 below minimum 0.01
  Total patches: 20, total adds: 30, total deletes: 30
  step 1850/2000: loss=0.104147, patches=21
SRD step 1900: evaluated 27 candidates, 0 promising, accepted 0
  Total patches: 20, total adds: 30, total deletes: 30
  step 1900/2000: loss=0.106200, patches=20
SRD step 1950: evaluated 27 candidates, 0 promising, accepted 0
  Total patches: 20, total adds: 30, total deletes: 30
  step 1950/2000: loss=0.104517, patches=20
SRD step 2000: evaluated 27 candidates, 0 promising, accepted 0
  Total patches: 20, total adds: 30, total deletes: 30
  step 2000/2000: loss=0.104772, patches=20
[SRD rewrite] deleted patch=17, position=(1.007, -0.245, -1.354), reason=final deletion pass improved loss
[Trial 3] done: loss=0.102643, time=8218.7s
[Run] report written to results/slurm/20260717_1249/ablation_horse_circle_full/output.txt
