## SLURM PROLOG ###############################################################
##    Job ID : 4093799
##  Job Name : 20260718_1833_ablation_acm_scf_full
##  Nodelist : gpu2263
##      CPUs : 
##  Mem/Node : 128000 MB
## Directory : /oscar/home/cjmok/automated-perspective-sculptor
##   Job Started : Sat Jul 18 06:33:14 PM EDT 2026
###############################################################################
[Swept volume] building (resolution=256)...
[Run] mode=full, trials=3, seeds=[0, 1, 2], steps=2000, srd=True, ablation_flags={'disable_swept_volume_adds': False, 'loss_only_deletion': False, 'disable_splitting': False}
[Trial 1/3] seed=0
[Patch] mapbox-earcut is not installed; falling back to fan fill, so non-convex pieces will render incorrectly. Install it with: pip install mapbox-earcut
[SRD rewrite] added patch=20, position=(-1.141, 0.123, 1.285), improvement=0.008579
[SRD rewrite] added patch=21, position=(1.768, 0.985, -0.327), improvement=0.007857
SRD step 50: evaluated 27 candidates, 25 promising, accepted 3
  Accepted AddPatch at patch 20, improvement=0.008579
  Accepted AddPatch at patch 21, improvement=0.007857
  Accepted SplitPatch(0) at patch 0, improvement=0.007802
  Total patches: 22, total adds: 2, total deletes: 0
  step 50/2000: loss=0.670797, patches=20
[SRD rewrite] split patch=12, children=21,22, improvement=0.012808
[SRD rewrite] split patch=10, children=22,23, improvement=0.011748
[SRD rewrite] added patch=24, position=(0.025, 1.083, 0.360), improvement=0.011746
SRD step 100: evaluated 27 candidates, 27 promising, accepted 3
  Accepted SplitPatch(12) at patch 12, improvement=0.012808
  Accepted SplitPatch(10) at patch 10, improvement=0.011748
  Accepted AddPatch at patch 24, improvement=0.011746
  Total patches: 25, total adds: 5, total deletes: 0
  step 100/2000: loss=0.578054, patches=22
[SRD rewrite] deleted patch=23, position=(-1.344, -1.187, 1.900), reason=Area 0.002651 below minimum 0.01
[SRD rewrite] deleted patch=22, position=(-1.263, -1.041, 1.795), reason=Area 0.001328 below minimum 0.01
[SRD rewrite] deleted patch=21, position=(2.277, 0.169, -0.913), reason=Area 0.000981 below minimum 0.01
[SRD rewrite] deleted patch=20, position=(2.319, 0.048, -0.823), reason=Area 0.003070 below minimum 0.01
[SRD rewrite] added patch=21, position=(0.115, 0.943, 0.031), improvement=0.013507
[SRD rewrite] added patch=22, position=(-1.615, 0.317, -1.555), improvement=0.012652
[SRD rewrite] restored patch=23, position=(-1.263, -1.041, 1.795), improvement=0.011880
SRD step 150: evaluated 27 candidates, 24 promising, accepted 7
  Accepted AddPatch at patch 21, improvement=0.013507
  Accepted AddPatch at patch 22, improvement=0.012652
  Accepted RestorePatch(3) at patch 23, improvement=0.011880
  Mandatory DeletePatch(20) at patch 20, reason=Area 0.003070 below minimum 0.01
  Mandatory DeletePatch(21) at patch 21, reason=Area 0.000981 below minimum 0.01
  Mandatory DeletePatch(22) at patch 22, reason=Area 0.001328 below minimum 0.01
  Mandatory DeletePatch(23) at patch 23, reason=Area 0.002651 below minimum 0.01
  Total patches: 24, total adds: 8, total deletes: 4
  step 150/2000: loss=0.490899, patches=25
[SRD rewrite] deleted patch=23, position=(-1.222, -1.071, 1.815), reason=Area 0.001179 below minimum 0.01
[SRD rewrite] deleted patch=22, position=(-1.615, 0.317, -1.555), reason=Area 0.009291 below minimum 0.01
[SRD rewrite] deleted patch=11, position=(-1.903, 0.733, 1.009), reason=Area 0.006717 below minimum 0.01
[SRD rewrite] added patch=21, position=(-0.544, 0.559, -0.231), improvement=0.002365
[SRD rewrite] added patch=22, position=(-0.121, -0.927, 1.003), improvement=0.001819
[SRD rewrite] added patch=23, position=(-1.407, 0.603, -0.194), improvement=0.001512
SRD step 200: evaluated 27 candidates, 9 promising, accepted 6
  Accepted AddPatch at patch 21, improvement=0.002365
  Accepted AddPatch at patch 22, improvement=0.001819
  Accepted AddPatch at patch 23, improvement=0.001512
  Mandatory DeletePatch(11) at patch 11, reason=Area 0.006717 below minimum 0.01
  Mandatory DeletePatch(22) at patch 22, reason=Area 0.009291 below minimum 0.01
  Mandatory DeletePatch(23) at patch 23, reason=Area 0.001179 below minimum 0.01
  Total patches: 24, total adds: 11, total deletes: 7
  step 200/2000: loss=0.432098, patches=24
[SRD rewrite] added patch=24, position=(-0.302, -1.016, 0.997), improvement=0.004972
[SRD rewrite] added patch=25, position=(0.719, 1.066, -0.460), improvement=0.004763
[SRD rewrite] added patch=26, position=(1.462, -0.543, -0.400), improvement=0.004711
SRD step 250: evaluated 27 candidates, 22 promising, accepted 3
  Accepted AddPatch at patch 24, improvement=0.004972
  Accepted AddPatch at patch 25, improvement=0.004763
  Accepted AddPatch at patch 26, improvement=0.004711
  Total patches: 27, total adds: 14, total deletes: 7
  step 250/2000: loss=0.394986, patches=24
[SRD rewrite] added patch=27, position=(1.465, -0.371, -0.300), improvement=0.004683
[SRD rewrite] added patch=28, position=(-1.580, 0.288, -1.515), improvement=0.004596
[SRD rewrite] added patch=29, position=(-0.532, 0.845, -0.435), improvement=0.004545
SRD step 300: evaluated 27 candidates, 18 promising, accepted 3
  Accepted AddPatch at patch 27, improvement=0.004683
  Accepted AddPatch at patch 28, improvement=0.004596
  Accepted AddPatch at patch 29, improvement=0.004545
  Total patches: 30, total adds: 17, total deletes: 7
  step 300/2000: loss=0.339511, patches=27
[SRD rewrite] deleted patch=27, position=(1.418, -0.394, -0.156), reason=Area 0.003494 below minimum 0.01
[SRD rewrite] deleted patch=26, position=(1.446, -0.638, -0.216), reason=Area 0.009800 below minimum 0.01
[SRD rewrite] deleted patch=22, position=(-0.167, -0.946, 0.689), reason=Area 0.006418 below minimum 0.01
[SRD rewrite] added patch=27, position=(-1.442, 0.577, 0.340), improvement=0.000178
[SRD rewrite] added patch=28, position=(1.252, -0.501, -0.508), improvement=0.000051
SRD step 350: evaluated 27 candidates, 2 promising, accepted 5
  Accepted AddPatch at patch 27, improvement=0.000178
  Accepted AddPatch at patch 28, improvement=0.000051
  Mandatory DeletePatch(22) at patch 22, reason=Area 0.006418 below minimum 0.01
  Mandatory DeletePatch(26) at patch 26, reason=Area 0.009800 below minimum 0.01
  Mandatory DeletePatch(27) at patch 27, reason=Area 0.003494 below minimum 0.01
  Total patches: 29, total adds: 19, total deletes: 10
  step 350/2000: loss=0.308467, patches=30
[SRD rewrite] deleted patch=27, position=(-1.442, 0.577, 0.340), reason=Area 0.009291 below minimum 0.01
[SRD rewrite] deleted patch=26, position=(-0.599, 0.886, -0.401), reason=Area 0.009577 below minimum 0.01
SRD step 400: evaluated 27 candidates, 0 promising, accepted 2
  Mandatory DeletePatch(26) at patch 26, reason=Area 0.009577 below minimum 0.01
  Mandatory DeletePatch(27) at patch 27, reason=Area 0.009291 below minimum 0.01
  Total patches: 27, total adds: 19, total deletes: 12
  step 400/2000: loss=0.286491, patches=29
[SRD rewrite] added patch=27, position=(1.380, -0.915, 0.462), improvement=0.000716
SRD step 450: evaluated 27 candidates, 1 promising, accepted 1
  Accepted AddPatch at patch 27, improvement=0.000716
  Total patches: 28, total adds: 20, total deletes: 12
  step 450/2000: loss=0.274028, patches=27
SRD step 500: evaluated 27 candidates, 0 promising, accepted 0
  Total patches: 28, total adds: 20, total deletes: 12
  step 500/2000: loss=0.259705, patches=28
SRD step 550: evaluated 27 candidates, 0 promising, accepted 0
  Total patches: 28, total adds: 20, total deletes: 12
  step 550/2000: loss=0.251239, patches=28
SRD step 600: evaluated 27 candidates, 0 promising, accepted 0
  Total patches: 28, total adds: 20, total deletes: 12
  step 600/2000: loss=0.252535, patches=28
[SRD rewrite] deleted patch=4, position=(-1.885, -1.343, -0.736), reason=Area 0.008044 below minimum 0.01
[SRD rewrite] added patch=27, position=(1.593, 0.440, 0.184), improvement=0.002082
[SRD rewrite] added patch=28, position=(0.096, -1.021, 0.892), improvement=0.001870
[SRD rewrite] added patch=29, position=(-0.540, -0.599, -0.749), improvement=0.001816
SRD step 650: evaluated 27 candidates, 20 promising, accepted 4
  Accepted AddPatch at patch 27, improvement=0.002082
  Accepted AddPatch at patch 28, improvement=0.001870
  Accepted AddPatch at patch 29, improvement=0.001816
  Mandatory DeletePatch(4) at patch 4, reason=Area 0.008044 below minimum 0.01
  Total patches: 30, total adds: 23, total deletes: 13
  step 650/2000: loss=0.252503, patches=28
[SRD rewrite] deleted patch=29, position=(-0.423, -0.632, -0.706), reason=Area 0.002592 below minimum 0.01
[SRD rewrite] deleted patch=28, position=(0.066, -1.012, 0.846), reason=Area 0.008237 below minimum 0.01
SRD step 700: evaluated 27 candidates, 0 promising, accepted 2
  Mandatory DeletePatch(28) at patch 28, reason=Area 0.008237 below minimum 0.01
  Mandatory DeletePatch(29) at patch 29, reason=Area 0.002592 below minimum 0.01
  Total patches: 28, total adds: 23, total deletes: 15
  step 700/2000: loss=0.228852, patches=30
SRD step 750: evaluated 27 candidates, 0 promising, accepted 0
  Total patches: 28, total adds: 23, total deletes: 15
  step 750/2000: loss=0.220919, patches=28
SRD step 800: evaluated 27 candidates, 0 promising, accepted 0
  Total patches: 28, total adds: 23, total deletes: 15
  step 800/2000: loss=0.220974, patches=28
SRD step 850: evaluated 27 candidates, 0 promising, accepted 0
  Total patches: 28, total adds: 23, total deletes: 15
  step 850/2000: loss=0.222847, patches=28
SRD step 900: evaluated 27 candidates, 0 promising, accepted 0
  Total patches: 28, total adds: 23, total deletes: 15
  step 900/2000: loss=0.212529, patches=28
SRD step 950: evaluated 27 candidates, 0 promising, accepted 0
  Total patches: 28, total adds: 23, total deletes: 15
  step 950/2000: loss=0.217978, patches=28
SRD step 1000: evaluated 27 candidates, 0 promising, accepted 0
  Total patches: 28, total adds: 23, total deletes: 15
  step 1000/2000: loss=0.224198, patches=28
SRD step 1050: evaluated 27 candidates, 0 promising, accepted 0
  Total patches: 28, total adds: 23, total deletes: 15
  step 1050/2000: loss=0.220375, patches=28
SRD step 1100: evaluated 27 candidates, 0 promising, accepted 0
  Total patches: 28, total adds: 23, total deletes: 15
  step 1100/2000: loss=0.219350, patches=28
SRD step 1150: evaluated 27 candidates, 0 promising, accepted 0
  Total patches: 28, total adds: 23, total deletes: 15
  step 1150/2000: loss=0.209628, patches=28
SRD step 1200: evaluated 27 candidates, 0 promising, accepted 0
  Total patches: 28, total adds: 23, total deletes: 15
  step 1200/2000: loss=0.205992, patches=28
SRD step 1250: evaluated 27 candidates, 0 promising, accepted 0
  Total patches: 28, total adds: 23, total deletes: 15
  step 1250/2000: loss=0.212142, patches=28
SRD step 1300: evaluated 27 candidates, 0 promising, accepted 0
  Total patches: 28, total adds: 23, total deletes: 15
  step 1300/2000: loss=0.215680, patches=28
SRD step 1350: evaluated 27 candidates, 0 promising, accepted 0
  Total patches: 28, total adds: 23, total deletes: 15
  step 1350/2000: loss=0.218814, patches=28
SRD step 1400: evaluated 27 candidates, 0 promising, accepted 0
  Total patches: 28, total adds: 23, total deletes: 15
  step 1400/2000: loss=0.213031, patches=28
SRD step 1450: evaluated 27 candidates, 0 promising, accepted 0
  Total patches: 28, total adds: 23, total deletes: 15
  step 1450/2000: loss=0.212549, patches=28
SRD step 1500: evaluated 27 candidates, 0 promising, accepted 0
  Total patches: 28, total adds: 23, total deletes: 15
  step 1500/2000: loss=0.214537, patches=28
SRD step 1550: evaluated 27 candidates, 0 promising, accepted 0
  Total patches: 28, total adds: 23, total deletes: 15
  step 1550/2000: loss=0.219612, patches=28
SRD step 1600: evaluated 27 candidates, 0 promising, accepted 0
  Total patches: 28, total adds: 23, total deletes: 15
  step 1600/2000: loss=0.221247, patches=28
SRD step 1650: evaluated 27 candidates, 0 promising, accepted 0
  Total patches: 28, total adds: 23, total deletes: 15
  step 1650/2000: loss=0.217831, patches=28
SRD step 1700: evaluated 27 candidates, 0 promising, accepted 0
  Total patches: 28, total adds: 23, total deletes: 15
  step 1700/2000: loss=0.218165, patches=28
[SRD rewrite] deleted patch=2, position=(-0.064, -0.896, 1.141), reason=Area 0.008654 below minimum 0.01
SRD step 1750: evaluated 27 candidates, 0 promising, accepted 1
  Mandatory DeletePatch(2) at patch 2, reason=Area 0.008654 below minimum 0.01
  Total patches: 27, total adds: 23, total deletes: 16
  step 1750/2000: loss=0.220689, patches=28
SRD step 1800: evaluated 27 candidates, 0 promising, accepted 0
  Total patches: 27, total adds: 23, total deletes: 16
  step 1800/2000: loss=0.214433, patches=27
SRD step 1850: evaluated 27 candidates, 0 promising, accepted 0
  Total patches: 27, total adds: 23, total deletes: 16
  step 1850/2000: loss=0.221858, patches=27
[SRD rewrite] deleted patch=23, position=(-1.716, 0.250, -1.379), reason=delete has no image effect
SRD step 1900: evaluated 27 candidates, 0 promising, accepted 1
  Mandatory DeletePatch(23) at patch 23, reason=delete has no image effect
  Total patches: 26, total adds: 23, total deletes: 17
  step 1900/2000: loss=0.221872, patches=27
SRD step 1950: evaluated 27 candidates, 0 promising, accepted 0
  Total patches: 26, total adds: 23, total deletes: 17
  step 1950/2000: loss=0.214855, patches=26
SRD step 2000: evaluated 27 candidates, 0 promising, accepted 0
  Total patches: 26, total adds: 23, total deletes: 17
  step 2000/2000: loss=0.214613, patches=26
[SRD rewrite] deleted patch=2, position=(-1.730, -2.645, -1.012), reason=final deletion pass improved loss
[Trial 1] done: loss=0.215580, time=11077.5s
[Trial 2/3] seed=1
[SRD rewrite] added patch=20, position=(1.456, -0.526, -0.422), improvement=0.009981
[SRD rewrite] added patch=21, position=(0.786, 1.015, -0.595), improvement=0.009665
[SRD rewrite] added patch=22, position=(-0.518, 1.269, -0.493), improvement=0.009539
SRD step 50: evaluated 27 candidates, 22 promising, accepted 3
  Accepted AddPatch at patch 20, improvement=0.009981
  Accepted AddPatch at patch 21, improvement=0.009665
  Accepted AddPatch at patch 22, improvement=0.009539
  Total patches: 23, total adds: 3, total deletes: 0
  step 50/2000: loss=0.697074, patches=20
[SRD rewrite] added patch=23, position=(0.858, 0.534, 0.421), improvement=0.009066
[SRD rewrite] added patch=24, position=(0.672, 0.516, 0.293), improvement=0.008699
[SRD rewrite] added patch=25, position=(1.872, 0.730, -0.826), improvement=0.007787
SRD step 100: evaluated 27 candidates, 27 promising, accepted 3
  Accepted AddPatch at patch 23, improvement=0.009066
  Accepted AddPatch at patch 24, improvement=0.008699
  Accepted AddPatch at patch 25, improvement=0.007787
  Total patches: 26, total adds: 6, total deletes: 0
  step 100/2000: loss=0.590837, patches=23
[SRD rewrite] added patch=26, position=(0.035, 0.650, 0.689), improvement=0.007722
[SRD rewrite] added patch=27, position=(1.357, -0.299, -0.929), improvement=0.006841
[SRD rewrite] added patch=28, position=(-0.178, 1.091, 0.441), improvement=0.006595
SRD step 150: evaluated 27 candidates, 26 promising, accepted 3
  Accepted AddPatch at patch 26, improvement=0.007722
  Accepted AddPatch at patch 27, improvement=0.006841
  Accepted AddPatch at patch 28, improvement=0.006595
  Total patches: 29, total adds: 9, total deletes: 0
  step 150/2000: loss=0.527214, patches=26
[SRD rewrite] deleted patch=28, position=(-0.092, 1.083, 0.489), reason=Area 0.009749 below minimum 0.01
[SRD rewrite] deleted patch=23, position=(0.847, 0.545, 0.510), reason=Area 0.007812 below minimum 0.01
[SRD rewrite] added patch=27, position=(0.557, 0.147, 1.170), improvement=0.004857
[SRD rewrite] added patch=28, position=(0.047, -1.183, -0.417), improvement=0.004412
[SRD rewrite] restored patch=29, position=(0.847, 0.545, 0.510), improvement=0.003820
SRD step 200: evaluated 27 candidates, 21 promising, accepted 5
  Accepted AddPatch at patch 27, improvement=0.004857
  Accepted AddPatch at patch 28, improvement=0.004412
  Accepted RestorePatch(1) at patch 29, improvement=0.003820
  Mandatory DeletePatch(23) at patch 23, reason=Area 0.007812 below minimum 0.01
  Mandatory DeletePatch(28) at patch 28, reason=Area 0.009749 below minimum 0.01
  Total patches: 30, total adds: 12, total deletes: 2
  step 200/2000: loss=0.455658, patches=29
[SRD rewrite] deleted patch=29, position=(0.858, 0.526, 0.537), reason=Area 0.001796 below minimum 0.01
[SRD rewrite] deleted patch=2, position=(1.113, -0.200, 2.004), reason=Area 0.008728 below minimum 0.01
[SRD rewrite] added patch=28, position=(0.959, 0.134, 1.129), improvement=0.003274
[SRD rewrite] restored patch=29, position=(-0.092, 1.083, 0.489), improvement=0.002733
SRD step 250: evaluated 27 candidates, 18 promising, accepted 5
  Accepted AddPatch at patch 28, improvement=0.003274
  Accepted RestorePatch(0) at patch 29, improvement=0.002733
  Accepted SplitPatch(21) at patch 21, improvement=0.002114
  Mandatory DeletePatch(2) at patch 2, reason=Area 0.008728 below minimum 0.01
  Mandatory DeletePatch(29) at patch 29, reason=Area 0.001796 below minimum 0.01
  Total patches: 30, total adds: 14, total deletes: 4
  step 250/2000: loss=0.396393, patches=30
[SRD rewrite] added patch=30, position=(-0.609, -0.051, -0.811), improvement=0.002606
[SRD rewrite] added patch=31, position=(0.830, 0.877, 0.230), improvement=0.002553
[SRD rewrite] added patch=32, position=(0.811, 0.504, 0.320), improvement=0.002378
SRD step 300: evaluated 27 candidates, 19 promising, accepted 3
  Accepted AddPatch at patch 30, improvement=0.002606
  Accepted AddPatch at patch 31, improvement=0.002553
  Accepted AddPatch at patch 32, improvement=0.002378
  Total patches: 33, total adds: 17, total deletes: 4
  step 300/2000: loss=0.366509, patches=30
[SRD rewrite] deleted patch=31, position=(0.811, 0.920, 0.395), reason=Area 0.006911 below minimum 0.01
[SRD rewrite] deleted patch=29, position=(-0.021, 1.087, 0.475), reason=Area 0.008495 below minimum 0.01
SRD step 350: evaluated 27 candidates, 0 promising, accepted 2
  Mandatory DeletePatch(29) at patch 29, reason=Area 0.008495 below minimum 0.01
  Mandatory DeletePatch(31) at patch 31, reason=Area 0.006911 below minimum 0.01
  Total patches: 31, total adds: 17, total deletes: 6
  step 350/2000: loss=0.332592, patches=33
SRD step 400: evaluated 27 candidates, 0 promising, accepted 0
  Total patches: 31, total adds: 17, total deletes: 6
  step 400/2000: loss=0.321059, patches=31
SRD step 450: evaluated 27 candidates, 0 promising, accepted 0
  Total patches: 31, total adds: 17, total deletes: 6
  step 450/2000: loss=0.310994, patches=31
SRD step 500: evaluated 27 candidates, 0 promising, accepted 0
  Total patches: 31, total adds: 17, total deletes: 6
  step 500/2000: loss=0.307796, patches=31
[SRD rewrite] deleted patch=12, position=(0.439, 0.006, 2.192), reason=Area 0.005244 below minimum 0.01
[SRD rewrite] added patch=30, position=(-0.527, -0.030, -0.771), improvement=0.000439
[SRD rewrite] added patch=31, position=(-0.428, -0.082, 0.715), improvement=0.000101
SRD step 550: evaluated 27 candidates, 2 promising, accepted 3
  Accepted AddPatch at patch 30, improvement=0.000439
  Accepted AddPatch at patch 31, improvement=0.000101
  Mandatory DeletePatch(12) at patch 12, reason=Area 0.005244 below minimum 0.01
  Total patches: 32, total adds: 19, total deletes: 7
  step 550/2000: loss=0.302313, patches=31
[SRD rewrite] restored patch=32, position=(0.811, 0.920, 0.395), improvement=0.000593
SRD step 600: evaluated 27 candidates, 1 promising, accepted 1
  Accepted RestorePatch(2) at patch 32, improvement=0.000593
  Total patches: 33, total adds: 20, total deletes: 7
  step 600/2000: loss=0.286880, patches=32
[SRD rewrite] deleted patch=32, position=(0.790, 0.961, 0.429), reason=Area 0.005989 below minimum 0.01
SRD step 650: evaluated 27 candidates, 0 promising, accepted 1
  Mandatory DeletePatch(32) at patch 32, reason=Area 0.005989 below minimum 0.01
  Total patches: 32, total adds: 20, total deletes: 8
  step 650/2000: loss=0.284085, patches=33
[SRD rewrite] deleted patch=9, position=(-0.976, -0.095, 2.298), reason=Area 0.005141 below minimum 0.01
[SRD rewrite] restored patch=31, position=(0.790, 0.961, 0.429), improvement=0.002132
[SRD rewrite] added patch=32, position=(0.107, 0.833, -0.346), improvement=0.001520
[SRD rewrite] restored patch=33, position=(-0.021, 1.087, 0.475), improvement=0.001119
SRD step 700: evaluated 27 candidates, 14 promising, accepted 4
  Accepted RestorePatch(4) at patch 31, improvement=0.002132
  Accepted AddPatch at patch 32, improvement=0.001520
  Accepted RestorePatch(2) at patch 33, improvement=0.001119
  Mandatory DeletePatch(9) at patch 9, reason=Area 0.005141 below minimum 0.01
  Total patches: 34, total adds: 23, total deletes: 9
  step 700/2000: loss=0.277909, patches=32
[SRD rewrite] deleted patch=33, position=(-0.021, 1.087, 0.475), reason=Area 0.008495 below minimum 0.01
[SRD rewrite] deleted patch=31, position=(0.804, 0.954, 0.455), reason=Area 0.002023 below minimum 0.01
[SRD rewrite] added patch=32, position=(-1.344, -0.462, -1.130), improvement=0.001507
[SRD rewrite] added patch=33, position=(-0.377, 1.115, 0.467), improvement=0.001244
[SRD rewrite] added patch=34, position=(1.165, -0.163, 0.441), improvement=0.001170
SRD step 750: evaluated 27 candidates, 19 promising, accepted 5
  Accepted AddPatch at patch 32, improvement=0.001507
  Accepted AddPatch at patch 33, improvement=0.001244
  Accepted AddPatch at patch 34, improvement=0.001170
  Mandatory DeletePatch(31) at patch 31, reason=Area 0.002023 below minimum 0.01
  Mandatory DeletePatch(33) at patch 33, reason=Area 0.008495 below minimum 0.01
  Total patches: 35, total adds: 26, total deletes: 11
  step 750/2000: loss=0.258198, patches=34
SRD step 800: evaluated 27 candidates, 0 promising, accepted 0
  Total patches: 35, total adds: 26, total deletes: 11
  step 800/2000: loss=0.240409, patches=35
SRD step 850: evaluated 27 candidates, 0 promising, accepted 0
  Total patches: 35, total adds: 26, total deletes: 11
  step 850/2000: loss=0.231958, patches=35
SRD step 900: evaluated 27 candidates, 0 promising, accepted 0
  Total patches: 35, total adds: 26, total deletes: 11
  step 900/2000: loss=0.245823, patches=35
[SRD rewrite] deleted patch=29, position=(-0.608, -0.064, -0.711), reason=Area 0.003620 below minimum 0.01
SRD step 950: evaluated 27 candidates, 0 promising, accepted 1
  Mandatory DeletePatch(29) at patch 29, reason=Area 0.003620 below minimum 0.01
  Total patches: 34, total adds: 26, total deletes: 12
  step 950/2000: loss=0.263978, patches=35
SRD step 1000: evaluated 27 candidates, 0 promising, accepted 0
  Total patches: 34, total adds: 26, total deletes: 12
  step 1000/2000: loss=0.264567, patches=34
SRD step 1050: evaluated 27 candidates, 0 promising, accepted 0
  Total patches: 34, total adds: 26, total deletes: 12
  step 1050/2000: loss=0.259174, patches=34
SRD step 1100: evaluated 27 candidates, 0 promising, accepted 0
  Total patches: 34, total adds: 26, total deletes: 12
  step 1100/2000: loss=0.271890, patches=34
SRD step 1150: evaluated 27 candidates, 0 promising, accepted 0
  Total patches: 34, total adds: 26, total deletes: 12
  step 1150/2000: loss=0.281908, patches=34
[SRD rewrite] deleted patch=33, position=(1.123, -0.338, 0.102), reason=Area 0.000227 below minimum 0.01
SRD step 1200: evaluated 27 candidates, 0 promising, accepted 1
  Mandatory DeletePatch(33) at patch 33, reason=Area 0.000227 below minimum 0.01
  Total patches: 33, total adds: 26, total deletes: 13
  step 1200/2000: loss=0.290097, patches=34
SRD step 1250: evaluated 27 candidates, 0 promising, accepted 0
  Total patches: 33, total adds: 26, total deletes: 13
  step 1250/2000: loss=0.277743, patches=33
SRD step 1300: evaluated 27 candidates, 0 promising, accepted 0
  Total patches: 33, total adds: 26, total deletes: 13
  step 1300/2000: loss=0.266714, patches=33
[SRD rewrite] deleted patch=0, position=(1.068, -3.050, -1.349), reason=no image contribution, delete has no image effect
SRD step 1350: evaluated 27 candidates, 0 promising, accepted 1
  Mandatory DeletePatch(0) at patch 0, reason=no image contribution, delete has no image effect
  Total patches: 32, total adds: 26, total deletes: 14
  step 1350/2000: loss=0.261234, patches=33
SRD step 1400: evaluated 27 candidates, 0 promising, accepted 0
  Total patches: 32, total adds: 26, total deletes: 14
  step 1400/2000: loss=0.264886, patches=32
SRD step 1450: evaluated 27 candidates, 0 promising, accepted 0
  Total patches: 32, total adds: 26, total deletes: 14
  step 1450/2000: loss=0.266300, patches=32
SRD step 1500: evaluated 27 candidates, 0 promising, accepted 0
  Total patches: 32, total adds: 26, total deletes: 14
  step 1500/2000: loss=0.265823, patches=32
SRD step 1550: evaluated 27 candidates, 0 promising, accepted 0
  Total patches: 32, total adds: 26, total deletes: 14
  step 1550/2000: loss=0.263303, patches=32
SRD step 1600: evaluated 27 candidates, 0 promising, accepted 0
  Total patches: 32, total adds: 26, total deletes: 14
  step 1600/2000: loss=0.256685, patches=32
[SRD rewrite] deleted patch=6, position=(0.367, 1.035, 2.107), reason=Area 0.006100 below minimum 0.01
SRD step 1650: evaluated 27 candidates, 0 promising, accepted 1
  Mandatory DeletePatch(6) at patch 6, reason=Area 0.006100 below minimum 0.01
  Total patches: 31, total adds: 26, total deletes: 15
  step 1650/2000: loss=0.251915, patches=32
[SRD rewrite] deleted patch=12, position=(-2.087, -0.879, 1.547), reason=Area 0.009770 below minimum 0.01
SRD step 1700: evaluated 27 candidates, 0 promising, accepted 1
  Mandatory DeletePatch(12) at patch 12, reason=Area 0.009770 below minimum 0.01
  Total patches: 30, total adds: 26, total deletes: 16
  step 1700/2000: loss=0.241975, patches=31
[SRD rewrite] deleted patch=10, position=(-0.641, -0.559, -0.811), reason=delete has no image effect
SRD step 1750: evaluated 27 candidates, 0 promising, accepted 1
  Mandatory DeletePatch(10) at patch 10, reason=delete has no image effect
  Total patches: 29, total adds: 26, total deletes: 17
  step 1750/2000: loss=0.226979, patches=30
SRD step 1800: evaluated 27 candidates, 0 promising, accepted 0
  Total patches: 29, total adds: 26, total deletes: 17
  step 1800/2000: loss=0.222430, patches=29
[SRD rewrite] deleted patch=27, position=(-2.038, -3.273, -2.042), reason=no image contribution, delete has no image effect
[SRD rewrite] added patch=28, position=(1.259, -0.474, -0.671), improvement=0.001137
[SRD rewrite] added patch=29, position=(1.563, -0.070, -0.501), improvement=0.000418
SRD step 1850: evaluated 27 candidates, 2 promising, accepted 3
  Accepted AddPatch at patch 28, improvement=0.001137
  Accepted AddPatch at patch 29, improvement=0.000418
  Mandatory DeletePatch(27) at patch 27, reason=no image contribution, delete has no image effect
  Total patches: 30, total adds: 28, total deletes: 18
  step 1850/2000: loss=0.218694, patches=29
[SRD rewrite] deleted patch=28, position=(1.266, -0.470, -0.678), reason=Area 0.008467 below minimum 0.01
SRD step 1900: evaluated 27 candidates, 0 promising, accepted 1
  Mandatory DeletePatch(28) at patch 28, reason=Area 0.008467 below minimum 0.01
  Total patches: 29, total adds: 28, total deletes: 19
  step 1900/2000: loss=0.208817, patches=30
SRD step 1950: evaluated 27 candidates, 0 promising, accepted 0
  Total patches: 29, total adds: 28, total deletes: 19
  step 1950/2000: loss=0.207915, patches=29
SRD step 2000: evaluated 27 candidates, 0 promising, accepted 0
  Total patches: 29, total adds: 28, total deletes: 19
  step 2000/2000: loss=0.205002, patches=29
[Trial 2] done: loss=0.207862, time=12717.9s
[Trial 3/3] seed=2
[SRD rewrite] split patch=15, children=19,20, improvement=0.017131
[SRD rewrite] split patch=14, children=20,21, improvement=0.016725
[SRD rewrite] split patch=1, children=21,22, improvement=0.017557
SRD step 50: evaluated 27 candidates, 27 promising, accepted 3
  Accepted SplitPatch(1) at patch 1, improvement=0.017557
  Accepted SplitPatch(15) at patch 15, improvement=0.017131
  Accepted SplitPatch(14) at patch 14, improvement=0.016725
  Total patches: 23, total adds: 3, total deletes: 0
  step 50/2000: loss=0.676059, patches=20
[SRD rewrite] deleted patch=22, position=(-1.293, -0.584, 1.611), reason=Area 0.002707 below minimum 0.01
[SRD rewrite] deleted patch=21, position=(-1.296, -0.524, 1.646), reason=Area 0.008353 below minimum 0.01
[SRD rewrite] deleted patch=20, position=(-0.670, 0.568, -0.425), reason=Area 0.007023 below minimum 0.01
[SRD rewrite] deleted patch=19, position=(-0.564, 0.700, -0.372), reason=Area 0.003407 below minimum 0.01
[SRD rewrite] deleted patch=18, position=(-2.196, 1.092, 0.210), reason=Area 0.002238 below minimum 0.01
[SRD rewrite] deleted patch=17, position=(-2.147, 1.222, 0.194), reason=Area 0.003678 below minimum 0.01
[SRD rewrite] restored patch=17, position=(-1.296, -0.524, 1.646), improvement=0.005301
[SRD rewrite] added patch=18, position=(-0.592, -0.543, -0.454), improvement=0.004804
[SRD rewrite] added patch=19, position=(-0.625, -0.003, -0.876), improvement=0.004653
SRD step 100: evaluated 27 candidates, 25 promising, accepted 9
  Accepted RestorePatch(4) at patch 17, improvement=0.005301
  Accepted AddPatch at patch 18, improvement=0.004804
  Accepted AddPatch at patch 19, improvement=0.004653
  Mandatory DeletePatch(17) at patch 17, reason=Area 0.003678 below minimum 0.01
  Mandatory DeletePatch(18) at patch 18, reason=Area 0.002238 below minimum 0.01
  Mandatory DeletePatch(19) at patch 19, reason=Area 0.003407 below minimum 0.01
  Mandatory DeletePatch(20) at patch 20, reason=Area 0.007023 below minimum 0.01
  Mandatory DeletePatch(21) at patch 21, reason=Area 0.008353 below minimum 0.01
  Mandatory DeletePatch(22) at patch 22, reason=Area 0.002707 below minimum 0.01
  Total patches: 20, total adds: 6, total deletes: 6
  step 100/2000: loss=0.599356, patches=23
[SRD rewrite] deleted patch=18, position=(-0.592, -0.543, -0.454), reason=Area 0.009291 below minimum 0.01
[SRD rewrite] added patch=19, position=(-0.578, -0.480, -0.527), improvement=0.006770
[SRD rewrite] added patch=20, position=(0.973, 0.918, -0.702), improvement=0.006603
[SRD rewrite] added patch=21, position=(-0.188, -0.997, 1.053), improvement=0.006041
SRD step 150: evaluated 27 candidates, 22 promising, accepted 4
  Accepted AddPatch at patch 19, improvement=0.006770
  Accepted AddPatch at patch 20, improvement=0.006603
  Accepted AddPatch at patch 21, improvement=0.006041
  Mandatory DeletePatch(18) at patch 18, reason=Area 0.009291 below minimum 0.01
  Total patches: 22, total adds: 9, total deletes: 7
  step 150/2000: loss=0.554827, patches=20
[SRD rewrite] added patch=22, position=(0.768, 0.579, 0.558), improvement=0.005642
[SRD rewrite] added patch=23, position=(-0.632, -0.655, -0.544), improvement=0.005529
[SRD rewrite] added patch=24, position=(-0.443, 0.026, 0.924), improvement=0.005506
SRD step 200: evaluated 27 candidates, 23 promising, accepted 3
  Accepted AddPatch at patch 22, improvement=0.005642
  Accepted AddPatch at patch 23, improvement=0.005529
  Accepted AddPatch at patch 24, improvement=0.005506
  Total patches: 25, total adds: 12, total deletes: 7
  step 200/2000: loss=0.492584, patches=22
[SRD rewrite] deleted patch=22, position=(0.843, 0.549, 0.530), reason=Area 0.006758 below minimum 0.01
[SRD rewrite] deleted patch=6, position=(-1.892, 0.378, -1.634), reason=Area 0.007972 below minimum 0.01
[SRD rewrite] split patch=1, children=22,23, improvement=0.008914
[SRD rewrite] added patch=24, position=(0.018, 0.690, 0.730), improvement=0.000742
[SRD rewrite] added patch=25, position=(0.081, 1.009, -0.815), improvement=0.000713
SRD step 250: evaluated 27 candidates, 5 promising, accepted 5
  Accepted SplitPatch(1) at patch 1, improvement=0.008914
  Accepted AddPatch at patch 24, improvement=0.000742
  Accepted AddPatch at patch 25, improvement=0.000713
  Mandatory DeletePatch(6) at patch 6, reason=Area 0.007972 below minimum 0.01
  Mandatory DeletePatch(22) at patch 22, reason=Area 0.006758 below minimum 0.01
  Total patches: 26, total adds: 15, total deletes: 9
  step 250/2000: loss=0.448565, patches=25
[SRD rewrite] deleted patch=23, position=(-1.533, -0.934, 2.449), reason=Area 0.002371 below minimum 0.01
[SRD rewrite] deleted patch=22, position=(-1.541, -1.063, 2.464), reason=Area 0.000990 below minimum 0.01
[SRD rewrite] added patch=24, position=(-0.579, 1.017, -0.989), improvement=0.006744
[SRD rewrite] restored patch=25, position=(-0.670, 0.568, -0.425), improvement=0.006299
[SRD rewrite] restored patch=26, position=(-0.592, -0.543, -0.454), improvement=0.006008
SRD step 300: evaluated 27 candidates, 22 promising, accepted 5
  Accepted AddPatch at patch 24, improvement=0.006744
  Accepted RestorePatch(4) at patch 25, improvement=0.006299
  Accepted RestorePatch(8) at patch 26, improvement=0.006008
  Mandatory DeletePatch(22) at patch 22, reason=Area 0.000990 below minimum 0.01
  Mandatory DeletePatch(23) at patch 23, reason=Area 0.002371 below minimum 0.01
  Total patches: 27, total adds: 18, total deletes: 11
  step 300/2000: loss=0.397401, patches=26
[SRD rewrite] deleted patch=26, position=(-0.652, -0.587, -0.620), reason=Area 0.001485 below minimum 0.01
[SRD rewrite] deleted patch=25, position=(-0.646, 0.568, -0.440), reason=Area 0.005185 below minimum 0.01
[SRD rewrite] added patch=25, position=(0.740, 0.954, 0.260), improvement=0.001037
[SRD rewrite] added patch=26, position=(-0.024, -0.920, 1.200), improvement=0.000528
[SRD rewrite] added patch=27, position=(0.811, 0.837, -0.993), improvement=0.000479
SRD step 350: evaluated 27 candidates, 5 promising, accepted 5
  Accepted AddPatch at patch 25, improvement=0.001037
  Accepted AddPatch at patch 26, improvement=0.000528
  Accepted AddPatch at patch 27, improvement=0.000479
  Mandatory DeletePatch(25) at patch 25, reason=Area 0.005185 below minimum 0.01
  Mandatory DeletePatch(26) at patch 26, reason=Area 0.001485 below minimum 0.01
  Total patches: 28, total adds: 21, total deletes: 13
  step 350/2000: loss=0.376829, patches=27
[SRD rewrite] deleted patch=26, position=(-0.092, -0.918, 1.129), reason=Area 0.009988 below minimum 0.01
[SRD rewrite] deleted patch=11, position=(-1.562, -1.755, 1.442), reason=Area 0.008294 below minimum 0.01
[SRD rewrite] added patch=26, position=(0.648, 0.948, 0.167), improvement=0.006562
[SRD rewrite] added patch=27, position=(0.070, -0.531, -0.809), improvement=0.006536
[SRD rewrite] added patch=28, position=(-0.558, -0.616, -0.449), improvement=0.006504
SRD step 400: evaluated 27 candidates, 23 promising, accepted 5
  Accepted AddPatch at patch 26, improvement=0.006562
  Accepted AddPatch at patch 27, improvement=0.006536
  Accepted AddPatch at patch 28, improvement=0.006504
  Mandatory DeletePatch(11) at patch 11, reason=Area 0.008294 below minimum 0.01
  Mandatory DeletePatch(26) at patch 26, reason=Area 0.009988 below minimum 0.01
  Total patches: 29, total adds: 24, total deletes: 15
  step 400/2000: loss=0.363674, patches=28
SRD step 450: evaluated 27 candidates, 0 promising, accepted 0
  Total patches: 29, total adds: 24, total deletes: 15
  step 450/2000: loss=0.334835, patches=29
[SRD rewrite] deleted patch=19, position=(-0.377, -0.408, -1.228), reason=delete has no image effect
SRD step 500: evaluated 27 candidates, 0 promising, accepted 1
  Mandatory DeletePatch(19) at patch 19, reason=delete has no image effect
  Total patches: 28, total adds: 24, total deletes: 16
  step 500/2000: loss=0.320387, patches=29
[SRD rewrite] deleted patch=22, position=(-0.638, 1.023, -0.809), reason=delete has no image effect
SRD step 550: evaluated 27 candidates, 0 promising, accepted 1
  Mandatory DeletePatch(22) at patch 22, reason=delete has no image effect
  Total patches: 27, total adds: 24, total deletes: 17
  step 550/2000: loss=0.305669, patches=28
SRD step 600: evaluated 27 candidates, 0 promising, accepted 0
  Total patches: 27, total adds: 24, total deletes: 17
  step 600/2000: loss=0.305939, patches=27
SRD step 650: evaluated 27 candidates, 0 promising, accepted 0
  Total patches: 27, total adds: 24, total deletes: 17
  step 650/2000: loss=0.303368, patches=27
SRD step 700: evaluated 27 candidates, 0 promising, accepted 0
  Total patches: 27, total adds: 24, total deletes: 17
  step 700/2000: loss=0.310994, patches=27
[SRD rewrite] deleted patch=22, position=(0.743, 1.201, 0.439), reason=Area 0.008129 below minimum 0.01
SRD step 750: evaluated 27 candidates, 0 promising, accepted 1
  Mandatory DeletePatch(22) at patch 22, reason=Area 0.008129 below minimum 0.01
  Total patches: 26, total adds: 24, total deletes: 18
  step 750/2000: loss=0.314254, patches=27
SRD step 800: evaluated 27 candidates, 0 promising, accepted 0
  Total patches: 26, total adds: 24, total deletes: 18
  step 800/2000: loss=0.308921, patches=26
SRD step 850: evaluated 27 candidates, 0 promising, accepted 0
  Total patches: 26, total adds: 24, total deletes: 18
  step 850/2000: loss=0.305851, patches=26
SRD step 900: evaluated 27 candidates, 0 promising, accepted 0
  Total patches: 26, total adds: 24, total deletes: 18
  step 900/2000: loss=0.302469, patches=26
SRD step 950: evaluated 27 candidates, 0 promising, accepted 0
  Total patches: 26, total adds: 24, total deletes: 18
  step 950/2000: loss=0.302363, patches=26
SRD step 1000: evaluated 27 candidates, 0 promising, accepted 0
  Total patches: 26, total adds: 24, total deletes: 18
  step 1000/2000: loss=0.301174, patches=26
SRD step 1050: evaluated 27 candidates, 0 promising, accepted 0
  Total patches: 26, total adds: 24, total deletes: 18
  step 1050/2000: loss=0.298257, patches=26
SRD step 1100: evaluated 27 candidates, 0 promising, accepted 0
  Total patches: 26, total adds: 24, total deletes: 18
  step 1100/2000: loss=0.297296, patches=26
[SRD rewrite] added patch=26, position=(0.149, -0.842, 1.141), improvement=0.000836
[SRD rewrite] added patch=27, position=(0.061, 0.559, 0.282), improvement=0.000586
[SRD rewrite] added patch=28, position=(0.031, 0.622, 0.495), improvement=0.000055
SRD step 1150: evaluated 27 candidates, 3 promising, accepted 3
  Accepted AddPatch at patch 26, improvement=0.000836
  Accepted AddPatch at patch 27, improvement=0.000586
  Accepted AddPatch at patch 28, improvement=0.000055
  Total patches: 29, total adds: 27, total deletes: 18
  step 1150/2000: loss=0.296569, patches=26
SRD step 1200: evaluated 27 candidates, 0 promising, accepted 0
  Total patches: 29, total adds: 27, total deletes: 18
  step 1200/2000: loss=0.281508, patches=29
SRD step 1250: evaluated 27 candidates, 0 promising, accepted 0
  Total patches: 29, total adds: 27, total deletes: 18
  step 1250/2000: loss=0.281017, patches=29
[SRD rewrite] added patch=29, position=(0.793, 0.942, -0.740), improvement=0.001232
[SRD rewrite] added patch=30, position=(0.728, 0.939, -0.797), improvement=0.000717
[SRD rewrite] added patch=31, position=(1.090, -0.092, 0.621), improvement=0.000451
SRD step 1300: evaluated 27 candidates, 6 promising, accepted 3
  Accepted AddPatch at patch 29, improvement=0.001232
  Accepted AddPatch at patch 30, improvement=0.000717
  Accepted AddPatch at patch 31, improvement=0.000451
  Total patches: 32, total adds: 30, total deletes: 18
  step 1300/2000: loss=0.276367, patches=29
[SRD rewrite] deleted patch=30, position=(0.826, 0.866, -0.940), reason=Area 0.000334 below minimum 0.01
[SRD rewrite] deleted patch=29, position=(0.902, 0.943, -0.911), reason=Area 0.005437 below minimum 0.01
SRD step 1350: evaluated 27 candidates, 0 promising, accepted 2
  Mandatory DeletePatch(29) at patch 29, reason=Area 0.005437 below minimum 0.01
  Mandatory DeletePatch(30) at patch 30, reason=Area 0.000334 below minimum 0.01
  Total patches: 30, total adds: 30, total deletes: 20
  step 1350/2000: loss=0.266868, patches=32
[SRD rewrite] deleted patch=21, position=(-0.210, 1.217, -0.445), reason=delete has no image effect
[SRD rewrite] deleted patch=15, position=(-0.528, 0.226, -1.022), reason=delete has no image effect
SRD step 1400: evaluated 27 candidates, 0 promising, accepted 2
  Mandatory DeletePatch(15) at patch 15, reason=delete has no image effect
  Mandatory DeletePatch(21) at patch 21, reason=delete has no image effect
  Total patches: 28, total adds: 30, total deletes: 22
  step 1400/2000: loss=0.263148, patches=30
SRD step 1450: evaluated 27 candidates, 0 promising, accepted 0
  Total patches: 28, total adds: 30, total deletes: 22
  step 1450/2000: loss=0.258915, patches=28
SRD step 1500: evaluated 27 candidates, 0 promising, accepted 0
  Total patches: 28, total adds: 30, total deletes: 22
  step 1500/2000: loss=0.253465, patches=28
[SRD rewrite] added patch=28, position=(0.791, 0.841, 0.246), improvement=0.000929
[SRD rewrite] added patch=29, position=(-0.327, -1.328, -0.447), improvement=0.000640
[SRD rewrite] added patch=30, position=(-0.062, -1.201, -0.445), improvement=0.000637
SRD step 1550: evaluated 27 candidates, 4 promising, accepted 3
  Accepted AddPatch at patch 28, improvement=0.000929
  Accepted AddPatch at patch 29, improvement=0.000640
  Accepted AddPatch at patch 30, improvement=0.000637
  Total patches: 31, total adds: 33, total deletes: 22
  step 1550/2000: loss=0.257630, patches=28
[SRD rewrite] deleted patch=29, position=(-0.334, -1.324, -0.451), reason=Area 0.008470 below minimum 0.01
SRD step 1600: evaluated 27 candidates, 0 promising, accepted 1
  Mandatory DeletePatch(29) at patch 29, reason=Area 0.008470 below minimum 0.01
  Total patches: 30, total adds: 33, total deletes: 23
  step 1600/2000: loss=0.240981, patches=31
SRD step 1650: evaluated 27 candidates, 0 promising, accepted 0
  Total patches: 30, total adds: 33, total deletes: 23
  step 1650/2000: loss=0.235454, patches=30
SRD step 1700: evaluated 27 candidates, 0 promising, accepted 0
  Total patches: 30, total adds: 33, total deletes: 23
  step 1700/2000: loss=0.234954, patches=30
SRD step 1750: evaluated 27 candidates, 0 promising, accepted 0
  Total patches: 30, total adds: 33, total deletes: 23
  step 1750/2000: loss=0.234604, patches=30
SRD step 1800: evaluated 27 candidates, 0 promising, accepted 0
  Total patches: 30, total adds: 33, total deletes: 23
  step 1800/2000: loss=0.234719, patches=30
[SRD rewrite] restored patch=30, position=(0.902, 0.943, -0.911), improvement=0.001274
SRD step 1850: evaluated 27 candidates, 18 promising, accepted 3
  Accepted RestorePatch(20) at patch 30, improvement=0.001274
  Accepted SplitPatch(22) at patch 22, improvement=0.001256
  Accepted SplitPatch(0) at patch 0, improvement=0.001256
  Total patches: 31, total adds: 34, total deletes: 23
  step 1850/2000: loss=0.225946, patches=30
[SRD rewrite] deleted patch=30, position=(1.006, 0.951, -1.009), reason=Area 0.001541 below minimum 0.01
[SRD rewrite] deleted patch=26, position=(-0.030, 0.714, 0.447), reason=Area 0.009372 below minimum 0.01
SRD step 1900: evaluated 27 candidates, 0 promising, accepted 2
  Mandatory DeletePatch(26) at patch 26, reason=Area 0.009372 below minimum 0.01
  Mandatory DeletePatch(30) at patch 30, reason=Area 0.001541 below minimum 0.01
  Total patches: 29, total adds: 34, total deletes: 25
  step 1900/2000: loss=0.224237, patches=31
SRD step 1950: evaluated 27 candidates, 0 promising, accepted 0
  Total patches: 29, total adds: 34, total deletes: 25
  step 1950/2000: loss=0.225695, patches=29
SRD step 2000: evaluated 27 candidates, 0 promising, accepted 0
  Total patches: 29, total adds: 34, total deletes: 25
  step 2000/2000: loss=0.230133, patches=29
[SRD rewrite] deleted patch=13, position=(-0.800, -1.269, -2.217), reason=final deletion pass improved loss
[Trial 3] done: loss=0.223240, time=10899.8s
[Run] report written to results/slurm/20260718_1833/ablation_acm_scf_full/output.txt
