## SLURM PROLOG ###############################################################
##    Job ID : 4080017
##  Job Name : 20260718_0340_patchsize_water_fire_20
##  Nodelist : gpu2251
##      CPUs : 
##  Mem/Node : 128000 MB
## Directory : /oscar/home/cjmok/automated-perspective-sculptor
##   Job Started : Sat Jul 18 04:53:49 AM EDT 2026
###############################################################################
[Swept volume] building (resolution=256)...
[Run] mode=full, trials=3, seeds=[0, 1, 2], steps=1000, srd=True, ablation_flags={'disable_swept_volume_adds': False, 'loss_only_deletion': False, 'disable_splitting': False}
[Trial 1/3] seed=0
[Patch] mapbox-earcut is not installed; falling back to fan fill, so non-convex pieces will render incorrectly. Install it with: pip install mapbox-earcut
[SRD rewrite] added patch=20, position=(1.057, -0.263, -0.703), improvement=0.016868
[SRD rewrite] added patch=21, position=(0.800, -0.150, -0.694), improvement=0.016857
[SRD rewrite] added patch=22, position=(0.876, -0.112, 0.767), improvement=0.016511
SRD step 50: evaluated 27 candidates, 26 promising, accepted 3
  Accepted AddPatch at patch 20, improvement=0.016868
  Accepted AddPatch at patch 21, improvement=0.016857
  Accepted AddPatch at patch 22, improvement=0.016511
  Total patches: 23, total adds: 3, total deletes: 0
  step 50/1000: loss=0.254125, patches=20
[SRD rewrite] deleted patch=22, position=(0.898, -0.062, 0.792), reason=Area 0.003689 below minimum 0.01
[SRD rewrite] deleted patch=20, position=(0.987, -0.128, -0.642), reason=Area 0.004268 below minimum 0.01
[SRD rewrite] deleted patch=5, position=(0.524, 0.522, 0.370), reason=Area 0.008951 below minimum 0.01
[SRD rewrite] deleted patch=19, position=(0.716, -0.062, -0.645), reason=delete has no image effect
[SRD rewrite] split patch=15, children=18,19, improvement=0.004598
[SRD rewrite] added patch=20, position=(0.762, -0.414, 0.963), improvement=0.003257
[SRD rewrite] added patch=21, position=(0.351, -0.575, 0.969), improvement=0.002946
SRD step 100: evaluated 27 candidates, 19 promising, accepted 7
  Accepted SplitPatch(15) at patch 15, improvement=0.004598
  Accepted AddPatch at patch 20, improvement=0.003257
  Accepted AddPatch at patch 21, improvement=0.002946
  Mandatory DeletePatch(5) at patch 5, reason=Area 0.008951 below minimum 0.01
  Mandatory DeletePatch(20) at patch 20, reason=Area 0.004268 below minimum 0.01
  Mandatory DeletePatch(22) at patch 22, reason=Area 0.003689 below minimum 0.01
  Mandatory DeletePatch(19) at patch 19, reason=delete has no image effect
  Total patches: 22, total adds: 6, total deletes: 4
  step 100/1000: loss=0.159951, patches=23
[SRD rewrite] deleted patch=20, position=(0.835, -0.324, 1.008), reason=Area 0.009075 below minimum 0.01
[SRD rewrite] deleted patch=7, position=(0.719, 0.363, 0.147), reason=Area 0.001333 below minimum 0.01
[SRD rewrite] added patch=20, position=(0.444, -0.319, -0.708), improvement=0.003882
SRD step 150: evaluated 27 candidates, 23 promising, accepted 5
  Accepted AddPatch at patch 20, improvement=0.003882
  Accepted SplitPatch(1) at patch 1, improvement=0.003799
  Accepted SplitPatch(12) at patch 12, improvement=0.003799
  Mandatory DeletePatch(7) at patch 7, reason=Area 0.001333 below minimum 0.01
  Mandatory DeletePatch(20) at patch 20, reason=Area 0.009075 below minimum 0.01
  Total patches: 21, total adds: 7, total deletes: 6
  step 150/1000: loss=0.142244, patches=22
[SRD rewrite] deleted patch=18, position=(0.095, -0.610, 2.008), reason=Area 0.003745 below minimum 0.01
[SRD rewrite] deleted patch=17, position=(-0.022, -0.860, 1.965), reason=Area 0.004485 below minimum 0.01
[SRD rewrite] added patch=19, position=(0.298, -0.632, 1.023), improvement=0.004161
[SRD rewrite] added patch=20, position=(0.989, -0.223, 0.664), improvement=0.004049
[SRD rewrite] added patch=21, position=(0.406, -0.306, 0.754), improvement=0.003906
SRD step 200: evaluated 27 candidates, 22 promising, accepted 5
  Accepted AddPatch at patch 19, improvement=0.004161
  Accepted AddPatch at patch 20, improvement=0.004049
  Accepted AddPatch at patch 21, improvement=0.003906
  Mandatory DeletePatch(17) at patch 17, reason=Area 0.004485 below minimum 0.01
  Mandatory DeletePatch(18) at patch 18, reason=Area 0.003745 below minimum 0.01
  Total patches: 22, total adds: 10, total deletes: 8
  step 200/1000: loss=0.131945, patches=21
[SRD rewrite] deleted patch=21, position=(0.377, -0.270, 0.830), reason=Area 0.003270 below minimum 0.01
[SRD rewrite] deleted patch=20, position=(1.096, -0.368, 0.773), reason=Area 0.002655 below minimum 0.01
[SRD rewrite] deleted patch=19, position=(0.313, -0.525, 1.090), reason=Area 0.006215 below minimum 0.01
SRD step 250: evaluated 27 candidates, 0 promising, accepted 3
  Mandatory DeletePatch(19) at patch 19, reason=Area 0.006215 below minimum 0.01
  Mandatory DeletePatch(20) at patch 20, reason=Area 0.002655 below minimum 0.01
  Mandatory DeletePatch(21) at patch 21, reason=Area 0.003270 below minimum 0.01
  Total patches: 19, total adds: 10, total deletes: 11
  step 250/1000: loss=0.121831, patches=22
[SRD rewrite] deleted patch=17, position=(0.335, -0.333, 1.084), reason=Area 0.008578 below minimum 0.01
[SRD rewrite] deleted patch=16, position=(0.997, -0.056, -0.085), reason=Area 0.006607 below minimum 0.01
SRD step 300: evaluated 27 candidates, 0 promising, accepted 2
  Mandatory DeletePatch(16) at patch 16, reason=Area 0.006607 below minimum 0.01
  Mandatory DeletePatch(17) at patch 17, reason=Area 0.008578 below minimum 0.01
  Total patches: 17, total adds: 10, total deletes: 13
  step 300/1000: loss=0.120632, patches=19
SRD step 350: evaluated 27 candidates, 0 promising, accepted 0
  Total patches: 17, total adds: 10, total deletes: 13
  step 350/1000: loss=0.115780, patches=17
SRD step 400: evaluated 27 candidates, 0 promising, accepted 0
  Total patches: 17, total adds: 10, total deletes: 13
  step 400/1000: loss=0.111815, patches=17
[SRD rewrite] added patch=17, position=(0.575, -0.506, 0.916), improvement=0.000892
[SRD rewrite] added patch=18, position=(0.770, -0.067, -0.481), improvement=0.000837
[SRD rewrite] added patch=19, position=(0.749, -0.652, 1.006), improvement=0.000617
SRD step 450: evaluated 27 candidates, 7 promising, accepted 3
  Accepted AddPatch at patch 17, improvement=0.000892
  Accepted AddPatch at patch 18, improvement=0.000837
  Accepted AddPatch at patch 19, improvement=0.000617
  Total patches: 20, total adds: 13, total deletes: 13
  step 450/1000: loss=0.108646, patches=17
[SRD rewrite] deleted patch=19, position=(0.896, -0.526, 1.027), reason=Area 0.000271 below minimum 0.01
[SRD rewrite] deleted patch=18, position=(0.684, 0.031, -0.482), reason=Area 0.000288 below minimum 0.01
[SRD rewrite] deleted patch=2, position=(0.144, 0.050, 0.869), reason=Area 0.007378 below minimum 0.01
SRD step 500: evaluated 27 candidates, 0 promising, accepted 3
  Mandatory DeletePatch(2) at patch 2, reason=Area 0.007378 below minimum 0.01
  Mandatory DeletePatch(18) at patch 18, reason=Area 0.000288 below minimum 0.01
  Mandatory DeletePatch(19) at patch 19, reason=Area 0.000271 below minimum 0.01
  Total patches: 17, total adds: 13, total deletes: 16
  step 500/1000: loss=0.101143, patches=20
[SRD rewrite] deleted patch=16, position=(0.794, -0.248, 1.019), reason=Area 0.000709 below minimum 0.01
[SRD rewrite] deleted patch=4, position=(0.074, -0.329, 0.181), reason=Area 0.009208 below minimum 0.01
SRD step 550: evaluated 27 candidates, 0 promising, accepted 2
  Mandatory DeletePatch(4) at patch 4, reason=Area 0.009208 below minimum 0.01
  Mandatory DeletePatch(16) at patch 16, reason=Area 0.000709 below minimum 0.01
  Total patches: 15, total adds: 13, total deletes: 18
  step 550/1000: loss=0.104651, patches=17
SRD step 600: evaluated 27 candidates, 0 promising, accepted 0
  Total patches: 15, total adds: 13, total deletes: 18
  step 600/1000: loss=0.100972, patches=15
[SRD rewrite] deleted patch=4, position=(0.712, -1.303, -0.241), reason=Area 0.009874 below minimum 0.01
SRD step 650: evaluated 27 candidates, 0 promising, accepted 1
  Mandatory DeletePatch(4) at patch 4, reason=Area 0.009874 below minimum 0.01
  Total patches: 14, total adds: 13, total deletes: 19
  step 650/1000: loss=0.101687, patches=15
SRD step 700: evaluated 27 candidates, 0 promising, accepted 0
  Total patches: 14, total adds: 13, total deletes: 19
  step 700/1000: loss=0.100529, patches=14
SRD step 750: evaluated 27 candidates, 0 promising, accepted 0
  Total patches: 14, total adds: 13, total deletes: 19
  step 750/1000: loss=0.099450, patches=14
[SRD rewrite] deleted patch=12, position=(0.927, 0.191, -0.645), reason=Area 0.006511 below minimum 0.01
SRD step 800: evaluated 27 candidates, 0 promising, accepted 1
  Mandatory DeletePatch(12) at patch 12, reason=Area 0.006511 below minimum 0.01
  Total patches: 13, total adds: 13, total deletes: 20
  step 800/1000: loss=0.099334, patches=14
SRD step 850: evaluated 27 candidates, 0 promising, accepted 0
  Total patches: 13, total adds: 13, total deletes: 20
  step 850/1000: loss=0.100032, patches=13
[SRD rewrite] deleted patch=2, position=(-1.895, -0.509, -0.876), reason=Area 0.003067 below minimum 0.01
SRD step 900: evaluated 27 candidates, 0 promising, accepted 1
  Mandatory DeletePatch(2) at patch 2, reason=Area 0.003067 below minimum 0.01
  Total patches: 12, total adds: 13, total deletes: 21
  step 900/1000: loss=0.099909, patches=13
SRD step 950: evaluated 27 candidates, 0 promising, accepted 0
  Total patches: 12, total adds: 13, total deletes: 21
  step 950/1000: loss=0.099313, patches=12
[SRD rewrite] restored patch=12, position=(0.835, -0.324, 1.008), improvement=0.000107
SRD step 1000: evaluated 27 candidates, 1 promising, accepted 1
  Accepted RestorePatch(5) at patch 12, improvement=0.000107
  Total patches: 13, total adds: 14, total deletes: 21
  step 1000/1000: loss=0.099519, patches=12
[SRD rewrite] deleted patch=12, position=(0.835, -0.324, 1.008), reason=Area 0.009075 below minimum 0.01
[SRD rewrite] deleted patch=2, position=(-2.129, -1.127, -0.767), reason=final deletion pass improved loss
[Trial 1] done: loss=0.094158, time=3061.2s
[Trial 2/3] seed=1
[SRD rewrite] added patch=20, position=(0.619, -0.042, 0.654), improvement=0.013728
[SRD rewrite] added patch=21, position=(0.638, -0.180, 0.644), improvement=0.013232
[SRD rewrite] added patch=22, position=(0.464, 0.036, 0.746), improvement=0.013155
SRD step 50: evaluated 27 candidates, 24 promising, accepted 3
  Accepted AddPatch at patch 20, improvement=0.013728
  Accepted AddPatch at patch 21, improvement=0.013232
  Accepted AddPatch at patch 22, improvement=0.013155
  Total patches: 23, total adds: 3, total deletes: 0
  step 50/1000: loss=0.291292, patches=20
[SRD rewrite] split patch=9, children=22,23, improvement=0.009570
[SRD rewrite] added patch=24, position=(0.351, 0.729, 0.236), improvement=0.006705
[SRD rewrite] added patch=25, position=(0.670, -0.088, -0.395), improvement=0.006216
SRD step 100: evaluated 27 candidates, 23 promising, accepted 3
  Accepted SplitPatch(9) at patch 9, improvement=0.009570
  Accepted AddPatch at patch 24, improvement=0.006705
  Accepted AddPatch at patch 25, improvement=0.006216
  Total patches: 26, total adds: 6, total deletes: 0
  step 100/1000: loss=0.185851, patches=23
[SRD rewrite] deleted patch=25, position=(0.634, -0.010, -0.519), reason=Area 0.002248 below minimum 0.01
[SRD rewrite] deleted patch=23, position=(0.176, -1.362, -0.927), reason=Area 0.000699 below minimum 0.01
[SRD rewrite] deleted patch=22, position=(0.288, -1.410, -0.821), reason=Area 0.001337 below minimum 0.01
[SRD rewrite] added patch=23, position=(0.795, 0.057, 0.429), improvement=0.000644
[SRD rewrite] added patch=24, position=(0.790, 0.011, 0.567), improvement=0.000358
[SRD rewrite] added patch=25, position=(0.590, -0.016, 0.494), improvement=0.000341
SRD step 150: evaluated 27 candidates, 6 promising, accepted 6
  Accepted AddPatch at patch 23, improvement=0.000644
  Accepted AddPatch at patch 24, improvement=0.000358
  Accepted AddPatch at patch 25, improvement=0.000341
  Mandatory DeletePatch(22) at patch 22, reason=Area 0.001337 below minimum 0.01
  Mandatory DeletePatch(23) at patch 23, reason=Area 0.000699 below minimum 0.01
  Mandatory DeletePatch(25) at patch 25, reason=Area 0.002248 below minimum 0.01
  Total patches: 26, total adds: 9, total deletes: 3
  step 150/1000: loss=0.136222, patches=26
[SRD rewrite] deleted patch=25, position=(0.705, 0.093, 0.536), reason=Area 0.000780 below minimum 0.01
[SRD rewrite] deleted patch=24, position=(0.846, 0.066, 0.579), reason=Area 0.001190 below minimum 0.01
[SRD rewrite] deleted patch=23, position=(0.797, 0.096, 0.507), reason=Area 0.004368 below minimum 0.01
[SRD rewrite] deleted patch=22, position=(0.423, 0.796, 0.311), reason=Area 0.005165 below minimum 0.01
[SRD rewrite] deleted patch=14, position=(0.150, -0.034, -0.832), reason=Area 0.008734 below minimum 0.01
SRD step 200: evaluated 27 candidates, 0 promising, accepted 5
  Mandatory DeletePatch(14) at patch 14, reason=Area 0.008734 below minimum 0.01
  Mandatory DeletePatch(22) at patch 22, reason=Area 0.005165 below minimum 0.01
  Mandatory DeletePatch(23) at patch 23, reason=Area 0.004368 below minimum 0.01
  Mandatory DeletePatch(24) at patch 24, reason=Area 0.001190 below minimum 0.01
  Mandatory DeletePatch(25) at patch 25, reason=Area 0.000780 below minimum 0.01
  Total patches: 21, total adds: 9, total deletes: 8
  step 200/1000: loss=0.109910, patches=26
[SRD rewrite] deleted patch=16, position=(0.204, -0.314, 1.325), reason=Area 0.007878 below minimum 0.01
[SRD rewrite] restored patch=20, position=(0.150, -0.034, -0.832), improvement=0.001201
[SRD rewrite] added patch=21, position=(-0.469, -0.856, 1.234), improvement=0.001100
[SRD rewrite] restored patch=22, position=(0.634, -0.010, -0.519), improvement=0.000957
SRD step 250: evaluated 27 candidates, 21 promising, accepted 4
  Accepted RestorePatch(8) at patch 20, improvement=0.001201
  Accepted AddPatch at patch 21, improvement=0.001100
  Accepted RestorePatch(1) at patch 22, improvement=0.000957
  Mandatory DeletePatch(16) at patch 16, reason=Area 0.007878 below minimum 0.01
  Total patches: 23, total adds: 12, total deletes: 9
  step 250/1000: loss=0.093342, patches=21
[SRD rewrite] deleted patch=22, position=(0.721, 0.084, -0.560), reason=Area 0.000300 below minimum 0.01
[SRD rewrite] deleted patch=20, position=(0.160, -0.008, -0.853), reason=Area 0.009989 below minimum 0.01
[SRD rewrite] deleted patch=17, position=(0.638, 0.338, 0.687), reason=Area 0.007377 below minimum 0.01
SRD step 300: evaluated 27 candidates, 0 promising, accepted 3
  Mandatory DeletePatch(17) at patch 17, reason=Area 0.007377 below minimum 0.01
  Mandatory DeletePatch(20) at patch 20, reason=Area 0.009989 below minimum 0.01
  Mandatory DeletePatch(22) at patch 22, reason=Area 0.000300 below minimum 0.01
  Total patches: 20, total adds: 12, total deletes: 12
  step 300/1000: loss=0.075204, patches=23
[SRD rewrite] deleted patch=7, position=(0.540, -0.483, -0.464), reason=Area 0.008602 below minimum 0.01
SRD step 350: evaluated 27 candidates, 0 promising, accepted 1
  Mandatory DeletePatch(7) at patch 7, reason=Area 0.008602 below minimum 0.01
  Total patches: 19, total adds: 12, total deletes: 13
  step 350/1000: loss=0.068173, patches=20
[SRD rewrite] deleted patch=16, position=(0.669, 0.327, 0.832), reason=Area 0.000587 below minimum 0.01
SRD step 400: evaluated 27 candidates, 0 promising, accepted 1
  Mandatory DeletePatch(16) at patch 16, reason=Area 0.000587 below minimum 0.01
  Total patches: 18, total adds: 12, total deletes: 14
  step 400/1000: loss=0.062908, patches=19
SRD step 450: evaluated 27 candidates, 0 promising, accepted 0
  Total patches: 18, total adds: 12, total deletes: 14
  step 450/1000: loss=0.064415, patches=18
[SRD rewrite] deleted patch=14, position=(-0.474, -0.368, 1.196), reason=Area 0.007997 below minimum 0.01
SRD step 500: evaluated 27 candidates, 0 promising, accepted 1
  Mandatory DeletePatch(14) at patch 14, reason=Area 0.007997 below minimum 0.01
  Total patches: 17, total adds: 12, total deletes: 15
  step 500/1000: loss=0.058793, patches=18
SRD step 550: evaluated 27 candidates, 0 promising, accepted 0
  Total patches: 17, total adds: 12, total deletes: 15
  step 550/1000: loss=0.058547, patches=17
SRD step 600: evaluated 27 candidates, 0 promising, accepted 0
  Total patches: 17, total adds: 12, total deletes: 15
  step 600/1000: loss=0.058608, patches=17
SRD step 650: evaluated 27 candidates, 0 promising, accepted 0
  Total patches: 17, total adds: 12, total deletes: 15
  step 650/1000: loss=0.057280, patches=17
[SRD rewrite] deleted patch=14, position=(0.045, -0.489, -0.701), reason=Area 0.009871 below minimum 0.01
SRD step 700: evaluated 27 candidates, 0 promising, accepted 1
  Mandatory DeletePatch(14) at patch 14, reason=Area 0.009871 below minimum 0.01
  Total patches: 16, total adds: 12, total deletes: 16
  step 700/1000: loss=0.056082, patches=17
[SRD rewrite] deleted patch=0, position=(0.258, 1.271, 0.338), reason=Area 0.007623 below minimum 0.01
SRD step 750: evaluated 27 candidates, 0 promising, accepted 1
  Mandatory DeletePatch(0) at patch 0, reason=Area 0.007623 below minimum 0.01
  Total patches: 15, total adds: 12, total deletes: 17
  step 750/1000: loss=0.058820, patches=16
SRD step 800: evaluated 27 candidates, 0 promising, accepted 0
  Total patches: 15, total adds: 12, total deletes: 17
  step 800/1000: loss=0.058877, patches=15
SRD step 850: evaluated 27 candidates, 0 promising, accepted 0
  Total patches: 15, total adds: 12, total deletes: 17
  step 850/1000: loss=0.061158, patches=15
[SRD rewrite] deleted patch=13, position=(0.020, 0.594, 0.768), reason=Area 0.009791 below minimum 0.01
SRD step 900: evaluated 27 candidates, 0 promising, accepted 1
  Mandatory DeletePatch(13) at patch 13, reason=Area 0.009791 below minimum 0.01
  Total patches: 14, total adds: 12, total deletes: 18
  step 900/1000: loss=0.058751, patches=15
[SRD rewrite] added patch=14, position=(0.656, -1.269, -0.488), improvement=0.000083
SRD step 950: evaluated 27 candidates, 1 promising, accepted 1
  Accepted AddPatch at patch 14, improvement=0.000083
  Total patches: 15, total adds: 13, total deletes: 18
  step 950/1000: loss=0.062549, patches=14
SRD step 1000: evaluated 27 candidates, 0 promising, accepted 0
  Total patches: 15, total adds: 13, total deletes: 18
  step 1000/1000: loss=0.056388, patches=15
[Trial 2] done: loss=0.056276, time=3542.9s
[Trial 3/3] seed=2
[SRD rewrite] added patch=20, position=(0.702, -0.698, 0.972), improvement=0.021052
[SRD rewrite] added patch=21, position=(0.829, -0.033, -0.544), improvement=0.020357
[SRD rewrite] added patch=22, position=(0.624, -0.635, 0.911), improvement=0.020273
SRD step 50: evaluated 27 candidates, 27 promising, accepted 3
  Accepted AddPatch at patch 20, improvement=0.021052
  Accepted AddPatch at patch 21, improvement=0.020357
  Accepted AddPatch at patch 22, improvement=0.020273
  Total patches: 23, total adds: 3, total deletes: 0
  step 50/1000: loss=0.297601, patches=20
[SRD rewrite] deleted patch=21, position=(0.861, -0.077, -0.544), reason=Area 0.004897 below minimum 0.01
[SRD rewrite] added patch=22, position=(0.951, -0.623, 1.006), improvement=0.005435
[SRD rewrite] added patch=23, position=(0.914, -0.518, 0.960), improvement=0.005262
[SRD rewrite] added patch=24, position=(0.943, -0.638, 0.795), improvement=0.004970
SRD step 100: evaluated 27 candidates, 18 promising, accepted 4
  Accepted AddPatch at patch 22, improvement=0.005435
  Accepted AddPatch at patch 23, improvement=0.005262
  Accepted AddPatch at patch 24, improvement=0.004970
  Mandatory DeletePatch(21) at patch 21, reason=Area 0.004897 below minimum 0.01
  Total patches: 25, total adds: 6, total deletes: 1
  step 100/1000: loss=0.179360, patches=23
[SRD rewrite] deleted patch=24, position=(0.910, -0.630, 0.934), reason=Area 0.007393 below minimum 0.01
[SRD rewrite] deleted patch=22, position=(0.979, -0.578, 1.003), reason=Area 0.002341 below minimum 0.01
[SRD rewrite] deleted patch=12, position=(-0.366, -0.129, -1.406), reason=Area 0.004060 below minimum 0.01
[SRD rewrite] deleted patch=9, position=(0.977, 0.077, 0.089), reason=Area 0.005517 below minimum 0.01
[SRD rewrite] deleted patch=7, position=(-0.799, -1.561, -0.687), reason=Area 0.008636 below minimum 0.01
[SRD rewrite] added patch=20, position=(0.833, 0.097, -0.263), improvement=0.000284
[SRD rewrite] added patch=21, position=(0.879, -0.727, 0.904), improvement=0.000196
SRD step 150: evaluated 27 candidates, 2 promising, accepted 7
  Accepted AddPatch at patch 20, improvement=0.000284
  Accepted AddPatch at patch 21, improvement=0.000196
  Mandatory DeletePatch(7) at patch 7, reason=Area 0.008636 below minimum 0.01
  Mandatory DeletePatch(9) at patch 9, reason=Area 0.005517 below minimum 0.01
  Mandatory DeletePatch(12) at patch 12, reason=Area 0.004060 below minimum 0.01
  Mandatory DeletePatch(22) at patch 22, reason=Area 0.002341 below minimum 0.01
  Mandatory DeletePatch(24) at patch 24, reason=Area 0.007393 below minimum 0.01
  Total patches: 22, total adds: 8, total deletes: 6
  step 150/1000: loss=0.148846, patches=25
[SRD rewrite] deleted patch=17, position=(0.739, -0.599, 1.034), reason=Area 0.002154 below minimum 0.01
SRD step 200: evaluated 27 candidates, 0 promising, accepted 1
  Mandatory DeletePatch(17) at patch 17, reason=Area 0.002154 below minimum 0.01
  Total patches: 21, total adds: 8, total deletes: 7
  step 200/1000: loss=0.129397, patches=22
[SRD rewrite] deleted patch=18, position=(0.947, -0.380, 0.998), reason=Area 0.009378 below minimum 0.01
[SRD rewrite] added patch=20, position=(0.602, -0.129, 0.806), improvement=0.001469
[SRD rewrite] added patch=21, position=(0.443, 0.396, 0.494), improvement=0.001254
[SRD rewrite] added patch=22, position=(1.240, -0.893, -0.769), improvement=0.001199
SRD step 250: evaluated 27 candidates, 18 promising, accepted 4
  Accepted AddPatch at patch 20, improvement=0.001469
  Accepted AddPatch at patch 21, improvement=0.001254
  Accepted AddPatch at patch 22, improvement=0.001199
  Mandatory DeletePatch(18) at patch 18, reason=Area 0.009378 below minimum 0.01
  Total patches: 23, total adds: 11, total deletes: 8
  step 250/1000: loss=0.122299, patches=21
[SRD rewrite] deleted patch=20, position=(0.540, -0.047, 0.834), reason=Area 0.000928 below minimum 0.01
[SRD rewrite] deleted patch=18, position=(0.885, 0.123, -0.531), reason=Area 0.007154 below minimum 0.01
[SRD rewrite] deleted patch=17, position=(0.639, -0.290, 1.031), reason=Area 0.002311 below minimum 0.01
[SRD rewrite] split patch=9, children=19,20, improvement=0.004166
SRD step 300: evaluated 27 candidates, 1 promising, accepted 4
  Accepted SplitPatch(9) at patch 9, improvement=0.004166
  Mandatory DeletePatch(17) at patch 17, reason=Area 0.002311 below minimum 0.01
  Mandatory DeletePatch(18) at patch 18, reason=Area 0.007154 below minimum 0.01
  Mandatory DeletePatch(20) at patch 20, reason=Area 0.000928 below minimum 0.01
  Total patches: 21, total adds: 12, total deletes: 11
  step 300/1000: loss=0.105327, patches=23
[SRD rewrite] deleted patch=20, position=(-0.549, -1.629, 2.279), reason=Area 0.008997 below minimum 0.01
[SRD rewrite] deleted patch=19, position=(-0.583, -1.591, 2.405), reason=Area 0.002587 below minimum 0.01
[SRD rewrite] added patch=19, position=(0.580, -0.947, -0.875), improvement=0.003342
[SRD rewrite] added patch=20, position=(0.620, -0.835, -0.933), improvement=0.002966
[SRD rewrite] added patch=21, position=(1.066, -0.154, -0.371), improvement=0.002719
SRD step 350: evaluated 27 candidates, 23 promising, accepted 5
  Accepted AddPatch at patch 19, improvement=0.003342
  Accepted AddPatch at patch 20, improvement=0.002966
  Accepted AddPatch at patch 21, improvement=0.002719
  Mandatory DeletePatch(19) at patch 19, reason=Area 0.002587 below minimum 0.01
  Mandatory DeletePatch(20) at patch 20, reason=Area 0.008997 below minimum 0.01
  Total patches: 22, total adds: 15, total deletes: 13
  step 350/1000: loss=0.103108, patches=21
[SRD rewrite] deleted patch=21, position=(1.066, -0.154, -0.371), reason=Area 0.009291 below minimum 0.01
[SRD rewrite] deleted patch=19, position=(0.534, -0.993, -0.842), reason=Area 0.001566 below minimum 0.01
[SRD rewrite] deleted patch=17, position=(0.424, 0.400, 0.565), reason=Area 0.008469 below minimum 0.01
SRD step 400: evaluated 27 candidates, 0 promising, accepted 3
  Mandatory DeletePatch(17) at patch 17, reason=Area 0.008469 below minimum 0.01
  Mandatory DeletePatch(19) at patch 19, reason=Area 0.001566 below minimum 0.01
  Mandatory DeletePatch(21) at patch 21, reason=Area 0.009291 below minimum 0.01
  Total patches: 19, total adds: 15, total deletes: 16
  step 400/1000: loss=0.098628, patches=22
[SRD rewrite] deleted patch=16, position=(0.964, -0.328, 1.005), reason=Area 0.009571 below minimum 0.01
SRD step 450: evaluated 27 candidates, 0 promising, accepted 1
  Mandatory DeletePatch(16) at patch 16, reason=Area 0.009571 below minimum 0.01
  Total patches: 18, total adds: 15, total deletes: 17
  step 450/1000: loss=0.098670, patches=19
[SRD rewrite] restored patch=18, position=(0.964, -0.328, 1.005), improvement=0.000514
SRD step 500: evaluated 27 candidates, 1 promising, accepted 1
  Accepted RestorePatch(17) at patch 18, improvement=0.000514
  Total patches: 19, total adds: 16, total deletes: 17
  step 500/1000: loss=0.100272, patches=18
[SRD rewrite] deleted patch=18, position=(0.960, -0.282, 1.001), reason=Area 0.004563 below minimum 0.01
[SRD rewrite] restored patch=18, position=(0.960, -0.282, 1.001), improvement=0.001188
[SRD rewrite] added patch=19, position=(0.639, 0.242, 0.295), improvement=0.001068
[SRD rewrite] added patch=20, position=(-0.365, -2.460, 2.025), improvement=0.000796
SRD step 550: evaluated 27 candidates, 21 promising, accepted 4
  Accepted RestorePatch(17) at patch 18, improvement=0.001188
  Accepted AddPatch at patch 19, improvement=0.001068
  Accepted AddPatch at patch 20, improvement=0.000796
  Mandatory DeletePatch(18) at patch 18, reason=Area 0.004563 below minimum 0.01
  Total patches: 21, total adds: 19, total deletes: 18
  step 550/1000: loss=0.095596, patches=19
[SRD rewrite] deleted patch=20, position=(-0.365, -2.460, 2.025), reason=Area 0.009291 below minimum 0.01
[SRD rewrite] deleted patch=19, position=(0.502, 0.391, 0.316), reason=Area 0.000285 below minimum 0.01
[SRD rewrite] deleted patch=18, position=(0.964, -0.277, 1.007), reason=Area 0.002130 below minimum 0.01
[SRD rewrite] deleted patch=2, position=(0.897, -0.176, 2.082), reason=Area 0.007353 below minimum 0.01
SRD step 600: evaluated 27 candidates, 0 promising, accepted 4
  Mandatory DeletePatch(2) at patch 2, reason=Area 0.007353 below minimum 0.01
  Mandatory DeletePatch(18) at patch 18, reason=Area 0.002130 below minimum 0.01
  Mandatory DeletePatch(19) at patch 19, reason=Area 0.000285 below minimum 0.01
  Mandatory DeletePatch(20) at patch 20, reason=Area 0.009291 below minimum 0.01
  Total patches: 17, total adds: 19, total deletes: 22
  step 600/1000: loss=0.088611, patches=21
[SRD rewrite] restored patch=17, position=(0.534, -0.993, -0.842), improvement=0.001138
[SRD rewrite] added patch=18, position=(0.959, 0.112, -0.521), improvement=0.000942
SRD step 650: evaluated 27 candidates, 18 promising, accepted 3
  Accepted RestorePatch(15) at patch 17, improvement=0.001138
  Accepted AddPatch at patch 18, improvement=0.000942
  Accepted SplitPatch(10) at patch 10, improvement=0.000538
  Total patches: 19, total adds: 21, total deletes: 22
  step 650/1000: loss=0.085437, patches=17
[SRD rewrite] deleted patch=18, position=(0.963, 0.053, -0.440), reason=Area 0.005868 below minimum 0.01
[SRD rewrite] deleted patch=17, position=(0.534, -0.993, -0.842), reason=Area 0.001566 below minimum 0.01
[SRD rewrite] deleted patch=8, position=(1.561, 0.739, 1.743), reason=Area 0.005772 below minimum 0.01
[SRD rewrite] added patch=16, position=(0.901, 0.095, -0.265), improvement=0.002690
SRD step 700: evaluated 27 candidates, 22 promising, accepted 6
  Accepted AddPatch at patch 16, improvement=0.002690
  Accepted SplitPatch(11) at patch 11, improvement=0.002677
  Accepted SplitPatch(9) at patch 9, improvement=0.002677
  Mandatory DeletePatch(8) at patch 8, reason=Area 0.005772 below minimum 0.01
  Mandatory DeletePatch(17) at patch 17, reason=Area 0.001566 below minimum 0.01
  Mandatory DeletePatch(18) at patch 18, reason=Area 0.005868 below minimum 0.01
  Total patches: 17, total adds: 22, total deletes: 25
  step 700/1000: loss=0.079453, patches=19
[SRD rewrite] deleted patch=16, position=(0.903, 0.114, -0.319), reason=Area 0.006889 below minimum 0.01
SRD step 750: evaluated 27 candidates, 0 promising, accepted 1
  Mandatory DeletePatch(16) at patch 16, reason=Area 0.006889 below minimum 0.01
  Total patches: 16, total adds: 22, total deletes: 26
  step 750/1000: loss=0.077844, patches=17
[SRD rewrite] restored patch=16, position=(0.947, -0.380, 0.998), improvement=0.000211
SRD step 800: evaluated 27 candidates, 1 promising, accepted 1
  Accepted RestorePatch(7) at patch 16, improvement=0.000211
  Total patches: 17, total adds: 23, total deletes: 26
  step 800/1000: loss=0.079439, patches=16
[SRD rewrite] deleted patch=16, position=(0.968, -0.276, 1.000), reason=Area 0.000906 below minimum 0.01
SRD step 850: evaluated 27 candidates, 0 promising, accepted 1
  Mandatory DeletePatch(16) at patch 16, reason=Area 0.000906 below minimum 0.01
  Total patches: 16, total adds: 23, total deletes: 27
  step 850/1000: loss=0.079207, patches=17
[SRD rewrite] deleted patch=12, position=(0.131, 0.092, 0.145), reason=Area 0.008424 below minimum 0.01
SRD step 900: evaluated 27 candidates, 0 promising, accepted 1
  Mandatory DeletePatch(12) at patch 12, reason=Area 0.008424 below minimum 0.01
  Total patches: 15, total adds: 23, total deletes: 28
  step 900/1000: loss=0.077582, patches=16
[SRD rewrite] deleted patch=14, position=(0.515, -0.449, -0.950), reason=Area 0.005464 below minimum 0.01
SRD step 950: evaluated 27 candidates, 0 promising, accepted 1
  Mandatory DeletePatch(14) at patch 14, reason=Area 0.005464 below minimum 0.01
  Total patches: 14, total adds: 23, total deletes: 29
  step 950/1000: loss=0.081580, patches=15
[SRD rewrite] added patch=14, position=(0.804, -1.131, -0.771), improvement=0.000379
[SRD rewrite] added patch=15, position=(0.602, 0.090, -0.397), improvement=0.000308
[SRD rewrite] restored patch=16, position=(0.540, -0.047, 0.834), improvement=0.000097
SRD step 1000: evaluated 27 candidates, 4 promising, accepted 3
  Accepted AddPatch at patch 14, improvement=0.000379
  Accepted AddPatch at patch 15, improvement=0.000308
  Accepted RestorePatch(7) at patch 16, improvement=0.000097
  Total patches: 17, total adds: 26, total deletes: 29
  step 1000/1000: loss=0.085083, patches=14
[SRD rewrite] deleted patch=16, position=(0.540, -0.047, 0.834), reason=Area 0.000928 below minimum 0.01
[SRD rewrite] deleted patch=15, position=(0.602, 0.090, -0.397), reason=Area 0.009291 below minimum 0.01
[SRD rewrite] deleted patch=14, position=(0.804, -1.131, -0.771), reason=Area 0.009291 below minimum 0.01
[SRD rewrite] deleted patch=1, position=(1.664, 0.495, -2.162), reason=final deletion pass improved loss
[Trial 3] done: loss=0.075625, time=3496.4s
[Run] report written to results/slurm/20260718_0340/patchsize_water_fire_20/patches_20/with_srd/with_srd.txt
[Swept volume] building (resolution=256)...
[Run] mode=full, trials=3, seeds=[0, 1, 2], steps=1000, srd=False, ablation_flags={'disable_swept_volume_adds': True, 'loss_only_deletion': True, 'disable_splitting': False}
[Trial 1/3] seed=0
[Patch] mapbox-earcut is not installed; falling back to fan fill, so non-convex pieces will render incorrectly. Install it with: pip install mapbox-earcut
  step 50/1000: loss=0.254125, patches=20
  step 100/1000: loss=0.168412, patches=20
  step 150/1000: loss=0.144420, patches=20
  step 200/1000: loss=0.134728, patches=20
  step 250/1000: loss=0.135574, patches=20
  step 300/1000: loss=0.125500, patches=20
  step 350/1000: loss=0.121348, patches=20
  step 400/1000: loss=0.118066, patches=20
  step 450/1000: loss=0.121003, patches=20
  step 500/1000: loss=0.118001, patches=20
  step 550/1000: loss=0.122394, patches=20
  step 600/1000: loss=0.124194, patches=20
  step 650/1000: loss=0.126160, patches=20
  step 700/1000: loss=0.129445, patches=20
  step 750/1000: loss=0.126394, patches=20
  step 800/1000: loss=0.124818, patches=20
  step 850/1000: loss=0.124001, patches=20
  step 900/1000: loss=0.121699, patches=20
  step 950/1000: loss=0.120790, patches=20
  step 1000/1000: loss=0.119467, patches=20
[Trial 1] done: loss=0.119558, time=988.2s
[Trial 2/3] seed=1
  step 50/1000: loss=0.291292, patches=20
  step 100/1000: loss=0.200708, patches=20
  step 150/1000: loss=0.163370, patches=20
  step 200/1000: loss=0.135056, patches=20
  step 250/1000: loss=0.118146, patches=20
  step 300/1000: loss=0.109193, patches=20
  step 350/1000: loss=0.098451, patches=20
  step 400/1000: loss=0.073899, patches=20
  step 450/1000: loss=0.068752, patches=20
  step 500/1000: loss=0.066329, patches=20
  step 550/1000: loss=0.067867, patches=20
  step 600/1000: loss=0.067327, patches=20
  step 650/1000: loss=0.065091, patches=20
  step 700/1000: loss=0.064361, patches=20
  step 750/1000: loss=0.062562, patches=20
  step 800/1000: loss=0.065100, patches=20
  step 850/1000: loss=0.062032, patches=20
  step 900/1000: loss=0.064641, patches=20
  step 950/1000: loss=0.064745, patches=20
  step 1000/1000: loss=0.062429, patches=20
[Trial 2] done: loss=0.061975, time=1052.1s
[Trial 3/3] seed=2
  step 50/1000: loss=0.297601, patches=20
  step 100/1000: loss=0.189427, patches=20
  step 150/1000: loss=0.149011, patches=20
  step 200/1000: loss=0.141708, patches=20
  step 250/1000: loss=0.120390, patches=20
  step 300/1000: loss=0.106971, patches=20
  step 350/1000: loss=0.112653, patches=20
  step 400/1000: loss=0.114993, patches=20
  step 450/1000: loss=0.124675, patches=20
  step 500/1000: loss=0.125180, patches=20
  step 550/1000: loss=0.121291, patches=20
  step 600/1000: loss=0.118332, patches=20
  step 650/1000: loss=0.109319, patches=20
  step 700/1000: loss=0.111575, patches=20
  step 750/1000: loss=0.112576, patches=20
  step 800/1000: loss=0.112203, patches=20
  step 850/1000: loss=0.110239, patches=20
  step 900/1000: loss=0.109452, patches=20
  step 950/1000: loss=0.103968, patches=20
  step 1000/1000: loss=0.101196, patches=20
[Trial 3] done: loss=0.101225, time=994.5s
[Run] report written to results/slurm/20260718_0340/patchsize_water_fire_20/patches_20/without_srd/without_srd.txt

======================================================================
Running 3 trials WITH SRD
======================================================================


======================================================================
Running 3 trials WITHOUT SRD
======================================================================


[Comparison] report written to results/slurm/20260718_0340/patchsize_water_fire_20/patches_20/comparison.txt

======================================================================
SRD Patch Size Comparison
======================================================================
Started: 2026-07-18T04:53:54
Patch sizes: [20]
Trials per size: 3
Steps per trial: 1000
Output directory: results/slurm/20260718_0340/patchsize_water_fire_20
======================================================================


======================================================================
Running comparison with 20 initial patches
  Target 1: images/water.png
  Target 2: images/fire.png
  Trials: 3, Steps: 1000
======================================================================

[OK] Comparison with 20 patches completed successfully

======================================================================
Comparison Summary
======================================================================
Successful: 1/1
Total time: 13578.8 seconds (3.77 hours)
Summary report: results/slurm/20260718_0340/patchsize_water_fire_20/SUMMARY.txt
======================================================================

