## SLURM PROLOG ###############################################################
##    Job ID : 4093810
##  Job Name : 20260718_1833_ablation_water_fire_full
##  Nodelist : gpu2601
##      CPUs : 
##  Mem/Node : 128000 MB
## Directory : /oscar/home/cjmok/automated-perspective-sculptor
##   Job Started : Sat Jul 18 07:08:26 PM EDT 2026
###############################################################################
[Swept volume] building (resolution=256)...
[Run] mode=full, trials=3, seeds=[0, 1, 2], steps=2000, srd=True, ablation_flags={'disable_swept_volume_adds': False, 'loss_only_deletion': False, 'disable_splitting': False}
[Trial 1/3] seed=0
[Patch] mapbox-earcut is not installed; falling back to fan fill, so non-convex pieces will render incorrectly. Install it with: pip install mapbox-earcut
[SRD rewrite] added patch=20, position=(1.018, -0.071, -0.654), improvement=0.017101
[SRD rewrite] added patch=21, position=(0.802, -0.142, -0.698), improvement=0.016951
[SRD rewrite] added patch=22, position=(1.048, -0.261, -0.705), improvement=0.016579
SRD step 50: evaluated 27 candidates, 24 promising, accepted 3
  Accepted AddPatch at patch 20, improvement=0.017101
  Accepted AddPatch at patch 21, improvement=0.016951
  Accepted AddPatch at patch 22, improvement=0.016579
  Total patches: 23, total adds: 3, total deletes: 0
  step 50/2000: loss=0.254125, patches=20
[SRD rewrite] deleted patch=21, position=(0.713, -0.062, -0.644), reason=Area 0.004613 below minimum 0.01
[SRD rewrite] deleted patch=20, position=(0.987, -0.007, -0.709), reason=Area 0.005085 below minimum 0.01
[SRD rewrite] added patch=21, position=(0.419, -0.634, 1.046), improvement=0.001088
[SRD rewrite] added patch=22, position=(-0.391, -1.211, -0.821), improvement=0.001043
[SRD rewrite] added patch=23, position=(0.653, -0.551, 1.024), improvement=0.001005
SRD step 100: evaluated 27 candidates, 15 promising, accepted 5
  Accepted AddPatch at patch 21, improvement=0.001088
  Accepted AddPatch at patch 22, improvement=0.001043
  Accepted AddPatch at patch 23, improvement=0.001005
  Mandatory DeletePatch(20) at patch 20, reason=Area 0.005085 below minimum 0.01
  Mandatory DeletePatch(21) at patch 21, reason=Area 0.004613 below minimum 0.01
  Total patches: 24, total adds: 6, total deletes: 2
  step 100/2000: loss=0.163714, patches=23
[SRD rewrite] deleted patch=23, position=(0.689, -0.411, 1.048), reason=Area 0.000941 below minimum 0.01
[SRD rewrite] deleted patch=22, position=(-0.459, -1.247, -0.989), reason=Area 0.004259 below minimum 0.01
[SRD rewrite] deleted patch=21, position=(0.343, -0.482, 1.104), reason=Area 0.000317 below minimum 0.01
[SRD rewrite] deleted patch=20, position=(0.856, -0.089, -0.791), reason=Area 0.001037 below minimum 0.01
[SRD rewrite] deleted patch=8, position=(0.675, 0.345, 0.258), reason=Area 0.006354 below minimum 0.01
[SRD rewrite] deleted patch=5, position=(0.579, 0.489, 0.379), reason=Area 0.001568 below minimum 0.01
SRD step 150: evaluated 27 candidates, 0 promising, accepted 6
  Mandatory DeletePatch(5) at patch 5, reason=Area 0.001568 below minimum 0.01
  Mandatory DeletePatch(8) at patch 8, reason=Area 0.006354 below minimum 0.01
  Mandatory DeletePatch(20) at patch 20, reason=Area 0.001037 below minimum 0.01
  Mandatory DeletePatch(21) at patch 21, reason=Area 0.000317 below minimum 0.01
  Mandatory DeletePatch(22) at patch 22, reason=Area 0.004259 below minimum 0.01
  Mandatory DeletePatch(23) at patch 23, reason=Area 0.000941 below minimum 0.01
  Total patches: 18, total adds: 6, total deletes: 8
  step 150/2000: loss=0.135236, patches=24
SRD step 200: evaluated 27 candidates, 0 promising, accepted 0
  Total patches: 18, total adds: 6, total deletes: 8
  step 200/2000: loss=0.136401, patches=18
SRD step 250: evaluated 27 candidates, 0 promising, accepted 0
  Total patches: 18, total adds: 6, total deletes: 8
  step 250/2000: loss=0.129196, patches=18
SRD step 300: evaluated 27 candidates, 0 promising, accepted 0
  Total patches: 18, total adds: 6, total deletes: 8
  step 300/2000: loss=0.123329, patches=18
SRD step 350: evaluated 27 candidates, 0 promising, accepted 0
  Total patches: 18, total adds: 6, total deletes: 8
  step 350/2000: loss=0.118843, patches=18
[SRD rewrite] added patch=18, position=(0.335, -1.346, 0.629), improvement=0.001647
[SRD rewrite] added patch=19, position=(0.400, -0.609, 1.077), improvement=0.001377
[SRD rewrite] added patch=20, position=(0.866, -0.518, 0.971), improvement=0.001205
SRD step 400: evaluated 27 candidates, 24 promising, accepted 3
  Accepted AddPatch at patch 18, improvement=0.001647
  Accepted AddPatch at patch 19, improvement=0.001377
  Accepted AddPatch at patch 20, improvement=0.001205
  Total patches: 21, total adds: 9, total deletes: 8
  step 400/2000: loss=0.114631, patches=18
[SRD rewrite] deleted patch=20, position=(0.939, -0.386, 0.995), reason=Area 0.006828 below minimum 0.01
[SRD rewrite] deleted patch=19, position=(0.331, -0.486, 1.113), reason=Area 0.000323 below minimum 0.01
[SRD rewrite] deleted patch=2, position=(0.153, 0.079, 0.875), reason=Area 0.009612 below minimum 0.01
SRD step 450: evaluated 27 candidates, 0 promising, accepted 3
  Mandatory DeletePatch(2) at patch 2, reason=Area 0.009612 below minimum 0.01
  Mandatory DeletePatch(19) at patch 19, reason=Area 0.000323 below minimum 0.01
  Mandatory DeletePatch(20) at patch 20, reason=Area 0.006828 below minimum 0.01
  Total patches: 18, total adds: 9, total deletes: 11
  step 450/2000: loss=0.099597, patches=21
[SRD rewrite] deleted patch=5, position=(0.691, -1.298, -0.233), reason=Area 0.008842 below minimum 0.01
SRD step 500: evaluated 27 candidates, 0 promising, accepted 1
  Mandatory DeletePatch(5) at patch 5, reason=Area 0.008842 below minimum 0.01
  Total patches: 17, total adds: 9, total deletes: 12
  step 500/2000: loss=0.099516, patches=18
SRD step 550: evaluated 27 candidates, 0 promising, accepted 0
  Total patches: 17, total adds: 9, total deletes: 12
  step 550/2000: loss=0.103083, patches=17
SRD step 600: evaluated 27 candidates, 0 promising, accepted 0
  Total patches: 17, total adds: 9, total deletes: 12
  step 600/2000: loss=0.100606, patches=17
SRD step 650: evaluated 27 candidates, 0 promising, accepted 0
  Total patches: 17, total adds: 9, total deletes: 12
  step 650/2000: loss=0.098993, patches=17
SRD step 700: evaluated 27 candidates, 0 promising, accepted 0
  Total patches: 17, total adds: 9, total deletes: 12
  step 700/2000: loss=0.096599, patches=17
[SRD rewrite] deleted patch=4, position=(0.223, -0.294, 0.225), reason=Area 0.008663 below minimum 0.01
[SRD rewrite] deleted patch=2, position=(-2.255, 0.059, -1.195), reason=Area 0.006915 below minimum 0.01
[SRD rewrite] restored patch=15, position=(0.939, -0.386, 0.995), improvement=0.003147
[SRD rewrite] added patch=16, position=(0.228, -0.604, 1.120), improvement=0.002928
[SRD rewrite] restored patch=17, position=(0.153, 0.079, 0.875), improvement=0.002692
SRD step 750: evaluated 27 candidates, 19 promising, accepted 5
  Accepted RestorePatch(8) at patch 15, improvement=0.003147
  Accepted AddPatch at patch 16, improvement=0.002928
  Accepted RestorePatch(10) at patch 17, improvement=0.002692
  Mandatory DeletePatch(2) at patch 2, reason=Area 0.006915 below minimum 0.01
  Mandatory DeletePatch(4) at patch 4, reason=Area 0.008663 below minimum 0.01
  Total patches: 18, total adds: 12, total deletes: 14
  step 750/2000: loss=0.094340, patches=17
[SRD rewrite] deleted patch=17, position=(0.162, 0.100, 0.893), reason=Area 0.009612 below minimum 0.01
[SRD rewrite] deleted patch=16, position=(0.210, -0.513, 1.107), reason=Area 0.004765 below minimum 0.01
[SRD rewrite] deleted patch=15, position=(0.964, -0.297, 1.010), reason=Area 0.001771 below minimum 0.01
SRD step 800: evaluated 27 candidates, 0 promising, accepted 3
  Mandatory DeletePatch(15) at patch 15, reason=Area 0.001771 below minimum 0.01
  Mandatory DeletePatch(16) at patch 16, reason=Area 0.004765 below minimum 0.01
  Mandatory DeletePatch(17) at patch 17, reason=Area 0.009612 below minimum 0.01
  Total patches: 15, total adds: 12, total deletes: 17
  step 800/2000: loss=0.087127, patches=18
SRD step 850: evaluated 27 candidates, 0 promising, accepted 0
  Total patches: 15, total adds: 12, total deletes: 17
  step 850/2000: loss=0.088809, patches=15
SRD step 900: evaluated 27 candidates, 0 promising, accepted 0
  Total patches: 15, total adds: 12, total deletes: 17
  step 900/2000: loss=0.085405, patches=15
SRD step 950: evaluated 27 candidates, 0 promising, accepted 0
  Total patches: 15, total adds: 12, total deletes: 17
  step 950/2000: loss=0.085514, patches=15
SRD step 1000: evaluated 27 candidates, 0 promising, accepted 0
  Total patches: 15, total adds: 12, total deletes: 17
  step 1000/2000: loss=0.083527, patches=15
SRD step 1050: evaluated 27 candidates, 0 promising, accepted 0
  Total patches: 15, total adds: 12, total deletes: 17
  step 1050/2000: loss=0.086557, patches=15
SRD step 1100: evaluated 27 candidates, 0 promising, accepted 0
  Total patches: 15, total adds: 12, total deletes: 17
  step 1100/2000: loss=0.085449, patches=15
SRD step 1150: evaluated 27 candidates, 0 promising, accepted 0
  Total patches: 15, total adds: 12, total deletes: 17
  step 1150/2000: loss=0.087742, patches=15
SRD step 1200: evaluated 27 candidates, 0 promising, accepted 0
  Total patches: 15, total adds: 12, total deletes: 17
  step 1200/2000: loss=0.084833, patches=15
[SRD rewrite] restored patch=15, position=(0.223, -0.294, 0.225), improvement=0.000470
SRD step 1250: evaluated 27 candidates, 1 promising, accepted 1
  Accepted RestorePatch(10) at patch 15, improvement=0.000470
  Total patches: 16, total adds: 13, total deletes: 17
  step 1250/2000: loss=0.084711, patches=15
SRD step 1300: evaluated 27 candidates, 0 promising, accepted 0
  Total patches: 16, total adds: 13, total deletes: 17
  step 1300/2000: loss=0.081403, patches=16
SRD step 1350: evaluated 27 candidates, 0 promising, accepted 0
  Total patches: 16, total adds: 13, total deletes: 17
  step 1350/2000: loss=0.078876, patches=16
SRD step 1400: evaluated 27 candidates, 0 promising, accepted 0
  Total patches: 16, total adds: 13, total deletes: 17
  step 1400/2000: loss=0.078734, patches=16
SRD step 1450: evaluated 27 candidates, 0 promising, accepted 0
  Total patches: 16, total adds: 13, total deletes: 17
  step 1450/2000: loss=0.079159, patches=16
SRD step 1500: evaluated 27 candidates, 0 promising, accepted 0
  Total patches: 16, total adds: 13, total deletes: 17
  step 1500/2000: loss=0.076669, patches=16
SRD step 1550: evaluated 27 candidates, 0 promising, accepted 0
  Total patches: 16, total adds: 13, total deletes: 17
  step 1550/2000: loss=0.077740, patches=16
SRD step 1600: evaluated 27 candidates, 0 promising, accepted 0
  Total patches: 16, total adds: 13, total deletes: 17
  step 1600/2000: loss=0.078055, patches=16
[SRD rewrite] split patch=2, children=15,16, improvement=0.002278
SRD step 1650: evaluated 27 candidates, 1 promising, accepted 1
  Accepted SplitPatch(2) at patch 2, improvement=0.002278
  Total patches: 17, total adds: 14, total deletes: 17
  step 1650/2000: loss=0.079594, patches=16
[SRD rewrite] deleted patch=16, position=(-2.284, -0.000, -0.896), reason=Area 0.004297 below minimum 0.01
[SRD rewrite] deleted patch=15, position=(-2.339, -0.195, -0.697), reason=Area 0.001832 below minimum 0.01
SRD step 1700: evaluated 27 candidates, 0 promising, accepted 2
  Mandatory DeletePatch(15) at patch 15, reason=Area 0.001832 below minimum 0.01
  Mandatory DeletePatch(16) at patch 16, reason=Area 0.004297 below minimum 0.01
  Total patches: 15, total adds: 14, total deletes: 19
  step 1700/2000: loss=0.072251, patches=17
SRD step 1750: evaluated 27 candidates, 0 promising, accepted 0
  Total patches: 15, total adds: 14, total deletes: 19
  step 1750/2000: loss=0.076206, patches=15
SRD step 1800: evaluated 27 candidates, 0 promising, accepted 0
  Total patches: 15, total adds: 14, total deletes: 19
  step 1800/2000: loss=0.072183, patches=15
SRD step 1850: evaluated 27 candidates, 0 promising, accepted 0
  Total patches: 15, total adds: 14, total deletes: 19
  step 1850/2000: loss=0.071135, patches=15
SRD step 1900: evaluated 27 candidates, 0 promising, accepted 0
  Total patches: 15, total adds: 14, total deletes: 19
  step 1900/2000: loss=0.072333, patches=15
SRD step 1950: evaluated 27 candidates, 0 promising, accepted 0
  Total patches: 15, total adds: 14, total deletes: 19
  step 1950/2000: loss=0.071310, patches=15
SRD step 2000: evaluated 27 candidates, 0 promising, accepted 0
  Total patches: 15, total adds: 14, total deletes: 19
  step 2000/2000: loss=0.071324, patches=15
[Trial 1] done: loss=0.071232, time=6329.0s
[Trial 2/3] seed=1
[SRD rewrite] added patch=20, position=(0.619, -0.055, 0.654), improvement=0.013419
[SRD rewrite] added patch=21, position=(0.685, -0.130, 0.695), improvement=0.013331
[SRD rewrite] added patch=22, position=(0.631, -0.189, 0.638), improvement=0.013277
SRD step 50: evaluated 27 candidates, 26 promising, accepted 3
  Accepted AddPatch at patch 20, improvement=0.013419
  Accepted AddPatch at patch 21, improvement=0.013331
  Accepted AddPatch at patch 22, improvement=0.013277
  Total patches: 23, total adds: 3, total deletes: 0
  step 50/2000: loss=0.291292, patches=20
[SRD rewrite] added patch=23, position=(0.653, -0.007, 0.566), improvement=0.008607
[SRD rewrite] added patch=24, position=(0.719, -0.054, 0.495), improvement=0.008606
[SRD rewrite] added patch=25, position=(0.547, -0.160, 0.562), improvement=0.008483
SRD step 100: evaluated 27 candidates, 25 promising, accepted 3
  Accepted AddPatch at patch 23, improvement=0.008607
  Accepted AddPatch at patch 24, improvement=0.008606
  Accepted AddPatch at patch 25, improvement=0.008483
  Total patches: 26, total adds: 6, total deletes: 0
  step 100/2000: loss=0.190742, patches=23
[SRD rewrite] deleted patch=25, position=(0.593, -0.051, 0.618), reason=Area 0.005731 below minimum 0.01
[SRD rewrite] deleted patch=24, position=(0.844, 0.033, 0.539), reason=Area 0.004095 below minimum 0.01
[SRD rewrite] deleted patch=23, position=(0.703, 0.071, 0.619), reason=Area 0.001535 below minimum 0.01
[SRD rewrite] deleted patch=21, position=(0.846, 0.016, 0.804), reason=Area 0.000288 below minimum 0.01
SRD step 150: evaluated 27 candidates, 0 promising, accepted 4
  Mandatory DeletePatch(21) at patch 21, reason=Area 0.000288 below minimum 0.01
  Mandatory DeletePatch(23) at patch 23, reason=Area 0.001535 below minimum 0.01
  Mandatory DeletePatch(24) at patch 24, reason=Area 0.004095 below minimum 0.01
  Mandatory DeletePatch(25) at patch 25, reason=Area 0.005731 below minimum 0.01
  Total patches: 22, total adds: 6, total deletes: 4
  step 150/2000: loss=0.143978, patches=26
[SRD rewrite] added patch=22, position=(0.576, 0.103, 0.341), improvement=0.001386
[SRD rewrite] added patch=23, position=(0.495, 0.150, 0.228), improvement=0.001385
[SRD rewrite] added patch=24, position=(0.601, -0.069, 0.370), improvement=0.001321
SRD step 200: evaluated 27 candidates, 21 promising, accepted 3
  Accepted AddPatch at patch 22, improvement=0.001386
  Accepted AddPatch at patch 23, improvement=0.001385
  Accepted AddPatch at patch 24, improvement=0.001321
  Total patches: 25, total adds: 9, total deletes: 4
  step 200/2000: loss=0.122179, patches=22
SRD step 250: evaluated 27 candidates, 0 promising, accepted 0
  Total patches: 25, total adds: 9, total deletes: 4
  step 250/2000: loss=0.096544, patches=25
[SRD rewrite] deleted patch=24, position=(0.752, 0.179, 0.481), reason=Area 0.005906 below minimum 0.01
[SRD rewrite] deleted patch=22, position=(0.709, 0.292, 0.461), reason=Area 0.001833 below minimum 0.01
[SRD rewrite] deleted patch=21, position=(0.768, 0.117, 0.811), reason=Area 0.003455 below minimum 0.01
[SRD rewrite] deleted patch=7, position=(0.591, -0.503, -0.483), reason=delete has no image effect
SRD step 300: evaluated 27 candidates, 0 promising, accepted 4
  Mandatory DeletePatch(21) at patch 21, reason=Area 0.003455 below minimum 0.01
  Mandatory DeletePatch(22) at patch 22, reason=Area 0.001833 below minimum 0.01
  Mandatory DeletePatch(24) at patch 24, reason=Area 0.005906 below minimum 0.01
  Mandatory DeletePatch(7) at patch 7, reason=delete has no image effect
  Total patches: 21, total adds: 9, total deletes: 8
  step 300/2000: loss=0.089231, patches=25
[SRD rewrite] deleted patch=20, position=(0.700, 0.282, 0.316), reason=Area 0.008164 below minimum 0.01
[SRD rewrite] added patch=20, position=(0.517, 0.119, 0.143), improvement=0.000107
SRD step 350: evaluated 27 candidates, 1 promising, accepted 2
  Accepted AddPatch at patch 20, improvement=0.000107
  Mandatory DeletePatch(20) at patch 20, reason=Area 0.008164 below minimum 0.01
  Total patches: 21, total adds: 10, total deletes: 9
  step 350/2000: loss=0.080622, patches=21
[SRD rewrite] deleted patch=20, position=(0.693, 0.265, 0.097), reason=Area 0.000237 below minimum 0.01
SRD step 400: evaluated 27 candidates, 0 promising, accepted 1
  Mandatory DeletePatch(20) at patch 20, reason=Area 0.000237 below minimum 0.01
  Total patches: 20, total adds: 10, total deletes: 10
  step 400/2000: loss=0.077691, patches=21
[SRD rewrite] added patch=20, position=(-0.498, -0.755, 0.998), improvement=0.000095
SRD step 450: evaluated 27 candidates, 1 promising, accepted 1
  Accepted AddPatch at patch 20, improvement=0.000095
  Total patches: 21, total adds: 11, total deletes: 10
  step 450/2000: loss=0.067743, patches=20
SRD step 500: evaluated 27 candidates, 0 promising, accepted 0
  Total patches: 21, total adds: 11, total deletes: 10
  step 500/2000: loss=0.052616, patches=21
SRD step 550: evaluated 27 candidates, 0 promising, accepted 0
  Total patches: 21, total adds: 11, total deletes: 10
  step 550/2000: loss=0.049058, patches=21
SRD step 600: evaluated 27 candidates, 0 promising, accepted 0
  Total patches: 21, total adds: 11, total deletes: 10
  step 600/2000: loss=0.050559, patches=21
[SRD rewrite] deleted patch=19, position=(0.549, 0.505, 0.759), reason=Area 0.009766 below minimum 0.01
SRD step 650: evaluated 27 candidates, 0 promising, accepted 1
  Mandatory DeletePatch(19) at patch 19, reason=Area 0.009766 below minimum 0.01
  Total patches: 20, total adds: 11, total deletes: 11
  step 650/2000: loss=0.052762, patches=21
[SRD rewrite] deleted patch=8, position=(-0.118, -2.367, 0.738), reason=no image contribution, delete has no image effect
SRD step 700: evaluated 27 candidates, 0 promising, accepted 1
  Mandatory DeletePatch(8) at patch 8, reason=no image contribution, delete has no image effect
  Total patches: 19, total adds: 11, total deletes: 12
  step 700/2000: loss=0.051124, patches=20
SRD step 750: evaluated 27 candidates, 0 promising, accepted 0
  Total patches: 19, total adds: 11, total deletes: 12
  step 750/2000: loss=0.054283, patches=19
[SRD rewrite] deleted patch=15, position=(-0.472, -0.396, 1.202), reason=Area 0.003997 below minimum 0.01
SRD step 800: evaluated 27 candidates, 0 promising, accepted 1
  Mandatory DeletePatch(15) at patch 15, reason=Area 0.003997 below minimum 0.01
  Total patches: 18, total adds: 11, total deletes: 13
  step 800/2000: loss=0.055537, patches=19
[SRD rewrite] deleted patch=0, position=(0.248, 1.290, 0.342), reason=Area 0.007940 below minimum 0.01
SRD step 850: evaluated 27 candidates, 0 promising, accepted 1
  Mandatory DeletePatch(0) at patch 0, reason=Area 0.007940 below minimum 0.01
  Total patches: 17, total adds: 11, total deletes: 14
  step 850/2000: loss=0.053666, patches=18
SRD step 900: evaluated 27 candidates, 0 promising, accepted 0
  Total patches: 17, total adds: 11, total deletes: 14
  step 900/2000: loss=0.055349, patches=17
[SRD rewrite] added patch=17, position=(1.045, -1.174, -0.409), improvement=0.000345
SRD step 950: evaluated 27 candidates, 1 promising, accepted 1
  Accepted AddPatch at patch 17, improvement=0.000345
  Total patches: 18, total adds: 12, total deletes: 14
  step 950/2000: loss=0.057703, patches=17
SRD step 1000: evaluated 27 candidates, 0 promising, accepted 0
  Total patches: 18, total adds: 12, total deletes: 14
  step 1000/2000: loss=0.054312, patches=18
[SRD rewrite] added patch=18, position=(0.219, 0.015, -0.363), improvement=0.001191
[SRD rewrite] added patch=19, position=(0.565, 0.445, 0.446), improvement=0.000819
[SRD rewrite] added patch=20, position=(0.758, -0.014, -0.288), improvement=0.000258
SRD step 1050: evaluated 27 candidates, 6 promising, accepted 3
  Accepted AddPatch at patch 18, improvement=0.001191
  Accepted AddPatch at patch 19, improvement=0.000819
  Accepted AddPatch at patch 20, improvement=0.000258
  Total patches: 21, total adds: 15, total deletes: 14
  step 1050/2000: loss=0.052669, patches=18
[SRD rewrite] deleted patch=20, position=(0.656, 0.109, -0.244), reason=Area 0.000208 below minimum 0.01
[SRD rewrite] deleted patch=19, position=(0.601, 0.520, 0.418), reason=Area 0.000877 below minimum 0.01
[SRD rewrite] deleted patch=18, position=(0.182, -0.034, -0.491), reason=Area 0.001048 below minimum 0.01
[SRD rewrite] restored patch=18, position=(0.549, 0.505, 0.759), improvement=0.001019
[SRD rewrite] restored patch=19, position=(0.591, -0.503, -0.483), improvement=0.000851
[SRD rewrite] restored patch=20, position=(-0.118, -2.367, 0.738), improvement=0.000843
SRD step 1100: evaluated 27 candidates, 17 promising, accepted 6
  Accepted RestorePatch(10) at patch 18, improvement=0.001019
  Accepted RestorePatch(7) at patch 19, improvement=0.000851
  Accepted RestorePatch(11) at patch 20, improvement=0.000843
  Mandatory DeletePatch(18) at patch 18, reason=Area 0.001048 below minimum 0.01
  Mandatory DeletePatch(19) at patch 19, reason=Area 0.000877 below minimum 0.01
  Mandatory DeletePatch(20) at patch 20, reason=Area 0.000208 below minimum 0.01
  Total patches: 21, total adds: 18, total deletes: 17
  step 1100/2000: loss=0.052911, patches=21
[SRD rewrite] deleted patch=18, position=(0.542, 0.520, 0.747), reason=Area 0.003583 below minimum 0.01
[SRD rewrite] deleted patch=19, position=(-0.118, -2.367, 0.738), reason=no image contribution, delete has no image effect
[SRD rewrite] restored patch=19, position=(0.542, 0.520, 0.747), improvement=0.000400
[SRD rewrite] added patch=20, position=(0.276, -0.001, -0.232), improvement=0.000318
[SRD rewrite] restored patch=21, position=(0.182, -0.034, -0.491), improvement=0.000252
SRD step 1150: evaluated 27 candidates, 5 promising, accepted 5
  Accepted RestorePatch(14) at patch 19, improvement=0.000400
  Accepted AddPatch at patch 20, improvement=0.000318
  Accepted RestorePatch(13) at patch 21, improvement=0.000252
  Mandatory DeletePatch(18) at patch 18, reason=Area 0.003583 below minimum 0.01
  Mandatory DeletePatch(19) at patch 19, reason=no image contribution, delete has no image effect
  Total patches: 22, total adds: 21, total deletes: 19
  step 1150/2000: loss=0.048684, patches=21
[SRD rewrite] deleted patch=21, position=(0.182, -0.034, -0.491), reason=Area 0.001048 below minimum 0.01
[SRD rewrite] deleted patch=20, position=(0.132, 0.064, -0.203), reason=Area 0.002810 below minimum 0.01
[SRD rewrite] deleted patch=19, position=(0.535, 0.535, 0.742), reason=Area 0.000308 below minimum 0.01
SRD step 1200: evaluated 27 candidates, 0 promising, accepted 3
  Mandatory DeletePatch(19) at patch 19, reason=Area 0.000308 below minimum 0.01
  Mandatory DeletePatch(20) at patch 20, reason=Area 0.002810 below minimum 0.01
  Mandatory DeletePatch(21) at patch 21, reason=Area 0.001048 below minimum 0.01
  Total patches: 19, total adds: 21, total deletes: 22
  step 1200/2000: loss=0.047789, patches=22
[SRD rewrite] deleted patch=11, position=(1.921, 0.549, 0.318), reason=Area 0.007379 below minimum 0.01
[SRD rewrite] added patch=18, position=(0.367, 0.031, -0.243), improvement=0.000051
SRD step 1250: evaluated 27 candidates, 1 promising, accepted 2
  Accepted AddPatch at patch 18, improvement=0.000051
  Mandatory DeletePatch(11) at patch 11, reason=Area 0.007379 below minimum 0.01
  Total patches: 19, total adds: 22, total deletes: 23
  step 1250/2000: loss=0.050053, patches=19
[SRD rewrite] deleted patch=18, position=(0.203, 0.055, -0.291), reason=Area 0.000232 below minimum 0.01
[SRD rewrite] deleted patch=13, position=(0.023, -0.434, 1.152), reason=Area 0.007439 below minimum 0.01
[SRD rewrite] deleted patch=2, position=(0.636, 0.106, -0.735), reason=Area 0.008782 below minimum 0.01
SRD step 1300: evaluated 27 candidates, 0 promising, accepted 3
  Mandatory DeletePatch(2) at patch 2, reason=Area 0.008782 below minimum 0.01
  Mandatory DeletePatch(13) at patch 13, reason=Area 0.007439 below minimum 0.01
  Mandatory DeletePatch(18) at patch 18, reason=Area 0.000232 below minimum 0.01
  Total patches: 16, total adds: 22, total deletes: 26
  step 1300/2000: loss=0.047468, patches=19
SRD step 1350: evaluated 27 candidates, 0 promising, accepted 0
  Total patches: 16, total adds: 22, total deletes: 26
  step 1350/2000: loss=0.049261, patches=16
SRD step 1400: evaluated 27 candidates, 0 promising, accepted 0
  Total patches: 16, total adds: 22, total deletes: 26
  step 1400/2000: loss=0.051417, patches=16
SRD step 1450: evaluated 27 candidates, 0 promising, accepted 0
  Total patches: 16, total adds: 22, total deletes: 26
  step 1450/2000: loss=0.048911, patches=16
SRD step 1500: evaluated 27 candidates, 0 promising, accepted 0
  Total patches: 16, total adds: 22, total deletes: 26
  step 1500/2000: loss=0.048471, patches=16
SRD step 1550: evaluated 27 candidates, 0 promising, accepted 0
  Total patches: 16, total adds: 22, total deletes: 26
  step 1550/2000: loss=0.048421, patches=16
[SRD rewrite] added patch=16, position=(1.105, -0.375, -0.194), improvement=0.000106
[SRD rewrite] added patch=17, position=(0.564, 0.144, -0.390), improvement=0.000094
SRD step 1600: evaluated 27 candidates, 2 promising, accepted 2
  Accepted AddPatch at patch 16, improvement=0.000106
  Accepted AddPatch at patch 17, improvement=0.000094
  Total patches: 18, total adds: 24, total deletes: 26
  step 1600/2000: loss=0.051099, patches=16
[SRD rewrite] deleted patch=17, position=(0.472, 0.127, -0.343), reason=Area 0.000321 below minimum 0.01
[SRD rewrite] deleted patch=16, position=(1.134, -0.448, -0.085), reason=Area 0.002154 below minimum 0.01
SRD step 1650: evaluated 26 candidates, 0 promising, accepted 2
  Mandatory DeletePatch(16) at patch 16, reason=Area 0.002154 below minimum 0.01
  Mandatory DeletePatch(17) at patch 17, reason=Area 0.000321 below minimum 0.01
  Total patches: 16, total adds: 24, total deletes: 28
  step 1650/2000: loss=0.050289, patches=18
SRD step 1700: evaluated 27 candidates, 0 promising, accepted 0
  Total patches: 16, total adds: 24, total deletes: 28
  step 1700/2000: loss=0.049284, patches=16
SRD step 1750: evaluated 27 candidates, 0 promising, accepted 0
  Total patches: 16, total adds: 24, total deletes: 28
  step 1750/2000: loss=0.049569, patches=16
SRD step 1800: evaluated 27 candidates, 0 promising, accepted 0
  Total patches: 16, total adds: 24, total deletes: 28
  step 1800/2000: loss=0.049190, patches=16
SRD step 1850: evaluated 27 candidates, 9 promising, accepted 3
  Accepted SplitPatch(11) at patch 11, improvement=0.000346
  Accepted SplitPatch(7) at patch 7, improvement=0.000346
  Accepted SplitPatch(1) at patch 1, improvement=0.000346
  Total patches: 16, total adds: 24, total deletes: 28
  step 1850/2000: loss=0.053521, patches=16
SRD step 1900: evaluated 27 candidates, 0 promising, accepted 0
  Total patches: 16, total adds: 24, total deletes: 28
  step 1900/2000: loss=0.052490, patches=16
SRD step 1950: evaluated 27 candidates, 0 promising, accepted 0
  Total patches: 16, total adds: 24, total deletes: 28
  step 1950/2000: loss=0.054312, patches=16
[SRD rewrite] added patch=16, position=(0.566, 0.472, 0.252), improvement=0.000289
[SRD rewrite] restored patch=17, position=(0.132, 0.064, -0.203), improvement=0.000287
[SRD rewrite] added patch=18, position=(0.826, 0.070, -0.163), improvement=0.000218
SRD step 2000: evaluated 27 candidates, 7 promising, accepted 3
  Accepted AddPatch at patch 16, improvement=0.000289
  Accepted RestorePatch(15) at patch 17, improvement=0.000287
  Accepted AddPatch at patch 18, improvement=0.000218
  Total patches: 19, total adds: 27, total deletes: 28
  step 2000/2000: loss=0.055496, patches=16
[SRD rewrite] deleted patch=18, position=(0.826, 0.070, -0.163), reason=Area 0.009291 below minimum 0.01
[SRD rewrite] deleted patch=17, position=(0.132, 0.064, -0.203), reason=Area 0.002810 below minimum 0.01
[SRD rewrite] deleted patch=16, position=(0.566, 0.472, 0.252), reason=Area 0.009291 below minimum 0.01
[Trial 2] done: loss=0.055397, time=7343.9s
[Trial 3/3] seed=2
[SRD rewrite] added patch=20, position=(0.422, -0.711, 0.979), improvement=0.021293
[SRD rewrite] added patch=21, position=(0.697, -0.703, 0.965), improvement=0.021236
[SRD rewrite] added patch=22, position=(0.625, -0.633, 0.918), improvement=0.020229
SRD step 50: evaluated 27 candidates, 27 promising, accepted 3
  Accepted AddPatch at patch 20, improvement=0.021293
  Accepted AddPatch at patch 21, improvement=0.021236
  Accepted AddPatch at patch 22, improvement=0.020229
  Total patches: 23, total adds: 3, total deletes: 0
  step 50/2000: loss=0.297601, patches=20
[SRD rewrite] added patch=23, position=(0.675, -1.086, -0.821), improvement=0.003372
[SRD rewrite] added patch=24, position=(0.230, -1.042, -0.912), improvement=0.003146
[SRD rewrite] added patch=25, position=(0.952, -0.504, 0.859), improvement=0.003126
SRD step 100: evaluated 27 candidates, 19 promising, accepted 3
  Accepted AddPatch at patch 23, improvement=0.003372
  Accepted AddPatch at patch 24, improvement=0.003146
  Accepted AddPatch at patch 25, improvement=0.003126
  Total patches: 26, total adds: 6, total deletes: 0
  step 100/2000: loss=0.172467, patches=23
[SRD rewrite] deleted patch=12, position=(-0.398, -0.131, -1.379), reason=Area 0.006311 below minimum 0.01
[SRD rewrite] deleted patch=9, position=(0.970, 0.064, 0.108), reason=Area 0.007554 below minimum 0.01
[SRD rewrite] added patch=24, position=(0.969, -1.124, -0.734), improvement=0.003325
[SRD rewrite] added patch=25, position=(1.017, -0.605, 0.792), improvement=0.003230
[SRD rewrite] added patch=26, position=(1.032, -0.638, 0.930), improvement=0.002578
SRD step 150: evaluated 27 candidates, 21 promising, accepted 5
  Accepted AddPatch at patch 24, improvement=0.003325
  Accepted AddPatch at patch 25, improvement=0.003230
  Accepted AddPatch at patch 26, improvement=0.002578
  Mandatory DeletePatch(9) at patch 9, reason=Area 0.007554 below minimum 0.01
  Mandatory DeletePatch(12) at patch 12, reason=Area 0.006311 below minimum 0.01
  Total patches: 27, total adds: 9, total deletes: 2
  step 150/2000: loss=0.138209, patches=26
[SRD rewrite] deleted patch=26, position=(0.992, -0.664, 0.913), reason=Area 0.000883 below minimum 0.01
[SRD rewrite] deleted patch=25, position=(1.013, -0.589, 0.863), reason=Area 0.002654 below minimum 0.01
[SRD rewrite] deleted patch=22, position=(0.331, -0.864, -0.971), reason=Area 0.006875 below minimum 0.01
[SRD rewrite] deleted patch=7, position=(-0.874, -1.605, -0.624), reason=Area 0.003479 below minimum 0.01
[SRD rewrite] added patch=23, position=(1.165, -0.887, -0.829), improvement=0.001703
[SRD rewrite] added patch=24, position=(1.241, -0.890, -0.780), improvement=0.001245
[SRD rewrite] added patch=25, position=(0.860, -0.206, 0.795), improvement=0.000980
SRD step 200: evaluated 27 candidates, 21 promising, accepted 7
  Accepted AddPatch at patch 23, improvement=0.001703
  Accepted AddPatch at patch 24, improvement=0.001245
  Accepted AddPatch at patch 25, improvement=0.000980
  Mandatory DeletePatch(7) at patch 7, reason=Area 0.003479 below minimum 0.01
  Mandatory DeletePatch(22) at patch 22, reason=Area 0.006875 below minimum 0.01
  Mandatory DeletePatch(25) at patch 25, reason=Area 0.002654 below minimum 0.01
  Mandatory DeletePatch(26) at patch 26, reason=Area 0.000883 below minimum 0.01
  Total patches: 26, total adds: 12, total deletes: 6
  step 200/2000: loss=0.124202, patches=27
[SRD rewrite] deleted patch=25, position=(0.916, -0.123, 0.809), reason=Area 0.000210 below minimum 0.01
[SRD rewrite] deleted patch=24, position=(1.256, -0.850, -0.758), reason=Area 0.001839 below minimum 0.01
[SRD rewrite] deleted patch=23, position=(1.212, -0.821, -0.862), reason=Area 0.002201 below minimum 0.01
[SRD rewrite] deleted patch=22, position=(1.221, -1.179, -0.956), reason=Area 0.000665 below minimum 0.01
[SRD rewrite] deleted patch=19, position=(0.610, -0.404, 1.032), reason=Area 0.007504 below minimum 0.01
SRD step 250: evaluated 27 candidates, 0 promising, accepted 5
  Mandatory DeletePatch(19) at patch 19, reason=Area 0.007504 below minimum 0.01
  Mandatory DeletePatch(22) at patch 22, reason=Area 0.000665 below minimum 0.01
  Mandatory DeletePatch(23) at patch 23, reason=Area 0.002201 below minimum 0.01
  Mandatory DeletePatch(24) at patch 24, reason=Area 0.001839 below minimum 0.01
  Mandatory DeletePatch(25) at patch 25, reason=Area 0.000210 below minimum 0.01
  Total patches: 21, total adds: 12, total deletes: 11
  step 250/2000: loss=0.110022, patches=26
[SRD rewrite] split patch=9, children=20,21, improvement=0.008050
[SRD rewrite] added patch=22, position=(1.092, -0.203, -0.320), improvement=0.000554
[SRD rewrite] added patch=23, position=(0.463, 0.009, 0.827), improvement=0.000499
SRD step 300: evaluated 27 candidates, 7 promising, accepted 3
  Accepted SplitPatch(9) at patch 9, improvement=0.008050
  Accepted AddPatch at patch 22, improvement=0.000554
  Accepted AddPatch at patch 23, improvement=0.000499
  Total patches: 24, total adds: 15, total deletes: 11
  step 300/2000: loss=0.099362, patches=21
[SRD rewrite] deleted patch=23, position=(0.402, 0.032, 0.850), reason=Area 0.001808 below minimum 0.01
[SRD rewrite] deleted patch=21, position=(-0.703, -1.537, 2.323), reason=Area 0.002053 below minimum 0.01
[SRD rewrite] deleted patch=20, position=(-0.576, -1.596, 2.271), reason=Area 0.001743 below minimum 0.01
SRD step 350: evaluated 27 candidates, 0 promising, accepted 3
  Mandatory DeletePatch(20) at patch 20, reason=Area 0.001743 below minimum 0.01
  Mandatory DeletePatch(21) at patch 21, reason=Area 0.002053 below minimum 0.01
  Mandatory DeletePatch(23) at patch 23, reason=Area 0.001808 below minimum 0.01
  Total patches: 21, total adds: 15, total deletes: 14
  step 350/2000: loss=0.078260, patches=24
SRD step 400: evaluated 27 candidates, 0 promising, accepted 0
  Total patches: 21, total adds: 15, total deletes: 14
  step 400/2000: loss=0.081088, patches=21
[SRD rewrite] deleted patch=19, position=(0.945, -0.342, 1.008), reason=Area 0.006147 below minimum 0.01
SRD step 450: evaluated 27 candidates, 0 promising, accepted 1
  Mandatory DeletePatch(19) at patch 19, reason=Area 0.006147 below minimum 0.01
  Total patches: 20, total adds: 15, total deletes: 15
  step 450/2000: loss=0.084524, patches=21
SRD step 500: evaluated 27 candidates, 0 promising, accepted 0
  Total patches: 20, total adds: 15, total deletes: 15
  step 500/2000: loss=0.084701, patches=20
SRD step 550: evaluated 27 candidates, 0 promising, accepted 0
  Total patches: 20, total adds: 15, total deletes: 15
  step 550/2000: loss=0.082415, patches=20
[SRD rewrite] deleted patch=17, position=(0.980, -0.518, 0.990), reason=Area 0.006632 below minimum 0.01
[SRD rewrite] deleted patch=14, position=(0.141, 0.116, 0.264), reason=Area 0.009702 below minimum 0.01
SRD step 600: evaluated 27 candidates, 0 promising, accepted 2
  Mandatory DeletePatch(14) at patch 14, reason=Area 0.009702 below minimum 0.01
  Mandatory DeletePatch(17) at patch 17, reason=Area 0.006632 below minimum 0.01
  Total patches: 18, total adds: 15, total deletes: 17
  step 600/2000: loss=0.079263, patches=20
SRD step 650: evaluated 27 candidates, 0 promising, accepted 0
  Total patches: 18, total adds: 15, total deletes: 17
  step 650/2000: loss=0.080965, patches=18
SRD step 700: evaluated 27 candidates, 0 promising, accepted 0
  Total patches: 18, total adds: 15, total deletes: 17
  step 700/2000: loss=0.082376, patches=18
SRD step 750: evaluated 27 candidates, 0 promising, accepted 0
  Total patches: 18, total adds: 15, total deletes: 17
  step 750/2000: loss=0.081469, patches=18
[SRD rewrite] deleted patch=15, position=(0.078, -0.291, 1.136), reason=Area 0.006828 below minimum 0.01
SRD step 800: evaluated 27 candidates, 0 promising, accepted 1
  Mandatory DeletePatch(15) at patch 15, reason=Area 0.006828 below minimum 0.01
  Total patches: 17, total adds: 15, total deletes: 18
  step 800/2000: loss=0.080763, patches=18
SRD step 850: evaluated 27 candidates, 0 promising, accepted 0
  Total patches: 17, total adds: 15, total deletes: 18
  step 850/2000: loss=0.072838, patches=17
SRD step 900: evaluated 27 candidates, 0 promising, accepted 0
  Total patches: 17, total adds: 15, total deletes: 18
  step 900/2000: loss=0.070286, patches=17
[SRD rewrite] deleted patch=9, position=(2.044, -1.744, 1.721), reason=no image contribution, delete has no image effect
SRD step 950: evaluated 27 candidates, 0 promising, accepted 1
  Mandatory DeletePatch(9) at patch 9, reason=no image contribution, delete has no image effect
  Total patches: 16, total adds: 15, total deletes: 19
  step 950/2000: loss=0.069584, patches=17
[SRD rewrite] deleted patch=1, position=(0.168, 0.964, -2.092), reason=Area 0.005655 below minimum 0.01
SRD step 1000: evaluated 27 candidates, 0 promising, accepted 1
  Mandatory DeletePatch(1) at patch 1, reason=Area 0.005655 below minimum 0.01
  Total patches: 15, total adds: 15, total deletes: 20
  step 1000/2000: loss=0.073860, patches=16
SRD step 1050: evaluated 27 candidates, 0 promising, accepted 0
  Total patches: 15, total adds: 15, total deletes: 20
  step 1050/2000: loss=0.074494, patches=15
SRD step 1100: evaluated 27 candidates, 0 promising, accepted 0
  Total patches: 15, total adds: 15, total deletes: 20
  step 1100/2000: loss=0.073175, patches=15
SRD step 1150: evaluated 27 candidates, 0 promising, accepted 0
  Total patches: 15, total adds: 15, total deletes: 20
  step 1150/2000: loss=0.069629, patches=15
SRD step 1200: evaluated 27 candidates, 0 promising, accepted 0
  Total patches: 15, total adds: 15, total deletes: 20
  step 1200/2000: loss=0.068530, patches=15
SRD step 1250: evaluated 27 candidates, 0 promising, accepted 0
  Total patches: 15, total adds: 15, total deletes: 20
  step 1250/2000: loss=0.068287, patches=15
SRD step 1300: evaluated 27 candidates, 0 promising, accepted 0
  Total patches: 15, total adds: 15, total deletes: 20
  step 1300/2000: loss=0.067592, patches=15
SRD step 1350: evaluated 27 candidates, 0 promising, accepted 0
  Total patches: 15, total adds: 15, total deletes: 20
  step 1350/2000: loss=0.066880, patches=15
SRD step 1400: evaluated 27 candidates, 0 promising, accepted 0
  Total patches: 15, total adds: 15, total deletes: 20
  step 1400/2000: loss=0.067272, patches=15
SRD step 1450: evaluated 27 candidates, 0 promising, accepted 0
  Total patches: 15, total adds: 15, total deletes: 20
  step 1450/2000: loss=0.067074, patches=15
SRD step 1500: evaluated 27 candidates, 0 promising, accepted 0
  Total patches: 15, total adds: 15, total deletes: 20
  step 1500/2000: loss=0.067076, patches=15
SRD step 1550: evaluated 27 candidates, 0 promising, accepted 0
  Total patches: 15, total adds: 15, total deletes: 20
  step 1550/2000: loss=0.066656, patches=15
SRD step 1600: evaluated 27 candidates, 0 promising, accepted 0
  Total patches: 15, total adds: 15, total deletes: 20
  step 1600/2000: loss=0.067578, patches=15
SRD step 1650: evaluated 27 candidates, 0 promising, accepted 0
  Total patches: 15, total adds: 15, total deletes: 20
  step 1650/2000: loss=0.067944, patches=15
SRD step 1700: evaluated 27 candidates, 0 promising, accepted 0
  Total patches: 15, total adds: 15, total deletes: 20
  step 1700/2000: loss=0.069169, patches=15
SRD step 1750: evaluated 27 candidates, 0 promising, accepted 0
  Total patches: 15, total adds: 15, total deletes: 20
  step 1750/2000: loss=0.071177, patches=15
SRD step 1800: evaluated 27 candidates, 0 promising, accepted 0
  Total patches: 15, total adds: 15, total deletes: 20
  step 1800/2000: loss=0.072856, patches=15
[SRD rewrite] deleted patch=14, position=(0.884, 0.093, 0.050), reason=Area 0.009829 below minimum 0.01
SRD step 1850: evaluated 27 candidates, 0 promising, accepted 1
  Mandatory DeletePatch(14) at patch 14, reason=Area 0.009829 below minimum 0.01
  Total patches: 14, total adds: 15, total deletes: 21
  step 1850/2000: loss=0.075226, patches=15
[SRD rewrite] deleted patch=6, position=(-0.031, 0.923, 0.428), reason=Area 0.007054 below minimum 0.01
[SRD rewrite] added patch=13, position=(0.832, 0.061, -0.387), improvement=0.000180
SRD step 1900: evaluated 27 candidates, 1 promising, accepted 2
  Accepted AddPatch at patch 13, improvement=0.000180
  Mandatory DeletePatch(6) at patch 6, reason=Area 0.007054 below minimum 0.01
  Total patches: 14, total adds: 16, total deletes: 22
  step 1900/2000: loss=0.079838, patches=14
SRD step 1950: evaluated 27 candidates, 0 promising, accepted 0
  Total patches: 14, total adds: 16, total deletes: 22
  step 1950/2000: loss=0.076720, patches=14
SRD step 2000: evaluated 27 candidates, 0 promising, accepted 0
  Total patches: 14, total adds: 16, total deletes: 22
  step 2000/2000: loss=0.075927, patches=14
[SRD rewrite] deleted patch=1, position=(1.790, -0.432, 2.235), reason=final deletion pass improved loss
[Trial 3] done: loss=0.075083, time=6645.6s
[Run] report written to results/slurm/20260718_1833/ablation_water_fire_full/output.txt
