## SLURM PROLOG ###############################################################
##    Job ID : 4080006
##  Job Name : 20260718_0340_patchsize_cat_face_bass_30
##  Nodelist : gpu2503
##      CPUs : 
##  Mem/Node : 128000 MB
## Directory : /oscar/home/cjmok/automated-perspective-sculptor
##   Job Started : Sat Jul 18 04:17:26 AM EDT 2026
###############################################################################
[Swept volume] building (resolution=256)...
[Run] mode=full, trials=3, seeds=[0, 1, 2], steps=1000, srd=True, ablation_flags={'disable_swept_volume_adds': False, 'loss_only_deletion': False, 'disable_splitting': False}
[Trial 1/3] seed=0
[Patch] mapbox-earcut is not installed; falling back to fan fill, so non-convex pieces will render incorrectly. Install it with: pip install mapbox-earcut
[SRD rewrite] added patch=30, position=(-0.054, 0.094, 1.584), improvement=0.030259
[SRD rewrite] added patch=31, position=(-0.982, 0.064, 1.580), improvement=0.029798
[SRD rewrite] added patch=32, position=(0.698, 0.329, -1.445), improvement=0.029793
SRD step 50: evaluated 27 candidates, 27 promising, accepted 3
  Accepted AddPatch at patch 30, improvement=0.030259
  Accepted AddPatch at patch 31, improvement=0.029798
  Accepted AddPatch at patch 32, improvement=0.029793
  Total patches: 33, total adds: 3, total deletes: 0
  step 50/1000: loss=0.532235, patches=30
[SRD rewrite] deleted patch=32, position=(0.698, 0.329, -1.445), reason=Area 0.009291 below minimum 0.01
[SRD rewrite] deleted patch=30, position=(-0.100, 0.101, 1.530), reason=Area 0.003810 below minimum 0.01
[SRD rewrite] split patch=3, children=30,31, improvement=0.015865
[SRD rewrite] added patch=32, position=(-0.466, -0.708, 1.589), improvement=0.016404
[SRD rewrite] added patch=33, position=(0.650, -0.762, 1.360), improvement=0.014953
SRD step 100: evaluated 27 candidates, 27 promising, accepted 5
  Accepted AddPatch at patch 32, improvement=0.016404
  Accepted SplitPatch(3) at patch 3, improvement=0.015865
  Accepted AddPatch at patch 33, improvement=0.014953
  Mandatory DeletePatch(30) at patch 30, reason=Area 0.003810 below minimum 0.01
  Mandatory DeletePatch(32) at patch 32, reason=Area 0.009291 below minimum 0.01
  Total patches: 34, total adds: 6, total deletes: 2
  step 100/1000: loss=0.362508, patches=33
[SRD rewrite] deleted patch=31, position=(-2.469, 0.850, -1.964), reason=Area 0.004854 below minimum 0.01
[SRD rewrite] deleted patch=30, position=(-2.461, 1.038, -2.061), reason=Area 0.000759 below minimum 0.01
[SRD rewrite] deleted patch=14, position=(0.618, 0.227, 2.138), reason=Area 0.009723 below minimum 0.01
[SRD rewrite] added patch=31, position=(0.397, 0.162, 1.513), improvement=0.012483
[SRD rewrite] added patch=32, position=(-0.964, 0.486, -0.946), improvement=0.012108
[SRD rewrite] restored patch=33, position=(0.698, 0.329, -1.445), improvement=0.011862
SRD step 150: evaluated 27 candidates, 27 promising, accepted 6
  Accepted AddPatch at patch 31, improvement=0.012483
  Accepted AddPatch at patch 32, improvement=0.012108
  Accepted RestorePatch(0) at patch 33, improvement=0.011862
  Mandatory DeletePatch(14) at patch 14, reason=Area 0.009723 below minimum 0.01
  Mandatory DeletePatch(30) at patch 30, reason=Area 0.000759 below minimum 0.01
  Mandatory DeletePatch(31) at patch 31, reason=Area 0.004854 below minimum 0.01
  Total patches: 34, total adds: 9, total deletes: 5
  step 150/1000: loss=0.255355, patches=34
[SRD rewrite] deleted patch=33, position=(0.698, 0.329, -1.445), reason=Area 0.009291 below minimum 0.01
[SRD rewrite] deleted patch=32, position=(-1.008, 0.470, -0.820), reason=Area 0.002196 below minimum 0.01
[SRD rewrite] deleted patch=31, position=(0.302, 0.158, 1.493), reason=Area 0.000212 below minimum 0.01
[SRD rewrite] deleted patch=27, position=(-0.488, -0.115, -1.583), reason=Area 0.001243 below minimum 0.01
SRD step 200: evaluated 27 candidates, 0 promising, accepted 4
  Mandatory DeletePatch(27) at patch 27, reason=Area 0.001243 below minimum 0.01
  Mandatory DeletePatch(31) at patch 31, reason=Area 0.000212 below minimum 0.01
  Mandatory DeletePatch(32) at patch 32, reason=Area 0.002196 below minimum 0.01
  Mandatory DeletePatch(33) at patch 33, reason=Area 0.009291 below minimum 0.01
  Total patches: 30, total adds: 9, total deletes: 9
  step 200/1000: loss=0.190288, patches=34
[SRD rewrite] deleted patch=29, position=(0.746, -0.839, 1.484), reason=Area 0.000242 below minimum 0.01
[SRD rewrite] deleted patch=27, position=(-0.939, 0.151, 1.533), reason=Area 0.003498 below minimum 0.01
[SRD rewrite] deleted patch=13, position=(-0.564, 0.271, -1.804), reason=delete has no image effect
SRD step 250: evaluated 27 candidates, 0 promising, accepted 3
  Mandatory DeletePatch(27) at patch 27, reason=Area 0.003498 below minimum 0.01
  Mandatory DeletePatch(29) at patch 29, reason=Area 0.000242 below minimum 0.01
  Mandatory DeletePatch(13) at patch 13, reason=delete has no image effect
  Total patches: 27, total adds: 9, total deletes: 12
  step 250/1000: loss=0.169070, patches=30
SRD step 300: evaluated 27 candidates, 0 promising, accepted 0
  Total patches: 27, total adds: 9, total deletes: 12
  step 300/1000: loss=0.162130, patches=27
SRD step 350: evaluated 27 candidates, 0 promising, accepted 0
  Total patches: 27, total adds: 9, total deletes: 12
  step 350/1000: loss=0.154502, patches=27
SRD step 400: evaluated 27 candidates, 0 promising, accepted 0
  Total patches: 27, total adds: 9, total deletes: 12
  step 400/1000: loss=0.145460, patches=27
SRD step 450: evaluated 27 candidates, 0 promising, accepted 0
  Total patches: 27, total adds: 9, total deletes: 12
  step 450/1000: loss=0.138141, patches=27
[SRD rewrite] deleted patch=4, position=(0.636, -1.408, 1.386), reason=Area 0.008739 below minimum 0.01
[SRD rewrite] added patch=26, position=(0.597, -0.949, 0.860), improvement=0.003577
SRD step 500: evaluated 27 candidates, 22 promising, accepted 4
  Accepted AddPatch at patch 26, improvement=0.003577
  Accepted SplitPatch(5) at patch 5, improvement=0.003530
  Accepted SplitPatch(12) at patch 12, improvement=0.003530
  Mandatory DeletePatch(4) at patch 4, reason=Area 0.008739 below minimum 0.01
  Total patches: 27, total adds: 10, total deletes: 13
  step 500/1000: loss=0.133927, patches=27
[SRD rewrite] deleted patch=26, position=(0.570, -0.951, 0.990), reason=Area 0.008052 below minimum 0.01
SRD step 550: evaluated 27 candidates, 0 promising, accepted 1
  Mandatory DeletePatch(26) at patch 26, reason=Area 0.008052 below minimum 0.01
  Total patches: 26, total adds: 10, total deletes: 14
  step 550/1000: loss=0.128589, patches=27
SRD step 600: evaluated 27 candidates, 0 promising, accepted 0
  Total patches: 26, total adds: 10, total deletes: 14
  step 600/1000: loss=0.128703, patches=26
[SRD rewrite] deleted patch=13, position=(1.333, -1.161, 2.205), reason=Area 0.007148 below minimum 0.01
[SRD rewrite] added patch=25, position=(0.136, 0.318, -0.577), improvement=0.005362
[SRD rewrite] restored patch=26, position=(-0.100, 0.101, 1.530), improvement=0.005013
[SRD rewrite] added patch=27, position=(0.886, 0.643, -1.213), improvement=0.004767
SRD step 650: evaluated 27 candidates, 24 promising, accepted 4
  Accepted AddPatch at patch 25, improvement=0.005362
  Accepted RestorePatch(0) at patch 26, improvement=0.005013
  Accepted AddPatch at patch 27, improvement=0.004767
  Mandatory DeletePatch(13) at patch 13, reason=Area 0.007148 below minimum 0.01
  Total patches: 28, total adds: 13, total deletes: 15
  step 650/1000: loss=0.122199, patches=26
[SRD rewrite] deleted patch=27, position=(0.886, 0.643, -1.213), reason=Area 0.009291 below minimum 0.01
[SRD rewrite] deleted patch=26, position=(-0.089, 0.188, 1.593), reason=Area 0.000293 below minimum 0.01
[SRD rewrite] deleted patch=25, position=(0.136, 0.318, -0.577), reason=Area 0.009291 below minimum 0.01
SRD step 700: evaluated 27 candidates, 0 promising, accepted 3
  Mandatory DeletePatch(25) at patch 25, reason=Area 0.009291 below minimum 0.01
  Mandatory DeletePatch(26) at patch 26, reason=Area 0.000293 below minimum 0.01
  Mandatory DeletePatch(27) at patch 27, reason=Area 0.009291 below minimum 0.01
  Total patches: 25, total adds: 13, total deletes: 18
  step 700/1000: loss=0.110792, patches=28
SRD step 750: evaluated 27 candidates, 0 promising, accepted 0
  Total patches: 25, total adds: 13, total deletes: 18
  step 750/1000: loss=0.110604, patches=25
[SRD rewrite] deleted patch=19, position=(0.642, -0.729, -2.393), reason=Area 0.006710 below minimum 0.01
SRD step 800: evaluated 27 candidates, 0 promising, accepted 1
  Mandatory DeletePatch(19) at patch 19, reason=Area 0.006710 below minimum 0.01
  Total patches: 24, total adds: 13, total deletes: 19
  step 800/1000: loss=0.110002, patches=25
SRD step 850: evaluated 27 candidates, 0 promising, accepted 0
  Total patches: 24, total adds: 13, total deletes: 19
  step 850/1000: loss=0.106696, patches=24
[SRD rewrite] added patch=24, position=(-0.664, 0.563, 1.486), improvement=0.000034
SRD step 900: evaluated 27 candidates, 1 promising, accepted 1
  Accepted AddPatch at patch 24, improvement=0.000034
  Total patches: 25, total adds: 14, total deletes: 19
  step 900/1000: loss=0.105428, patches=24
[SRD rewrite] deleted patch=24, position=(-0.667, 0.561, 1.484), reason=Area 0.008263 below minimum 0.01
SRD step 950: evaluated 27 candidates, 0 promising, accepted 1
  Mandatory DeletePatch(24) at patch 24, reason=Area 0.008263 below minimum 0.01
  Total patches: 24, total adds: 14, total deletes: 20
  step 950/1000: loss=0.105488, patches=25
SRD step 1000: evaluated 27 candidates, 0 promising, accepted 0
  Total patches: 24, total adds: 14, total deletes: 20
  step 1000/1000: loss=0.104348, patches=24
[SRD rewrite] deleted patch=3, position=(-2.326, -0.286, -1.458), reason=final deletion pass improved loss
[SRD rewrite] deleted patch=7, position=(-1.186, 0.094, -1.766), reason=final deletion pass improved loss
[SRD rewrite] deleted patch=17, position=(-0.971, 0.653, -2.397), reason=final deletion pass improved loss
[Trial 1] done: loss=0.094653, time=8280.1s
[Trial 2/3] seed=1
[SRD rewrite] split patch=20, children=29,30, improvement=0.018467
[SRD rewrite] added patch=31, position=(0.498, 0.458, 1.382), improvement=0.018233
[SRD rewrite] added patch=32, position=(0.649, 0.397, -0.206), improvement=0.018045
SRD step 50: evaluated 27 candidates, 27 promising, accepted 3
  Accepted SplitPatch(20) at patch 20, improvement=0.018467
  Accepted AddPatch at patch 31, improvement=0.018233
  Accepted AddPatch at patch 32, improvement=0.018045
  Total patches: 33, total adds: 3, total deletes: 0
  step 50/1000: loss=0.468443, patches=30
[SRD rewrite] deleted patch=29, position=(-1.439, 1.182, 1.004), reason=Area 0.002790 below minimum 0.01
[SRD rewrite] added patch=32, position=(-0.513, -0.639, 1.657), improvement=0.007834
[SRD rewrite] added patch=33, position=(0.656, -0.713, 1.654), improvement=0.006786
[SRD rewrite] added patch=34, position=(0.378, 2.193, 1.576), improvement=0.006438
SRD step 100: evaluated 27 candidates, 24 promising, accepted 4
  Accepted AddPatch at patch 32, improvement=0.007834
  Accepted AddPatch at patch 33, improvement=0.006786
  Accepted AddPatch at patch 34, improvement=0.006438
  Mandatory DeletePatch(29) at patch 29, reason=Area 0.002790 below minimum 0.01
  Total patches: 35, total adds: 6, total deletes: 1
  step 100/1000: loss=0.366323, patches=33
[SRD rewrite] deleted patch=34, position=(0.378, 2.193, 1.576), reason=Area 0.009291 below minimum 0.01
[SRD rewrite] split patch=29, children=33,34, improvement=0.005149
[SRD rewrite] added patch=35, position=(0.212, -0.512, 1.619), improvement=0.004661
[SRD rewrite] added patch=36, position=(0.463, 0.155, 1.449), improvement=0.004620
SRD step 150: evaluated 27 candidates, 23 promising, accepted 4
  Accepted SplitPatch(29) at patch 29, improvement=0.005149
  Accepted AddPatch at patch 35, improvement=0.004661
  Accepted AddPatch at patch 36, improvement=0.004620
  Mandatory DeletePatch(34) at patch 34, reason=Area 0.009291 below minimum 0.01
  Total patches: 37, total adds: 9, total deletes: 2
  step 150/1000: loss=0.300555, patches=35
[SRD rewrite] deleted patch=36, position=(0.524, 0.226, 1.473), reason=Area 0.000339 below minimum 0.01
[SRD rewrite] deleted patch=35, position=(0.119, -0.528, 1.507), reason=Area 0.000999 below minimum 0.01
[SRD rewrite] deleted patch=34, position=(-1.516, 1.095, 1.057), reason=Area 0.002453 below minimum 0.01
[SRD rewrite] deleted patch=33, position=(-1.457, 1.256, 1.206), reason=Area 0.000451 below minimum 0.01
[SRD rewrite] deleted patch=22, position=(-0.996, 0.414, 1.079), reason=Area 0.006854 below minimum 0.01
[SRD rewrite] added patch=32, position=(0.610, -0.599, 1.437), improvement=0.003511
[SRD rewrite] restored patch=33, position=(0.524, 0.226, 1.473), improvement=0.002569
[SRD rewrite] added patch=34, position=(-0.952, 0.844, -1.140), improvement=0.002514
SRD step 200: evaluated 27 candidates, 24 promising, accepted 8
  Accepted AddPatch at patch 32, improvement=0.003511
  Accepted RestorePatch(4) at patch 33, improvement=0.002569
  Accepted AddPatch at patch 34, improvement=0.002514
  Mandatory DeletePatch(22) at patch 22, reason=Area 0.006854 below minimum 0.01
  Mandatory DeletePatch(33) at patch 33, reason=Area 0.000451 below minimum 0.01
  Mandatory DeletePatch(34) at patch 34, reason=Area 0.002453 below minimum 0.01
  Mandatory DeletePatch(35) at patch 35, reason=Area 0.000999 below minimum 0.01
  Mandatory DeletePatch(36) at patch 36, reason=Area 0.000339 below minimum 0.01
  Total patches: 35, total adds: 12, total deletes: 7
  step 200/1000: loss=0.230825, patches=37
[SRD rewrite] deleted patch=34, position=(-0.941, 0.809, -1.103), reason=Area 0.000752 below minimum 0.01
[SRD rewrite] deleted patch=33, position=(0.613, 0.349, 1.543), reason=Area 0.000339 below minimum 0.01
[SRD rewrite] deleted patch=32, position=(0.676, -0.556, 1.387), reason=Area 0.005798 below minimum 0.01
[SRD rewrite] deleted patch=29, position=(1.024, 0.151, -0.162), reason=Area 0.000331 below minimum 0.01
[SRD rewrite] deleted patch=27, position=(-0.266, 0.783, 0.317), reason=Area 0.009203 below minimum 0.01
[SRD rewrite] added patch=30, position=(-0.256, -0.851, 1.989), improvement=0.000694
[SRD rewrite] added patch=31, position=(0.749, -0.743, 1.280), improvement=0.000239
[SRD rewrite] added patch=32, position=(-0.050, 0.366, 1.377), improvement=0.000127
SRD step 250: evaluated 27 candidates, 3 promising, accepted 8
  Accepted AddPatch at patch 30, improvement=0.000694
  Accepted AddPatch at patch 31, improvement=0.000239
  Accepted AddPatch at patch 32, improvement=0.000127
  Mandatory DeletePatch(27) at patch 27, reason=Area 0.009203 below minimum 0.01
  Mandatory DeletePatch(29) at patch 29, reason=Area 0.000331 below minimum 0.01
  Mandatory DeletePatch(32) at patch 32, reason=Area 0.005798 below minimum 0.01
  Mandatory DeletePatch(33) at patch 33, reason=Area 0.000339 below minimum 0.01
  Mandatory DeletePatch(34) at patch 34, reason=Area 0.000752 below minimum 0.01
  Total patches: 33, total adds: 15, total deletes: 12
  step 250/1000: loss=0.184557, patches=35
[SRD rewrite] deleted patch=32, position=(-0.192, 0.493, 1.492), reason=Area 0.000439 below minimum 0.01
[SRD rewrite] deleted patch=30, position=(-0.312, -0.923, 1.838), reason=Area 0.003213 below minimum 0.01
[SRD rewrite] added patch=31, position=(1.147, 1.206, 0.194), improvement=0.002014
[SRD rewrite] added patch=32, position=(0.122, -0.376, 1.562), improvement=0.000832
[SRD rewrite] added patch=33, position=(0.389, -1.016, 0.959), improvement=0.000684
SRD step 300: evaluated 27 candidates, 20 promising, accepted 5
  Accepted AddPatch at patch 31, improvement=0.002014
  Accepted AddPatch at patch 32, improvement=0.000832
  Accepted AddPatch at patch 33, improvement=0.000684
  Mandatory DeletePatch(30) at patch 30, reason=Area 0.003213 below minimum 0.01
  Mandatory DeletePatch(32) at patch 32, reason=Area 0.000439 below minimum 0.01
  Total patches: 34, total adds: 18, total deletes: 14
  step 300/1000: loss=0.153601, patches=33
[SRD rewrite] deleted patch=33, position=(0.380, -1.114, 0.810), reason=Area 0.000353 below minimum 0.01
[SRD rewrite] deleted patch=32, position=(0.004, -0.400, 1.458), reason=Area 0.002133 below minimum 0.01
[SRD rewrite] deleted patch=27, position=(0.634, 0.503, 1.405), reason=Area 0.008130 below minimum 0.01
[SRD rewrite] deleted patch=20, position=(-0.469, -0.053, 1.599), reason=Area 0.009715 below minimum 0.01
SRD step 350: evaluated 27 candidates, 0 promising, accepted 4
  Mandatory DeletePatch(20) at patch 20, reason=Area 0.009715 below minimum 0.01
  Mandatory DeletePatch(27) at patch 27, reason=Area 0.008130 below minimum 0.01
  Mandatory DeletePatch(32) at patch 32, reason=Area 0.002133 below minimum 0.01
  Mandatory DeletePatch(33) at patch 33, reason=Area 0.000353 below minimum 0.01
  Total patches: 30, total adds: 18, total deletes: 18
  step 350/1000: loss=0.131852, patches=34
SRD step 400: evaluated 27 candidates, 0 promising, accepted 0
  Total patches: 30, total adds: 18, total deletes: 18
  step 400/1000: loss=0.128417, patches=30
[SRD rewrite] deleted patch=22, position=(-0.456, 0.209, -1.712), reason=Area 0.006887 below minimum 0.01
[SRD rewrite] deleted patch=20, position=(-1.135, 0.157, 0.200), reason=delete has no image effect
SRD step 450: evaluated 27 candidates, 0 promising, accepted 2
  Mandatory DeletePatch(22) at patch 22, reason=Area 0.006887 below minimum 0.01
  Mandatory DeletePatch(20) at patch 20, reason=delete has no image effect
  Total patches: 28, total adds: 18, total deletes: 20
  step 450/1000: loss=0.116003, patches=30
[SRD rewrite] deleted patch=5, position=(-0.812, 1.386, -0.731), reason=Area 0.001276 below minimum 0.01
[SRD rewrite] deleted patch=7, position=(-0.433, 0.595, 0.498), reason=delete has no image effect
SRD step 500: evaluated 27 candidates, 0 promising, accepted 2
  Mandatory DeletePatch(5) at patch 5, reason=Area 0.001276 below minimum 0.01
  Mandatory DeletePatch(7) at patch 7, reason=delete has no image effect
  Total patches: 26, total adds: 18, total deletes: 22
  step 500/1000: loss=0.116441, patches=28
SRD step 550: evaluated 27 candidates, 0 promising, accepted 0
  Total patches: 26, total adds: 18, total deletes: 22
  step 550/1000: loss=0.116612, patches=26
[SRD rewrite] deleted patch=21, position=(-0.535, 0.575, 1.551), reason=Area 0.008066 below minimum 0.01
SRD step 600: evaluated 27 candidates, 0 promising, accepted 1
  Mandatory DeletePatch(21) at patch 21, reason=Area 0.008066 below minimum 0.01
  Total patches: 25, total adds: 18, total deletes: 23
  step 600/1000: loss=0.122706, patches=26
[SRD rewrite] deleted patch=23, position=(0.980, -0.465, 1.277), reason=Area 0.006319 below minimum 0.01
SRD step 650: evaluated 27 candidates, 0 promising, accepted 1
  Mandatory DeletePatch(23) at patch 23, reason=Area 0.006319 below minimum 0.01
  Total patches: 24, total adds: 18, total deletes: 24
  step 650/1000: loss=0.119360, patches=25
SRD step 700: evaluated 27 candidates, 0 promising, accepted 0
  Total patches: 24, total adds: 18, total deletes: 24
  step 700/1000: loss=0.120922, patches=24
SRD step 750: evaluated 27 candidates, 0 promising, accepted 0
  Total patches: 24, total adds: 18, total deletes: 24
  step 750/1000: loss=0.129083, patches=24
SRD step 800: evaluated 27 candidates, 0 promising, accepted 0
  Total patches: 24, total adds: 18, total deletes: 24
  step 800/1000: loss=0.128064, patches=24
SRD step 850: evaluated 27 candidates, 0 promising, accepted 0
  Total patches: 24, total adds: 18, total deletes: 24
  step 850/1000: loss=0.128726, patches=24
SRD step 900: evaluated 27 candidates, 0 promising, accepted 0
  Total patches: 24, total adds: 18, total deletes: 24
  step 900/1000: loss=0.124343, patches=24
[SRD rewrite] deleted patch=17, position=(-0.637, 0.579, -1.552), reason=delete has no image effect
SRD step 950: evaluated 27 candidates, 0 promising, accepted 1
  Mandatory DeletePatch(17) at patch 17, reason=delete has no image effect
  Total patches: 23, total adds: 18, total deletes: 25
  step 950/1000: loss=0.129725, patches=24
[SRD rewrite] deleted patch=9, position=(-1.248, 0.529, -0.263), reason=delete has no image effect
[SRD rewrite] added patch=22, position=(0.017, -0.694, 1.245), improvement=0.000383
[SRD rewrite] added patch=23, position=(-0.413, 0.317, 1.534), improvement=0.000057
SRD step 1000: evaluated 27 candidates, 2 promising, accepted 3
  Accepted AddPatch at patch 22, improvement=0.000383
  Accepted AddPatch at patch 23, improvement=0.000057
  Mandatory DeletePatch(9) at patch 9, reason=delete has no image effect
  Total patches: 24, total adds: 20, total deletes: 26
  step 1000/1000: loss=0.126713, patches=23
[SRD rewrite] deleted patch=23, position=(-0.413, 0.317, 1.534), reason=Area 0.009291 below minimum 0.01
[SRD rewrite] deleted patch=22, position=(0.017, -0.694, 1.245), reason=Area 0.009291 below minimum 0.01
[SRD rewrite] deleted patch=15, position=(0.391, 0.711, -2.367), reason=final deletion pass improved loss
[Trial 2] done: loss=0.126674, time=8756.8s
[Trial 3/3] seed=2
[SRD rewrite] added patch=30, position=(0.869, -0.597, 0.945), improvement=0.024488
[SRD rewrite] added patch=31, position=(0.633, -0.641, 1.565), improvement=0.022902
[SRD rewrite] added patch=32, position=(-1.183, 0.268, -1.519), improvement=0.022647
SRD step 50: evaluated 27 candidates, 27 promising, accepted 3
  Accepted AddPatch at patch 30, improvement=0.024488
  Accepted AddPatch at patch 31, improvement=0.022902
  Accepted AddPatch at patch 32, improvement=0.022647
  Total patches: 33, total adds: 3, total deletes: 0
  step 50/1000: loss=0.500133, patches=30
[SRD rewrite] deleted patch=32, position=(-1.188, 0.301, -1.415), reason=Area 0.008412 below minimum 0.01
[SRD rewrite] deleted patch=29, position=(-1.669, 0.071, -0.077), reason=Area 0.003348 below minimum 0.01
[SRD rewrite] split patch=24, children=30,31, improvement=0.016917
[SRD rewrite] added patch=32, position=(-0.480, -0.735, 1.698), improvement=0.011915
[SRD rewrite] added patch=33, position=(0.732, -0.630, 1.390), improvement=0.011427
SRD step 100: evaluated 27 candidates, 26 promising, accepted 5
  Accepted SplitPatch(24) at patch 24, improvement=0.016917
  Accepted AddPatch at patch 32, improvement=0.011915
  Accepted AddPatch at patch 33, improvement=0.011427
  Mandatory DeletePatch(29) at patch 29, reason=Area 0.003348 below minimum 0.01
  Mandatory DeletePatch(32) at patch 32, reason=Area 0.008412 below minimum 0.01
  Total patches: 34, total adds: 6, total deletes: 2
  step 100/1000: loss=0.351763, patches=33
[SRD rewrite] deleted patch=31, position=(1.169, -0.022, -1.485), reason=Area 0.001946 below minimum 0.01
[SRD rewrite] deleted patch=30, position=(1.161, 0.186, -1.484), reason=Area 0.006226 below minimum 0.01
[SRD rewrite] deleted patch=21, position=(-0.942, 0.177, -2.405), reason=Area 0.005602 below minimum 0.01
[SRD rewrite] deleted patch=16, position=(-1.644, 1.481, -0.185), reason=Area 0.006049 below minimum 0.01
[SRD rewrite] added patch=30, position=(-0.172, -0.869, 1.657), improvement=0.010702
[SRD rewrite] added patch=31, position=(-0.226, -0.466, 1.776), improvement=0.010581
[SRD rewrite] restored patch=32, position=(1.161, 0.186, -1.484), improvement=0.009629
SRD step 150: evaluated 27 candidates, 24 promising, accepted 7
  Accepted AddPatch at patch 30, improvement=0.010702
  Accepted AddPatch at patch 31, improvement=0.010581
  Accepted RestorePatch(4) at patch 32, improvement=0.009629
  Mandatory DeletePatch(16) at patch 16, reason=Area 0.006049 below minimum 0.01
  Mandatory DeletePatch(21) at patch 21, reason=Area 0.005602 below minimum 0.01
  Mandatory DeletePatch(30) at patch 30, reason=Area 0.006226 below minimum 0.01
  Mandatory DeletePatch(31) at patch 31, reason=Area 0.001946 below minimum 0.01
  Total patches: 33, total adds: 9, total deletes: 6
  step 150/1000: loss=0.251297, patches=34
[SRD rewrite] deleted patch=29, position=(0.664, -0.752, 1.470), reason=Area 0.008559 below minimum 0.01
[SRD rewrite] deleted patch=18, position=(-1.913, 0.142, 0.429), reason=Area 0.005644 below minimum 0.01
[SRD rewrite] added patch=31, position=(0.047, -0.642, 1.307), improvement=0.002778
[SRD rewrite] added patch=32, position=(-0.152, -1.045, 1.167), improvement=0.002617
[SRD rewrite] added patch=33, position=(0.857, 0.662, -0.576), improvement=0.001843
SRD step 200: evaluated 27 candidates, 22 promising, accepted 5
  Accepted AddPatch at patch 31, improvement=0.002778
  Accepted AddPatch at patch 32, improvement=0.002617
  Accepted AddPatch at patch 33, improvement=0.001843
  Mandatory DeletePatch(18) at patch 18, reason=Area 0.005644 below minimum 0.01
  Mandatory DeletePatch(29) at patch 29, reason=Area 0.008559 below minimum 0.01
  Total patches: 34, total adds: 12, total deletes: 8
  step 200/1000: loss=0.176241, patches=33
[SRD rewrite] deleted patch=6, position=(0.590, 0.354, -1.491), reason=Area 0.003766 below minimum 0.01
SRD step 250: evaluated 27 candidates, 0 promising, accepted 1
  Mandatory DeletePatch(6) at patch 6, reason=Area 0.003766 below minimum 0.01
  Total patches: 33, total adds: 12, total deletes: 9
  step 250/1000: loss=0.145345, patches=34
[SRD rewrite] deleted patch=28, position=(-0.316, -0.473, 1.930), reason=Area 0.001555 below minimum 0.01
[SRD rewrite] added patch=32, position=(0.182, -0.465, 1.603), improvement=0.003893
[SRD rewrite] added patch=33, position=(-0.800, 0.645, 0.774), improvement=0.003475
SRD step 300: evaluated 27 candidates, 24 promising, accepted 4
  Accepted AddPatch at patch 32, improvement=0.003893
  Accepted AddPatch at patch 33, improvement=0.003475
  Accepted SplitPatch(24) at patch 24, improvement=0.003374
  Mandatory DeletePatch(28) at patch 28, reason=Area 0.001555 below minimum 0.01
  Total patches: 34, total adds: 14, total deletes: 10
  step 300/1000: loss=0.134144, patches=33
[SRD rewrite] deleted patch=33, position=(-0.774, 0.635, 0.708), reason=Area 0.003677 below minimum 0.01
[SRD rewrite] deleted patch=32, position=(0.098, -0.500, 1.495), reason=Area 0.000625 below minimum 0.01
[SRD rewrite] deleted patch=27, position=(-0.146, -0.796, 1.635), reason=Area 0.009537 below minimum 0.01
SRD step 350: evaluated 27 candidates, 0 promising, accepted 3
  Mandatory DeletePatch(27) at patch 27, reason=Area 0.009537 below minimum 0.01
  Mandatory DeletePatch(32) at patch 32, reason=Area 0.000625 below minimum 0.01
  Mandatory DeletePatch(33) at patch 33, reason=Area 0.003677 below minimum 0.01
  Total patches: 31, total adds: 14, total deletes: 13
  step 350/1000: loss=0.119160, patches=34
SRD step 400: evaluated 27 candidates, 0 promising, accepted 0
  Total patches: 31, total adds: 14, total deletes: 13
  step 400/1000: loss=0.119214, patches=31
[SRD rewrite] deleted patch=25, position=(0.191, -1.202, 2.198), reason=Area 0.004352 below minimum 0.01
[SRD rewrite] added patch=30, position=(-1.227, 1.403, -0.109), improvement=0.008208
[SRD rewrite] restored patch=31, position=(-0.774, 0.635, 0.708), improvement=0.007774
[SRD rewrite] added patch=32, position=(-1.099, 1.262, 0.067), improvement=0.007532
SRD step 450: evaluated 27 candidates, 27 promising, accepted 4
  Accepted AddPatch at patch 30, improvement=0.008208
  Accepted RestorePatch(10) at patch 31, improvement=0.007774
  Accepted AddPatch at patch 32, improvement=0.007532
  Mandatory DeletePatch(25) at patch 25, reason=Area 0.004352 below minimum 0.01
  Total patches: 33, total adds: 17, total deletes: 14
  step 450/1000: loss=0.121547, patches=31
[SRD rewrite] deleted patch=32, position=(-1.140, 1.303, 0.094), reason=Area 0.001839 below minimum 0.01
[SRD rewrite] deleted patch=31, position=(-0.790, 0.639, 0.688), reason=Area 0.002943 below minimum 0.01
SRD step 500: evaluated 27 candidates, 0 promising, accepted 2
  Mandatory DeletePatch(31) at patch 31, reason=Area 0.002943 below minimum 0.01
  Mandatory DeletePatch(32) at patch 32, reason=Area 0.001839 below minimum 0.01
  Total patches: 31, total adds: 17, total deletes: 16
  step 500/1000: loss=0.109149, patches=33
SRD step 550: evaluated 27 candidates, 0 promising, accepted 0
  Total patches: 31, total adds: 17, total deletes: 16
  step 550/1000: loss=0.110515, patches=31
SRD step 600: evaluated 27 candidates, 0 promising, accepted 0
  Total patches: 31, total adds: 17, total deletes: 16
  step 600/1000: loss=0.108624, patches=31
SRD step 650: evaluated 27 candidates, 0 promising, accepted 0
  Total patches: 31, total adds: 17, total deletes: 16
  step 650/1000: loss=0.106677, patches=31
SRD step 700: evaluated 27 candidates, 0 promising, accepted 0
  Total patches: 31, total adds: 17, total deletes: 16
  step 700/1000: loss=0.104871, patches=31
SRD step 750: evaluated 27 candidates, 0 promising, accepted 0
  Total patches: 31, total adds: 17, total deletes: 16
  step 750/1000: loss=0.108724, patches=31
SRD step 800: evaluated 27 candidates, 0 promising, accepted 0
  Total patches: 31, total adds: 17, total deletes: 16
  step 800/1000: loss=0.104360, patches=31
[SRD rewrite] deleted patch=1, position=(0.156, -0.582, -2.170), reason=delete has no image effect
SRD step 850: evaluated 27 candidates, 0 promising, accepted 1
  Mandatory DeletePatch(1) at patch 1, reason=delete has no image effect
  Total patches: 30, total adds: 17, total deletes: 17
  step 850/1000: loss=0.100931, patches=31
SRD step 900: evaluated 27 candidates, 0 promising, accepted 0
  Total patches: 30, total adds: 17, total deletes: 17
  step 900/1000: loss=0.098404, patches=30
SRD step 950: evaluated 27 candidates, 0 promising, accepted 0
  Total patches: 30, total adds: 17, total deletes: 17
  step 950/1000: loss=0.097426, patches=30
[SRD rewrite] deleted patch=17, position=(1.421, -0.934, 0.676), reason=Area 0.008449 below minimum 0.01
SRD step 1000: evaluated 27 candidates, 24 promising, accepted 4
  Accepted SplitPatch(21) at patch 21, improvement=0.007927
  Accepted SplitPatch(12) at patch 12, improvement=0.007927
  Accepted SplitPatch(22) at patch 22, improvement=0.007927
  Mandatory DeletePatch(17) at patch 17, reason=Area 0.008449 below minimum 0.01
  Total patches: 29, total adds: 17, total deletes: 18
  step 1000/1000: loss=0.103369, patches=30
[SRD rewrite] deleted patch=9, position=(-2.380, -0.130, 1.032), reason=final deletion pass improved loss
[SRD rewrite] deleted patch=9, position=(-1.862, 0.385, 1.204), reason=final deletion pass improved loss
[SRD rewrite] deleted patch=11, position=(-2.394, 0.632, -0.069), reason=final deletion pass improved loss
[SRD rewrite] deleted patch=15, position=(-1.994, 1.547, 0.565), reason=final deletion pass improved loss
[SRD rewrite] deleted patch=16, position=(2.362, -0.336, -1.561), reason=final deletion pass improved loss
[Trial 3] done: loss=0.072594, time=9850.1s
[Run] report written to results/slurm/20260718_0340/patchsize_cat_face_bass_30/patches_30/with_srd/with_srd.txt
[Swept volume] building (resolution=256)...
[Run] mode=full, trials=3, seeds=[0, 1, 2], steps=1000, srd=False, ablation_flags={'disable_swept_volume_adds': True, 'loss_only_deletion': True, 'disable_splitting': False}
[Trial 1/3] seed=0
[Patch] mapbox-earcut is not installed; falling back to fan fill, so non-convex pieces will render incorrectly. Install it with: pip install mapbox-earcut
  step 50/1000: loss=0.532235, patches=30
  step 100/1000: loss=0.357609, patches=30
  step 150/1000: loss=0.283551, patches=30
  step 200/1000: loss=0.237248, patches=30
  step 250/1000: loss=0.201631, patches=30
  step 300/1000: loss=0.182454, patches=30
  step 350/1000: loss=0.168125, patches=30
  step 400/1000: loss=0.161371, patches=30
  step 450/1000: loss=0.158525, patches=30
  step 500/1000: loss=0.154142, patches=30
  step 550/1000: loss=0.153422, patches=30
  step 600/1000: loss=0.149524, patches=30
  step 650/1000: loss=0.141326, patches=30
  step 700/1000: loss=0.134048, patches=30
  step 750/1000: loss=0.134837, patches=30
  step 800/1000: loss=0.133915, patches=30
  step 850/1000: loss=0.134658, patches=30
  step 900/1000: loss=0.134477, patches=30
  step 950/1000: loss=0.135708, patches=30
  step 1000/1000: loss=0.135710, patches=30
[Trial 1] done: loss=0.135839, time=2479.6s
[Trial 2/3] seed=1
  step 50/1000: loss=0.468443, patches=30
  step 100/1000: loss=0.376616, patches=30
  step 150/1000: loss=0.326902, patches=30
  step 200/1000: loss=0.293730, patches=30
  step 250/1000: loss=0.266608, patches=30
  step 300/1000: loss=0.246835, patches=30
  step 350/1000: loss=0.224277, patches=30
  step 400/1000: loss=0.218007, patches=30
  step 450/1000: loss=0.217032, patches=30
  step 500/1000: loss=0.210447, patches=30
  step 550/1000: loss=0.202414, patches=30
  step 600/1000: loss=0.183146, patches=30
  step 650/1000: loss=0.166834, patches=30
  step 700/1000: loss=0.155370, patches=30
  step 750/1000: loss=0.154892, patches=30
  step 800/1000: loss=0.154050, patches=30
  step 850/1000: loss=0.153648, patches=30
  step 900/1000: loss=0.154411, patches=30
  step 950/1000: loss=0.152226, patches=30
  step 1000/1000: loss=0.151200, patches=30
[Trial 2] done: loss=0.150538, time=2541.9s
[Trial 3/3] seed=2
  step 50/1000: loss=0.500133, patches=30
  step 100/1000: loss=0.402173, patches=30
  step 150/1000: loss=0.344432, patches=30
  step 200/1000: loss=0.301433, patches=30
  step 250/1000: loss=0.267121, patches=30
  step 300/1000: loss=0.245305, patches=30
  step 350/1000: loss=0.218194, patches=30
  step 400/1000: loss=0.188656, patches=30
  step 450/1000: loss=0.190243, patches=30
  step 500/1000: loss=0.186013, patches=30
  step 550/1000: loss=0.182941, patches=30
  step 600/1000: loss=0.181934, patches=30
  step 650/1000: loss=0.181822, patches=30
  step 700/1000: loss=0.182593, patches=30
  step 750/1000: loss=0.179612, patches=30
  step 800/1000: loss=0.179265, patches=30
  step 850/1000: loss=0.176268, patches=30
  step 900/1000: loss=0.171063, patches=30
  step 950/1000: loss=0.167038, patches=30
  step 1000/1000: loss=0.163522, patches=30
[Trial 3] done: loss=0.163377, time=2496.5s
[Run] report written to results/slurm/20260718_0340/patchsize_cat_face_bass_30/patches_30/without_srd/without_srd.txt

======================================================================
Running 3 trials WITH SRD
======================================================================


======================================================================
Running 3 trials WITHOUT SRD
======================================================================


[Comparison] report written to results/slurm/20260718_0340/patchsize_cat_face_bass_30/patches_30/comparison.txt

======================================================================
SRD Patch Size Comparison
======================================================================
Started: 2026-07-18T04:17:31
Patch sizes: [30]
Trials per size: 3
Steps per trial: 1000
Output directory: results/slurm/20260718_0340/patchsize_cat_face_bass_30
======================================================================


======================================================================
Running comparison with 30 initial patches
  Target 1: images/cat_face.png
  Target 2: images/bass.png
  Trials: 3, Steps: 1000
======================================================================

[OK] Comparison with 30 patches completed successfully

======================================================================
Comparison Summary
======================================================================
Successful: 1/1
Total time: 35907.3 seconds (9.97 hours)
Summary report: results/slurm/20260718_0340/patchsize_cat_face_bass_30/SUMMARY.txt
======================================================================

