[Swept volume] building (resolution=108)...
[Run] mode=full, trials=3, seeds=[0, 1, 2], steps=2000, srd=True, ablation_flags={'disable_swept_volume_adds': False, 'loss_only_deletion': False, 'disable_splitting': False}
[Trial 1/3] seed=0
[Patch] mapbox-earcut is not installed; falling back to fan fill, so non-convex pieces will render incorrectly. Install it with: pip install mapbox-earcut
[SRD rewrite] split patch=0, children=19,20, improvement=0.022161
[SRD rewrite] added patch=21, position=(0.830, 0.856, 0.106), improvement=0.017651
[SRD rewrite] added patch=22, position=(0.740, 0.863, 0.066), improvement=0.017359
SRD step 50: evaluated 27 candidates, 27 promising, accepted 3
  Accepted SplitPatch(0) at patch 0, improvement=0.022161
  Accepted AddPatch at patch 21, improvement=0.017651
  Accepted AddPatch at patch 22, improvement=0.017359
  Total patches: 23, total adds: 3, total deletes: 0
  step 50/2000: loss=0.765806, patches=20
[SRD rewrite] deleted patch=20, position=(1.163, -0.019, -1.321), reason=Area 0.000952 below minimum 0.01
[SRD rewrite] deleted patch=19, position=(1.247, 0.225, -1.393), reason=Area 0.003903 below minimum 0.01
[SRD rewrite] split patch=10, children=20,21, improvement=0.022213
[SRD rewrite] added patch=22, position=(-0.647, 0.996, -1.197), improvement=0.014005
[SRD rewrite] added patch=23, position=(1.803, -2.408, 1.916), improvement=0.013794
SRD step 100: evaluated 27 candidates, 26 promising, accepted 5
  Accepted SplitPatch(10) at patch 10, improvement=0.022213
  Accepted AddPatch at patch 22, improvement=0.014005
  Accepted AddPatch at patch 23, improvement=0.013794
  Mandatory DeletePatch(19) at patch 19, reason=Area 0.003903 below minimum 0.01
  Mandatory DeletePatch(20) at patch 20, reason=Area 0.000952 below minimum 0.01
  Total patches: 24, total adds: 6, total deletes: 2
  step 100/2000: loss=0.618863, patches=23
[SRD rewrite] deleted patch=23, position=(1.803, -2.408, 1.916), reason=Area 0.009291 below minimum 0.01
[SRD rewrite] deleted patch=21, position=(-1.621, 0.838, 1.590), reason=Area 0.000867 below minimum 0.01
[SRD rewrite] deleted patch=20, position=(-1.635, 0.880, 1.460), reason=Area 0.001233 below minimum 0.01
[SRD rewrite] deleted patch=16, position=(1.715, -0.496, -0.304), reason=delete has no image effect
[SRD rewrite] added patch=20, position=(-0.164, 0.801, 1.946), improvement=0.002285
[SRD rewrite] added patch=21, position=(-1.668, -0.309, -1.745), improvement=0.001109
[SRD rewrite] restored patch=22, position=(1.803, -2.408, 1.916), improvement=0.001106
SRD step 150: evaluated 27 candidates, 20 promising, accepted 7
  Accepted AddPatch at patch 20, improvement=0.002285
  Accepted AddPatch at patch 21, improvement=0.001109
  Accepted RestorePatch(4) at patch 22, improvement=0.001106
  Mandatory DeletePatch(20) at patch 20, reason=Area 0.001233 below minimum 0.01
  Mandatory DeletePatch(21) at patch 21, reason=Area 0.000867 below minimum 0.01
  Mandatory DeletePatch(23) at patch 23, reason=Area 0.009291 below minimum 0.01
  Mandatory DeletePatch(16) at patch 16, reason=delete has no image effect
  Total patches: 23, total adds: 9, total deletes: 6
  step 150/2000: loss=0.534192, patches=24
[SRD rewrite] deleted patch=22, position=(1.803, -2.408, 1.916), reason=Area 0.009291 below minimum 0.01
[SRD rewrite] added patch=22, position=(-0.425, 0.156, 1.291), improvement=0.005072
SRD step 200: evaluated 27 candidates, 23 promising, accepted 4
  Accepted AddPatch at patch 22, improvement=0.005072
  Accepted SplitPatch(2) at patch 2, improvement=0.003400
  Accepted SplitPatch(13) at patch 13, improvement=0.003400
  Mandatory DeletePatch(22) at patch 22, reason=Area 0.009291 below minimum 0.01
  Total patches: 23, total adds: 10, total deletes: 7
  step 200/2000: loss=0.489925, patches=23
[SRD rewrite] deleted patch=20, position=(-0.276, 0.937, 1.667), reason=Area 0.009380 below minimum 0.01
[SRD rewrite] added patch=22, position=(-0.119, 1.238, -0.520), improvement=0.001932
[SRD rewrite] restored patch=23, position=(1.803, -2.408, 1.916), improvement=0.001467
SRD step 250: evaluated 27 candidates, 19 promising, accepted 4
  Accepted AddPatch at patch 22, improvement=0.001932
  Accepted RestorePatch(7) at patch 23, improvement=0.001467
  Accepted SplitPatch(6) at patch 6, improvement=0.001078
  Mandatory DeletePatch(20) at patch 20, reason=Area 0.009380 below minimum 0.01
  Total patches: 24, total adds: 12, total deletes: 8
  step 250/2000: loss=0.453243, patches=23
[SRD rewrite] deleted patch=23, position=(1.803, -2.408, 1.916), reason=Area 0.009291 below minimum 0.01
[SRD rewrite] added patch=23, position=(-1.110, 0.247, 1.510), improvement=0.005723
[SRD rewrite] added patch=24, position=(-0.669, -0.557, -0.820), improvement=0.004452
[SRD rewrite] added patch=25, position=(2.146, -2.309, 2.029), improvement=0.004067
SRD step 300: evaluated 27 candidates, 23 promising, accepted 4
  Accepted AddPatch at patch 23, improvement=0.005723
  Accepted AddPatch at patch 24, improvement=0.004452
  Accepted AddPatch at patch 25, improvement=0.004067
  Mandatory DeletePatch(23) at patch 23, reason=Area 0.009291 below minimum 0.01
  Total patches: 26, total adds: 15, total deletes: 9
  step 300/2000: loss=0.429873, patches=24
[SRD rewrite] deleted patch=25, position=(2.146, -2.309, 2.029), reason=Area 0.009291 below minimum 0.01
[SRD rewrite] deleted patch=24, position=(-0.553, -0.451, -0.974), reason=Area 0.000189 below minimum 0.01
[SRD rewrite] added patch=24, position=(0.687, 0.771, 0.971), improvement=0.000104
SRD step 350: evaluated 27 candidates, 1 promising, accepted 3
  Accepted AddPatch at patch 24, improvement=0.000104
  Mandatory DeletePatch(24) at patch 24, reason=Area 0.000189 below minimum 0.01
  Mandatory DeletePatch(25) at patch 25, reason=Area 0.009291 below minimum 0.01
  Total patches: 25, total adds: 16, total deletes: 11
  step 350/2000: loss=0.393003, patches=26
SRD step 400: evaluated 27 candidates, 0 promising, accepted 0
  Total patches: 25, total adds: 16, total deletes: 11
  step 400/2000: loss=0.368204, patches=25
SRD step 450: evaluated 27 candidates, 0 promising, accepted 0
  Total patches: 25, total adds: 16, total deletes: 11
  step 450/2000: loss=0.355873, patches=25
[SRD rewrite] added patch=25, position=(0.042, 0.990, -0.895), improvement=0.003108
[SRD rewrite] added patch=26, position=(-1.611, -0.575, -1.010), improvement=0.002378
[SRD rewrite] added patch=27, position=(-0.504, -0.541, -0.460), improvement=0.001778
SRD step 500: evaluated 27 candidates, 23 promising, accepted 3
  Accepted AddPatch at patch 25, improvement=0.003108
  Accepted AddPatch at patch 26, improvement=0.002378
  Accepted AddPatch at patch 27, improvement=0.001778
  Total patches: 28, total adds: 19, total deletes: 11
  step 500/2000: loss=0.344068, patches=25
[SRD rewrite] deleted patch=17, position=(0.794, 1.179, 0.362), reason=Area 0.008564 below minimum 0.01
SRD step 550: evaluated 27 candidates, 0 promising, accepted 1
  Mandatory DeletePatch(17) at patch 17, reason=Area 0.008564 below minimum 0.01
  Total patches: 27, total adds: 19, total deletes: 12
  step 550/2000: loss=0.328904, patches=28
[SRD rewrite] deleted patch=26, position=(-0.278, -0.360, -0.184), reason=Area 0.008130 below minimum 0.01
SRD step 600: evaluated 27 candidates, 0 promising, accepted 1
  Mandatory DeletePatch(26) at patch 26, reason=Area 0.008130 below minimum 0.01
  Total patches: 26, total adds: 19, total deletes: 13
  step 600/2000: loss=0.319916, patches=27
[SRD rewrite] added patch=26, position=(-0.037, 0.668, 0.485), improvement=0.000266
[SRD rewrite] added patch=27, position=(0.161, 0.578, 0.354), improvement=0.000108
SRD step 650: evaluated 27 candidates, 2 promising, accepted 2
  Accepted AddPatch at patch 26, improvement=0.000266
  Accepted AddPatch at patch 27, improvement=0.000108
  Total patches: 28, total adds: 21, total deletes: 13
  step 650/2000: loss=0.314951, patches=26
[SRD rewrite] deleted patch=26, position=(-0.052, 0.664, 0.590), reason=Area 0.009442 below minimum 0.01
[SRD rewrite] added patch=27, position=(-0.577, 0.614, -0.446), improvement=0.001353
SRD step 700: evaluated 27 candidates, 19 promising, accepted 4
  Accepted AddPatch at patch 27, improvement=0.001353
  Accepted SplitPatch(8) at patch 8, improvement=0.001236
  Accepted SplitPatch(16) at patch 16, improvement=0.001236
  Mandatory DeletePatch(26) at patch 26, reason=Area 0.009442 below minimum 0.01
  Total patches: 28, total adds: 22, total deletes: 14
  step 700/2000: loss=0.308448, patches=28
[SRD rewrite] deleted patch=27, position=(-0.661, 0.569, -0.433), reason=Area 0.000372 below minimum 0.01
SRD step 750: evaluated 27 candidates, 0 promising, accepted 1
  Mandatory DeletePatch(27) at patch 27, reason=Area 0.000372 below minimum 0.01
  Total patches: 27, total adds: 22, total deletes: 15
  step 750/2000: loss=0.306648, patches=28
[SRD rewrite] deleted patch=3, position=(-1.868, -1.527, -0.986), reason=Area 0.009795 below minimum 0.01
[SRD rewrite] added patch=26, position=(0.803, 0.507, 0.341), improvement=0.007065
[SRD rewrite] added patch=27, position=(-1.552, 0.885, -0.288), improvement=0.006241
[SRD rewrite] added patch=28, position=(1.643, 0.493, 0.293), improvement=0.006112
SRD step 800: evaluated 27 candidates, 23 promising, accepted 4
  Accepted AddPatch at patch 26, improvement=0.007065
  Accepted AddPatch at patch 27, improvement=0.006241
  Accepted AddPatch at patch 28, improvement=0.006112
  Mandatory DeletePatch(3) at patch 3, reason=Area 0.009795 below minimum 0.01
  Total patches: 29, total adds: 25, total deletes: 16
  step 800/2000: loss=0.302227, patches=27
[SRD rewrite] deleted patch=3, position=(0.907, -0.651, 1.707), reason=Area 0.007383 below minimum 0.01
SRD step 850: evaluated 27 candidates, 0 promising, accepted 1
  Mandatory DeletePatch(3) at patch 3, reason=Area 0.007383 below minimum 0.01
  Total patches: 28, total adds: 25, total deletes: 17
  step 850/2000: loss=0.267107, patches=29
SRD step 900: evaluated 27 candidates, 0 promising, accepted 0
  Total patches: 28, total adds: 25, total deletes: 17
  step 900/2000: loss=0.232218, patches=28
SRD step 950: evaluated 27 candidates, 0 promising, accepted 0
  Total patches: 28, total adds: 25, total deletes: 17
  step 950/2000: loss=0.217456, patches=28
[SRD rewrite] added patch=28, position=(-0.301, 1.069, 0.272), improvement=0.002785
[SRD rewrite] added patch=29, position=(0.581, -0.440, -0.808), improvement=0.002517
[SRD rewrite] added patch=30, position=(-1.576, -0.558, -0.943), improvement=0.002429
SRD step 1000: evaluated 27 candidates, 21 promising, accepted 3
  Accepted AddPatch at patch 28, improvement=0.002785
  Accepted AddPatch at patch 29, improvement=0.002517
  Accepted AddPatch at patch 30, improvement=0.002429
  Total patches: 31, total adds: 28, total deletes: 17
  step 1000/2000: loss=0.217189, patches=28
[SRD rewrite] deleted patch=30, position=(-1.652, -0.464, -1.091), reason=Area 0.000579 below minimum 0.01
[SRD rewrite] deleted patch=29, position=(0.637, -0.552, -0.637), reason=Area 0.001225 below minimum 0.01
[SRD rewrite] deleted patch=3, position=(-0.084, -0.349, -1.222), reason=Area 0.007693 below minimum 0.01
SRD step 1050: evaluated 27 candidates, 0 promising, accepted 3
  Mandatory DeletePatch(3) at patch 3, reason=Area 0.007693 below minimum 0.01
  Mandatory DeletePatch(29) at patch 29, reason=Area 0.001225 below minimum 0.01
  Mandatory DeletePatch(30) at patch 30, reason=Area 0.000579 below minimum 0.01
  Total patches: 28, total adds: 28, total deletes: 20
  step 1050/2000: loss=0.215063, patches=31
SRD step 1100: evaluated 27 candidates, 0 promising, accepted 0
  Total patches: 28, total adds: 28, total deletes: 20
  step 1100/2000: loss=0.220505, patches=28
SRD step 1150: evaluated 27 candidates, 0 promising, accepted 0
  Total patches: 28, total adds: 28, total deletes: 20
  step 1150/2000: loss=0.215227, patches=28
SRD step 1200: evaluated 27 candidates, 0 promising, accepted 0
  Total patches: 28, total adds: 28, total deletes: 20
  step 1200/2000: loss=0.214301, patches=28
SRD step 1250: evaluated 27 candidates, 0 promising, accepted 0
  Total patches: 28, total adds: 28, total deletes: 20
  step 1250/2000: loss=0.216345, patches=28
SRD step 1300: evaluated 27 candidates, 0 promising, accepted 0
  Total patches: 28, total adds: 28, total deletes: 20
  step 1300/2000: loss=0.219883, patches=28
SRD step 1350: evaluated 27 candidates, 0 promising, accepted 0
  Total patches: 28, total adds: 28, total deletes: 20
  step 1350/2000: loss=0.228548, patches=28
SRD step 1400: evaluated 27 candidates, 0 promising, accepted 0
  Total patches: 28, total adds: 28, total deletes: 20
  step 1400/2000: loss=0.234441, patches=28
SRD step 1450: evaluated 27 candidates, 0 promising, accepted 0
  Total patches: 28, total adds: 28, total deletes: 20
  step 1450/2000: loss=0.234788, patches=28
SRD step 1500: evaluated 27 candidates, 0 promising, accepted 0
  Total patches: 28, total adds: 28, total deletes: 20
  step 1500/2000: loss=0.233774, patches=28
[SRD rewrite] added patch=28, position=(0.004, -0.787, -0.393), improvement=0.001636
SRD step 1550: evaluated 27 candidates, 21 promising, accepted 3
  Accepted AddPatch at patch 28, improvement=0.001636
  Accepted SplitPatch(16) at patch 16, improvement=0.001500
  Accepted SplitPatch(14) at patch 14, improvement=0.001500
  Total patches: 29, total adds: 29, total deletes: 20
  step 1550/2000: loss=0.234548, patches=28
SRD step 1600: evaluated 27 candidates, 0 promising, accepted 0
  Total patches: 29, total adds: 29, total deletes: 20
  step 1600/2000: loss=0.224639, patches=29
SRD step 1650: evaluated 27 candidates, 0 promising, accepted 0
  Total patches: 29, total adds: 29, total deletes: 20
  step 1650/2000: loss=0.221244, patches=29
SRD step 1700: evaluated 27 candidates, 0 promising, accepted 0
  Total patches: 29, total adds: 29, total deletes: 20
  step 1700/2000: loss=0.224908, patches=29
SRD step 1750: evaluated 27 candidates, 0 promising, accepted 0
  Total patches: 29, total adds: 29, total deletes: 20
  step 1750/2000: loss=0.218824, patches=29
SRD step 1800: evaluated 27 candidates, 0 promising, accepted 0
  Total patches: 29, total adds: 29, total deletes: 20
  step 1800/2000: loss=0.218663, patches=29
SRD step 1850: evaluated 27 candidates, 0 promising, accepted 0
  Total patches: 29, total adds: 29, total deletes: 20
  step 1850/2000: loss=0.221156, patches=29
SRD step 1900: evaluated 27 candidates, 0 promising, accepted 0
  Total patches: 29, total adds: 29, total deletes: 20
  step 1900/2000: loss=0.217518, patches=29
SRD step 1950: evaluated 27 candidates, 0 promising, accepted 0
  Total patches: 29, total adds: 29, total deletes: 20
  step 1950/2000: loss=0.210274, patches=29
SRD step 2000: evaluated 27 candidates, 0 promising, accepted 0
  Total patches: 29, total adds: 29, total deletes: 20
  step 2000/2000: loss=0.212844, patches=29
[SRD rewrite] deleted patch=2, position=(-2.188, -2.487, -0.362), reason=final deletion pass improved loss
[SRD rewrite] deleted patch=7, position=(-1.873, -0.931, 2.498), reason=final deletion pass improved loss
[Trial 1] done: loss=0.191704, time=10637.0s
[Trial 2/3] seed=1
[SRD rewrite] split patch=14, children=19,20, improvement=0.012518
[SRD rewrite] split patch=7, children=20,21, improvement=0.016517
[SRD rewrite] added patch=22, position=(0.792, 0.866, 0.017), improvement=0.011950
SRD step 50: evaluated 27 candidates, 27 promising, accepted 3
  Accepted SplitPatch(7) at patch 7, improvement=0.016517
  Accepted SplitPatch(14) at patch 14, improvement=0.012518
  Accepted AddPatch at patch 22, improvement=0.011950
  Total patches: 23, total adds: 3, total deletes: 0
  step 50/2000: loss=0.797067, patches=20
[SRD rewrite] deleted patch=21, position=(0.537, 0.239, -1.860), reason=Area 0.003802 below minimum 0.01
[SRD rewrite] deleted patch=20, position=(0.452, 0.337, -2.025), reason=Area 0.005758 below minimum 0.01
[SRD rewrite] deleted patch=19, position=(1.106, -0.441, 1.572), reason=Area 0.003203 below minimum 0.01
[SRD rewrite] deleted patch=18, position=(1.149, -0.382, 1.485), reason=Area 0.001928 below minimum 0.01
[SRD rewrite] added patch=19, position=(0.110, 0.543, 0.334), improvement=0.012040
[SRD rewrite] added patch=20, position=(-1.613, -0.487, -1.224), improvement=0.011715
[SRD rewrite] added patch=21, position=(-1.327, -0.613, -0.632), improvement=0.011199
SRD step 100: evaluated 27 candidates, 27 promising, accepted 7
  Accepted AddPatch at patch 19, improvement=0.012040
  Accepted AddPatch at patch 20, improvement=0.011715
  Accepted AddPatch at patch 21, improvement=0.011199
  Mandatory DeletePatch(18) at patch 18, reason=Area 0.001928 below minimum 0.01
  Mandatory DeletePatch(19) at patch 19, reason=Area 0.003203 below minimum 0.01
  Mandatory DeletePatch(20) at patch 20, reason=Area 0.005758 below minimum 0.01
  Mandatory DeletePatch(21) at patch 21, reason=Area 0.003802 below minimum 0.01
  Total patches: 22, total adds: 6, total deletes: 4
  step 100/2000: loss=0.692818, patches=23
[SRD rewrite] split patch=8, children=21,22, improvement=0.009014
[SRD rewrite] added patch=23, position=(-1.412, 0.720, 0.597), improvement=0.003821
[SRD rewrite] added patch=24, position=(-1.796, 0.874, -0.370), improvement=0.003525
SRD step 150: evaluated 27 candidates, 23 promising, accepted 3
  Accepted SplitPatch(8) at patch 8, improvement=0.009014
  Accepted AddPatch at patch 23, improvement=0.003821
  Accepted AddPatch at patch 24, improvement=0.003525
  Total patches: 25, total adds: 9, total deletes: 4
  step 150/2000: loss=0.631913, patches=22
[SRD rewrite] deleted patch=24, position=(-1.751, 0.910, -0.321), reason=Area 0.004399 below minimum 0.01
[SRD rewrite] deleted patch=22, position=(0.222, -1.546, 0.790), reason=Area 0.001915 below minimum 0.01
[SRD rewrite] deleted patch=21, position=(0.336, -1.599, 0.756), reason=Area 0.000963 below minimum 0.01
[SRD rewrite] deleted patch=6, position=(-0.557, -1.380, -0.447), reason=Area 0.009941 below minimum 0.01
[SRD rewrite] added patch=21, position=(-1.537, 0.679, -0.379), improvement=0.010271
[SRD rewrite] restored patch=22, position=(-1.751, 0.910, -0.321), improvement=0.009007
[SRD rewrite] added patch=23, position=(1.280, -0.507, -0.379), improvement=0.008751
SRD step 200: evaluated 27 candidates, 23 promising, accepted 7
  Accepted AddPatch at patch 21, improvement=0.010271
  Accepted RestorePatch(7) at patch 22, improvement=0.009007
  Accepted AddPatch at patch 23, improvement=0.008751
  Mandatory DeletePatch(6) at patch 6, reason=Area 0.009941 below minimum 0.01
  Mandatory DeletePatch(21) at patch 21, reason=Area 0.000963 below minimum 0.01
  Mandatory DeletePatch(22) at patch 22, reason=Area 0.001915 below minimum 0.01
  Mandatory DeletePatch(24) at patch 24, reason=Area 0.004399 below minimum 0.01
  Total patches: 24, total adds: 12, total deletes: 8
  step 200/2000: loss=0.585098, patches=25
[SRD rewrite] deleted patch=23, position=(1.161, -0.556, -0.473), reason=Area 0.002591 below minimum 0.01
[SRD rewrite] deleted patch=22, position=(-1.683, 0.876, -0.353), reason=Area 0.001492 below minimum 0.01
[SRD rewrite] deleted patch=5, position=(-0.943, -0.640, -1.813), reason=Area 0.001058 below minimum 0.01
[SRD rewrite] added patch=21, position=(1.207, 0.103, -0.913), improvement=0.001874
[SRD rewrite] added patch=22, position=(-0.336, -0.966, 1.087), improvement=0.001815
[SRD rewrite] added patch=23, position=(0.870, 0.855, 0.064), improvement=0.001723
SRD step 250: evaluated 27 candidates, 19 promising, accepted 6
  Accepted AddPatch at patch 21, improvement=0.001874
  Accepted AddPatch at patch 22, improvement=0.001815
  Accepted AddPatch at patch 23, improvement=0.001723
  Mandatory DeletePatch(5) at patch 5, reason=Area 0.001058 below minimum 0.01
  Mandatory DeletePatch(22) at patch 22, reason=Area 0.001492 below minimum 0.01
  Mandatory DeletePatch(23) at patch 23, reason=Area 0.002591 below minimum 0.01
  Total patches: 24, total adds: 15, total deletes: 11
  step 250/2000: loss=0.539207, patches=24
[SRD rewrite] deleted patch=23, position=(0.881, 0.865, -0.062), reason=Area 0.002137 below minimum 0.01
[SRD rewrite] added patch=23, position=(-1.220, -0.099, 0.717), improvement=0.000780
[SRD rewrite] added patch=24, position=(0.695, 0.634, -0.230), improvement=0.000605
SRD step 300: evaluated 27 candidates, 2 promising, accepted 3
  Accepted AddPatch at patch 23, improvement=0.000780
  Accepted AddPatch at patch 24, improvement=0.000605
  Mandatory DeletePatch(23) at patch 23, reason=Area 0.002137 below minimum 0.01
  Total patches: 25, total adds: 17, total deletes: 12
  step 300/2000: loss=0.505871, patches=24
[SRD rewrite] added patch=25, position=(1.809, 0.733, -0.836), improvement=0.001559
[SRD rewrite] restored patch=26, position=(1.161, -0.556, -0.473), improvement=0.001069
SRD step 350: evaluated 27 candidates, 17 promising, accepted 3
  Accepted AddPatch at patch 25, improvement=0.001559
  Accepted RestorePatch(10) at patch 26, improvement=0.001069
  Accepted SplitPatch(18) at patch 18, improvement=0.000766
  Total patches: 27, total adds: 19, total deletes: 12
  step 350/2000: loss=0.460764, patches=25
[SRD rewrite] deleted patch=12, position=(-1.156, 0.767, -0.964), reason=Area 0.003891 below minimum 0.01
[SRD rewrite] added patch=26, position=(-1.209, 0.218, 1.292), improvement=0.003286
[SRD rewrite] restored patch=27, position=(0.881, 0.865, -0.062), improvement=0.002858
[SRD rewrite] added patch=28, position=(0.033, 0.919, 1.207), improvement=0.002277
SRD step 400: evaluated 27 candidates, 26 promising, accepted 4
  Accepted AddPatch at patch 26, improvement=0.003286
  Accepted RestorePatch(12) at patch 27, improvement=0.002858
  Accepted AddPatch at patch 28, improvement=0.002277
  Mandatory DeletePatch(12) at patch 12, reason=Area 0.003891 below minimum 0.01
  Total patches: 29, total adds: 22, total deletes: 13
  step 400/2000: loss=0.431280, patches=27
[SRD rewrite] deleted patch=27, position=(0.908, 0.891, -0.051), reason=Area 0.000160 below minimum 0.01
[SRD rewrite] deleted patch=26, position=(-1.151, 0.233, 1.349), reason=Area 0.004149 below minimum 0.01
SRD step 450: evaluated 27 candidates, 0 promising, accepted 2
  Mandatory DeletePatch(26) at patch 26, reason=Area 0.004149 below minimum 0.01
  Mandatory DeletePatch(27) at patch 27, reason=Area 0.000160 below minimum 0.01
  Total patches: 27, total adds: 22, total deletes: 15
  step 450/2000: loss=0.398125, patches=29
[SRD rewrite] added patch=27, position=(0.620, 0.197, 1.199), improvement=0.001229
SRD step 500: evaluated 27 candidates, 1 promising, accepted 1
  Accepted AddPatch at patch 27, improvement=0.001229
  Total patches: 28, total adds: 23, total deletes: 15
  step 500/2000: loss=0.377965, patches=27
SRD step 550: evaluated 27 candidates, 0 promising, accepted 0
  Total patches: 28, total adds: 23, total deletes: 15
  step 550/2000: loss=0.346995, patches=28
[SRD rewrite] split patch=7, children=27,28, improvement=0.011061
SRD step 600: evaluated 27 candidates, 1 promising, accepted 1
  Accepted SplitPatch(7) at patch 7, improvement=0.011061
  Total patches: 29, total adds: 24, total deletes: 15
  step 600/2000: loss=0.317171, patches=28
[SRD rewrite] deleted patch=28, position=(-1.416, -0.027, 2.444), reason=Area 0.001542 below minimum 0.01
[SRD rewrite] deleted patch=27, position=(-1.425, -0.219, 2.474), reason=Area 0.002991 below minimum 0.01
[SRD rewrite] deleted patch=8, position=(0.838, -0.595, -0.683), reason=Area 0.001556 below minimum 0.01
[SRD rewrite] added patch=26, position=(1.552, -0.451, -0.293), improvement=0.003396
[SRD rewrite] added patch=27, position=(1.378, 0.143, 1.118), improvement=0.003009
[SRD rewrite] added patch=28, position=(1.334, 0.145, -0.990), improvement=0.002436
SRD step 650: evaluated 27 candidates, 22 promising, accepted 6
  Accepted AddPatch at patch 26, improvement=0.003396
  Accepted AddPatch at patch 27, improvement=0.003009
  Accepted AddPatch at patch 28, improvement=0.002436
  Mandatory DeletePatch(8) at patch 8, reason=Area 0.001556 below minimum 0.01
  Mandatory DeletePatch(27) at patch 27, reason=Area 0.002991 below minimum 0.01
  Mandatory DeletePatch(28) at patch 28, reason=Area 0.001542 below minimum 0.01
  Total patches: 29, total adds: 27, total deletes: 18
  step 650/2000: loss=0.284771, patches=29
[SRD rewrite] deleted patch=28, position=(1.402, 0.174, -1.071), reason=Area 0.001154 below minimum 0.01
SRD step 700: evaluated 27 candidates, 0 promising, accepted 1
  Mandatory DeletePatch(28) at patch 28, reason=Area 0.001154 below minimum 0.01
  Total patches: 28, total adds: 27, total deletes: 19
  step 700/2000: loss=0.262169, patches=29
SRD step 750: evaluated 27 candidates, 0 promising, accepted 0
  Total patches: 28, total adds: 27, total deletes: 19
  step 750/2000: loss=0.257037, patches=28
SRD step 800: evaluated 27 candidates, 0 promising, accepted 0
  Total patches: 28, total adds: 27, total deletes: 19
  step 800/2000: loss=0.254727, patches=28
SRD step 850: evaluated 27 candidates, 0 promising, accepted 0
  Total patches: 28, total adds: 27, total deletes: 19
  step 850/2000: loss=0.261803, patches=28
SRD step 900: evaluated 27 candidates, 0 promising, accepted 0
  Total patches: 28, total adds: 27, total deletes: 19
  step 900/2000: loss=0.259931, patches=28
SRD step 950: evaluated 27 candidates, 0 promising, accepted 0
  Total patches: 28, total adds: 27, total deletes: 19
  step 950/2000: loss=0.259935, patches=28
SRD step 1000: evaluated 27 candidates, 0 promising, accepted 0
  Total patches: 28, total adds: 27, total deletes: 19
  step 1000/2000: loss=0.261207, patches=28
SRD step 1050: evaluated 27 candidates, 0 promising, accepted 0
  Total patches: 28, total adds: 27, total deletes: 19
  step 1050/2000: loss=0.258537, patches=28
SRD step 1100: evaluated 27 candidates, 0 promising, accepted 0
  Total patches: 28, total adds: 27, total deletes: 19
  step 1100/2000: loss=0.257830, patches=28
SRD step 1150: evaluated 27 candidates, 0 promising, accepted 0
  Total patches: 28, total adds: 27, total deletes: 19
  step 1150/2000: loss=0.253448, patches=28
SRD step 1200: evaluated 27 candidates, 0 promising, accepted 0
  Total patches: 28, total adds: 27, total deletes: 19
  step 1200/2000: loss=0.238670, patches=28
SRD step 1250: evaluated 27 candidates, 0 promising, accepted 0
  Total patches: 28, total adds: 27, total deletes: 19
  step 1250/2000: loss=0.233140, patches=28
SRD step 1300: evaluated 27 candidates, 0 promising, accepted 0
  Total patches: 28, total adds: 27, total deletes: 19
  step 1300/2000: loss=0.231079, patches=28
SRD step 1350: evaluated 27 candidates, 0 promising, accepted 0
  Total patches: 28, total adds: 27, total deletes: 19
  step 1350/2000: loss=0.218640, patches=28
SRD step 1400: evaluated 27 candidates, 0 promising, accepted 0
  Total patches: 28, total adds: 27, total deletes: 19
  step 1400/2000: loss=0.216376, patches=28
SRD step 1450: evaluated 27 candidates, 0 promising, accepted 0
  Total patches: 28, total adds: 27, total deletes: 19
  step 1450/2000: loss=0.205158, patches=28
SRD step 1500: evaluated 27 candidates, 0 promising, accepted 0
  Total patches: 28, total adds: 27, total deletes: 19
  step 1500/2000: loss=0.202661, patches=28
SRD step 1550: evaluated 27 candidates, 0 promising, accepted 0
  Total patches: 28, total adds: 27, total deletes: 19
  step 1550/2000: loss=0.195411, patches=28
SRD step 1600: evaluated 27 candidates, 0 promising, accepted 0
  Total patches: 28, total adds: 27, total deletes: 19
  step 1600/2000: loss=0.193632, patches=28
SRD step 1650: evaluated 27 candidates, 0 promising, accepted 0
  Total patches: 28, total adds: 27, total deletes: 19
  step 1650/2000: loss=0.188837, patches=28
SRD step 1700: evaluated 27 candidates, 0 promising, accepted 0
  Total patches: 28, total adds: 27, total deletes: 19
  step 1700/2000: loss=0.185139, patches=28
SRD step 1750: evaluated 27 candidates, 0 promising, accepted 0
  Total patches: 28, total adds: 27, total deletes: 19
  step 1750/2000: loss=0.185250, patches=28
SRD step 1800: evaluated 27 candidates, 0 promising, accepted 0
  Total patches: 28, total adds: 27, total deletes: 19
  step 1800/2000: loss=0.187567, patches=28
SRD step 1850: evaluated 27 candidates, 0 promising, accepted 0
  Total patches: 28, total adds: 27, total deletes: 19
  step 1850/2000: loss=0.182250, patches=28
SRD step 1900: evaluated 27 candidates, 0 promising, accepted 0
  Total patches: 28, total adds: 27, total deletes: 19
  step 1900/2000: loss=0.182377, patches=28
SRD step 1950: evaluated 27 candidates, 0 promising, accepted 0
  Total patches: 28, total adds: 27, total deletes: 19
  step 1950/2000: loss=0.177950, patches=28
SRD step 2000: evaluated 27 candidates, 0 promising, accepted 0
  Total patches: 28, total adds: 27, total deletes: 19
  step 2000/2000: loss=0.177264, patches=28
[SRD rewrite] deleted patch=2, position=(1.497, -2.196, 0.363), reason=final deletion pass improved loss
[Trial 2] done: loss=0.176763, time=10768.7s
[Trial 3/3] seed=2
[SRD rewrite] split patch=19, children=19,20, improvement=0.013925
[SRD rewrite] split patch=7, children=20,21, improvement=0.014700
[SRD rewrite] added patch=22, position=(0.062, 0.538, 0.400), improvement=0.013711
SRD step 50: evaluated 27 candidates, 27 promising, accepted 3
  Accepted SplitPatch(7) at patch 7, improvement=0.014700
  Accepted SplitPatch(19) at patch 19, improvement=0.013925
  Accepted AddPatch at patch 22, improvement=0.013711
  Total patches: 23, total adds: 3, total deletes: 0
  step 50/2000: loss=0.718851, patches=20
[SRD rewrite] deleted patch=21, position=(-1.904, -0.233, 0.408), reason=Area 0.000400 below minimum 0.01
[SRD rewrite] deleted patch=20, position=(-2.071, -0.268, 0.385), reason=Area 0.000917 below minimum 0.01
[SRD rewrite] deleted patch=19, position=(-1.779, 0.628, -2.349), reason=Area 0.001768 below minimum 0.01
[SRD rewrite] deleted patch=18, position=(-1.931, 0.466, -2.291), reason=Area 0.002484 below minimum 0.01
[SRD rewrite] added patch=19, position=(0.016, -0.907, 1.060), improvement=0.006234
[SRD rewrite] added patch=20, position=(0.892, 0.665, -0.189), improvement=0.005867
[SRD rewrite] added patch=21, position=(0.077, -0.641, -0.464), improvement=0.005486
SRD step 100: evaluated 27 candidates, 20 promising, accepted 7
  Accepted AddPatch at patch 19, improvement=0.006234
  Accepted AddPatch at patch 20, improvement=0.005867
  Accepted AddPatch at patch 21, improvement=0.005486
  Mandatory DeletePatch(18) at patch 18, reason=Area 0.002484 below minimum 0.01
  Mandatory DeletePatch(19) at patch 19, reason=Area 0.001768 below minimum 0.01
  Mandatory DeletePatch(20) at patch 20, reason=Area 0.000917 below minimum 0.01
  Mandatory DeletePatch(21) at patch 21, reason=Area 0.000400 below minimum 0.01
  Total patches: 22, total adds: 6, total deletes: 4
  step 100/2000: loss=0.612109, patches=23
[SRD rewrite] deleted patch=21, position=(0.077, -0.641, -0.464), reason=Area 0.009291 below minimum 0.01
[SRD rewrite] deleted patch=14, position=(-2.267, 0.676, 0.019), reason=Area 0.006848 below minimum 0.01
[SRD rewrite] split patch=5, children=19,20, improvement=0.004883
[SRD rewrite] added patch=21, position=(0.895, 0.506, -0.244), improvement=0.005168
[SRD rewrite] added patch=22, position=(-0.610, 0.812, -0.307), improvement=0.004926
SRD step 150: evaluated 27 candidates, 25 promising, accepted 5
  Accepted AddPatch at patch 21, improvement=0.005168
  Accepted AddPatch at patch 22, improvement=0.004926
  Accepted SplitPatch(5) at patch 5, improvement=0.004883
  Mandatory DeletePatch(14) at patch 14, reason=Area 0.006848 below minimum 0.01
  Mandatory DeletePatch(21) at patch 21, reason=Area 0.009291 below minimum 0.01
  Total patches: 23, total adds: 9, total deletes: 6
  step 150/2000: loss=0.554457, patches=22
[SRD rewrite] deleted patch=20, position=(-1.046, -0.553, -1.278), reason=Area 0.000816 below minimum 0.01
[SRD rewrite] deleted patch=19, position=(-0.919, -0.585, -1.247), reason=Area 0.002888 below minimum 0.01
[SRD rewrite] deleted patch=4, position=(-0.626, -0.324, -0.280), reason=Area 0.008742 below minimum 0.01
[SRD rewrite] added patch=20, position=(1.279, -0.350, -0.713), improvement=0.003105
[SRD rewrite] added patch=21, position=(-0.553, -0.005, -0.824), improvement=0.002280
[SRD rewrite] added patch=22, position=(-0.578, 0.735, 0.631), improvement=0.001176
SRD step 200: evaluated 27 candidates, 21 promising, accepted 6
  Accepted AddPatch at patch 20, improvement=0.003105
  Accepted AddPatch at patch 21, improvement=0.002280
  Accepted AddPatch at patch 22, improvement=0.001176
  Mandatory DeletePatch(4) at patch 4, reason=Area 0.008742 below minimum 0.01
  Mandatory DeletePatch(19) at patch 19, reason=Area 0.002888 below minimum 0.01
  Mandatory DeletePatch(20) at patch 20, reason=Area 0.000816 below minimum 0.01
  Total patches: 23, total adds: 12, total deletes: 9
  step 200/2000: loss=0.507359, patches=23
[SRD rewrite] added patch=23, position=(-0.579, -0.084, -0.791), improvement=0.004156
[SRD rewrite] added patch=24, position=(-0.691, -0.349, -1.367), improvement=0.004002
[SRD rewrite] added patch=25, position=(-1.663, 0.024, 1.085), improvement=0.003875
SRD step 250: evaluated 27 candidates, 24 promising, accepted 3
  Accepted AddPatch at patch 23, improvement=0.004156
  Accepted AddPatch at patch 24, improvement=0.004002
  Accepted AddPatch at patch 25, improvement=0.003875
  Total patches: 26, total adds: 15, total deletes: 9
  step 250/2000: loss=0.476215, patches=23
[SRD rewrite] deleted patch=25, position=(-1.708, -0.015, 1.088), reason=Area 0.004203 below minimum 0.01
[SRD rewrite] deleted patch=0, position=(1.703, -1.417, 0.781), reason=Area 0.004706 below minimum 0.01
[SRD rewrite] added patch=24, position=(-1.458, -0.388, -1.644), improvement=0.000373
[SRD rewrite] added patch=25, position=(-1.468, -0.670, -0.802), improvement=0.000283
[SRD rewrite] added patch=26, position=(0.809, 0.696, 0.803), improvement=0.000048
SRD step 300: evaluated 27 candidates, 3 promising, accepted 5
  Accepted AddPatch at patch 24, improvement=0.000373
  Accepted AddPatch at patch 25, improvement=0.000283
  Accepted AddPatch at patch 26, improvement=0.000048
  Mandatory DeletePatch(0) at patch 0, reason=Area 0.004706 below minimum 0.01
  Mandatory DeletePatch(25) at patch 25, reason=Area 0.004203 below minimum 0.01
  Total patches: 27, total adds: 18, total deletes: 11
  step 300/2000: loss=0.443482, patches=26
[SRD rewrite] added patch=27, position=(1.528, 0.401, 0.203), improvement=0.007711
[SRD rewrite] added patch=28, position=(1.017, -0.031, 0.813), improvement=0.006882
[SRD rewrite] added patch=29, position=(-1.369, -0.563, -0.950), improvement=0.006651
SRD step 350: evaluated 27 candidates, 26 promising, accepted 3
  Accepted AddPatch at patch 27, improvement=0.007711
  Accepted AddPatch at patch 28, improvement=0.006882
  Accepted AddPatch at patch 29, improvement=0.006651
  Total patches: 30, total adds: 21, total deletes: 11
  step 350/2000: loss=0.414245, patches=27
SRD step 400: evaluated 27 candidates, 0 promising, accepted 0
  Total patches: 30, total adds: 21, total deletes: 11
  step 400/2000: loss=0.366408, patches=30
SRD step 450: evaluated 27 candidates, 0 promising, accepted 0
  Total patches: 30, total adds: 21, total deletes: 11
  step 450/2000: loss=0.329566, patches=30
[SRD rewrite] added patch=30, position=(-0.386, -0.956, 1.192), improvement=0.002409
[SRD rewrite] added patch=31, position=(-0.573, 0.971, -1.159), improvement=0.001840
[SRD rewrite] added patch=32, position=(-0.472, -0.971, 1.174), improvement=0.001770
SRD step 500: evaluated 27 candidates, 20 promising, accepted 3
  Accepted AddPatch at patch 30, improvement=0.002409
  Accepted AddPatch at patch 31, improvement=0.001840
  Accepted AddPatch at patch 32, improvement=0.001770
  Total patches: 33, total adds: 24, total deletes: 11
  step 500/2000: loss=0.308409, patches=30
SRD step 550: evaluated 27 candidates, 0 promising, accepted 0
  Total patches: 33, total adds: 24, total deletes: 11
  step 550/2000: loss=0.281890, patches=33
[SRD rewrite] deleted patch=12, position=(0.824, -0.945, 1.592), reason=Area 0.007414 below minimum 0.01
[SRD rewrite] added patch=32, position=(-1.585, 1.173, -1.105), improvement=0.000465
[SRD rewrite] restored patch=33, position=(-2.071, -0.268, 0.385), improvement=0.000270
[SRD rewrite] added patch=34, position=(0.462, 0.807, 0.928), improvement=0.000155
SRD step 600: evaluated 27 candidates, 4 promising, accepted 4
  Accepted AddPatch at patch 32, improvement=0.000465
  Accepted RestorePatch(3) at patch 33, improvement=0.000270
  Accepted AddPatch at patch 34, improvement=0.000155
  Mandatory DeletePatch(12) at patch 12, reason=Area 0.007414 below minimum 0.01
  Total patches: 35, total adds: 27, total deletes: 12
  step 600/2000: loss=0.269605, patches=33
[SRD rewrite] deleted patch=34, position=(0.444, 0.776, 0.926), reason=Area 0.004327 below minimum 0.01
[SRD rewrite] deleted patch=33, position=(-1.938, -0.405, 0.384), reason=Area 0.000801 below minimum 0.01
SRD step 650: evaluated 27 candidates, 0 promising, accepted 2
  Mandatory DeletePatch(33) at patch 33, reason=Area 0.000801 below minimum 0.01
  Mandatory DeletePatch(34) at patch 34, reason=Area 0.004327 below minimum 0.01
  Total patches: 33, total adds: 27, total deletes: 14
  step 650/2000: loss=0.258540, patches=35
SRD step 700: evaluated 27 candidates, 0 promising, accepted 0
  Total patches: 33, total adds: 27, total deletes: 14
  step 700/2000: loss=0.257559, patches=33
SRD step 750: evaluated 27 candidates, 0 promising, accepted 0
  Total patches: 33, total adds: 27, total deletes: 14
  step 750/2000: loss=0.254038, patches=33
SRD step 800: evaluated 27 candidates, 0 promising, accepted 0
  Total patches: 33, total adds: 27, total deletes: 14
  step 800/2000: loss=0.250296, patches=33
SRD step 850: evaluated 27 candidates, 0 promising, accepted 0
  Total patches: 33, total adds: 27, total deletes: 14
  step 850/2000: loss=0.243900, patches=33
SRD step 900: evaluated 27 candidates, 0 promising, accepted 0
  Total patches: 33, total adds: 27, total deletes: 14
  step 900/2000: loss=0.241921, patches=33
SRD step 950: evaluated 27 candidates, 0 promising, accepted 0
  Total patches: 33, total adds: 27, total deletes: 14
  step 950/2000: loss=0.241173, patches=33
SRD step 1000: evaluated 27 candidates, 0 promising, accepted 0
  Total patches: 33, total adds: 27, total deletes: 14
  step 1000/2000: loss=0.237646, patches=33
SRD step 1050: evaluated 27 candidates, 0 promising, accepted 0
  Total patches: 33, total adds: 27, total deletes: 14
  step 1050/2000: loss=0.241543, patches=33
SRD step 1100: evaluated 27 candidates, 0 promising, accepted 0
  Total patches: 33, total adds: 27, total deletes: 14
  step 1100/2000: loss=0.239104, patches=33
SRD step 1150: evaluated 27 candidates, 0 promising, accepted 0
  Total patches: 33, total adds: 27, total deletes: 14
  step 1150/2000: loss=0.245973, patches=33
SRD step 1200: evaluated 27 candidates, 0 promising, accepted 0
  Total patches: 33, total adds: 27, total deletes: 14
  step 1200/2000: loss=0.262476, patches=33
SRD step 1250: evaluated 27 candidates, 0 promising, accepted 0
  Total patches: 33, total adds: 27, total deletes: 14
  step 1250/2000: loss=0.254303, patches=33
SRD step 1300: evaluated 27 candidates, 0 promising, accepted 0
  Total patches: 33, total adds: 27, total deletes: 14
  step 1300/2000: loss=0.249404, patches=33
[SRD rewrite] deleted patch=7, position=(-1.951, -0.187, 0.395), reason=Area 0.008377 below minimum 0.01
SRD step 1350: evaluated 27 candidates, 0 promising, accepted 1
  Mandatory DeletePatch(7) at patch 7, reason=Area 0.008377 below minimum 0.01
  Total patches: 32, total adds: 27, total deletes: 15
  step 1350/2000: loss=0.246906, patches=33
[SRD rewrite] deleted patch=27, position=(-1.673, -0.428, -1.433), reason=delete has no image effect
SRD step 1400: evaluated 27 candidates, 0 promising, accepted 1
  Mandatory DeletePatch(27) at patch 27, reason=delete has no image effect
  Total patches: 31, total adds: 27, total deletes: 16
  step 1400/2000: loss=0.232981, patches=32
SRD step 1450: evaluated 27 candidates, 0 promising, accepted 0
  Total patches: 31, total adds: 27, total deletes: 16
  step 1450/2000: loss=0.232234, patches=31
SRD step 1500: evaluated 27 candidates, 0 promising, accepted 0
  Total patches: 31, total adds: 27, total deletes: 16
  step 1500/2000: loss=0.229514, patches=31
SRD step 1550: evaluated 27 candidates, 0 promising, accepted 0
  Total patches: 31, total adds: 27, total deletes: 16
  step 1550/2000: loss=0.236204, patches=31
SRD step 1600: evaluated 27 candidates, 0 promising, accepted 0
  Total patches: 31, total adds: 27, total deletes: 16
  step 1600/2000: loss=0.257370, patches=31
SRD step 1650: evaluated 27 candidates, 0 promising, accepted 0
  Total patches: 31, total adds: 27, total deletes: 16
  step 1650/2000: loss=0.251777, patches=31
SRD step 1700: evaluated 27 candidates, 0 promising, accepted 0
  Total patches: 31, total adds: 27, total deletes: 16
  step 1700/2000: loss=0.260430, patches=31
SRD step 1750: evaluated 27 candidates, 0 promising, accepted 0
  Total patches: 31, total adds: 27, total deletes: 16
  step 1750/2000: loss=0.249608, patches=31
SRD step 1800: evaluated 27 candidates, 0 promising, accepted 0
  Total patches: 31, total adds: 27, total deletes: 16
  step 1800/2000: loss=0.248254, patches=31
SRD step 1850: evaluated 27 candidates, 0 promising, accepted 0
  Total patches: 31, total adds: 27, total deletes: 16
  step 1850/2000: loss=0.247636, patches=31
SRD step 1900: evaluated 27 candidates, 0 promising, accepted 0
  Total patches: 31, total adds: 27, total deletes: 16
  step 1900/2000: loss=0.250059, patches=31
SRD step 1950: evaluated 27 candidates, 0 promising, accepted 0
  Total patches: 31, total adds: 27, total deletes: 16
  step 1950/2000: loss=0.247355, patches=31
SRD step 2000: evaluated 27 candidates, 0 promising, accepted 0
  Total patches: 31, total adds: 27, total deletes: 16
  step 2000/2000: loss=0.242782, patches=31
[SRD rewrite] deleted patch=25, position=(0.695, -0.218, 1.999), reason=final deletion pass improved loss
[Trial 3] done: loss=0.229876, time=12199.9s
[Run] report written to results/slurm/20260717_1249/ablation_acm_scf_full/output.txt
